2026-01-01 02:13:54,438 - numexpr.utils - INFO - ℹ️ NumExpr defaulting to 8 threads.
2026-01-01 02:13:54,680 - DataQualityFramework - INFO - ℹ️ ✅ Comprehensive duplicate analyzer integrated
2026-01-01 02:13:54,681 - DataQualityFramework - INFO - ℹ️ 🔧 Unified Data Quality Framework initialized (singleton)
[2026-01-01 02:13:54.681] PERFORMANCE: DataQualityFramework initialization took 0.000s
2026-01-01 02:13:54,681 - System.tprint - INFO - ℹ️ DataQualityFramework initialization took 0.000s
2026-01-01 02:13:55,406 - System.AdvancedQualityMetrics - INFO - ℹ️ 📊 AdvancedQualityMetrics initialized with tolerant parameters
[2026-01-01 02:13:55.406] PERFORMANCE: AdvancedQualityMetrics initialization took 0.000s
2026-01-01 02:13:55,406 - System.tprint - INFO - ℹ️ AdvancedQualityMetrics initialization took 0.000s
2026-01-01 02:13:55,409 - DataCleaner - INFO - ℹ️ Using klines-specific gap thresholds: {<GapType.SMALL: 'small'>: 65, <GapType.MEDIUM: 'medium'>: 300, <GapType.LARGE: 'large'>: 1800, <GapType.CRITICAL: 'critical'>: 3600}
[2026-01-01 02:13:55.409] PERFORMANCE: DataCleaner(klines) initialization took 0.000s
2026-01-01 02:13:55,409 - System.tprint - INFO - ℹ️ DataCleaner(klines) initialization took 0.000s
2026-01-01 02:13:55,409 - DataCleaner - INFO - ℹ️ Using klines-specific gap thresholds: {<GapType.SMALL: 'small'>: 65, <GapType.MEDIUM: 'medium'>: 300, <GapType.LARGE: 'large'>: 1800, <GapType.CRITICAL: 'critical'>: 3600}
[2026-01-01 02:13:55.409] PERFORMANCE: DataCleaner(klines) initialization took 0.000s
2026-01-01 02:13:55,409 - System.tprint - INFO - ℹ️ DataCleaner(klines) initialization took 0.000s
2026-01-01 02:13:55,409 - DataCleanerManager - INFO - ℹ️ 🔧 DataCleanerManager initialized (singleton)
[2026-01-01 02:13:55.506] DEBUG: 🔧 [features_common.utils] Initializing common utilities module
[2026-01-01 02:13:55.506] SUCCESS: ✅ [features_common.utils] Math validation utilities loaded
2026-01-01 02:13:55,506 - System.tprint - INFO - ℹ️ ✅ [features_common.utils] Math validation utilities loaded
[2026-01-01 02:13:55.506] DEBUG: 🔧 [features_common.utils] Common utilities module initialized
2026-01-01 02:13:58,433 - src.utils.hardware.m1_gpu_utils.M1GPUManager - INFO - ℹ️ M1 GPU Manager initialized - M1: True, Generation: m1, MPS: True
2026-01-01 02:13:58,452 - src.utils.hardware.m1_cpu_optimizer.M1CPUOptimizer - INFO - ℹ️ 🧠 M1 CPU Optimizer initialized for M1 (4P+4E cores)
[2026-01-01 02:13:58.853] DEBUG: 🔧 [transforms] Module initialized with 14 exports
2026-01-01 02:13:58,853 - src.features_common.backward_compatibility - INFO - ℹ️ Backward compatibility ensured for features_common
[2026-01-01 02:13:58.854] DEBUG: 🔧 [optimization] Module initialized with 6 exports
[2026-01-01 02:13:58.854] DEBUG: 🔧 [registry] Module initialized with BaseFeatureRegistry
[2026-01-01 02:13:58.857] DEBUG: 🚀 [features_common] Enhanced module initialized with 59 exports
[2026-01-01 02:13:58.857] SUCCESS: ✅ [features_common] All optimizations enabled by default
2026-01-01 02:13:58,857 - System.tprint - INFO - ℹ️ ✅ [features_common] All optimizations enabled by default
[2026-01-01 02:13:58.857] INFO: 🔧 [features_common] VectorBT integration available
2026-01-01 02:13:58,857 - System.tprint - INFO - ℹ️ 🔧 [features_common] VectorBT integration available
[2026-01-01 02:13:58.857] PERFORMANCE: 📊 [features_common] Performance monitoring enabled
2026-01-01 02:13:58,857 - System.tprint - INFO - ℹ️ 📊 [features_common] Performance monitoring enabled
[2026-01-01 02:13:58.857] WARNING: 💾 [features_common] Intelligent caching active
2026-01-01 02:13:58,858 - System.tprint - WARNING - ⚠️ 💾 [features_common] Intelligent caching active
2026-01-01 02:13:58,858 - System.DataStreamingManager - INFO - ℹ️ 🚀 DataStreamingManager initialized (singleton): chunk_size=10000, memory_threshold=0.8
[2026-01-01 02:13:58.857] PERFORMANCE: DataStreamingManager initialization took 0.000s
2026-01-01 02:13:58,858 - System.tprint - INFO - ℹ️ DataStreamingManager initialization took 0.000s
2026-01-01 02:13:58,881 - System.EvaluationUtils - INFO - ℹ️ EvaluationUtils delegating core metric computation to unified_evaluator
[2026-01-01 02:13:58.892] ✅ Custom logger available for MLCommon.ConfidenceMetrics
2026-01-01 02:13:58,892 - System.tprint - INFO - ℹ️ ✅ Custom logger available for MLCommon.ConfidenceMetrics
[2026-01-01 02:13:58.893] ✅ Custom logger available for MLCommon.ModelExplanations
2026-01-01 02:13:58,893 - System.tprint - INFO - ℹ️ ✅ Custom logger available for MLCommon.ModelExplanations
2026-01-01 02:13:59,552 - MLCommon.ModelExplanations - INFO - ℹ️ LIME library available - LIME explanations enabled
[2026-01-01 02:13:59.553] ✅ Custom logger available for MLCommon.ModelRegistry
2026-01-01 02:13:59,554 - System.tprint - INFO - ℹ️ ✅ Custom logger available for MLCommon.ModelRegistry
[2026-01-01 02:13:59.556] ✅ Custom logger available for MLCommon.ModelExplainability
2026-01-01 02:13:59,556 - System.tprint - INFO - ℹ️ ✅ Custom logger available for MLCommon.ModelExplainability
[2026-01-01 02:13:59.647] ✅ Custom logger available for MLCommon.CV
2026-01-01 02:13:59,647 - System.tprint - INFO - ℹ️ ✅ Custom logger available for MLCommon.CV
2026-01-01 02:13:59,651 - src.utils.ml_common.validation.enhanced_validation - INFO - ℹ️ ✅ Enhanced Validation initialized
[2026-01-01 02:13:59.654] ✅ Custom logger available for MLCommon.ValidationUtils
2026-01-01 02:13:59,655 - System.tprint - INFO - ℹ️ ✅ Custom logger available for MLCommon.ValidationUtils
[2026-01-01 02:13:59.661] ✅ Custom logger available for MLCommon.HPOUtils
2026-01-01 02:13:59,661 - System.tprint - INFO - ℹ️ ✅ Custom logger available for MLCommon.HPOUtils
2026-01-01 02:13:59,767 - src.utils.matrix_operations.enhanced_operations.CustomMatrixOperationsRegistry - INFO - ℹ️ 📝 Registered custom matrix operation: gpu_condition_number
2026-01-01 02:13:59,767 - src.utils.matrix_operations.enhanced_operations.CustomMatrixOperationsRegistry - INFO - ℹ️ 📝 Registered custom matrix operation: gpu_matrix_rank
2026-01-01 02:13:59,768 - src.utils.matrix_operations.enhanced_operations.CustomMatrixOperationsRegistry - INFO - ℹ️ 📝 Registered custom matrix operation: matrix_normalize
2026-01-01 02:13:59,768 - src.utils.matrix_operations.enhanced_operations.CustomMatrixOperationsRegistry - INFO - ℹ️ 📝 Registered custom matrix operation: extract_matrix_features
2026-01-01 02:13:59,770 - src.utils.matrix_operations - INFO - ℹ️ ✅ Unified Matrix Operations module initialized
2026-01-01 02:13:59,771 - src.utils.matrix_operations - INFO - ℹ️ 📦 Version: 1.0.0
2026-01-01 02:13:59,771 - src.utils.matrix_operations - INFO - ℹ️ 🔧 Features: VectorBT optimizations, GPU acceleration, memory optimization, vectorized processing, batch operations
2026-01-01 02:13:59,771 - src.utils.matrix_operations - INFO - ℹ️ 🍎 Optimized for: Apple Silicon M1/M2/M3 Macs
2026-01-01 02:13:59,771 - src.utils.matrix_operations - INFO - ℹ️ 🚀 VectorBT optimizations enabled - expect 2-10x performance improvements
2026-01-01 02:13:59,771 - src.utils.matrix_operations - INFO - ℹ️ 🎯 VectorBTRollingOptimizer available - enhanced rolling operations
2026-01-01 02:13:59,771 - src.utils.matrix_operations - INFO - ℹ️ ⚡ UnifiedVectorizationManager available - unified vectorization operations
2026-01-01 02:13:59,772 - System.ComplementaryLookbackOptimizer - INFO - ℹ️ ✅ Detected VectorBT v0.28.1
2026-01-01 02:13:59,778 - src.feature_generation.utils.feature_generation_optimization - INFO - ℹ️ ✅ VectorBT available for feature optimization
2026-01-01 02:13:59,794 - src.feature_generation.core.feature_registry.FeatureRegistry - INFO - ℹ️ FeatureRegistry initialized
[2026-01-01 02:13:59.794] 🔧 Initializing AutoOptimizationConfig...
2026-01-01 02:13:59,794 - System.tprint - INFO - ℹ️ 🔧 Initializing AutoOptimizationConfig...
[2026-01-01 02:13:59.794] 📝 Setting up conservative optimization settings...
2026-01-01 02:13:59,794 - System.tprint - INFO - ℹ️ 📝 Setting up conservative optimization settings...
[2026-01-01 02:13:59.794] ✅ Conservative settings configured
2026-01-01 02:13:59,794 - System.tprint - INFO - ℹ️ ✅ Conservative settings configured
[2026-01-01 02:13:59.794] 📝 Setting up balanced optimization settings...
2026-01-01 02:13:59,794 - System.tprint - INFO - ℹ️ 📝 Setting up balanced optimization settings...
[2026-01-01 02:13:59.794] ✅ Balanced settings configured
2026-01-01 02:13:59,794 - System.tprint - INFO - ℹ️ ✅ Balanced settings configured
[2026-01-01 02:13:59.794] 📝 Setting up aggressive optimization settings...
2026-01-01 02:13:59,794 - System.tprint - INFO - ℹ️ 📝 Setting up aggressive optimization settings...
[2026-01-01 02:13:59.794] ✅ Aggressive settings configured
2026-01-01 02:13:59,794 - System.tprint - INFO - ℹ️ ✅ Aggressive settings configured
[2026-01-01 02:13:59.794] 🎯 AutoOptimizationConfig initialized with balanced strategy
2026-01-01 02:13:59,794 - System.tprint - INFO - ℹ️ 🎯 AutoOptimizationConfig initialized with balanced strategy
[2026-01-01 02:13:59.794] ✅ Auto-optimization enabled for FeatureBank (default)
2026-01-01 02:13:59,795 - System.tprint - INFO - ℹ️ ✅ Auto-optimization enabled for FeatureBank (default)
2026-01-01 02:13:59,795 - src.feature_generation.utils.memory_pool_optimizer.MemoryPoolOptimizer - INFO - ℹ️ Memory pool optimizer initialized
2026-01-01 02:13:59,795 - src.utils.hardware.m1_memory_optimizer.M1MemoryOptimizer - INFO - ℹ️ 🧠 Memory limit set to 8.0 GB (8589934592.0 bytes)
2026-01-01 02:13:59,820 - src.utils.hardware.m1_memory_optimizer.M1MemoryOptimizer - INFO - ℹ️ 🧠 M1 Memory Optimizer initialized for M1
2026-01-01 02:13:59,821 - src.utils.hardware.unified_hardware_manager.UnifiedHardwareManager - INFO - ℹ️ 🔧 Unified Hardware Manager initialized
2026-01-01 02:13:59,821 - src.utils.hardware.unified_hardware_manager.HardwarePerformanceMonitor - INFO - ℹ️ 🔍 Hardware performance monitoring started
2026-01-01 02:13:59,973 - src.utils.hardware.m1_memory_optimizer.M1MemoryOptimizer - INFO - ℹ️ 🧠 M1 memory monitoring started
2026-01-01 02:13:59,973 - src.utils.hardware.m1_memory_optimizer.M1MemoryOptimizer - INFO - ℹ️ 🧹 Moderate cleanup: 14 objects collected
2026-01-01 02:13:59,973 - src.utils.hardware.unified_hardware_manager.UnifiedHardwareManager - INFO - ℹ️ ✅ Unified Hardware Manager fully initialized
2026-01-01 02:13:59,973 - src.utils.hardware.unified_hardware_manager.UnifiedHardwareManager - INFO - ℹ️ 🎯 Optimizing for feature_engineering workload (balanced)
2026-01-01 02:13:59,976 - src.utils.ml_common.hardware_singleton - INFO - ℹ️ 🔍 Detecting hardware capabilities (one-time detection)...
2026-01-01 02:13:59,976 - src.utils.ml_common.hardware_singleton - INFO - ℹ️ ✅ Hardware detection complete: {'cpu_cores': 8, 'gpu_available': True, 'gpu_type': 'mps', 'memory_gb': 16.0, 'mps_available': True, 'gpu_memory_gb': None}
[2026-01-01 02:13:59.976] 🚀 Initializing Unified Vectorization Manager...
2026-01-01 02:13:59,976 - System.tprint - INFO - ℹ️ 🚀 Initializing Unified Vectorization Manager...
[2026-01-01 02:13:59.976] 🔄 Initializing optimization components...
2026-01-01 02:13:59,976 - System.tprint - INFO - ℹ️ 🔄 Initializing optimization components...
[2026-01-01 02:13:59.976] 🔄 Initializing optimization components...
2026-01-01 02:13:59,976 - System.tprint - INFO - ℹ️ 🔄 Initializing optimization components...
[2026-01-01 02:13:59.976] 🔄 Loading VectorBTRollingOptimizer...
2026-01-01 02:13:59,977 - System.tprint - INFO - ℹ️ 🔄 Loading VectorBTRollingOptimizer...
[2026-01-01 02:13:59.976] ✅ VectorBTRollingOptimizer loaded
2026-01-01 02:13:59,977 - System.tprint - INFO - ℹ️ ✅ VectorBTRollingOptimizer loaded
[2026-01-01 02:13:59.976] 🔄 Loading vectorized backtesting...
2026-01-01 02:13:59,977 - System.tprint - INFO - ℹ️ 🔄 Loading vectorized backtesting...
2026-01-01 02:13:59,978 - System.VectorizedBacktestingEngine - INFO - ℹ️ ✅ Vectorized Backtesting Engine initialized successfully
[2026-01-01 02:13:59.978] ✅ Vectorized backtesting loaded
2026-01-01 02:13:59,978 - System.tprint - INFO - ℹ️ ✅ Vectorized backtesting loaded
[2026-01-01 02:13:59.978] 🔄 Loading VectorBT backtesting engine...
2026-01-01 02:13:59,978 - System.tprint - INFO - ℹ️ 🔄 Loading VectorBT backtesting engine...
2026-01-01 02:13:59,979 - System.VectorBTBacktestingEngine - INFO - ℹ️ ✅ VectorBT Backtesting Engine initialized successfully
[2026-01-01 02:13:59.979] ✅ VectorBT backtesting engine loaded
2026-01-01 02:13:59,979 - System.tprint - INFO - ℹ️ ✅ VectorBT backtesting engine loaded
[2026-01-01 02:13:59.979] 🔄 Loading VectorBT financial metrics...
2026-01-01 02:13:59,979 - System.tprint - INFO - ℹ️ 🔄 Loading VectorBT financial metrics...
2026-01-01 02:13:59,981 - src.utils.ml_common.vectorbt_financial_metrics - INFO - ℹ️ ✅ VectorBT Financial Metrics initialized
2026-01-01 02:13:59,981 - src.utils.ml_common.vectorbt_financial_metrics - INFO - ℹ️ 📊 Risk-free rate: 2.00%
2026-01-01 02:13:59,981 - src.utils.ml_common.vectorbt_financial_metrics - INFO - ℹ️ 📊 Annualization factor: 252
2026-01-01 02:13:59,981 - src.utils.ml_common.vectorbt_financial_metrics - INFO - ℹ️ 📊 Regime analysis: True
[2026-01-01 02:13:59.981] ✅ VectorBT financial metrics loaded
2026-01-01 02:13:59,981 - System.tprint - INFO - ℹ️ ✅ VectorBT financial metrics loaded
[2026-01-01 02:13:59.981] 🔄 Loading VectorBT portfolio optimization...
2026-01-01 02:13:59,981 - System.tprint - INFO - ℹ️ 🔄 Loading VectorBT portfolio optimization...
2026-01-01 02:13:59,985 - src.utils.ml_common.vectorbt_memory_manager.VectorBTMemoryManager - INFO - ℹ️ ✅ VectorBT Memory Manager initialized
2026-01-01 02:13:59,985 - src.utils.ml_common.vectorbt_memory_manager.VectorBTMemoryManager - INFO - ℹ️ 📊 Total system memory: 16.00GB
2026-01-01 02:13:59,985 - src.utils.ml_common.vectorbt_memory_manager.VectorBTMemoryManager - INFO - ℹ️ 📊 Available memory: 3.39GB
2026-01-01 02:13:59,985 - src.utils.ml_common.vectorbt_memory_manager.VectorBTMemoryManager - INFO - ℹ️ 📊 Max allocated memory: 8.00GB
2026-01-01 02:13:59,985 - src.utils.ml_common.vectorbt_performance_monitor.VectorBTPerformanceMonitor - INFO - ℹ️ ✅ VectorBT Performance Monitor initialized
2026-01-01 02:13:59,985 - src.utils.ml_common.vectorbt_performance_monitor.VectorBTPerformanceMonitor - INFO - ℹ️ 📊 Monitoring enabled: timing=True, memory=True, gpu=True
2026-01-01 02:13:59,985 - src.utils.ml_common.vectorbt_portfolio_optimization - INFO - ℹ️ ✅ VectorBT Portfolio Optimizer initialized
2026-01-01 02:13:59,985 - src.utils.ml_common.vectorbt_portfolio_optimization - INFO - ℹ️ 📊 Method: mean_variance
2026-01-01 02:13:59,985 - src.utils.ml_common.vectorbt_portfolio_optimization - INFO - ℹ️ 📊 Rebalancing: monthly
2026-01-01 02:13:59,985 - src.utils.ml_common.vectorbt_portfolio_optimization - INFO - ℹ️ 📊 Risk aversion: 1.0
2026-01-01 02:13:59,985 - src.utils.ml_common.vectorbt_portfolio_optimization - INFO - ℹ️ 📊 Memory manager: 3.39GB available
[2026-01-01 02:13:59.986] ✅ VectorBT portfolio optimization loaded
2026-01-01 02:13:59,986 - System.tprint - INFO - ℹ️ ✅ VectorBT portfolio optimization loaded
[2026-01-01 02:13:59.986] 🔄 Loading matrix cross-validation...
2026-01-01 02:13:59,986 - System.tprint - INFO - ℹ️ 🔄 Loading matrix cross-validation...
2026-01-01 02:13:59,986 - src.utils.hardware.m1_memory_optimizer - INFO - ℹ️ 🧠 M1 Memory Optimizer initialized for M1
2026-01-01 02:14:00,008 - src.utils.hardware.m1_memory_optimizer.M1MemoryOptimizer - INFO - ℹ️ 🧠 M1 Memory Optimizer initialized for M1
2026-01-01 02:14:00,559 - src.feature_generation.core.vectorbt_batch_processor - INFO - ℹ️ VectorBTBatchProcessor initialized: VectorBT=True, GPU=False, Parallel=True
2026-01-01 02:14:00,559 - src.feature_generation.utils.unified_vectorization_manager - INFO - ℹ️ UnifiedVectorizationManager initialized: VectorBT=True, GPU=False, Memory=True
2026-01-01 02:14:00,559 - src.utils.matrix_operations.unified_operations.UnifiedMatrixOperations - INFO - ℹ️ 📊 GPU: False, Memory Opt: False, Parallel: False
2026-01-01 02:14:00,559 - src.utils.ml_common.matrix_cross_validation - INFO - ℹ️ 🚀 VectorBT configured for cross-validation optimization
2026-01-01 02:14:00,559 - src.utils.ml_common.matrix_cross_validation - INFO - ℹ️ ✅ Matrix-based cross-validator initialized
2026-01-01 02:14:00,559 - src.utils.ml_common.matrix_cross_validation - INFO - ℹ️ 📊 Configuration - Splits: 5, GPU: True, VectorBT: True
[2026-01-01 02:14:00.559] ✅ Matrix cross-validation loaded
2026-01-01 02:14:00,559 - System.tprint - INFO - ℹ️ ✅ Matrix cross-validation loaded
[2026-01-01 02:14:00.559] 🔄 Loading feature importance analyzer...
2026-01-01 02:14:00,560 - System.tprint - INFO - ℹ️ 🔄 Loading feature importance analyzer...
2026-01-01 02:14:00,577 - src.utils.ml_common.utils.memory_integration - INFO - ℹ️ 🔗 Integrating memory skimming with all ML utilities
2026-01-01 02:14:00,577 - src.utils.ml_common.utils.memory_integration - INFO - ℹ️ ✅ Successfully imported HPO utilities (direct import)
2026-01-01 02:14:00,577 - src.utils.ml_common.utils.memory_integration - INFO - ℹ️ ✅ Memory skimming integrated with HPO utilities
2026-01-01 02:14:00,577 - src.utils.ml_common.utils.memory_integration - INFO - ℹ️ ✅ Successfully imported Unified CV utilities
2026-01-01 02:14:00,577 - src.utils.ml_common.utils.memory_integration - INFO - ℹ️ ✅ Memory skimming integrated with Unified CV utilities
2026-01-01 02:14:00,578 - src.utils.ml_common.utils.memory_integration - INFO - ℹ️ ✅ Memory skimming integrated with lookahead protection utilities
2026-01-01 02:14:00,578 - src.utils.ml_common.utils.memory_integration - INFO - ℹ️ Skipping model evaluation memory integration (deprecated)
2026-01-01 02:14:00,579 - src.utils.ml_common.utils.memory_integration - INFO - ℹ️ ✅ Successfully imported feature selection utilities
2026-01-01 02:14:00,579 - src.utils.ml_common.utils.memory_integration - INFO - ℹ️ ✅ Memory skimming integrated with feature selection utilities
2026-01-01 02:14:00,580 - src.utils.ml_common.utils.memory_integration - INFO - ℹ️ ✅ Successfully imported data quality utilities
2026-01-01 02:14:00,580 - src.utils.ml_common.utils.memory_integration - INFO - ℹ️ ✅ Memory skimming integrated with data quality utilities
2026-01-01 02:14:00,580 - src.utils.ml_common.utils.memory_integration - INFO - ℹ️ ✅ Memory skimming integration completed: 6/6 successful
[2026-01-01 02:14:00.580] ✅ Custom logger available for MLCommon.ThreadGuard
2026-01-01 02:14:00,580 - System.tprint - INFO - ℹ️ ✅ Custom logger available for MLCommon.ThreadGuard
[2026-01-01 02:14:00.580] ✅ threadpoolctl available for thread management
2026-01-01 02:14:00,580 - System.tprint - INFO - ℹ️ ✅ threadpoolctl available for thread management
[2026-01-01 02:14:00.580] ✅ Custom logger available for MLCommon.BaseSafeguards
2026-01-01 02:14:00,581 - System.tprint - INFO - ℹ️ ✅ Custom logger available for MLCommon.BaseSafeguards
[2026-01-01 02:14:00.584] ✅ Scikit-learn available for thresholding functionality
2026-01-01 02:14:00,584 - System.tprint - INFO - ℹ️ ✅ Scikit-learn available for thresholding functionality
[2026-01-01 02:14:00.584] ✅ Custom logger available for FeatureSelection.BaseFramework
2026-01-01 02:14:00,584 - System.tprint - INFO - ℹ️ ✅ Custom logger available for FeatureSelection.BaseFramework
[2026-01-01 02:14:00.584] ✅ Custom logger available for FeatureSelection.DataValidation
2026-01-01 02:14:00,585 - System.tprint - INFO - ℹ️ ✅ Custom logger available for FeatureSelection.DataValidation
[2026-01-01 02:14:00.586] ✅ Vectorization utilities available for feature selection
2026-01-01 02:14:00,586 - System.tprint - INFO - ℹ️ ✅ Vectorization utilities available for feature selection
[2026-01-01 02:14:00.586] ✅ Custom logger available for FeatureSelection.SelectionMethods
2026-01-01 02:14:00,587 - System.tprint - INFO - ℹ️ ✅ Custom logger available for FeatureSelection.SelectionMethods
[2026-01-01 02:14:00.645] ✅ Custom logger available for FeatureSelection.StabilityAnalysis
2026-01-01 02:14:00,645 - System.tprint - INFO - ℹ️ ✅ Custom logger available for FeatureSelection.StabilityAnalysis
[2026-01-01 02:14:00.646] ✅ Custom logger available for FeatureSelection.PerformanceMonitoring
2026-01-01 02:14:00,646 - System.tprint - INFO - ℹ️ ✅ Custom logger available for FeatureSelection.PerformanceMonitoring
[2026-01-01 02:14:00.648] ✅ Custom logger available for FeatureSelection.QualityMetrics
2026-01-01 02:14:00,648 - System.tprint - INFO - ℹ️ ✅ Custom logger available for FeatureSelection.QualityMetrics
[2026-01-01 02:14:00.649] ✅ Custom logger available for FeatureSelection.TemporalAnalysis
2026-01-01 02:14:00,649 - System.tprint - INFO - ℹ️ ✅ Custom logger available for FeatureSelection.TemporalAnalysis
[2026-01-01 02:14:00.649] ✅ Custom logger available for FeatureSelection.CausalAnalysis
2026-01-01 02:14:00,650 - System.tprint - INFO - ℹ️ ✅ Custom logger available for FeatureSelection.CausalAnalysis
[2026-01-01 02:14:00.654] ✅ Custom logger available for FeatureSelection.MainFramework
2026-01-01 02:14:00,654 - System.tprint - INFO - ℹ️ ✅ Custom logger available for FeatureSelection.MainFramework
[2026-01-01 02:14:00.685] 🔍 FeatureImportanceAnalyzer initialized with methods: ['random_forest', 'lasso', 'mutual_info']
2026-01-01 02:14:00,686 - System.tprint - INFO - ℹ️ 🔍 FeatureImportanceAnalyzer initialized with methods: ['random_forest', 'lasso', 'mutual_info']
[2026-01-01 02:14:00.685] ✅ Feature importance analyzer loaded
2026-01-01 02:14:00,686 - System.tprint - INFO - ℹ️ ✅ Feature importance analyzer loaded
[2026-01-01 02:14:00.685] 🔄 Loading technical indicators...
2026-01-01 02:14:00,686 - System.tprint - INFO - ℹ️ 🔄 Loading technical indicators...
2026-01-01 02:14:00,687 - src.feature_generation.utils.feature_generators - INFO - ℹ️ ✅ TA-Lib available for enhanced technical indicators
2026-01-01 02:14:00,687 - src.feature_generation.utils.feature_generators - INFO - ℹ️ Using fallback implementations for feature selection tools
2026-01-01 02:14:00,712 - src.utils.hardware.m1_memory_optimizer.M1MemoryOptimizer - INFO - ℹ️ 🧠 M1 Memory Optimizer initialized for M1
2026-01-01 02:14:00,713 - src.feature_generation.utils.feature_generators.FeatureGenerators - INFO - ℹ️ ✅ Hardware optimization initialized
2026-01-01 02:14:00,713 - src.feature_generation.utils.feature_generators.FeatureGenerators - INFO - ℹ️ ✅ Matrix operations available for vectorization
[2026-01-01 02:14:00.713] ✅ Technical indicators loaded
2026-01-01 02:14:00,713 - System.tprint - INFO - ℹ️ ✅ Technical indicators loaded
[2026-01-01 02:14:00.713] ℹ️ HMM operations deprecated - using alternative methods
2026-01-01 02:14:00,713 - System.tprint - INFO - ℹ️ HMM operations deprecated - using alternative methods
[2026-01-01 02:14:00.713] ✅ Component initialization completed
2026-01-01 02:14:00,713 - System.tprint - INFO - ℹ️ ✅ Component initialization completed
[2026-01-01 02:14:00.713] 🔄 Setting up performance tracking...
2026-01-01 02:14:00,713 - System.tprint - INFO - ℹ️ 🔄 Setting up performance tracking...
[2026-01-01 02:14:00.713] ✅ Unified Vectorization Manager initialized
2026-01-01 02:14:00,713 - System.tprint - INFO - ℹ️ ✅ Unified Vectorization Manager initialized
2026-01-01 02:14:00,713 - src.utils.ml_common.unified_vectorization_manager - INFO - ℹ️ ✅ Unified Vectorization Manager initialized
2026-01-01 02:14:00,714 - src.feature_generation.utils.feature_generation_optimization.FeatureGenerationOptimizer - INFO - ℹ️ 🚀 Initializing FeatureGenerationOptimizer...
2026-01-01 02:14:00,714 - src.feature_generation.utils.feature_generation_optimization.FeatureGenerationOptimizer - INFO - ℹ️ 📊 Configuration loaded: cross_validation
2026-01-01 02:14:00,714 - src.feature_generation.utils.feature_generation_optimization.FeatureGenerationOptimizer - INFO - ℹ️ ✅ FeatureGenerationOptimizer initialized in 0.000s
2026-01-01 02:14:00,714 - src.feature_generation.utils.feature_generation_optimization.FeatureGenerationOptimizer - INFO - ℹ️ 📊 Min lookback: 5, Max lookback: 252
2026-01-01 02:14:00,714 - src.feature_generation.utils.feature_generation_optimization.FeatureGenerationOptimizer - INFO - ℹ️ 📊 CV folds: 3, Parallel processing: True
2026-01-01 02:14:00,714 - src.utils.parallel_processing_optimizer - INFO - ℹ️ 🍎 Detected Apple Silicon - applying M1-specific limits
2026-01-01 02:14:00,714 - src.utils.parallel_processing_optimizer - INFO - ℹ️ 🔧 Initialized MacM1ParallelOptimizer:
2026-01-01 02:14:00,714 - src.utils.parallel_processing_optimizer - INFO - ℹ️    Max workers: 4
2026-01-01 02:14:00,715 - src.utils.parallel_processing_optimizer - INFO - ℹ️    Chunk size: 1000
2026-01-01 02:14:00,715 - src.utils.parallel_processing_optimizer - INFO - ℹ️    Pool type: Process
2026-01-01 02:14:00,715 - src.utils.parallel_processing_optimizer - INFO - ℹ️    Memory limit per worker: 4096 MB
2026-01-01 02:14:00,715 - src.utils.parallel_processing_optimizer - INFO - ℹ️    M1 Mac detected: True
2026-01-01 02:14:00,715 - src.feature_generation.utils.optimization.lookback_optimizer.LookbackOptimizer - INFO - ℹ️ ✅ Legacy optimization system available
2026-01-01 02:14:00,715 - src.feature_generation.utils.optimization.lookback_optimizer.LookbackOptimizer - INFO - ℹ️ ✅ LookbackOptimizer initialized
2026-01-01 02:14:00,715 - src.feature_generation.core.feature_bank.FeatureBank - INFO - ℹ️ ✅ Regular lookback optimization enabled (Analyst mode)
[2026-01-01 02:14:00.715] ✅ FeatureBank set as global instance
2026-01-01 02:14:00,715 - System.tprint - INFO - ℹ️ ✅ FeatureBank set as global instance
[2026-01-01 02:14:00.715] 🔧 Auto-registering feature generators...
2026-01-01 02:14:00,715 - System.tprint - INFO - ℹ️ 🔧 Auto-registering feature generators...
[2026-01-01 02:14:00.715] 🔧 Configuring lazy loading for feature generators...
2026-01-01 02:14:00,716 - System.tprint - INFO - ℹ️ 🔧 Configuring lazy loading for feature generators...
[2026-01-01 02:14:00.715] ✅ Registered lazy loaders for 16 categories. Generators will be created on demand.
2026-01-01 02:14:00,716 - System.tprint - INFO - ℹ️ ✅ Registered lazy loaders for 16 categories. Generators will be created on demand.
2026-01-01 02:14:00,716 - src.feature_generation.core.feature_bank.FeatureBank - INFO - ℹ️ ✅ FeatureBank initialized
2026-01-01 02:14:00,716 - src.feature_generation.core.feature_bank.FeatureBank - INFO - ℹ️ 📊 Matrix ops: True, GPU: True, Lookback opt: True
2026-01-01 02:14:00,717 - src.feature_generation - INFO - ℹ️ ✅ Unified Feature Generation System initialized
2026-01-01 02:14:00,717 - src.feature_generation - INFO - ℹ️ 📦 Version: 2.0.0
2026-01-01 02:14:00,717 - src.feature_generation - INFO - ℹ️ 🔧 Features: Category-based organization, advanced utilities, optimization
2026-01-01 02:14:00,717 - src.feature_generation - INFO - ℹ️ 🍎 Optimized for: Apple Silicon M1/M2/M3 Macs
2026-01-01 02:14:00,717 - src.feature_generation - INFO - ℹ️ 🚀 Advanced utilities available (optimization, analysis, etc.)
2026-01-01 02:14:00,717 - src.feature_generation - INFO - ℹ️ ⚡ VectorBT optimizations available (advanced volatility, volume, batch processing)
2026-01-01 02:14:00,717 - MLCommon.HPOUtils - INFO - ℹ️ ✅ VectorBT optimization available
2026-01-01 02:14:00,717 - MLCommon.HPOUtils - INFO - ℹ️ 🚀 Initializing Enhanced HyperparameterOptimization...
2026-01-01 02:14:00,717 - MLCommon.HPOUtils.HPOUtils - INFO - ℹ️ ✅ VectorBT Rolling Optimizer initialized
2026-01-01 02:14:00,717 - MLCommon.HPOUtils.HPOUtils - INFO - ℹ️ ✅ Unified Vectorization Manager initialized
2026-01-01 02:14:00,718 - MLCommon.HPOUtils - INFO - ℹ️ ⚙️ Configuration - Parallel processing: True
2026-01-01 02:14:00,718 - MLCommon.HPOUtils - INFO - ℹ️ ⚙️ Configuration - Max workers: 4
2026-01-01 02:14:00,718 - MLCommon.HPOUtils - INFO - ℹ️ ⚙️ Configuration - Monitoring enabled: True
2026-01-01 02:14:00,718 - MLCommon.HPOUtils - INFO - ℹ️ 🚀 Configuration - Non-linear optimization: True
2026-01-01 02:14:00,718 - MLCommon.HPOUtils - INFO - ℹ️ ✅ Enhanced HyperparameterOptimization initialized successfully
2026-01-01 02:14:00,737 - DataCleaner - INFO - ℹ️ Using klines-specific gap thresholds: {<GapType.SMALL: 'small'>: 65, <GapType.MEDIUM: 'medium'>: 300, <GapType.LARGE: 'large'>: 1800, <GapType.CRITICAL: 'critical'>: 3600}
2026-01-01 02:14:00,737 - System.UnifiedDataUtils - INFO - ℹ️ 🚀 Unified Data Utils initialized
2026-01-01 02:14:00,743 - src.utils.ml_common.validation.data_leakage_prevention - INFO - ℹ️ 🔒 Data Leakage Prevention initialized with CRITICAL financial thresholds:
2026-01-01 02:14:00,743 - src.utils.ml_common.validation.data_leakage_prevention - INFO - ℹ️    • Critical leakage threshold: 5.0% (was 25%)
2026-01-01 02:14:00,743 - src.utils.ml_common.validation.data_leakage_prevention - INFO - ℹ️    • Warning leakage threshold: 2.0% (was 10%)
2026-01-01 02:14:00,743 - src.utils.ml_common.validation.data_leakage_prevention - INFO - ℹ️    • Small dataset multiplier: 1.0 (was 1.5)
2026-01-01 02:14:00,743 - src.utils.ml_common.validation.data_leakage_prevention - INFO - ℹ️    • These strict thresholds are ESSENTIAL for financial data integrity
2026-01-01 02:14:00,743 - src.utils.ml_common.validation.data_leakage_prevention - INFO - ℹ️    • Even 1-2% leakage can invalidate backtesting results
2026-01-01 02:14:00,743 - src.utils.ml_common.validation.data_leakage_prevention - INFO - ℹ️    • High model scores (>96%) often indicate undetected temporal leakage
2026-01-01 02:14:00,745 - src.utils.ml_common.validation.overfitting_monitoring - INFO - ℹ️ ✅ Overfitting Monitoring initialized
2026-01-01 02:14:00,748 - src.utils.ml_common.validation.hpo_overfitting_prevention - INFO - ℹ️ ✅ HPO with Overfitting Prevention initialized
2026-01-01 02:14:00,751 - src.utils.ml_common.validation.model_complexity_analysis - INFO - ℹ️ ✅ Model Complexity Analyzer initialized
2026-01-01 02:14:00,754 - EnhancedReportingSystem.EnhancedReportingSystem - INFO - ℹ️ 📊 Enhanced Reporting System initialized
2026-01-01 02:14:00,755 - src.utils.ml_common.reporting.validation_reporting_integration - INFO - ℹ️ ✅ Validation Reporting Integrator initialized
2026-01-01 02:14:00,756 - src.utils.ml_common.validation.data_leakage_prevention - INFO - ℹ️ 🔒 Data Leakage Prevention initialized with CRITICAL financial thresholds:
2026-01-01 02:14:00,756 - src.utils.ml_common.validation.data_leakage_prevention - INFO - ℹ️    • Critical leakage threshold: 5.0% (was 25%)
2026-01-01 02:14:00,756 - src.utils.ml_common.validation.data_leakage_prevention - INFO - ℹ️    • Warning leakage threshold: 2.0% (was 10%)
2026-01-01 02:14:00,756 - src.utils.ml_common.validation.data_leakage_prevention - INFO - ℹ️    • Small dataset multiplier: 1.0 (was 1.5)
2026-01-01 02:14:00,756 - src.utils.ml_common.validation.data_leakage_prevention - INFO - ℹ️    • These strict thresholds are ESSENTIAL for financial data integrity
2026-01-01 02:14:00,756 - src.utils.ml_common.validation.data_leakage_prevention - INFO - ℹ️    • Even 1-2% leakage can invalidate backtesting results
2026-01-01 02:14:00,756 - src.utils.ml_common.validation.data_leakage_prevention - INFO - ℹ️    • High model scores (>96%) often indicate undetected temporal leakage
2026-01-01 02:14:00,756 - src.utils.ml_common.validation.overfitting_monitoring - INFO - ℹ️ ✅ Overfitting Monitoring initialized
2026-01-01 02:14:00,756 - src.utils.ml_common.validation.enhanced_validation - INFO - ℹ️ ✅ Enhanced Validation initialized
2026-01-01 02:14:00,756 - src.utils.ml_common.validation.hpo_overfitting_prevention - INFO - ℹ️ ✅ HPO with Overfitting Prevention initialized
2026-01-01 02:14:00,757 - src.utils.ml_common.validation.model_complexity_analysis - INFO - ℹ️ ✅ Model Complexity Analyzer initialized
2026-01-01 02:14:00,757 - src.utils.ml_common.training.universal_validation_integration - INFO - ℹ️ ✅ Universal Validation Integrator initialized with new utilities
[2026-01-01 02:14:01.018] ✅ Custom logger available for MLCommon.ModelTraining
2026-01-01 02:14:01,018 - System.tprint - INFO - ℹ️ ✅ Custom logger available for MLCommon.ModelTraining
[2026-01-01 02:14:01.023] ✅ ML Common utilities loaded successfully
2026-01-01 02:14:01,023 - System.tprint - INFO - ℹ️ ✅ ML Common utilities loaded successfully
2026-01-01 02:14:01,024 - System.CrossStepValidator - INFO - ℹ️ 🔍 CrossStepValidator initialized with comprehensive consistency rules
2026-01-01 02:14:01,040 - ares.registry - INFO - ℹ️ Registered step: feature_generation_data_validation_step
[2026-01-01 02:14:01.040] ✅ Feature generation data validation step registered SUCCESS
2026-01-01 02:14:01,040 - System.tprint - INFO - ℹ️ ✅ Feature generation data validation step registered SUCCESS
[2026-01-01 02:14:01.040] 🔧 Loading labeling components...
2026-01-01 02:14:01,041 - System.tprint - INFO - ℹ️ 🔧 Loading labeling components...
2026-01-01 02:14:01,182 - ares.registry - INFO - ℹ️ Registered step: meta_labeling_hpo_experiment
2026-01-01 02:14:01,182 - ares.registry - INFO - ℹ️ Registered step: sr_labeling_xgb
[2026-01-01 02:14:01.182] ✅ Meta-labeling HPO experiment step registered (aliases: meta_labeling_hpo_experiment, sr_labeling_xgb) SUCCESS
2026-01-01 02:14:01,182 - System.tprint - INFO - ℹ️ ✅ Meta-labeling HPO experiment step registered (aliases: meta_labeling_hpo_experiment, sr_labeling_xgb) SUCCESS
2026-01-01 02:14:01,235 - ares.registry - INFO - ℹ️ Registered step: meta_gated_backtest
[2026-01-01 02:14:01.235] ✅ Meta-gated backtest step registered SUCCESS
2026-01-01 02:14:01,235 - System.tprint - INFO - ℹ️ ✅ Meta-gated backtest step registered SUCCESS
2026-01-01 02:14:01,236 - ares.registry - INFO - ℹ️ Registered step: meta_labeling_hpo_experiment
2026-01-01 02:14:01,236 - ares.registry - INFO - ℹ️ Registered step: sr_labeling_xgb
2026-01-01 02:14:01,252 - src.training.steps.labeling - WARNING - ⚠️ Failed to register label_based_layer_2: unexpected indent (orthogonal_label_generation.py, line 2112)
Traceback (most recent call last):
  File "/Users/remyroche/Documents/Ares/run_hpo_pipeline.py", line 10, in <module>
    from src.training.steps.labeling.meta_labeling_hpo_sample_weighted import MetaLabelingHPOSampleWeightedStep
  File "/Users/remyroche/Documents/Ares/src/training/steps/labeling/meta_labeling_hpo_sample_weighted.py", line 43, in <module>
    from src.training.steps.labeling.label_based_layer_2 import LabelBasedLayer2
  File "/Users/remyroche/Documents/Ares/src/training/steps/labeling/label_based_layer_2.py", line 89, in <module>
    from src.training.steps.labeling.orthogonal_label_generation import (
  File "/Users/remyroche/Documents/Ares/src/training/steps/labeling/orthogonal_label_generation.py", line 2112
    try:
IndentationError: unexpected indent
2026-01-01 02:14:01,271 - ares.registry - INFO - ℹ️ Registered step: data_download
