2025-12-31 16:56:35,924 - numexpr.utils - INFO - ℹ️ NumExpr defaulting to 8 threads.
2025-12-31 16:56:36,383 - DataQualityFramework - INFO - ℹ️ ✅ Comprehensive duplicate analyzer integrated
2025-12-31 16:56:36,383 - DataQualityFramework - INFO - ℹ️ 🔧 Unified Data Quality Framework initialized (singleton)
[2025-12-31 16:56:36.383] PERFORMANCE: DataQualityFramework initialization took 0.001s
2025-12-31 16:56:36,384 - System.tprint - INFO - ℹ️ DataQualityFramework initialization took 0.001s
2025-12-31 16:56:38,939 - System.AdvancedQualityMetrics - INFO - ℹ️ 📊 AdvancedQualityMetrics initialized with tolerant parameters
[2025-12-31 16:56:38.939] PERFORMANCE: AdvancedQualityMetrics initialization took 0.000s
2025-12-31 16:56:38,939 - System.tprint - INFO - ℹ️ AdvancedQualityMetrics initialization took 0.000s
2025-12-31 16:56:38,949 - DataCleaner - INFO - ℹ️ Using klines-specific gap thresholds: {<GapType.SMALL: 'small'>: 65, <GapType.MEDIUM: 'medium'>: 300, <GapType.LARGE: 'large'>: 1800, <GapType.CRITICAL: 'critical'>: 3600}
[2025-12-31 16:56:38.949] PERFORMANCE: DataCleaner(klines) initialization took 0.000s
2025-12-31 16:56:38,949 - System.tprint - INFO - ℹ️ DataCleaner(klines) initialization took 0.000s
2025-12-31 16:56:38,950 - DataCleaner - INFO - ℹ️ Using klines-specific gap thresholds: {<GapType.SMALL: 'small'>: 65, <GapType.MEDIUM: 'medium'>: 300, <GapType.LARGE: 'large'>: 1800, <GapType.CRITICAL: 'critical'>: 3600}
[2025-12-31 16:56:38.949] PERFORMANCE: DataCleaner(klines) initialization took 0.000s
2025-12-31 16:56:38,950 - System.tprint - INFO - ℹ️ DataCleaner(klines) initialization took 0.000s
2025-12-31 16:56:38,950 - DataCleanerManager - INFO - ℹ️ 🔧 DataCleanerManager initialized (singleton)
[2025-12-31 16:56:39.222] DEBUG: 🔧 [features_common.utils] Initializing common utilities module
[2025-12-31 16:56:39.222] SUCCESS: ✅ [features_common.utils] Math validation utilities loaded
2025-12-31 16:56:39,223 - System.tprint - INFO - ℹ️ ✅ [features_common.utils] Math validation utilities loaded
[2025-12-31 16:56:39.223] DEBUG: 🔧 [features_common.utils] Common utilities module initialized
2025-12-31 16:56:49,683 - src.utils.hardware.m1_gpu_utils.M1GPUManager - INFO - ℹ️ M1 GPU Manager initialized - M1: True, Generation: m1, MPS: True
2025-12-31 16:56:49,731 - src.utils.hardware.m1_cpu_optimizer.M1CPUOptimizer - INFO - ℹ️ 🧠 M1 CPU Optimizer initialized for M1 (4P+4E cores)
[2025-12-31 16:56:51.631] DEBUG: 🔧 [transforms] Module initialized with 14 exports
2025-12-31 16:56:51,636 - src.features_common.backward_compatibility - INFO - ℹ️ Backward compatibility ensured for features_common
[2025-12-31 16:56:51.644] DEBUG: 🔧 [optimization] Module initialized with 6 exports
[2025-12-31 16:56:51.654] DEBUG: 🔧 [registry] Module initialized with BaseFeatureRegistry
[2025-12-31 16:56:51.666] DEBUG: 🚀 [features_common] Enhanced module initialized with 59 exports
[2025-12-31 16:56:51.667] SUCCESS: ✅ [features_common] All optimizations enabled by default
2025-12-31 16:56:51,668 - System.tprint - INFO - ℹ️ ✅ [features_common] All optimizations enabled by default
[2025-12-31 16:56:51.667] INFO: 🔧 [features_common] VectorBT integration available
2025-12-31 16:56:51,669 - System.tprint - INFO - ℹ️ 🔧 [features_common] VectorBT integration available
[2025-12-31 16:56:51.672] PERFORMANCE: 📊 [features_common] Performance monitoring enabled
2025-12-31 16:56:51,672 - System.tprint - INFO - ℹ️ 📊 [features_common] Performance monitoring enabled
[2025-12-31 16:56:51.672] WARNING: 💾 [features_common] Intelligent caching active
2025-12-31 16:56:51,675 - System.tprint - WARNING - ⚠️ 💾 [features_common] Intelligent caching active
2025-12-31 16:56:51,677 - System.DataStreamingManager - INFO - ℹ️ 🚀 DataStreamingManager initialized (singleton): chunk_size=10000, memory_threshold=0.8
[2025-12-31 16:56:51.678] PERFORMANCE: DataStreamingManager initialization took 0.001s
2025-12-31 16:56:51,681 - System.tprint - INFO - ℹ️ DataStreamingManager initialization took 0.001s
2025-12-31 16:56:51,933 - System.EvaluationUtils - INFO - ℹ️ EvaluationUtils delegating core metric computation to unified_evaluator
[2025-12-31 16:56:52.038] ✅ Custom logger available for MLCommon.ConfidenceMetrics
2025-12-31 16:56:52,039 - System.tprint - INFO - ℹ️ ✅ Custom logger available for MLCommon.ConfidenceMetrics
[2025-12-31 16:56:52.055] ✅ Custom logger available for MLCommon.ModelExplanations
2025-12-31 16:56:52,056 - System.tprint - INFO - ℹ️ ✅ Custom logger available for MLCommon.ModelExplanations
2025-12-31 16:56:56,187 - MLCommon.ModelExplanations - INFO - ℹ️ LIME library available - LIME explanations enabled
[2025-12-31 16:56:56.197] ✅ Custom logger available for MLCommon.ModelRegistry
2025-12-31 16:56:56,198 - System.tprint - INFO - ℹ️ ✅ Custom logger available for MLCommon.ModelRegistry
[2025-12-31 16:56:56.200] ✅ Custom logger available for MLCommon.ModelExplainability
2025-12-31 16:56:56,200 - System.tprint - INFO - ℹ️ ✅ Custom logger available for MLCommon.ModelExplainability
[2025-12-31 16:56:56.513] ✅ Custom logger available for MLCommon.CV
2025-12-31 16:56:56,514 - System.tprint - INFO - ℹ️ ✅ Custom logger available for MLCommon.CV
2025-12-31 16:56:56,520 - src.utils.ml_common.validation.enhanced_validation - INFO - ℹ️ ✅ Enhanced Validation initialized
[2025-12-31 16:56:56.528] ✅ Custom logger available for MLCommon.ValidationUtils
2025-12-31 16:56:56,529 - System.tprint - INFO - ℹ️ ✅ Custom logger available for MLCommon.ValidationUtils
[2025-12-31 16:56:56.559] ✅ Custom logger available for MLCommon.HPOUtils
2025-12-31 16:56:56,560 - System.tprint - INFO - ℹ️ ✅ Custom logger available for MLCommon.HPOUtils
2025-12-31 16:56:57,039 - src.utils.matrix_operations.enhanced_operations.CustomMatrixOperationsRegistry - INFO - ℹ️ 📝 Registered custom matrix operation: gpu_condition_number
2025-12-31 16:56:57,040 - src.utils.matrix_operations.enhanced_operations.CustomMatrixOperationsRegistry - INFO - ℹ️ 📝 Registered custom matrix operation: gpu_matrix_rank
2025-12-31 16:56:57,040 - src.utils.matrix_operations.enhanced_operations.CustomMatrixOperationsRegistry - INFO - ℹ️ 📝 Registered custom matrix operation: matrix_normalize
2025-12-31 16:56:57,040 - src.utils.matrix_operations.enhanced_operations.CustomMatrixOperationsRegistry - INFO - ℹ️ 📝 Registered custom matrix operation: extract_matrix_features
2025-12-31 16:56:57,056 - src.utils.matrix_operations - INFO - ℹ️ ✅ Unified Matrix Operations module initialized
2025-12-31 16:56:57,056 - src.utils.matrix_operations - INFO - ℹ️ 📦 Version: 1.0.0
2025-12-31 16:56:57,057 - src.utils.matrix_operations - INFO - ℹ️ 🔧 Features: VectorBT optimizations, GPU acceleration, memory optimization, vectorized processing, batch operations
2025-12-31 16:56:57,057 - src.utils.matrix_operations - INFO - ℹ️ 🍎 Optimized for: Apple Silicon M1/M2/M3 Macs
2025-12-31 16:56:57,057 - src.utils.matrix_operations - INFO - ℹ️ 🚀 VectorBT optimizations enabled - expect 2-10x performance improvements
2025-12-31 16:56:57,057 - src.utils.matrix_operations - INFO - ℹ️ 🎯 VectorBTRollingOptimizer available - enhanced rolling operations
2025-12-31 16:56:57,065 - src.utils.matrix_operations - INFO - ℹ️ ⚡ UnifiedVectorizationManager available - unified vectorization operations
2025-12-31 16:56:57,072 - System.ComplementaryLookbackOptimizer - INFO - ℹ️ ✅ Detected VectorBT v0.28.1
2025-12-31 16:56:57,131 - src.feature_generation.utils.feature_generation_optimization - INFO - ℹ️ ✅ VectorBT available for feature optimization
2025-12-31 16:56:57,249 - src.feature_generation.core.feature_registry.FeatureRegistry - INFO - ℹ️ FeatureRegistry initialized
[2025-12-31 16:56:57.250] 🔧 Initializing AutoOptimizationConfig...
2025-12-31 16:56:57,250 - System.tprint - INFO - ℹ️ 🔧 Initializing AutoOptimizationConfig...
[2025-12-31 16:56:57.252] 📝 Setting up conservative optimization settings...
2025-12-31 16:56:57,252 - System.tprint - INFO - ℹ️ 📝 Setting up conservative optimization settings...
[2025-12-31 16:56:57.252] ✅ Conservative settings configured
2025-12-31 16:56:57,253 - System.tprint - INFO - ℹ️ ✅ Conservative settings configured
[2025-12-31 16:56:57.253] 📝 Setting up balanced optimization settings...
2025-12-31 16:56:57,255 - System.tprint - INFO - ℹ️ 📝 Setting up balanced optimization settings...
[2025-12-31 16:56:57.259] ✅ Balanced settings configured
2025-12-31 16:56:57,260 - System.tprint - INFO - ℹ️ ✅ Balanced settings configured
[2025-12-31 16:56:57.262] 📝 Setting up aggressive optimization settings...
2025-12-31 16:56:57,263 - System.tprint - INFO - ℹ️ 📝 Setting up aggressive optimization settings...
[2025-12-31 16:56:57.264] ✅ Aggressive settings configured
2025-12-31 16:56:57,264 - System.tprint - INFO - ℹ️ ✅ Aggressive settings configured
[2025-12-31 16:56:57.264] 🎯 AutoOptimizationConfig initialized with balanced strategy
2025-12-31 16:56:57,265 - System.tprint - INFO - ℹ️ 🎯 AutoOptimizationConfig initialized with balanced strategy
[2025-12-31 16:56:57.264] ✅ Auto-optimization enabled for FeatureBank (default)
2025-12-31 16:56:57,267 - System.tprint - INFO - ℹ️ ✅ Auto-optimization enabled for FeatureBank (default)
2025-12-31 16:56:57,268 - src.feature_generation.utils.memory_pool_optimizer.MemoryPoolOptimizer - INFO - ℹ️ Memory pool optimizer initialized
2025-12-31 16:56:57,269 - src.utils.hardware.m1_memory_optimizer.M1MemoryOptimizer - INFO - ℹ️ 🧠 Memory limit set to 8.0 GB (8589934592.0 bytes)
2025-12-31 16:56:57,383 - src.utils.hardware.m1_memory_optimizer.M1MemoryOptimizer - INFO - ℹ️ 🧠 M1 Memory Optimizer initialized for M1
2025-12-31 16:56:57,389 - src.utils.hardware.unified_hardware_manager.UnifiedHardwareManager - INFO - ℹ️ 🔧 Unified Hardware Manager initialized
2025-12-31 16:56:57,395 - src.utils.hardware.unified_hardware_manager.HardwarePerformanceMonitor - INFO - ℹ️ 🔍 Hardware performance monitoring started
2025-12-31 16:56:58,914 - src.utils.hardware.m1_memory_optimizer.M1MemoryOptimizer - INFO - ℹ️ 🧠 M1 memory monitoring started
2025-12-31 16:56:58,915 - src.utils.hardware.unified_hardware_manager.UnifiedHardwareManager - INFO - ℹ️ ✅ Unified Hardware Manager fully initialized
2025-12-31 16:56:58,932 - src.utils.hardware.unified_hardware_manager.UnifiedHardwareManager - INFO - ℹ️ 🎯 Optimizing for feature_engineering workload (balanced)
2025-12-31 16:56:58,958 - src.utils.hardware.m1_memory_optimizer.M1MemoryOptimizer - INFO - ℹ️ 🧹 Moderate cleanup: 14 objects collected
2025-12-31 16:56:58,976 - src.utils.ml_common.hardware_singleton - INFO - ℹ️ 🔍 Detecting hardware capabilities (one-time detection)...
2025-12-31 16:56:58,977 - src.utils.ml_common.hardware_singleton - INFO - ℹ️ ✅ Hardware detection complete: {'cpu_cores': 8, 'gpu_available': True, 'gpu_type': 'mps', 'memory_gb': 16.0, 'mps_available': True, 'gpu_memory_gb': None}
[2025-12-31 16:56:58.977] 🚀 Initializing Unified Vectorization Manager...
2025-12-31 16:56:58,978 - System.tprint - INFO - ℹ️ 🚀 Initializing Unified Vectorization Manager...
[2025-12-31 16:56:58.979] 🔄 Initializing optimization components...
2025-12-31 16:56:58,979 - System.tprint - INFO - ℹ️ 🔄 Initializing optimization components...
[2025-12-31 16:56:58.980] 🔄 Initializing optimization components...
2025-12-31 16:56:58,981 - System.tprint - INFO - ℹ️ 🔄 Initializing optimization components...
[2025-12-31 16:56:58.982] 🔄 Loading VectorBTRollingOptimizer...
2025-12-31 16:56:58,982 - System.tprint - INFO - ℹ️ 🔄 Loading VectorBTRollingOptimizer...
[2025-12-31 16:56:58.982] ✅ VectorBTRollingOptimizer loaded
2025-12-31 16:56:58,983 - System.tprint - INFO - ℹ️ ✅ VectorBTRollingOptimizer loaded
[2025-12-31 16:56:58.984] 🔄 Loading vectorized backtesting...
2025-12-31 16:56:58,984 - System.tprint - INFO - ℹ️ 🔄 Loading vectorized backtesting...
2025-12-31 16:56:58,997 - System.VectorizedBacktestingEngine - INFO - ℹ️ ✅ Vectorized Backtesting Engine initialized successfully
[2025-12-31 16:56:58.998] ✅ Vectorized backtesting loaded
2025-12-31 16:56:58,998 - System.tprint - INFO - ℹ️ ✅ Vectorized backtesting loaded
[2025-12-31 16:56:58.998] 🔄 Loading VectorBT backtesting engine...
2025-12-31 16:56:58,998 - System.tprint - INFO - ℹ️ 🔄 Loading VectorBT backtesting engine...
2025-12-31 16:56:59,007 - System.VectorBTBacktestingEngine - INFO - ℹ️ ✅ VectorBT Backtesting Engine initialized successfully
[2025-12-31 16:56:59.008] ✅ VectorBT backtesting engine loaded
2025-12-31 16:56:59,008 - System.tprint - INFO - ℹ️ ✅ VectorBT backtesting engine loaded
[2025-12-31 16:56:59.008] 🔄 Loading VectorBT financial metrics...
2025-12-31 16:56:59,009 - System.tprint - INFO - ℹ️ 🔄 Loading VectorBT financial metrics...
2025-12-31 16:56:59,020 - src.utils.ml_common.vectorbt_financial_metrics - INFO - ℹ️ ✅ VectorBT Financial Metrics initialized
2025-12-31 16:56:59,021 - src.utils.ml_common.vectorbt_financial_metrics - INFO - ℹ️ 📊 Risk-free rate: 2.00%
2025-12-31 16:56:59,021 - src.utils.ml_common.vectorbt_financial_metrics - INFO - ℹ️ 📊 Annualization factor: 252
2025-12-31 16:56:59,021 - src.utils.ml_common.vectorbt_financial_metrics - INFO - ℹ️ 📊 Regime analysis: True
[2025-12-31 16:56:59.022] ✅ VectorBT financial metrics loaded
2025-12-31 16:56:59,022 - System.tprint - INFO - ℹ️ ✅ VectorBT financial metrics loaded
[2025-12-31 16:56:59.022] 🔄 Loading VectorBT portfolio optimization...
2025-12-31 16:56:59,022 - System.tprint - INFO - ℹ️ 🔄 Loading VectorBT portfolio optimization...
2025-12-31 16:56:59,068 - src.utils.ml_common.vectorbt_memory_manager.VectorBTMemoryManager - INFO - ℹ️ ✅ VectorBT Memory Manager initialized
2025-12-31 16:56:59,068 - src.utils.ml_common.vectorbt_memory_manager.VectorBTMemoryManager - INFO - ℹ️ 📊 Total system memory: 16.00GB
2025-12-31 16:56:59,069 - src.utils.ml_common.vectorbt_memory_manager.VectorBTMemoryManager - INFO - ℹ️ 📊 Available memory: 3.06GB
2025-12-31 16:56:59,069 - src.utils.ml_common.vectorbt_memory_manager.VectorBTMemoryManager - INFO - ℹ️ 📊 Max allocated memory: 8.00GB
2025-12-31 16:56:59,070 - src.utils.ml_common.vectorbt_performance_monitor.VectorBTPerformanceMonitor - INFO - ℹ️ ✅ VectorBT Performance Monitor initialized
2025-12-31 16:56:59,073 - src.utils.ml_common.vectorbt_performance_monitor.VectorBTPerformanceMonitor - INFO - ℹ️ 📊 Monitoring enabled: timing=True, memory=True, gpu=True
2025-12-31 16:56:59,073 - src.utils.ml_common.vectorbt_portfolio_optimization - INFO - ℹ️ ✅ VectorBT Portfolio Optimizer initialized
2025-12-31 16:56:59,074 - src.utils.ml_common.vectorbt_portfolio_optimization - INFO - ℹ️ 📊 Method: mean_variance
2025-12-31 16:56:59,074 - src.utils.ml_common.vectorbt_portfolio_optimization - INFO - ℹ️ 📊 Rebalancing: monthly
2025-12-31 16:56:59,074 - src.utils.ml_common.vectorbt_portfolio_optimization - INFO - ℹ️ 📊 Risk aversion: 1.0
2025-12-31 16:56:59,075 - src.utils.ml_common.vectorbt_portfolio_optimization - INFO - ℹ️ 📊 Memory manager: 3.06GB available
[2025-12-31 16:56:59.077] ✅ VectorBT portfolio optimization loaded
2025-12-31 16:56:59,078 - System.tprint - INFO - ℹ️ ✅ VectorBT portfolio optimization loaded
[2025-12-31 16:56:59.079] 🔄 Loading matrix cross-validation...
2025-12-31 16:56:59,079 - System.tprint - INFO - ℹ️ 🔄 Loading matrix cross-validation...
2025-12-31 16:56:59,081 - src.utils.hardware.m1_memory_optimizer - INFO - ℹ️ 🧠 M1 Memory Optimizer initialized for M1
2025-12-31 16:56:59,175 - src.utils.hardware.m1_memory_optimizer.M1MemoryOptimizer - INFO - ℹ️ 🧠 M1 Memory Optimizer initialized for M1
2025-12-31 16:57:00,110 - src.utils.hardware.unified_hardware_manager.HardwarePerformanceMonitor - WARNING - ⚠️ 🚨 ALERT: cpu_usage (96.0) exceeds threshold (85.0)
2025-12-31 16:57:01,495 - src.feature_generation.core.vectorbt_batch_processor - INFO - ℹ️ VectorBTBatchProcessor initialized: VectorBT=True, GPU=False, Parallel=True
2025-12-31 16:57:01,496 - src.feature_generation.utils.unified_vectorization_manager - INFO - ℹ️ UnifiedVectorizationManager initialized: VectorBT=True, GPU=False, Memory=True
2025-12-31 16:57:01,497 - src.utils.matrix_operations.unified_operations.UnifiedMatrixOperations - INFO - ℹ️ 📊 GPU: False, Memory Opt: False, Parallel: False
2025-12-31 16:57:01,497 - src.utils.ml_common.matrix_cross_validation - INFO - ℹ️ 🚀 VectorBT configured for cross-validation optimization
2025-12-31 16:57:01,498 - src.utils.ml_common.matrix_cross_validation - INFO - ℹ️ ✅ Matrix-based cross-validator initialized
2025-12-31 16:57:01,498 - src.utils.ml_common.matrix_cross_validation - INFO - ℹ️ 📊 Configuration - Splits: 5, GPU: True, VectorBT: True
[2025-12-31 16:57:01.498] ✅ Matrix cross-validation loaded
2025-12-31 16:57:01,498 - System.tprint - INFO - ℹ️ ✅ Matrix cross-validation loaded
[2025-12-31 16:57:01.498] 🔄 Loading feature importance analyzer...
2025-12-31 16:57:01,499 - System.tprint - INFO - ℹ️ 🔄 Loading feature importance analyzer...
2025-12-31 16:57:01,564 - src.utils.ml_common.utils.memory_integration - INFO - ℹ️ 🔗 Integrating memory skimming with all ML utilities
2025-12-31 16:57:01,565 - src.utils.ml_common.utils.memory_integration - INFO - ℹ️ ✅ Successfully imported HPO utilities (direct import)
2025-12-31 16:57:01,566 - src.utils.ml_common.utils.memory_integration - INFO - ℹ️ ✅ Memory skimming integrated with HPO utilities
2025-12-31 16:57:01,566 - src.utils.ml_common.utils.memory_integration - INFO - ℹ️ ✅ Successfully imported Unified CV utilities
2025-12-31 16:57:01,567 - src.utils.ml_common.utils.memory_integration - INFO - ℹ️ ✅ Memory skimming integrated with Unified CV utilities
2025-12-31 16:57:01,572 - src.utils.ml_common.utils.memory_integration - INFO - ℹ️ ✅ Memory skimming integrated with lookahead protection utilities
2025-12-31 16:57:01,572 - src.utils.ml_common.utils.memory_integration - INFO - ℹ️ Skipping model evaluation memory integration (deprecated)
2025-12-31 16:57:01,575 - src.utils.ml_common.utils.memory_integration - INFO - ℹ️ ✅ Successfully imported feature selection utilities
2025-12-31 16:57:01,576 - src.utils.ml_common.utils.memory_integration - INFO - ℹ️ ✅ Memory skimming integrated with feature selection utilities
2025-12-31 16:57:01,578 - src.utils.ml_common.utils.memory_integration - INFO - ℹ️ ✅ Successfully imported data quality utilities
2025-12-31 16:57:01,578 - src.utils.ml_common.utils.memory_integration - INFO - ℹ️ ✅ Memory skimming integrated with data quality utilities
2025-12-31 16:57:01,578 - src.utils.ml_common.utils.memory_integration - INFO - ℹ️ ✅ Memory skimming integration completed: 6/6 successful
[2025-12-31 16:57:01.580] ✅ Custom logger available for MLCommon.ThreadGuard
2025-12-31 16:57:01,581 - System.tprint - INFO - ℹ️ ✅ Custom logger available for MLCommon.ThreadGuard
[2025-12-31 16:57:01.582] ✅ threadpoolctl available for thread management
2025-12-31 16:57:01,582 - System.tprint - INFO - ℹ️ ✅ threadpoolctl available for thread management
[2025-12-31 16:57:01.586] ✅ Custom logger available for MLCommon.BaseSafeguards
2025-12-31 16:57:01,586 - System.tprint - INFO - ℹ️ ✅ Custom logger available for MLCommon.BaseSafeguards
[2025-12-31 16:57:01.595] ✅ Scikit-learn available for thresholding functionality
2025-12-31 16:57:01,595 - System.tprint - INFO - ℹ️ ✅ Scikit-learn available for thresholding functionality
[2025-12-31 16:57:01.595] ✅ Custom logger available for FeatureSelection.BaseFramework
2025-12-31 16:57:01,596 - System.tprint - INFO - ℹ️ ✅ Custom logger available for FeatureSelection.BaseFramework
[2025-12-31 16:57:01.597] ✅ Custom logger available for FeatureSelection.DataValidation
2025-12-31 16:57:01,597 - System.tprint - INFO - ℹ️ ✅ Custom logger available for FeatureSelection.DataValidation
[2025-12-31 16:57:01.603] ✅ Vectorization utilities available for feature selection
2025-12-31 16:57:01,604 - System.tprint - INFO - ℹ️ ✅ Vectorization utilities available for feature selection
[2025-12-31 16:57:01.604] ✅ Custom logger available for FeatureSelection.SelectionMethods
2025-12-31 16:57:01,604 - System.tprint - INFO - ℹ️ ✅ Custom logger available for FeatureSelection.SelectionMethods
[2025-12-31 16:57:01.802] ✅ Custom logger available for FeatureSelection.StabilityAnalysis
2025-12-31 16:57:01,803 - System.tprint - INFO - ℹ️ ✅ Custom logger available for FeatureSelection.StabilityAnalysis
[2025-12-31 16:57:01.807] ✅ Custom logger available for FeatureSelection.PerformanceMonitoring
2025-12-31 16:57:01,807 - System.tprint - INFO - ℹ️ ✅ Custom logger available for FeatureSelection.PerformanceMonitoring
[2025-12-31 16:57:01.810] ✅ Custom logger available for FeatureSelection.QualityMetrics
2025-12-31 16:57:01,810 - System.tprint - INFO - ℹ️ ✅ Custom logger available for FeatureSelection.QualityMetrics
[2025-12-31 16:57:01.812] ✅ Custom logger available for FeatureSelection.TemporalAnalysis
2025-12-31 16:57:01,812 - System.tprint - INFO - ℹ️ ✅ Custom logger available for FeatureSelection.TemporalAnalysis
[2025-12-31 16:57:01.815] ✅ Custom logger available for FeatureSelection.CausalAnalysis
2025-12-31 16:57:01,815 - System.tprint - INFO - ℹ️ ✅ Custom logger available for FeatureSelection.CausalAnalysis
[2025-12-31 16:57:01.830] ✅ Custom logger available for FeatureSelection.MainFramework
2025-12-31 16:57:01,830 - System.tprint - INFO - ℹ️ ✅ Custom logger available for FeatureSelection.MainFramework
[2025-12-31 16:57:01.914] 🔍 FeatureImportanceAnalyzer initialized with methods: ['random_forest', 'lasso', 'mutual_info']
2025-12-31 16:57:01,914 - System.tprint - INFO - ℹ️ 🔍 FeatureImportanceAnalyzer initialized with methods: ['random_forest', 'lasso', 'mutual_info']
[2025-12-31 16:57:01.914] ✅ Feature importance analyzer loaded
2025-12-31 16:57:01,914 - System.tprint - INFO - ℹ️ ✅ Feature importance analyzer loaded
[2025-12-31 16:57:01.914] 🔄 Loading technical indicators...
2025-12-31 16:57:01,915 - System.tprint - INFO - ℹ️ 🔄 Loading technical indicators...
2025-12-31 16:57:01,917 - src.feature_generation.utils.feature_generators - INFO - ℹ️ ✅ TA-Lib available for enhanced technical indicators
2025-12-31 16:57:01,918 - src.feature_generation.utils.feature_generators - INFO - ℹ️ Using fallback implementations for feature selection tools
2025-12-31 16:57:01,951 - src.utils.hardware.m1_memory_optimizer.M1MemoryOptimizer - INFO - ℹ️ 🧠 M1 Memory Optimizer initialized for M1
2025-12-31 16:57:01,952 - src.feature_generation.utils.feature_generators.FeatureGenerators - INFO - ℹ️ ✅ Hardware optimization initialized
2025-12-31 16:57:01,952 - src.feature_generation.utils.feature_generators.FeatureGenerators - INFO - ℹ️ ✅ Matrix operations available for vectorization
[2025-12-31 16:57:01.952] ✅ Technical indicators loaded
2025-12-31 16:57:01,952 - System.tprint - INFO - ℹ️ ✅ Technical indicators loaded
[2025-12-31 16:57:01.952] ℹ️ HMM operations deprecated - using alternative methods
2025-12-31 16:57:01,953 - System.tprint - INFO - ℹ️ HMM operations deprecated - using alternative methods
[2025-12-31 16:57:01.952] ✅ Component initialization completed
2025-12-31 16:57:01,953 - System.tprint - INFO - ℹ️ ✅ Component initialization completed
[2025-12-31 16:57:01.953] 🔄 Setting up performance tracking...
2025-12-31 16:57:01,954 - System.tprint - INFO - ℹ️ 🔄 Setting up performance tracking...
[2025-12-31 16:57:01.953] ✅ Unified Vectorization Manager initialized
2025-12-31 16:57:01,954 - System.tprint - INFO - ℹ️ ✅ Unified Vectorization Manager initialized
2025-12-31 16:57:01,954 - src.utils.ml_common.unified_vectorization_manager - INFO - ℹ️ ✅ Unified Vectorization Manager initialized
2025-12-31 16:57:01,955 - src.feature_generation.utils.feature_generation_optimization.FeatureGenerationOptimizer - INFO - ℹ️ 🚀 Initializing FeatureGenerationOptimizer...
2025-12-31 16:57:01,955 - src.feature_generation.utils.feature_generation_optimization.FeatureGenerationOptimizer - INFO - ℹ️ 📊 Configuration loaded: cross_validation
2025-12-31 16:57:01,955 - src.feature_generation.utils.feature_generation_optimization.FeatureGenerationOptimizer - INFO - ℹ️ ✅ FeatureGenerationOptimizer initialized in 0.000s
2025-12-31 16:57:01,956 - src.feature_generation.utils.feature_generation_optimization.FeatureGenerationOptimizer - INFO - ℹ️ 📊 Min lookback: 5, Max lookback: 252
2025-12-31 16:57:01,956 - src.feature_generation.utils.feature_generation_optimization.FeatureGenerationOptimizer - INFO - ℹ️ 📊 CV folds: 3, Parallel processing: True
2025-12-31 16:57:01,956 - src.utils.parallel_processing_optimizer - INFO - ℹ️ 🍎 Detected Apple Silicon - applying M1-specific limits
2025-12-31 16:57:01,956 - src.utils.parallel_processing_optimizer - INFO - ℹ️ 🔧 Initialized MacM1ParallelOptimizer:
2025-12-31 16:57:01,956 - src.utils.parallel_processing_optimizer - INFO - ℹ️    Max workers: 4
2025-12-31 16:57:01,957 - src.utils.parallel_processing_optimizer - INFO - ℹ️    Chunk size: 1000
2025-12-31 16:57:01,957 - src.utils.parallel_processing_optimizer - INFO - ℹ️    Pool type: Process
2025-12-31 16:57:01,957 - src.utils.parallel_processing_optimizer - INFO - ℹ️    Memory limit per worker: 4096 MB
2025-12-31 16:57:01,957 - src.utils.parallel_processing_optimizer - INFO - ℹ️    M1 Mac detected: True
2025-12-31 16:57:01,957 - src.feature_generation.utils.optimization.lookback_optimizer.LookbackOptimizer - INFO - ℹ️ ✅ Legacy optimization system available
2025-12-31 16:57:01,958 - src.feature_generation.utils.optimization.lookback_optimizer.LookbackOptimizer - INFO - ℹ️ ✅ LookbackOptimizer initialized
2025-12-31 16:57:01,958 - src.feature_generation.core.feature_bank.FeatureBank - INFO - ℹ️ ✅ Regular lookback optimization enabled (Analyst mode)
[2025-12-31 16:57:01.958] ✅ FeatureBank set as global instance
2025-12-31 16:57:01,958 - System.tprint - INFO - ℹ️ ✅ FeatureBank set as global instance
[2025-12-31 16:57:01.958] 🔧 Auto-registering feature generators...
2025-12-31 16:57:01,959 - System.tprint - INFO - ℹ️ 🔧 Auto-registering feature generators...
[2025-12-31 16:57:01.958] 🔧 Configuring lazy loading for feature generators...
2025-12-31 16:57:01,959 - System.tprint - INFO - ℹ️ 🔧 Configuring lazy loading for feature generators...
[2025-12-31 16:57:01.959] ✅ Registered lazy loaders for 16 categories. Generators will be created on demand.
2025-12-31 16:57:01,960 - System.tprint - INFO - ℹ️ ✅ Registered lazy loaders for 16 categories. Generators will be created on demand.
2025-12-31 16:57:01,961 - src.feature_generation.core.feature_bank.FeatureBank - INFO - ℹ️ ✅ FeatureBank initialized
2025-12-31 16:57:01,961 - src.feature_generation.core.feature_bank.FeatureBank - INFO - ℹ️ 📊 Matrix ops: True, GPU: True, Lookback opt: True
2025-12-31 16:57:01,962 - src.feature_generation - INFO - ℹ️ ✅ Unified Feature Generation System initialized
2025-12-31 16:57:01,962 - src.feature_generation - INFO - ℹ️ 📦 Version: 2.0.0
2025-12-31 16:57:01,962 - src.feature_generation - INFO - ℹ️ 🔧 Features: Category-based organization, advanced utilities, optimization
2025-12-31 16:57:01,963 - src.feature_generation - INFO - ℹ️ 🍎 Optimized for: Apple Silicon M1/M2/M3 Macs
2025-12-31 16:57:01,963 - src.feature_generation - INFO - ℹ️ 🚀 Advanced utilities available (optimization, analysis, etc.)
2025-12-31 16:57:01,963 - src.feature_generation - INFO - ℹ️ ⚡ VectorBT optimizations available (advanced volatility, volume, batch processing)
2025-12-31 16:57:01,964 - MLCommon.HPOUtils - INFO - ℹ️ ✅ VectorBT optimization available
2025-12-31 16:57:01,964 - MLCommon.HPOUtils - INFO - ℹ️ 🚀 Initializing Enhanced HyperparameterOptimization...
2025-12-31 16:57:01,964 - MLCommon.HPOUtils.HPOUtils - INFO - ℹ️ ✅ VectorBT Rolling Optimizer initialized
2025-12-31 16:57:01,965 - MLCommon.HPOUtils.HPOUtils - INFO - ℹ️ ✅ Unified Vectorization Manager initialized
2025-12-31 16:57:01,965 - MLCommon.HPOUtils - INFO - ℹ️ ⚙️ Configuration - Parallel processing: True
2025-12-31 16:57:01,965 - MLCommon.HPOUtils - INFO - ℹ️ ⚙️ Configuration - Max workers: 4
2025-12-31 16:57:01,965 - MLCommon.HPOUtils - INFO - ℹ️ ⚙️ Configuration - Monitoring enabled: True
2025-12-31 16:57:01,965 - MLCommon.HPOUtils - INFO - ℹ️ 🚀 Configuration - Non-linear optimization: True
2025-12-31 16:57:01,966 - MLCommon.HPOUtils - INFO - ℹ️ ✅ Enhanced HyperparameterOptimization initialized successfully
2025-12-31 16:57:02,006 - DataCleaner - INFO - ℹ️ Using klines-specific gap thresholds: {<GapType.SMALL: 'small'>: 65, <GapType.MEDIUM: 'medium'>: 300, <GapType.LARGE: 'large'>: 1800, <GapType.CRITICAL: 'critical'>: 3600}
2025-12-31 16:57:02,007 - System.UnifiedDataUtils - INFO - ℹ️ 🚀 Unified Data Utils initialized
2025-12-31 16:57:02,020 - src.utils.ml_common.validation.data_leakage_prevention - INFO - ℹ️ 🔒 Data Leakage Prevention initialized with CRITICAL financial thresholds:
2025-12-31 16:57:02,021 - src.utils.ml_common.validation.data_leakage_prevention - INFO - ℹ️    • Critical leakage threshold: 5.0% (was 25%)
2025-12-31 16:57:02,021 - src.utils.ml_common.validation.data_leakage_prevention - INFO - ℹ️    • Warning leakage threshold: 2.0% (was 10%)
2025-12-31 16:57:02,021 - src.utils.ml_common.validation.data_leakage_prevention - INFO - ℹ️    • Small dataset multiplier: 1.0 (was 1.5)
2025-12-31 16:57:02,021 - src.utils.ml_common.validation.data_leakage_prevention - INFO - ℹ️    • These strict thresholds are ESSENTIAL for financial data integrity
2025-12-31 16:57:02,021 - src.utils.ml_common.validation.data_leakage_prevention - INFO - ℹ️    • Even 1-2% leakage can invalidate backtesting results
2025-12-31 16:57:02,022 - src.utils.ml_common.validation.data_leakage_prevention - INFO - ℹ️    • High model scores (>96%) often indicate undetected temporal leakage
2025-12-31 16:57:02,027 - src.utils.ml_common.validation.overfitting_monitoring - INFO - ℹ️ ✅ Overfitting Monitoring initialized
2025-12-31 16:57:02,035 - src.utils.ml_common.validation.hpo_overfitting_prevention - INFO - ℹ️ ✅ HPO with Overfitting Prevention initialized
2025-12-31 16:57:02,040 - src.utils.ml_common.validation.model_complexity_analysis - INFO - ℹ️ ✅ Model Complexity Analyzer initialized
2025-12-31 16:57:02,048 - EnhancedReportingSystem.EnhancedReportingSystem - INFO - ℹ️ 📊 Enhanced Reporting System initialized
2025-12-31 16:57:02,048 - src.utils.ml_common.reporting.validation_reporting_integration - INFO - ℹ️ ✅ Validation Reporting Integrator initialized
2025-12-31 16:57:02,051 - src.utils.ml_common.validation.data_leakage_prevention - INFO - ℹ️ 🔒 Data Leakage Prevention initialized with CRITICAL financial thresholds:
2025-12-31 16:57:02,052 - src.utils.ml_common.validation.data_leakage_prevention - INFO - ℹ️    • Critical leakage threshold: 5.0% (was 25%)
2025-12-31 16:57:02,052 - src.utils.ml_common.validation.data_leakage_prevention - INFO - ℹ️    • Warning leakage threshold: 2.0% (was 10%)
2025-12-31 16:57:02,052 - src.utils.ml_common.validation.data_leakage_prevention - INFO - ℹ️    • Small dataset multiplier: 1.0 (was 1.5)
2025-12-31 16:57:02,052 - src.utils.ml_common.validation.data_leakage_prevention - INFO - ℹ️    • These strict thresholds are ESSENTIAL for financial data integrity
2025-12-31 16:57:02,052 - src.utils.ml_common.validation.data_leakage_prevention - INFO - ℹ️    • Even 1-2% leakage can invalidate backtesting results
2025-12-31 16:57:02,052 - src.utils.ml_common.validation.data_leakage_prevention - INFO - ℹ️    • High model scores (>96%) often indicate undetected temporal leakage
2025-12-31 16:57:02,053 - src.utils.ml_common.validation.overfitting_monitoring - INFO - ℹ️ ✅ Overfitting Monitoring initialized
2025-12-31 16:57:02,053 - src.utils.ml_common.validation.enhanced_validation - INFO - ℹ️ ✅ Enhanced Validation initialized
2025-12-31 16:57:02,053 - src.utils.ml_common.validation.hpo_overfitting_prevention - INFO - ℹ️ ✅ HPO with Overfitting Prevention initialized
2025-12-31 16:57:02,054 - src.utils.ml_common.validation.model_complexity_analysis - INFO - ℹ️ ✅ Model Complexity Analyzer initialized
2025-12-31 16:57:02,054 - src.utils.ml_common.training.universal_validation_integration - INFO - ℹ️ ✅ Universal Validation Integrator initialized with new utilities
[2025-12-31 16:57:02.751] ✅ Custom logger available for MLCommon.ModelTraining
2025-12-31 16:57:02,752 - System.tprint - INFO - ℹ️ ✅ Custom logger available for MLCommon.ModelTraining
[2025-12-31 16:57:02.764] ✅ ML Common utilities loaded successfully
2025-12-31 16:57:02,765 - System.tprint - INFO - ℹ️ ✅ ML Common utilities loaded successfully
2025-12-31 16:57:02,767 - System.CrossStepValidator - INFO - ℹ️ 🔍 CrossStepValidator initialized with comprehensive consistency rules
2025-12-31 16:57:02,816 - ares.registry - INFO - ℹ️ Registered step: feature_generation_data_validation_step
[2025-12-31 16:57:02.816] ✅ Feature generation data validation step registered SUCCESS
2025-12-31 16:57:02,816 - System.tprint - INFO - ℹ️ ✅ Feature generation data validation step registered SUCCESS
[2025-12-31 16:57:02.818] 🔧 Loading labeling components...
2025-12-31 16:57:02,818 - System.tprint - INFO - ℹ️ 🔧 Loading labeling components...
2025-12-31 16:57:03,382 - ares.registry - INFO - ℹ️ Registered step: meta_labeling_hpo_experiment
2025-12-31 16:57:03,383 - ares.registry - INFO - ℹ️ Registered step: sr_labeling_xgb
[2025-12-31 16:57:03.383] ✅ Meta-labeling HPO experiment step registered (aliases: meta_labeling_hpo_experiment, sr_labeling_xgb) SUCCESS
2025-12-31 16:57:03,383 - System.tprint - INFO - ℹ️ ✅ Meta-labeling HPO experiment step registered (aliases: meta_labeling_hpo_experiment, sr_labeling_xgb) SUCCESS
2025-12-31 16:57:03,467 - ares.registry - INFO - ℹ️ Registered step: meta_gated_backtest
[2025-12-31 16:57:03.468] ✅ Meta-gated backtest step registered SUCCESS
2025-12-31 16:57:03,468 - System.tprint - INFO - ℹ️ ✅ Meta-gated backtest step registered SUCCESS
2025-12-31 16:57:03,469 - ares.registry - INFO - ℹ️ Registered step: meta_labeling_hpo_experiment
2025-12-31 16:57:03,470 - ares.registry - INFO - ℹ️ Registered step: sr_labeling_xgb
2025-12-31 16:57:03,470 - ares.registry - INFO - ℹ️ Registered step: label_based_layer_2
Traceback (most recent call last):
  File "/Users/remyroche/Documents/Ares/run_hpo_pipeline.py", line 10, in <module>
    from src.training.steps.labeling.meta_labeling_hpo_sample_weighted import MetaLabelingHPOSampleWeightedStep
  File "/Users/remyroche/Documents/Ares/src/training/steps/labeling/meta_labeling_hpo_sample_weighted.py", line 46, in <module>
    from src.training.steps.labeling.label_based_layer_4 import (
  File "/Users/remyroche/Documents/Ares/src/training/steps/labeling/label_based_layer_4.py", line 258
    return _train_layer4_oof_extratrees(
                                       ^
SyntaxError: '(' was never closed
2025-12-31 16:57:03,510 - ares.registry - INFO - ℹ️ Registered step: data_download
