Feb 24, 2026 00:56:04 (+00:00:00) - DataQualityFramework - INFO - ✅ Comprehensive duplicate analyzer integrated
Feb 24, 2026 00:56:04 (+00:00:00) - DataQualityFramework - INFO - 🔧 Unified Data Quality Framework initialized (singleton)
Feb 24, 2026 00:56:04 (+00:00:00) - System.tprint - INFO - DataQualityFramework initialization took 0.000s
Feb 24, 2026 00:56:04 (+00:00:00) - ares.registry - INFO - Registered step: data_download
Feb 24, 2026 00:56:04 (+00:00:00) - System.AdvancedQualityMetrics - INFO - 📊 AdvancedQualityMetrics initialized with tolerant parameters
Feb 24, 2026 00:56:04 (+00:00:00) - System.tprint - INFO - AdvancedQualityMetrics initialization took 0.000s
Feb 24, 2026 00:56:04 (+00:00:00) - DataCleaner - INFO - Using klines-specific gap thresholds: {<GapType.SMALL: 'small'>: 65, <GapType.MEDIUM: 'medium'>: 300, <GapType.LARGE: 'large'>: 1800, <GapType.CRITICAL: 'critical'>: 3600}
Feb 24, 2026 00:56:04 (+00:00:00) - System.tprint - INFO - DataCleaner(klines) initialization took 0.000s
Feb 24, 2026 00:56:04 (+00:00:00) - DataCleaner - INFO - Using klines-specific gap thresholds: {<GapType.SMALL: 'small'>: 65, <GapType.MEDIUM: 'medium'>: 300, <GapType.LARGE: 'large'>: 1800, <GapType.CRITICAL: 'critical'>: 3600}
Feb 24, 2026 00:56:04 (+00:00:00) - System.tprint - INFO - DataCleaner(klines) initialization took 0.000s
Feb 24, 2026 00:56:04 (+00:00:00) - DataCleanerManager - INFO - 🔧 DataCleanerManager initialized (singleton)
Feb 24, 2026 00:56:04 (+00:00:00) - System.tprint - INFO - ✅ [features_common.utils] Math validation utilities loaded
Feb 24, 2026 00:56:06 (+00:00:02) - src.utils.hardware.m1_gpu_utils.M1GPUManager - INFO - M1 GPU Manager initialized - M1: True, Generation: m1, MPS: True
Feb 24, 2026 00:56:06 (+00:00:02) - src.utils.hardware.m1_cpu_optimizer.M1CPUOptimizer - INFO - 🧠 M1 CPU Optimizer initialized for M1 (4P+4E cores)
Feb 24, 2026 00:56:06 (+00:00:02) - src.features_common.backward_compatibility - INFO - Backward compatibility ensured for features_common
Feb 24, 2026 00:56:06 (+00:00:02) - System.tprint - INFO - ✅ [features_common] All optimizations enabled by default
Feb 24, 2026 00:56:06 (+00:00:02) - System.tprint - INFO - 🔧 [features_common] VectorBT integration available
Feb 24, 2026 00:56:06 (+00:00:02) - System.tprint - INFO - 📊 [features_common] Performance monitoring enabled
Feb 24, 2026 00:56:06 (+00:00:02) - System.tprint - WARNING - 💾 [features_common] Intelligent caching active
Feb 24, 2026 00:56:06 (+00:00:02) - System.DataStreamingManager - INFO - 🚀 DataStreamingManager initialized (singleton): chunk_size=10000, memory_threshold=0.8
Feb 24, 2026 00:56:06 (+00:00:02) - System.tprint - INFO - DataStreamingManager initialization took 0.000s
Feb 24, 2026 00:56:06 (+00:00:02) - System.tprint - INFO - ✅ Custom logger available for MLCommon.ValidationUtils
Feb 24, 2026 00:56:06 (+00:00:02) - System.CrossStepValidator - INFO - 🔍 CrossStepValidator initialized with comprehensive consistency rules
Feb 24, 2026 00:56:06 (+00:00:02) - DataCleaner - INFO - Using klines-specific gap thresholds: {<GapType.SMALL: 'small'>: 65, <GapType.MEDIUM: 'medium'>: 300, <GapType.LARGE: 'large'>: 1800, <GapType.CRITICAL: 'critical'>: 3600}
Feb 24, 2026 00:56:06 (+00:00:02) - System.tprint - INFO - DataCleaner(klines) initialization took 0.000s
Feb 24, 2026 00:56:06 (+00:00:02) - System.UnifiedDataUtils - INFO - 🚀 Unified Data Utils initialized
Feb 24, 2026 00:56:07 (+00:00:03) - params_store - INFO - [params_store] TBM best params loaded from /Users/remyroche/Documents/Ares/extreme_price_movements/offline_optimisers/reports/tbm_best_params.csv: config_id=CFG4E480D167D  base_atr_window=672  k_tp=1.8  sl_as_tp_pct=0.4  tp_base_pct=0.011  mode=optuna_s2  horizon_scaling=sqrt
Feb 24, 2026 00:56:07 (+00:00:03) - params_store - INFO - [params_store] Injected into cfg: barrier_atr_window=672  barrier_k_tp=1.8  barrier_mode=optuna_s2  barrier_sl_base_mult=0.4  barrier_sl_hi=0.06  barrier_sl_lo=0.005  barrier_sl_method=tp_pct  barrier_tp_abs_pct=0.011  barrier_tp_base_pct=0.011  barrier_tp_hi=0.06  barrier_tp_lo=0.005  barrier_tp_method=atr_norm  label_horizon_base=4  label_horizon_scaling=sqrt
Feb 24, 2026 00:56:13 (+00:00:09) - params_store - INFO - [params_store] TBM best params loaded from /Users/remyroche/Documents/Ares/extreme_price_movements/offline_optimisers/reports/tbm_best_params.csv: config_id=CFG4E480D167D  base_atr_window=672  k_tp=1.8  sl_as_tp_pct=0.4  tp_base_pct=0.011  mode=optuna_s2  horizon_scaling=sqrt
Feb 24, 2026 00:56:13 (+00:00:09) - params_store - INFO - [params_store] Injected into cfg: barrier_atr_window=672  barrier_k_tp=1.8  barrier_mode=optuna_s2  barrier_sl_base_mult=0.4  barrier_sl_hi=0.06  barrier_sl_lo=0.005  barrier_sl_method=tp_pct  barrier_tp_abs_pct=0.011  barrier_tp_base_pct=0.011  barrier_tp_hi=0.06  barrier_tp_lo=0.005  barrier_tp_method=atr_norm  label_horizon_base=4  label_horizon_scaling=sqrt
