/workspace/code_quality/analyzers/dependency_analyzer.py:10: UserWarning: pkg_resources is deprecated as an API. See https://setuptools.pypa.io/en/latest/pkg_resources.html. The pkg_resources package is slated for removal as early as 2025-11-30. Refrain from using this package or pin to Setuptools<81.
  import pkg_resources
2025-09-02 20:51:15,864 - INFO - Registered plugin: black
2025-09-02 20:51:15,864 - INFO - Registered plugin: isort
2025-09-02 20:51:15,864 - INFO - Registered plugin: autopep8
2025-09-02 20:51:15,864 - INFO - Registered plugin: yapf
2025-09-02 20:51:15,864 - INFO - Registered plugin: docformatter
2025-09-02 20:51:15,864 - INFO - Registered plugin: unify
2025-09-02 20:51:15,864 - INFO - Initialized 13 analyzers and 2 fixers
2025-09-02 20:51:15,864 - INFO - 🚀 Starting comprehensive professional code quality analysis...
2025-09-02 20:51:15,865 - INFO - Found Python files in 1 directories
2025-09-02 20:51:15,865 - INFO - 🔧 Phase 1: Running auto-fixers...
2025-09-02 20:51:15,865 - INFO - 🔧 Running auto-fixers...
2025-09-02 20:51:15,865 - INFO -   Running auto_fixer...
2025-09-02 20:51:15,865 - INFO -   Running sequential_fixer...
2025-09-02 20:51:15,865 - INFO - 🔍 Phase 2: Running advanced analyzers...
2025-09-02 20:51:15,865 - INFO - 🔍 Running advanced analyzers...
2025-09-02 20:51:15,865 - INFO -   Running syntax...
2025-09-02 20:51:15,865 - INFO -   Running complexity...
2025-09-02 20:51:15,865 - INFO -   Running dead_code...
2025-09-02 20:51:15,865 - INFO -   Running dependencies...
2025-09-02 20:51:15,866 - INFO -   Running imports...
2025-09-02 20:51:15,866 - INFO -   Running call_graph...
2025-09-02 20:51:15,866 - INFO -   Running signatures...
2025-09-02 20:51:15,866 - INFO -   Running type_checking...
2025-09-02 20:52:03,877 - INFO -   Running advanced_ast...
2025-09-02 20:52:05,353 - INFO -   Running architecture...
2025-09-02 20:52:05,972 - INFO -   Running code_duplication...
2025-09-02 20:52:06,402 - INFO -   Running error_handling...
2025-09-02 20:52:06,812 - INFO -   Running concurrency...
2025-09-02 20:52:07,404 - INFO - 🔌 Phase 3: Running plugin analysis...
2025-09-02 20:52:07,404 - INFO - 🔌 Running plugin analysis...
2025-09-02 20:52:07,404 - INFO - Found 0 plugins
2025-09-02 20:52:07,404 - INFO - 📊 Generating directory summaries...
2025-09-02 20:52:07,404 - INFO - 🌍 Generating global metrics...
2025-09-02 20:52:07,405 - INFO - 📋 Generating comprehensive report...
2025-09-02 20:52:07,531 - INFO - ✅ Comprehensive analysis completed in 51.67 seconds
2025-09-02 20:52:07,898 - INFO - 📄 Comprehensive report saved to: comprehensive_professional_analysis_20250902_205207.json

📄 Text summary saved to: comprehensive_professional_analysis_20250902_205207.txt

================================================================================
📊 COMPREHENSIVE PROFESSIONAL ANALYSIS COMPLETE
================================================================================
🌍 Total Files: 66
🔍 Total Issues Found: 0
🔧 Total Issues Fixed: 0
✅ Success Rate: 100.0%
📁 Directories Analyzed: 1
⚡ Total Processing Time: 51.54s
================================================================================
