[2026-02-23 19:16:59 UTC] Entering function: retry_with_backoff in utils.py
2026-02-23 20:17:00,800 - DataQualityFramework - INFO - ℹ️ ✅ Comprehensive duplicate analyzer integrated
2026-02-23 20:17:00,800 - DataQualityFramework - INFO - ℹ️ 🔧 Unified Data Quality Framework initialized (singleton)
[2026-02-23 20:17:00.800] PERFORMANCE: DataQualityFramework initialization took 0.000s
2026-02-23 20:17:00,800 - System.tprint - INFO - ℹ️ DataQualityFramework initialization took 0.000s
2026-02-23 20:17:00,995 - ares.registry - INFO - ℹ️ Registered step: data_download
2026-02-23 20:17:00,998 - System.AdvancedQualityMetrics - INFO - ℹ️ 📊 AdvancedQualityMetrics initialized with tolerant parameters
[2026-02-23 20:17:00.998] PERFORMANCE: AdvancedQualityMetrics initialization took 0.000s
2026-02-23 20:17:00,998 - System.tprint - INFO - ℹ️ AdvancedQualityMetrics initialization took 0.000s
2026-02-23 20:17:01,000 - DataCleaner - INFO - ℹ️ Using klines-specific gap thresholds: {<GapType.SMALL: 'small'>: 65, <GapType.MEDIUM: 'medium'>: 300, <GapType.LARGE: 'large'>: 1800, <GapType.CRITICAL: 'critical'>: 3600}
[2026-02-23 20:17:01.001] PERFORMANCE: DataCleaner(klines) initialization took 0.000s
2026-02-23 20:17:01,001 - System.tprint - INFO - ℹ️ DataCleaner(klines) initialization took 0.000s
2026-02-23 20:17:01,001 - DataCleaner - INFO - ℹ️ Using klines-specific gap thresholds: {<GapType.SMALL: 'small'>: 65, <GapType.MEDIUM: 'medium'>: 300, <GapType.LARGE: 'large'>: 1800, <GapType.CRITICAL: 'critical'>: 3600}
[2026-02-23 20:17:01.001] PERFORMANCE: DataCleaner(klines) initialization took 0.000s
2026-02-23 20:17:01,001 - System.tprint - INFO - ℹ️ DataCleaner(klines) initialization took 0.000s
2026-02-23 20:17:01,001 - DataCleanerManager - INFO - ℹ️ 🔧 DataCleanerManager initialized (singleton)
[2026-02-23 20:17:01.010] DEBUG: 🔧 [features_common.utils] Initializing common utilities module
[2026-02-23 20:17:01.010] SUCCESS: ✅ [features_common.utils] Math validation utilities loaded
2026-02-23 20:17:01,010 - System.tprint - INFO - ℹ️ ✅ [features_common.utils] Math validation utilities loaded
[2026-02-23 20:17:01.010] DEBUG: 🔧 [features_common.utils] Common utilities module initialized
2026-02-23 20:17:02,699 - src.utils.hardware.m1_gpu_utils.M1GPUManager - INFO - ℹ️ M1 GPU Manager initialized - M1: True, Generation: m1, MPS: True
2026-02-23 20:17:02,719 - src.utils.hardware.m1_cpu_optimizer.M1CPUOptimizer - INFO - ℹ️ 🧠 M1 CPU Optimizer initialized for M1 (4P+4E cores)
[2026-02-23 20:17:02.787] DEBUG: 🔧 [transforms] Module initialized with 15 exports
2026-02-23 20:17:02,787 - src.features_common.backward_compatibility - INFO - ℹ️ Backward compatibility ensured for features_common
[2026-02-23 20:17:02.787] DEBUG: 🔧 [optimization] Module initialized with 6 exports
[2026-02-23 20:17:02.788] DEBUG: 🔧 [registry] Module initialized with BaseFeatureRegistry
[2026-02-23 20:17:02.789] DEBUG: 🚀 [features_common] Enhanced module initialized with 59 exports
[2026-02-23 20:17:02.789] SUCCESS: ✅ [features_common] All optimizations enabled by default
2026-02-23 20:17:02,789 - System.tprint - INFO - ℹ️ ✅ [features_common] All optimizations enabled by default
[2026-02-23 20:17:02.789] INFO: 🔧 [features_common] VectorBT integration available
2026-02-23 20:17:02,790 - System.tprint - INFO - ℹ️ 🔧 [features_common] VectorBT integration available
[2026-02-23 20:17:02.789] PERFORMANCE: 📊 [features_common] Performance monitoring enabled
2026-02-23 20:17:02,790 - System.tprint - INFO - ℹ️ 📊 [features_common] Performance monitoring enabled
[2026-02-23 20:17:02.789] WARNING: 💾 [features_common] Intelligent caching active
2026-02-23 20:17:02,790 - System.tprint - WARNING - ⚠️ 💾 [features_common] Intelligent caching active
2026-02-23 20:17:02,790 - System.DataStreamingManager - INFO - ℹ️ 🚀 DataStreamingManager initialized (singleton): chunk_size=10000, memory_threshold=0.8
[2026-02-23 20:17:02.790] PERFORMANCE: DataStreamingManager initialization took 0.000s
2026-02-23 20:17:02,790 - System.tprint - INFO - ℹ️ DataStreamingManager initialization took 0.000s
[2026-02-23 20:17:02.793] ✅ Custom logger available for MLCommon.ValidationUtils
2026-02-23 20:17:02,793 - System.tprint - INFO - ℹ️ ✅ Custom logger available for MLCommon.ValidationUtils
2026-02-23 20:17:02,794 - System.CrossStepValidator - INFO - ℹ️ 🔍 CrossStepValidator initialized with comprehensive consistency rules
2026-02-23 20:17:02,794 - DataCleaner - INFO - ℹ️ Using klines-specific gap thresholds: {<GapType.SMALL: 'small'>: 65, <GapType.MEDIUM: 'medium'>: 300, <GapType.LARGE: 'large'>: 1800, <GapType.CRITICAL: 'critical'>: 3600}
[2026-02-23 20:17:02.794] PERFORMANCE: DataCleaner(klines) initialization took 0.000s
2026-02-23 20:17:02,794 - System.tprint - INFO - ℹ️ DataCleaner(klines) initialization took 0.000s
2026-02-23 20:17:02,795 - System.UnifiedDataUtils - INFO - ℹ️ 🚀 Unified Data Utils initialized
[2026-02-23 19:17:03 UTC] GC: Collected 15 objects on startup.
[2026-02-23 19:17:03 UTC] CACHE: Cleared directory /Users/remyroche/Documents/Ares/cache
[2026-02-23 19:17:03 UTC] Features mode. Target ts_sig=2026-02-14 19:00:00+00:00
[2026-02-23 19:17:03 UTC] STEP: FEATURE GENERATION START
[2026-02-23 19:17:03 UTC] Target Timestamp: 2026-02-14 19:00:00+00:00
[2026-02-23 19:17:03 UTC] Features already exist: 617 symbol files. Force flag enabled: recomputing full feature set.
[2026-02-23 19:17:03 UTC] Entering function: refresh_margin_universe_daily in universe.py
[2026-02-23 19:17:03 UTC] Refreshing margin universe...
[2026-02-23 19:17:03 UTC] Entering function: fetch_binance_cross_margin_pairs in universe.py
[2026-02-23 19:17:04 UTC] Fetched 798 cross margin pairs from exchangeInfo.
[2026-02-23 19:17:04 UTC] Entering function: margin_pairs_to_spot_symbols in universe.py
[2026-02-23 19:17:04 UTC] Processing 798 margin pairs for quotes ('USDT', 'USDC', 'BUSD', 'EUR')...
[2026-02-23 19:17:04 UTC] Found 711 spot symbols. Breakdown: USDT: 434, USDC: 277, BUSD: 0, EUR: 0
[2026-02-23 19:17:04 UTC] Refreshed margin universe: 711 symbols.
[2026-02-23 19:17:04 UTC] Entering function: build_fetch_universe in universe.py
[2026-02-23 19:17:04 UTC] Building universe from 711 margin symbols + 5 basket symbols (Top 600).
[2026-02-23 19:17:04 UTC] Entering function: fetch_24h_tickers in universe.py
[2026-02-23 19:17:05 UTC] Fetched 3504 24h tickers.
[2026-02-23 19:17:05 UTC] Volume map built for 3504 tickers.
[2026-02-23 19:17:05 UTC] Scored 711 margin symbols.
[2026-02-23 19:17:05 UTC] Selected top 600 symbols by volume.
[2026-02-23 19:17:05 UTC] Universe selected: 600 symbols (Top 600 by vol + basket)
[2026-02-23 19:17:05 UTC] Filtering 600 symbols by variance (Top 100%)...
[2026-02-23 19:17:07 UTC] Variance Filter: Kept 587/600 symbols.
[2026-02-23 19:17:07 UTC] Universe (Top 600 Vol + Basket + VarianceFilter): 587 symbols
[2026-02-23 19:17:07 UTC] Entering function: __init__ in utils.py
[2026-02-23 19:17:07 UTC] Entering function: __enter__ in utils.py
[2026-02-23 19:17:07 UTC] START: Feature Gen Data Load
[2026-02-23 19:17:13 UTC] Entering function: __exit__ in utils.py
[2026-02-23 19:17:13 UTC] END: Feature Gen Data Load (6.11s)
[2026-02-23 19:17:13 UTC] Loaded 569 symbols. Skipped 18.
[2026-02-23 19:17:13 UTC]   [SKIP] BREV/USDC: Insufficient data (935 rows < 1440)
[2026-02-23 19:17:13 UTC]   [SKIP] BREV/USDT: Insufficient data (935 rows < 1440)
[2026-02-23 19:17:13 UTC]   [SKIP] ESP/USDC: Insufficient data (48 rows < 1440)
[2026-02-23 19:17:13 UTC]   [SKIP] ESP/USDT: Insufficient data (48 rows < 1440)
[2026-02-23 19:17:13 UTC]   [SKIP] FOGO/USDC: Insufficient data (719 rows < 1440)
[2026-02-23 19:17:13 UTC]   [SKIP] FOGO/USDT: Insufficient data (719 rows < 1440)
[2026-02-23 19:17:13 UTC]   [SKIP] FRAX/USDT: Insufficient data (726 rows < 1440)
[2026-02-23 19:17:13 UTC]   [SKIP] RLUSD/USDT: Insufficient data (557 rows < 1440)
[2026-02-23 19:17:13 UTC]   [SKIP] SENT/USDC: Insufficient data (552 rows < 1440)
[2026-02-23 19:17:13 UTC]   [SKIP] SENT/USDT: Insufficient data (552 rows < 1440)
[2026-02-23 19:17:13 UTC]   [SKIP] U/USDC: Insufficient data (773 rows < 1440)
[2026-02-23 19:17:13 UTC]   [SKIP] U/USDT: Insufficient data (773 rows < 1440)
[2026-02-23 19:17:13 UTC]   [SKIP] ZAMA/USDC: Insufficient data (289 rows < 1440)
[2026-02-23 19:17:13 UTC]   [SKIP] ZAMA/USDT: Insufficient data (289 rows < 1440)
[2026-02-23 19:17:13 UTC]   [SKIP] ZKP/USDC: Insufficient data (911 rows < 1440)
[2026-02-23 19:17:13 UTC]   [SKIP] ZKP/USDT: Insufficient data (911 rows < 1440)
[2026-02-23 19:17:13 UTC]   [SKIP] 币安人生/USDC: Insufficient data (911 rows < 1440)
[2026-02-23 19:17:13 UTC]   [SKIP] 币安人生/USDT: Insufficient data (911 rows < 1440)
[2026-02-23 19:17:13 UTC] Constructing Panel...
[2026-02-23 19:17:17 UTC] Computing Market Features...
[2026-02-23 19:17:17 UTC] Entering function: compute_market_features in features.py
[2026-02-23 19:17:17 UTC] Transforming Volume: Log -> EWMA(5)
[2026-02-23 19:17:17 UTC] Entering function: numba_rolling_sum in fast_funcs.py
[2026-02-23 19:17:17 UTC] Entering function: numba_rolling_sum in fast_funcs.py
[2026-02-23 19:17:18 UTC] Entering function: add_regime_gates in features.py
[2026-02-23 19:17:18 UTC] Entering function: numba_rolling_median in fast_funcs.py
[2026-02-23 19:17:18 UTC] Computing Asset Features (Hourly)...
[2026-02-23 19:17:18 UTC] Features: compute base matrices
[2026-02-23 19:17:18 UTC] Entering function: ensure_utc in time_utils.py
[2026-02-23 19:17:19 UTC] Entering function: numba_atr_no_norm in fast_funcs.py
[2026-02-23 19:17:20 UTC] Transforming Close (close): Log -> EWMA(5) -> FFD(d=0.40) [569 cols]
[2026-02-23 19:17:20 UTC] Fixed FFD (close, d=0.40): 10/569
[2026-02-23 19:17:20 UTC] Fixed FFD (close, d=0.40): 20/569
[2026-02-23 19:17:21 UTC] Fixed FFD (close, d=0.40): 30/569
[2026-02-23 19:17:21 UTC] Fixed FFD (close, d=0.40): 40/569
[2026-02-23 19:17:21 UTC] Fixed FFD (close, d=0.40): 50/569
[2026-02-23 19:17:22 UTC] Fixed FFD (close, d=0.40): 60/569
[2026-02-23 19:17:22 UTC] Fixed FFD (close, d=0.40): 70/569
[2026-02-23 19:17:22 UTC] Fixed FFD (close, d=0.40): 80/569
[2026-02-23 19:17:22 UTC] Fixed FFD (close, d=0.40): 90/569
[2026-02-23 19:17:23 UTC] Fixed FFD (close, d=0.40): 100/569
[2026-02-23 19:17:23 UTC] Fixed FFD (close, d=0.40): 110/569
[2026-02-23 19:17:23 UTC] Fixed FFD (close, d=0.40): 120/569
[2026-02-23 19:17:23 UTC] Fixed FFD (close, d=0.40): 130/569
[2026-02-23 19:17:24 UTC] Fixed FFD (close, d=0.40): 140/569
[2026-02-23 19:17:24 UTC] Fixed FFD (close, d=0.40): 150/569
[2026-02-23 19:17:24 UTC] Fixed FFD (close, d=0.40): 160/569
[2026-02-23 19:17:25 UTC] Fixed FFD (close, d=0.40): 170/569
[2026-02-23 19:17:25 UTC] Fixed FFD (close, d=0.40): 180/569
[2026-02-23 19:17:25 UTC] Fixed FFD (close, d=0.40): 190/569
[2026-02-23 19:17:25 UTC] Fixed FFD (close, d=0.40): 200/569
[2026-02-23 19:17:26 UTC] Fixed FFD (close, d=0.40): 210/569
[2026-02-23 19:17:26 UTC] Fixed FFD (close, d=0.40): 220/569
[2026-02-23 19:17:26 UTC] Fixed FFD (close, d=0.40): 230/569
[2026-02-23 19:17:26 UTC] Fixed FFD (close, d=0.40): 240/569
[2026-02-23 19:17:27 UTC] Fixed FFD (close, d=0.40): 250/569
[2026-02-23 19:17:27 UTC] Fixed FFD (close, d=0.40): 260/569
[2026-02-23 19:17:27 UTC] Fixed FFD (close, d=0.40): 270/569
[2026-02-23 19:17:27 UTC] Fixed FFD (close, d=0.40): 280/569
[2026-02-23 19:17:28 UTC] Fixed FFD (close, d=0.40): 290/569
[2026-02-23 19:17:28 UTC] Fixed FFD (close, d=0.40): 300/569
[2026-02-23 19:17:28 UTC] Fixed FFD (close, d=0.40): 310/569
[2026-02-23 19:17:28 UTC] Fixed FFD (close, d=0.40): 320/569
[2026-02-23 19:17:29 UTC] Fixed FFD (close, d=0.40): 330/569
[2026-02-23 19:17:29 UTC] Fixed FFD (close, d=0.40): 340/569
[2026-02-23 19:17:29 UTC] Fixed FFD (close, d=0.40): 350/569
[2026-02-23 19:17:29 UTC] Fixed FFD (close, d=0.40): 360/569
[2026-02-23 19:17:30 UTC] Fixed FFD (close, d=0.40): 370/569
[2026-02-23 19:17:30 UTC] Fixed FFD (close, d=0.40): 380/569
[2026-02-23 19:17:30 UTC] Fixed FFD (close, d=0.40): 390/569
[2026-02-23 19:17:30 UTC] Fixed FFD (close, d=0.40): 400/569
[2026-02-23 19:17:31 UTC] Fixed FFD (close, d=0.40): 410/569
[2026-02-23 19:17:31 UTC] Fixed FFD (close, d=0.40): 420/569
[2026-02-23 19:17:31 UTC] Fixed FFD (close, d=0.40): 430/569
[2026-02-23 19:17:31 UTC] Fixed FFD (close, d=0.40): 440/569
[2026-02-23 19:17:32 UTC] Fixed FFD (close, d=0.40): 450/569
[2026-02-23 19:17:32 UTC] Fixed FFD (close, d=0.40): 460/569
[2026-02-23 19:17:32 UTC] Fixed FFD (close, d=0.40): 470/569
[2026-02-23 19:17:33 UTC] Fixed FFD (close, d=0.40): 480/569
[2026-02-23 19:17:33 UTC] Fixed FFD (close, d=0.40): 490/569
[2026-02-23 19:17:33 UTC] Fixed FFD (close, d=0.40): 500/569
[2026-02-23 19:17:33 UTC] Fixed FFD (close, d=0.40): 510/569
[2026-02-23 19:17:33 UTC] Fixed FFD (close, d=0.40): 520/569
[2026-02-23 19:17:34 UTC] Fixed FFD (close, d=0.40): 530/569
[2026-02-23 19:17:34 UTC] Fixed FFD (close, d=0.40): 540/569
[2026-02-23 19:17:34 UTC] Fixed FFD (close, d=0.40): 550/569
[2026-02-23 19:17:34 UTC] Fixed FFD (close, d=0.40): 560/569
[2026-02-23 19:17:35 UTC] Fixed FFD (close, d=0.40): 569/569
[2026-02-23 19:17:35 UTC] Transforming Volume: Log -> EWMA(5)
[2026-02-23 19:17:36 UTC] Entering function: numba_rolling_sum in fast_funcs.py
[2026-02-23 19:17:36 UTC] Entering function: numba_rolling_sum in fast_funcs.py
[2026-02-23 19:17:36 UTC] Entering function: numba_rolling_sum in fast_funcs.py
[2026-02-23 19:17:36 UTC] Entering function: numba_rolling_sum in fast_funcs.py
[2026-02-23 19:17:36 UTC] Entering function: numba_rolling_sum in fast_funcs.py
[2026-02-23 19:17:37 UTC] Entering function: numba_rolling_sum in fast_funcs.py
[2026-02-23 19:17:37 UTC] Entering function: numba_rolling_sum in fast_funcs.py
[2026-02-23 19:17:37 UTC] Entering function: numba_rolling_sum in fast_funcs.py
[2026-02-23 19:17:37 UTC] Entering function: numba_rolling_sum in fast_funcs.py
[2026-02-23 19:17:37 UTC] Entering function: numba_rolling_sum in fast_funcs.py
[2026-02-23 19:17:37 UTC] Entering function: numba_rolling_sum in fast_funcs.py
[2026-02-23 19:17:37 UTC] Entering function: numba_rolling_sum in fast_funcs.py
[2026-02-23 19:17:37 UTC] Entering function: numba_rolling_sum in fast_funcs.py
[2026-02-23 19:17:37 UTC] Entering function: numba_rolling_sum in fast_funcs.py
[2026-02-23 19:17:38 UTC] Entering function: numba_atr_no_norm in fast_funcs.py
[2026-02-23 19:17:39 UTC] Transforming Close (close_d04): Log -> EWMA(5) -> FFD(d=0.40) [569 cols]
[2026-02-23 19:17:39 UTC] Fixed FFD (close_d04, d=0.40): 10/569
[2026-02-23 19:17:39 UTC] Fixed FFD (close_d04, d=0.40): 20/569
[2026-02-23 19:17:39 UTC] Fixed FFD (close_d04, d=0.40): 30/569
[2026-02-23 19:17:40 UTC] Fixed FFD (close_d04, d=0.40): 40/569
[2026-02-23 19:17:40 UTC] Fixed FFD (close_d04, d=0.40): 50/569
[2026-02-23 19:17:40 UTC] Fixed FFD (close_d04, d=0.40): 60/569
[2026-02-23 19:17:40 UTC] Fixed FFD (close_d04, d=0.40): 70/569
[2026-02-23 19:17:41 UTC] Fixed FFD (close_d04, d=0.40): 80/569
[2026-02-23 19:17:41 UTC] Fixed FFD (close_d04, d=0.40): 90/569
[2026-02-23 19:17:41 UTC] Fixed FFD (close_d04, d=0.40): 100/569
[2026-02-23 19:17:41 UTC] Fixed FFD (close_d04, d=0.40): 110/569
[2026-02-23 19:17:42 UTC] Fixed FFD (close_d04, d=0.40): 120/569
[2026-02-23 19:17:42 UTC] Fixed FFD (close_d04, d=0.40): 130/569
[2026-02-23 19:17:42 UTC] Fixed FFD (close_d04, d=0.40): 140/569
[2026-02-23 19:17:43 UTC] Fixed FFD (close_d04, d=0.40): 150/569
[2026-02-23 19:17:43 UTC] Fixed FFD (close_d04, d=0.40): 160/569
[2026-02-23 19:17:43 UTC] Fixed FFD (close_d04, d=0.40): 170/569
[2026-02-23 19:17:43 UTC] Fixed FFD (close_d04, d=0.40): 180/569
[2026-02-23 19:17:43 UTC] Fixed FFD (close_d04, d=0.40): 190/569
[2026-02-23 19:17:44 UTC] Fixed FFD (close_d04, d=0.40): 200/569
[2026-02-23 19:17:44 UTC] Fixed FFD (close_d04, d=0.40): 210/569
[2026-02-23 19:17:44 UTC] Fixed FFD (close_d04, d=0.40): 220/569
[2026-02-23 19:17:45 UTC] Fixed FFD (close_d04, d=0.40): 230/569
[2026-02-23 19:17:45 UTC] Fixed FFD (close_d04, d=0.40): 240/569
[2026-02-23 19:17:45 UTC] Fixed FFD (close_d04, d=0.40): 250/569
[2026-02-23 19:17:46 UTC] Fixed FFD (close_d04, d=0.40): 260/569
[2026-02-23 19:17:46 UTC] Fixed FFD (close_d04, d=0.40): 270/569
[2026-02-23 19:17:46 UTC] Fixed FFD (close_d04, d=0.40): 280/569
[2026-02-23 19:17:46 UTC] Fixed FFD (close_d04, d=0.40): 290/569
[2026-02-23 19:17:47 UTC] Fixed FFD (close_d04, d=0.40): 300/569
[2026-02-23 19:17:47 UTC] Fixed FFD (close_d04, d=0.40): 310/569
[2026-02-23 19:17:47 UTC] Fixed FFD (close_d04, d=0.40): 320/569
[2026-02-23 19:17:48 UTC] Fixed FFD (close_d04, d=0.40): 330/569
[2026-02-23 19:17:48 UTC] Fixed FFD (close_d04, d=0.40): 340/569
[2026-02-23 19:17:48 UTC] Fixed FFD (close_d04, d=0.40): 350/569
[2026-02-23 19:17:48 UTC] Fixed FFD (close_d04, d=0.40): 360/569
[2026-02-23 19:17:49 UTC] Fixed FFD (close_d04, d=0.40): 370/569
[2026-02-23 19:17:49 UTC] Fixed FFD (close_d04, d=0.40): 380/569
[2026-02-23 19:17:50 UTC] Fixed FFD (close_d04, d=0.40): 390/569
[2026-02-23 19:17:50 UTC] Fixed FFD (close_d04, d=0.40): 400/569
[2026-02-23 19:17:51 UTC] Fixed FFD (close_d04, d=0.40): 410/569
[2026-02-23 19:17:51 UTC] Fixed FFD (close_d04, d=0.40): 420/569
[2026-02-23 19:17:51 UTC] Fixed FFD (close_d04, d=0.40): 430/569
[2026-02-23 19:17:52 UTC] Fixed FFD (close_d04, d=0.40): 440/569
[2026-02-23 19:17:52 UTC] Fixed FFD (close_d04, d=0.40): 450/569
[2026-02-23 19:17:52 UTC] Fixed FFD (close_d04, d=0.40): 460/569
[2026-02-23 19:17:53 UTC] Fixed FFD (close_d04, d=0.40): 470/569
[2026-02-23 19:17:53 UTC] Fixed FFD (close_d04, d=0.40): 480/569
[2026-02-23 19:17:54 UTC] Fixed FFD (close_d04, d=0.40): 490/569
[2026-02-23 19:17:54 UTC] Fixed FFD (close_d04, d=0.40): 500/569
[2026-02-23 19:17:54 UTC] Fixed FFD (close_d04, d=0.40): 510/569
[2026-02-23 19:17:55 UTC] Fixed FFD (close_d04, d=0.40): 520/569
