[2026-02-23 19:07:57 UTC] Entering function: retry_with_backoff in utils.py
2026-02-23 20:07:59,451 - DataQualityFramework - INFO - ℹ️ ✅ Comprehensive duplicate analyzer integrated
2026-02-23 20:07:59,451 - DataQualityFramework - INFO - ℹ️ 🔧 Unified Data Quality Framework initialized (singleton)
[2026-02-23 20:07:59.451] PERFORMANCE: DataQualityFramework initialization took 0.000s
2026-02-23 20:07:59,451 - System.tprint - INFO - ℹ️ DataQualityFramework initialization took 0.000s
2026-02-23 20:07:59,622 - ares.registry - INFO - ℹ️ Registered step: data_download
2026-02-23 20:07:59,626 - System.AdvancedQualityMetrics - INFO - ℹ️ 📊 AdvancedQualityMetrics initialized with tolerant parameters
[2026-02-23 20:07:59.626] PERFORMANCE: AdvancedQualityMetrics initialization took 0.000s
2026-02-23 20:07:59,626 - System.tprint - INFO - ℹ️ AdvancedQualityMetrics initialization took 0.000s
2026-02-23 20:07:59,628 - DataCleaner - INFO - ℹ️ Using klines-specific gap thresholds: {<GapType.SMALL: 'small'>: 65, <GapType.MEDIUM: 'medium'>: 300, <GapType.LARGE: 'large'>: 1800, <GapType.CRITICAL: 'critical'>: 3600}
[2026-02-23 20:07:59.628] PERFORMANCE: DataCleaner(klines) initialization took 0.000s
2026-02-23 20:07:59,628 - System.tprint - INFO - ℹ️ DataCleaner(klines) initialization took 0.000s
2026-02-23 20:07:59,628 - DataCleaner - INFO - ℹ️ Using klines-specific gap thresholds: {<GapType.SMALL: 'small'>: 65, <GapType.MEDIUM: 'medium'>: 300, <GapType.LARGE: 'large'>: 1800, <GapType.CRITICAL: 'critical'>: 3600}
[2026-02-23 20:07:59.628] PERFORMANCE: DataCleaner(klines) initialization took 0.000s
2026-02-23 20:07:59,628 - System.tprint - INFO - ℹ️ DataCleaner(klines) initialization took 0.000s
2026-02-23 20:07:59,628 - DataCleanerManager - INFO - ℹ️ 🔧 DataCleanerManager initialized (singleton)
[2026-02-23 20:07:59.638] DEBUG: 🔧 [features_common.utils] Initializing common utilities module
[2026-02-23 20:07:59.638] SUCCESS: ✅ [features_common.utils] Math validation utilities loaded
2026-02-23 20:07:59,639 - System.tprint - INFO - ℹ️ ✅ [features_common.utils] Math validation utilities loaded
[2026-02-23 20:07:59.638] DEBUG: 🔧 [features_common.utils] Common utilities module initialized
2026-02-23 20:08:01,355 - src.utils.hardware.m1_gpu_utils.M1GPUManager - INFO - ℹ️ M1 GPU Manager initialized - M1: True, Generation: m1, MPS: True
2026-02-23 20:08:01,371 - src.utils.hardware.m1_cpu_optimizer.M1CPUOptimizer - INFO - ℹ️ 🧠 M1 CPU Optimizer initialized for M1 (4P+4E cores)
[2026-02-23 20:08:01.450] DEBUG: 🔧 [transforms] Module initialized with 15 exports
2026-02-23 20:08:01,450 - src.features_common.backward_compatibility - INFO - ℹ️ Backward compatibility ensured for features_common
[2026-02-23 20:08:01.451] DEBUG: 🔧 [optimization] Module initialized with 6 exports
[2026-02-23 20:08:01.451] DEBUG: 🔧 [registry] Module initialized with BaseFeatureRegistry
[2026-02-23 20:08:01.454] DEBUG: 🚀 [features_common] Enhanced module initialized with 59 exports
[2026-02-23 20:08:01.454] SUCCESS: ✅ [features_common] All optimizations enabled by default
2026-02-23 20:08:01,454 - System.tprint - INFO - ℹ️ ✅ [features_common] All optimizations enabled by default
[2026-02-23 20:08:01.454] INFO: 🔧 [features_common] VectorBT integration available
2026-02-23 20:08:01,454 - System.tprint - INFO - ℹ️ 🔧 [features_common] VectorBT integration available
[2026-02-23 20:08:01.454] PERFORMANCE: 📊 [features_common] Performance monitoring enabled
2026-02-23 20:08:01,454 - System.tprint - INFO - ℹ️ 📊 [features_common] Performance monitoring enabled
[2026-02-23 20:08:01.454] WARNING: 💾 [features_common] Intelligent caching active
2026-02-23 20:08:01,454 - System.tprint - WARNING - ⚠️ 💾 [features_common] Intelligent caching active
2026-02-23 20:08:01,455 - System.DataStreamingManager - INFO - ℹ️ 🚀 DataStreamingManager initialized (singleton): chunk_size=10000, memory_threshold=0.8
[2026-02-23 20:08:01.454] PERFORMANCE: DataStreamingManager initialization took 0.000s
2026-02-23 20:08:01,455 - System.tprint - INFO - ℹ️ DataStreamingManager initialization took 0.000s
[2026-02-23 20:08:01.457] ✅ Custom logger available for MLCommon.ValidationUtils
2026-02-23 20:08:01,457 - System.tprint - INFO - ℹ️ ✅ Custom logger available for MLCommon.ValidationUtils
2026-02-23 20:08:01,458 - System.CrossStepValidator - INFO - ℹ️ 🔍 CrossStepValidator initialized with comprehensive consistency rules
2026-02-23 20:08:01,459 - DataCleaner - INFO - ℹ️ Using klines-specific gap thresholds: {<GapType.SMALL: 'small'>: 65, <GapType.MEDIUM: 'medium'>: 300, <GapType.LARGE: 'large'>: 1800, <GapType.CRITICAL: 'critical'>: 3600}
[2026-02-23 20:08:01.459] PERFORMANCE: DataCleaner(klines) initialization took 0.000s
2026-02-23 20:08:01,459 - System.tprint - INFO - ℹ️ DataCleaner(klines) initialization took 0.000s
2026-02-23 20:08:01,459 - System.UnifiedDataUtils - INFO - ℹ️ 🚀 Unified Data Utils initialized
[2026-02-23 19:08:01 UTC] GC: Collected 15 objects on startup.
[2026-02-23 19:08:01 UTC] CACHE: Cleared directory /Users/remyroche/Documents/Ares/cache
[2026-02-23 19:08:01 UTC] Features mode. Target ts_sig=2026-02-14 19:00:00+00:00
[2026-02-23 19:08:01 UTC] STEP: FEATURE GENERATION START
[2026-02-23 19:08:01 UTC] Target Timestamp: 2026-02-14 19:00:00+00:00
[2026-02-23 19:08:01 UTC] Entering function: refresh_margin_universe_daily in universe.py
[2026-02-23 19:08:01 UTC] Refreshing margin universe...
[2026-02-23 19:08:01 UTC] Entering function: fetch_binance_cross_margin_pairs in universe.py
[2026-02-23 19:08:03 UTC] Fetched 798 cross margin pairs from exchangeInfo.
[2026-02-23 19:08:03 UTC] Entering function: margin_pairs_to_spot_symbols in universe.py
[2026-02-23 19:08:03 UTC] Processing 798 margin pairs for quotes ('USDT', 'USDC', 'BUSD', 'EUR')...
[2026-02-23 19:08:03 UTC] Found 711 spot symbols. Breakdown: USDT: 434, USDC: 277, BUSD: 0, EUR: 0
[2026-02-23 19:08:03 UTC] Refreshed margin universe: 711 symbols.
[2026-02-23 19:08:03 UTC] Entering function: build_fetch_universe in universe.py
[2026-02-23 19:08:03 UTC] Building universe from 711 margin symbols + 5 basket symbols (Top 600).
[2026-02-23 19:08:03 UTC] Entering function: fetch_24h_tickers in universe.py
[2026-02-23 19:08:03 UTC] Fetched 3504 24h tickers.
[2026-02-23 19:08:03 UTC] Volume map built for 3504 tickers.
[2026-02-23 19:08:03 UTC] Scored 711 margin symbols.
[2026-02-23 19:08:03 UTC] Selected top 600 symbols by volume.
[2026-02-23 19:08:03 UTC] Universe selected: 600 symbols (Top 600 by vol + basket)
[2026-02-23 19:08:03 UTC] Filtering 600 symbols by variance (Top 100%)...
[2026-02-23 19:08:05 UTC] Variance Filter: Kept 588/600 symbols.
[2026-02-23 19:08:05 UTC] Universe (Top 600 Vol + Basket + VarianceFilter): 588 symbols
[2026-02-23 19:08:05 UTC] Entering function: __init__ in utils.py
[2026-02-23 19:08:05 UTC] Entering function: __enter__ in utils.py
[2026-02-23 19:08:05 UTC] START: Feature Gen Data Load
[2026-02-23 19:08:10 UTC] Entering function: __exit__ in utils.py
[2026-02-23 19:08:10 UTC] END: Feature Gen Data Load (5.29s)
[2026-02-23 19:08:10 UTC] Loaded 570 symbols. Skipped 18.
[2026-02-23 19:08:10 UTC]   [SKIP] BREV/USDC: Insufficient data (935 rows < 1440)
[2026-02-23 19:08:10 UTC]   [SKIP] BREV/USDT: Insufficient data (935 rows < 1440)
[2026-02-23 19:08:10 UTC]   [SKIP] ESP/USDC: Insufficient data (48 rows < 1440)
[2026-02-23 19:08:10 UTC]   [SKIP] ESP/USDT: Insufficient data (48 rows < 1440)
[2026-02-23 19:08:10 UTC]   [SKIP] FOGO/USDC: Insufficient data (719 rows < 1440)
[2026-02-23 19:08:10 UTC]   [SKIP] FOGO/USDT: Insufficient data (719 rows < 1440)
[2026-02-23 19:08:10 UTC]   [SKIP] FRAX/USDT: Insufficient data (726 rows < 1440)
[2026-02-23 19:08:10 UTC]   [SKIP] RLUSD/USDT: Insufficient data (557 rows < 1440)
[2026-02-23 19:08:10 UTC]   [SKIP] SENT/USDC: Insufficient data (552 rows < 1440)
[2026-02-23 19:08:10 UTC]   [SKIP] SENT/USDT: Insufficient data (552 rows < 1440)
[2026-02-23 19:08:10 UTC]   [SKIP] U/USDC: Insufficient data (773 rows < 1440)
[2026-02-23 19:08:10 UTC]   [SKIP] U/USDT: Insufficient data (773 rows < 1440)
[2026-02-23 19:08:10 UTC]   [SKIP] ZAMA/USDC: Insufficient data (289 rows < 1440)
[2026-02-23 19:08:10 UTC]   [SKIP] ZAMA/USDT: Insufficient data (289 rows < 1440)
[2026-02-23 19:08:10 UTC]   [SKIP] ZKP/USDC: Insufficient data (911 rows < 1440)
[2026-02-23 19:08:10 UTC]   [SKIP] ZKP/USDT: Insufficient data (911 rows < 1440)
[2026-02-23 19:08:10 UTC]   [SKIP] 币安人生/USDC: Insufficient data (911 rows < 1440)
[2026-02-23 19:08:10 UTC]   [SKIP] 币安人生/USDT: Insufficient data (911 rows < 1440)
[2026-02-23 19:08:10 UTC] Constructing Panel...
[2026-02-23 19:08:15 UTC] Feature cache scan progress: 100/617 files (16.2%)
[2026-02-23 19:08:15 UTC] Feature cache scan progress: 200/617 files (32.4%)
[2026-02-23 19:08:15 UTC] Feature cache scan progress: 300/617 files (48.6%)
[2026-02-23 19:08:16 UTC] Feature cache scan progress: 400/617 files (64.8%)
[2026-02-23 19:08:16 UTC] Feature cache scan progress: 500/617 files (81.0%)
[2026-02-23 19:08:17 UTC] Feature cache scan progress: 600/617 files (97.2%)
[2026-02-23 19:08:17 UTC] Feature cache scan progress: 617/617 files (100.0%)
[2026-02-23 19:08:17 UTC] Feature cache incomplete for 2026-02-14 19:00:00+00:00: missing=22 partial=0. Backfilling missing/partial features only.
[2026-02-23 19:08:17 UTC] Cache scan summary: files=617 required_symbols=570 available_expected_keys=458/480
[2026-02-23 19:08:17 UTC] Missing keys: be_vol_units, dist_from_high_event_12h, dist_from_high_vol, dist_from_low_event_12h, dist_from_low_vol, giveback_vol_units, pl_vol_units, second_leg_accel_1h, second_leg_accel_2h, second_leg_accel_vol_1h, second_leg_accel_vol_2h, shock_12h, shock_vol_ratio, t_be_proxy, t_pl_proxy, t_trail_proxy, time_since_event_extreme_12h, time_since_peak_12h, time_since_trough_12h, trail_act_pct, trail_act_vol_units, vol_scale
[2026-02-23 19:08:17 UTC] Computing Market Features...
[2026-02-23 19:08:17 UTC] Entering function: compute_market_features in features.py
[2026-02-23 19:08:17 UTC] Transforming Volume: Log -> EWMA(5)
[2026-02-23 19:08:17 UTC] Entering function: numba_rolling_sum in fast_funcs.py
[2026-02-23 19:08:17 UTC] Entering function: numba_rolling_sum in fast_funcs.py
[2026-02-23 19:08:17 UTC] Entering function: add_regime_gates in features.py
[2026-02-23 19:08:17 UTC] Entering function: numba_rolling_median in fast_funcs.py
[2026-02-23 19:08:19 UTC] Tail-only backfill cutoffs: eligible=0 missing_file=0 missing_cols=570 structural_or_interior=0 already_covered=0
[2026-02-23 19:08:19 UTC] Computing Asset Features (Hourly) in chunked backfill mode: 570 symbols, chunk_size=140, chunks=5
[2026-02-23 19:08:19 UTC] [Feature chunk 1/5] symbols=140 (0G/USDC .. D/USDT)
[2026-02-23 19:08:19 UTC] Features: compute base matrices
[2026-02-23 19:08:19 UTC] Entering function: ensure_utc in time_utils.py
[2026-02-23 19:08:20 UTC] Entering function: numba_atr_no_norm in fast_funcs.py
[2026-02-23 19:08:20 UTC] Transforming Close (close): Log -> EWMA(5) -> FFD(d=0.40) [140 cols]
[2026-02-23 19:08:20 UTC] Fixed FFD (close, d=0.40): 10/140
[2026-02-23 19:08:20 UTC] Fixed FFD (close, d=0.40): 20/140
[2026-02-23 19:08:20 UTC] Fixed FFD (close, d=0.40): 30/140
[2026-02-23 19:08:21 UTC] Fixed FFD (close, d=0.40): 40/140
[2026-02-23 19:08:21 UTC] Fixed FFD (close, d=0.40): 50/140
[2026-02-23 19:08:21 UTC] Fixed FFD (close, d=0.40): 60/140
[2026-02-23 19:08:22 UTC] Fixed FFD (close, d=0.40): 70/140
[2026-02-23 19:08:22 UTC] Fixed FFD (close, d=0.40): 80/140
[2026-02-23 19:08:22 UTC] Fixed FFD (close, d=0.40): 90/140
[2026-02-23 19:08:22 UTC] Fixed FFD (close, d=0.40): 100/140
[2026-02-23 19:08:22 UTC] Fixed FFD (close, d=0.40): 110/140
[2026-02-23 19:08:23 UTC] Fixed FFD (close, d=0.40): 120/140
[2026-02-23 19:08:23 UTC] Fixed FFD (close, d=0.40): 130/140
[2026-02-23 19:08:23 UTC] Fixed FFD (close, d=0.40): 140/140
[2026-02-23 19:08:23 UTC] Transforming Volume: Log -> EWMA(5)
[2026-02-23 19:08:24 UTC] Entering function: numba_rolling_sum in fast_funcs.py
[2026-02-23 19:08:24 UTC] Entering function: numba_rolling_sum in fast_funcs.py
[2026-02-23 19:08:24 UTC] Entering function: numba_rolling_sum in fast_funcs.py
[2026-02-23 19:08:24 UTC] Entering function: numba_rolling_sum in fast_funcs.py
[2026-02-23 19:08:24 UTC] Entering function: numba_rolling_sum in fast_funcs.py
[2026-02-23 19:08:24 UTC] Entering function: numba_rolling_sum in fast_funcs.py
[2026-02-23 19:08:24 UTC] Entering function: numba_rolling_sum in fast_funcs.py
[2026-02-23 19:08:24 UTC] Entering function: numba_rolling_sum in fast_funcs.py
[2026-02-23 19:08:24 UTC] Entering function: numba_rolling_sum in fast_funcs.py
[2026-02-23 19:08:24 UTC] Entering function: numba_rolling_sum in fast_funcs.py
[2026-02-23 19:08:24 UTC] Entering function: numba_rolling_sum in fast_funcs.py
[2026-02-23 19:08:24 UTC] Entering function: numba_rolling_sum in fast_funcs.py
[2026-02-23 19:08:24 UTC] Entering function: numba_rolling_sum in fast_funcs.py
[2026-02-23 19:08:24 UTC] Entering function: numba_rolling_sum in fast_funcs.py
[2026-02-23 19:08:24 UTC] Entering function: numba_atr_no_norm in fast_funcs.py
[2026-02-23 19:08:24 UTC] Transforming Close (close_d04): Log -> EWMA(5) -> FFD(d=0.40) [140 cols]
[2026-02-23 19:08:24 UTC] Fixed FFD (close_d04, d=0.40): 10/140
[2026-02-23 19:08:25 UTC] Fixed FFD (close_d04, d=0.40): 20/140
[2026-02-23 19:08:25 UTC] Fixed FFD (close_d04, d=0.40): 30/140
[2026-02-23 19:08:25 UTC] Fixed FFD (close_d04, d=0.40): 40/140
[2026-02-23 19:08:26 UTC] Fixed FFD (close_d04, d=0.40): 50/140
[2026-02-23 19:08:26 UTC] Fixed FFD (close_d04, d=0.40): 60/140
[2026-02-23 19:08:26 UTC] Fixed FFD (close_d04, d=0.40): 70/140
[2026-02-23 19:08:26 UTC] Fixed FFD (close_d04, d=0.40): 80/140
[2026-02-23 19:08:26 UTC] Fixed FFD (close_d04, d=0.40): 90/140
[2026-02-23 19:08:27 UTC] Fixed FFD (close_d04, d=0.40): 100/140
[2026-02-23 19:08:27 UTC] Fixed FFD (close_d04, d=0.40): 110/140
[2026-02-23 19:08:27 UTC] Fixed FFD (close_d04, d=0.40): 120/140
[2026-02-23 19:08:27 UTC] Fixed FFD (close_d04, d=0.40): 130/140
[2026-02-23 19:08:28 UTC] Fixed FFD (close_d04, d=0.40): 140/140
[2026-02-23 19:08:28 UTC] Entering function: numba_rolling_max in fast_funcs.py
[2026-02-23 19:08:28 UTC] Entering function: numba_rolling_min in fast_funcs.py
[2026-02-23 19:08:28 UTC] Transforming Close (close_d05): Log -> EWMA(5) -> FFD(d=0.50) [140 cols]
[2026-02-23 19:08:28 UTC] Fixed FFD (close_d05, d=0.50): 10/140
[2026-02-23 19:08:28 UTC] Fixed FFD (close_d05, d=0.50): 20/140
[2026-02-23 19:08:29 UTC] Fixed FFD (close_d05, d=0.50): 30/140
[2026-02-23 19:08:29 UTC] Fixed FFD (close_d05, d=0.50): 40/140
[2026-02-23 19:08:29 UTC] Fixed FFD (close_d05, d=0.50): 50/140
[2026-02-23 19:08:29 UTC] Fixed FFD (close_d05, d=0.50): 60/140
[2026-02-23 19:08:29 UTC] Fixed FFD (close_d05, d=0.50): 70/140
[2026-02-23 19:08:29 UTC] Fixed FFD (close_d05, d=0.50): 80/140
[2026-02-23 19:08:30 UTC] Fixed FFD (close_d05, d=0.50): 90/140
[2026-02-23 19:08:30 UTC] Fixed FFD (close_d05, d=0.50): 100/140
[2026-02-23 19:08:30 UTC] Fixed FFD (close_d05, d=0.50): 110/140
[2026-02-23 19:08:30 UTC] Fixed FFD (close_d05, d=0.50): 120/140
[2026-02-23 19:08:30 UTC] Fixed FFD (close_d05, d=0.50): 130/140
[2026-02-23 19:08:30 UTC] Fixed FFD (close_d05, d=0.50): 140/140
[2026-02-23 19:08:31 UTC] Entering function: numba_rolling_max in fast_funcs.py
[2026-02-23 19:08:31 UTC] Entering function: numba_rolling_min in fast_funcs.py
[2026-02-23 19:08:31 UTC] Transforming Close (close_d06): Log -> EWMA(5) -> FFD(d=0.60) [140 cols]
[2026-02-23 19:08:31 UTC] Fixed FFD (close_d06, d=0.60): 10/140
[2026-02-23 19:08:31 UTC] Fixed FFD (close_d06, d=0.60): 20/140
[2026-02-23 19:08:31 UTC] Fixed FFD (close_d06, d=0.60): 30/140
[2026-02-23 19:08:31 UTC] Fixed FFD (close_d06, d=0.60): 40/140
[2026-02-23 19:08:31 UTC] Fixed FFD (close_d06, d=0.60): 50/140
[2026-02-23 19:08:31 UTC] Fixed FFD (close_d06, d=0.60): 60/140
[2026-02-23 19:08:31 UTC] Fixed FFD (close_d06, d=0.60): 70/140
[2026-02-23 19:08:31 UTC] Fixed FFD (close_d06, d=0.60): 80/140
[2026-02-23 19:08:32 UTC] Fixed FFD (close_d06, d=0.60): 90/140
[2026-02-23 19:08:32 UTC] Fixed FFD (close_d06, d=0.60): 100/140
[2026-02-23 19:08:32 UTC] Fixed FFD (close_d06, d=0.60): 110/140
[2026-02-23 19:08:32 UTC] Fixed FFD (close_d06, d=0.60): 120/140
[2026-02-23 19:08:32 UTC] Fixed FFD (close_d06, d=0.60): 130/140
[2026-02-23 19:08:32 UTC] Fixed FFD (close_d06, d=0.60): 140/140
[2026-02-23 19:08:32 UTC] Entering function: numba_rolling_max in fast_funcs.py
[2026-02-23 19:08:32 UTC] Entering function: numba_rolling_min in fast_funcs.py
[2026-02-23 19:08:33 UTC] Entering function: numba_rolling_sum in fast_funcs.py
[2026-02-23 19:08:33 UTC] Entering function: numba_rolling_sum in fast_funcs.py
[2026-02-23 19:08:33 UTC] Entering function: numba_rolling_sum in fast_funcs.py
[2026-02-23 19:08:33 UTC] Entering function: numba_rolling_sum in fast_funcs.py
[2026-02-23 19:08:33 UTC] Entering function: numba_rolling_sum in fast_funcs.py
[2026-02-23 19:08:33 UTC] Entering function: numba_rolling_sum in fast_funcs.py
[2026-02-23 19:08:33 UTC] Entering function: numba_rolling_sum in fast_funcs.py
[2026-02-23 19:08:33 UTC] Entering function: numba_rolling_sum in fast_funcs.py
[2026-02-23 19:08:33 UTC] Entering function: numba_rolling_sum in fast_funcs.py
[2026-02-23 19:08:33 UTC] Entering function: numba_rolling_sum in fast_funcs.py
[2026-02-23 19:08:33 UTC] Entering function: numba_rolling_sum in fast_funcs.py
[2026-02-23 19:08:33 UTC] Entering function: numba_rolling_sum in fast_funcs.py
[2026-02-23 19:08:33 UTC] Entering function: numba_rolling_sum in fast_funcs.py
[2026-02-23 19:08:33 UTC] Entering function: numba_rolling_sum in fast_funcs.py
[2026-02-23 19:08:33 UTC] Entering function: numba_rolling_sum in fast_funcs.py
[2026-02-23 19:08:33 UTC] Entering function: numba_rolling_corr in fast_funcs.py
[2026-02-23 19:08:33 UTC] Entering function: apply_to_frame_binary in fast_funcs.py
[2026-02-23 19:08:33 UTC] Entering function: numba_rolling_corr in fast_funcs.py
[2026-02-23 19:08:33 UTC] Entering function: apply_to_frame_binary in fast_funcs.py
[2026-02-23 19:08:33 UTC] Entering function: numba_rolling_max in fast_funcs.py
[2026-02-23 19:08:33 UTC] Entering function: numba_rolling_min in fast_funcs.py
[2026-02-23 19:08:33 UTC] Entering function: numba_rolling_sum in fast_funcs.py
[2026-02-23 19:08:34 UTC] Entering function: numba_rolling_max in fast_funcs.py
[2026-02-23 19:08:34 UTC] Entering function: numba_rolling_min in fast_funcs.py
[2026-02-23 19:08:34 UTC] Entering function: numba_rolling_sum in fast_funcs.py
[2026-02-23 19:08:34 UTC] Entering function: numba_rolling_max in fast_funcs.py
[2026-02-23 19:08:34 UTC] Entering function: numba_rolling_min in fast_funcs.py
[2026-02-23 19:08:34 UTC] Entering function: numba_rolling_sum in fast_funcs.py
[2026-02-23 19:08:34 UTC] Entering function: numba_rolling_max in fast_funcs.py
[2026-02-23 19:08:34 UTC] Entering function: numba_rolling_min in fast_funcs.py
[2026-02-23 19:08:34 UTC] Entering function: numba_rolling_sum in fast_funcs.py
[2026-02-23 19:08:34 UTC] Entering function: numba_rolling_max in fast_funcs.py
[2026-02-23 19:08:34 UTC] Entering function: numba_rolling_min in fast_funcs.py
[2026-02-23 19:08:34 UTC] Entering function: numba_rolling_sum in fast_funcs.py
[2026-02-23 19:08:34 UTC] Entering function: numba_rolling_max in fast_funcs.py
[2026-02-23 19:08:34 UTC] Entering function: numba_rolling_min in fast_funcs.py
[2026-02-23 19:08:34 UTC] Entering function: numba_rolling_sum in fast_funcs.py
[2026-02-23 19:08:36 UTC] Entering function: numba_rsi in fast_funcs.py
[2026-02-23 19:08:36 UTC] Entering function: numba_rolling_max in fast_funcs.py
[2026-02-23 19:08:36 UTC] Entering function: numba_rolling_min in fast_funcs.py
[2026-02-23 19:08:36 UTC] Entering function: numba_rolling_max in fast_funcs.py
[2026-02-23 19:08:36 UTC] Entering function: numba_rolling_min in fast_funcs.py
[2026-02-23 19:08:36 UTC] Entering function: numba_rolling_robust_zscore in fast_funcs.py
[2026-02-23 19:08:48 UTC] Entering function: numba_rolling_max in fast_funcs.py
[2026-02-23 19:08:48 UTC] Entering function: numba_pct_change in fast_funcs.py
[2026-02-23 19:08:48 UTC] Entering function: numba_rolling_corr in fast_funcs.py
[2026-02-23 19:08:48 UTC] Entering function: apply_to_frame_binary in fast_funcs.py
[2026-02-23 19:08:49 UTC] Entering function: numba_grouped_rolling_mean in fast_funcs.py
[2026-02-23 19:08:50 UTC] Entering function: numba_rolling_max in fast_funcs.py
[2026-02-23 19:08:50 UTC] Entering function: numba_rolling_sum in fast_funcs.py
[2026-02-23 19:08:50 UTC] Entering function: numba_rolling_corr in fast_funcs.py
[2026-02-23 19:08:50 UTC] Entering function: apply_to_frame_binary in fast_funcs.py
[2026-02-23 19:08:50 UTC] Entering function: numba_rolling_sum in fast_funcs.py
[2026-02-23 19:08:51 UTC] Entering function: numba_rolling_corr in fast_funcs.py
[2026-02-23 19:08:51 UTC] Entering function: apply_to_frame_binary in fast_funcs.py
[2026-02-23 19:08:51 UTC] Entering function: numba_rsi in fast_funcs.py
[2026-02-23 19:08:51 UTC] Entering function: numba_rsi in fast_funcs.py
[2026-02-23 19:08:51 UTC] Entering function: numba_atr_no_norm in fast_funcs.py
[2026-02-23 19:08:51 UTC] Entering function: numba_atr_no_norm in fast_funcs.py
[2026-02-23 19:08:51 UTC] Entering function: numba_rolling_robust_zscore in fast_funcs.py
[2026-02-23 19:09:00 UTC] Entering function: numba_rolling_mad in fast_funcs.py
[2026-02-23 19:09:01 UTC] Entering function: numba_rolling_mad in fast_funcs.py
[2026-02-23 19:09:03 UTC] Entering function: numba_rolling_max in fast_funcs.py
[2026-02-23 19:09:03 UTC] Entering function: numba_rolling_sum in fast_funcs.py
[2026-02-23 19:09:09 UTC] Entering function: numba_rolling_robust_zscore in fast_funcs.py
[2026-02-23 19:09:15 UTC] Entering function: numba_rolling_corr in fast_funcs.py
[2026-02-23 19:09:15 UTC] Entering function: apply_to_frame_binary in fast_funcs.py
[2026-02-23 19:09:16 UTC] Entering function: numba_rolling_sum in fast_funcs.py
[2026-02-23 19:09:17 UTC] Entering function: numba_rolling_min in fast_funcs.py
[2026-02-23 19:09:17 UTC] Entering function: numba_rolling_max in fast_funcs.py
[2026-02-23 19:09:17 UTC] Entering function: numba_rolling_max in fast_funcs.py
[2026-02-23 19:09:17 UTC] Entering function: numba_rolling_min in fast_funcs.py
[2026-02-23 19:09:17 UTC] Entering function: numba_rolling_max in fast_funcs.py
[2026-02-23 19:09:17 UTC] Entering function: numba_rolling_min in fast_funcs.py
[2026-02-23 19:09:17 UTC] Entering function: numba_rolling_max in fast_funcs.py
[2026-02-23 19:09:17 UTC] Entering function: numba_rolling_min in fast_funcs.py
[2026-02-23 19:09:18 UTC] Entering function: numba_rolling_max in fast_funcs.py
[2026-02-23 19:09:18 UTC] Entering function: numba_rolling_min in fast_funcs.py
[2026-02-23 19:09:18 UTC] Entering function: numba_rolling_max in fast_funcs.py
[2026-02-23 19:09:18 UTC] Entering function: numba_rolling_min in fast_funcs.py
[2026-02-23 19:09:18 UTC] Entering function: numba_rolling_max in fast_funcs.py
[2026-02-23 19:09:18 UTC] Entering function: numba_rolling_min in fast_funcs.py
[2026-02-23 19:09:18 UTC] Entering function: numba_rolling_max in fast_funcs.py
[2026-02-23 19:09:18 UTC] Entering function: numba_rolling_min in fast_funcs.py
[2026-02-23 19:09:18 UTC] Entering function: numba_rolling_max in fast_funcs.py
[2026-02-23 19:09:18 UTC] Entering function: numba_rolling_min in fast_funcs.py
[2026-02-23 19:09:19 UTC] Entering function: numba_rolling_max in fast_funcs.py
[2026-02-23 19:09:19 UTC] Entering function: numba_rolling_min in fast_funcs.py
[2026-02-23 19:09:30 UTC] Entering function: numba_rolling_sum in fast_funcs.py
[2026-02-23 19:09:30 UTC] Entering function: numba_rolling_sum in fast_funcs.py
[2026-02-23 19:09:30 UTC] Entering function: numba_rolling_sum in fast_funcs.py
[2026-02-23 19:09:30 UTC] Entering function: numba_rolling_max in fast_funcs.py
[2026-02-23 19:09:30 UTC] Entering function: numba_rolling_min in fast_funcs.py
[2026-02-23 19:09:30 UTC] Entering function: numba_rolling_max in fast_funcs.py
[2026-02-23 19:09:30 UTC] Entering function: numba_rolling_min in fast_funcs.py
[2026-02-23 19:09:30 UTC] Entering function: numba_rolling_max in fast_funcs.py
[2026-02-23 19:09:30 UTC] Entering function: numba_rolling_min in fast_funcs.py
[2026-02-23 19:09:31 UTC] Features: 307 base features computed. Running GC before composites...
[2026-02-23 19:09:35 UTC] Generating Gated Features for windows [16, 24] with selection...
[2026-02-23 20:09:37.307] WARNING: ⚠️ Gate 's_gt66_16' has low skill: IC=-0.0402
2026-02-23 20:09:37,307 - System.tprint - WARNING - ⚠️ Gate 's_gt66_16' has low skill: IC=-0.0402
[2026-02-23 20:09:37.308] WARNING: ⚠️ Gate 's_gt66_16' has extreme prevalence: 0.65%
2026-02-23 20:09:37,308 - System.tprint - WARNING - ⚠️ Gate 's_gt66_16' has extreme prevalence: 0.65%
[2026-02-23 20:09:37.308] WARNING: ⚠️ Gate 's_gt85_16' has low skill: IC=-0.0368
2026-02-23 20:09:37,308 - System.tprint - WARNING - ⚠️ Gate 's_gt85_16' has low skill: IC=-0.0368
[2026-02-23 20:09:37.308] WARNING: ⚠️ Gate 's_gt85_16' has extreme prevalence: 0.52%
2026-02-23 20:09:37,308 - System.tprint - WARNING - ⚠️ Gate 's_gt85_16' has extreme prevalence: 0.52%
[2026-02-23 20:09:39.990] WARNING: ⚠️ Gate 'reject_gt50_16' has low skill: IC=-0.0076
2026-02-23 20:09:39,990 - System.tprint - WARNING - ⚠️ Gate 'reject_gt50_16' has low skill: IC=-0.0076
[2026-02-23 20:09:39.990] WARNING: ⚠️ Gate 'reject_gt85_16' has low skill: IC=-0.0077
2026-02-23 20:09:39,990 - System.tprint - WARNING - ⚠️ Gate 'reject_gt85_16' has low skill: IC=-0.0077
[2026-02-23 20:09:39.990] WARNING: ⚠️ Gate 'reject_gt85_16' has extreme prevalence: 4.27%
2026-02-23 20:09:39,990 - System.tprint - WARNING - ⚠️ Gate 'reject_gt85_16' has extreme prevalence: 4.27%
[2026-02-23 20:09:41.896] WARNING: ⚠️ Gate 'retest_accept_gt66_16' has low skill: IC=-0.0414
2026-02-23 20:09:41,896 - System.tprint - WARNING - ⚠️ Gate 'retest_accept_gt66_16' has low skill: IC=-0.0414
[2026-02-23 20:09:41.896] WARNING: ⚠️ Gate 'retest_accept_gt66_16' has extreme prevalence: 0.64%
2026-02-23 20:09:41,897 - System.tprint - WARNING - ⚠️ Gate 'retest_accept_gt66_16' has extreme prevalence: 0.64%
[2026-02-23 20:09:41.896] WARNING: ⚠️ Gate 'retest_accept_gt85_16' has low skill: IC=-0.0373
2026-02-23 20:09:41,897 - System.tprint - WARNING - ⚠️ Gate 'retest_accept_gt85_16' has low skill: IC=-0.0373
[2026-02-23 20:09:41.896] WARNING: ⚠️ Gate 'retest_accept_gt85_16' has extreme prevalence: 0.51%
2026-02-23 20:09:41,897 - System.tprint - WARNING - ⚠️ Gate 'retest_accept_gt85_16' has extreme prevalence: 0.51%
[2026-02-23 20:09:45.132] WARNING: ⚠️ Gate 'mr_qual_gt66_16' has low skill: IC=-0.0050
2026-02-23 20:09:45,132 - System.tprint - WARNING - ⚠️ Gate 'mr_qual_gt66_16' has low skill: IC=-0.0050
[2026-02-23 20:09:45.133] WARNING: ⚠️ Gate 'mr_qual_gt85_16' has low skill: IC=-0.0082
2026-02-23 20:09:45,133 - System.tprint - WARNING - ⚠️ Gate 'mr_qual_gt85_16' has low skill: IC=-0.0082
[2026-02-23 20:09:45.133] WARNING: ⚠️ Gate 'mr_qual_gt85_16' has extreme prevalence: 4.24%
2026-02-23 20:09:45,133 - System.tprint - WARNING - ⚠️ Gate 'mr_qual_gt85_16' has extreme prevalence: 4.24%
[2026-02-23 20:09:47.802] WARNING: ⚠️ Gate 'vol_z_gt50_16' has low skill: IC=-0.0034
2026-02-23 20:09:47,802 - System.tprint - WARNING - ⚠️ Gate 'vol_z_gt50_16' has low skill: IC=-0.0034
[2026-02-23 20:09:47.802] WARNING: ⚠️ Gate 'vol_z_gt90_16' has low skill: IC=-0.0056
2026-02-23 20:09:47,803 - System.tprint - WARNING - ⚠️ Gate 'vol_z_gt90_16' has low skill: IC=-0.0056
[2026-02-23 20:09:50.377] WARNING: ⚠️ Gate 'liquidity_gt66_16' has low skill: IC=-0.0300
2026-02-23 20:09:50,377 - System.tprint - WARNING - ⚠️ Gate 'liquidity_gt66_16' has low skill: IC=-0.0300
[2026-02-23 20:09:50.377] WARNING: ⚠️ Gate 'liquidity_gt90_16' has low skill: IC=-0.0219
2026-02-23 20:09:50,377 - System.tprint - WARNING - ⚠️ Gate 'liquidity_gt90_16' has low skill: IC=-0.0219
[2026-02-23 20:09:51.952] WARNING: ⚠️ Gate 's_gt66_24' has low skill: IC=-0.0465
2026-02-23 20:09:51,952 - System.tprint - WARNING - ⚠️ Gate 's_gt66_24' has low skill: IC=-0.0465
[2026-02-23 20:09:51.952] WARNING: ⚠️ Gate 's_gt66_24' has extreme prevalence: 0.63%
2026-02-23 20:09:51,953 - System.tprint - WARNING - ⚠️ Gate 's_gt66_24' has extreme prevalence: 0.63%
[2026-02-23 20:09:51.952] WARNING: ⚠️ Gate 's_gt75_24' has low skill: IC=-0.0388
2026-02-23 20:09:51,953 - System.tprint - WARNING - ⚠️ Gate 's_gt75_24' has low skill: IC=-0.0388
[2026-02-23 20:09:51.952] WARNING: ⚠️ Gate 's_gt75_24' has extreme prevalence: 0.56%
2026-02-23 20:09:51,953 - System.tprint - WARNING - ⚠️ Gate 's_gt75_24' has extreme prevalence: 0.56%
[2026-02-23 20:09:54.670] WARNING: ⚠️ Gate 'reject_gt50_24' has low skill: IC=-0.0069
2026-02-23 20:09:54,670 - System.tprint - WARNING - ⚠️ Gate 'reject_gt50_24' has low skill: IC=-0.0069
[2026-02-23 20:09:54.670] WARNING: ⚠️ Gate 'reject_gt85_24' has low skill: IC=-0.0066
2026-02-23 20:09:54,670 - System.tprint - WARNING - ⚠️ Gate 'reject_gt85_24' has low skill: IC=-0.0066
[2026-02-23 20:09:54.670] WARNING: ⚠️ Gate 'reject_gt85_24' has extreme prevalence: 3.42%
2026-02-23 20:09:54,670 - System.tprint - WARNING - ⚠️ Gate 'reject_gt85_24' has extreme prevalence: 3.42%
[2026-02-23 20:09:56.285] WARNING: ⚠️ Gate 'retest_accept_gt66_24' has low skill: IC=-0.0339
2026-02-23 20:09:56,285 - System.tprint - WARNING - ⚠️ Gate 'retest_accept_gt66_24' has low skill: IC=-0.0339
[2026-02-23 20:09:56.285] WARNING: ⚠️ Gate 'retest_accept_gt66_24' has extreme prevalence: 0.62%
2026-02-23 20:09:56,285 - System.tprint - WARNING - ⚠️ Gate 'retest_accept_gt66_24' has extreme prevalence: 0.62%
[2026-02-23 20:09:56.285] WARNING: ⚠️ Gate 'retest_accept_gt75_24' has low skill: IC=-0.0390
2026-02-23 20:09:56,285 - System.tprint - WARNING - ⚠️ Gate 'retest_accept_gt75_24' has low skill: IC=-0.0390
[2026-02-23 20:09:56.285] WARNING: ⚠️ Gate 'retest_accept_gt75_24' has extreme prevalence: 0.55%
2026-02-23 20:09:56,285 - System.tprint - WARNING - ⚠️ Gate 'retest_accept_gt75_24' has extreme prevalence: 0.55%
[2026-02-23 20:09:59.541] WARNING: ⚠️ Gate 'mr_qual_gt50_24' has low skill: IC=-0.0059
2026-02-23 20:09:59,541 - System.tprint - WARNING - ⚠️ Gate 'mr_qual_gt50_24' has low skill: IC=-0.0059
[2026-02-23 20:09:59.541] WARNING: ⚠️ Gate 'mr_qual_gt85_24' has low skill: IC=-0.0067
2026-02-23 20:09:59,541 - System.tprint - WARNING - ⚠️ Gate 'mr_qual_gt85_24' has low skill: IC=-0.0067
[2026-02-23 20:09:59.541] WARNING: ⚠️ Gate 'mr_qual_gt85_24' has extreme prevalence: 3.43%
2026-02-23 20:09:59,542 - System.tprint - WARNING - ⚠️ Gate 'mr_qual_gt85_24' has extreme prevalence: 3.43%
[2026-02-23 20:10:02.240] WARNING: ⚠️ Gate 'vol_z_gt50_24' has low skill: IC=-0.0015
2026-02-23 20:10:02,240 - System.tprint - WARNING - ⚠️ Gate 'vol_z_gt50_24' has low skill: IC=-0.0015
[2026-02-23 20:10:02.240] WARNING: ⚠️ Gate 'vol_z_gt90_24' has low skill: IC=-0.0041
2026-02-23 20:10:02,240 - System.tprint - WARNING - ⚠️ Gate 'vol_z_gt90_24' has low skill: IC=-0.0041
[2026-02-23 20:10:04.846] WARNING: ⚠️ Gate 'liquidity_gt66_24' has low skill: IC=-0.0221
2026-02-23 20:10:04,846 - System.tprint - WARNING - ⚠️ Gate 'liquidity_gt66_24' has low skill: IC=-0.0221
[2026-02-23 20:10:04.846] WARNING: ⚠️ Gate 'liquidity_gt85_24' has low skill: IC=-0.0154
2026-02-23 20:10:04,846 - System.tprint - WARNING - ⚠️ Gate 'liquidity_gt85_24' has low skill: IC=-0.0154
[2026-02-23 20:10:04.846] WARNING: ⚠️ Gate 'liquidity_gt85_24' has extreme prevalence: 4.66%
2026-02-23 20:10:04,846 - System.tprint - WARNING - ⚠️ Gate 'liquidity_gt85_24' has extreme prevalence: 4.66%
[2026-02-23 19:10:06 UTC] Entering function: numba_rolling_min in fast_funcs.py
[2026-02-23 19:10:06 UTC] Entering function: numba_rolling_max in fast_funcs.py
[2026-02-23 19:10:06 UTC] Entering function: numba_rolling_max in fast_funcs.py
[2026-02-23 19:10:06 UTC] Entering function: numba_rolling_min in fast_funcs.py
[2026-02-23 19:10:07 UTC] Entering function: numba_rolling_corr in fast_funcs.py
[2026-02-23 19:10:07 UTC] Entering function: apply_to_frame_binary in fast_funcs.py
[2026-02-23 19:10:07 UTC] Entering function: numba_rolling_corr in fast_funcs.py
[2026-02-23 19:10:07 UTC] Entering function: apply_to_frame_binary in fast_funcs.py
[2026-02-23 19:10:07 UTC] Entering function: numba_rolling_sum in fast_funcs.py
[2026-02-23 19:10:07 UTC] Entering function: numba_rolling_sum in fast_funcs.py
[2026-02-23 19:10:07 UTC] Entering function: numba_rolling_max in fast_funcs.py
[2026-02-23 19:10:07 UTC] Entering function: numba_rolling_min in fast_funcs.py
[2026-02-23 19:10:07 UTC] Entering function: numba_rolling_max in fast_funcs.py
[2026-02-23 19:10:07 UTC] Entering function: numba_rolling_sum in fast_funcs.py
[2026-02-23 19:10:07 UTC] Entering function: numba_rolling_sum in fast_funcs.py
[2026-02-23 19:10:07 UTC] Entering function: numba_rolling_sum in fast_funcs.py
[2026-02-23 19:10:27 UTC] Entering function: numba_rolling_sum in fast_funcs.py
[2026-02-23 19:10:27 UTC] Entering function: numba_rolling_corr in fast_funcs.py
[2026-02-23 19:10:27 UTC] Entering function: apply_to_frame_binary in fast_funcs.py
[2026-02-23 19:10:28 UTC] Entering function: numba_rolling_min in fast_funcs.py
[2026-02-23 19:10:28 UTC] Entering function: numba_rolling_max in fast_funcs.py
[2026-02-23 19:10:28 UTC] Entering function: numba_rolling_sum in fast_funcs.py
[2026-02-23 19:10:28 UTC] Entering function: numba_rolling_sum in fast_funcs.py
[2026-02-23 19:10:28 UTC] Entering function: numba_rolling_sum in fast_funcs.py
[2026-02-23 19:10:28 UTC] Entering function: numba_rolling_sum in fast_funcs.py
[2026-02-23 19:10:29 UTC] Entering function: numba_rolling_sum in fast_funcs.py
[2026-02-23 19:10:29 UTC] Entering function: numba_rolling_min in fast_funcs.py
[2026-02-23 19:10:29 UTC] Entering function: numba_rolling_max in fast_funcs.py
[2026-02-23 19:10:30 UTC] Entering function: numba_ker in fast_funcs.py
[2026-02-23 19:10:30 UTC] Entering function: numba_ker in fast_funcs.py
[2026-02-23 19:10:30 UTC] Entering function: numba_ker in fast_funcs.py
[2026-02-23 19:10:30 UTC] Entering function: numba_vortex in fast_funcs.py
[2026-02-23 19:10:30 UTC] Entering function: numba_vortex in fast_funcs.py
[2026-02-23 19:10:30 UTC] Entering function: numba_vortex in fast_funcs.py
[2026-02-23 19:10:30 UTC] Entering function: numba_adx in fast_funcs.py
[2026-02-23 19:10:30 UTC] Entering function: numba_adx in fast_funcs.py
[2026-02-23 19:10:30 UTC] Entering function: numba_adx in fast_funcs.py
[2026-02-23 19:10:31 UTC] Computing HVN/LVN features...
[2026-02-23 19:10:41 UTC] HVN/LVN: 50/140
[2026-02-23 19:10:49 UTC] HVN/LVN: 100/140
[2026-02-23 19:10:58 UTC] Features: 667 features before CausalTransform. Applying transforms...
[2026-02-23 19:10:58 UTC] Entering function: __init__ in feature_transforms.py
[2026-02-23 19:10:58 UTC] CausalFeatureTransformer: Optimized Parametric Mode (sigma=2.054)
[2026-02-23 19:11:03 UTC]   CausalTransform progress: 50/667
[2026-02-23 19:11:09 UTC]   CausalTransform progress: 100/667
[2026-02-23 19:11:14 UTC]   CausalTransform progress: 150/667
[2026-02-23 19:11:19 UTC]   CausalTransform progress: 200/667
[2026-02-23 19:11:23 UTC] Warning: Transform failed for time_since_event_extreme_12h: 'numpy.ndarray' object has no attribute 'empty'
Traceback (most recent call last):
  File "/Users/remyroche/Documents/Ares/extreme_price_movements/features.py", line 2611, in _compute_features_impl
    feats[k] = np.asarray(transformer.transform(feats[k], name=k), dtype=np.float32)
                          ^^^^^^^^^^^^^^^^^^^^^^^^^^^^^^^^^^^^^^^
  File "/Users/remyroche/Documents/Ares/extreme_price_movements/feature_transforms.py", line 47, in transform
    if df.empty:
       ^^^^^^^^
AttributeError: 'numpy.ndarray' object has no attribute 'empty'
[2026-02-23 19:11:24 UTC]   CausalTransform progress: 250/667
[2026-02-23 19:11:30 UTC]   CausalTransform progress: 300/667
[2026-02-23 19:11:33 UTC]   CausalTransform progress: 350/667
[2026-02-23 19:11:34 UTC]   CausalTransform progress: 400/667
[2026-02-23 19:11:36 UTC]   CausalTransform progress: 450/667
[2026-02-23 19:11:41 UTC]   CausalTransform progress: 500/667
[2026-02-23 19:11:44 UTC]   CausalTransform progress: 550/667
[2026-02-23 19:11:48 UTC]   CausalTransform progress: 600/667
[2026-02-23 19:11:52 UTC]   CausalTransform progress: 650/667
[2026-02-23 19:11:54 UTC] CausalTransform complete: 534 transformed, 132 skipped
[2026-02-23 19:11:54 UTC] Features: performing final Inf/NaN check
[2026-02-23 19:11:54 UTC]   WARNING: range_24h_pct has 2225457 non-finite values, replacing with 0
[2026-02-23 19:11:55 UTC]   WARNING: range_12h_pct has 2225457 non-finite values, replacing with 0
[2026-02-23 19:11:55 UTC]   WARNING: volatility_zscore has 3955413 non-finite values, replacing with 0
[2026-02-23 19:11:58 UTC]   WARNING: draw_sym_10h has 2429437 non-finite values, replacing with 0
[2026-02-23 19:11:58 UTC]   WARNING: draw_extreme_10h has 2429437 non-finite values, replacing with 0
[2026-02-23 19:11:58 UTC]   WARNING: breakout_24h has 2355097 non-finite values, replacing with 0
[2026-02-23 19:11:58 UTC]   WARNING: meta_alignment has 2355097 non-finite values, replacing with 0
[2026-02-23 19:11:58 UTC]   WARNING: mtf_divergence has 2429437 non-finite values, replacing with 0
[2026-02-23 19:11:58 UTC]   WARNING: vol_price_diverge has 2355097 non-finite values, replacing with 0
[2026-02-23 19:11:59 UTC]   WARNING: dist_vwap_resid has 2355097 non-finite values, replacing with 0
[2026-02-23 19:11:59 UTC]   WARNING: dist_ema_fast_resid has 2355097 non-finite values, replacing with 0
[2026-02-23 19:11:59 UTC]   WARNING: trend_pct_resid has 2429437 non-finite values, replacing with 0
[2026-02-23 19:11:59 UTC] Features: done (667 keys)
[2026-02-23 19:12:00 UTC] [Feature chunk 1/5] saving 22 keys
[2026-02-23 19:12:00 UTC] Saving features to data/features/20260214_190000...
[2026-02-23 19:12:00 UTC]   Transposing 22 features × 140 symbols for save...
[2026-02-23 19:12:00 UTC]   Transpose complete. Writing 140 symbols...
[2026-02-23 19:12:20 UTC]   Saved 50/140 symbols (22 features each)
[2026-02-23 19:12:39 UTC]   Saved 100/140 symbols (22 features each)
[2026-02-23 19:12:55 UTC] Feature save complete. 140/140 symbols saved (22 features).
[2026-02-23 19:12:55 UTC] [Feature chunk 2/5] symbols=140 (DASH/USDC .. LAYER/USDT)
[2026-02-23 19:12:55 UTC] Features: compute base matrices
[2026-02-23 19:12:55 UTC] Entering function: ensure_utc in time_utils.py
[2026-02-23 19:12:56 UTC] Entering function: numba_atr_no_norm in fast_funcs.py
[2026-02-23 19:12:56 UTC] Transforming Close (close): Log -> EWMA(5) -> FFD(d=0.40) [140 cols]
[2026-02-23 19:12:56 UTC] Fixed FFD (close, d=0.40): 10/140
[2026-02-23 19:12:57 UTC] Fixed FFD (close, d=0.40): 20/140
[2026-02-23 19:12:57 UTC] Fixed FFD (close, d=0.40): 30/140
[2026-02-23 19:12:57 UTC] Fixed FFD (close, d=0.40): 40/140
[2026-02-23 19:12:57 UTC] Fixed FFD (close, d=0.40): 50/140
[2026-02-23 19:12:58 UTC] Fixed FFD (close, d=0.40): 60/140
[2026-02-23 19:12:58 UTC] Fixed FFD (close, d=0.40): 70/140
[2026-02-23 19:12:58 UTC] Fixed FFD (close, d=0.40): 80/140
[2026-02-23 19:12:58 UTC] Fixed FFD (close, d=0.40): 90/140
[2026-02-23 19:12:59 UTC] Fixed FFD (close, d=0.40): 100/140
[2026-02-23 19:12:59 UTC] Fixed FFD (close, d=0.40): 110/140
[2026-02-23 19:12:59 UTC] Fixed FFD (close, d=0.40): 120/140
[2026-02-23 19:12:59 UTC] Fixed FFD (close, d=0.40): 130/140
[2026-02-23 19:13:00 UTC] Fixed FFD (close, d=0.40): 140/140
[2026-02-23 19:13:00 UTC] Transforming Volume: Log -> EWMA(5)
[2026-02-23 19:13:00 UTC] Entering function: numba_rolling_sum in fast_funcs.py
[2026-02-23 19:13:00 UTC] Entering function: numba_rolling_sum in fast_funcs.py
[2026-02-23 19:13:00 UTC] Entering function: numba_rolling_sum in fast_funcs.py
[2026-02-23 19:13:00 UTC] Entering function: numba_rolling_sum in fast_funcs.py
[2026-02-23 19:13:00 UTC] Entering function: numba_rolling_sum in fast_funcs.py
[2026-02-23 19:13:00 UTC] Entering function: numba_rolling_sum in fast_funcs.py
[2026-02-23 19:13:00 UTC] Entering function: numba_rolling_sum in fast_funcs.py
[2026-02-23 19:13:00 UTC] Entering function: numba_rolling_sum in fast_funcs.py
[2026-02-23 19:13:00 UTC] Entering function: numba_rolling_sum in fast_funcs.py
[2026-02-23 19:13:00 UTC] Entering function: numba_rolling_sum in fast_funcs.py
[2026-02-23 19:13:00 UTC] Entering function: numba_rolling_sum in fast_funcs.py
[2026-02-23 19:13:00 UTC] Entering function: numba_rolling_sum in fast_funcs.py
[2026-02-23 19:13:00 UTC] Entering function: numba_rolling_sum in fast_funcs.py
[2026-02-23 19:13:00 UTC] Entering function: numba_rolling_sum in fast_funcs.py
[2026-02-23 19:13:00 UTC] Entering function: numba_atr_no_norm in fast_funcs.py
[2026-02-23 19:13:00 UTC] Transforming Close (close_d04): Log -> EWMA(5) -> FFD(d=0.40) [140 cols]
[2026-02-23 19:13:01 UTC] Fixed FFD (close_d04, d=0.40): 10/140
[2026-02-23 19:13:01 UTC] Fixed FFD (close_d04, d=0.40): 20/140
[2026-02-23 19:13:01 UTC] Fixed FFD (close_d04, d=0.40): 30/140
[2026-02-23 19:13:02 UTC] Fixed FFD (close_d04, d=0.40): 40/140
[2026-02-23 19:13:02 UTC] Fixed FFD (close_d04, d=0.40): 50/140
[2026-02-23 19:13:02 UTC] Fixed FFD (close_d04, d=0.40): 60/140
[2026-02-23 19:13:02 UTC] Fixed FFD (close_d04, d=0.40): 70/140
[2026-02-23 19:13:03 UTC] Fixed FFD (close_d04, d=0.40): 80/140
[2026-02-23 19:13:03 UTC] Fixed FFD (close_d04, d=0.40): 90/140
[2026-02-23 19:13:03 UTC] Fixed FFD (close_d04, d=0.40): 100/140
[2026-02-23 19:13:03 UTC] Fixed FFD (close_d04, d=0.40): 110/140
[2026-02-23 19:13:04 UTC] Fixed FFD (close_d04, d=0.40): 120/140
[2026-02-23 19:13:04 UTC] Fixed FFD (close_d04, d=0.40): 130/140
[2026-02-23 19:13:04 UTC] Fixed FFD (close_d04, d=0.40): 140/140
[2026-02-23 19:13:04 UTC] Entering function: numba_rolling_max in fast_funcs.py
[2026-02-23 19:13:04 UTC] Entering function: numba_rolling_min in fast_funcs.py
[2026-02-23 19:13:04 UTC] Transforming Close (close_d05): Log -> EWMA(5) -> FFD(d=0.50) [140 cols]
[2026-02-23 19:13:04 UTC] Fixed FFD (close_d05, d=0.50): 10/140
[2026-02-23 19:13:05 UTC] Fixed FFD (close_d05, d=0.50): 20/140
[2026-02-23 19:13:05 UTC] Fixed FFD (close_d05, d=0.50): 30/140
[2026-02-23 19:13:05 UTC] Fixed FFD (close_d05, d=0.50): 40/140
[2026-02-23 19:13:05 UTC] Fixed FFD (close_d05, d=0.50): 50/140
[2026-02-23 19:13:05 UTC] Fixed FFD (close_d05, d=0.50): 60/140
[2026-02-23 19:13:05 UTC] Fixed FFD (close_d05, d=0.50): 70/140
[2026-02-23 19:13:06 UTC] Fixed FFD (close_d05, d=0.50): 80/140
[2026-02-23 19:13:06 UTC] Fixed FFD (close_d05, d=0.50): 90/140
[2026-02-23 19:13:06 UTC] Fixed FFD (close_d05, d=0.50): 100/140
[2026-02-23 19:13:06 UTC] Fixed FFD (close_d05, d=0.50): 110/140
[2026-02-23 19:13:06 UTC] Fixed FFD (close_d05, d=0.50): 120/140
[2026-02-23 19:13:06 UTC] Fixed FFD (close_d05, d=0.50): 130/140
[2026-02-23 19:13:06 UTC] Fixed FFD (close_d05, d=0.50): 140/140
[2026-02-23 19:13:07 UTC] Entering function: numba_rolling_max in fast_funcs.py
[2026-02-23 19:13:07 UTC] Entering function: numba_rolling_min in fast_funcs.py
[2026-02-23 19:13:07 UTC] Transforming Close (close_d06): Log -> EWMA(5) -> FFD(d=0.60) [140 cols]
[2026-02-23 19:13:07 UTC] Fixed FFD (close_d06, d=0.60): 10/140
[2026-02-23 19:13:07 UTC] Fixed FFD (close_d06, d=0.60): 20/140
[2026-02-23 19:13:07 UTC] Fixed FFD (close_d06, d=0.60): 30/140
[2026-02-23 19:13:07 UTC] Fixed FFD (close_d06, d=0.60): 40/140
[2026-02-23 19:13:07 UTC] Fixed FFD (close_d06, d=0.60): 50/140
[2026-02-23 19:13:07 UTC] Fixed FFD (close_d06, d=0.60): 60/140
[2026-02-23 19:13:07 UTC] Fixed FFD (close_d06, d=0.60): 70/140
[2026-02-23 19:13:07 UTC] Fixed FFD (close_d06, d=0.60): 80/140
[2026-02-23 19:13:08 UTC] Fixed FFD (close_d06, d=0.60): 90/140
[2026-02-23 19:13:08 UTC] Fixed FFD (close_d06, d=0.60): 100/140
[2026-02-23 19:13:08 UTC] Fixed FFD (close_d06, d=0.60): 110/140
[2026-02-23 19:13:08 UTC] Fixed FFD (close_d06, d=0.60): 120/140
[2026-02-23 19:13:08 UTC] Fixed FFD (close_d06, d=0.60): 130/140
[2026-02-23 19:13:08 UTC] Fixed FFD (close_d06, d=0.60): 140/140
[2026-02-23 19:13:08 UTC] Entering function: numba_rolling_max in fast_funcs.py
[2026-02-23 19:13:08 UTC] Entering function: numba_rolling_min in fast_funcs.py
[2026-02-23 19:13:09 UTC] Entering function: numba_rolling_sum in fast_funcs.py
[2026-02-23 19:13:09 UTC] Entering function: numba_rolling_sum in fast_funcs.py
[2026-02-23 19:13:09 UTC] Entering function: numba_rolling_sum in fast_funcs.py
[2026-02-23 19:13:09 UTC] Entering function: numba_rolling_sum in fast_funcs.py
[2026-02-23 19:13:09 UTC] Entering function: numba_rolling_sum in fast_funcs.py
[2026-02-23 19:13:09 UTC] Entering function: numba_rolling_sum in fast_funcs.py
[2026-02-23 19:13:09 UTC] Entering function: numba_rolling_sum in fast_funcs.py
[2026-02-23 19:13:09 UTC] Entering function: numba_rolling_sum in fast_funcs.py
[2026-02-23 19:13:09 UTC] Entering function: numba_rolling_sum in fast_funcs.py
[2026-02-23 19:13:09 UTC] Entering function: numba_rolling_sum in fast_funcs.py
[2026-02-23 19:13:09 UTC] Entering function: numba_rolling_sum in fast_funcs.py
[2026-02-23 19:13:09 UTC] Entering function: numba_rolling_sum in fast_funcs.py
[2026-02-23 19:13:09 UTC] Entering function: numba_rolling_sum in fast_funcs.py
[2026-02-23 19:13:09 UTC] Entering function: numba_rolling_sum in fast_funcs.py
[2026-02-23 19:13:09 UTC] Entering function: numba_rolling_sum in fast_funcs.py
[2026-02-23 19:13:09 UTC] Entering function: numba_rolling_corr in fast_funcs.py
[2026-02-23 19:13:09 UTC] Entering function: apply_to_frame_binary in fast_funcs.py
[2026-02-23 19:13:09 UTC] Entering function: numba_rolling_corr in fast_funcs.py
[2026-02-23 19:13:09 UTC] Entering function: apply_to_frame_binary in fast_funcs.py
[2026-02-23 19:13:09 UTC] Entering function: numba_rolling_max in fast_funcs.py
[2026-02-23 19:13:09 UTC] Entering function: numba_rolling_min in fast_funcs.py
[2026-02-23 19:13:09 UTC] Entering function: numba_rolling_sum in fast_funcs.py
[2026-02-23 19:13:09 UTC] Entering function: numba_rolling_max in fast_funcs.py
[2026-02-23 19:13:10 UTC] Entering function: numba_rolling_min in fast_funcs.py
[2026-02-23 19:13:10 UTC] Entering function: numba_rolling_sum in fast_funcs.py
[2026-02-23 19:13:10 UTC] Entering function: numba_rolling_max in fast_funcs.py
[2026-02-23 19:13:10 UTC] Entering function: numba_rolling_min in fast_funcs.py
[2026-02-23 19:13:10 UTC] Entering function: numba_rolling_sum in fast_funcs.py
[2026-02-23 19:13:10 UTC] Entering function: numba_rolling_max in fast_funcs.py
[2026-02-23 19:13:10 UTC] Entering function: numba_rolling_min in fast_funcs.py
[2026-02-23 19:13:10 UTC] Entering function: numba_rolling_sum in fast_funcs.py
[2026-02-23 19:13:10 UTC] Entering function: numba_rolling_max in fast_funcs.py
[2026-02-23 19:13:10 UTC] Entering function: numba_rolling_min in fast_funcs.py
[2026-02-23 19:13:10 UTC] Entering function: numba_rolling_sum in fast_funcs.py
[2026-02-23 19:13:10 UTC] Entering function: numba_rolling_max in fast_funcs.py
[2026-02-23 19:13:10 UTC] Entering function: numba_rolling_min in fast_funcs.py
[2026-02-23 19:13:10 UTC] Entering function: numba_rolling_sum in fast_funcs.py
[2026-02-23 19:13:11 UTC] Entering function: numba_rsi in fast_funcs.py
[2026-02-23 19:13:12 UTC] Entering function: numba_rolling_max in fast_funcs.py
[2026-02-23 19:13:12 UTC] Entering function: numba_rolling_min in fast_funcs.py
[2026-02-23 19:13:12 UTC] Entering function: numba_rolling_max in fast_funcs.py
[2026-02-23 19:13:12 UTC] Entering function: numba_rolling_min in fast_funcs.py
[2026-02-23 19:13:12 UTC] Entering function: numba_rolling_robust_zscore in fast_funcs.py
[2026-02-23 19:13:24 UTC] Entering function: numba_rolling_max in fast_funcs.py
[2026-02-23 19:13:24 UTC] Entering function: numba_pct_change in fast_funcs.py
[2026-02-23 19:13:24 UTC] Entering function: numba_rolling_corr in fast_funcs.py
[2026-02-23 19:13:24 UTC] Entering function: apply_to_frame_binary in fast_funcs.py
[2026-02-23 19:13:26 UTC] Entering function: numba_grouped_rolling_mean in fast_funcs.py
[2026-02-23 19:13:27 UTC] Entering function: numba_rolling_max in fast_funcs.py
[2026-02-23 19:13:27 UTC] Entering function: numba_rolling_sum in fast_funcs.py
[2026-02-23 19:13:27 UTC] Entering function: numba_rolling_corr in fast_funcs.py
[2026-02-23 19:13:27 UTC] Entering function: apply_to_frame_binary in fast_funcs.py
[2026-02-23 19:13:27 UTC] Entering function: numba_rolling_sum in fast_funcs.py
[2026-02-23 19:13:27 UTC] Entering function: numba_rolling_corr in fast_funcs.py
[2026-02-23 19:13:27 UTC] Entering function: apply_to_frame_binary in fast_funcs.py
[2026-02-23 19:13:27 UTC] Entering function: numba_rsi in fast_funcs.py
[2026-02-23 19:13:27 UTC] Entering function: numba_rsi in fast_funcs.py
[2026-02-23 19:13:27 UTC] Entering function: numba_atr_no_norm in fast_funcs.py
[2026-02-23 19:13:27 UTC] Entering function: numba_atr_no_norm in fast_funcs.py
[2026-02-23 19:13:28 UTC] Entering function: numba_rolling_robust_zscore in fast_funcs.py
[2026-02-23 19:13:36 UTC] Entering function: numba_rolling_mad in fast_funcs.py
[2026-02-23 19:13:37 UTC] Entering function: numba_rolling_mad in fast_funcs.py
[2026-02-23 19:13:39 UTC] Entering function: numba_rolling_max in fast_funcs.py
[2026-02-23 19:13:39 UTC] Entering function: numba_rolling_sum in fast_funcs.py
[2026-02-23 19:13:44 UTC] Entering function: numba_rolling_robust_zscore in fast_funcs.py
[2026-02-23 19:13:50 UTC] Entering function: numba_rolling_corr in fast_funcs.py
[2026-02-23 19:13:50 UTC] Entering function: apply_to_frame_binary in fast_funcs.py
[2026-02-23 19:13:51 UTC] Entering function: numba_rolling_sum in fast_funcs.py
[2026-02-23 19:13:52 UTC] Entering function: numba_rolling_min in fast_funcs.py
[2026-02-23 19:13:52 UTC] Entering function: numba_rolling_max in fast_funcs.py
[2026-02-23 19:13:52 UTC] Entering function: numba_rolling_max in fast_funcs.py
[2026-02-23 19:13:52 UTC] Entering function: numba_rolling_min in fast_funcs.py
[2026-02-23 19:13:52 UTC] Entering function: numba_rolling_max in fast_funcs.py
[2026-02-23 19:13:52 UTC] Entering function: numba_rolling_min in fast_funcs.py
[2026-02-23 19:13:52 UTC] Entering function: numba_rolling_max in fast_funcs.py
[2026-02-23 19:13:52 UTC] Entering function: numba_rolling_min in fast_funcs.py
[2026-02-23 19:13:52 UTC] Entering function: numba_rolling_max in fast_funcs.py
[2026-02-23 19:13:53 UTC] Entering function: numba_rolling_min in fast_funcs.py
[2026-02-23 19:13:53 UTC] Entering function: numba_rolling_max in fast_funcs.py
[2026-02-23 19:13:53 UTC] Entering function: numba_rolling_min in fast_funcs.py
[2026-02-23 19:13:53 UTC] Entering function: numba_rolling_max in fast_funcs.py
[2026-02-23 19:13:53 UTC] Entering function: numba_rolling_min in fast_funcs.py
[2026-02-23 19:13:53 UTC] Entering function: numba_rolling_max in fast_funcs.py
[2026-02-23 19:13:53 UTC] Entering function: numba_rolling_min in fast_funcs.py
[2026-02-23 19:13:53 UTC] Entering function: numba_rolling_max in fast_funcs.py
[2026-02-23 19:13:53 UTC] Entering function: numba_rolling_min in fast_funcs.py
[2026-02-23 19:13:53 UTC] Entering function: numba_rolling_max in fast_funcs.py
[2026-02-23 19:13:53 UTC] Entering function: numba_rolling_min in fast_funcs.py
[2026-02-23 19:14:04 UTC] Entering function: numba_rolling_sum in fast_funcs.py
[2026-02-23 19:14:04 UTC] Entering function: numba_rolling_sum in fast_funcs.py
[2026-02-23 19:14:04 UTC] Entering function: numba_rolling_sum in fast_funcs.py
[2026-02-23 19:14:04 UTC] Entering function: numba_rolling_max in fast_funcs.py
[2026-02-23 19:14:04 UTC] Entering function: numba_rolling_min in fast_funcs.py
[2026-02-23 19:14:04 UTC] Entering function: numba_rolling_max in fast_funcs.py
[2026-02-23 19:14:04 UTC] Entering function: numba_rolling_min in fast_funcs.py
[2026-02-23 19:14:04 UTC] Entering function: numba_rolling_max in fast_funcs.py
[2026-02-23 19:14:04 UTC] Entering function: numba_rolling_min in fast_funcs.py
[2026-02-23 19:14:05 UTC] Features: 307 base features computed. Running GC before composites...
[2026-02-23 19:14:10 UTC] Generating Gated Features for windows [16, 24] with selection...
[2026-02-23 20:14:11.668] WARNING: ⚠️ Gate 's_gt66_16' has low skill: IC=-0.0366
2026-02-23 20:14:11,668 - System.tprint - WARNING - ⚠️ Gate 's_gt66_16' has low skill: IC=-0.0366
[2026-02-23 20:14:11.669] WARNING: ⚠️ Gate 's_gt66_16' has extreme prevalence: 0.62%
2026-02-23 20:14:11,670 - System.tprint - WARNING - ⚠️ Gate 's_gt66_16' has extreme prevalence: 0.62%
[2026-02-23 20:14:11.669] WARNING: ⚠️ Gate 's_gt75_16' has low skill: IC=-0.0345
2026-02-23 20:14:11,670 - System.tprint - WARNING - ⚠️ Gate 's_gt75_16' has low skill: IC=-0.0345
[2026-02-23 20:14:11.669] WARNING: ⚠️ Gate 's_gt75_16' has extreme prevalence: 0.56%
2026-02-23 20:14:11,670 - System.tprint - WARNING - ⚠️ Gate 's_gt75_16' has extreme prevalence: 0.56%
[2026-02-23 20:14:14.306] WARNING: ⚠️ Gate 'reject_gt50_16' has low skill: IC=0.0017
2026-02-23 20:14:14,306 - System.tprint - WARNING - ⚠️ Gate 'reject_gt50_16' has low skill: IC=0.0017
[2026-02-23 20:14:14.306] WARNING: ⚠️ Gate 'reject_gt90_16' has low skill: IC=-0.0054
2026-02-23 20:14:14,306 - System.tprint - WARNING - ⚠️ Gate 'reject_gt90_16' has low skill: IC=-0.0054
[2026-02-23 20:14:14.306] WARNING: ⚠️ Gate 'reject_gt90_16' has extreme prevalence: 3.54%
2026-02-23 20:14:14,306 - System.tprint - WARNING - ⚠️ Gate 'reject_gt90_16' has extreme prevalence: 3.54%
[2026-02-23 20:14:15.873] WARNING: ⚠️ Gate 'retest_accept_gt66_16' has low skill: IC=-0.0350
2026-02-23 20:14:15,873 - System.tprint - WARNING - ⚠️ Gate 'retest_accept_gt66_16' has low skill: IC=-0.0350
[2026-02-23 20:14:15.873] WARNING: ⚠️ Gate 'retest_accept_gt66_16' has extreme prevalence: 0.61%
2026-02-23 20:14:15,873 - System.tprint - WARNING - ⚠️ Gate 'retest_accept_gt66_16' has extreme prevalence: 0.61%
[2026-02-23 20:14:15.873] WARNING: ⚠️ Gate 'retest_accept_gt75_16' has low skill: IC=-0.0325
2026-02-23 20:14:15,873 - System.tprint - WARNING - ⚠️ Gate 'retest_accept_gt75_16' has low skill: IC=-0.0325
[2026-02-23 20:14:15.873] WARNING: ⚠️ Gate 'retest_accept_gt75_16' has extreme prevalence: 0.55%
2026-02-23 20:14:15,873 - System.tprint - WARNING - ⚠️ Gate 'retest_accept_gt75_16' has extreme prevalence: 0.55%
[2026-02-23 20:14:19.052] WARNING: ⚠️ Gate 'mr_qual_gt66_16' has low skill: IC=0.0007
2026-02-23 20:14:19,052 - System.tprint - WARNING - ⚠️ Gate 'mr_qual_gt66_16' has low skill: IC=0.0007
[2026-02-23 20:14:19.052] WARNING: ⚠️ Gate 'mr_qual_gt90_16' has low skill: IC=-0.0061
2026-02-23 20:14:19,053 - System.tprint - WARNING - ⚠️ Gate 'mr_qual_gt90_16' has low skill: IC=-0.0061
[2026-02-23 20:14:19.052] WARNING: ⚠️ Gate 'mr_qual_gt90_16' has extreme prevalence: 3.53%
2026-02-23 20:14:19,053 - System.tprint - WARNING - ⚠️ Gate 'mr_qual_gt90_16' has extreme prevalence: 3.53%
[2026-02-23 20:14:21.769] WARNING: ⚠️ Gate 'vol_z_gt50_16' has low skill: IC=-0.0009
2026-02-23 20:14:21,769 - System.tprint - WARNING - ⚠️ Gate 'vol_z_gt50_16' has low skill: IC=-0.0009
[2026-02-23 20:14:21.770] WARNING: ⚠️ Gate 'vol_z_gt90_16' has low skill: IC=-0.0042
2026-02-23 20:14:21,770 - System.tprint - WARNING - ⚠️ Gate 'vol_z_gt90_16' has low skill: IC=-0.0042
[2026-02-23 20:14:24.346] WARNING: ⚠️ Gate 'liquidity_gt66_16' has low skill: IC=-0.0205
2026-02-23 20:14:24,346 - System.tprint - WARNING - ⚠️ Gate 'liquidity_gt66_16' has low skill: IC=-0.0205
[2026-02-23 20:14:24.346] WARNING: ⚠️ Gate 'liquidity_gt90_16' has low skill: IC=-0.0133
2026-02-23 20:14:24,346 - System.tprint - WARNING - ⚠️ Gate 'liquidity_gt90_16' has low skill: IC=-0.0133
[2026-02-23 20:14:25.930] WARNING: ⚠️ Gate 's_gt66_24' has low skill: IC=-0.0311
2026-02-23 20:14:25,930 - System.tprint - WARNING - ⚠️ Gate 's_gt66_24' has low skill: IC=-0.0311
[2026-02-23 20:14:25.930] WARNING: ⚠️ Gate 's_gt66_24' has extreme prevalence: 0.60%
2026-02-23 20:14:25,930 - System.tprint - WARNING - ⚠️ Gate 's_gt66_24' has extreme prevalence: 0.60%
[2026-02-23 20:14:25.930] WARNING: ⚠️ Gate 's_gt75_24' has low skill: IC=-0.0303
2026-02-23 20:14:25,930 - System.tprint - WARNING - ⚠️ Gate 's_gt75_24' has low skill: IC=-0.0303
[2026-02-23 20:14:25.930] WARNING: ⚠️ Gate 's_gt75_24' has extreme prevalence: 0.53%
2026-02-23 20:14:25,930 - System.tprint - WARNING - ⚠️ Gate 's_gt75_24' has extreme prevalence: 0.53%
[2026-02-23 20:14:28.561] WARNING: ⚠️ Gate 'reject_gt50_24' has low skill: IC=0.0060
2026-02-23 20:14:28,561 - System.tprint - WARNING - ⚠️ Gate 'reject_gt50_24' has low skill: IC=0.0060
[2026-02-23 20:14:28.561] WARNING: ⚠️ Gate 'reject_gt90_24' has low skill: IC=0.0005
2026-02-23 20:14:28,561 - System.tprint - WARNING - ⚠️ Gate 'reject_gt90_24' has low skill: IC=0.0005
[2026-02-23 20:14:28.561] WARNING: ⚠️ Gate 'reject_gt90_24' has extreme prevalence: 2.80%
2026-02-23 20:14:28,561 - System.tprint - WARNING - ⚠️ Gate 'reject_gt90_24' has extreme prevalence: 2.80%
[2026-02-23 20:14:30.129] WARNING: ⚠️ Gate 'retest_accept_gt66_24' has low skill: IC=-0.0321
2026-02-23 20:14:30,129 - System.tprint - WARNING - ⚠️ Gate 'retest_accept_gt66_24' has low skill: IC=-0.0321
[2026-02-23 20:14:30.129] WARNING: ⚠️ Gate 'retest_accept_gt66_24' has extreme prevalence: 0.60%
2026-02-23 20:14:30,129 - System.tprint - WARNING - ⚠️ Gate 'retest_accept_gt66_24' has extreme prevalence: 0.60%
[2026-02-23 20:14:30.129] WARNING: ⚠️ Gate 'retest_accept_gt75_24' has low skill: IC=-0.0292
2026-02-23 20:14:30,129 - System.tprint - WARNING - ⚠️ Gate 'retest_accept_gt75_24' has low skill: IC=-0.0292
[2026-02-23 20:14:30.129] WARNING: ⚠️ Gate 'retest_accept_gt75_24' has extreme prevalence: 0.53%
2026-02-23 20:14:30,129 - System.tprint - WARNING - ⚠️ Gate 'retest_accept_gt75_24' has extreme prevalence: 0.53%
[2026-02-23 20:14:33.314] WARNING: ⚠️ Gate 'mr_qual_gt50_24' has low skill: IC=0.0002
2026-02-23 20:14:33,315 - System.tprint - WARNING - ⚠️ Gate 'mr_qual_gt50_24' has low skill: IC=0.0002
[2026-02-23 20:14:33.314] WARNING: ⚠️ Gate 'mr_qual_gt90_24' has low skill: IC=-0.0001
2026-02-23 20:14:33,315 - System.tprint - WARNING - ⚠️ Gate 'mr_qual_gt90_24' has low skill: IC=-0.0001
[2026-02-23 20:14:33.314] WARNING: ⚠️ Gate 'mr_qual_gt90_24' has extreme prevalence: 2.82%
2026-02-23 20:14:33,315 - System.tprint - WARNING - ⚠️ Gate 'mr_qual_gt90_24' has extreme prevalence: 2.82%
[2026-02-23 20:14:36.009] WARNING: ⚠️ Gate 'vol_z_gt50_24' has low skill: IC=0.0008
2026-02-23 20:14:36,009 - System.tprint - WARNING - ⚠️ Gate 'vol_z_gt50_24' has low skill: IC=0.0008
[2026-02-23 20:14:36.009] WARNING: ⚠️ Gate 'vol_z_gt90_24' has low skill: IC=-0.0060
2026-02-23 20:14:36,009 - System.tprint - WARNING - ⚠️ Gate 'vol_z_gt90_24' has low skill: IC=-0.0060
[2026-02-23 20:14:38.588] WARNING: ⚠️ Gate 'liquidity_gt66_24' has low skill: IC=-0.0243
2026-02-23 20:14:38,588 - System.tprint - WARNING - ⚠️ Gate 'liquidity_gt66_24' has low skill: IC=-0.0243
[2026-02-23 20:14:38.588] WARNING: ⚠️ Gate 'liquidity_gt90_24' has low skill: IC=-0.0231
2026-02-23 20:14:38,589 - System.tprint - WARNING - ⚠️ Gate 'liquidity_gt90_24' has low skill: IC=-0.0231
[2026-02-23 20:14:38.588] WARNING: ⚠️ Gate 'liquidity_gt90_24' has extreme prevalence: 4.47%
2026-02-23 20:14:38,589 - System.tprint - WARNING - ⚠️ Gate 'liquidity_gt90_24' has extreme prevalence: 4.47%
[2026-02-23 19:14:40 UTC] Entering function: numba_rolling_min in fast_funcs.py
[2026-02-23 19:14:40 UTC] Entering function: numba_rolling_max in fast_funcs.py
[2026-02-23 19:14:40 UTC] Entering function: numba_rolling_max in fast_funcs.py
[2026-02-23 19:14:40 UTC] Entering function: numba_rolling_min in fast_funcs.py
[2026-02-23 19:14:40 UTC] Entering function: numba_rolling_corr in fast_funcs.py
[2026-02-23 19:14:40 UTC] Entering function: apply_to_frame_binary in fast_funcs.py
[2026-02-23 19:14:40 UTC] Entering function: numba_rolling_corr in fast_funcs.py
[2026-02-23 19:14:40 UTC] Entering function: apply_to_frame_binary in fast_funcs.py
[2026-02-23 19:14:40 UTC] Entering function: numba_rolling_sum in fast_funcs.py
[2026-02-23 19:14:40 UTC] Entering function: numba_rolling_sum in fast_funcs.py
[2026-02-23 19:14:41 UTC] Entering function: numba_rolling_max in fast_funcs.py
[2026-02-23 19:14:41 UTC] Entering function: numba_rolling_min in fast_funcs.py
[2026-02-23 19:14:41 UTC] Entering function: numba_rolling_max in fast_funcs.py
[2026-02-23 19:14:41 UTC] Entering function: numba_rolling_sum in fast_funcs.py
[2026-02-23 19:14:41 UTC] Entering function: numba_rolling_sum in fast_funcs.py
[2026-02-23 19:14:41 UTC] Entering function: numba_rolling_sum in fast_funcs.py
[2026-02-23 19:15:00 UTC] Entering function: numba_rolling_sum in fast_funcs.py
[2026-02-23 19:15:01 UTC] Entering function: numba_rolling_corr in fast_funcs.py
[2026-02-23 19:15:01 UTC] Entering function: apply_to_frame_binary in fast_funcs.py
[2026-02-23 19:15:01 UTC] Entering function: numba_rolling_min in fast_funcs.py
[2026-02-23 19:15:01 UTC] Entering function: numba_rolling_max in fast_funcs.py
[2026-02-23 19:15:02 UTC] Entering function: numba_rolling_sum in fast_funcs.py
[2026-02-23 19:15:02 UTC] Entering function: numba_rolling_sum in fast_funcs.py
[2026-02-23 19:15:02 UTC] Entering function: numba_rolling_sum in fast_funcs.py
[2026-02-23 19:15:02 UTC] Entering function: numba_rolling_sum in fast_funcs.py
[2026-02-23 19:15:02 UTC] Entering function: numba_rolling_sum in fast_funcs.py
[2026-02-23 19:15:03 UTC] Entering function: numba_rolling_min in fast_funcs.py
[2026-02-23 19:15:03 UTC] Entering function: numba_rolling_max in fast_funcs.py
[2026-02-23 19:15:04 UTC] Entering function: numba_ker in fast_funcs.py
[2026-02-23 19:15:04 UTC] Entering function: numba_ker in fast_funcs.py
[2026-02-23 19:15:04 UTC] Entering function: numba_ker in fast_funcs.py
[2026-02-23 19:15:04 UTC] Entering function: numba_vortex in fast_funcs.py
[2026-02-23 19:15:04 UTC] Entering function: numba_vortex in fast_funcs.py
[2026-02-23 19:15:04 UTC] Entering function: numba_vortex in fast_funcs.py
[2026-02-23 19:15:04 UTC] Entering function: numba_adx in fast_funcs.py
[2026-02-23 19:15:04 UTC] Entering function: numba_adx in fast_funcs.py
[2026-02-23 19:15:04 UTC] Entering function: numba_adx in fast_funcs.py
[2026-02-23 19:15:05 UTC] Computing HVN/LVN features...
[2026-02-23 19:15:14 UTC] HVN/LVN: 50/140
[2026-02-23 19:15:23 UTC] HVN/LVN: 100/140
[2026-02-23 19:15:31 UTC] Features: 667 features before CausalTransform. Applying transforms...
[2026-02-23 19:15:31 UTC] Entering function: __init__ in feature_transforms.py
[2026-02-23 19:15:31 UTC] CausalFeatureTransformer: Optimized Parametric Mode (sigma=2.054)
[2026-02-23 19:15:36 UTC]   CausalTransform progress: 50/667
[2026-02-23 19:15:41 UTC]   CausalTransform progress: 100/667
[2026-02-23 19:15:46 UTC]   CausalTransform progress: 150/667
[2026-02-23 19:15:51 UTC]   CausalTransform progress: 200/667
[2026-02-23 19:15:55 UTC] Warning: Transform failed for time_since_event_extreme_12h: 'numpy.ndarray' object has no attribute 'empty'
Traceback (most recent call last):
  File "/Users/remyroche/Documents/Ares/extreme_price_movements/features.py", line 2611, in _compute_features_impl
    feats[k] = np.asarray(transformer.transform(feats[k], name=k), dtype=np.float32)
                          ^^^^^^^^^^^^^^^^^^^^^^^^^^^^^^^^^^^^^^^
  File "/Users/remyroche/Documents/Ares/extreme_price_movements/feature_transforms.py", line 47, in transform
    if df.empty:
       ^^^^^^^^
AttributeError: 'numpy.ndarray' object has no attribute 'empty'
[2026-02-23 19:15:56 UTC]   CausalTransform progress: 250/667
[2026-02-23 19:16:01 UTC]   CausalTransform progress: 300/667
[2026-02-23 19:16:04 UTC]   CausalTransform progress: 350/667
[2026-02-23 19:16:04 UTC]   CausalTransform progress: 400/667
[2026-02-23 19:16:06 UTC]   CausalTransform progress: 450/667
[2026-02-23 19:16:10 UTC]   CausalTransform progress: 500/667
[2026-02-23 19:16:14 UTC]   CausalTransform progress: 550/667
[2026-02-23 19:16:17 UTC]   CausalTransform progress: 600/667
[2026-02-23 19:16:22 UTC]   CausalTransform progress: 650/667
[2026-02-23 19:16:23 UTC] CausalTransform complete: 534 transformed, 132 skipped
[2026-02-23 19:16:23 UTC] Features: performing final Inf/NaN check
[2026-02-23 19:16:24 UTC]   WARNING: range_24h_pct has 2293068 non-finite values, replacing with 0
[2026-02-23 19:16:24 UTC]   WARNING: range_12h_pct has 2293068 non-finite values, replacing with 0
[2026-02-23 19:16:24 UTC]   WARNING: volatility_zscore has 3941378 non-finite values, replacing with 0
[2026-02-23 19:16:28 UTC]   WARNING: draw_sym_10h has 2497048 non-finite values, replacing with 0
[2026-02-23 19:16:28 UTC]   WARNING: draw_extreme_10h has 2497048 non-finite values, replacing with 0
[2026-02-23 19:16:28 UTC]   WARNING: breakout_24h has 2422708 non-finite values, replacing with 0
[2026-02-23 19:16:28 UTC]   WARNING: meta_alignment has 2422708 non-finite values, replacing with 0
[2026-02-23 19:16:28 UTC]   WARNING: mtf_divergence has 2497048 non-finite values, replacing with 0
[2026-02-23 19:16:28 UTC]   WARNING: vol_price_diverge has 2422708 non-finite values, replacing with 0
[2026-02-23 19:16:29 UTC]   WARNING: dist_vwap_resid has 2422708 non-finite values, replacing with 0
[2026-02-23 19:16:29 UTC]   WARNING: dist_ema_fast_resid has 2422708 non-finite values, replacing with 0
[2026-02-23 19:16:29 UTC]   WARNING: trend_pct_resid has 2497048 non-finite values, replacing with 0
[2026-02-23 19:16:29 UTC] Features: done (667 keys)
[2026-02-23 19:16:30 UTC] [Feature chunk 2/5] saving 22 keys
[2026-02-23 19:16:30 UTC] Saving features to data/features/20260214_190000...
[2026-02-23 19:16:30 UTC]   Transposing 22 features × 140 symbols for save...
[2026-02-23 19:16:31 UTC]   Transpose complete. Writing 140 symbols...
[2026-02-23 19:16:51 UTC]   Saved 50/140 symbols (22 features each)
[2026-02-23 19:17:12 UTC]   Saved 100/140 symbols (22 features each)
[2026-02-23 19:17:29 UTC] Feature save complete. 140/140 symbols saved (22 features).
[2026-02-23 19:17:29 UTC] [Feature chunk 3/5] symbols=140 (LAZIO/USDT .. S/USDC)
[2026-02-23 19:17:29 UTC] Features: compute base matrices
[2026-02-23 19:17:29 UTC] Entering function: ensure_utc in time_utils.py
[2026-02-23 19:17:30 UTC] Entering function: numba_atr_no_norm in fast_funcs.py
[2026-02-23 19:17:30 UTC] Transforming Close (close): Log -> EWMA(5) -> FFD(d=0.40) [140 cols]
[2026-02-23 19:17:30 UTC] Fixed FFD (close, d=0.40): 10/140
[2026-02-23 19:17:31 UTC] Fixed FFD (close, d=0.40): 20/140
[2026-02-23 19:17:31 UTC] Fixed FFD (close, d=0.40): 30/140
[2026-02-23 19:17:31 UTC] Fixed FFD (close, d=0.40): 40/140
[2026-02-23 19:17:31 UTC] Fixed FFD (close, d=0.40): 50/140
[2026-02-23 19:17:32 UTC] Fixed FFD (close, d=0.40): 60/140
[2026-02-23 19:17:32 UTC] Fixed FFD (close, d=0.40): 70/140
[2026-02-23 19:17:32 UTC] Fixed FFD (close, d=0.40): 80/140
[2026-02-23 19:17:32 UTC] Fixed FFD (close, d=0.40): 90/140
[2026-02-23 19:17:33 UTC] Fixed FFD (close, d=0.40): 100/140
[2026-02-23 19:17:33 UTC] Fixed FFD (close, d=0.40): 110/140
[2026-02-23 19:17:33 UTC] Fixed FFD (close, d=0.40): 120/140
[2026-02-23 19:17:33 UTC] Fixed FFD (close, d=0.40): 130/140
[2026-02-23 19:17:34 UTC] Fixed FFD (close, d=0.40): 140/140
[2026-02-23 19:17:34 UTC] Transforming Volume: Log -> EWMA(5)
[2026-02-23 19:17:34 UTC] Entering function: numba_rolling_sum in fast_funcs.py
[2026-02-23 19:17:34 UTC] Entering function: numba_rolling_sum in fast_funcs.py
[2026-02-23 19:17:34 UTC] Entering function: numba_rolling_sum in fast_funcs.py
[2026-02-23 19:17:34 UTC] Entering function: numba_rolling_sum in fast_funcs.py
[2026-02-23 19:17:34 UTC] Entering function: numba_rolling_sum in fast_funcs.py
[2026-02-23 19:17:34 UTC] Entering function: numba_rolling_sum in fast_funcs.py
[2026-02-23 19:17:34 UTC] Entering function: numba_rolling_sum in fast_funcs.py
[2026-02-23 19:17:34 UTC] Entering function: numba_rolling_sum in fast_funcs.py
[2026-02-23 19:17:34 UTC] Entering function: numba_rolling_sum in fast_funcs.py
[2026-02-23 19:17:34 UTC] Entering function: numba_rolling_sum in fast_funcs.py
[2026-02-23 19:17:34 UTC] Entering function: numba_rolling_sum in fast_funcs.py
[2026-02-23 19:17:34 UTC] Entering function: numba_rolling_sum in fast_funcs.py
[2026-02-23 19:17:34 UTC] Entering function: numba_rolling_sum in fast_funcs.py
[2026-02-23 19:17:34 UTC] Entering function: numba_rolling_sum in fast_funcs.py
[2026-02-23 19:17:35 UTC] Entering function: numba_atr_no_norm in fast_funcs.py
[2026-02-23 19:17:35 UTC] Transforming Close (close_d04): Log -> EWMA(5) -> FFD(d=0.40) [140 cols]
[2026-02-23 19:17:35 UTC] Fixed FFD (close_d04, d=0.40): 10/140
[2026-02-23 19:17:35 UTC] Fixed FFD (close_d04, d=0.40): 20/140
[2026-02-23 19:17:36 UTC] Fixed FFD (close_d04, d=0.40): 30/140
[2026-02-23 19:17:36 UTC] Fixed FFD (close_d04, d=0.40): 40/140
[2026-02-23 19:17:36 UTC] Fixed FFD (close_d04, d=0.40): 50/140
[2026-02-23 19:17:37 UTC] Fixed FFD (close_d04, d=0.40): 60/140
[2026-02-23 19:17:37 UTC] Fixed FFD (close_d04, d=0.40): 70/140
[2026-02-23 19:17:37 UTC] Fixed FFD (close_d04, d=0.40): 80/140
[2026-02-23 19:17:38 UTC] Fixed FFD (close_d04, d=0.40): 90/140
[2026-02-23 19:17:38 UTC] Fixed FFD (close_d04, d=0.40): 100/140
[2026-02-23 19:17:38 UTC] Fixed FFD (close_d04, d=0.40): 110/140
[2026-02-23 19:17:39 UTC] Fixed FFD (close_d04, d=0.40): 120/140
[2026-02-23 19:17:39 UTC] Fixed FFD (close_d04, d=0.40): 130/140
[2026-02-23 19:17:39 UTC] Fixed FFD (close_d04, d=0.40): 140/140
[2026-02-23 19:17:39 UTC] Entering function: numba_rolling_max in fast_funcs.py
[2026-02-23 19:17:39 UTC] Entering function: numba_rolling_min in fast_funcs.py
[2026-02-23 19:17:40 UTC] Transforming Close (close_d05): Log -> EWMA(5) -> FFD(d=0.50) [140 cols]
[2026-02-23 19:17:40 UTC] Fixed FFD (close_d05, d=0.50): 10/140
[2026-02-23 19:17:40 UTC] Fixed FFD (close_d05, d=0.50): 20/140
[2026-02-23 19:17:40 UTC] Fixed FFD (close_d05, d=0.50): 30/140
[2026-02-23 19:17:40 UTC] Fixed FFD (close_d05, d=0.50): 40/140
[2026-02-23 19:17:40 UTC] Fixed FFD (close_d05, d=0.50): 50/140
[2026-02-23 19:17:41 UTC] Fixed FFD (close_d05, d=0.50): 60/140
[2026-02-23 19:17:41 UTC] Fixed FFD (close_d05, d=0.50): 70/140
[2026-02-23 19:17:41 UTC] Fixed FFD (close_d05, d=0.50): 80/140
[2026-02-23 19:17:41 UTC] Fixed FFD (close_d05, d=0.50): 90/140
[2026-02-23 19:17:41 UTC] Fixed FFD (close_d05, d=0.50): 100/140
[2026-02-23 19:17:41 UTC] Fixed FFD (close_d05, d=0.50): 110/140
[2026-02-23 19:17:42 UTC] Fixed FFD (close_d05, d=0.50): 120/140
[2026-02-23 19:17:42 UTC] Fixed FFD (close_d05, d=0.50): 130/140
[2026-02-23 19:17:42 UTC] Fixed FFD (close_d05, d=0.50): 140/140
[2026-02-23 19:17:42 UTC] Entering function: numba_rolling_max in fast_funcs.py
[2026-02-23 19:17:42 UTC] Entering function: numba_rolling_min in fast_funcs.py
[2026-02-23 19:17:42 UTC] Transforming Close (close_d06): Log -> EWMA(5) -> FFD(d=0.60) [140 cols]
[2026-02-23 19:17:42 UTC] Fixed FFD (close_d06, d=0.60): 10/140
[2026-02-23 19:17:43 UTC] Fixed FFD (close_d06, d=0.60): 20/140
[2026-02-23 19:17:43 UTC] Fixed FFD (close_d06, d=0.60): 30/140
[2026-02-23 19:17:43 UTC] Fixed FFD (close_d06, d=0.60): 40/140
[2026-02-23 19:17:43 UTC] Fixed FFD (close_d06, d=0.60): 50/140
[2026-02-23 19:17:43 UTC] Fixed FFD (close_d06, d=0.60): 60/140
[2026-02-23 19:17:43 UTC] Fixed FFD (close_d06, d=0.60): 70/140
[2026-02-23 19:17:43 UTC] Fixed FFD (close_d06, d=0.60): 80/140
[2026-02-23 19:17:43 UTC] Fixed FFD (close_d06, d=0.60): 90/140
[2026-02-23 19:17:43 UTC] Fixed FFD (close_d06, d=0.60): 100/140
[2026-02-23 19:17:43 UTC] Fixed FFD (close_d06, d=0.60): 110/140
[2026-02-23 19:17:44 UTC] Fixed FFD (close_d06, d=0.60): 120/140
[2026-02-23 19:17:44 UTC] Fixed FFD (close_d06, d=0.60): 130/140
[2026-02-23 19:17:44 UTC] Fixed FFD (close_d06, d=0.60): 140/140
[2026-02-23 19:17:44 UTC] Entering function: numba_rolling_max in fast_funcs.py
[2026-02-23 19:17:44 UTC] Entering function: numba_rolling_min in fast_funcs.py
[2026-02-23 19:17:45 UTC] Entering function: numba_rolling_sum in fast_funcs.py
[2026-02-23 19:17:45 UTC] Entering function: numba_rolling_sum in fast_funcs.py
[2026-02-23 19:17:45 UTC] Entering function: numba_rolling_sum in fast_funcs.py
[2026-02-23 19:17:45 UTC] Entering function: numba_rolling_sum in fast_funcs.py
[2026-02-23 19:17:45 UTC] Entering function: numba_rolling_sum in fast_funcs.py
[2026-02-23 19:17:45 UTC] Entering function: numba_rolling_sum in fast_funcs.py
[2026-02-23 19:17:45 UTC] Entering function: numba_rolling_sum in fast_funcs.py
[2026-02-23 19:17:45 UTC] Entering function: numba_rolling_sum in fast_funcs.py
[2026-02-23 19:17:45 UTC] Entering function: numba_rolling_sum in fast_funcs.py
[2026-02-23 19:17:45 UTC] Entering function: numba_rolling_sum in fast_funcs.py
[2026-02-23 19:17:45 UTC] Entering function: numba_rolling_sum in fast_funcs.py
[2026-02-23 19:17:45 UTC] Entering function: numba_rolling_sum in fast_funcs.py
[2026-02-23 19:17:45 UTC] Entering function: numba_rolling_sum in fast_funcs.py
[2026-02-23 19:17:45 UTC] Entering function: numba_rolling_sum in fast_funcs.py
[2026-02-23 19:17:45 UTC] Entering function: numba_rolling_sum in fast_funcs.py
[2026-02-23 19:17:45 UTC] Entering function: numba_rolling_corr in fast_funcs.py
[2026-02-23 19:17:45 UTC] Entering function: apply_to_frame_binary in fast_funcs.py
[2026-02-23 19:17:45 UTC] Entering function: numba_rolling_corr in fast_funcs.py
[2026-02-23 19:17:45 UTC] Entering function: apply_to_frame_binary in fast_funcs.py
[2026-02-23 19:17:45 UTC] Entering function: numba_rolling_max in fast_funcs.py
[2026-02-23 19:17:45 UTC] Entering function: numba_rolling_min in fast_funcs.py
[2026-02-23 19:17:45 UTC] Entering function: numba_rolling_sum in fast_funcs.py
[2026-02-23 19:17:46 UTC] Entering function: numba_rolling_max in fast_funcs.py
[2026-02-23 19:17:46 UTC] Entering function: numba_rolling_min in fast_funcs.py
[2026-02-23 19:17:46 UTC] Entering function: numba_rolling_sum in fast_funcs.py
[2026-02-23 19:17:46 UTC] Entering function: numba_rolling_max in fast_funcs.py
[2026-02-23 19:17:46 UTC] Entering function: numba_rolling_min in fast_funcs.py
[2026-02-23 19:17:46 UTC] Entering function: numba_rolling_sum in fast_funcs.py
[2026-02-23 19:17:46 UTC] Entering function: numba_rolling_max in fast_funcs.py
[2026-02-23 19:17:46 UTC] Entering function: numba_rolling_min in fast_funcs.py
[2026-02-23 19:17:46 UTC] Entering function: numba_rolling_sum in fast_funcs.py
[2026-02-23 19:17:46 UTC] Entering function: numba_rolling_max in fast_funcs.py
[2026-02-23 19:17:46 UTC] Entering function: numba_rolling_min in fast_funcs.py
[2026-02-23 19:17:46 UTC] Entering function: numba_rolling_sum in fast_funcs.py
[2026-02-23 19:17:46 UTC] Entering function: numba_rolling_max in fast_funcs.py
[2026-02-23 19:17:46 UTC] Entering function: numba_rolling_min in fast_funcs.py
[2026-02-23 19:17:46 UTC] Entering function: numba_rolling_sum in fast_funcs.py
[2026-02-23 19:17:48 UTC] Entering function: numba_rsi in fast_funcs.py
[2026-02-23 19:17:48 UTC] Entering function: numba_rolling_max in fast_funcs.py
[2026-02-23 19:17:48 UTC] Entering function: numba_rolling_min in fast_funcs.py
[2026-02-23 19:17:48 UTC] Entering function: numba_rolling_max in fast_funcs.py
[2026-02-23 19:17:48 UTC] Entering function: numba_rolling_min in fast_funcs.py
[2026-02-23 19:17:48 UTC] Entering function: numba_rolling_robust_zscore in fast_funcs.py
