2026-01-07 14:45:02,569 - DataQualityFramework - INFO - ℹ️ ✅ Comprehensive duplicate analyzer integrated
2026-01-07 14:45:02,569 - DataQualityFramework - INFO - ℹ️ 🔧 Unified Data Quality Framework initialized (singleton)
[2026-01-07 14:45:02.569] PERFORMANCE: DataQualityFramework initialization took 0.000s
2026-01-07 14:45:02,569 - System.tprint - INFO - ℹ️ DataQualityFramework initialization took 0.000s
2026-01-07 14:45:03,698 - System.AdvancedQualityMetrics - INFO - ℹ️ 📊 AdvancedQualityMetrics initialized with tolerant parameters
[2026-01-07 14:45:03.698] PERFORMANCE: AdvancedQualityMetrics initialization took 0.000s
2026-01-07 14:45:03,698 - System.tprint - INFO - ℹ️ AdvancedQualityMetrics initialization took 0.000s
2026-01-07 14:45:03,702 - DataCleaner - INFO - ℹ️ Using klines-specific gap thresholds: {<GapType.SMALL: 'small'>: 65, <GapType.MEDIUM: 'medium'>: 300, <GapType.LARGE: 'large'>: 1800, <GapType.CRITICAL: 'critical'>: 3600}
[2026-01-07 14:45:03.702] PERFORMANCE: DataCleaner(klines) initialization took 0.000s
2026-01-07 14:45:03,702 - System.tprint - INFO - ℹ️ DataCleaner(klines) initialization took 0.000s
2026-01-07 14:45:03,702 - DataCleaner - INFO - ℹ️ Using klines-specific gap thresholds: {<GapType.SMALL: 'small'>: 65, <GapType.MEDIUM: 'medium'>: 300, <GapType.LARGE: 'large'>: 1800, <GapType.CRITICAL: 'critical'>: 3600}
[2026-01-07 14:45:03.702] PERFORMANCE: DataCleaner(klines) initialization took 0.000s
2026-01-07 14:45:03,702 - System.tprint - INFO - ℹ️ DataCleaner(klines) initialization took 0.000s
2026-01-07 14:45:03,702 - DataCleanerManager - INFO - ℹ️ 🔧 DataCleanerManager initialized (singleton)
/Users/remyroche/Library/Python/3.9/lib/python/site-packages/urllib3/__init__.py:35: NotOpenSSLWarning: urllib3 v2 only supports OpenSSL 1.1.1+, currently the 'ssl' module is compiled with 'LibreSSL 2.8.3'. See: https://github.com/urllib3/urllib3/issues/3020
  warnings.warn(
[2026-01-07 14:45:03.861] DEBUG: 🔧 [features_common.utils] Initializing common utilities module
[2026-01-07 14:45:03.864] SUCCESS: ✅ [features_common.utils] Math validation utilities loaded
2026-01-07 14:45:03,864 - System.tprint - INFO - ℹ️ ✅ [features_common.utils] Math validation utilities loaded
[2026-01-07 14:45:03.864] DEBUG: 🔧 [features_common.utils] Common utilities module initialized
2026-01-07 14:45:10,907 - src.utils.hardware.m1_gpu_utils.M1GPUManager - INFO - ℹ️ M1 GPU Manager initialized - M1: True, Generation: m1, MPS: True
2026-01-07 14:45:10,947 - src.utils.hardware.m1_cpu_optimizer.M1CPUOptimizer - INFO - ℹ️ 🧠 M1 CPU Optimizer initialized for M1 (4P+4E cores)
[2026-01-07 14:45:11.288] DEBUG: 🔧 [transforms] Module initialized with 14 exports
2026-01-07 14:45:11,289 - src.features_common.backward_compatibility - INFO - ℹ️ Backward compatibility ensured for features_common
[2026-01-07 14:45:11.290] DEBUG: 🔧 [optimization] Module initialized with 6 exports
[2026-01-07 14:45:11.290] DEBUG: 🔧 [registry] Module initialized with BaseFeatureRegistry
[2026-01-07 14:45:11.294] DEBUG: 🚀 [features_common] Enhanced module initialized with 59 exports
[2026-01-07 14:45:11.294] SUCCESS: ✅ [features_common] All optimizations enabled by default
2026-01-07 14:45:11,294 - System.tprint - INFO - ℹ️ ✅ [features_common] All optimizations enabled by default
[2026-01-07 14:45:11.294] INFO: 🔧 [features_common] VectorBT integration available
2026-01-07 14:45:11,294 - System.tprint - INFO - ℹ️ 🔧 [features_common] VectorBT integration available
[2026-01-07 14:45:11.294] PERFORMANCE: 📊 [features_common] Performance monitoring enabled
2026-01-07 14:45:11,294 - System.tprint - INFO - ℹ️ 📊 [features_common] Performance monitoring enabled
[2026-01-07 14:45:11.294] WARNING: 💾 [features_common] Intelligent caching active
2026-01-07 14:45:11,295 - System.tprint - WARNING - ⚠️ 💾 [features_common] Intelligent caching active
2026-01-07 14:45:11,295 - System.DataStreamingManager - INFO - ℹ️ 🚀 DataStreamingManager initialized (singleton): chunk_size=10000, memory_threshold=0.8
[2026-01-07 14:45:11.295] PERFORMANCE: DataStreamingManager initialization took 0.000s
2026-01-07 14:45:11,295 - System.tprint - INFO - ℹ️ DataStreamingManager initialization took 0.000s
[2026-01-07 14:45:11.691] ✅ Custom logger available for MLCommon.ConfidenceMetrics
2026-01-07 14:45:11,691 - System.tprint - INFO - ℹ️ ✅ Custom logger available for MLCommon.ConfidenceMetrics
[2026-01-07 14:45:11.692] ✅ Custom logger available for MLCommon.ModelExplanations
2026-01-07 14:45:11,692 - System.tprint - INFO - ℹ️ ✅ Custom logger available for MLCommon.ModelExplanations
2026-01-07 14:45:12,940 - MLCommon.ModelExplanations - INFO - ℹ️ Model explanations available using SHAP and fallback methods
[2026-01-07 14:45:12.944] ✅ Custom logger available for MLCommon.ModelRegistry
2026-01-07 14:45:12,944 - System.tprint - INFO - ℹ️ ✅ Custom logger available for MLCommon.ModelRegistry
[2026-01-07 14:45:12.944] ✅ Custom logger available for MLCommon.ModelExplainability
2026-01-07 14:45:12,944 - System.tprint - INFO - ℹ️ ✅ Custom logger available for MLCommon.ModelExplainability
[2026-01-07 14:45:13.080] ✅ Custom logger available for MLCommon.CV
2026-01-07 14:45:13,080 - System.tprint - INFO - ℹ️ ✅ Custom logger available for MLCommon.CV
2026-01-07 14:45:13,085 - src.utils.ml_common.validation.enhanced_validation - INFO - ℹ️ ✅ Enhanced Validation initialized
[2026-01-07 14:45:13.088] ✅ Custom logger available for MLCommon.ValidationUtils
2026-01-07 14:45:13,088 - System.tprint - INFO - ℹ️ ✅ Custom logger available for MLCommon.ValidationUtils
[2026-01-07 14:45:13.104] ✅ Custom logger available for MLCommon.HPOUtils
2026-01-07 14:45:13,105 - System.tprint - INFO - ℹ️ ✅ Custom logger available for MLCommon.HPOUtils
2026-01-07 14:45:13,186 - src.utils.matrix_operations.enhanced_operations.CustomMatrixOperationsRegistry - INFO - ℹ️ 📝 Registered custom matrix operation: gpu_condition_number
2026-01-07 14:45:13,186 - src.utils.matrix_operations.enhanced_operations.CustomMatrixOperationsRegistry - INFO - ℹ️ 📝 Registered custom matrix operation: gpu_matrix_rank
2026-01-07 14:45:13,186 - src.utils.matrix_operations.enhanced_operations.CustomMatrixOperationsRegistry - INFO - ℹ️ 📝 Registered custom matrix operation: matrix_normalize
2026-01-07 14:45:13,186 - src.utils.matrix_operations.enhanced_operations.CustomMatrixOperationsRegistry - INFO - ℹ️ 📝 Registered custom matrix operation: extract_matrix_features
2026-01-07 14:45:13,190 - src.utils.matrix_operations - INFO - ℹ️ ✅ Unified Matrix Operations module initialized
2026-01-07 14:45:13,190 - src.utils.matrix_operations - INFO - ℹ️ 📦 Version: 1.0.0
2026-01-07 14:45:13,190 - src.utils.matrix_operations - INFO - ℹ️ 🔧 Features: VectorBT optimizations, GPU acceleration, memory optimization, vectorized processing, batch operations
2026-01-07 14:45:13,190 - src.utils.matrix_operations - INFO - ℹ️ 🍎 Optimized for: Apple Silicon M1/M2/M3 Macs
2026-01-07 14:45:13,190 - src.utils.matrix_operations - INFO - ℹ️ 🚀 VectorBT optimizations enabled - expect 2-10x performance improvements
2026-01-07 14:45:13,190 - src.utils.matrix_operations - INFO - ℹ️ 🎯 VectorBTRollingOptimizer available - enhanced rolling operations
2026-01-07 14:45:13,190 - src.utils.matrix_operations - INFO - ℹ️ ⚡ UnifiedVectorizationManager available - unified vectorization operations
2026-01-07 14:45:13,193 - System.ComplementaryLookbackOptimizer - INFO - ℹ️ ✅ Detected VectorBT v0.28.1
2026-01-07 14:45:13,206 - src.feature_generation.utils.feature_generation_optimization - INFO - ℹ️ ✅ VectorBT available for feature optimization
2026-01-07 14:45:13,230 - src.feature_generation.core.feature_registry.FeatureRegistry - INFO - ℹ️ FeatureRegistry initialized
[2026-01-07 14:45:13.230] 🔧 Initializing AutoOptimizationConfig...
2026-01-07 14:45:13,230 - System.tprint - INFO - ℹ️ 🔧 Initializing AutoOptimizationConfig...
[2026-01-07 14:45:13.230] 📝 Setting up conservative optimization settings...
2026-01-07 14:45:13,231 - System.tprint - INFO - ℹ️ 📝 Setting up conservative optimization settings...
[2026-01-07 14:45:13.230] ✅ Conservative settings configured
2026-01-07 14:45:13,231 - System.tprint - INFO - ℹ️ ✅ Conservative settings configured
[2026-01-07 14:45:13.231] 📝 Setting up balanced optimization settings...
2026-01-07 14:45:13,231 - System.tprint - INFO - ℹ️ 📝 Setting up balanced optimization settings...
[2026-01-07 14:45:13.231] ✅ Balanced settings configured
2026-01-07 14:45:13,231 - System.tprint - INFO - ℹ️ ✅ Balanced settings configured
[2026-01-07 14:45:13.231] 📝 Setting up aggressive optimization settings...
2026-01-07 14:45:13,232 - System.tprint - INFO - ℹ️ 📝 Setting up aggressive optimization settings...
[2026-01-07 14:45:13.231] ✅ Aggressive settings configured
2026-01-07 14:45:13,232 - System.tprint - INFO - ℹ️ ✅ Aggressive settings configured
[2026-01-07 14:45:13.231] 🎯 AutoOptimizationConfig initialized with balanced strategy
2026-01-07 14:45:13,232 - System.tprint - INFO - ℹ️ 🎯 AutoOptimizationConfig initialized with balanced strategy
[2026-01-07 14:45:13.231] ✅ Auto-optimization enabled for FeatureBank (default)
2026-01-07 14:45:13,232 - System.tprint - INFO - ℹ️ ✅ Auto-optimization enabled for FeatureBank (default)
2026-01-07 14:45:13,232 - src.feature_generation.utils.memory_pool_optimizer.MemoryPoolOptimizer - INFO - ℹ️ Memory pool optimizer initialized
2026-01-07 14:45:13,232 - src.utils.hardware.m1_memory_optimizer.M1MemoryOptimizer - INFO - ℹ️ 🧠 Memory limit set to 8.0 GB (8589934592.0 bytes)
2026-01-07 14:45:13,272 - src.utils.hardware.m1_memory_optimizer.M1MemoryOptimizer - INFO - ℹ️ 🧠 M1 Memory Optimizer initialized for M1
2026-01-07 14:45:13,273 - src.utils.hardware.unified_hardware_manager.UnifiedHardwareManager - INFO - ℹ️ 🔧 Unified Hardware Manager initialized
2026-01-07 14:45:13,274 - src.utils.hardware.unified_hardware_manager.HardwarePerformanceMonitor - INFO - ℹ️ 🔍 Hardware performance monitoring started
2026-01-07 14:45:13,458 - src.utils.hardware.m1_memory_optimizer.M1MemoryOptimizer - INFO - ℹ️ 🧠 M1 memory monitoring started
2026-01-07 14:45:13,458 - src.utils.hardware.unified_hardware_manager.UnifiedHardwareManager - INFO - ℹ️ ✅ Unified Hardware Manager fully initialized
2026-01-07 14:45:13,459 - src.utils.hardware.unified_hardware_manager.UnifiedHardwareManager - INFO - ℹ️ 🎯 Optimizing for feature_engineering workload (balanced)
2026-01-07 14:45:13,461 - src.utils.ml_common.hardware_singleton - INFO - ℹ️ 🔍 Detecting hardware capabilities (one-time detection)...
2026-01-07 14:45:13,461 - src.utils.ml_common.hardware_singleton - INFO - ℹ️ ✅ Hardware detection complete: {'cpu_cores': 8, 'gpu_available': True, 'gpu_type': 'mps', 'memory_gb': 16.0, 'mps_available': True, 'gpu_memory_gb': None}
[2026-01-07 14:45:13.461] 🚀 Initializing Unified Vectorization Manager...
2026-01-07 14:45:13,461 - System.tprint - INFO - ℹ️ 🚀 Initializing Unified Vectorization Manager...
[2026-01-07 14:45:13.461] 🔄 Initializing optimization components...
2026-01-07 14:45:13,461 - System.tprint - INFO - ℹ️ 🔄 Initializing optimization components...
[2026-01-07 14:45:13.461] 🔄 Initializing optimization components...
2026-01-07 14:45:13,461 - System.tprint - INFO - ℹ️ 🔄 Initializing optimization components...
[2026-01-07 14:45:13.461] 🔄 Loading VectorBTRollingOptimizer...
2026-01-07 14:45:13,462 - System.tprint - INFO - ℹ️ 🔄 Loading VectorBTRollingOptimizer...
[2026-01-07 14:45:13.461] ✅ VectorBTRollingOptimizer loaded
2026-01-07 14:45:13,462 - System.tprint - INFO - ℹ️ ✅ VectorBTRollingOptimizer loaded
[2026-01-07 14:45:13.461] 🔄 Loading vectorized backtesting...
2026-01-07 14:45:13,462 - System.tprint - INFO - ℹ️ 🔄 Loading vectorized backtesting...
2026-01-07 14:45:13,463 - System.VectorizedBacktestingEngine - INFO - ℹ️ ✅ Vectorized Backtesting Engine initialized successfully
[2026-01-07 14:45:13.463] ✅ Vectorized backtesting loaded
2026-01-07 14:45:13,463 - System.tprint - INFO - ℹ️ ✅ Vectorized backtesting loaded
[2026-01-07 14:45:13.463] 🔄 Loading VectorBT backtesting engine...
2026-01-07 14:45:13,463 - System.tprint - INFO - ℹ️ 🔄 Loading VectorBT backtesting engine...
2026-01-07 14:45:13,465 - System.VectorBTBacktestingEngine - INFO - ℹ️ ✅ VectorBT Backtesting Engine initialized successfully
[2026-01-07 14:45:13.465] ✅ VectorBT backtesting engine loaded
2026-01-07 14:45:13,465 - System.tprint - INFO - ℹ️ ✅ VectorBT backtesting engine loaded
[2026-01-07 14:45:13.465] 🔄 Loading VectorBT financial metrics...
2026-01-07 14:45:13,465 - System.tprint - INFO - ℹ️ 🔄 Loading VectorBT financial metrics...
2026-01-07 14:45:13,466 - src.utils.ml_common.vectorbt_financial_metrics - INFO - ℹ️ ✅ VectorBT Financial Metrics initialized
2026-01-07 14:45:13,466 - src.utils.ml_common.vectorbt_financial_metrics - INFO - ℹ️ 📊 Risk-free rate: 2.00%
2026-01-07 14:45:13,466 - src.utils.ml_common.vectorbt_financial_metrics - INFO - ℹ️ 📊 Annualization factor: 252
2026-01-07 14:45:13,466 - src.utils.ml_common.vectorbt_financial_metrics - INFO - ℹ️ 📊 Regime analysis: True
[2026-01-07 14:45:13.466] ✅ VectorBT financial metrics loaded
2026-01-07 14:45:13,466 - System.tprint - INFO - ℹ️ ✅ VectorBT financial metrics loaded
[2026-01-07 14:45:13.466] 🔄 Loading VectorBT portfolio optimization...
2026-01-07 14:45:13,466 - System.tprint - INFO - ℹ️ 🔄 Loading VectorBT portfolio optimization...
2026-01-07 14:45:13,474 - src.utils.ml_common.vectorbt_memory_manager.VectorBTMemoryManager - INFO - ℹ️ ✅ VectorBT Memory Manager initialized
2026-01-07 14:45:13,474 - src.utils.ml_common.vectorbt_memory_manager.VectorBTMemoryManager - INFO - ℹ️ 📊 Total system memory: 16.00GB
2026-01-07 14:45:13,474 - src.utils.ml_common.vectorbt_memory_manager.VectorBTMemoryManager - INFO - ℹ️ 📊 Available memory: 3.97GB
2026-01-07 14:45:13,474 - src.utils.ml_common.vectorbt_memory_manager.VectorBTMemoryManager - INFO - ℹ️ 📊 Max allocated memory: 8.00GB
2026-01-07 14:45:13,474 - src.utils.ml_common.vectorbt_performance_monitor.VectorBTPerformanceMonitor - INFO - ℹ️ ✅ VectorBT Performance Monitor initialized
2026-01-07 14:45:13,474 - src.utils.ml_common.vectorbt_performance_monitor.VectorBTPerformanceMonitor - INFO - ℹ️ 📊 Monitoring enabled: timing=True, memory=True, gpu=True
2026-01-07 14:45:13,474 - src.utils.ml_common.vectorbt_portfolio_optimization - INFO - ℹ️ ✅ VectorBT Portfolio Optimizer initialized
2026-01-07 14:45:13,474 - src.utils.ml_common.vectorbt_portfolio_optimization - INFO - ℹ️ 📊 Method: mean_variance
2026-01-07 14:45:13,474 - src.utils.ml_common.vectorbt_portfolio_optimization - INFO - ℹ️ 📊 Rebalancing: monthly
2026-01-07 14:45:13,474 - src.utils.ml_common.vectorbt_portfolio_optimization - INFO - ℹ️ 📊 Risk aversion: 1.0
2026-01-07 14:45:13,475 - src.utils.ml_common.vectorbt_portfolio_optimization - INFO - ℹ️ 📊 Memory manager: 3.97GB available
[2026-01-07 14:45:13.475] ✅ VectorBT portfolio optimization loaded
2026-01-07 14:45:13,475 - System.tprint - INFO - ℹ️ ✅ VectorBT portfolio optimization loaded
[2026-01-07 14:45:13.475] 🔄 Loading matrix cross-validation...
2026-01-07 14:45:13,475 - System.tprint - INFO - ℹ️ 🔄 Loading matrix cross-validation...
2026-01-07 14:45:13,476 - src.utils.hardware.m1_memory_optimizer - INFO - ℹ️ 🧠 M1 Memory Optimizer initialized for M1
2026-01-07 14:45:13,512 - src.utils.hardware.m1_memory_optimizer.M1MemoryOptimizer - INFO - ℹ️ 🧠 M1 Memory Optimizer initialized for M1
2026-01-07 14:45:14,463 - src.feature_generation.core.vectorbt_batch_processor - INFO - ℹ️ VectorBTBatchProcessor initialized: VectorBT=True, GPU=False, Parallel=True
2026-01-07 14:45:14,463 - src.feature_generation.utils.unified_vectorization_manager - INFO - ℹ️ UnifiedVectorizationManager initialized: VectorBT=True, GPU=False, Memory=True
2026-01-07 14:45:14,463 - src.utils.matrix_operations.unified_operations.UnifiedMatrixOperations - INFO - ℹ️ 📊 GPU: False, Memory Opt: False, Parallel: False
2026-01-07 14:45:14,464 - src.utils.ml_common.matrix_cross_validation - INFO - ℹ️ 🚀 VectorBT configured for cross-validation optimization
2026-01-07 14:45:14,464 - src.utils.ml_common.matrix_cross_validation - INFO - ℹ️ ✅ Matrix-based cross-validator initialized
2026-01-07 14:45:14,465 - src.utils.ml_common.matrix_cross_validation - INFO - ℹ️ 📊 Configuration - Splits: 5, GPU: True, VectorBT: True
[2026-01-07 14:45:14.465] ✅ Matrix cross-validation loaded
2026-01-07 14:45:14,465 - System.tprint - INFO - ℹ️ ✅ Matrix cross-validation loaded
[2026-01-07 14:45:14.465] 🔄 Loading feature importance analyzer...
2026-01-07 14:45:14,465 - System.tprint - INFO - ℹ️ 🔄 Loading feature importance analyzer...
2026-01-07 14:45:14,507 - src.utils.ml_common.utils.memory_integration - INFO - ℹ️ 🔗 Integrating memory skimming with all ML utilities
2026-01-07 14:45:14,508 - src.utils.ml_common.utils.memory_integration - INFO - ℹ️ ✅ Successfully imported HPO utilities (direct import)
2026-01-07 14:45:14,508 - src.utils.ml_common.utils.memory_integration - INFO - ℹ️ ✅ Memory skimming integrated with HPO utilities
2026-01-07 14:45:14,508 - src.utils.ml_common.utils.memory_integration - INFO - ℹ️ ✅ Successfully imported Unified CV utilities
2026-01-07 14:45:14,508 - src.utils.ml_common.utils.memory_integration - INFO - ℹ️ ✅ Memory skimming integrated with Unified CV utilities
2026-01-07 14:45:14,510 - src.utils.ml_common.utils.memory_integration - INFO - ℹ️ ✅ Memory skimming integrated with lookahead protection utilities
2026-01-07 14:45:14,510 - src.utils.ml_common.utils.memory_integration - INFO - ℹ️ Skipping model evaluation memory integration (deprecated)
2026-01-07 14:45:14,511 - src.utils.ml_common.utils.memory_integration - INFO - ℹ️ ✅ Successfully imported feature selection utilities
2026-01-07 14:45:14,511 - src.utils.ml_common.utils.memory_integration - INFO - ℹ️ ✅ Memory skimming integrated with feature selection utilities
2026-01-07 14:45:14,512 - src.utils.ml_common.utils.memory_integration - INFO - ℹ️ ✅ Successfully imported data quality utilities
2026-01-07 14:45:14,512 - src.utils.ml_common.utils.memory_integration - INFO - ℹ️ ✅ Memory skimming integrated with data quality utilities
2026-01-07 14:45:14,512 - src.utils.ml_common.utils.memory_integration - INFO - ℹ️ ✅ Memory skimming integration completed: 6/6 successful
[2026-01-07 14:45:14.512] ✅ Custom logger available for MLCommon.ThreadGuard
2026-01-07 14:45:14,512 - System.tprint - INFO - ℹ️ ✅ Custom logger available for MLCommon.ThreadGuard
[2026-01-07 14:45:14.512] ✅ threadpoolctl available for thread management
2026-01-07 14:45:14,512 - System.tprint - INFO - ℹ️ ✅ threadpoolctl available for thread management
[2026-01-07 14:45:14.513] ✅ Custom logger available for MLCommon.BaseSafeguards
2026-01-07 14:45:14,513 - System.tprint - INFO - ℹ️ ✅ Custom logger available for MLCommon.BaseSafeguards
[2026-01-07 14:45:14.516] ✅ Scikit-learn available for thresholding functionality
2026-01-07 14:45:14,516 - System.tprint - INFO - ℹ️ ✅ Scikit-learn available for thresholding functionality
[2026-01-07 14:45:14.516] ✅ Custom logger available for FeatureSelection.BaseFramework
2026-01-07 14:45:14,516 - System.tprint - INFO - ℹ️ ✅ Custom logger available for FeatureSelection.BaseFramework
[2026-01-07 14:45:14.518] ✅ Custom logger available for FeatureSelection.DataValidation
2026-01-07 14:45:14,518 - System.tprint - INFO - ℹ️ ✅ Custom logger available for FeatureSelection.DataValidation
[2026-01-07 14:45:14.521] ✅ Vectorization utilities available for feature selection
2026-01-07 14:45:14,521 - System.tprint - INFO - ℹ️ ✅ Vectorization utilities available for feature selection
[2026-01-07 14:45:14.521] ✅ Custom logger available for FeatureSelection.SelectionMethods
2026-01-07 14:45:14,521 - System.tprint - INFO - ℹ️ ✅ Custom logger available for FeatureSelection.SelectionMethods
[2026-01-07 14:45:14.561] ✅ Custom logger available for FeatureSelection.StabilityAnalysis
2026-01-07 14:45:14,561 - System.tprint - INFO - ℹ️ ✅ Custom logger available for FeatureSelection.StabilityAnalysis
[2026-01-07 14:45:14.561] ✅ Custom logger available for FeatureSelection.PerformanceMonitoring
2026-01-07 14:45:14,562 - System.tprint - INFO - ℹ️ ✅ Custom logger available for FeatureSelection.PerformanceMonitoring
[2026-01-07 14:45:14.562] ✅ Custom logger available for FeatureSelection.QualityMetrics
2026-01-07 14:45:14,562 - System.tprint - INFO - ℹ️ ✅ Custom logger available for FeatureSelection.QualityMetrics
[2026-01-07 14:45:14.562] ✅ Custom logger available for FeatureSelection.TemporalAnalysis
2026-01-07 14:45:14,563 - System.tprint - INFO - ℹ️ ✅ Custom logger available for FeatureSelection.TemporalAnalysis
[2026-01-07 14:45:14.564] ✅ Custom logger available for FeatureSelection.CausalAnalysis
2026-01-07 14:45:14,564 - System.tprint - INFO - ℹ️ ✅ Custom logger available for FeatureSelection.CausalAnalysis
[2026-01-07 14:45:14.567] ✅ Custom logger available for FeatureSelection.MainFramework
2026-01-07 14:45:14,567 - System.tprint - INFO - ℹ️ ✅ Custom logger available for FeatureSelection.MainFramework
[2026-01-07 14:45:14.613] 🔍 FeatureImportanceAnalyzer initialized with methods: ['random_forest', 'lasso', 'mutual_info']
2026-01-07 14:45:14,613 - System.tprint - INFO - ℹ️ 🔍 FeatureImportanceAnalyzer initialized with methods: ['random_forest', 'lasso', 'mutual_info']
[2026-01-07 14:45:14.613] ✅ Feature importance analyzer loaded
2026-01-07 14:45:14,613 - System.tprint - INFO - ℹ️ ✅ Feature importance analyzer loaded
[2026-01-07 14:45:14.613] 🔄 Loading technical indicators...
2026-01-07 14:45:14,613 - System.tprint - INFO - ℹ️ 🔄 Loading technical indicators...
2026-01-07 14:45:14,615 - src.feature_generation.utils.feature_generators - INFO - ℹ️ TA-Lib not available; using optimized numpy/pandas fallbacks for technical indicators
2026-01-07 14:45:14,616 - src.feature_generation.utils.feature_generators - INFO - ℹ️ Using fallback implementations for feature selection tools
2026-01-07 14:45:14,665 - src.utils.hardware.m1_memory_optimizer.M1MemoryOptimizer - INFO - ℹ️ 🧠 M1 Memory Optimizer initialized for M1
2026-01-07 14:45:14,666 - src.feature_generation.utils.feature_generators.FeatureGenerators - INFO - ℹ️ ✅ Hardware optimization initialized
2026-01-07 14:45:14,666 - src.feature_generation.utils.feature_generators.FeatureGenerators - INFO - ℹ️ ✅ Matrix operations available for vectorization
[2026-01-07 14:45:14.666] ✅ Technical indicators loaded
2026-01-07 14:45:14,666 - System.tprint - INFO - ℹ️ ✅ Technical indicators loaded
[2026-01-07 14:45:14.666] ℹ️ HMM operations deprecated - using alternative methods
2026-01-07 14:45:14,666 - System.tprint - INFO - ℹ️ HMM operations deprecated - using alternative methods
[2026-01-07 14:45:14.666] ✅ Component initialization completed
2026-01-07 14:45:14,666 - System.tprint - INFO - ℹ️ ✅ Component initialization completed
[2026-01-07 14:45:14.666] 🔄 Setting up performance tracking...
2026-01-07 14:45:14,666 - System.tprint - INFO - ℹ️ 🔄 Setting up performance tracking...
[2026-01-07 14:45:14.666] ✅ Unified Vectorization Manager initialized
2026-01-07 14:45:14,666 - System.tprint - INFO - ℹ️ ✅ Unified Vectorization Manager initialized
2026-01-07 14:45:14,666 - src.utils.ml_common.unified_vectorization_manager - INFO - ℹ️ ✅ Unified Vectorization Manager initialized
2026-01-07 14:45:14,667 - src.feature_generation.utils.feature_generation_optimization.FeatureGenerationOptimizer - INFO - ℹ️ 🚀 Initializing FeatureGenerationOptimizer...
2026-01-07 14:45:14,667 - src.feature_generation.utils.feature_generation_optimization.FeatureGenerationOptimizer - INFO - ℹ️ 📊 Configuration loaded: cross_validation
2026-01-07 14:45:14,668 - src.feature_generation.utils.feature_generation_optimization.FeatureGenerationOptimizer - INFO - ℹ️ ✅ FeatureGenerationOptimizer initialized in 0.001s
2026-01-07 14:45:14,668 - src.feature_generation.utils.feature_generation_optimization.FeatureGenerationOptimizer - INFO - ℹ️ 📊 Min lookback: 5, Max lookback: 252
2026-01-07 14:45:14,668 - src.feature_generation.utils.feature_generation_optimization.FeatureGenerationOptimizer - INFO - ℹ️ 📊 CV folds: 3, Parallel processing: True
2026-01-07 14:45:14,669 - src.utils.parallel_processing_optimizer - INFO - ℹ️ 🍎 Detected Apple Silicon - applying M1-specific limits
2026-01-07 14:45:14,669 - src.utils.parallel_processing_optimizer - INFO - ℹ️ 🔧 Initialized MacM1ParallelOptimizer:
2026-01-07 14:45:14,669 - src.utils.parallel_processing_optimizer - INFO - ℹ️    Max workers: 4
2026-01-07 14:45:14,669 - src.utils.parallel_processing_optimizer - INFO - ℹ️    Chunk size: 1000
2026-01-07 14:45:14,669 - src.utils.parallel_processing_optimizer - INFO - ℹ️    Pool type: Process
2026-01-07 14:45:14,670 - src.utils.parallel_processing_optimizer - INFO - ℹ️    Memory limit per worker: 4096 MB
2026-01-07 14:45:14,670 - src.utils.parallel_processing_optimizer - INFO - ℹ️    M1 Mac detected: True
2026-01-07 14:45:14,670 - src.feature_generation.utils.optimization.lookback_optimizer.LookbackOptimizer - INFO - ℹ️ ✅ Legacy optimization system available
2026-01-07 14:45:14,671 - src.feature_generation.utils.optimization.lookback_optimizer.LookbackOptimizer - INFO - ℹ️ ✅ LookbackOptimizer initialized
2026-01-07 14:45:14,671 - src.feature_generation.core.feature_bank.FeatureBank - INFO - ℹ️ ✅ Regular lookback optimization enabled (Analyst mode)
[2026-01-07 14:45:14.671] ✅ FeatureBank set as global instance
2026-01-07 14:45:14,672 - System.tprint - INFO - ℹ️ ✅ FeatureBank set as global instance
[2026-01-07 14:45:14.671] 🔧 Auto-registering feature generators...
2026-01-07 14:45:14,672 - System.tprint - INFO - ℹ️ 🔧 Auto-registering feature generators...
[2026-01-07 14:45:14.671] 🔧 Configuring lazy loading for feature generators...
2026-01-07 14:45:14,672 - System.tprint - INFO - ℹ️ 🔧 Configuring lazy loading for feature generators...
[2026-01-07 14:45:14.671] ✅ Registered lazy loaders for 16 categories. Generators will be created on demand.
2026-01-07 14:45:14,673 - System.tprint - INFO - ℹ️ ✅ Registered lazy loaders for 16 categories. Generators will be created on demand.
2026-01-07 14:45:14,674 - src.feature_generation.core.feature_bank.FeatureBank - INFO - ℹ️ ✅ FeatureBank initialized
2026-01-07 14:45:14,675 - src.feature_generation.core.feature_bank.FeatureBank - INFO - ℹ️ 📊 Matrix ops: True, GPU: True, Lookback opt: True
2026-01-07 14:45:14,675 - src.feature_generation - INFO - ℹ️ ✅ Unified Feature Generation System initialized
2026-01-07 14:45:14,675 - src.feature_generation - INFO - ℹ️ 📦 Version: 2.0.0
2026-01-07 14:45:14,675 - src.feature_generation - INFO - ℹ️ 🔧 Features: Category-based organization, advanced utilities, optimization
2026-01-07 14:45:14,675 - src.feature_generation - INFO - ℹ️ 🍎 Optimized for: Apple Silicon M1/M2/M3 Macs
2026-01-07 14:45:14,675 - src.feature_generation - INFO - ℹ️ 🚀 Advanced utilities available (optimization, analysis, etc.)
2026-01-07 14:45:14,675 - src.feature_generation - INFO - ℹ️ ⚡ VectorBT optimizations available (advanced volatility, volume, batch processing)
2026-01-07 14:45:14,675 - MLCommon.HPOUtils - INFO - ℹ️ ✅ VectorBT optimization available
2026-01-07 14:45:14,675 - MLCommon.HPOUtils - INFO - ℹ️ 🚀 Initializing Enhanced HyperparameterOptimization...
2026-01-07 14:45:14,675 - MLCommon.HPOUtils.HPOUtils - INFO - ℹ️ ✅ VectorBT Rolling Optimizer initialized
2026-01-07 14:45:14,676 - MLCommon.HPOUtils.HPOUtils - INFO - ℹ️ ✅ Unified Vectorization Manager initialized
2026-01-07 14:45:14,676 - MLCommon.HPOUtils - INFO - ℹ️ ⚙️ Configuration - Parallel processing: True
2026-01-07 14:45:14,676 - MLCommon.HPOUtils - INFO - ℹ️ ⚙️ Configuration - Max workers: 4
2026-01-07 14:45:14,676 - MLCommon.HPOUtils - INFO - ℹ️ ⚙️ Configuration - Monitoring enabled: True
2026-01-07 14:45:14,676 - MLCommon.HPOUtils - INFO - ℹ️ 🚀 Configuration - Non-linear optimization: True
2026-01-07 14:45:14,676 - MLCommon.HPOUtils - INFO - ℹ️ ✅ Enhanced HyperparameterOptimization initialized successfully
2026-01-07 14:45:14,702 - src.utils.hardware.unified_hardware_manager.HardwarePerformanceMonitor - WARNING - ⚠️ 🚨 ALERT: cpu_usage (99.9) exceeds threshold (85.0)
2026-01-07 14:45:14,705 - DataCleaner - INFO - ℹ️ Using klines-specific gap thresholds: {<GapType.SMALL: 'small'>: 65, <GapType.MEDIUM: 'medium'>: 300, <GapType.LARGE: 'large'>: 1800, <GapType.CRITICAL: 'critical'>: 3600}
2026-01-07 14:45:14,705 - System.UnifiedDataUtils - INFO - ℹ️ 🚀 Unified Data Utils initialized
2026-01-07 14:45:14,714 - System.EvaluationUtils - INFO - ℹ️ EvaluationUtils delegating core metric computation to unified_evaluator
2026-01-07 14:45:14,717 - src.utils.ml_common.validation.data_leakage_prevention - INFO - ℹ️ 🔒 Data Leakage Prevention initialized with CRITICAL financial thresholds:
2026-01-07 14:45:14,718 - src.utils.ml_common.validation.data_leakage_prevention - INFO - ℹ️    • Critical leakage threshold: 5.0% (was 25%)
2026-01-07 14:45:14,718 - src.utils.ml_common.validation.data_leakage_prevention - INFO - ℹ️    • Warning leakage threshold: 2.0% (was 10%)
2026-01-07 14:45:14,718 - src.utils.ml_common.validation.data_leakage_prevention - INFO - ℹ️    • Small dataset multiplier: 1.0 (was 1.5)
2026-01-07 14:45:14,719 - src.utils.ml_common.validation.data_leakage_prevention - INFO - ℹ️    • These strict thresholds are ESSENTIAL for financial data integrity
2026-01-07 14:45:14,719 - src.utils.ml_common.validation.data_leakage_prevention - INFO - ℹ️    • Even 1-2% leakage can invalidate backtesting results
2026-01-07 14:45:14,719 - src.utils.ml_common.validation.data_leakage_prevention - INFO - ℹ️    • High model scores (>96%) often indicate undetected temporal leakage
2026-01-07 14:45:14,724 - src.utils.ml_common.validation.overfitting_monitoring - INFO - ℹ️ ✅ Overfitting Monitoring initialized
2026-01-07 14:45:14,728 - src.utils.ml_common.validation.hpo_overfitting_prevention - INFO - ℹ️ ✅ HPO with Overfitting Prevention initialized
2026-01-07 14:45:14,731 - src.utils.ml_common.validation.model_complexity_analysis - INFO - ℹ️ ✅ Model Complexity Analyzer initialized
2026-01-07 14:45:14,736 - EnhancedReportingSystem.EnhancedReportingSystem - INFO - ℹ️ 📊 Enhanced Reporting System initialized
2026-01-07 14:45:14,736 - src.utils.ml_common.reporting.validation_reporting_integration - INFO - ℹ️ ✅ Validation Reporting Integrator initialized
2026-01-07 14:45:14,738 - src.utils.ml_common.validation.data_leakage_prevention - INFO - ℹ️ 🔒 Data Leakage Prevention initialized with CRITICAL financial thresholds:
2026-01-07 14:45:14,739 - src.utils.ml_common.validation.data_leakage_prevention - INFO - ℹ️    • Critical leakage threshold: 5.0% (was 25%)
2026-01-07 14:45:14,739 - src.utils.ml_common.validation.data_leakage_prevention - INFO - ℹ️    • Warning leakage threshold: 2.0% (was 10%)
2026-01-07 14:45:14,739 - src.utils.ml_common.validation.data_leakage_prevention - INFO - ℹ️    • Small dataset multiplier: 1.0 (was 1.5)
2026-01-07 14:45:14,739 - src.utils.ml_common.validation.data_leakage_prevention - INFO - ℹ️    • These strict thresholds are ESSENTIAL for financial data integrity
2026-01-07 14:45:14,739 - src.utils.ml_common.validation.data_leakage_prevention - INFO - ℹ️    • Even 1-2% leakage can invalidate backtesting results
2026-01-07 14:45:14,739 - src.utils.ml_common.validation.data_leakage_prevention - INFO - ℹ️    • High model scores (>96%) often indicate undetected temporal leakage
2026-01-07 14:45:14,740 - src.utils.ml_common.validation.overfitting_monitoring - INFO - ℹ️ ✅ Overfitting Monitoring initialized
2026-01-07 14:45:14,740 - src.utils.ml_common.validation.enhanced_validation - INFO - ℹ️ ✅ Enhanced Validation initialized
2026-01-07 14:45:14,740 - src.utils.ml_common.validation.hpo_overfitting_prevention - INFO - ℹ️ ✅ HPO with Overfitting Prevention initialized
2026-01-07 14:45:14,740 - src.utils.ml_common.validation.model_complexity_analysis - INFO - ℹ️ ✅ Model Complexity Analyzer initialized
2026-01-07 14:45:14,740 - src.utils.ml_common.training.universal_validation_integration - INFO - ℹ️ ✅ Universal Validation Integrator initialized with new utilities
2026-01-07 14:45:14,808 - System.sr_clustering - INFO - ℹ️ Initializing SR Clustering module
2026-01-07 14:45:14,811 - System.sr_clustering - INFO - ℹ️ ✅ Successfully imported SRBacktestingEngine components
2026-01-07 14:45:14,813 - System.sr_clustering - INFO - ℹ️ ✅ Successfully imported BacktestingEnhancedClustering components
2026-01-07 14:45:14,815 - System.sr_clustering - INFO - ℹ️ ✅ Successfully imported WeightOptimizationEngine components
2026-01-07 14:45:14,819 - System.sr_clustering - INFO - ℹ️ ✅ Successfully imported PredictiveSREngine components
2026-01-07 14:45:14,822 - System.sr_clustering - INFO - ℹ️ ✅ Successfully imported TradingMLIntegration components
2026-01-07 14:45:14,822 - System.sr_clustering - INFO - ℹ️ 🎉 SR Clustering module initialization completed successfully
2026-01-07 14:45:15,025 - root - INFO - ℹ️ ✅ VectorBT compatibility layer loaded successfully
2026-01-07 14:45:15,036 - sr_error_handlers - INFO - ℹ️ SR Error Handlers module initialized
2026-01-07 14:45:15,154 - DataQualityFramework - INFO - ℹ️ ✅ Comprehensive duplicate analyzer integrated
2026-01-07 14:45:15,155 - DataQualityFramework - INFO - ℹ️ 🔧 Unified Data Quality Framework initialized (singleton)
2026-01-07 14:45:15,158 - DataCleaner - INFO - ℹ️ Using klines-specific gap thresholds: {<GapType.SMALL: 'small'>: 65, <GapType.MEDIUM: 'medium'>: 300, <GapType.LARGE: 'large'>: 1800, <GapType.CRITICAL: 'critical'>: 3600}
2026-01-07 14:45:15,158 - DataCleaner - INFO - ℹ️ Using klines-specific gap thresholds: {<GapType.SMALL: 'small'>: 65, <GapType.MEDIUM: 'medium'>: 300, <GapType.LARGE: 'large'>: 1800, <GapType.CRITICAL: 'critical'>: 3600}
2026-01-07 14:45:15,159 - DataCleanerManager - INFO - ℹ️ 🔧 DataCleanerManager initialized (singleton)
2026-01-07 14:45:15,163 - System.AdvancedQualityMetrics - INFO - ℹ️ 📊 AdvancedQualityMetrics initialized with tolerant parameters
2026-01-07 14:45:15,169 - System.DataStreamingManager - INFO - ℹ️ 🚀 DataStreamingManager initialized (singleton): chunk_size=10000, memory_threshold=0.8
2026-01-07 14:45:15,170 - System.CrossStepValidator - INFO - ℹ️ 🔍 CrossStepValidator initialized with comprehensive consistency rules
2026-01-07 14:45:15,171 - DataCleaner - INFO - ℹ️ Using klines-specific gap thresholds: {<GapType.SMALL: 'small'>: 65, <GapType.MEDIUM: 'medium'>: 300, <GapType.LARGE: 'large'>: 1800, <GapType.CRITICAL: 'critical'>: 3600}
2026-01-07 14:45:15,171 - System.UnifiedDataUtils - INFO - ℹ️ 🚀 Unified Data Utils initialized
2026-01-07 14:45:15,223 - utils.hardware.m1_gpu_utils.M1GPUManager - INFO - ℹ️ M1 GPU Manager initialized - M1: True, Generation: m1, MPS: True
2026-01-07 14:45:15,264 - utils.hardware.m1_cpu_optimizer.M1CPUOptimizer - INFO - ℹ️ 🧠 M1 CPU Optimizer initialized for M1 (4P+4E cores)
2026-01-07 14:45:15,320 - utils.matrix_operations.enhanced_operations.CustomMatrixOperationsRegistry - INFO - ℹ️ 📝 Registered custom matrix operation: gpu_condition_number
2026-01-07 14:45:15,321 - utils.matrix_operations.enhanced_operations.CustomMatrixOperationsRegistry - INFO - ℹ️ 📝 Registered custom matrix operation: gpu_matrix_rank
2026-01-07 14:45:15,321 - utils.matrix_operations.enhanced_operations.CustomMatrixOperationsRegistry - INFO - ℹ️ 📝 Registered custom matrix operation: matrix_normalize
2026-01-07 14:45:15,321 - utils.matrix_operations.enhanced_operations.CustomMatrixOperationsRegistry - INFO - ℹ️ 📝 Registered custom matrix operation: extract_matrix_features
2026-01-07 14:45:15,324 - utils.matrix_operations - INFO - ℹ️ ✅ Unified Matrix Operations module initialized
2026-01-07 14:45:15,324 - utils.matrix_operations - INFO - ℹ️ 📦 Version: 1.0.0
2026-01-07 14:45:15,324 - utils.matrix_operations - INFO - ℹ️ 🔧 Features: VectorBT optimizations, GPU acceleration, memory optimization, vectorized processing, batch operations
2026-01-07 14:45:15,325 - utils.matrix_operations - INFO - ℹ️ 🍎 Optimized for: Apple Silicon M1/M2/M3 Macs
2026-01-07 14:45:15,325 - utils.matrix_operations - INFO - ℹ️ 🚀 VectorBT optimizations enabled - expect 2-10x performance improvements
2026-01-07 14:45:15,327 - utils.matrix_operations - INFO - ℹ️ 🎯 VectorBTRollingOptimizer available - enhanced rolling operations
2026-01-07 14:45:15,327 - utils.matrix_operations - INFO - ℹ️ ⚡ UnifiedVectorizationManager available - unified vectorization operations
2026-01-07 14:45:15,372 - src.config.regime_ensemble_training.config_manager.RegimeEnsembleTrainingConfigManager - INFO - ℹ️ RegimeEnsembleTrainingConfigManager initialisé
2026-01-07 14:45:15,372 - src.config.regime_ensemble_training.config_manager.RegimeEnsembleTrainingConfigManager - INFO - ℹ️ Répertoire config: /Users/remyroche/Documents/Ares/src/config/regime_ensemble_training
2026-01-07 14:45:15,372 - src.config.regime_ensemble_training.config_manager.RegimeEnsembleTrainingConfigManager - INFO - ℹ️ Config personnalisée: None
2026-01-07 14:45:15,372 - src.config.regime_ensemble_training.config_manager.RegimeEnsembleTrainingConfigManager - INFO - ℹ️ Fallback hardcodé: True
2026-01-07 14:45:15,372 - ares.registry - INFO - ℹ️ Registered step: regime_ensemble_training
[2026-01-07 14:45:15.372] ✅ Regime ensemble training step registered SUCCESS
2026-01-07 14:45:15,373 - System.tprint - INFO - ℹ️ ✅ Regime ensemble training step registered SUCCESS
2026-01-07 14:45:15,375 - ares.registry - INFO - ℹ️ Registered step: regime_feature_selection
2026-01-07 14:45:15,381 - src.training.steps.market_analysis.shared_utils.execution_mode_lookback_config - INFO - ℹ️ 🔧 Initializing Execution Mode Lookback Configuration
2026-01-07 14:45:15,381 - src.training.steps.market_analysis.shared_utils.execution_mode_lookback_config - INFO - ℹ️ ✅ Execution Mode Lookback Configuration initialized
2026-01-07 14:45:15,388 - ares.registry - INFO - ℹ️ Registered step: feature_generation_data_validation_step
[2026-01-07 14:45:15.388] ✅ Feature generation data validation step registered SUCCESS
2026-01-07 14:45:15,388 - System.tprint - INFO - ℹ️ ✅ Feature generation data validation step registered SUCCESS
[2026-01-07 14:45:15.388] 🔧 Loading labeling components...
2026-01-07 14:45:15,389 - System.tprint - INFO - ℹ️ 🔧 Loading labeling components...
✅ Using ORF-based Layer 3 implementation
2026-01-07 14:45:16,614 - ares.registry - INFO - ℹ️ Registered step: global_meta_labeling_hpo_sample_weighted
2026-01-07 14:45:16,626 - ares.registry - INFO - ℹ️ Registered step: meta_gated_backtest
[2026-01-07 14:45:16.626] ✅ Meta-gated backtest step registered SUCCESS
2026-01-07 14:45:16,626 - System.tprint - INFO - ℹ️ ✅ Meta-gated backtest step registered SUCCESS
2026-01-07 14:45:16,627 - ares.registry - INFO - ℹ️ Registered step: meta_labeling_hpo_sample_weighted
2026-01-07 14:45:16,628 - ares.registry - INFO - ℹ️ Registered step: meta_labeling_hpo
2026-01-07 14:45:16,628 - ares.registry - INFO - ℹ️ Registered step: meta_labeling_sample_weighted
2026-01-07 14:45:16,628 - ares.registry - INFO - ℹ️ Registered step: meta_labeling_hpo_experiment
2026-01-07 14:45:16,628 - ares.registry - INFO - ℹ️ Registered step: sr_labeling_xgb
2026-01-07 14:45:16,628 - ares.registry - INFO - ℹ️ Registered step: global_meta_labeling_hpo_sample_weighted
2026-01-07 14:45:16,628 - ares.registry - INFO - ℹ️ Registered step: label_based_layer_2
2026-01-07 14:45:16,980 - ares.registry - INFO - ℹ️ Registered step: sr_parameter_optimization
2026-01-07 14:45:16,980 - ares.registry - INFO - ℹ️ Registered step: regime_clustering
2026-01-07 14:45:16,981 - ares.registry - INFO - ℹ️ Registered step: regime_ensemble_training
2026-01-07 14:45:16,981 - ares.registry - INFO - ℹ️ Registered step: sr_clustering
2026-01-07 14:45:16,981 - ares.registry - INFO - ℹ️ Registered step: sr_detection
2026-01-07 14:45:16,981 - ares.registry - INFO - ℹ️ Registered step: regime_feature_selection
2026-01-07 14:45:16,981 - ares.registry - INFO - ℹ️ Registered step: sticky_finite_hmm_regime_discovery
2026-01-07 14:45:16,981 - ares.registry - INFO - ℹ️ Registered step: enhanced_ml_momentum_persistence_step
2026-01-07 14:45:16,981 - ares.registry - INFO - ℹ️ Registered step: enhanced_ml_smc_regime_step
2026-01-07 14:45:16,981 - ares.registry - INFO - ℹ️ Registered step: enhanced_ml_volatility_burst_step
2026-01-07 14:45:16,981 - ares.registry - INFO - ℹ️ Registered step: enhanced_ml_volume_force_step
2026-01-07 14:45:16,981 - ares.registry - INFO - ℹ️ Registered step: enhanced_ml_reversion_regime_step
2026-01-07 14:45:16,981 - ares.registry - INFO - ℹ️ Registered step: enhanced_xgb_macro_regime_step
2026-01-07 14:45:16,981 - ares.registry - INFO - ℹ️ Registered step: enhanced_ml_liquidity_regime_step
2026-01-07 14:45:16,981 - ares.registry - INFO - ℹ️ Registered step: enhanced_ml_path_regime_step
2026-01-07 14:45:16,981 - ares.registry - INFO - ℹ️ Registered step: enhanced_ml_risk_regime_step
2026-01-07 14:45:16,981 - ares.registry - INFO - ℹ️ Registered step: enhanced_xgb_meso_regime_step
2026-01-07 14:45:16,981 - ares.registry - INFO - ℹ️ Registered step: enhanced_ml_microstructure_step
2026-01-07 14:45:16,981 - ares.registry - INFO - ℹ️ Registered step: enhanced_ml_candlestick_step
2026-01-07 14:45:16,981 - ares.registry - INFO - ℹ️ Registered step: enhanced_ml_spectral_step
2026-01-07 14:45:16,981 - ares.registry - INFO - ℹ️ Registered step: feature_generation_meta_labeling_step
2026-01-07 14:45:16,981 - ares.registry - INFO - ℹ️ Registered step: meta_labeling_hpo_experiment
[2026-01-07 14:45:16.984] ✅ Custom logger available for MLCommon.ModelTraining
2026-01-07 14:45:16,984 - System.tprint - INFO - ℹ️ ✅ Custom logger available for MLCommon.ModelTraining
[2026-01-07 14:45:16.994] ✅ ML Common utilities loaded successfully
2026-01-07 14:45:16,994 - System.tprint - INFO - ℹ️ ✅ ML Common utilities loaded successfully
2026-01-07 14:45:16,996 - System.CrossStepValidator - INFO - ℹ️ 🔍 CrossStepValidator initialized with comprehensive consistency rules
2026-01-07 14:45:17,003 - ares.launcher - INFO - ℹ️ Starting Simplified Ares Launcher...
2026-01-07 14:45:17,006 - ares.launcher - INFO - ℹ️ Loading all step packages (legacy behavior)
2026-01-07 14:45:17,032 - ares.registry - INFO - ℹ️ Registered step: feature_generation_gate_feature_step
[2026-01-07 14:45:17.032] ✅ Feature generation gate feature step registered SUCCESS
2026-01-07 14:45:17,032 - System.tprint - INFO - ℹ️ ✅ Feature generation gate feature step registered SUCCESS
[2026-01-07 14:45:17.128] ✅ CMI complementarity components loaded successfully
2026-01-07 14:45:17,128 - System.tprint - INFO - ℹ️ ✅ CMI complementarity components loaded successfully
2026-01-07 14:45:17,128 - ares.registry - INFO - ℹ️ Registered step: feature_generation_final_feature_selection_step
[2026-01-07 14:45:17.128] ✅ Feature generation final feature selection step registered SUCCESS
2026-01-07 14:45:17,129 - ares.registry - INFO - ℹ️ Registered step: feature_generation_final_validation_step
[2026-01-07 14:45:17.128] ✅ Feature generation final validation step registered SUCCESS
2026-01-07 14:45:17,133 - ares.registry - INFO - ℹ️ Registered step: feature_generation_labeling_integration_step
[2026-01-07 14:45:17.133] ✅ Feature generation labeling integration step registered SUCCESS
[2026-01-07 14:45:17.136] ⚠️ FeatureSelector not available: No module named 'fastcluster'
2026-01-07 14:45:17,136 - ares.registry - INFO - ℹ️ Registered step: feature_generation_feature_generation_step
[2026-01-07 14:45:17.136] ✅ Feature generation step registered SUCCESS
2026-01-07 14:45:17,138 - ares.registry - INFO - ℹ️ Registered step: feature_generation_period_lookback_optimization_step
[2026-01-07 14:45:17.138] ✅ Feature generation period lookback optimization step registered SUCCESS
2026-01-07 14:45:17,139 - ares.registry - INFO - ℹ️ Registered step: feature_generation_feature_selection_step
[2026-01-07 14:45:17.138] ✅ Feature generation feature selection step registered SUCCESS
[2026-01-07 14:45:17.141] INFO: ✅ CMI complementarity components loaded successfully
[2026-01-07 14:45:17.143] INFO: ✅ FeatureSelectionPipeline loaded for 4-stage feature evaluation
[2026-01-07 14:45:17.143] WARNING: ⚠️ FeatureSelector not available: No module named 'fastcluster'
2026-01-07 14:45:17,144 - ares.registry - INFO - ℹ️ Registered step: feature_generation_interaction_generation_step
[2026-01-07 14:45:17.143] ✅ Unified feature generation interaction generation step registered SUCCESS
2026-01-07 14:45:17,145 - ares.registry - INFO - ℹ️ Registered step: feature_generation_data_validation_step
2026-01-07 14:45:17,145 - ares.registry - INFO - ℹ️ Registered step: feature_generation_labeling_integration_step
2026-01-07 14:45:17,145 - ares.registry - INFO - ℹ️ Registered step: feature_generation_feature_generation_step
2026-01-07 14:45:17,145 - ares.registry - INFO - ℹ️ Registered step: feature_generation_period_lookback_optimization_step
2026-01-07 14:45:17,145 - ares.registry - INFO - ℹ️ Registered step: feature_generation_feature_selection_step
2026-01-07 14:45:17,145 - ares.registry - INFO - ℹ️ Registered step: feature_generation_interaction_generation_step
2026-01-07 14:45:17,145 - ares.registry - INFO - ℹ️ Registered step: regime_aware_feature_interaction_generation_step
2026-01-07 14:45:17,145 - ares.registry - INFO - ℹ️ Registered step: feature_generation_gate_feature_step
2026-01-07 14:45:17,145 - ares.registry - INFO - ℹ️ Registered step: feature_generation_final_feature_selection_step
2026-01-07 14:45:17,145 - ares.registry - INFO - ℹ️ Registered step: feature_generation_final_validation_step
Pre-training components registry available
2026-01-07 14:45:17,161 - src.config.analyst_ensemble_training.config_manager.AnalystEnsembleTrainingConfigManager - INFO - ℹ️ AnalystEnsembleTrainingConfigManager initialisé
2026-01-07 14:45:17,161 - src.config.analyst_ensemble_training.config_manager.AnalystEnsembleTrainingConfigManager - INFO - ℹ️ Répertoire config: /Users/remyroche/Documents/Ares/src/config/analyst_ensemble_training
2026-01-07 14:45:17,161 - src.config.analyst_ensemble_training.config_manager.AnalystEnsembleTrainingConfigManager - INFO - ℹ️ Config personnalisée: None
2026-01-07 14:45:17,161 - src.config.analyst_ensemble_training.config_manager.AnalystEnsembleTrainingConfigManager - INFO - ℹ️ Fallback hardcodé: True
DEBUG: UnifiedTrainingPipeline imported from: /Users/remyroche/Documents/Ares/src/training/steps/models_training/unified_training_pipeline.py
2026-01-07 14:45:17,189 - ares.registry - INFO - ℹ️ Registered step: unified_models_training
[2026-01-07 14:45:17.189] ✅ Unified models training step registered SUCCESS
2026-01-07 14:45:17,190 - ares.registry - INFO - ℹ️ Registered step: analyst_base_training
[2026-01-07 14:45:17.189] ✅ Analyst base training step registered SUCCESS
2026-01-07 14:45:17,191 - ares.registry - INFO - ℹ️ Registered step: analyst_ensemble_training
[2026-01-07 14:45:17.191] ✅ Analyst ensemble training step registered SUCCESS
[2026-01-07 14:45:17.198] ✅ [TACTICIAN_BASE] Configuration centralisée importée SUCCESS
2026-01-07 14:45:17,198 - ares.registry - INFO - ℹ️ Registered step: tactician_base_training
[2026-01-07 14:45:17.198] ✅ Tactician base training step registered SUCCESS
2026-01-07 14:45:17,199 - ares.registry - INFO - ℹ️ Registered step: tactician_ensemble_training
[2026-01-07 14:45:17.199] ✅ Tactician ensemble training step registered SUCCESS
2026-01-07 14:45:17,201 - ares.registry - INFO - ℹ️ Registered step: gate_training_step
[2026-01-07 14:45:17.201] ✅ Gate training step registered SUCCESS
2026-01-07 14:45:17,201 - ares.registry - INFO - ℹ️ Registered step: unified_models_training
2026-01-07 14:45:17,202 - ares.registry - INFO - ℹ️ Registered step: analyst_base_training
2026-01-07 14:45:17,202 - ares.registry - INFO - ℹ️ Registered step: analyst_ensemble_training
2026-01-07 14:45:17,202 - ares.registry - INFO - ℹ️ Registered step: tactician_base_training
2026-01-07 14:45:17,202 - ares.registry - INFO - ℹ️ Registered step: tactician_ensemble_training
2026-01-07 14:45:17,202 - ares.registry - INFO - ℹ️ Registered step: gate_training_step
2026-01-07 14:45:17,205 - ares.registry - INFO - ℹ️ Registered step: analyst_base_backtest
[2026-01-07 14:45:17.205] ✅ Analyst base backtest step registered SUCCESS
2026-01-07 14:45:17,207 - ares.registry - INFO - ℹ️ Registered step: basic_backtesting_pre
[2026-01-07 14:45:17.207] ✅ Basic backtesting pre step registered SUCCESS
2026-01-07 14:45:17,208 - ares.registry - INFO - ℹ️ Registered step: basic_backtesting_post
[2026-01-07 14:45:17.207] ✅ Basic backtesting post step registered SUCCESS
2026-01-07 14:45:17,226 - ares.registry - INFO - ℹ️ Registered step: monte_carlo_simulation
[2026-01-07 14:45:17.226] ✅ Monte Carlo simulation step registered SUCCESS
2026-01-07 14:45:17,227 - ares.registry - INFO - ℹ️ Registered step: ab_testing
[2026-01-07 14:45:17.226] ✅ AB testing step registered SUCCESS
2026-01-07 14:45:17,228 - ares.registry - INFO - ℹ️ Registered step: reporting
[2026-01-07 14:45:17.228] ✅ Reporting step registered SUCCESS
[2026-01-07 14:45:17.232] ⚠️  M1 hardware optimization not available warning
[2026-01-07 14:45:17.232] ✅ VectorBT optimization utilities available success
2026-01-07 14:45:17,237 - ares.registry - INFO - ℹ️ Registered step: analyst_base_backtest
[2026-01-07 14:45:17.237] ✅ Analyst base backtest step registered SUCCESS
2026-01-07 14:45:17,237 - ares.registry - INFO - ℹ️ Registered step: basic_backtesting_pre
2026-01-07 14:45:17,238 - ares.registry - INFO - ℹ️ Registered step: basic_backtesting_post
2026-01-07 14:45:17,238 - ares.registry - INFO - ℹ️ Registered step: monte_carlo_simulation
2026-01-07 14:45:17,239 - ares.registry - INFO - ℹ️ Registered step: ab_testing
2026-01-07 14:45:17,239 - ares.registry - INFO - ℹ️ Registered step: reporting
2026-01-07 14:45:17,239 - ares.registry - INFO - ℹ️ Registered step: final_parameters_optimization
2026-01-07 14:45:17,239 - ares.registry - INFO - ℹ️ Registered step: real_parameters_optimization
2026-01-07 14:45:17,239 - ares.registry - INFO - ℹ️ Registered step: analyst_base_backtest
2026-01-07 14:45:17,239 - ares.registry - INFO - ℹ️ Registered step: meta_gated_backtest
2026-01-07 14:45:17,240 - ares.launcher - INFO - ℹ️ 🧹 Starting cleanup of duplicate files...
2026-01-07 14:45:17,240 - ares.launcher - INFO - ℹ️ Cleaning directory: logs (keeping 100 youngest files per group)
2026-01-07 14:45:17,248 - ares.launcher - INFO - ℹ️   Group 'unified.log': 106 files, keeping 100, deleting 6
2026-01-07 14:45:17,280 - ares.launcher - INFO - ℹ️ Cleaning directory: artifacts (keeping 3 youngest files per group)
2026-01-07 14:45:17,285 - ares.launcher - INFO - ℹ️ Cleaning directory: outcomes (keeping 3 youngest files per group)
2026-01-07 14:45:17,323 - ares.launcher - INFO - ℹ️   Group 'hpo_layer1_trials_ETHUSDT_15m.csv': 4 files, keeping 3, deleting 1
2026-01-07 14:45:17,325 - ares.launcher - INFO - ℹ️ ✅ Cleanup complete: 7 files deleted, 0 files skipped
2026-01-07 14:45:17,325 - ares.launcher - INFO - ℹ️ Detected positional command: meta_labeling_hpo_sample_weighted
[2026-01-07 14:45:17.325] 🔧 CONFIG: Centralized lookback_days=1095 for mode=full INFO
[2026-01-07 14:45:17.325] 🔒 LEAKAGE GUARD: Use non-zero embargo (gap) and OOF predictions for stacking; avoid joining future-derived columns. INFO
2026-01-07 14:45:17,325 - src.utils.ml_common.optimization.execution_mode_adapter - INFO - ℹ️ 🔧 Execution mode set to: FULL
2026-01-07 14:45:17,325 - ares.launcher - INFO - ℹ️ 🔧 Execution mode set to: FULL
2026-01-07 14:45:17,325 - ares.launcher - INFO - ℹ️ Running single step: meta_labeling_hpo_sample_weighted
2026-01-07 14:45:17,334 - ares.launcher - INFO - ℹ️ Starting execution of step: meta_labeling_hpo_sample_weighted
2026-01-07 14:45:17,334 - ares.launcher - INFO - ℹ️ Loading step package for: meta_labeling_hpo_sample_weighted
[2026-01-07 14:45:17.335] 🛠️ Initialized BaseStep for 'meta_labeling_hpo_sample_weighted'
[2026-01-07 14:45:17.335] 🚀 Starting execution of step 'meta_labeling_hpo_sample_weighted'
2026-01-07 14:45:17,335 - ares.step.meta_labeling_hpo_sample_weighted - INFO - ℹ️ Starting execution of meta_labeling_hpo_sample_weighted
2026-01-07 14:45:17,335 - ares.step.meta_labeling_hpo_sample_weighted - INFO - ℹ️ Execution mode resolved for meta_labeling_hpo_sample_weighted: requested_cli=full → persona=analyst
[2026-01-07 14:45:17.335] 🎯 Execution mode for 'meta_labeling_hpo_sample_weighted': requested_cli=full → persona=analyst
[2026-01-07 14:45:17.335] 🔧 Running 'meta_labeling_hpo_sample_weighted' in analyst mode
[2026-01-07 14:45:17.335] INFO: 🚀 Starting Meta-Labeling HPO Orchestration (Layers 0-5)...
[2026-01-07 14:45:17.335] INFO: 🔧 Enforcing Pipeline Configuration...
[2026-01-07 14:45:17.335] INFO:    - Layer 0: Wavelets ENABLED
[2026-01-07 14:45:17.335] INFO:    - Layer 2: De Prado Causal Framework ENABLED
[2026-01-07 14:45:17.335] INFO:    - Layer 1: Sample Weighting ENABLED
[2026-01-07 14:45:17.335] INFO: 📥 Loading Market Data...
[2026-01-07 14:45:17.335] 📥 BASESTEP historical load: symbol=ETHUSDT, exchange=binance, timeframe=15m, execution_mode=full, start_date=None, end_date=None INFO
2026-01-07 14:45:17,335 - System.KlinesParquetManager - INFO - ℹ️ ✅ KlinesParquetManager initialized with base_dir: historical_data
[2026-01-07 14:45:17.433] INFO: 📁 Loading from processed directory: 51 files found
[2026-01-07 14:45:17.433] 📁 BASESTEP probe: 51 files for ETHUSDT 15m (sample: historical_data/binance/ethusdt/processed/ethusdt_15m/year=2021/month=10/3b08e855a9c24b019d7c633963954045-0.parquet ... historical_data/binance/ethusdt/processed/ethusdt_15m/year=2025/month=9/3b08e855a9c24b019d7c633963954045-0.parquet) INFO
[2026-01-07 14:45:17.433] 📊 load_market_data_or_fail post-historical: type=None, rows=NA INFO
2026-01-07 14:45:17,433 - System.KlinesParquetManager - INFO - ℹ️ ✅ KlinesParquetManager initialized with base_dir: historical_data
[2026-01-07 14:45:17.433] 🐛 DEBUG [load_klines]: last_n_days=1095, start_time=None, end_time=None INFO
[2026-01-07 14:45:17.433] INFO: 📅 Loading last 1095 days from latest available data
[2026-01-07 14:45:17.481] INFO: 📁 Loading from processed directory: 51 files found
[2026-01-07 14:45:17.481] 🐛 DEBUG [KlinesParquetManager]: Loading 51 parquet files INFO
2026-01-07 14:45:17,804 - System.ParquetUtils - INFO - ℹ️ ✅ Read parquet: 3b08e855a9c24b019d7c633963954045-0.parquet -> (104, 9)
[2026-01-07 14:45:17.805] 🐛 DEBUG [KlinesParquetManager]: File 1/51: historical_data/binance/ethusdt/processed/ethusdt_15m/year=2021/month=10/3b08e855a9c24b019d7c633963954045-0.parquet - 104 rows, span=(2021-10-30 22:00:00, 2021-10-31 23:45:00) INFO
2026-01-07 14:45:17,808 - System.ParquetUtils - INFO - ℹ️ ✅ Read parquet: 3b08e855a9c24b019d7c633963954045-0.parquet -> (2880, 9)
[2026-01-07 14:45:17.809] 🐛 DEBUG [KlinesParquetManager]: File 2/51: historical_data/binance/ethusdt/processed/ethusdt_15m/year=2021/month=11/3b08e855a9c24b019d7c633963954045-0.parquet - 2880 rows, span=(2021-11-01 00:00:00, 2021-11-30 23:45:00) INFO
2026-01-07 14:45:17,812 - System.ParquetUtils - INFO - ℹ️ ✅ Read parquet: 3b08e855a9c24b019d7c633963954045-0.parquet -> (2976, 9)
[2026-01-07 14:45:17.812] 🐛 DEBUG [KlinesParquetManager]: File 3/51: historical_data/binance/ethusdt/processed/ethusdt_15m/year=2021/month=12/3b08e855a9c24b019d7c633963954045-0.parquet - 2976 rows, span=(2021-12-01 00:00:00, 2021-12-31 23:45:00) INFO
2026-01-07 14:45:17,816 - System.ParquetUtils - INFO - ℹ️ ✅ Read parquet: 3b08e855a9c24b019d7c633963954045-0.parquet -> (2976, 9)
2026-01-07 14:45:17,826 - System.ParquetUtils - INFO - ℹ️ ✅ Read parquet: 3b08e855a9c24b019d7c633963954045-0.parquet -> (2976, 9)
2026-01-07 14:45:17,831 - System.ParquetUtils - INFO - ℹ️ ✅ Read parquet: 3b08e855a9c24b019d7c633963954045-0.parquet -> (2877, 9)
2026-01-07 14:45:17,835 - System.ParquetUtils - INFO - ℹ️ ✅ Read parquet: 3b08e855a9c24b019d7c633963954045-0.parquet -> (2047, 9)
2026-01-07 14:45:17,841 - System.ParquetUtils - INFO - ℹ️ ✅ Read parquet: 3b08e855a9c24b019d7c633963954045-0.parquet -> (2688, 9)
2026-01-07 14:45:17,847 - System.ParquetUtils - INFO - ℹ️ ✅ Read parquet: 3b08e855a9c24b019d7c633963954045-0.parquet -> (2976, 9)
2026-01-07 14:45:17,851 - System.ParquetUtils - INFO - ℹ️ ✅ Read parquet: 3b08e855a9c24b019d7c633963954045-0.parquet -> (2880, 9)
2026-01-07 14:45:17,859 - System.ParquetUtils - INFO - ℹ️ ✅ Read parquet: 3b08e855a9c24b019d7c633963954045-0.parquet -> (2976, 9)
2026-01-07 14:45:17,864 - System.ParquetUtils - INFO - ℹ️ ✅ Read parquet: 3b08e855a9c24b019d7c633963954045-0.parquet -> (2880, 9)
2026-01-07 14:45:17,873 - System.ParquetUtils - INFO - ℹ️ ✅ Read parquet: 3b08e855a9c24b019d7c633963954045-0.parquet -> (2976, 9)
2026-01-07 14:45:17,890 - System.ParquetUtils - INFO - ℹ️ ✅ Read parquet: 3b08e855a9c24b019d7c633963954045-0.parquet -> (2976, 9)
2026-01-07 14:45:17,899 - System.ParquetUtils - INFO - ℹ️ ✅ Read parquet: 3b08e855a9c24b019d7c633963954045-0.parquet -> (2880, 9)
2026-01-07 14:45:17,907 - System.ParquetUtils - INFO - ℹ️ ✅ Read parquet: 3b08e855a9c24b019d7c633963954045-0.parquet -> (2976, 9)
2026-01-07 14:45:17,975 - System.ParquetUtils - INFO - ℹ️ ✅ Read parquet: 3b08e855a9c24b019d7c633963954045-0.parquet -> (2976, 9)
2026-01-07 14:45:18,024 - System.ParquetUtils - INFO - ℹ️ ✅ Read parquet: 3b08e855a9c24b019d7c633963954045-0.parquet -> (2880, 9)
2026-01-07 14:45:18,037 - System.ParquetUtils - INFO - ℹ️ ✅ Read parquet: 3b08e855a9c24b019d7c633963954045-0.parquet -> (2976, 9)
2026-01-07 14:45:18,044 - System.ParquetUtils - INFO - ℹ️ ✅ Read parquet: 3b08e855a9c24b019d7c633963954045-0.parquet -> (2688, 9)
2026-01-07 14:45:18,050 - System.ParquetUtils - INFO - ℹ️ ✅ Read parquet: 3b08e855a9c24b019d7c633963954045-0.parquet -> (2363, 9)
2026-01-07 14:45:18,057 - System.ParquetUtils - INFO - ℹ️ ✅ Read parquet: 3b08e855a9c24b019d7c633963954045-0.parquet -> (2880, 9)
2026-01-07 14:45:18,068 - System.ParquetUtils - INFO - ℹ️ ✅ Read parquet: 3b08e855a9c24b019d7c633963954045-0.parquet -> (2976, 9)
2026-01-07 14:45:18,076 - System.ParquetUtils - INFO - ℹ️ ✅ Read parquet: 3b08e855a9c24b019d7c633963954045-0.parquet -> (2880, 9)
2026-01-07 14:45:18,085 - System.ParquetUtils - INFO - ℹ️ ✅ Read parquet: 3b08e855a9c24b019d7c633963954045-0.parquet -> (2976, 9)
2026-01-07 14:45:18,090 - System.ParquetUtils - INFO - ℹ️ ✅ Read parquet: 3b08e855a9c24b019d7c633963954045-0.parquet -> (2976, 9)
2026-01-07 14:45:18,094 - System.ParquetUtils - INFO - ℹ️ ✅ Read parquet: 3b08e855a9c24b019d7c633963954045-0.parquet -> (2880, 9)
2026-01-07 14:45:18,101 - System.ParquetUtils - INFO - ℹ️ ✅ Read parquet: 3b08e855a9c24b019d7c633963954045-0.parquet -> (2976, 9)
2026-01-07 14:45:18,108 - System.ParquetUtils - INFO - ℹ️ ✅ Read parquet: 3b08e855a9c24b019d7c633963954045-0.parquet -> (2976, 9)
2026-01-07 14:45:18,127 - System.ParquetUtils - INFO - ℹ️ ✅ Read parquet: 3b08e855a9c24b019d7c633963954045-0.parquet -> (2880, 9)
2026-01-07 14:45:18,136 - System.ParquetUtils - INFO - ℹ️ ✅ Read parquet: 3b08e855a9c24b019d7c633963954045-0.parquet -> (2976, 9)
2026-01-07 14:45:18,147 - System.ParquetUtils - INFO - ℹ️ ✅ Read parquet: 3b08e855a9c24b019d7c633963954045-0.parquet -> (2784, 9)
2026-01-07 14:45:18,162 - System.ParquetUtils - INFO - ℹ️ ✅ Read parquet: 3b08e855a9c24b019d7c633963954045-0.parquet -> (2976, 9)
2026-01-07 14:45:18,180 - System.ParquetUtils - INFO - ℹ️ ✅ Read parquet: 3b08e855a9c24b019d7c633963954045-0.parquet -> (2880, 9)
2026-01-07 14:45:18,202 - System.ParquetUtils - INFO - ℹ️ ✅ Read parquet: 3b08e855a9c24b019d7c633963954045-0.parquet -> (2976, 9)
2026-01-07 14:45:18,216 - System.ParquetUtils - INFO - ℹ️ ✅ Read parquet: 3b08e855a9c24b019d7c633963954045-0.parquet -> (2880, 9)
2026-01-07 14:45:18,231 - System.ParquetUtils - INFO - ℹ️ ✅ Read parquet: 3b08e855a9c24b019d7c633963954045-0.parquet -> (2976, 9)
2026-01-07 14:45:18,239 - System.ParquetUtils - INFO - ℹ️ ✅ Read parquet: 3b08e855a9c24b019d7c633963954045-0.parquet -> (2976, 9)
2026-01-07 14:45:18,247 - System.ParquetUtils - INFO - ℹ️ ✅ Read parquet: 3b08e855a9c24b019d7c633963954045-0.parquet -> (2880, 9)
2026-01-07 14:45:18,255 - System.ParquetUtils - INFO - ℹ️ ✅ Read parquet: 3b08e855a9c24b019d7c633963954045-0.parquet -> (2976, 9)
2026-01-07 14:45:18,263 - System.ParquetUtils - INFO - ℹ️ ✅ Read parquet: 3b08e855a9c24b019d7c633963954045-0.parquet -> (2976, 9)
2026-01-07 14:45:18,270 - System.ParquetUtils - INFO - ℹ️ ✅ Read parquet: 3b08e855a9c24b019d7c633963954045-0.parquet -> (2880, 9)
2026-01-07 14:45:18,276 - System.ParquetUtils - INFO - ℹ️ ✅ Read parquet: 3b08e855a9c24b019d7c633963954045-0.parquet -> (924, 9)
2026-01-07 14:45:18,282 - System.ParquetUtils - INFO - ℹ️ ✅ Read parquet: 3b08e855a9c24b019d7c633963954045-0.parquet -> (2688, 9)
2026-01-07 14:45:18,286 - System.ParquetUtils - INFO - ℹ️ ✅ Read parquet: 3b08e855a9c24b019d7c633963954045-0.parquet -> (2976, 9)
2026-01-07 14:45:18,291 - System.ParquetUtils - INFO - ℹ️ ✅ Read parquet: 3b08e855a9c24b019d7c633963954045-0.parquet -> (2880, 9)
2026-01-07 14:45:18,295 - System.ParquetUtils - INFO - ℹ️ ✅ Read parquet: 3b08e855a9c24b019d7c633963954045-0.parquet -> (2976, 9)
2026-01-07 14:45:18,301 - System.ParquetUtils - INFO - ℹ️ ✅ Read parquet: 3b08e855a9c24b019d7c633963954045-0.parquet -> (2880, 9)
2026-01-07 14:45:18,309 - System.ParquetUtils - INFO - ℹ️ ✅ Read parquet: 3b08e855a9c24b019d7c633963954045-0.parquet -> (2976, 9)
[2026-01-07 14:45:18.309] 🐛 DEBUG [KlinesParquetManager]: File 49/51: historical_data/binance/ethusdt/processed/ethusdt_15m/year=2025/month=7/3b08e855a9c24b019d7c633963954045-0.parquet - 2976 rows, span=(2025-07-01 00:00:00, 2025-07-31 23:45:00) INFO
2026-01-07 14:45:18,315 - System.ParquetUtils - INFO - ℹ️ ✅ Read parquet: 3b08e855a9c24b019d7c633963954045-0.parquet -> (2976, 9)
[2026-01-07 14:45:18.316] 🐛 DEBUG [KlinesParquetManager]: File 50/51: historical_data/binance/ethusdt/processed/ethusdt_15m/year=2025/month=8/3b08e855a9c24b019d7c633963954045-0.parquet - 2976 rows, span=(2025-08-01 00:00:00, 2025-08-31 23:45:00) INFO
2026-01-07 14:45:18,324 - System.ParquetUtils - INFO - ℹ️ ✅ Read parquet: 3b08e855a9c24b019d7c633963954045-0.parquet -> (2880, 9)
[2026-01-07 14:45:18.324] 🐛 DEBUG [KlinesParquetManager]: File 51/51: historical_data/binance/ethusdt/processed/ethusdt_15m/year=2025/month=9/3b08e855a9c24b019d7c633963954045-0.parquet - 2880 rows, span=(2025-09-01 00:00:00, 2025-09-30 23:45:00) INFO
[2026-01-07 14:45:18.324] 🐛 DEBUG [KlinesParquetManager]: Successfully loaded 51 dataframes, combining... INFO
[2026-01-07 14:45:18.329] 🐛 DEBUG [KlinesParquetManager]: Combined shape before filtering: (142619, 9) INFO
[2026-01-07 14:45:18.329] 🔧 TIMEZONE: Index timezone: None INFO
[2026-01-07 14:45:18.351] 🐛 DEBUG [KlinesParquetManager]: Before duplicate removal: 142619 rows INFO
[2026-01-07 14:45:18.355] 🐛 DEBUG [KlinesParquetManager]: Duplicated timestamps: 0 INFO
[2026-01-07 14:45:18.358] 🐛 DEBUG [KlinesParquetManager]: Unique timestamps: 142619 INFO
[2026-01-07 14:45:18.363] 🐛 DEBUG [KlinesParquetManager]: After duplicate removal: 142619 rows INFO
[2026-01-07 14:45:18.363] 🐛 DEBUG [KlinesParquetManager]: start_time=None, end_time=None INFO
[2026-01-07 14:45:18.363] 🐛 DEBUG [KlinesParquetManager]: Final combined_df shape: (142619, 9) INFO
[2026-01-07 14:45:18.363] 🐛 DEBUG [KlinesParquetManager]: Date range: 2021-10-30 22:00:00 to 2025-12-10 14:45:00 INFO
[2026-01-07 14:45:18.369] INFO: 📊 Combined dataset before time filter: shape=(142619, 9); index_type=DatetimeIndex
[2026-01-07 14:45:18.370] INFO: 📊 Latest available data (index): 2025-12-10 14:45:00
[2026-01-07 14:45:18.370] INFO: 📊 Filtering to last 1095 days: 2022-12-11 14:45:00 to 2025-12-10 14:45:00
[2026-01-07 14:45:18.382] SUCCESS: ✅ Loaded 104508 klines records for ETHUSDT 15m (last 1095 days)
2026-01-07 14:45:18,382 - src.utils.kline_parquet - INFO - ℹ️ load_klines executed in 949.03ms
[2026-01-07 14:45:18.382] 📊 Fallback load: type=DataFrame, rows=104508, days=1095 INFO
[2026-01-07 14:45:18.382] SUCCESS: ✅ Loaded 104508 bars for ETHUSDT
[2026-01-07 14:45:18.383] INFO: 📂 Outcomes Directory: outcomes/meta_labeling_hpo_sample_weighted/ETHUSDT_15m_20260107_144518
[2026-01-07 14:45:18.383] INFO: 🔹 Running Layer 0: Kalman Filter & VWAP...
[2026-01-07 14:45:18.383] INFO: 🌊 Running Wavelet Denoising (Soft Threshold, Median, Clip)...
2026-01-07 14:45:18,693 - src.utils.hardware.m1_memory_optimizer.M1MemoryOptimizer - INFO - ℹ️ 🧹 Moderate cleanup: 68 objects collected
[2026-01-07 14:45:18.702] SUCCESS: ✅ Advanced Denoising complete (Wavelet+Median+Clip).
2026-01-07 14:45:18,702 - src.utils.ml_common.optimization.execution_mode_adapter - INFO - ℹ️ 🚀 FULL mode: Using full HPO trials=50, cv_folds=3
2026-01-07 14:45:18,702 - src.utils.hardware.unified_hardware_manager.UnifiedHardwareManager - INFO - ℹ️ ✅ Unified Hardware Manager fully initialized
2026-01-07 14:45:18,702 - src.utils.hardware.unified_hardware_manager.HardwarePerformanceMonitor - INFO - ℹ️ 🔧 Switched back to normal thresholds
2026-01-07 14:45:18,702 - src.utils.hardware.unified_hardware_manager.UnifiedHardwareManager - INFO - ℹ️ 🔧 Switched back to normal thresholds
2026-01-07 14:45:18,702 - src.utils.matrix_operations.hardware_integration.HardwareOptimizedMatrixProcessor - INFO - ℹ️ ✅ M1 GPU acceleration available
2026-01-07 14:45:18,703 - src.utils.hardware.m1_memory_optimizer.M1MemoryOptimizer - INFO - ℹ️ 🧠 Memory limit set to 8.0 GB (8589934592.0 bytes)
2026-01-07 14:45:18,779 - src.utils.hardware.m1_memory_optimizer.M1MemoryOptimizer - INFO - ℹ️ 🧠 M1 Memory Optimizer initialized for M1
2026-01-07 14:45:18,780 - src.utils.matrix_operations.hardware_integration.HardwareOptimizedMatrixProcessor - INFO - ℹ️ ✅ M1 Memory optimizer initialized
2026-01-07 14:45:18,780 - src.utils.matrix_operations.hardware_integration.HardwareOptimizedMatrixProcessor - INFO - ℹ️ ✅ M1 CPU optimizer initialized
2026-01-07 14:45:18,780 - src.utils.matrix_operations.hardware_integration.HardwareOptimizedMatrixProcessor - INFO - ℹ️ ✅ Memory monitor initialized
2026-01-07 14:45:18,780 - src.utils.matrix_operations.hardware_integration.HardwareOptimizedMatrixProcessor - INFO - ℹ️ 🚀 Hardware-Optimized Matrix Processor initialized
2026-01-07 14:45:18,781 - src.utils.matrix_operations.hardware_integration.HardwareOptimizedMatrixProcessor - INFO - ℹ️ 🖥️ GPU Info: {'is_m1': True, 'm1_generation': 'm1', 'mps_available': True, 'gpu_memory': 'Shared system memory', 'gpu_name': 'Apple Silicon GPU (MPS) - M1', 'compatibility_mode': 'legacy_m1', 'fallback_available': True, 'device': 'mps'}
2026-01-07 14:45:18,781 - src.utils.matrix_operations.hardware_integration.HardwareOptimizedMatrixProcessor - INFO - ℹ️ 💻 CPU Info: {'is_m1': True, 'm1_generation': 'm1', 'total_cores': 8, 'performance_cores': 4, 'efficiency_cores': 4, 'optimal_workers': 4, 'architecture': 'arm64', 'm1_optimizations_enabled': True, 'legacy_mode': False, 'compatibility_mode': 'auto', 'version': '2.0.0'}
2026-01-07 14:45:18,781 - src.utils.matrix_operations.hardware_integration.HardwareOptimizedMatrixProcessor - INFO - ℹ️ 🧠 Memory Stats: {'current_mb': 592.375, 'peak_mb': 592.375, 'usage_percentage': 7.23114013671875, 'max_mb': 8192.0, 'is_pressure': False, 'is_critical': False, 'history_count': 4}
2026-01-07 14:45:18,831 - src.utils.hardware.m1_memory_optimizer.M1MemoryOptimizer - INFO - ℹ️ 🧠 M1 Memory Optimizer initialized for M1
2026-01-07 14:45:18,832 - src.utils.matrix_operations.batch_operations - INFO - ℹ️ ✅ Batch matrix processor initialized with M1 optimization
2026-01-07 14:45:18,832 - BayesianTPEOptimizer - INFO - ℹ️ ✅ Hardware optimization components initialized
2026-01-07 14:45:18,832 - BayesianTPEOptimizer - INFO - ℹ️ ✅ VectorBT Rolling Optimizer initialized
2026-01-07 14:45:18,832 - src.feature_generation.utils.unified_vectorization_manager - INFO - ℹ️ ✅ M1 GPU acceleration available: m1
2026-01-07 14:45:18,832 - BayesianTPEOptimizer - INFO - ℹ️ ✅ Enhanced Unified Vectorization Manager initialized
2026-01-07 14:45:18,832 - BayesianTPEOptimizer - INFO - ℹ️ 🚀 VectorBT GPU acceleration enabled
2026-01-07 14:45:18,833 - BayesianTPEOptimizer - INFO - ℹ️ ✅ VectorBT optimization components initialized
2026-01-07 14:45:18,833 - BayesianTPEOptimizer - INFO - ℹ️ ✅ VectorBT-Optimized BayesianTPEOptimizer initialized
2026-01-07 14:45:18,833 - BayesianTPEOptimizer - INFO - ℹ️    → Hardware optimization: Enabled
2026-01-07 14:45:18,833 - BayesianTPEOptimizer - INFO - ℹ️    → VectorBT optimization: Enabled
2026-01-07 14:45:18,833 - BayesianTPEOptimizer - INFO - ℹ️ 🚀 Starting staged TPE optimization
2026-01-07 14:45:18,833 - BayesianTPEOptimizer - INFO - ℹ️    Search space: ['kalman_Q', 'kalman_R', 'volume_weight', 'volume_adaptive']
2026-01-07 14:45:18,833 - BayesianTPEOptimizer - INFO - ℹ️    Stages: Coarse Fine TPE
2026-01-07 14:45:18,833 - BayesianTPEOptimizer - INFO - ℹ️ 🔍 Stage 1: VectorBT-optimized coarse grid search
2026-01-07 14:45:18,833 - src.utils.hardware.unified_hardware_manager.HardwarePerformanceMonitor - INFO - ℹ️ 🔧 Switched back to normal thresholds
2026-01-07 14:45:18,833 - src.utils.hardware.unified_hardware_manager.UnifiedHardwareManager - INFO - ℹ️ 🔧 Switched back to normal thresholds
2026-01-07 14:45:18,833 - BayesianTPEOptimizer - INFO - ℹ️    Generated 54 coarse grid points
2026-01-07 14:45:18,834 - BayesianTPEOptimizer - INFO - ℹ️ 🔄 Batch evaluating 54 coarse grid points
2026-01-07 14:45:27,832 - BayesianTPEOptimizer - INFO - ℹ️    Batch evaluation completed in 9.00s
2026-01-07 14:45:27,832 - BayesianTPEOptimizer - INFO - ℹ️    Evaluations/sec: 6.0
2026-01-07 14:45:27,833 - BayesianTPEOptimizer - INFO - ℹ️    Hardware acceleration: Enabled
2026-01-07 14:45:27,833 - BayesianTPEOptimizer - INFO - ℹ️    Coarse grid: 54 trials, best: 0.7513
2026-01-07 14:45:27,833 - BayesianTPEOptimizer - INFO - ℹ️    Coarse grid best params: {'kalman_Q': 3.1622776601683795e-05, 'kalman_R': 0.00031622776601683794, 'volume_weight': 0.0, 'volume_adaptive': True}
2026-01-07 14:45:27,833 - BayesianTPEOptimizer - INFO - ℹ️ 🔍 Stage 2: VectorBT-optimized fine grid search
2026-01-07 14:45:27,833 - src.utils.hardware.unified_hardware_manager.HardwarePerformanceMonitor - INFO - ℹ️ 🔧 Switched to intensive workload thresholds
2026-01-07 14:45:27,833 - src.utils.hardware.unified_hardware_manager.UnifiedHardwareManager - INFO - ℹ️ 🔧 Switched to intensive workload thresholds
2026-01-07 14:45:27,833 - BayesianTPEOptimizer - INFO - ℹ️    Generated 54 fine grid points
2026-01-07 14:45:27,833 - BayesianTPEOptimizer - INFO - ℹ️ 🔄 Batch evaluating 54 fine grid points
2026-01-07 14:45:32,696 - BayesianTPEOptimizer - INFO - ℹ️    Batch evaluation completed in 4.86s
2026-01-07 14:45:32,696 - BayesianTPEOptimizer - INFO - ℹ️    Evaluations/sec: 11.1
2026-01-07 14:45:32,696 - BayesianTPEOptimizer - INFO - ℹ️    Hardware acceleration: Enabled
2026-01-07 14:45:32,696 - BayesianTPEOptimizer - INFO - ℹ️    Fine grid: 54 trials, best: 0.7578
2026-01-07 14:45:32,696 - BayesianTPEOptimizer - INFO - ℹ️    Fine grid best params: {'kalman_Q': 1.415331084114304e-05, 'kalman_R': 0.0001425343038219812, 'volume_weight': 0.0, 'volume_adaptive': True}
2026-01-07 14:45:32,696 - BayesianTPEOptimizer - INFO - ℹ️ 🔍 Stage 2.5: VectorBT adaptive grid refinement
2026-01-07 14:45:32,696 - BayesianTPEOptimizer - INFO - ℹ️    Skipping adaptive refinement - convergence criteria not met
2026-01-07 14:45:32,696 - BayesianTPEOptimizer - INFO - ℹ️ ✅ Staged TPE optimization completed in 13.86s
2026-01-07 14:45:32,696 - BayesianTPEOptimizer - INFO - ℹ️    Best value: 0.7513
2026-01-07 14:45:32,696 - BayesianTPEOptimizer - INFO - ℹ️    Best params: {'kalman_Q': 3.1622776601683795e-05, 'kalman_R': 0.00031622776601683794, 'volume_weight': 0.0, 'volume_adaptive': True}
2026-01-07 14:45:32,696 - BayesianTPEOptimizer - INFO - ℹ️    Total trials: 108
[2026-01-07 14:45:34.252] SUCCESS: ✅ Layer 0 Complete
[2026-01-07 14:45:34.252] INFO: 🔹 Running Layer 1: Weighting Optimization...
[2026-01-07 14:45:34.254] INFO: ⚙️ Running Layer 1 Weighting Optimization for ETHUSDT 15m...
2026-01-07 14:45:34,257 - src.training.steps.labeling.unified_price_layer2 - INFO - ℹ️ Loaded Layer0 params: Q=3.1622776601683795e-05, R=0.0003162277660168, vwap_weight=0.4
2026-01-07 14:45:34,257 - src.training.steps.labeling.unified_price_layer2 - INFO - ℹ️ Enhanced features: hampel_filter=False, adaptive_kalman=False, robust_vwap=False
[2026-01-07 14:45:34.257] INFO: ✅ Loaded Layer0 params: Q=3.1622776601683795e-05, R=0.0003162277660168
2026-01-07 14:45:34,522 - src.utils.hardware.m1_memory_optimizer.M1MemoryOptimizer - INFO - ℹ️ 🧹 Moderate cleanup: 255 objects collected
[2026-01-07 14:45:34.554] INFO: ✅ Using Layer0-optimized unified price for Layer1 optimization
[2026-01-07 14:45:34.625] ⚖️ Computing uniqueness weights for 104508 events... INFO
[2026-01-07 14:45:34.723] ✅ Uniqueness weights computed. Mean: 1.0000, Min: 0.9991, Max: 23.9773 SUCCESS
2026-01-07 14:45:34,930 - src.utils.ml_common.optimization.execution_mode_adapter - INFO - ℹ️ Overriding explicit LIGHT execution_mode with global FULL mode
2026-01-07 14:45:34,930 - src.utils.ml_common.optimization.execution_mode_adapter - INFO - ℹ️ 🚀 FULL mode: Using full HPO trials=20, cv_folds=5
2026-01-07 14:45:34,930 - src.utils.hardware.unified_hardware_manager.UnifiedHardwareManager - INFO - ℹ️ ✅ Unified Hardware Manager fully initialized
2026-01-07 14:45:34,930 - src.utils.hardware.unified_hardware_manager.HardwarePerformanceMonitor - INFO - ℹ️ 🔧 Switched back to normal thresholds
2026-01-07 14:45:34,930 - src.utils.hardware.unified_hardware_manager.UnifiedHardwareManager - INFO - ℹ️ 🔧 Switched back to normal thresholds
2026-01-07 14:45:34,931 - src.utils.matrix_operations.hardware_integration.HardwareOptimizedMatrixProcessor - INFO - ℹ️ ✅ M1 GPU acceleration available
2026-01-07 14:45:34,931 - src.utils.hardware.m1_memory_optimizer.M1MemoryOptimizer - INFO - ℹ️ 🧠 Memory limit set to 8.0 GB (8589934592.0 bytes)
2026-01-07 14:45:35,022 - src.utils.hardware.m1_memory_optimizer.M1MemoryOptimizer - INFO - ℹ️ 🧠 M1 Memory Optimizer initialized for M1
2026-01-07 14:45:35,023 - src.utils.matrix_operations.hardware_integration.HardwareOptimizedMatrixProcessor - INFO - ℹ️ ✅ M1 Memory optimizer initialized
2026-01-07 14:45:35,029 - src.utils.matrix_operations.hardware_integration.HardwareOptimizedMatrixProcessor - INFO - ℹ️ ✅ M1 CPU optimizer initialized
2026-01-07 14:45:35,029 - src.utils.matrix_operations.hardware_integration.HardwareOptimizedMatrixProcessor - INFO - ℹ️ ✅ Memory monitor initialized
2026-01-07 14:45:35,029 - src.utils.matrix_operations.hardware_integration.HardwareOptimizedMatrixProcessor - INFO - ℹ️ 🚀 Hardware-Optimized Matrix Processor initialized
2026-01-07 14:45:35,029 - src.utils.matrix_operations.hardware_integration.HardwareOptimizedMatrixProcessor - INFO - ℹ️ 🖥️ GPU Info: {'is_m1': True, 'm1_generation': 'm1', 'mps_available': True, 'gpu_memory': 'Shared system memory', 'gpu_name': 'Apple Silicon GPU (MPS) - M1', 'compatibility_mode': 'legacy_m1', 'fallback_available': True, 'device': 'mps'}
2026-01-07 14:45:35,030 - src.utils.matrix_operations.hardware_integration.HardwareOptimizedMatrixProcessor - INFO - ℹ️ 💻 CPU Info: {'is_m1': True, 'm1_generation': 'm1', 'total_cores': 8, 'performance_cores': 4, 'efficiency_cores': 4, 'optimal_workers': 4, 'architecture': 'arm64', 'm1_optimizations_enabled': True, 'legacy_mode': False, 'compatibility_mode': 'auto', 'version': '2.0.0'}
2026-01-07 14:45:35,030 - src.utils.matrix_operations.hardware_integration.HardwareOptimizedMatrixProcessor - INFO - ℹ️ 🧠 Memory Stats: {'current_mb': 669.890625, 'peak_mb': 669.890625, 'usage_percentage': 8.177375793457031, 'max_mb': 8192.0, 'is_pressure': False, 'is_critical': False, 'history_count': 8}
2026-01-07 14:45:35,080 - src.utils.hardware.m1_memory_optimizer.M1MemoryOptimizer - INFO - ℹ️ 🧠 M1 Memory Optimizer initialized for M1
2026-01-07 14:45:35,081 - src.utils.matrix_operations.batch_operations - INFO - ℹ️ ✅ Batch matrix processor initialized with M1 optimization
2026-01-07 14:45:35,081 - BayesianTPEOptimizer - INFO - ℹ️ ✅ Hardware optimization components initialized
2026-01-07 14:45:35,081 - BayesianTPEOptimizer - INFO - ℹ️ ✅ VectorBT Rolling Optimizer initialized
2026-01-07 14:45:35,081 - src.feature_generation.utils.unified_vectorization_manager - INFO - ℹ️ ✅ M1 GPU acceleration available: m1
2026-01-07 14:45:35,082 - BayesianTPEOptimizer - INFO - ℹ️ ✅ Enhanced Unified Vectorization Manager initialized
2026-01-07 14:45:35,082 - BayesianTPEOptimizer - INFO - ℹ️ 🚀 VectorBT GPU acceleration enabled
2026-01-07 14:45:35,082 - BayesianTPEOptimizer - INFO - ℹ️ ✅ VectorBT optimization components initialized
2026-01-07 14:45:35,082 - BayesianTPEOptimizer - INFO - ℹ️ ✅ VectorBT-Optimized BayesianTPEOptimizer initialized
2026-01-07 14:45:35,083 - BayesianTPEOptimizer - INFO - ℹ️    → Hardware optimization: Enabled
2026-01-07 14:45:35,083 - BayesianTPEOptimizer - INFO - ℹ️    → VectorBT optimization: Enabled
2026-01-07 14:45:35,083 - BayesianTPEOptimizer - INFO - ℹ️ 🚀 Starting staged TPE optimization
2026-01-07 14:45:35,083 - BayesianTPEOptimizer - INFO - ℹ️    Search space: ['mag_compression', 'uniq_intensity', 'quality_intensity', 'quality_floor', 'exp_mag', 'exp_learn', 'exp_uniq', 'exp_cross', 'downside_multiplier', 'mag_clip_pct', 'time_decay_halflife']
2026-01-07 14:45:35,083 - BayesianTPEOptimizer - INFO - ℹ️    Stages:   TPE
2026-01-07 14:45:35,083 - BayesianTPEOptimizer - INFO - ℹ️ 🔍 Stage 3: TPE optimization (20 trials)
[2026-01-07 14:45:35.091] WARNING: ⚠️ vol_proxy contains 20 non-finite values; replacing with nan.
[2026-01-07 14:45:35.140] INFO: 📊 Weights summary — mean: 1.0000, min: 0.0902, max: 1194.1615, neg share: 49.49%, neg weight avg: 1.0167
[2026-01-07 14:45:35.342] INFO: 📊 Weights summary — mean: 1.0000, min: 0.0190, max: 817.5001, neg share: 49.49%, neg weight avg: 1.0248
[2026-01-07 14:45:35.465] INFO: 📊 Weights summary — mean: 1.0000, min: 0.0177, max: 304.0689, neg share: 49.49%, neg weight avg: 1.0225
[2026-01-07 14:45:35.594] INFO: 📊 Weights summary — mean: 1.0000, min: 0.0083, max: 785.5486, neg share: 49.49%, neg weight avg: 1.0249
[2026-01-07 14:45:35.708] INFO: 📊 Weights summary — mean: 1.0000, min: 0.0190, max: 484.0602, neg share: 49.49%, neg weight avg: 1.0080
2026-01-07 14:45:37,675 - BayesianTPEOptimizer - INFO - ℹ️    TPE: 20 trials, best: -154.6307
2026-01-07 14:45:37,675 - BayesianTPEOptimizer - INFO - ℹ️    TPE best params: {'mag_compression': 0.9105422142810182, 'uniq_intensity': 1.4130475834850753, 'quality_intensity': 3.09768407567649, 'quality_floor': 0.4881173643009442, 'exp_mag': 1.383356654773142, 'exp_learn': 1.3827482618648963, 'exp_uniq': 1.2883445183349613, 'exp_cross': 1.623860868322218, 'downside_multiplier': 1.2206039129574169, 'mag_clip_pct': 0.9614213318681673, 'time_decay_halflife': 0.36063062053696104}
2026-01-07 14:45:37,676 - BayesianTPEOptimizer - INFO - ℹ️ ✅ Staged TPE optimization completed in 2.59s
2026-01-07 14:45:37,676 - BayesianTPEOptimizer - INFO - ℹ️    Best value: -154.6307
2026-01-07 14:45:37,676 - BayesianTPEOptimizer - INFO - ℹ️    Best params: {'mag_compression': 0.9105422142810182, 'uniq_intensity': 1.4130475834850753, 'quality_intensity': 3.09768407567649, 'quality_floor': 0.4881173643009442, 'exp_mag': 1.383356654773142, 'exp_learn': 1.3827482618648963, 'exp_uniq': 1.2883445183349613, 'exp_cross': 1.623860868322218, 'downside_multiplier': 1.2206039129574169, 'mag_clip_pct': 0.9614213318681673, 'time_decay_halflife': 0.36063062053696104}
2026-01-07 14:45:37,676 - BayesianTPEOptimizer - INFO - ℹ️    Total trials: 20
[2026-01-07 14:45:37.676] SUCCESS: ✅ Layer 1 optimization complete. Best score=-154.6307
[2026-01-07 14:45:37.676] INFO:    Best weighting params: {'mag_compression': 0.9105422142810182, 'learn_slope': 1.0, 'learn_center': 0.5, 'uniq_intensity': 1.4130475834850753, 'quality_intensity': 3.09768407567649, 'quality_floor': 0.4881173643009442, 'exp_mag': 1.383356654773142, 'exp_learn': 1.3827482618648963, 'exp_uniq': 1.2883445183349613, 'exp_cross': 1.623860868322218, 'downside_multiplier': 1.2206039129574169, 'mag_clip_pct': 0.9614213318681673, 'time_decay_halflife': 0.36063062053696104}
[2026-01-07 14:45:37.765] INFO:    Layer 1 best score components: score=1.8526, MAS=0.6814, WES=0.8011, NWP=0.0130, UOP_penalty=0.0045, VDP_penalty=0.0000, committee_alpha=nan, committee_mag_clip=nan, committee_factor_min=nan, committee_factor_max=nan
2026-01-07 14:45:39,850 - src.utils.hardware.m1_memory_optimizer.M1MemoryOptimizer - INFO - ℹ️ 🧹 Moderate cleanup: 361 objects collected
[2026-01-07 14:45:40.062] INFO:    💾 Saved Layer 1 trial metrics to outcomes/hpo_layer1_trials_ETHUSDT_15m_20260107_134540.csv
[2026-01-07 14:45:40.064] SUCCESS: ✅ Layer 1 Complete
[2026-01-07 14:45:40.064] INFO: 🔹 Running Layer 2: Causal Labeling (Primary Model)...
[2026-01-07 14:45:40.064] 🛠️ Initialized BaseStep for 'label_based_layer_2'
[2026-01-07 14:45:40.064] INFO: 📊 Converting to dollar bars (target: 96 bars/day)...
[2026-01-07 14:45:40.064] 📁 File pre-filter: found 51 total files for ETHUSDT 1m INFO
[2026-01-07 14:45:40.064]   → Start date filter: 2022-12-03 INFO
[2026-01-07 14:45:40.064]   → End date filter: 2025-12-10 INFO
2026-01-07 14:45:40,077 - System.ParquetUtils - INFO - ℹ️ ✅ Read parquet: ethusdt_1m_2021_10.parquet -> (1560, 26)
2026-01-07 14:45:40,112 - System.ParquetUtils - INFO - ℹ️ ✅ Read parquet: ethusdt_1m_2021_11.parquet -> (43200, 26)
2026-01-07 14:45:40,152 - System.ParquetUtils - INFO - ℹ️ ✅ Read parquet: ethusdt_1m_2021_12.parquet -> (44640, 26)
2026-01-07 14:45:40,208 - System.ParquetUtils - INFO - ℹ️ ✅ Read parquet: ethusdt_1m_2022_01.parquet -> (44640, 26)
2026-01-07 14:45:40,250 - System.ParquetUtils - INFO - ℹ️ ✅ Read parquet: ethusdt_1m_2022_02.parquet -> (40320, 26)
2026-01-07 14:45:40,320 - System.ParquetUtils - INFO - ℹ️ ✅ Read parquet: ethusdt_1m_2022_03.parquet -> (44640, 26)
2026-01-07 14:45:40,379 - System.ParquetUtils - INFO - ℹ️ ✅ Read parquet: ethusdt_1m_2022_04.parquet -> (43200, 26)
2026-01-07 14:45:40,460 - System.ParquetUtils - INFO - ℹ️ ✅ Read parquet: ethusdt_1m_2022_05.parquet -> (44640, 26)
2026-01-07 14:45:40,508 - System.ParquetUtils - INFO - ℹ️ ✅ Read parquet: ethusdt_1m_2022_06.parquet -> (43200, 26)
2026-01-07 14:45:40,561 - System.ParquetUtils - INFO - ℹ️ ✅ Read parquet: ethusdt_1m_2022_07.parquet -> (44640, 26)
2026-01-07 14:45:40,610 - System.ParquetUtils - INFO - ℹ️ ✅ Read parquet: ethusdt_1m_2022_08.parquet -> (44640, 26)
2026-01-07 14:45:40,658 - System.ParquetUtils - INFO - ℹ️ ✅ Read parquet: ethusdt_1m_2022_09.parquet -> (43200, 26)
2026-01-07 14:45:40,717 - System.ParquetUtils - INFO - ℹ️ ✅ Read parquet: ethusdt_1m_2022_10.parquet -> (44640, 26)
2026-01-07 14:45:41,137 - System.ParquetUtils - INFO - ℹ️ ✅ Read parquet: ethusdt_1m_2022_11.parquet -> (43141, 26)
2026-01-07 14:45:41,198 - System.ParquetUtils - INFO - ℹ️ ✅ Read parquet: ethusdt_1m_2022_12.parquet -> (30699, 26)
2026-01-07 14:45:41,253 - System.ParquetUtils - INFO - ℹ️ ✅ Read parquet: ethusdt_1m_2023_01.parquet -> (44640, 26)
2026-01-07 14:45:41,350 - System.ParquetUtils - INFO - ℹ️ ✅ Read parquet: ethusdt_1m_2023_02.parquet -> (40320, 26)
2026-01-07 14:45:41,438 - System.ParquetUtils - INFO - ℹ️ ✅ Read parquet: ethusdt_1m_2023_03.parquet -> (35440, 26)
2026-01-07 14:45:41,467 - System.ParquetUtils - INFO - ℹ️ ✅ Read parquet: ethusdt_1m_2023_04.parquet -> (43200, 26)
2026-01-07 14:45:41,556 - System.ParquetUtils - INFO - ℹ️ ✅ Read parquet: ethusdt_1m_2023_05.parquet -> (44640, 26)
2026-01-07 14:45:41,627 - System.ParquetUtils - INFO - ℹ️ ✅ Read parquet: ethusdt_1m_2023_06.parquet -> (43200, 26)
2026-01-07 14:45:41,691 - System.ParquetUtils - INFO - ℹ️ ✅ Read parquet: ethusdt_1m_2023_07.parquet -> (44640, 26)
2026-01-07 14:45:41,743 - System.ParquetUtils - INFO - ℹ️ ✅ Read parquet: ethusdt_1m_2023_08.parquet -> (44640, 26)
2026-01-07 14:45:41,869 - System.ParquetUtils - INFO - ℹ️ ✅ Read parquet: ethusdt_1m_2023_09.parquet -> (43200, 26)
2026-01-07 14:45:41,949 - System.ParquetUtils - INFO - ℹ️ ✅ Read parquet: ethusdt_1m_2023_10.parquet -> (44640, 26)
2026-01-07 14:45:41,989 - System.ParquetUtils - INFO - ℹ️ ✅ Read parquet: ethusdt_1m_2023_11.parquet -> (43200, 26)
2026-01-07 14:45:42,261 - System.ParquetUtils - INFO - ℹ️ ✅ Read parquet: ethusdt_1m_2023_12.parquet -> (44640, 26)
2026-01-07 14:45:42,313 - System.ParquetUtils - INFO - ℹ️ ✅ Read parquet: ethusdt_1m_2024_01.parquet -> (44640, 26)
2026-01-07 14:45:42,362 - System.ParquetUtils - INFO - ℹ️ ✅ Read parquet: ethusdt_1m_2024_02.parquet -> (41760, 26)
2026-01-07 14:45:42,429 - System.ParquetUtils - INFO - ℹ️ ✅ Read parquet: ethusdt_1m_2024_03.parquet -> (44640, 26)
2026-01-07 14:45:42,493 - System.ParquetUtils - INFO - ℹ️ ✅ Read parquet: ethusdt_1m_2024_04.parquet -> (43200, 26)
2026-01-07 14:45:42,595 - System.ParquetUtils - INFO - ℹ️ ✅ Read parquet: ethusdt_1m_2024_05.parquet -> (44640, 26)
2026-01-07 14:45:42,641 - System.ParquetUtils - INFO - ℹ️ ✅ Read parquet: ethusdt_1m_2024_06.parquet -> (43200, 26)
2026-01-07 14:45:42,690 - System.ParquetUtils - INFO - ℹ️ ✅ Read parquet: ethusdt_1m_2024_07.parquet -> (44640, 26)
2026-01-07 14:45:42,750 - System.ParquetUtils - INFO - ℹ️ ✅ Read parquet: ethusdt_1m_2024_08.parquet -> (44640, 26)
2026-01-07 14:45:42,803 - System.ParquetUtils - INFO - ℹ️ ✅ Read parquet: ethusdt_1m_2024_09.parquet -> (43200, 26)
2026-01-07 14:45:42,843 - System.ParquetUtils - INFO - ℹ️ ✅ Read parquet: ethusdt_1m_2024_10.parquet -> (44640, 26)
2026-01-07 14:45:42,941 - System.ParquetUtils - INFO - ℹ️ ✅ Read parquet: ethusdt_1m_2024_11.parquet -> (43200, 26)
2026-01-07 14:45:43,039 - System.ParquetUtils - INFO - ℹ️ ✅ Read parquet: ethusdt_1m_2024_12.parquet -> (44640, 26)
2026-01-07 14:45:43,188 - System.ParquetUtils - INFO - ℹ️ ✅ Read parquet: ethusdt_1m_2025_01.parquet -> (44640, 26)
2026-01-07 14:45:43,258 - System.ParquetUtils - INFO - ℹ️ ✅ Read parquet: ethusdt_1m_2025_02.parquet -> (40320, 26)
2026-01-07 14:45:43,304 - System.ParquetUtils - INFO - ℹ️ ✅ Read parquet: ethusdt_1m_2025_03.parquet -> (44640, 26)
2026-01-07 14:45:43,350 - System.ParquetUtils - INFO - ℹ️ ✅ Read parquet: ethusdt_1m_2025_04.parquet -> (43200, 26)
2026-01-07 14:45:43,395 - System.ParquetUtils - INFO - ℹ️ ✅ Read parquet: ethusdt_1m_2025_05.parquet -> (44640, 26)
2026-01-07 14:45:43,435 - System.ParquetUtils - INFO - ℹ️ ✅ Read parquet: ethusdt_1m_2025_06.parquet -> (43200, 26)
2026-01-07 14:45:43,475 - System.ParquetUtils - INFO - ℹ️ ✅ Read parquet: ethusdt_1m_2025_07.parquet -> (44640, 26)
2026-01-07 14:45:43,510 - System.ParquetUtils - INFO - ℹ️ ✅ Read parquet: ethusdt_1m_2025_08.parquet -> (44640, 26)
2026-01-07 14:45:43,546 - System.ParquetUtils - INFO - ℹ️ ✅ Read parquet: ethusdt_1m_2025_09.parquet -> (43200, 26)
2026-01-07 14:45:43,579 - System.ParquetUtils - INFO - ℹ️ ✅ Read parquet: ethusdt_1m_2025_10.parquet -> (44640, 26)
2026-01-07 14:45:43,622 - System.ParquetUtils - INFO - ℹ️ ✅ Read parquet: ethusdt_1m_2025_11.parquet -> (43200, 26)
2026-01-07 14:45:43,639 - System.ParquetUtils - INFO - ℹ️ ✅ Read parquet: ethusdt_1m_2025_12.parquet -> (13858, 26)
2026-01-07 14:45:43,641 - KlinesParquetManager - INFO - ℹ️ ✅ Combining 51 dataframes for ETHUSDT 1m from 2022-12-03 to 2025-12-10 -> 2139258 records
2026-01-07 14:45:43,641 - KlinesParquetManager - INFO - ℹ️ 🔍 DEBUG: DataFrame 1/51: 1560 records, index range: 2021-10-30 22:00:00 to 2021-10-31 23:59:00
2026-01-07 14:45:43,642 - KlinesParquetManager - INFO - ℹ️ 🔍 DEBUG: DataFrame 2/51: 43200 records, index range: 2021-11-01 00:00:00 to 2021-11-30 23:59:00
2026-01-07 14:45:43,642 - KlinesParquetManager - INFO - ℹ️ 🔍 DEBUG: DataFrame 3/51: 44640 records, index range: 2021-12-01 00:00:00 to 2021-12-31 23:59:00
2026-01-07 14:45:43,643 - KlinesParquetManager - INFO - ℹ️ 🔍 DEBUG: DataFrame 4/51: 44640 records, index range: 2022-01-01 00:00:00 to 2022-01-31 23:59:00
2026-01-07 14:45:43,644 - KlinesParquetManager - INFO - ℹ️ 🔍 DEBUG: DataFrame 5/51: 40320 records, index range: 2022-02-01 00:00:00 to 2022-02-28 23:59:00
2026-01-07 14:45:43,644 - KlinesParquetManager - INFO - ℹ️ 🔍 DEBUG: DataFrame 6/51: 44640 records, index range: 2022-03-01 00:00:00 to 2022-03-31 23:59:00
2026-01-07 14:45:43,645 - KlinesParquetManager - INFO - ℹ️ 🔍 DEBUG: DataFrame 7/51: 43200 records, index range: 2022-04-01 00:00:00 to 2022-04-30 23:59:00
2026-01-07 14:45:43,646 - KlinesParquetManager - INFO - ℹ️ 🔍 DEBUG: DataFrame 8/51: 44640 records, index range: 2022-05-01 00:00:00 to 2022-05-31 23:59:00
2026-01-07 14:45:43,647 - KlinesParquetManager - INFO - ℹ️ 🔍 DEBUG: DataFrame 9/51: 43200 records, index range: 2022-06-01 00:00:00 to 2022-06-30 23:59:00
2026-01-07 14:45:43,647 - KlinesParquetManager - INFO - ℹ️ 🔍 DEBUG: DataFrame 10/51: 44640 records, index range: 2022-07-01 00:00:00 to 2022-07-31 23:59:00
2026-01-07 14:45:43,648 - KlinesParquetManager - INFO - ℹ️ 🔍 DEBUG: DataFrame 11/51: 44640 records, index range: 2022-08-01 00:00:00 to 2022-08-31 23:59:00
2026-01-07 14:45:43,649 - KlinesParquetManager - INFO - ℹ️ 🔍 DEBUG: DataFrame 12/51: 43200 records, index range: 2022-09-01 00:00:00 to 2022-09-30 23:59:00
2026-01-07 14:45:43,650 - KlinesParquetManager - INFO - ℹ️ 🔍 DEBUG: DataFrame 13/51: 44640 records, index range: 2022-10-01 00:00:00 to 2022-10-31 23:59:00
2026-01-07 14:45:43,651 - KlinesParquetManager - INFO - ℹ️ 🔍 DEBUG: DataFrame 14/51: 43141 records, index range: 2022-11-01 00:00:00 to 2022-11-30 23:00:00
2026-01-07 14:45:43,652 - KlinesParquetManager - INFO - ℹ️ 🔍 DEBUG: DataFrame 15/51: 30699 records, index range: 2022-12-10 16:21:00 to 2022-12-31 23:59:00
2026-01-07 14:45:43,652 - KlinesParquetManager - INFO - ℹ️ 🔍 DEBUG: DataFrame 16/51: 44640 records, index range: 2023-01-01 00:00:00 to 2023-01-31 23:59:00
2026-01-07 14:45:43,653 - KlinesParquetManager - INFO - ℹ️ 🔍 DEBUG: DataFrame 17/51: 40320 records, index range: 2023-02-01 00:00:00 to 2023-02-28 23:59:00
2026-01-07 14:45:43,653 - KlinesParquetManager - INFO - ℹ️ 🔍 DEBUG: DataFrame 18/51: 35440 records, index range: 2023-03-01 00:00:00 to 2023-03-31 23:59:00
2026-01-07 14:45:43,654 - KlinesParquetManager - INFO - ℹ️ 🔍 DEBUG: DataFrame 19/51: 43200 records, index range: 2023-04-01 00:00:00 to 2023-04-30 23:59:00
2026-01-07 14:45:43,654 - KlinesParquetManager - INFO - ℹ️ 🔍 DEBUG: DataFrame 20/51: 44640 records, index range: 2023-05-01 00:00:00 to 2023-05-31 23:59:00
2026-01-07 14:45:43,655 - KlinesParquetManager - INFO - ℹ️ 🔍 DEBUG: DataFrame 21/51: 43200 records, index range: 2023-06-01 00:00:00 to 2023-06-30 23:59:00
2026-01-07 14:45:43,655 - KlinesParquetManager - INFO - ℹ️ 🔍 DEBUG: DataFrame 22/51: 44640 records, index range: 2023-07-01 00:00:00 to 2023-07-31 23:59:00
2026-01-07 14:45:43,656 - KlinesParquetManager - INFO - ℹ️ 🔍 DEBUG: DataFrame 23/51: 44640 records, index range: 2023-08-01 00:00:00 to 2023-08-31 23:59:00
2026-01-07 14:45:43,657 - KlinesParquetManager - INFO - ℹ️ 🔍 DEBUG: DataFrame 24/51: 43200 records, index range: 2023-09-01 00:00:00 to 2023-09-30 23:59:00
2026-01-07 14:45:43,658 - KlinesParquetManager - INFO - ℹ️ 🔍 DEBUG: DataFrame 25/51: 44640 records, index range: 2023-10-01 00:00:00 to 2023-10-31 23:59:00
2026-01-07 14:45:43,658 - KlinesParquetManager - INFO - ℹ️ 🔍 DEBUG: DataFrame 26/51: 43200 records, index range: 2023-11-01 00:00:00 to 2023-11-30 23:59:00
2026-01-07 14:45:43,659 - KlinesParquetManager - INFO - ℹ️ 🔍 DEBUG: DataFrame 27/51: 44640 records, index range: 2023-12-01 00:00:00 to 2023-12-31 23:59:00
2026-01-07 14:45:43,659 - KlinesParquetManager - INFO - ℹ️ 🔍 DEBUG: DataFrame 28/51: 44640 records, index range: 2024-01-01 00:00:00 to 2024-01-31 23:59:00
2026-01-07 14:45:43,660 - KlinesParquetManager - INFO - ℹ️ 🔍 DEBUG: DataFrame 29/51: 41760 records, index range: 2024-02-01 00:00:00 to 2024-02-29 23:59:00
2026-01-07 14:45:43,661 - KlinesParquetManager - INFO - ℹ️ 🔍 DEBUG: DataFrame 30/51: 44640 records, index range: 2024-03-01 00:00:00 to 2024-03-31 23:59:00
2026-01-07 14:45:43,661 - KlinesParquetManager - INFO - ℹ️ 🔍 DEBUG: DataFrame 31/51: 43200 records, index range: 2024-04-01 00:00:00 to 2024-04-30 23:59:00
2026-01-07 14:45:43,661 - KlinesParquetManager - INFO - ℹ️ 🔍 DEBUG: DataFrame 32/51: 44640 records, index range: 2024-05-01 00:00:00 to 2024-05-31 23:59:00
2026-01-07 14:45:43,662 - KlinesParquetManager - INFO - ℹ️ 🔍 DEBUG: DataFrame 33/51: 43200 records, index range: 2024-06-01 00:00:00 to 2024-06-30 23:59:00
2026-01-07 14:45:43,662 - KlinesParquetManager - INFO - ℹ️ 🔍 DEBUG: DataFrame 34/51: 44640 records, index range: 2024-07-01 00:00:00 to 2024-07-31 23:59:00
2026-01-07 14:45:43,663 - KlinesParquetManager - INFO - ℹ️ 🔍 DEBUG: DataFrame 35/51: 44640 records, index range: 2024-08-01 00:00:00 to 2024-08-31 23:59:00
2026-01-07 14:45:43,663 - KlinesParquetManager - INFO - ℹ️ 🔍 DEBUG: DataFrame 36/51: 43200 records, index range: 2024-09-01 00:00:00 to 2024-09-30 23:59:00
2026-01-07 14:45:43,663 - KlinesParquetManager - INFO - ℹ️ 🔍 DEBUG: DataFrame 37/51: 44640 records, index range: 2024-10-01 00:00:00 to 2024-10-31 23:59:00
2026-01-07 14:45:43,664 - KlinesParquetManager - INFO - ℹ️ 🔍 DEBUG: DataFrame 38/51: 43200 records, index range: 2024-11-01 00:00:00 to 2024-11-30 23:59:00
2026-01-07 14:45:43,664 - KlinesParquetManager - INFO - ℹ️ 🔍 DEBUG: DataFrame 39/51: 44640 records, index range: 2024-12-01 00:00:00 to 2024-12-31 23:59:00
2026-01-07 14:45:43,664 - KlinesParquetManager - INFO - ℹ️ 🔍 DEBUG: DataFrame 40/51: 44640 records, index range: 2025-01-01 00:00:00 to 2025-01-31 23:59:00
2026-01-07 14:45:43,664 - KlinesParquetManager - INFO - ℹ️ 🔍 DEBUG: DataFrame 41/51: 40320 records, index range: 2025-02-01 00:00:00 to 2025-02-28 23:59:00
2026-01-07 14:45:43,664 - KlinesParquetManager - INFO - ℹ️ 🔍 DEBUG: DataFrame 42/51: 44640 records, index range: 2025-03-01 00:00:00 to 2025-03-31 23:59:00
2026-01-07 14:45:43,664 - KlinesParquetManager - INFO - ℹ️ 🔍 DEBUG: DataFrame 43/51: 43200 records, index range: 2025-04-01 00:00:00 to 2025-04-30 23:59:00
2026-01-07 14:45:43,665 - KlinesParquetManager - INFO - ℹ️ 🔍 DEBUG: DataFrame 44/51: 44640 records, index range: 2025-05-01 00:00:00 to 2025-05-31 23:59:00
2026-01-07 14:45:43,665 - KlinesParquetManager - INFO - ℹ️ 🔍 DEBUG: DataFrame 45/51: 43200 records, index range: 2025-06-01 00:00:00 to 2025-06-30 23:59:00
2026-01-07 14:45:43,665 - KlinesParquetManager - INFO - ℹ️ 🔍 DEBUG: DataFrame 46/51: 44640 records, index range: 2025-07-01 00:00:00 to 2025-07-31 23:59:00
2026-01-07 14:45:43,665 - KlinesParquetManager - INFO - ℹ️ 🔍 DEBUG: DataFrame 47/51: 44640 records, index range: 2025-08-01 00:00:00 to 2025-08-31 23:59:00
2026-01-07 14:45:43,665 - KlinesParquetManager - INFO - ℹ️ 🔍 DEBUG: DataFrame 48/51: 43200 records, index range: 2025-09-01 00:00:00 to 2025-09-30 23:59:00
2026-01-07 14:45:43,665 - KlinesParquetManager - INFO - ℹ️ 🔍 DEBUG: DataFrame 49/51: 44640 records, index range: 2025-10-01 00:00:00 to 2025-10-31 23:59:00
2026-01-07 14:45:43,665 - KlinesParquetManager - INFO - ℹ️ 🔍 DEBUG: DataFrame 50/51: 43200 records, index range: 2025-11-01 00:00:00 to 2025-11-30 23:59:00
2026-01-07 14:45:43,665 - KlinesParquetManager - INFO - ℹ️ 🔍 DEBUG: DataFrame 51/51: 13858 records, index range: 2025-12-01 00:00:00 to 2025-12-10 14:57:00
2026-01-07 14:45:44,592 - KlinesParquetManager - INFO - ℹ️ 🔧 Reconstructing 'timestamp' column from DatetimeIndex (was 11.6% valid)
2026-01-07 14:45:45,700 - KlinesParquetManager - INFO - ℹ️ 🔍 DEBUG: About to check for duplicates in 2139258 records
2026-01-07 14:45:45,703 - KlinesParquetManager - INFO - ℹ️ 🔍 DEBUG: Combined DF date range: 2021-10-30 22:00:00 to 2025-12-10 14:57:00
2026-01-07 14:45:45,705 - KlinesParquetManager - INFO - ℹ️ ✅ No duplicate timestamps found
2026-01-07 14:45:46,816 - src.utils.hardware.unified_hardware_manager.HardwarePerformanceMonitor - WARNING - ⚠️ 🚨 ALERT: cpu_usage (100.0) exceeds threshold (85.0)
2026-01-07 14:45:48,609 - KlinesParquetManager - INFO - ℹ️ ✅ Data loaded: ETHUSDT 1m from 2022-12-03 to 2025-12-10 -> 2139258 records
[2026-01-07 14:45:48.710] INFO:    [DollarBars] 'quote_volume' missing or mostly empty (3483/2139258), recalculating from vol*close
[2026-01-07 14:45:49.778] SUCCESS:    ✅ Dollar bars: 104508 → 129261 samples (avg duration: 16.7 min)
[2026-01-07 14:45:49.902] INFO: 📊 Using dollar bars: 104508 → 129261 samples
[2026-01-07 14:45:49.902] INFO: Starting Layer 2 Pipeline...
[2026-01-07 14:45:49.910] INFO: 🔬 Causal Framework Enabled - Using Modern De Prado Approach (Merged)
[2026-01-07 14:45:49.910] INFO: 🧠 Generating Market Regimes with AdaptiveHunterRouter...
2026-01-07 14:45:50,878 - src.utils.hardware.m1_memory_optimizer.M1MemoryOptimizer - INFO - ℹ️ 🧹 Moderate cleanup: 28237 objects collected
/Library/Developer/CommandLineTools/Library/Frameworks/Python3.framework/Versions/3.9/lib/python3.9/multiprocessing/resource_tracker.py:216: UserWarning: resource_tracker: There appear to be 1 leaked semaphore objects to clean up at shutdown
  warnings.warn('resource_tracker: There appear to be %d '
