2026-01-05 22:32:16,740 - DataQualityFramework - INFO - ℹ️ ✅ Comprehensive duplicate analyzer integrated
2026-01-05 22:32:16,740 - DataQualityFramework - INFO - ℹ️ 🔧 Unified Data Quality Framework initialized (singleton)
[2026-01-05 22:32:16.741] PERFORMANCE: DataQualityFramework initialization took 0.000s
2026-01-05 22:32:16,741 - System.tprint - INFO - ℹ️ DataQualityFramework initialization took 0.000s
2026-01-05 22:32:17,054 - System.AdvancedQualityMetrics - INFO - ℹ️ 📊 AdvancedQualityMetrics initialized with tolerant parameters
[2026-01-05 22:32:17.054] PERFORMANCE: AdvancedQualityMetrics initialization took 0.000s
2026-01-05 22:32:17,054 - System.tprint - INFO - ℹ️ AdvancedQualityMetrics initialization took 0.000s
2026-01-05 22:32:17,056 - DataCleaner - INFO - ℹ️ Using klines-specific gap thresholds: {<GapType.SMALL: 'small'>: 65, <GapType.MEDIUM: 'medium'>: 300, <GapType.LARGE: 'large'>: 1800, <GapType.CRITICAL: 'critical'>: 3600}
[2026-01-05 22:32:17.056] PERFORMANCE: DataCleaner(klines) initialization took 0.000s
2026-01-05 22:32:17,056 - System.tprint - INFO - ℹ️ DataCleaner(klines) initialization took 0.000s
2026-01-05 22:32:17,056 - DataCleaner - INFO - ℹ️ Using klines-specific gap thresholds: {<GapType.SMALL: 'small'>: 65, <GapType.MEDIUM: 'medium'>: 300, <GapType.LARGE: 'large'>: 1800, <GapType.CRITICAL: 'critical'>: 3600}
[2026-01-05 22:32:17.056] PERFORMANCE: DataCleaner(klines) initialization took 0.000s
2026-01-05 22:32:17,056 - System.tprint - INFO - ℹ️ DataCleaner(klines) initialization took 0.000s
2026-01-05 22:32:17,056 - DataCleanerManager - INFO - ℹ️ 🔧 DataCleanerManager initialized (singleton)
[2026-01-05 22:32:17.091] DEBUG: 🔧 [features_common.utils] Initializing common utilities module
[2026-01-05 22:32:17.091] SUCCESS: ✅ [features_common.utils] Math validation utilities loaded
2026-01-05 22:32:17,091 - System.tprint - INFO - ℹ️ ✅ [features_common.utils] Math validation utilities loaded
[2026-01-05 22:32:17.091] DEBUG: 🔧 [features_common.utils] Common utilities module initialized
2026-01-05 22:32:18,530 - src.utils.hardware.m1_gpu_utils.M1GPUManager - INFO - ℹ️ M1 GPU Manager initialized - M1: True, Generation: m4, MPS: True
2026-01-05 22:32:18,540 - src.utils.hardware.m1_cpu_optimizer.M1CPUOptimizer - INFO - ℹ️ 🧠 M1 CPU Optimizer initialized for M4 (6P+6E cores)
[2026-01-05 22:32:18.657] DEBUG: 🔧 [transforms] Module initialized with 14 exports
2026-01-05 22:32:18,658 - src.features_common.backward_compatibility - INFO - ℹ️ Backward compatibility ensured for features_common
[2026-01-05 22:32:18.657] DEBUG: 🔧 [optimization] Module initialized with 6 exports
[2026-01-05 22:32:18.657] DEBUG: 🔧 [registry] Module initialized with BaseFeatureRegistry
[2026-01-05 22:32:18.659] DEBUG: 🚀 [features_common] Enhanced module initialized with 59 exports
[2026-01-05 22:32:18.659] SUCCESS: ✅ [features_common] All optimizations enabled by default
2026-01-05 22:32:18,659 - System.tprint - INFO - ℹ️ ✅ [features_common] All optimizations enabled by default
[2026-01-05 22:32:18.659] INFO: 🔧 [features_common] VectorBT integration available
2026-01-05 22:32:18,659 - System.tprint - INFO - ℹ️ 🔧 [features_common] VectorBT integration available
[2026-01-05 22:32:18.659] PERFORMANCE: 📊 [features_common] Performance monitoring enabled
2026-01-05 22:32:18,659 - System.tprint - INFO - ℹ️ 📊 [features_common] Performance monitoring enabled
[2026-01-05 22:32:18.659] WARNING: 💾 [features_common] Intelligent caching active
2026-01-05 22:32:18,659 - System.tprint - WARNING - ⚠️ 💾 [features_common] Intelligent caching active
2026-01-05 22:32:18,660 - System.DataStreamingManager - INFO - ℹ️ 🚀 DataStreamingManager initialized (singleton): chunk_size=10000, memory_threshold=0.8
[2026-01-05 22:32:18.659] PERFORMANCE: DataStreamingManager initialization took 0.000s
2026-01-05 22:32:18,660 - System.tprint - INFO - ℹ️ DataStreamingManager initialization took 0.000s
2026-01-05 22:32:18,670 - System.EvaluationUtils - INFO - ℹ️ EvaluationUtils delegating core metric computation to unified_evaluator
[2026-01-05 22:32:18.676] ✅ Custom logger available for MLCommon.ConfidenceMetrics
2026-01-05 22:32:18,676 - System.tprint - INFO - ℹ️ ✅ Custom logger available for MLCommon.ConfidenceMetrics
[2026-01-05 22:32:18.676] ✅ Custom logger available for MLCommon.ModelExplanations
2026-01-05 22:32:18,677 - System.tprint - INFO - ℹ️ ✅ Custom logger available for MLCommon.ModelExplanations
2026-01-05 22:32:19,106 - MLCommon.ModelExplanations - INFO - ℹ️ Model explanations available using SHAP and fallback methods
[2026-01-05 22:32:19.106] ✅ Custom logger available for MLCommon.ModelRegistry
2026-01-05 22:32:19,106 - System.tprint - INFO - ℹ️ ✅ Custom logger available for MLCommon.ModelRegistry
[2026-01-05 22:32:19.106] ✅ Custom logger available for MLCommon.ModelExplainability
2026-01-05 22:32:19,106 - System.tprint - INFO - ℹ️ ✅ Custom logger available for MLCommon.ModelExplainability
[2026-01-05 22:32:19.143] ✅ Custom logger available for MLCommon.CV
2026-01-05 22:32:19,143 - System.tprint - INFO - ℹ️ ✅ Custom logger available for MLCommon.CV
2026-01-05 22:32:19,145 - src.utils.ml_common.validation.enhanced_validation - INFO - ℹ️ ✅ Enhanced Validation initialized
[2026-01-05 22:32:19.146] ✅ Custom logger available for MLCommon.ValidationUtils
2026-01-05 22:32:19,146 - System.tprint - INFO - ℹ️ ✅ Custom logger available for MLCommon.ValidationUtils
[2026-01-05 22:32:19.148] ✅ Custom logger available for MLCommon.HPOUtils
2026-01-05 22:32:19,148 - System.tprint - INFO - ℹ️ ✅ Custom logger available for MLCommon.HPOUtils
2026-01-05 22:32:19,182 - src.utils.matrix_operations.enhanced_operations.CustomMatrixOperationsRegistry - INFO - ℹ️ 📝 Registered custom matrix operation: gpu_condition_number
2026-01-05 22:32:19,182 - src.utils.matrix_operations.enhanced_operations.CustomMatrixOperationsRegistry - INFO - ℹ️ 📝 Registered custom matrix operation: gpu_matrix_rank
2026-01-05 22:32:19,182 - src.utils.matrix_operations.enhanced_operations.CustomMatrixOperationsRegistry - INFO - ℹ️ 📝 Registered custom matrix operation: matrix_normalize
2026-01-05 22:32:19,182 - src.utils.matrix_operations.enhanced_operations.CustomMatrixOperationsRegistry - INFO - ℹ️ 📝 Registered custom matrix operation: extract_matrix_features
2026-01-05 22:32:19,184 - src.utils.matrix_operations - INFO - ℹ️ ✅ Unified Matrix Operations module initialized
2026-01-05 22:32:19,184 - src.utils.matrix_operations - INFO - ℹ️ 📦 Version: 1.0.0
2026-01-05 22:32:19,184 - src.utils.matrix_operations - INFO - ℹ️ 🔧 Features: VectorBT optimizations, GPU acceleration, memory optimization, vectorized processing, batch operations
2026-01-05 22:32:19,184 - src.utils.matrix_operations - INFO - ℹ️ 🍎 Optimized for: Apple Silicon M1/M2/M3 Macs
2026-01-05 22:32:19,184 - src.utils.matrix_operations - INFO - ℹ️ 🚀 VectorBT optimizations enabled - expect 2-10x performance improvements
2026-01-05 22:32:19,184 - src.utils.matrix_operations - INFO - ℹ️ 🎯 VectorBTRollingOptimizer available - enhanced rolling operations
2026-01-05 22:32:19,184 - src.utils.matrix_operations - INFO - ℹ️ ⚡ UnifiedVectorizationManager available - unified vectorization operations
2026-01-05 22:32:19,185 - System.ComplementaryLookbackOptimizer - INFO - ℹ️ ✅ Detected VectorBT v0.28.1
2026-01-05 22:32:19,188 - src.feature_generation.utils.feature_generation_optimization - INFO - ℹ️ ✅ VectorBT available for feature optimization
2026-01-05 22:32:19,197 - src.feature_generation.core.feature_registry.FeatureRegistry - INFO - ℹ️ FeatureRegistry initialized
[2026-01-05 22:32:19.197] 🔧 Initializing AutoOptimizationConfig...
2026-01-05 22:32:19,197 - System.tprint - INFO - ℹ️ 🔧 Initializing AutoOptimizationConfig...
[2026-01-05 22:32:19.197] 📝 Setting up conservative optimization settings...
2026-01-05 22:32:19,197 - System.tprint - INFO - ℹ️ 📝 Setting up conservative optimization settings...
[2026-01-05 22:32:19.197] ✅ Conservative settings configured
2026-01-05 22:32:19,197 - System.tprint - INFO - ℹ️ ✅ Conservative settings configured
[2026-01-05 22:32:19.197] 📝 Setting up balanced optimization settings...
2026-01-05 22:32:19,197 - System.tprint - INFO - ℹ️ 📝 Setting up balanced optimization settings...
[2026-01-05 22:32:19.197] ✅ Balanced settings configured
2026-01-05 22:32:19,197 - System.tprint - INFO - ℹ️ ✅ Balanced settings configured
[2026-01-05 22:32:19.197] 📝 Setting up aggressive optimization settings...
2026-01-05 22:32:19,197 - System.tprint - INFO - ℹ️ 📝 Setting up aggressive optimization settings...
[2026-01-05 22:32:19.197] ✅ Aggressive settings configured
2026-01-05 22:32:19,197 - System.tprint - INFO - ℹ️ ✅ Aggressive settings configured
[2026-01-05 22:32:19.197] 🎯 AutoOptimizationConfig initialized with balanced strategy
2026-01-05 22:32:19,197 - System.tprint - INFO - ℹ️ 🎯 AutoOptimizationConfig initialized with balanced strategy
[2026-01-05 22:32:19.197] ✅ Auto-optimization enabled for FeatureBank (default)
2026-01-05 22:32:19,197 - System.tprint - INFO - ℹ️ ✅ Auto-optimization enabled for FeatureBank (default)
2026-01-05 22:32:19,197 - src.feature_generation.utils.memory_pool_optimizer.MemoryPoolOptimizer - INFO - ℹ️ Memory pool optimizer initialized
2026-01-05 22:32:19,198 - src.utils.hardware.m1_memory_optimizer.M1MemoryOptimizer - INFO - ℹ️ 🧠 Memory limit set to 8.0 GB (8589934592.0 bytes)
2026-01-05 22:32:19,212 - src.utils.hardware.m1_memory_optimizer.M1MemoryOptimizer - INFO - ℹ️ 🧠 M1 Memory Optimizer initialized for M4
2026-01-05 22:32:19,213 - src.utils.hardware.unified_hardware_manager.UnifiedHardwareManager - INFO - ℹ️ 🔧 Unified Hardware Manager initialized
2026-01-05 22:32:19,213 - src.utils.hardware.unified_hardware_manager.HardwarePerformanceMonitor - INFO - ℹ️ 🔍 Hardware performance monitoring started
2026-01-05 22:32:19,213 - src.utils.hardware.m1_memory_optimizer.M1MemoryOptimizer - INFO - ℹ️ 🧠 M1 memory monitoring started
2026-01-05 22:32:19,213 - src.utils.hardware.unified_hardware_manager.UnifiedHardwareManager - INFO - ℹ️ ✅ Unified Hardware Manager fully initialized
2026-01-05 22:32:19,213 - src.utils.hardware.unified_hardware_manager.UnifiedHardwareManager - INFO - ℹ️ 🎯 Optimizing for feature_engineering workload (balanced)
2026-01-05 22:32:19,215 - src.utils.ml_common.hardware_singleton - INFO - ℹ️ 🔍 Detecting hardware capabilities (one-time detection)...
2026-01-05 22:32:19,215 - src.utils.ml_common.hardware_singleton - INFO - ℹ️ ✅ Hardware detection complete: {'cpu_cores': 12, 'gpu_available': True, 'gpu_type': 'mps', 'memory_gb': 24.0, 'mps_available': True, 'gpu_memory_gb': None}
[2026-01-05 22:32:19.215] 🚀 Initializing Unified Vectorization Manager...
2026-01-05 22:32:19,215 - System.tprint - INFO - ℹ️ 🚀 Initializing Unified Vectorization Manager...
[2026-01-05 22:32:19.215] 🔄 Initializing optimization components...
2026-01-05 22:32:19,215 - System.tprint - INFO - ℹ️ 🔄 Initializing optimization components...
[2026-01-05 22:32:19.215] 🔄 Initializing optimization components...
2026-01-05 22:32:19,215 - System.tprint - INFO - ℹ️ 🔄 Initializing optimization components...
[2026-01-05 22:32:19.215] 🔄 Loading VectorBTRollingOptimizer...
2026-01-05 22:32:19,215 - System.tprint - INFO - ℹ️ 🔄 Loading VectorBTRollingOptimizer...
[2026-01-05 22:32:19.215] ✅ VectorBTRollingOptimizer loaded
2026-01-05 22:32:19,215 - System.tprint - INFO - ℹ️ ✅ VectorBTRollingOptimizer loaded
[2026-01-05 22:32:19.215] 🔄 Loading vectorized backtesting...
2026-01-05 22:32:19,216 - System.tprint - INFO - ℹ️ 🔄 Loading vectorized backtesting...
2026-01-05 22:32:19,216 - System.VectorizedBacktestingEngine - INFO - ℹ️ ✅ Vectorized Backtesting Engine initialized successfully
[2026-01-05 22:32:19.216] ✅ Vectorized backtesting loaded
2026-01-05 22:32:19,216 - System.tprint - INFO - ℹ️ ✅ Vectorized backtesting loaded
[2026-01-05 22:32:19.216] 🔄 Loading VectorBT backtesting engine...
2026-01-05 22:32:19,216 - System.tprint - INFO - ℹ️ 🔄 Loading VectorBT backtesting engine...
2026-01-05 22:32:19,217 - System.VectorBTBacktestingEngine - INFO - ℹ️ ✅ VectorBT Backtesting Engine initialized successfully
[2026-01-05 22:32:19.216] ✅ VectorBT backtesting engine loaded
2026-01-05 22:32:19,217 - System.tprint - INFO - ℹ️ ✅ VectorBT backtesting engine loaded
[2026-01-05 22:32:19.216] 🔄 Loading VectorBT financial metrics...
2026-01-05 22:32:19,217 - System.tprint - INFO - ℹ️ 🔄 Loading VectorBT financial metrics...
2026-01-05 22:32:19,218 - src.utils.ml_common.vectorbt_financial_metrics - INFO - ℹ️ ✅ VectorBT Financial Metrics initialized
2026-01-05 22:32:19,218 - src.utils.ml_common.vectorbt_financial_metrics - INFO - ℹ️ 📊 Risk-free rate: 2.00%
2026-01-05 22:32:19,218 - src.utils.ml_common.vectorbt_financial_metrics - INFO - ℹ️ 📊 Annualization factor: 252
2026-01-05 22:32:19,218 - src.utils.ml_common.vectorbt_financial_metrics - INFO - ℹ️ 📊 Regime analysis: True
[2026-01-05 22:32:19.218] ✅ VectorBT financial metrics loaded
2026-01-05 22:32:19,218 - System.tprint - INFO - ℹ️ ✅ VectorBT financial metrics loaded
[2026-01-05 22:32:19.218] 🔄 Loading VectorBT portfolio optimization...
2026-01-05 22:32:19,218 - System.tprint - INFO - ℹ️ 🔄 Loading VectorBT portfolio optimization...
2026-01-05 22:32:19,221 - src.utils.ml_common.vectorbt_memory_manager.VectorBTMemoryManager - INFO - ℹ️ ✅ VectorBT Memory Manager initialized
2026-01-05 22:32:19,221 - src.utils.ml_common.vectorbt_memory_manager.VectorBTMemoryManager - INFO - ℹ️ 📊 Total system memory: 24.00GB
2026-01-05 22:32:19,221 - src.utils.ml_common.vectorbt_memory_manager.VectorBTMemoryManager - INFO - ℹ️ 📊 Available memory: 9.96GB
2026-01-05 22:32:19,221 - src.utils.ml_common.vectorbt_memory_manager.VectorBTMemoryManager - INFO - ℹ️ 📊 Max allocated memory: 8.00GB
2026-01-05 22:32:19,221 - src.utils.ml_common.vectorbt_performance_monitor.VectorBTPerformanceMonitor - INFO - ℹ️ ✅ VectorBT Performance Monitor initialized
2026-01-05 22:32:19,221 - src.utils.ml_common.vectorbt_performance_monitor.VectorBTPerformanceMonitor - INFO - ℹ️ 📊 Monitoring enabled: timing=True, memory=True, gpu=True
2026-01-05 22:32:19,221 - src.utils.ml_common.vectorbt_portfolio_optimization - INFO - ℹ️ ✅ VectorBT Portfolio Optimizer initialized
2026-01-05 22:32:19,221 - src.utils.ml_common.vectorbt_portfolio_optimization - INFO - ℹ️ 📊 Method: mean_variance
2026-01-05 22:32:19,221 - src.utils.ml_common.vectorbt_portfolio_optimization - INFO - ℹ️ 📊 Rebalancing: monthly
2026-01-05 22:32:19,221 - src.utils.ml_common.vectorbt_portfolio_optimization - INFO - ℹ️ 📊 Risk aversion: 1.0
2026-01-05 22:32:19,221 - src.utils.ml_common.vectorbt_portfolio_optimization - INFO - ℹ️ 📊 Memory manager: 9.96GB available
[2026-01-05 22:32:19.221] ✅ VectorBT portfolio optimization loaded
2026-01-05 22:32:19,221 - System.tprint - INFO - ℹ️ ✅ VectorBT portfolio optimization loaded
[2026-01-05 22:32:19.221] 🔄 Loading matrix cross-validation...
2026-01-05 22:32:19,221 - System.tprint - INFO - ℹ️ 🔄 Loading matrix cross-validation...
2026-01-05 22:32:19,221 - src.utils.hardware.m1_memory_optimizer - INFO - ℹ️ 🧠 M1 Memory Optimizer initialized for M1
2026-01-05 22:32:19,234 - src.utils.hardware.m1_memory_optimizer.M1MemoryOptimizer - INFO - ℹ️ 🧠 M1 Memory Optimizer initialized for M4
2026-01-05 22:32:19,515 - src.feature_generation.core.vectorbt_batch_processor - INFO - ℹ️ VectorBTBatchProcessor initialized: VectorBT=True, GPU=False, Parallel=True
2026-01-05 22:32:19,515 - src.feature_generation.utils.unified_vectorization_manager - INFO - ℹ️ UnifiedVectorizationManager initialized: VectorBT=True, GPU=False, Memory=True
2026-01-05 22:32:19,516 - src.utils.matrix_operations.unified_operations.UnifiedMatrixOperations - INFO - ℹ️ 📊 GPU: False, Memory Opt: False, Parallel: False
2026-01-05 22:32:19,516 - src.utils.ml_common.matrix_cross_validation - INFO - ℹ️ 🚀 VectorBT configured for cross-validation optimization
2026-01-05 22:32:19,516 - src.utils.ml_common.matrix_cross_validation - INFO - ℹ️ ✅ Matrix-based cross-validator initialized
2026-01-05 22:32:19,516 - src.utils.ml_common.matrix_cross_validation - INFO - ℹ️ 📊 Configuration - Splits: 5, GPU: True, VectorBT: True
[2026-01-05 22:32:19.516] ✅ Matrix cross-validation loaded
2026-01-05 22:32:19,516 - System.tprint - INFO - ℹ️ ✅ Matrix cross-validation loaded
[2026-01-05 22:32:19.516] 🔄 Loading feature importance analyzer...
2026-01-05 22:32:19,516 - System.tprint - INFO - ℹ️ 🔄 Loading feature importance analyzer...
2026-01-05 22:32:19,523 - src.utils.ml_common.utils.memory_integration - INFO - ℹ️ 🔗 Integrating memory skimming with all ML utilities
2026-01-05 22:32:19,523 - src.utils.ml_common.utils.memory_integration - INFO - ℹ️ ✅ Successfully imported HPO utilities (direct import)
2026-01-05 22:32:19,524 - src.utils.ml_common.utils.memory_integration - INFO - ℹ️ ✅ Memory skimming integrated with HPO utilities
2026-01-05 22:32:19,524 - src.utils.ml_common.utils.memory_integration - INFO - ℹ️ ✅ Successfully imported Unified CV utilities
2026-01-05 22:32:19,524 - src.utils.ml_common.utils.memory_integration - INFO - ℹ️ ✅ Memory skimming integrated with Unified CV utilities
2026-01-05 22:32:19,524 - src.utils.ml_common.utils.memory_integration - INFO - ℹ️ ✅ Memory skimming integrated with lookahead protection utilities
2026-01-05 22:32:19,524 - src.utils.ml_common.utils.memory_integration - INFO - ℹ️ Skipping model evaluation memory integration (deprecated)
2026-01-05 22:32:19,524 - src.utils.ml_common.utils.memory_integration - INFO - ℹ️ ✅ Successfully imported feature selection utilities
2026-01-05 22:32:19,524 - src.utils.ml_common.utils.memory_integration - INFO - ℹ️ ✅ Memory skimming integrated with feature selection utilities
2026-01-05 22:32:19,525 - src.utils.ml_common.utils.memory_integration - INFO - ℹ️ ✅ Successfully imported data quality utilities
2026-01-05 22:32:19,525 - src.utils.ml_common.utils.memory_integration - INFO - ℹ️ ✅ Memory skimming integrated with data quality utilities
2026-01-05 22:32:19,525 - src.utils.ml_common.utils.memory_integration - INFO - ℹ️ ✅ Memory skimming integration completed: 6/6 successful
[2026-01-05 22:32:19.525] ✅ Custom logger available for MLCommon.ThreadGuard
2026-01-05 22:32:19,525 - System.tprint - INFO - ℹ️ ✅ Custom logger available for MLCommon.ThreadGuard
[2026-01-05 22:32:19.525] ✅ threadpoolctl available for thread management
2026-01-05 22:32:19,525 - System.tprint - INFO - ℹ️ ✅ threadpoolctl available for thread management
[2026-01-05 22:32:19.525] ✅ Custom logger available for MLCommon.BaseSafeguards
2026-01-05 22:32:19,525 - System.tprint - INFO - ℹ️ ✅ Custom logger available for MLCommon.BaseSafeguards
[2026-01-05 22:32:19.527] ✅ Scikit-learn available for thresholding functionality
2026-01-05 22:32:19,527 - System.tprint - INFO - ℹ️ ✅ Scikit-learn available for thresholding functionality
[2026-01-05 22:32:19.527] ✅ Custom logger available for FeatureSelection.BaseFramework
2026-01-05 22:32:19,527 - System.tprint - INFO - ℹ️ ✅ Custom logger available for FeatureSelection.BaseFramework
[2026-01-05 22:32:19.527] ✅ Custom logger available for FeatureSelection.DataValidation
2026-01-05 22:32:19,527 - System.tprint - INFO - ℹ️ ✅ Custom logger available for FeatureSelection.DataValidation
[2026-01-05 22:32:19.527] ✅ Vectorization utilities available for feature selection
2026-01-05 22:32:19,527 - System.tprint - INFO - ℹ️ ✅ Vectorization utilities available for feature selection
[2026-01-05 22:32:19.527] ✅ Custom logger available for FeatureSelection.SelectionMethods
2026-01-05 22:32:19,527 - System.tprint - INFO - ℹ️ ✅ Custom logger available for FeatureSelection.SelectionMethods
[2026-01-05 22:32:19.555] ✅ Custom logger available for FeatureSelection.StabilityAnalysis
2026-01-05 22:32:19,555 - System.tprint - INFO - ℹ️ ✅ Custom logger available for FeatureSelection.StabilityAnalysis
[2026-01-05 22:32:19.555] ✅ Custom logger available for FeatureSelection.PerformanceMonitoring
2026-01-05 22:32:19,555 - System.tprint - INFO - ℹ️ ✅ Custom logger available for FeatureSelection.PerformanceMonitoring
[2026-01-05 22:32:19.555] ✅ Custom logger available for FeatureSelection.QualityMetrics
2026-01-05 22:32:19,556 - System.tprint - INFO - ℹ️ ✅ Custom logger available for FeatureSelection.QualityMetrics
[2026-01-05 22:32:19.555] ✅ Custom logger available for FeatureSelection.TemporalAnalysis
2026-01-05 22:32:19,556 - System.tprint - INFO - ℹ️ ✅ Custom logger available for FeatureSelection.TemporalAnalysis
[2026-01-05 22:32:19.556] ✅ Custom logger available for FeatureSelection.CausalAnalysis
2026-01-05 22:32:19,556 - System.tprint - INFO - ℹ️ ✅ Custom logger available for FeatureSelection.CausalAnalysis
[2026-01-05 22:32:19.558] ✅ Custom logger available for FeatureSelection.MainFramework
2026-01-05 22:32:19,558 - System.tprint - INFO - ℹ️ ✅ Custom logger available for FeatureSelection.MainFramework
[2026-01-05 22:32:19.573] 🔍 FeatureImportanceAnalyzer initialized with methods: ['random_forest', 'lasso', 'mutual_info']
2026-01-05 22:32:19,574 - System.tprint - INFO - ℹ️ 🔍 FeatureImportanceAnalyzer initialized with methods: ['random_forest', 'lasso', 'mutual_info']
[2026-01-05 22:32:19.573] ✅ Feature importance analyzer loaded
2026-01-05 22:32:19,574 - System.tprint - INFO - ℹ️ ✅ Feature importance analyzer loaded
[2026-01-05 22:32:19.573] 🔄 Loading technical indicators...
2026-01-05 22:32:19,574 - System.tprint - INFO - ℹ️ 🔄 Loading technical indicators...
2026-01-05 22:32:19,574 - src.feature_generation.utils.feature_generators - INFO - ℹ️ ✅ TA-Lib available for enhanced technical indicators
2026-01-05 22:32:19,574 - src.feature_generation.utils.feature_generators - INFO - ℹ️ Using fallback implementations for feature selection tools
2026-01-05 22:32:19,590 - src.utils.hardware.m1_memory_optimizer.M1MemoryOptimizer - INFO - ℹ️ 🧠 M1 Memory Optimizer initialized for M4
2026-01-05 22:32:19,590 - src.feature_generation.utils.feature_generators.FeatureGenerators - INFO - ℹ️ ✅ Hardware optimization initialized
2026-01-05 22:32:19,590 - src.feature_generation.utils.feature_generators.FeatureGenerators - INFO - ℹ️ ✅ Matrix operations available for vectorization
[2026-01-05 22:32:19.590] ✅ Technical indicators loaded
2026-01-05 22:32:19,590 - System.tprint - INFO - ℹ️ ✅ Technical indicators loaded
[2026-01-05 22:32:19.590] ℹ️ HMM operations deprecated - using alternative methods
2026-01-05 22:32:19,590 - System.tprint - INFO - ℹ️ HMM operations deprecated - using alternative methods
[2026-01-05 22:32:19.590] ✅ Component initialization completed
2026-01-05 22:32:19,590 - System.tprint - INFO - ℹ️ ✅ Component initialization completed
[2026-01-05 22:32:19.590] 🔄 Setting up performance tracking...
2026-01-05 22:32:19,590 - System.tprint - INFO - ℹ️ 🔄 Setting up performance tracking...
[2026-01-05 22:32:19.590] ✅ Unified Vectorization Manager initialized
2026-01-05 22:32:19,590 - System.tprint - INFO - ℹ️ ✅ Unified Vectorization Manager initialized
2026-01-05 22:32:19,590 - src.utils.ml_common.unified_vectorization_manager - INFO - ℹ️ ✅ Unified Vectorization Manager initialized
2026-01-05 22:32:19,591 - src.feature_generation.utils.feature_generation_optimization.FeatureGenerationOptimizer - INFO - ℹ️ 🚀 Initializing FeatureGenerationOptimizer...
2026-01-05 22:32:19,591 - src.feature_generation.utils.feature_generation_optimization.FeatureGenerationOptimizer - INFO - ℹ️ 📊 Configuration loaded: cross_validation
2026-01-05 22:32:19,591 - src.feature_generation.utils.feature_generation_optimization.FeatureGenerationOptimizer - INFO - ℹ️ ✅ FeatureGenerationOptimizer initialized in 0.000s
2026-01-05 22:32:19,591 - src.feature_generation.utils.feature_generation_optimization.FeatureGenerationOptimizer - INFO - ℹ️ 📊 Min lookback: 5, Max lookback: 252
2026-01-05 22:32:19,591 - src.feature_generation.utils.feature_generation_optimization.FeatureGenerationOptimizer - INFO - ℹ️ 📊 CV folds: 3, Parallel processing: True
2026-01-05 22:32:19,591 - src.utils.parallel_processing_optimizer - INFO - ℹ️ 🍎 Detected Apple Silicon - applying M1-specific limits
2026-01-05 22:32:19,591 - src.utils.parallel_processing_optimizer - INFO - ℹ️ 🔧 Initialized MacM1ParallelOptimizer:
2026-01-05 22:32:19,591 - src.utils.parallel_processing_optimizer - INFO - ℹ️    Max workers: 4
2026-01-05 22:32:19,591 - src.utils.parallel_processing_optimizer - INFO - ℹ️    Chunk size: 1000
2026-01-05 22:32:19,591 - src.utils.parallel_processing_optimizer - INFO - ℹ️    Pool type: Process
2026-01-05 22:32:19,591 - src.utils.parallel_processing_optimizer - INFO - ℹ️    Memory limit per worker: 4096 MB
2026-01-05 22:32:19,591 - src.utils.parallel_processing_optimizer - INFO - ℹ️    M1 Mac detected: True
2026-01-05 22:32:19,591 - src.feature_generation.utils.optimization.lookback_optimizer.LookbackOptimizer - INFO - ℹ️ ✅ Legacy optimization system available
2026-01-05 22:32:19,591 - src.feature_generation.utils.optimization.lookback_optimizer.LookbackOptimizer - INFO - ℹ️ ✅ LookbackOptimizer initialized
2026-01-05 22:32:19,591 - src.feature_generation.core.feature_bank.FeatureBank - INFO - ℹ️ ✅ Regular lookback optimization enabled (Analyst mode)
[2026-01-05 22:32:19.590] ✅ FeatureBank set as global instance
2026-01-05 22:32:19,591 - System.tprint - INFO - ℹ️ ✅ FeatureBank set as global instance
[2026-01-05 22:32:19.590] 🔧 Auto-registering feature generators...
2026-01-05 22:32:19,591 - System.tprint - INFO - ℹ️ 🔧 Auto-registering feature generators...
[2026-01-05 22:32:19.591] 🔧 Configuring lazy loading for feature generators...
2026-01-05 22:32:19,591 - System.tprint - INFO - ℹ️ 🔧 Configuring lazy loading for feature generators...
[2026-01-05 22:32:19.591] ✅ Registered lazy loaders for 16 categories. Generators will be created on demand.
2026-01-05 22:32:19,591 - System.tprint - INFO - ℹ️ ✅ Registered lazy loaders for 16 categories. Generators will be created on demand.
2026-01-05 22:32:19,592 - src.feature_generation.core.feature_bank.FeatureBank - INFO - ℹ️ ✅ FeatureBank initialized
2026-01-05 22:32:19,592 - src.feature_generation.core.feature_bank.FeatureBank - INFO - ℹ️ 📊 Matrix ops: True, GPU: True, Lookback opt: True
2026-01-05 22:32:19,592 - src.feature_generation - INFO - ℹ️ ✅ Unified Feature Generation System initialized
2026-01-05 22:32:19,592 - src.feature_generation - INFO - ℹ️ 📦 Version: 2.0.0
2026-01-05 22:32:19,592 - src.feature_generation - INFO - ℹ️ 🔧 Features: Category-based organization, advanced utilities, optimization
2026-01-05 22:32:19,592 - src.feature_generation - INFO - ℹ️ 🍎 Optimized for: Apple Silicon M1/M2/M3 Macs
2026-01-05 22:32:19,592 - src.feature_generation - INFO - ℹ️ 🚀 Advanced utilities available (optimization, analysis, etc.)
2026-01-05 22:32:19,592 - src.feature_generation - INFO - ℹ️ ⚡ VectorBT optimizations available (advanced volatility, volume, batch processing)
2026-01-05 22:32:19,592 - MLCommon.HPOUtils - INFO - ℹ️ ✅ VectorBT optimization available
2026-01-05 22:32:19,592 - MLCommon.HPOUtils - INFO - ℹ️ 🚀 Initializing Enhanced HyperparameterOptimization...
2026-01-05 22:32:19,592 - MLCommon.HPOUtils.HPOUtils - INFO - ℹ️ ✅ VectorBT Rolling Optimizer initialized
2026-01-05 22:32:19,592 - MLCommon.HPOUtils.HPOUtils - INFO - ℹ️ ✅ Unified Vectorization Manager initialized
2026-01-05 22:32:19,592 - MLCommon.HPOUtils - INFO - ℹ️ ⚙️ Configuration - Parallel processing: True
2026-01-05 22:32:19,592 - MLCommon.HPOUtils - INFO - ℹ️ ⚙️ Configuration - Max workers: 4
2026-01-05 22:32:19,592 - MLCommon.HPOUtils - INFO - ℹ️ ⚙️ Configuration - Monitoring enabled: True
2026-01-05 22:32:19,592 - MLCommon.HPOUtils - INFO - ℹ️ 🚀 Configuration - Non-linear optimization: True
2026-01-05 22:32:19,592 - MLCommon.HPOUtils - INFO - ℹ️ ✅ Enhanced HyperparameterOptimization initialized successfully
2026-01-05 22:32:19,602 - DataCleaner - INFO - ℹ️ Using klines-specific gap thresholds: {<GapType.SMALL: 'small'>: 65, <GapType.MEDIUM: 'medium'>: 300, <GapType.LARGE: 'large'>: 1800, <GapType.CRITICAL: 'critical'>: 3600}
2026-01-05 22:32:19,603 - System.UnifiedDataUtils - INFO - ℹ️ 🚀 Unified Data Utils initialized
2026-01-05 22:32:19,605 - src.utils.ml_common.validation.data_leakage_prevention - INFO - ℹ️ 🔒 Data Leakage Prevention initialized with CRITICAL financial thresholds:
2026-01-05 22:32:19,605 - src.utils.ml_common.validation.data_leakage_prevention - INFO - ℹ️    • Critical leakage threshold: 5.0% (was 25%)
2026-01-05 22:32:19,605 - src.utils.ml_common.validation.data_leakage_prevention - INFO - ℹ️    • Warning leakage threshold: 2.0% (was 10%)
2026-01-05 22:32:19,605 - src.utils.ml_common.validation.data_leakage_prevention - INFO - ℹ️    • Small dataset multiplier: 1.0 (was 1.5)
2026-01-05 22:32:19,605 - src.utils.ml_common.validation.data_leakage_prevention - INFO - ℹ️    • These strict thresholds are ESSENTIAL for financial data integrity
2026-01-05 22:32:19,605 - src.utils.ml_common.validation.data_leakage_prevention - INFO - ℹ️    • Even 1-2% leakage can invalidate backtesting results
2026-01-05 22:32:19,605 - src.utils.ml_common.validation.data_leakage_prevention - INFO - ℹ️    • High model scores (>96%) often indicate undetected temporal leakage
2026-01-05 22:32:19,606 - src.utils.ml_common.validation.overfitting_monitoring - INFO - ℹ️ ✅ Overfitting Monitoring initialized
2026-01-05 22:32:19,608 - src.utils.ml_common.validation.hpo_overfitting_prevention - INFO - ℹ️ ✅ HPO with Overfitting Prevention initialized
2026-01-05 22:32:19,609 - src.utils.ml_common.validation.model_complexity_analysis - INFO - ℹ️ ✅ Model Complexity Analyzer initialized
2026-01-05 22:32:19,610 - EnhancedReportingSystem.EnhancedReportingSystem - INFO - ℹ️ 📊 Enhanced Reporting System initialized
2026-01-05 22:32:19,610 - src.utils.ml_common.reporting.validation_reporting_integration - INFO - ℹ️ ✅ Validation Reporting Integrator initialized
2026-01-05 22:32:19,611 - src.utils.ml_common.validation.data_leakage_prevention - INFO - ℹ️ 🔒 Data Leakage Prevention initialized with CRITICAL financial thresholds:
2026-01-05 22:32:19,611 - src.utils.ml_common.validation.data_leakage_prevention - INFO - ℹ️    • Critical leakage threshold: 5.0% (was 25%)
2026-01-05 22:32:19,611 - src.utils.ml_common.validation.data_leakage_prevention - INFO - ℹ️    • Warning leakage threshold: 2.0% (was 10%)
2026-01-05 22:32:19,611 - src.utils.ml_common.validation.data_leakage_prevention - INFO - ℹ️    • Small dataset multiplier: 1.0 (was 1.5)
2026-01-05 22:32:19,611 - src.utils.ml_common.validation.data_leakage_prevention - INFO - ℹ️    • These strict thresholds are ESSENTIAL for financial data integrity
2026-01-05 22:32:19,611 - src.utils.ml_common.validation.data_leakage_prevention - INFO - ℹ️    • Even 1-2% leakage can invalidate backtesting results
2026-01-05 22:32:19,611 - src.utils.ml_common.validation.data_leakage_prevention - INFO - ℹ️    • High model scores (>96%) often indicate undetected temporal leakage
2026-01-05 22:32:19,611 - src.utils.ml_common.validation.overfitting_monitoring - INFO - ℹ️ ✅ Overfitting Monitoring initialized
2026-01-05 22:32:19,611 - src.utils.ml_common.validation.enhanced_validation - INFO - ℹ️ ✅ Enhanced Validation initialized
2026-01-05 22:32:19,611 - src.utils.ml_common.validation.hpo_overfitting_prevention - INFO - ℹ️ ✅ HPO with Overfitting Prevention initialized
2026-01-05 22:32:19,611 - src.utils.ml_common.validation.model_complexity_analysis - INFO - ℹ️ ✅ Model Complexity Analyzer initialized
2026-01-05 22:32:19,611 - src.utils.ml_common.training.universal_validation_integration - INFO - ℹ️ ✅ Universal Validation Integrator initialized with new utilities
[2026-01-05 22:32:19.837] ✅ Custom logger available for MLCommon.ModelTraining
2026-01-05 22:32:19,837 - System.tprint - INFO - ℹ️ ✅ Custom logger available for MLCommon.ModelTraining
[2026-01-05 22:32:19.840] ✅ ML Common utilities loaded successfully
2026-01-05 22:32:19,840 - System.tprint - INFO - ℹ️ ✅ ML Common utilities loaded successfully
2026-01-05 22:32:19,840 - System.CrossStepValidator - INFO - ℹ️ 🔍 CrossStepValidator initialized with comprehensive consistency rules
2026-01-05 22:32:19,850 - ares.registry - INFO - ℹ️ Registered step: feature_generation_data_validation_step
[2026-01-05 22:32:19.850] ✅ Feature generation data validation step registered SUCCESS
2026-01-05 22:32:19,850 - System.tprint - INFO - ℹ️ ✅ Feature generation data validation step registered SUCCESS
[2026-01-05 22:32:19.850] 🔧 Loading labeling components...
2026-01-05 22:32:19,850 - System.tprint - INFO - ℹ️ 🔧 Loading labeling components...
2026-01-05 22:32:19,916 - src.training.steps.labeling.feature_generation_meta_labeling_step - WARNING - ⚠️ Enhanced target engineering not available
✅ Using modular Layer 3 implementation
2026-01-05 22:32:20,231 - ares.registry - INFO - ℹ️ Registered step: meta_labeling_hpo_sample_weighted
2026-01-05 22:32:20,231 - ares.registry - INFO - ℹ️ Registered step: meta_labeling_hpo_experiment
2026-01-05 22:32:20,231 - ares.registry - INFO - ℹ️ Registered step: sr_labeling_xgb
2026-01-05 22:32:20,231 - ares.registry - INFO - ℹ️ Registered step: sr_labeling_xgb_weighted
2026-01-05 22:32:20,231 - ares.registry - INFO - ℹ️ Registered step: global_meta_labeling_hpo_sample_weighted
2026-01-05 22:32:20,233 - ares.registry - INFO - ℹ️ Registered step: meta_gated_backtest
[2026-01-05 22:32:20.233] ✅ Meta-gated backtest step registered SUCCESS
2026-01-05 22:32:20,233 - System.tprint - INFO - ℹ️ ✅ Meta-gated backtest step registered SUCCESS
2026-01-05 22:32:20,234 - ares.registry - INFO - ℹ️ Registered step: meta_labeling_hpo_sample_weighted
2026-01-05 22:32:20,234 - ares.registry - INFO - ℹ️ Registered step: meta_labeling_hpo
2026-01-05 22:32:20,234 - ares.registry - INFO - ℹ️ Registered step: meta_labeling_sample_weighted
2026-01-05 22:32:20,234 - ares.registry - INFO - ℹ️ Registered step: meta_labeling_hpo_experiment
2026-01-05 22:32:20,234 - ares.registry - INFO - ℹ️ Registered step: sr_labeling_xgb
2026-01-05 22:32:20,234 - ares.registry - INFO - ℹ️ Registered step: global_meta_labeling_hpo_sample_weighted
2026-01-05 22:32:20,234 - ares.registry - INFO - ℹ️ Registered step: label_based_layer_2
2026-01-05 22:32:20,234 - ares.registry - INFO - ℹ️ Registered step: label_based_layer_3
🚀 Running Layer 0 Kalman Filter Calibration...
📥 Loading ETHUSDT 15m data...
2026-01-05 22:32:20,234 - System.KlinesParquetManager - INFO - ℹ️ ✅ KlinesParquetManager initialized with base_dir: historical_data
2026-01-05 22:32:20,234 - src.utils.kline_parquet - INFO - ℹ️ load_klines executed in 0.00ms
[2026-01-05 22:32:20.233] Error in load_klines: KlinesParquetManager.load_klines() got an unexpected keyword argument 'timeframe'
2026-01-05 22:32:20,234 - System.tprint - INFO - ℹ️ Error in load_klines: KlinesParquetManager.load_klines() got an unexpected keyword argument 'timeframe'

Traceback (most recent call last):
  File "/Users/remyroche/Ares/src/core/decorators/errors.py", line 25, in wrapper
    return func(*func_args, **func_kwargs)
  File "/Users/remyroche/Ares/src/core/decorators/compose.py", line 73, in sync_wrapper
    return sync_handler(func, *args, **kwargs)
  File "/Users/remyroche/Ares/src/core/decorators/logging.py", line 267, in sync_handler
    return func(*args, **kwargs)
TypeError: KlinesParquetManager.load_klines() got an unexpected keyword argument 'timeframe'
2026-01-05 22:32:20,235 - System.tprint - ERROR - ❌ 
Traceback (most recent call last):
  File "/Users/remyroche/Ares/src/core/decorators/errors.py", line 25, in wrapper
    return func(*func_args, **func_kwargs)
  File "/Users/remyroche/Ares/src/core/decorators/compose.py", line 73, in sync_wrapper
    return sync_handler(func, *args, **kwargs)
  File "/Users/remyroche/Ares/src/core/decorators/logging.py", line 267, in sync_handler
    return func(*args, **kwargs)
TypeError: KlinesParquetManager.load_klines() got an unexpected keyword argument 'timeframe'
Traceback (most recent call last):
  File "/Users/remyroche/Ares/run_layer0.py", line 73, in <module>
    sys.exit(main())
             ^^^^^^
  File "/Users/remyroche/Ares/run_layer0.py", line 44, in main
    print(f"✅ Loaded {len(df)} bars from {df.index.min()} to {df.index.max()}")
                       ^^^^^^^
TypeError: object of type 'NoneType' has no len()
2026-01-05 22:32:20,241 - ares.registry - INFO - ℹ️ Registered step: data_download
