2026-01-10 23:30:35,452 - DataQualityFramework - INFO - ℹ️ ✅ Comprehensive duplicate analyzer integrated
2026-01-10 23:30:35,454 - DataQualityFramework - INFO - ℹ️ 🔧 Unified Data Quality Framework initialized (singleton)
[2026-01-10 23:30:35.455] PERFORMANCE: DataQualityFramework initialization took 0.003s
2026-01-10 23:30:35,456 - System.tprint - INFO - ℹ️ DataQualityFramework initialization took 0.003s
2026-01-10 23:30:36,792 - System.AdvancedQualityMetrics - INFO - ℹ️ 📊 AdvancedQualityMetrics initialized with tolerant parameters
[2026-01-10 23:30:36.793] PERFORMANCE: AdvancedQualityMetrics initialization took 0.001s
2026-01-10 23:30:36,793 - System.tprint - INFO - ℹ️ AdvancedQualityMetrics initialization took 0.001s
2026-01-10 23:30:36,798 - DataCleaner - INFO - ℹ️ Using klines-specific gap thresholds: {<GapType.SMALL: 'small'>: 65, <GapType.MEDIUM: 'medium'>: 300, <GapType.LARGE: 'large'>: 1800, <GapType.CRITICAL: 'critical'>: 3600}
[2026-01-10 23:30:36.798] PERFORMANCE: DataCleaner(klines) initialization took 0.000s
2026-01-10 23:30:36,798 - System.tprint - INFO - ℹ️ DataCleaner(klines) initialization took 0.000s
2026-01-10 23:30:36,799 - DataCleaner - INFO - ℹ️ Using klines-specific gap thresholds: {<GapType.SMALL: 'small'>: 65, <GapType.MEDIUM: 'medium'>: 300, <GapType.LARGE: 'large'>: 1800, <GapType.CRITICAL: 'critical'>: 3600}
[2026-01-10 23:30:36.798] PERFORMANCE: DataCleaner(klines) initialization took 0.000s
2026-01-10 23:30:36,799 - System.tprint - INFO - ℹ️ DataCleaner(klines) initialization took 0.000s
2026-01-10 23:30:36,799 - DataCleanerManager - INFO - ℹ️ 🔧 DataCleanerManager initialized (singleton)
[2026-01-10 23:30:37.000] DEBUG: 🔧 [features_common.utils] Initializing common utilities module
[2026-01-10 23:30:37.000] SUCCESS: ✅ [features_common.utils] Math validation utilities loaded
2026-01-10 23:30:37,000 - System.tprint - INFO - ℹ️ ✅ [features_common.utils] Math validation utilities loaded
[2026-01-10 23:30:37.000] DEBUG: 🔧 [features_common.utils] Common utilities module initialized
2026-01-10 23:30:44,993 - src.utils.hardware.m1_gpu_utils.M1GPUManager - INFO - ℹ️ M1 GPU Manager initialized - M1: True, Generation: m1, MPS: True
2026-01-10 23:30:45,045 - src.utils.hardware.m1_cpu_optimizer.M1CPUOptimizer - INFO - ℹ️ 🧠 M1 CPU Optimizer initialized for M1 (4P+4E cores)
[2026-01-10 23:30:45.764] DEBUG: 🔧 [transforms] Module initialized with 14 exports
2026-01-10 23:30:45,765 - src.features_common.backward_compatibility - INFO - ℹ️ Backward compatibility ensured for features_common
[2026-01-10 23:30:45.767] DEBUG: 🔧 [optimization] Module initialized with 6 exports
[2026-01-10 23:30:45.769] DEBUG: 🔧 [registry] Module initialized with BaseFeatureRegistry
[2026-01-10 23:30:45.773] DEBUG: 🚀 [features_common] Enhanced module initialized with 59 exports
[2026-01-10 23:30:45.773] SUCCESS: ✅ [features_common] All optimizations enabled by default
2026-01-10 23:30:45,774 - System.tprint - INFO - ℹ️ ✅ [features_common] All optimizations enabled by default
[2026-01-10 23:30:45.773] INFO: 🔧 [features_common] VectorBT integration available
2026-01-10 23:30:45,774 - System.tprint - INFO - ℹ️ 🔧 [features_common] VectorBT integration available
[2026-01-10 23:30:45.773] PERFORMANCE: 📊 [features_common] Performance monitoring enabled
2026-01-10 23:30:45,774 - System.tprint - INFO - ℹ️ 📊 [features_common] Performance monitoring enabled
[2026-01-10 23:30:45.774] WARNING: 💾 [features_common] Intelligent caching active
2026-01-10 23:30:45,775 - System.tprint - WARNING - ⚠️ 💾 [features_common] Intelligent caching active
2026-01-10 23:30:45,775 - System.DataStreamingManager - INFO - ℹ️ 🚀 DataStreamingManager initialized (singleton): chunk_size=10000, memory_threshold=0.8
[2026-01-10 23:30:45.774] PERFORMANCE: DataStreamingManager initialization took 0.000s
2026-01-10 23:30:45,775 - System.tprint - INFO - ℹ️ DataStreamingManager initialization took 0.000s
[2026-01-10 23:30:46.694] ✅ Custom logger available for MLCommon.ConfidenceMetrics
2026-01-10 23:30:46,694 - System.tprint - INFO - ℹ️ ✅ Custom logger available for MLCommon.ConfidenceMetrics
[2026-01-10 23:30:46.696] ✅ Custom logger available for MLCommon.ModelExplanations
2026-01-10 23:30:46,696 - System.tprint - INFO - ℹ️ ✅ Custom logger available for MLCommon.ModelExplanations
2026-01-10 23:30:48,118 - MLCommon.ModelExplanations - INFO - ℹ️ LIME library available - LIME explanations enabled
[2026-01-10 23:30:48.119] ✅ Custom logger available for MLCommon.ModelRegistry
2026-01-10 23:30:48,120 - System.tprint - INFO - ℹ️ ✅ Custom logger available for MLCommon.ModelRegistry
[2026-01-10 23:30:48.119] ✅ Custom logger available for MLCommon.ModelExplainability
2026-01-10 23:30:48,120 - System.tprint - INFO - ℹ️ ✅ Custom logger available for MLCommon.ModelExplainability
[2026-01-10 23:30:48.257] ✅ Custom logger available for MLCommon.CV
2026-01-10 23:30:48,257 - System.tprint - INFO - ℹ️ ✅ Custom logger available for MLCommon.CV
2026-01-10 23:30:48,261 - src.utils.ml_common.validation.enhanced_validation - INFO - ℹ️ ✅ Enhanced Validation initialized
[2026-01-10 23:30:48.265] ✅ Custom logger available for MLCommon.ValidationUtils
2026-01-10 23:30:48,266 - System.tprint - INFO - ℹ️ ✅ Custom logger available for MLCommon.ValidationUtils
[2026-01-10 23:30:48.288] ✅ Custom logger available for MLCommon.HPOUtils
2026-01-10 23:30:48,288 - System.tprint - INFO - ℹ️ ✅ Custom logger available for MLCommon.HPOUtils
2026-01-10 23:30:48,459 - src.utils.matrix_operations.enhanced_operations.CustomMatrixOperationsRegistry - INFO - ℹ️ 📝 Registered custom matrix operation: gpu_condition_number
2026-01-10 23:30:48,460 - src.utils.matrix_operations.enhanced_operations.CustomMatrixOperationsRegistry - INFO - ℹ️ 📝 Registered custom matrix operation: gpu_matrix_rank
2026-01-10 23:30:48,460 - src.utils.matrix_operations.enhanced_operations.CustomMatrixOperationsRegistry - INFO - ℹ️ 📝 Registered custom matrix operation: matrix_normalize
2026-01-10 23:30:48,460 - src.utils.matrix_operations.enhanced_operations.CustomMatrixOperationsRegistry - INFO - ℹ️ 📝 Registered custom matrix operation: extract_matrix_features
2026-01-10 23:30:48,466 - src.utils.matrix_operations - INFO - ℹ️ ✅ Unified Matrix Operations module initialized
2026-01-10 23:30:48,466 - src.utils.matrix_operations - INFO - ℹ️ 📦 Version: 1.0.0
2026-01-10 23:30:48,466 - src.utils.matrix_operations - INFO - ℹ️ 🔧 Features: VectorBT optimizations, GPU acceleration, memory optimization, vectorized processing, batch operations
2026-01-10 23:30:48,466 - src.utils.matrix_operations - INFO - ℹ️ 🍎 Optimized for: Apple Silicon M1/M2/M3 Macs
2026-01-10 23:30:48,466 - src.utils.matrix_operations - INFO - ℹ️ 🚀 VectorBT optimizations enabled - expect 2-10x performance improvements
2026-01-10 23:30:48,467 - src.utils.matrix_operations - INFO - ℹ️ 🎯 VectorBTRollingOptimizer available - enhanced rolling operations
2026-01-10 23:30:48,467 - src.utils.matrix_operations - INFO - ℹ️ ⚡ UnifiedVectorizationManager available - unified vectorization operations
2026-01-10 23:30:48,470 - System.ComplementaryLookbackOptimizer - INFO - ℹ️ ✅ Detected VectorBT v0.28.1
2026-01-10 23:30:48,485 - src.feature_generation.utils.feature_generation_optimization - INFO - ℹ️ ✅ VectorBT available for feature optimization
2026-01-10 23:30:48,519 - src.feature_generation.core.feature_registry.FeatureRegistry - INFO - ℹ️ FeatureRegistry initialized
[2026-01-10 23:30:48.519] 🔧 Initializing AutoOptimizationConfig...
2026-01-10 23:30:48,519 - System.tprint - INFO - ℹ️ 🔧 Initializing AutoOptimizationConfig...
[2026-01-10 23:30:48.519] 📝 Setting up conservative optimization settings...
2026-01-10 23:30:48,519 - System.tprint - INFO - ℹ️ 📝 Setting up conservative optimization settings...
[2026-01-10 23:30:48.519] ✅ Conservative settings configured
2026-01-10 23:30:48,520 - System.tprint - INFO - ℹ️ ✅ Conservative settings configured
[2026-01-10 23:30:48.519] 📝 Setting up balanced optimization settings...
2026-01-10 23:30:48,520 - System.tprint - INFO - ℹ️ 📝 Setting up balanced optimization settings...
[2026-01-10 23:30:48.519] ✅ Balanced settings configured
2026-01-10 23:30:48,520 - System.tprint - INFO - ℹ️ ✅ Balanced settings configured
[2026-01-10 23:30:48.519] 📝 Setting up aggressive optimization settings...
2026-01-10 23:30:48,520 - System.tprint - INFO - ℹ️ 📝 Setting up aggressive optimization settings...
[2026-01-10 23:30:48.519] ✅ Aggressive settings configured
2026-01-10 23:30:48,520 - System.tprint - INFO - ℹ️ ✅ Aggressive settings configured
[2026-01-10 23:30:48.520] 🎯 AutoOptimizationConfig initialized with balanced strategy
2026-01-10 23:30:48,520 - System.tprint - INFO - ℹ️ 🎯 AutoOptimizationConfig initialized with balanced strategy
[2026-01-10 23:30:48.520] ✅ Auto-optimization enabled for FeatureBank (default)
2026-01-10 23:30:48,520 - System.tprint - INFO - ℹ️ ✅ Auto-optimization enabled for FeatureBank (default)
2026-01-10 23:30:48,520 - src.feature_generation.utils.memory_pool_optimizer.MemoryPoolOptimizer - INFO - ℹ️ Memory pool optimizer initialized
2026-01-10 23:30:48,521 - src.utils.hardware.m1_memory_optimizer.M1MemoryOptimizer - INFO - ℹ️ 🧠 Memory limit set to 8.0 GB (8589934592.0 bytes)
2026-01-10 23:30:48,561 - src.utils.hardware.m1_memory_optimizer.M1MemoryOptimizer - INFO - ℹ️ 🧠 M1 Memory Optimizer initialized for M1
2026-01-10 23:30:48,562 - src.utils.hardware.unified_hardware_manager.UnifiedHardwareManager - INFO - ℹ️ 🔧 Unified Hardware Manager initialized
2026-01-10 23:30:48,563 - src.utils.hardware.unified_hardware_manager.HardwarePerformanceMonitor - INFO - ℹ️ 🔍 Hardware performance monitoring started
2026-01-10 23:30:48,564 - src.utils.hardware.m1_memory_optimizer.M1MemoryOptimizer - INFO - ℹ️ 🧠 M1 memory monitoring started
2026-01-10 23:30:48,564 - src.utils.hardware.unified_hardware_manager.UnifiedHardwareManager - INFO - ℹ️ ✅ Unified Hardware Manager fully initialized
2026-01-10 23:30:48,564 - src.utils.hardware.unified_hardware_manager.UnifiedHardwareManager - INFO - ℹ️ 🎯 Optimizing for feature_engineering workload (balanced)
2026-01-10 23:30:48,571 - src.utils.ml_common.hardware_singleton - INFO - ℹ️ 🔍 Detecting hardware capabilities (one-time detection)...
2026-01-10 23:30:48,571 - src.utils.ml_common.hardware_singleton - INFO - ℹ️ ✅ Hardware detection complete: {'cpu_cores': 8, 'gpu_available': True, 'gpu_type': 'mps', 'memory_gb': 16.0, 'mps_available': True, 'gpu_memory_gb': None}
[2026-01-10 23:30:48.571] 🚀 Initializing Unified Vectorization Manager...
2026-01-10 23:30:48,571 - System.tprint - INFO - ℹ️ 🚀 Initializing Unified Vectorization Manager...
[2026-01-10 23:30:48.571] 🔄 Initializing optimization components...
2026-01-10 23:30:48,572 - System.tprint - INFO - ℹ️ 🔄 Initializing optimization components...
[2026-01-10 23:30:48.571] 🔄 Initializing optimization components...
2026-01-10 23:30:48,572 - System.tprint - INFO - ℹ️ 🔄 Initializing optimization components...
[2026-01-10 23:30:48.571] 🔄 Loading VectorBTRollingOptimizer...
2026-01-10 23:30:48,572 - System.tprint - INFO - ℹ️ 🔄 Loading VectorBTRollingOptimizer...
[2026-01-10 23:30:48.571] ✅ VectorBTRollingOptimizer loaded
2026-01-10 23:30:48,572 - System.tprint - INFO - ℹ️ ✅ VectorBTRollingOptimizer loaded
[2026-01-10 23:30:48.571] 🔄 Loading vectorized backtesting...
2026-01-10 23:30:48,572 - System.tprint - INFO - ℹ️ 🔄 Loading vectorized backtesting...
2026-01-10 23:30:48,575 - System.VectorizedBacktestingEngine - INFO - ℹ️ ✅ Vectorized Backtesting Engine initialized successfully
[2026-01-10 23:30:48.575] ✅ Vectorized backtesting loaded
2026-01-10 23:30:48,575 - System.tprint - INFO - ℹ️ ✅ Vectorized backtesting loaded
[2026-01-10 23:30:48.575] 🔄 Loading VectorBT backtesting engine...
2026-01-10 23:30:48,575 - System.tprint - INFO - ℹ️ 🔄 Loading VectorBT backtesting engine...
2026-01-10 23:30:48,580 - System.VectorBTBacktestingEngine - INFO - ℹ️ ✅ VectorBT Backtesting Engine initialized successfully
[2026-01-10 23:30:48.580] ✅ VectorBT backtesting engine loaded
2026-01-10 23:30:48,580 - System.tprint - INFO - ℹ️ ✅ VectorBT backtesting engine loaded
[2026-01-10 23:30:48.580] 🔄 Loading VectorBT financial metrics...
2026-01-10 23:30:48,581 - System.tprint - INFO - ℹ️ 🔄 Loading VectorBT financial metrics...
2026-01-10 23:30:48,583 - src.utils.ml_common.vectorbt_financial_metrics - INFO - ℹ️ ✅ VectorBT Financial Metrics initialized
2026-01-10 23:30:48,584 - src.utils.ml_common.vectorbt_financial_metrics - INFO - ℹ️ 📊 Risk-free rate: 2.00%
2026-01-10 23:30:48,584 - src.utils.ml_common.vectorbt_financial_metrics - INFO - ℹ️ 📊 Annualization factor: 252
2026-01-10 23:30:48,584 - src.utils.ml_common.vectorbt_financial_metrics - INFO - ℹ️ 📊 Regime analysis: True
[2026-01-10 23:30:48.584] ✅ VectorBT financial metrics loaded
2026-01-10 23:30:48,584 - System.tprint - INFO - ℹ️ ✅ VectorBT financial metrics loaded
[2026-01-10 23:30:48.584] 🔄 Loading VectorBT portfolio optimization...
2026-01-10 23:30:48,585 - System.tprint - INFO - ℹ️ 🔄 Loading VectorBT portfolio optimization...
2026-01-10 23:30:48,595 - src.utils.ml_common.vectorbt_memory_manager.VectorBTMemoryManager - INFO - ℹ️ ✅ VectorBT Memory Manager initialized
2026-01-10 23:30:48,596 - src.utils.ml_common.vectorbt_memory_manager.VectorBTMemoryManager - INFO - ℹ️ 📊 Total system memory: 16.00GB
2026-01-10 23:30:48,596 - src.utils.ml_common.vectorbt_memory_manager.VectorBTMemoryManager - INFO - ℹ️ 📊 Available memory: 4.06GB
2026-01-10 23:30:48,596 - src.utils.ml_common.vectorbt_memory_manager.VectorBTMemoryManager - INFO - ℹ️ 📊 Max allocated memory: 8.00GB
2026-01-10 23:30:48,596 - src.utils.ml_common.vectorbt_performance_monitor.VectorBTPerformanceMonitor - INFO - ℹ️ ✅ VectorBT Performance Monitor initialized
2026-01-10 23:30:48,596 - src.utils.ml_common.vectorbt_performance_monitor.VectorBTPerformanceMonitor - INFO - ℹ️ 📊 Monitoring enabled: timing=True, memory=True, gpu=True
2026-01-10 23:30:48,596 - src.utils.ml_common.vectorbt_portfolio_optimization - INFO - ℹ️ ✅ VectorBT Portfolio Optimizer initialized
2026-01-10 23:30:48,596 - src.utils.ml_common.vectorbt_portfolio_optimization - INFO - ℹ️ 📊 Method: mean_variance
2026-01-10 23:30:48,596 - src.utils.ml_common.vectorbt_portfolio_optimization - INFO - ℹ️ 📊 Rebalancing: monthly
2026-01-10 23:30:48,597 - src.utils.ml_common.vectorbt_portfolio_optimization - INFO - ℹ️ 📊 Risk aversion: 1.0
2026-01-10 23:30:48,597 - src.utils.ml_common.vectorbt_portfolio_optimization - INFO - ℹ️ 📊 Memory manager: 4.06GB available
[2026-01-10 23:30:48.597] ✅ VectorBT portfolio optimization loaded
2026-01-10 23:30:48,597 - System.tprint - INFO - ℹ️ ✅ VectorBT portfolio optimization loaded
[2026-01-10 23:30:48.597] 🔄 Loading matrix cross-validation...
2026-01-10 23:30:48,597 - System.tprint - INFO - ℹ️ 🔄 Loading matrix cross-validation...
2026-01-10 23:30:48,598 - src.utils.hardware.m1_memory_optimizer - INFO - ℹ️ 🧠 M1 Memory Optimizer initialized for M1
2026-01-10 23:30:48,636 - src.utils.hardware.m1_memory_optimizer.M1MemoryOptimizer - INFO - ℹ️ 🧠 M1 Memory Optimizer initialized for M1
2026-01-10 23:30:50,461 - src.feature_generation.core.vectorbt_batch_processor - INFO - ℹ️ VectorBTBatchProcessor initialized: VectorBT=True, GPU=False, Parallel=True
2026-01-10 23:30:50,462 - src.feature_generation.utils.unified_vectorization_manager - INFO - ℹ️ UnifiedVectorizationManager initialized: VectorBT=True, GPU=False, Memory=True
2026-01-10 23:30:50,463 - src.utils.matrix_operations.unified_operations.UnifiedMatrixOperations - INFO - ℹ️ 📊 GPU: False, Memory Opt: False, Parallel: False
2026-01-10 23:30:50,463 - src.utils.ml_common.matrix_cross_validation - INFO - ℹ️ 🚀 VectorBT configured for cross-validation optimization
2026-01-10 23:30:50,463 - src.utils.ml_common.matrix_cross_validation - INFO - ℹ️ ✅ Matrix-based cross-validator initialized
2026-01-10 23:30:50,463 - src.utils.ml_common.matrix_cross_validation - INFO - ℹ️ 📊 Configuration - Splits: 5, GPU: True, VectorBT: True
[2026-01-10 23:30:50.463] ✅ Matrix cross-validation loaded
2026-01-10 23:30:50,463 - System.tprint - INFO - ℹ️ ✅ Matrix cross-validation loaded
[2026-01-10 23:30:50.463] 🔄 Loading feature importance analyzer...
2026-01-10 23:30:50,464 - System.tprint - INFO - ℹ️ 🔄 Loading feature importance analyzer...
2026-01-10 23:30:50,507 - src.utils.ml_common.utils.memory_integration - INFO - ℹ️ 🔗 Integrating memory skimming with all ML utilities
2026-01-10 23:30:50,507 - src.utils.ml_common.utils.memory_integration - INFO - ℹ️ ✅ Successfully imported HPO utilities (direct import)
2026-01-10 23:30:50,507 - src.utils.ml_common.utils.memory_integration - INFO - ℹ️ ✅ Memory skimming integrated with HPO utilities
2026-01-10 23:30:50,507 - src.utils.ml_common.utils.memory_integration - INFO - ℹ️ ✅ Successfully imported Unified CV utilities
2026-01-10 23:30:50,508 - src.utils.ml_common.utils.memory_integration - INFO - ℹ️ ✅ Memory skimming integrated with Unified CV utilities
2026-01-10 23:30:50,517 - src.utils.ml_common.utils.memory_integration - INFO - ℹ️ ✅ Memory skimming integrated with lookahead protection utilities
2026-01-10 23:30:50,517 - src.utils.ml_common.utils.memory_integration - INFO - ℹ️ Skipping model evaluation memory integration (deprecated)
2026-01-10 23:30:50,518 - src.utils.ml_common.utils.memory_integration - INFO - ℹ️ ✅ Successfully imported feature selection utilities
2026-01-10 23:30:50,519 - src.utils.ml_common.utils.memory_integration - INFO - ℹ️ ✅ Memory skimming integrated with feature selection utilities
2026-01-10 23:30:50,527 - src.utils.ml_common.utils.memory_integration - INFO - ℹ️ ✅ Successfully imported data quality utilities
2026-01-10 23:30:50,527 - src.utils.ml_common.utils.memory_integration - INFO - ℹ️ ✅ Memory skimming integrated with data quality utilities
2026-01-10 23:30:50,527 - src.utils.ml_common.utils.memory_integration - INFO - ℹ️ ✅ Memory skimming integration completed: 6/6 successful
[2026-01-10 23:30:50.529] ✅ Custom logger available for MLCommon.ThreadGuard
2026-01-10 23:30:50,529 - System.tprint - INFO - ℹ️ ✅ Custom logger available for MLCommon.ThreadGuard
[2026-01-10 23:30:50.529] ✅ threadpoolctl available for thread management
2026-01-10 23:30:50,530 - System.tprint - INFO - ℹ️ ✅ threadpoolctl available for thread management
[2026-01-10 23:30:50.532] ✅ Custom logger available for MLCommon.BaseSafeguards
2026-01-10 23:30:50,532 - System.tprint - INFO - ℹ️ ✅ Custom logger available for MLCommon.BaseSafeguards
[2026-01-10 23:30:50.538] ✅ Scikit-learn available for thresholding functionality
2026-01-10 23:30:50,538 - System.tprint - INFO - ℹ️ ✅ Scikit-learn available for thresholding functionality
[2026-01-10 23:30:50.538] ✅ Custom logger available for FeatureSelection.BaseFramework
2026-01-10 23:30:50,539 - System.tprint - INFO - ℹ️ ✅ Custom logger available for FeatureSelection.BaseFramework
[2026-01-10 23:30:50.541] ✅ Custom logger available for FeatureSelection.DataValidation
2026-01-10 23:30:50,541 - System.tprint - INFO - ℹ️ ✅ Custom logger available for FeatureSelection.DataValidation
[2026-01-10 23:30:50.544] ✅ Vectorization utilities available for feature selection
2026-01-10 23:30:50,544 - System.tprint - INFO - ℹ️ ✅ Vectorization utilities available for feature selection
[2026-01-10 23:30:50.544] ✅ Custom logger available for FeatureSelection.SelectionMethods
2026-01-10 23:30:50,544 - System.tprint - INFO - ℹ️ ✅ Custom logger available for FeatureSelection.SelectionMethods
[2026-01-10 23:30:50.651] ✅ Custom logger available for FeatureSelection.StabilityAnalysis
2026-01-10 23:30:50,652 - System.tprint - INFO - ℹ️ ✅ Custom logger available for FeatureSelection.StabilityAnalysis
[2026-01-10 23:30:50.653] ✅ Custom logger available for FeatureSelection.PerformanceMonitoring
2026-01-10 23:30:50,653 - System.tprint - INFO - ℹ️ ✅ Custom logger available for FeatureSelection.PerformanceMonitoring
[2026-01-10 23:30:50.654] ✅ Custom logger available for FeatureSelection.QualityMetrics
2026-01-10 23:30:50,654 - System.tprint - INFO - ℹ️ ✅ Custom logger available for FeatureSelection.QualityMetrics
[2026-01-10 23:30:50.655] ✅ Custom logger available for FeatureSelection.TemporalAnalysis
2026-01-10 23:30:50,655 - System.tprint - INFO - ℹ️ ✅ Custom logger available for FeatureSelection.TemporalAnalysis
[2026-01-10 23:30:50.657] ✅ Custom logger available for FeatureSelection.CausalAnalysis
2026-01-10 23:30:50,657 - System.tprint - INFO - ℹ️ ✅ Custom logger available for FeatureSelection.CausalAnalysis
[2026-01-10 23:30:50.668] ✅ Custom logger available for FeatureSelection.MainFramework
2026-01-10 23:30:50,668 - System.tprint - INFO - ℹ️ ✅ Custom logger available for FeatureSelection.MainFramework
[2026-01-10 23:30:50.740] 🔍 FeatureImportanceAnalyzer initialized with methods: ['random_forest', 'lasso', 'mutual_info']
2026-01-10 23:30:50,740 - System.tprint - INFO - ℹ️ 🔍 FeatureImportanceAnalyzer initialized with methods: ['random_forest', 'lasso', 'mutual_info']
[2026-01-10 23:30:50.740] ✅ Feature importance analyzer loaded
2026-01-10 23:30:50,740 - System.tprint - INFO - ℹ️ ✅ Feature importance analyzer loaded
[2026-01-10 23:30:50.740] 🔄 Loading technical indicators...
2026-01-10 23:30:50,740 - System.tprint - INFO - ℹ️ 🔄 Loading technical indicators...
2026-01-10 23:30:50,742 - src.feature_generation.utils.feature_generators - INFO - ℹ️ ✅ TA-Lib available for enhanced technical indicators
2026-01-10 23:30:50,742 - src.feature_generation.utils.feature_generators - INFO - ℹ️ Using fallback implementations for feature selection tools
2026-01-10 23:30:50,805 - src.utils.hardware.m1_memory_optimizer.M1MemoryOptimizer - INFO - ℹ️ 🧠 M1 Memory Optimizer initialized for M1
2026-01-10 23:30:50,806 - src.feature_generation.utils.feature_generators.FeatureGenerators - INFO - ℹ️ ✅ Hardware optimization initialized
2026-01-10 23:30:50,806 - src.feature_generation.utils.feature_generators.FeatureGenerators - INFO - ℹ️ ✅ Matrix operations available for vectorization
[2026-01-10 23:30:50.807] ✅ Technical indicators loaded
2026-01-10 23:30:50,807 - System.tprint - INFO - ℹ️ ✅ Technical indicators loaded
[2026-01-10 23:30:50.808] ℹ️ HMM operations deprecated - using alternative methods
2026-01-10 23:30:50,808 - System.tprint - INFO - ℹ️ HMM operations deprecated - using alternative methods
[2026-01-10 23:30:50.808] ✅ Component initialization completed
2026-01-10 23:30:50,808 - System.tprint - INFO - ℹ️ ✅ Component initialization completed
[2026-01-10 23:30:50.808] 🔄 Setting up performance tracking...
2026-01-10 23:30:50,809 - System.tprint - INFO - ℹ️ 🔄 Setting up performance tracking...
[2026-01-10 23:30:50.811] ✅ Unified Vectorization Manager initialized
2026-01-10 23:30:50,811 - System.tprint - INFO - ℹ️ ✅ Unified Vectorization Manager initialized
2026-01-10 23:30:50,811 - src.utils.ml_common.unified_vectorization_manager - INFO - ℹ️ ✅ Unified Vectorization Manager initialized
2026-01-10 23:30:50,812 - src.feature_generation.utils.feature_generation_optimization.FeatureGenerationOptimizer - INFO - ℹ️ 🚀 Initializing FeatureGenerationOptimizer...
2026-01-10 23:30:50,813 - src.feature_generation.utils.feature_generation_optimization.FeatureGenerationOptimizer - INFO - ℹ️ 📊 Configuration loaded: cross_validation
2026-01-10 23:30:50,813 - src.feature_generation.utils.feature_generation_optimization.FeatureGenerationOptimizer - INFO - ℹ️ ✅ FeatureGenerationOptimizer initialized in 0.002s
2026-01-10 23:30:50,813 - src.feature_generation.utils.feature_generation_optimization.FeatureGenerationOptimizer - INFO - ℹ️ 📊 Min lookback: 5, Max lookback: 252
2026-01-10 23:30:50,814 - src.feature_generation.utils.feature_generation_optimization.FeatureGenerationOptimizer - INFO - ℹ️ 📊 CV folds: 3, Parallel processing: True
2026-01-10 23:30:50,814 - src.utils.parallel_processing_optimizer - INFO - ℹ️ 🍎 Detected Apple Silicon - applying M1-specific limits
2026-01-10 23:30:50,814 - src.utils.parallel_processing_optimizer - INFO - ℹ️ 🔧 Initialized MacM1ParallelOptimizer:
2026-01-10 23:30:50,814 - src.utils.parallel_processing_optimizer - INFO - ℹ️    Max workers: 4
2026-01-10 23:30:50,814 - src.utils.parallel_processing_optimizer - INFO - ℹ️    Chunk size: 1000
2026-01-10 23:30:50,814 - src.utils.parallel_processing_optimizer - INFO - ℹ️    Pool type: Process
2026-01-10 23:30:50,814 - src.utils.parallel_processing_optimizer - INFO - ℹ️    Memory limit per worker: 4096 MB
2026-01-10 23:30:50,814 - src.utils.parallel_processing_optimizer - INFO - ℹ️    M1 Mac detected: True
2026-01-10 23:30:50,815 - src.feature_generation.utils.optimization.lookback_optimizer.LookbackOptimizer - INFO - ℹ️ ✅ Legacy optimization system available
2026-01-10 23:30:50,815 - src.feature_generation.utils.optimization.lookback_optimizer.LookbackOptimizer - INFO - ℹ️ ✅ LookbackOptimizer initialized
2026-01-10 23:30:50,815 - src.feature_generation.core.feature_bank.FeatureBank - INFO - ℹ️ ✅ Regular lookback optimization enabled (Analyst mode)
[2026-01-10 23:30:50.815] ✅ FeatureBank set as global instance
2026-01-10 23:30:50,815 - System.tprint - INFO - ℹ️ ✅ FeatureBank set as global instance
[2026-01-10 23:30:50.815] 🔧 Auto-registering feature generators...
2026-01-10 23:30:50,815 - System.tprint - INFO - ℹ️ 🔧 Auto-registering feature generators...
[2026-01-10 23:30:50.815] 🔧 Configuring lazy loading for feature generators...
2026-01-10 23:30:50,816 - System.tprint - INFO - ℹ️ 🔧 Configuring lazy loading for feature generators...
[2026-01-10 23:30:50.816] ✅ Registered lazy loaders for 16 categories. Generators will be created on demand.
2026-01-10 23:30:50,816 - System.tprint - INFO - ℹ️ ✅ Registered lazy loaders for 16 categories. Generators will be created on demand.
2026-01-10 23:30:50,818 - src.feature_generation.core.feature_bank.FeatureBank - INFO - ℹ️ ✅ FeatureBank initialized
2026-01-10 23:30:50,818 - src.feature_generation.core.feature_bank.FeatureBank - INFO - ℹ️ 📊 Matrix ops: True, GPU: True, Lookback opt: True
2026-01-10 23:30:50,818 - src.feature_generation - INFO - ℹ️ ✅ Unified Feature Generation System initialized
2026-01-10 23:30:50,819 - src.feature_generation - INFO - ℹ️ 📦 Version: 2.0.0
2026-01-10 23:30:50,819 - src.feature_generation - INFO - ℹ️ 🔧 Features: Category-based organization, advanced utilities, optimization
2026-01-10 23:30:50,819 - src.feature_generation - INFO - ℹ️ 🍎 Optimized for: Apple Silicon M1/M2/M3 Macs
2026-01-10 23:30:50,819 - src.feature_generation - INFO - ℹ️ 🚀 Advanced utilities available (optimization, analysis, etc.)
2026-01-10 23:30:50,819 - src.feature_generation - INFO - ℹ️ ⚡ VectorBT optimizations available (advanced volatility, volume, batch processing)
2026-01-10 23:30:50,820 - MLCommon.HPOUtils - INFO - ℹ️ ✅ VectorBT optimization available
2026-01-10 23:30:50,820 - MLCommon.HPOUtils - INFO - ℹ️ 🚀 Initializing Enhanced HyperparameterOptimization...
2026-01-10 23:30:50,820 - MLCommon.HPOUtils.HPOUtils - INFO - ℹ️ ✅ VectorBT Rolling Optimizer initialized
2026-01-10 23:30:50,820 - MLCommon.HPOUtils.HPOUtils - INFO - ℹ️ ✅ Unified Vectorization Manager initialized
2026-01-10 23:30:50,821 - MLCommon.HPOUtils - INFO - ℹ️ ⚙️ Configuration - Parallel processing: True
2026-01-10 23:30:50,821 - MLCommon.HPOUtils - INFO - ℹ️ ⚙️ Configuration - Max workers: 4
2026-01-10 23:30:50,821 - MLCommon.HPOUtils - INFO - ℹ️ ⚙️ Configuration - Monitoring enabled: True
2026-01-10 23:30:50,821 - MLCommon.HPOUtils - INFO - ℹ️ 🚀 Configuration - Non-linear optimization: True
2026-01-10 23:30:50,822 - MLCommon.HPOUtils - INFO - ℹ️ ✅ Enhanced HyperparameterOptimization initialized successfully
2026-01-10 23:30:50,863 - DataCleaner - INFO - ℹ️ Using klines-specific gap thresholds: {<GapType.SMALL: 'small'>: 65, <GapType.MEDIUM: 'medium'>: 300, <GapType.LARGE: 'large'>: 1800, <GapType.CRITICAL: 'critical'>: 3600}
2026-01-10 23:30:50,864 - System.UnifiedDataUtils - INFO - ℹ️ 🚀 Unified Data Utils initialized
2026-01-10 23:30:50,884 - System.EvaluationUtils - INFO - ℹ️ EvaluationUtils delegating core metric computation to unified_evaluator
2026-01-10 23:30:50,890 - src.utils.ml_common.validation.data_leakage_prevention - INFO - ℹ️ 🔒 Data Leakage Prevention initialized with CRITICAL financial thresholds:
2026-01-10 23:30:50,891 - src.utils.ml_common.validation.data_leakage_prevention - INFO - ℹ️    • Critical leakage threshold: 5.0% (was 25%)
2026-01-10 23:30:50,891 - src.utils.ml_common.validation.data_leakage_prevention - INFO - ℹ️    • Warning leakage threshold: 2.0% (was 10%)
2026-01-10 23:30:50,891 - src.utils.ml_common.validation.data_leakage_prevention - INFO - ℹ️    • Small dataset multiplier: 1.0 (was 1.5)
2026-01-10 23:30:50,891 - src.utils.ml_common.validation.data_leakage_prevention - INFO - ℹ️    • These strict thresholds are ESSENTIAL for financial data integrity
2026-01-10 23:30:50,891 - src.utils.ml_common.validation.data_leakage_prevention - INFO - ℹ️    • Even 1-2% leakage can invalidate backtesting results
2026-01-10 23:30:50,891 - src.utils.ml_common.validation.data_leakage_prevention - INFO - ℹ️    • High model scores (>96%) often indicate undetected temporal leakage
2026-01-10 23:30:50,896 - src.utils.ml_common.validation.overfitting_monitoring - INFO - ℹ️ ✅ Overfitting Monitoring initialized
2026-01-10 23:30:50,906 - src.utils.ml_common.validation.hpo_overfitting_prevention - INFO - ℹ️ ✅ HPO with Overfitting Prevention initialized
2026-01-10 23:30:50,909 - src.utils.ml_common.validation.model_complexity_analysis - INFO - ℹ️ ✅ Model Complexity Analyzer initialized
2026-01-10 23:30:50,918 - EnhancedReportingSystem.EnhancedReportingSystem - INFO - ℹ️ 📊 Enhanced Reporting System initialized
2026-01-10 23:30:50,918 - src.utils.ml_common.reporting.validation_reporting_integration - INFO - ℹ️ ✅ Validation Reporting Integrator initialized
2026-01-10 23:30:50,920 - src.utils.ml_common.validation.data_leakage_prevention - INFO - ℹ️ 🔒 Data Leakage Prevention initialized with CRITICAL financial thresholds:
2026-01-10 23:30:50,920 - src.utils.ml_common.validation.data_leakage_prevention - INFO - ℹ️    • Critical leakage threshold: 5.0% (was 25%)
2026-01-10 23:30:50,921 - src.utils.ml_common.validation.data_leakage_prevention - INFO - ℹ️    • Warning leakage threshold: 2.0% (was 10%)
2026-01-10 23:30:50,921 - src.utils.ml_common.validation.data_leakage_prevention - INFO - ℹ️    • Small dataset multiplier: 1.0 (was 1.5)
2026-01-10 23:30:50,921 - src.utils.ml_common.validation.data_leakage_prevention - INFO - ℹ️    • These strict thresholds are ESSENTIAL for financial data integrity
2026-01-10 23:30:50,921 - src.utils.ml_common.validation.data_leakage_prevention - INFO - ℹ️    • Even 1-2% leakage can invalidate backtesting results
2026-01-10 23:30:50,921 - src.utils.ml_common.validation.data_leakage_prevention - INFO - ℹ️    • High model scores (>96%) often indicate undetected temporal leakage
2026-01-10 23:30:50,921 - src.utils.ml_common.validation.overfitting_monitoring - INFO - ℹ️ ✅ Overfitting Monitoring initialized
2026-01-10 23:30:50,922 - src.utils.ml_common.validation.enhanced_validation - INFO - ℹ️ ✅ Enhanced Validation initialized
2026-01-10 23:30:50,922 - src.utils.ml_common.validation.hpo_overfitting_prevention - INFO - ℹ️ ✅ HPO with Overfitting Prevention initialized
2026-01-10 23:30:50,922 - src.utils.ml_common.validation.model_complexity_analysis - INFO - ℹ️ ✅ Model Complexity Analyzer initialized
2026-01-10 23:30:50,922 - src.utils.ml_common.training.universal_validation_integration - INFO - ℹ️ ✅ Universal Validation Integrator initialized with new utilities
2026-01-10 23:30:51,027 - System.sr_clustering - INFO - ℹ️ Initializing SR Clustering module
2026-01-10 23:30:51,033 - System.sr_clustering - INFO - ℹ️ ✅ Successfully imported SRBacktestingEngine components
2026-01-10 23:30:51,036 - System.sr_clustering - INFO - ℹ️ ✅ Successfully imported BacktestingEnhancedClustering components
2026-01-10 23:30:51,040 - System.sr_clustering - INFO - ℹ️ ✅ Successfully imported WeightOptimizationEngine components
2026-01-10 23:30:51,043 - System.sr_clustering - INFO - ℹ️ ✅ Successfully imported PredictiveSREngine components
2026-01-10 23:30:51,048 - System.sr_clustering - INFO - ℹ️ ✅ Successfully imported TradingMLIntegration components
2026-01-10 23:30:51,048 - System.sr_clustering - INFO - ℹ️ 🎉 SR Clustering module initialization completed successfully
2026-01-10 23:30:51,350 - root - INFO - ℹ️ ✅ VectorBT compatibility layer loaded successfully
2026-01-10 23:30:51,376 - sr_error_handlers - INFO - ℹ️ SR Error Handlers module initialized
2026-01-10 23:30:53,996 - src.utils.hardware.m1_memory_optimizer.M1MemoryOptimizer - INFO - ℹ️ 🧹 Moderate cleanup: 30315 objects collected
2026-01-10 23:31:05,622 - src.utils.hardware.m1_memory_optimizer.M1MemoryOptimizer - INFO - ℹ️ 🧹 Moderate cleanup: 20 objects collected
2026-01-10 23:31:07,866 - DataQualityFramework - INFO - ℹ️ ✅ Comprehensive duplicate analyzer integrated
2026-01-10 23:31:07,867 - DataQualityFramework - INFO - ℹ️ 🔧 Unified Data Quality Framework initialized (singleton)
2026-01-10 23:31:07,872 - DataCleaner - INFO - ℹ️ Using klines-specific gap thresholds: {<GapType.SMALL: 'small'>: 65, <GapType.MEDIUM: 'medium'>: 300, <GapType.LARGE: 'large'>: 1800, <GapType.CRITICAL: 'critical'>: 3600}
2026-01-10 23:31:07,873 - DataCleaner - INFO - ℹ️ Using klines-specific gap thresholds: {<GapType.SMALL: 'small'>: 65, <GapType.MEDIUM: 'medium'>: 300, <GapType.LARGE: 'large'>: 1800, <GapType.CRITICAL: 'critical'>: 3600}
2026-01-10 23:31:07,873 - DataCleanerManager - INFO - ℹ️ 🔧 DataCleanerManager initialized (singleton)
2026-01-10 23:31:07,955 - System.AdvancedQualityMetrics - INFO - ℹ️ 📊 AdvancedQualityMetrics initialized with tolerant parameters
2026-01-10 23:31:08,172 - System.DataStreamingManager - INFO - ℹ️ 🚀 DataStreamingManager initialized (singleton): chunk_size=10000, memory_threshold=0.8
2026-01-10 23:31:08,180 - System.CrossStepValidator - INFO - ℹ️ 🔍 CrossStepValidator initialized with comprehensive consistency rules
2026-01-10 23:31:08,203 - DataCleaner - INFO - ℹ️ Using klines-specific gap thresholds: {<GapType.SMALL: 'small'>: 65, <GapType.MEDIUM: 'medium'>: 300, <GapType.LARGE: 'large'>: 1800, <GapType.CRITICAL: 'critical'>: 3600}
2026-01-10 23:31:08,204 - System.UnifiedDataUtils - INFO - ℹ️ 🚀 Unified Data Utils initialized
2026-01-10 23:31:08,324 - utils.hardware.m1_gpu_utils.M1GPUManager - INFO - ℹ️ M1 GPU Manager initialized - M1: True, Generation: m1, MPS: True
2026-01-10 23:31:08,391 - utils.hardware.m1_cpu_optimizer.M1CPUOptimizer - INFO - ℹ️ 🧠 M1 CPU Optimizer initialized for M1 (4P+4E cores)
2026-01-10 23:31:08,456 - utils.matrix_operations.enhanced_operations.CustomMatrixOperationsRegistry - INFO - ℹ️ 📝 Registered custom matrix operation: gpu_condition_number
2026-01-10 23:31:08,456 - utils.matrix_operations.enhanced_operations.CustomMatrixOperationsRegistry - INFO - ℹ️ 📝 Registered custom matrix operation: gpu_matrix_rank
2026-01-10 23:31:08,457 - utils.matrix_operations.enhanced_operations.CustomMatrixOperationsRegistry - INFO - ℹ️ 📝 Registered custom matrix operation: matrix_normalize
2026-01-10 23:31:08,457 - utils.matrix_operations.enhanced_operations.CustomMatrixOperationsRegistry - INFO - ℹ️ 📝 Registered custom matrix operation: extract_matrix_features
2026-01-10 23:31:08,467 - utils.matrix_operations - INFO - ℹ️ ✅ Unified Matrix Operations module initialized
2026-01-10 23:31:08,467 - utils.matrix_operations - INFO - ℹ️ 📦 Version: 1.0.0
2026-01-10 23:31:08,468 - utils.matrix_operations - INFO - ℹ️ 🔧 Features: VectorBT optimizations, GPU acceleration, memory optimization, vectorized processing, batch operations
2026-01-10 23:31:08,468 - utils.matrix_operations - INFO - ℹ️ 🍎 Optimized for: Apple Silicon M1/M2/M3 Macs
2026-01-10 23:31:08,468 - utils.matrix_operations - INFO - ℹ️ 🚀 VectorBT optimizations enabled - expect 2-10x performance improvements
2026-01-10 23:31:08,468 - utils.matrix_operations - INFO - ℹ️ 🎯 VectorBTRollingOptimizer available - enhanced rolling operations
2026-01-10 23:31:08,469 - utils.matrix_operations - INFO - ℹ️ ⚡ UnifiedVectorizationManager available - unified vectorization operations
2026-01-10 23:31:08,528 - src.config.regime_ensemble_training.config_manager.RegimeEnsembleTrainingConfigManager - INFO - ℹ️ RegimeEnsembleTrainingConfigManager initialisé
2026-01-10 23:31:08,528 - src.config.regime_ensemble_training.config_manager.RegimeEnsembleTrainingConfigManager - INFO - ℹ️ Répertoire config: /Users/remyroche/Documents/Ares/src/config/regime_ensemble_training
2026-01-10 23:31:08,529 - src.config.regime_ensemble_training.config_manager.RegimeEnsembleTrainingConfigManager - INFO - ℹ️ Config personnalisée: None
2026-01-10 23:31:08,529 - src.config.regime_ensemble_training.config_manager.RegimeEnsembleTrainingConfigManager - INFO - ℹ️ Fallback hardcodé: True
2026-01-10 23:31:08,530 - ares.registry - INFO - ℹ️ Registered step: regime_ensemble_training
[2026-01-10 23:31:08.530] ✅ Regime ensemble training step registered SUCCESS
2026-01-10 23:31:08,530 - System.tprint - INFO - ℹ️ ✅ Regime ensemble training step registered SUCCESS
2026-01-10 23:31:08,536 - ares.registry - INFO - ℹ️ Registered step: regime_feature_selection
✅ Mac M1 MPS GPU detected and enabled
2026-01-10 23:31:08,748 - src.training.steps.market_analysis.shared_utils.execution_mode_lookback_config - INFO - ℹ️ 🔧 Initializing Execution Mode Lookback Configuration
2026-01-10 23:31:08,749 - src.training.steps.market_analysis.shared_utils.execution_mode_lookback_config - INFO - ℹ️ ✅ Execution Mode Lookback Configuration initialized
2026-01-10 23:31:08,766 - ares.registry - INFO - ℹ️ Registered step: feature_generation_data_validation_step
[2026-01-10 23:31:08.766] ✅ Feature generation data validation step registered SUCCESS
2026-01-10 23:31:08,766 - System.tprint - INFO - ℹ️ ✅ Feature generation data validation step registered SUCCESS
[2026-01-10 23:31:08.768] 🔧 Loading labeling components...
2026-01-10 23:31:08,768 - System.tprint - INFO - ℹ️ 🔧 Loading labeling components...
✅ Using ORF-based Layer 3 implementation
2026-01-10 23:31:11,716 - src.utils.hardware.m1_memory_optimizer.M1MemoryOptimizer - INFO - ℹ️ 🧹 Moderate cleanup: 38 objects collected
2026-01-10 23:31:13,443 - ares.registry - INFO - ℹ️ Registered step: global_meta_labeling_hpo_sample_weighted
2026-01-10 23:31:13,483 - ares.registry - INFO - ℹ️ Registered step: meta_gated_backtest
[2026-01-10 23:31:13.484] ✅ Meta-gated backtest step registered SUCCESS
2026-01-10 23:31:13,484 - System.tprint - INFO - ℹ️ ✅ Meta-gated backtest step registered SUCCESS
2026-01-10 23:31:13,485 - ares.registry - INFO - ℹ️ Registered step: meta_labeling_hpo_sample_weighted
2026-01-10 23:31:13,485 - ares.registry - INFO - ℹ️ Registered step: meta_labeling_hpo
2026-01-10 23:31:13,486 - ares.registry - INFO - ℹ️ Registered step: meta_labeling_sample_weighted
2026-01-10 23:31:13,486 - ares.registry - INFO - ℹ️ Registered step: meta_labeling_hpo_experiment
2026-01-10 23:31:13,486 - ares.registry - INFO - ℹ️ Registered step: sr_labeling_xgb
2026-01-10 23:31:13,486 - ares.registry - INFO - ℹ️ Registered step: global_meta_labeling_hpo_sample_weighted
2026-01-10 23:31:13,486 - ares.registry - INFO - ℹ️ Registered step: train_specialists_with_gmm
2026-01-10 23:31:13,486 - ares.registry - INFO - ℹ️ Registered step: label_based_layer_2
2026-01-10 23:31:13,899 - ares.registry - INFO - ℹ️ Registered step: sr_parameter_optimization
2026-01-10 23:31:13,900 - ares.registry - INFO - ℹ️ Registered step: regime_clustering
2026-01-10 23:31:13,900 - ares.registry - INFO - ℹ️ Registered step: regime_ensemble_training
2026-01-10 23:31:13,900 - ares.registry - INFO - ℹ️ Registered step: sr_clustering
2026-01-10 23:31:13,900 - ares.registry - INFO - ℹ️ Registered step: sr_detection
2026-01-10 23:31:13,901 - ares.registry - INFO - ℹ️ Registered step: regime_feature_selection
2026-01-10 23:31:13,901 - ares.registry - INFO - ℹ️ Registered step: sticky_finite_hmm_regime_discovery
2026-01-10 23:31:13,901 - ares.registry - INFO - ℹ️ Registered step: enhanced_ml_momentum_persistence_step
2026-01-10 23:31:13,902 - ares.registry - INFO - ℹ️ Registered step: enhanced_ml_smc_regime_step
2026-01-10 23:31:13,903 - ares.registry - INFO - ℹ️ Registered step: enhanced_ml_volatility_burst_step
2026-01-10 23:31:13,903 - ares.registry - INFO - ℹ️ Registered step: enhanced_ml_volume_force_step
2026-01-10 23:31:13,903 - ares.registry - INFO - ℹ️ Registered step: enhanced_ml_reversion_regime_step
2026-01-10 23:31:13,903 - ares.registry - INFO - ℹ️ Registered step: enhanced_xgb_macro_regime_step
2026-01-10 23:31:13,904 - ares.registry - INFO - ℹ️ Registered step: enhanced_ml_liquidity_regime_step
2026-01-10 23:31:13,904 - ares.registry - INFO - ℹ️ Registered step: enhanced_ml_path_regime_step
2026-01-10 23:31:13,904 - ares.registry - INFO - ℹ️ Registered step: enhanced_ml_risk_regime_step
2026-01-10 23:31:13,904 - ares.registry - INFO - ℹ️ Registered step: enhanced_xgb_meso_regime_step
2026-01-10 23:31:13,905 - ares.registry - INFO - ℹ️ Registered step: enhanced_ml_microstructure_step
2026-01-10 23:31:13,905 - ares.registry - INFO - ℹ️ Registered step: enhanced_ml_candlestick_step
2026-01-10 23:31:13,906 - ares.registry - INFO - ℹ️ Registered step: enhanced_ml_spectral_step
2026-01-10 23:31:13,906 - ares.registry - INFO - ℹ️ Registered step: gmm_based_features
2026-01-10 23:31:13,906 - ares.registry - INFO - ℹ️ Registered step: feature_generation_meta_labeling_step
2026-01-10 23:31:13,906 - ares.registry - INFO - ℹ️ Registered step: meta_labeling_hpo_experiment
[2026-01-10 23:31:13.919] ✅ Custom logger available for MLCommon.ModelTraining
2026-01-10 23:31:13,920 - System.tprint - INFO - ℹ️ ✅ Custom logger available for MLCommon.ModelTraining
[2026-01-10 23:31:13.937] ✅ ML Common utilities loaded successfully
2026-01-10 23:31:13,938 - System.tprint - INFO - ℹ️ ✅ ML Common utilities loaded successfully
2026-01-10 23:31:13,944 - System.CrossStepValidator - INFO - ℹ️ 🔍 CrossStepValidator initialized with comprehensive consistency rules
================================================================================
🚀 ENHANCED KLINES PROCESSING PIPELINE - MULTI-ASSET MODE
================================================================================

📊 Configuration:
   - Exchange: binance
   - Assets: LINKUSDT, SOLUSDT
   - Interval: 1m
   - Lookback: 3 years
   - Data Directory: historical_data
   - Gap Filling: ✅ Enabled (API + Binance Vision)
   - Resampling: ✅ Enabled

🔧 Initializing pipeline...
✅ Pipeline initialized

🔗 Connecting to BINANCE...
[2026-01-10 23:31:14.148] WARNING: ⚠️ ExchangeInterface unavailable; using existing/local data only
2026-01-10 23:31:14,148 - System.tprint - WARNING - ⚠️ ExchangeInterface unavailable; using existing/local data only


============================================================
📦 Processing Asset 1/2: LINKUSDT
============================================================
⏰ Start: 2026-01-10 23:31:14
DEBUG MULTI: resampling_config=ResamplingConfig(target_intervals=['5m', '15m', '30m', '1h'], method='ohlc', preserve_volume=True, validate_continuity=True, resample_older_than_days=0, enable_auto_resampling=True)
2026-01-10 23:31:17,936 - src.utils.hardware.m1_memory_optimizer.M1MemoryOptimizer - INFO - ℹ️ 🧹 Moderate cleanup: 25 objects collected
2026-01-10 23:31:21,676 - System.ParquetUtils - INFO - ℹ️ ✅ Read parquet: linkusdt_1m_2023_02.parquet -> (40320, 11)
2026-01-10 23:31:21,873 - System.DataProcessor - INFO - ℹ️ 🔧 Optimizing data types - Initial memory: 11.64 MB
2026-01-10 23:31:21,954 - System.DataProcessor - INFO - ℹ️ 🔧 Data type optimization complete:
2026-01-10 23:31:21,955 - System.DataProcessor - INFO - ℹ️    Initial memory: 11.64 MB
2026-01-10 23:31:21,957 - System.DataProcessor - INFO - ℹ️    Final memory: 1.58 MB
2026-01-10 23:31:21,957 - System.DataProcessor - INFO - ℹ️    Memory reduction: 86.5%
2026-01-10 23:31:22,070 - src.utils.hardware.unified_hardware_manager.HardwarePerformanceMonitor - WARNING - ⚠️ 🚨 ALERT: cpu_usage (99.1) exceeds threshold (85.0)
2026-01-10 23:31:22,079 - KlinesParquetManager - INFO - ℹ️ 💾 Saved 40320 records to linkusdt_1m_2023_02.parquet
2026-01-10 23:31:24,152 - src.utils.hardware.m1_memory_optimizer.M1MemoryOptimizer - INFO - ℹ️ 🧹 Moderate cleanup: 18 objects collected
2026-01-10 23:31:27,135 - System.ParquetUtils - INFO - ℹ️ ✅ Read parquet: linkusdt_1m_2023_03.parquet -> (44560, 11)
2026-01-10 23:31:27,241 - System.DataProcessor - INFO - ℹ️ 🔧 Optimizing data types - Initial memory: 12.87 MB
2026-01-10 23:31:27,336 - System.DataProcessor - INFO - ℹ️ 🔧 Data type optimization complete:
2026-01-10 23:31:27,336 - System.DataProcessor - INFO - ℹ️    Initial memory: 12.87 MB
2026-01-10 23:31:27,336 - System.DataProcessor - INFO - ℹ️    Final memory: 1.74 MB
2026-01-10 23:31:27,337 - System.DataProcessor - INFO - ℹ️    Memory reduction: 86.5%
2026-01-10 23:31:27,511 - KlinesParquetManager - INFO - ℹ️ 💾 Saved 44560 records to linkusdt_1m_2023_03.parquet
2026-01-10 23:31:32,136 - System.ParquetUtils - INFO - ℹ️ ✅ Read parquet: linkusdt_1m_2023_03.parquet -> (44560, 11)
2026-01-10 23:31:32,218 - System.DataProcessor - INFO - ℹ️ 🔧 Optimizing data types - Initial memory: 12.87 MB
2026-01-10 23:31:32,285 - System.DataProcessor - INFO - ℹ️ 🔧 Data type optimization complete:
2026-01-10 23:31:32,286 - System.DataProcessor - INFO - ℹ️    Initial memory: 12.87 MB
2026-01-10 23:31:32,287 - System.DataProcessor - INFO - ℹ️    Final memory: 1.74 MB
2026-01-10 23:31:32,287 - System.DataProcessor - INFO - ℹ️    Memory reduction: 86.5%
2026-01-10 23:31:32,374 - KlinesParquetManager - INFO - ℹ️ 💾 Saved 44560 records to linkusdt_1m_2023_03.parquet
2026-01-10 23:31:37,275 - System.ParquetUtils - INFO - ℹ️ ✅ Read parquet: linkusdt_1m_2023_04.parquet -> (43200, 11)
2026-01-10 23:31:37,387 - System.DataProcessor - INFO - ℹ️ 🔧 Optimizing data types - Initial memory: 12.47 MB
2026-01-10 23:31:37,479 - System.DataProcessor - INFO - ℹ️ 🔧 Data type optimization complete:
2026-01-10 23:31:37,480 - System.DataProcessor - INFO - ℹ️    Initial memory: 12.47 MB
2026-01-10 23:31:37,480 - System.DataProcessor - INFO - ℹ️    Final memory: 1.69 MB
2026-01-10 23:31:37,480 - System.DataProcessor - INFO - ℹ️    Memory reduction: 86.5%
2026-01-10 23:31:37,565 - KlinesParquetManager - INFO - ℹ️ 💾 Saved 43200 records to linkusdt_1m_2023_04.parquet
2026-01-10 23:31:39,848 - src.utils.hardware.m1_memory_optimizer.M1MemoryOptimizer - INFO - ℹ️ 🧹 Moderate cleanup: 73 objects collected
2026-01-10 23:31:44,793 - System.ParquetUtils - INFO - ℹ️ ✅ Read parquet: linkusdt_1m_2023_04.parquet -> (43200, 11)
2026-01-10 23:31:46,212 - System.DataProcessor - INFO - ℹ️ 🔧 Optimizing data types - Initial memory: 12.47 MB
2026-01-10 23:31:46,312 - System.DataProcessor - INFO - ℹ️ 🔧 Data type optimization complete:
2026-01-10 23:31:46,313 - System.DataProcessor - INFO - ℹ️    Initial memory: 12.47 MB
2026-01-10 23:31:46,313 - System.DataProcessor - INFO - ℹ️    Final memory: 1.69 MB
2026-01-10 23:31:46,313 - System.DataProcessor - INFO - ℹ️    Memory reduction: 86.5%
2026-01-10 23:31:46,403 - KlinesParquetManager - INFO - ℹ️ 💾 Saved 43200 records to linkusdt_1m_2023_04.parquet
2026-01-10 23:31:51,083 - System.ParquetUtils - INFO - ℹ️ ✅ Read parquet: linkusdt_1m_2023_04.parquet -> (43200, 11)
2026-01-10 23:31:51,191 - System.DataProcessor - INFO - ℹ️ 🔧 Optimizing data types - Initial memory: 12.47 MB
2026-01-10 23:31:55,428 - src.utils.hardware.m1_memory_optimizer.M1MemoryOptimizer - INFO - ℹ️ 🧹 Moderate cleanup: 17 objects collected
2026-01-10 23:31:55,476 - System.DataProcessor - INFO - ℹ️ 🔧 Data type optimization complete:
2026-01-10 23:31:55,477 - System.DataProcessor - INFO - ℹ️    Initial memory: 12.47 MB
2026-01-10 23:31:55,477 - System.DataProcessor - INFO - ℹ️    Final memory: 1.69 MB
2026-01-10 23:31:55,477 - System.DataProcessor - INFO - ℹ️    Memory reduction: 86.5%
2026-01-10 23:31:55,541 - KlinesParquetManager - INFO - ℹ️ 💾 Saved 43200 records to linkusdt_1m_2023_04.parquet
2026-01-10 23:31:56,912 - src.utils.hardware.unified_hardware_manager.HardwarePerformanceMonitor - WARNING - ⚠️ 🚨 ALERT: cpu_usage (96.8) exceeds threshold (85.0)
2026-01-10 23:31:59,893 - System.ParquetUtils - INFO - ℹ️ ✅ Read parquet: linkusdt_1m_2023_04.parquet -> (43200, 11)
2026-01-10 23:31:59,952 - System.DataProcessor - INFO - ℹ️ 🔧 Optimizing data types - Initial memory: 12.47 MB
2026-01-10 23:32:00,003 - System.DataProcessor - INFO - ℹ️ 🔧 Data type optimization complete:
2026-01-10 23:32:00,003 - System.DataProcessor - INFO - ℹ️    Initial memory: 12.47 MB
2026-01-10 23:32:00,003 - System.DataProcessor - INFO - ℹ️    Final memory: 1.69 MB
2026-01-10 23:32:00,004 - System.DataProcessor - INFO - ℹ️    Memory reduction: 86.5%
2026-01-10 23:32:00,066 - KlinesParquetManager - INFO - ℹ️ 💾 Saved 43200 records to linkusdt_1m_2023_04.parquet
2026-01-10 23:32:01,391 - src.utils.hardware.m1_memory_optimizer.M1MemoryOptimizer - INFO - ℹ️ 🧹 Moderate cleanup: 35 objects collected
2026-01-10 23:32:03,972 - System.ParquetUtils - INFO - ℹ️ ✅ Read parquet: linkusdt_1m_2023_05.parquet -> (44640, 11)
2026-01-10 23:32:04,031 - System.DataProcessor - INFO - ℹ️ 🔧 Optimizing data types - Initial memory: 12.89 MB
2026-01-10 23:32:04,125 - System.DataProcessor - INFO - ℹ️ 🔧 Data type optimization complete:
2026-01-10 23:32:04,125 - System.DataProcessor - INFO - ℹ️    Initial memory: 12.89 MB
2026-01-10 23:32:04,125 - System.DataProcessor - INFO - ℹ️    Final memory: 1.75 MB
2026-01-10 23:32:04,126 - System.DataProcessor - INFO - ℹ️    Memory reduction: 86.5%
2026-01-10 23:32:04,191 - KlinesParquetManager - INFO - ℹ️ 💾 Saved 44640 records to linkusdt_1m_2023_05.parquet
2026-01-10 23:32:07,723 - src.utils.hardware.m1_memory_optimizer.M1MemoryOptimizer - INFO - ℹ️ 🧹 Moderate cleanup: 18 objects collected
2026-01-10 23:32:08,581 - System.ParquetUtils - INFO - ℹ️ ✅ Read parquet: linkusdt_1m_2023_05.parquet -> (44640, 11)
2026-01-10 23:32:08,633 - System.DataProcessor - INFO - ℹ️ 🔧 Optimizing data types - Initial memory: 12.89 MB
2026-01-10 23:32:08,696 - System.DataProcessor - INFO - ℹ️ 🔧 Data type optimization complete:
2026-01-10 23:32:08,696 - System.DataProcessor - INFO - ℹ️    Initial memory: 12.89 MB
2026-01-10 23:32:08,697 - System.DataProcessor - INFO - ℹ️    Final memory: 1.75 MB
2026-01-10 23:32:08,697 - System.DataProcessor - INFO - ℹ️    Memory reduction: 86.5%
2026-01-10 23:32:08,766 - KlinesParquetManager - INFO - ℹ️ 💾 Saved 44640 records to linkusdt_1m_2023_05.parquet
2026-01-10 23:32:14,164 - src.utils.hardware.m1_memory_optimizer.M1MemoryOptimizer - INFO - ℹ️ 🧹 Moderate cleanup: 18 objects collected
2026-01-10 23:32:14,884 - System.ParquetUtils - INFO - ℹ️ ✅ Read parquet: linkusdt_1m_2023_05.parquet -> (44640, 11)
2026-01-10 23:32:14,920 - System.DataProcessor - INFO - ℹ️ 🔧 Optimizing data types - Initial memory: 12.89 MB
2026-01-10 23:32:14,968 - System.DataProcessor - INFO - ℹ️ 🔧 Data type optimization complete:
2026-01-10 23:32:14,969 - System.DataProcessor - INFO - ℹ️    Initial memory: 12.89 MB
2026-01-10 23:32:14,969 - System.DataProcessor - INFO - ℹ️    Final memory: 1.75 MB
2026-01-10 23:32:14,969 - System.DataProcessor - INFO - ℹ️    Memory reduction: 86.5%
2026-01-10 23:32:15,025 - KlinesParquetManager - INFO - ℹ️ 💾 Saved 44640 records to linkusdt_1m_2023_05.parquet
2026-01-10 23:32:18,517 - System.ParquetUtils - INFO - ℹ️ ✅ Read parquet: linkusdt_1m_2023_05.parquet -> (44640, 11)
2026-01-10 23:32:18,556 - System.DataProcessor - INFO - ℹ️ 🔧 Optimizing data types - Initial memory: 12.89 MB
2026-01-10 23:32:18,593 - System.DataProcessor - INFO - ℹ️ 🔧 Data type optimization complete:
2026-01-10 23:32:18,593 - System.DataProcessor - INFO - ℹ️    Initial memory: 12.89 MB
2026-01-10 23:32:18,593 - System.DataProcessor - INFO - ℹ️    Final memory: 1.75 MB
2026-01-10 23:32:18,593 - System.DataProcessor - INFO - ℹ️    Memory reduction: 86.5%
2026-01-10 23:32:18,635 - KlinesParquetManager - INFO - ℹ️ 💾 Saved 44640 records to linkusdt_1m_2023_05.parquet
2026-01-10 23:32:20,402 - src.utils.hardware.m1_memory_optimizer.M1MemoryOptimizer - INFO - ℹ️ 🧹 Moderate cleanup: 36 objects collected
2026-01-10 23:32:23,380 - System.ParquetUtils - INFO - ℹ️ ✅ Read parquet: linkusdt_1m_2023_05.parquet -> (44640, 11)
2026-01-10 23:32:23,446 - System.DataProcessor - INFO - ℹ️ 🔧 Optimizing data types - Initial memory: 12.89 MB
2026-01-10 23:32:23,498 - System.DataProcessor - INFO - ℹ️ 🔧 Data type optimization complete:
2026-01-10 23:32:23,499 - System.DataProcessor - INFO - ℹ️    Initial memory: 12.89 MB
2026-01-10 23:32:23,499 - System.DataProcessor - INFO - ℹ️    Final memory: 1.75 MB
2026-01-10 23:32:23,499 - System.DataProcessor - INFO - ℹ️    Memory reduction: 86.5%
2026-01-10 23:32:23,569 - KlinesParquetManager - INFO - ℹ️ 💾 Saved 44640 records to linkusdt_1m_2023_05.parquet
2026-01-10 23:32:26,107 - src.utils.hardware.m1_memory_optimizer.M1MemoryOptimizer - INFO - ℹ️ 🧹 Moderate cleanup: 15 objects collected
2026-01-10 23:32:27,576 - System.ParquetUtils - INFO - ℹ️ ✅ Read parquet: linkusdt_1m_2023_05.parquet -> (44640, 11)
2026-01-10 23:32:27,609 - System.DataProcessor - INFO - ℹ️ 🔧 Optimizing data types - Initial memory: 12.89 MB
2026-01-10 23:32:27,640 - System.DataProcessor - INFO - ℹ️ 🔧 Data type optimization complete:
2026-01-10 23:32:27,640 - System.DataProcessor - INFO - ℹ️    Initial memory: 12.89 MB
2026-01-10 23:32:27,640 - System.DataProcessor - INFO - ℹ️    Final memory: 1.75 MB
2026-01-10 23:32:27,640 - System.DataProcessor - INFO - ℹ️    Memory reduction: 86.5%
2026-01-10 23:32:27,687 - KlinesParquetManager - INFO - ℹ️ 💾 Saved 44640 records to linkusdt_1m_2023_05.parquet
2026-01-10 23:32:32,509 - src.utils.hardware.m1_memory_optimizer.M1MemoryOptimizer - INFO - ℹ️ 🧹 Moderate cleanup: 18 objects collected
2026-01-10 23:32:32,697 - System.ParquetUtils - INFO - ℹ️ ✅ Read parquet: linkusdt_1m_2023_05.parquet -> (44640, 11)
2026-01-10 23:32:32,761 - System.DataProcessor - INFO - ℹ️ 🔧 Optimizing data types - Initial memory: 12.89 MB
2026-01-10 23:32:32,824 - System.DataProcessor - INFO - ℹ️ 🔧 Data type optimization complete:
2026-01-10 23:32:32,825 - System.DataProcessor - INFO - ℹ️    Initial memory: 12.89 MB
2026-01-10 23:32:32,825 - System.DataProcessor - INFO - ℹ️    Final memory: 1.75 MB
2026-01-10 23:32:32,825 - System.DataProcessor - INFO - ℹ️    Memory reduction: 86.5%
2026-01-10 23:32:32,896 - KlinesParquetManager - INFO - ℹ️ 💾 Saved 44640 records to linkusdt_1m_2023_05.parquet
2026-01-10 23:32:36,819 - System.ParquetUtils - INFO - ℹ️ ✅ Read parquet: linkusdt_1m_2023_05.parquet -> (44640, 11)
2026-01-10 23:32:36,856 - System.DataProcessor - INFO - ℹ️ 🔧 Optimizing data types - Initial memory: 12.89 MB
2026-01-10 23:32:36,899 - System.DataProcessor - INFO - ℹ️ 🔧 Data type optimization complete:
2026-01-10 23:32:36,900 - System.DataProcessor - INFO - ℹ️    Initial memory: 12.89 MB
2026-01-10 23:32:36,900 - System.DataProcessor - INFO - ℹ️    Final memory: 1.75 MB
2026-01-10 23:32:36,900 - System.DataProcessor - INFO - ℹ️    Memory reduction: 86.5%
2026-01-10 23:32:36,944 - KlinesParquetManager - INFO - ℹ️ 💾 Saved 44640 records to linkusdt_1m_2023_05.parquet
2026-01-10 23:32:38,080 - src.utils.hardware.m1_memory_optimizer.M1MemoryOptimizer - INFO - ℹ️ 🧹 Moderate cleanup: 36 objects collected
2026-01-10 23:32:42,338 - System.ParquetUtils - INFO - ℹ️ ✅ Read parquet: linkusdt_1m_2023_05.parquet -> (44640, 11)
2026-01-10 23:32:42,368 - System.DataProcessor - INFO - ℹ️ 🔧 Optimizing data types - Initial memory: 12.89 MB
2026-01-10 23:32:42,395 - System.DataProcessor - INFO - ℹ️ 🔧 Data type optimization complete:
2026-01-10 23:32:42,395 - System.DataProcessor - INFO - ℹ️    Initial memory: 12.89 MB
2026-01-10 23:32:42,395 - System.DataProcessor - INFO - ℹ️    Final memory: 1.75 MB
2026-01-10 23:32:42,395 - System.DataProcessor - INFO - ℹ️    Memory reduction: 86.5%
2026-01-10 23:32:42,425 - KlinesParquetManager - INFO - ℹ️ 💾 Saved 44640 records to linkusdt_1m_2023_05.parquet
2026-01-10 23:32:43,574 - src.utils.hardware.m1_memory_optimizer.M1MemoryOptimizer - INFO - ℹ️ 🧹 Moderate cleanup: 18 objects collected
2026-01-10 23:32:46,879 - System.ParquetUtils - INFO - ℹ️ ✅ Read parquet: linkusdt_1m_2023_05.parquet -> (44640, 11)
2026-01-10 23:32:47,005 - System.DataProcessor - INFO - ℹ️ 🔧 Optimizing data types - Initial memory: 12.87 MB
2026-01-10 23:32:47,158 - System.DataProcessor - INFO - ℹ️ 🔧 Data type optimization complete:
2026-01-10 23:32:47,158 - System.DataProcessor - INFO - ℹ️    Initial memory: 12.87 MB
2026-01-10 23:32:47,158 - System.DataProcessor - INFO - ℹ️    Final memory: 1.75 MB
2026-01-10 23:32:47,158 - System.DataProcessor - INFO - ℹ️    Memory reduction: 86.4%
2026-01-10 23:32:47,229 - KlinesParquetManager - INFO - ℹ️ 💾 Saved 44640 records to linkusdt_1m_2023_05.parquet
2026-01-10 23:32:50,346 - src.utils.hardware.m1_memory_optimizer.M1MemoryOptimizer - INFO - ℹ️ 🧹 Moderate cleanup: 18 objects collected
2026-01-10 23:32:52,129 - System.ParquetUtils - INFO - ℹ️ ✅ Read parquet: linkusdt_1m_2023_05.parquet -> (44640, 11)
2026-01-10 23:32:52,175 - System.DataProcessor - INFO - ℹ️ 🔧 Optimizing data types - Initial memory: 12.89 MB
2026-01-10 23:32:52,221 - System.DataProcessor - INFO - ℹ️ 🔧 Data type optimization complete:
2026-01-10 23:32:52,221 - System.DataProcessor - INFO - ℹ️    Initial memory: 12.89 MB
2026-01-10 23:32:52,222 - System.DataProcessor - INFO - ℹ️    Final memory: 1.75 MB
2026-01-10 23:32:52,222 - System.DataProcessor - INFO - ℹ️    Memory reduction: 86.5%
2026-01-10 23:32:52,262 - KlinesParquetManager - INFO - ℹ️ 💾 Saved 44640 records to linkusdt_1m_2023_05.parquet
2026-01-10 23:32:55,090 - System.ParquetUtils - INFO - ℹ️ ✅ Read parquet: linkusdt_1m_2023_05.parquet -> (44640, 11)
2026-01-10 23:32:55,119 - System.DataProcessor - INFO - ℹ️ 🔧 Optimizing data types - Initial memory: 12.89 MB
2026-01-10 23:32:55,144 - System.DataProcessor - INFO - ℹ️ 🔧 Data type optimization complete:
2026-01-10 23:32:55,144 - System.DataProcessor - INFO - ℹ️    Initial memory: 12.89 MB
2026-01-10 23:32:55,144 - System.DataProcessor - INFO - ℹ️    Final memory: 1.75 MB
2026-01-10 23:32:55,144 - System.DataProcessor - INFO - ℹ️    Memory reduction: 86.5%
2026-01-10 23:32:55,173 - KlinesParquetManager - INFO - ℹ️ 💾 Saved 44640 records to linkusdt_1m_2023_05.parquet
2026-01-10 23:32:56,007 - src.utils.hardware.m1_memory_optimizer.M1MemoryOptimizer - INFO - ℹ️ 🧹 Moderate cleanup: 35 objects collected
2026-01-10 23:32:58,996 - System.ParquetUtils - INFO - ℹ️ ✅ Read parquet: linkusdt_1m_2023_05.parquet -> (44640, 11)
2026-01-10 23:32:59,024 - System.DataProcessor - INFO - ℹ️ 🔧 Optimizing data types - Initial memory: 12.89 MB
2026-01-10 23:32:59,049 - System.DataProcessor - INFO - ℹ️ 🔧 Data type optimization complete:
2026-01-10 23:32:59,049 - System.DataProcessor - INFO - ℹ️    Initial memory: 12.89 MB
2026-01-10 23:32:59,049 - System.DataProcessor - INFO - ℹ️    Final memory: 1.75 MB
2026-01-10 23:32:59,049 - System.DataProcessor - INFO - ℹ️    Memory reduction: 86.5%
2026-01-10 23:32:59,077 - KlinesParquetManager - INFO - ℹ️ 💾 Saved 44640 records to linkusdt_1m_2023_05.parquet
2026-01-10 23:33:01,673 - src.utils.hardware.m1_memory_optimizer.M1MemoryOptimizer - INFO - ℹ️ 🧹 Moderate cleanup: 18 objects collected
2026-01-10 23:33:03,443 - System.ParquetUtils - INFO - ℹ️ ✅ Read parquet: linkusdt_1m_2023_05.parquet -> (44640, 11)
2026-01-10 23:33:03,472 - System.DataProcessor - INFO - ℹ️ 🔧 Optimizing data types - Initial memory: 12.87 MB
2026-01-10 23:33:03,516 - System.DataProcessor - INFO - ℹ️ 🔧 Data type optimization complete:
2026-01-10 23:33:03,516 - System.DataProcessor - INFO - ℹ️    Initial memory: 12.87 MB
2026-01-10 23:33:03,516 - System.DataProcessor - INFO - ℹ️    Final memory: 1.75 MB
2026-01-10 23:33:03,516 - System.DataProcessor - INFO - ℹ️    Memory reduction: 86.4%
2026-01-10 23:33:03,558 - KlinesParquetManager - INFO - ℹ️ 💾 Saved 44640 records to linkusdt_1m_2023_05.parquet
2026-01-10 23:33:06,683 - src.utils.hardware.m1_memory_optimizer.M1MemoryOptimizer - INFO - ℹ️ 🧠 M1 Memory pressure at 0.79
2026-01-10 23:33:07,362 - src.utils.hardware.m1_memory_optimizer.M1MemoryOptimizer - INFO - ℹ️ 🧹 Moderate cleanup: 17 objects collected
2026-01-10 23:33:08,650 - System.ParquetUtils - INFO - ℹ️ ✅ Read parquet: linkusdt_1m_2023_05.parquet -> (44640, 11)
2026-01-10 23:33:08,677 - System.DataProcessor - INFO - ℹ️ 🔧 Optimizing data types - Initial memory: 12.87 MB
2026-01-10 23:33:08,703 - System.DataProcessor - INFO - ℹ️ 🔧 Data type optimization complete:
2026-01-10 23:33:08,704 - System.DataProcessor - INFO - ℹ️    Initial memory: 12.87 MB
2026-01-10 23:33:08,704 - System.DataProcessor - INFO - ℹ️    Final memory: 1.75 MB
2026-01-10 23:33:08,704 - System.DataProcessor - INFO - ℹ️    Memory reduction: 86.4%
2026-01-10 23:33:08,732 - KlinesParquetManager - INFO - ℹ️ 💾 Saved 44640 records to linkusdt_1m_2023_05.parquet
2026-01-10 23:33:12,616 - src.utils.hardware.m1_memory_optimizer.M1MemoryOptimizer - INFO - ℹ️ 🧹 Moderate cleanup: 18 objects collected
2026-01-10 23:33:13,600 - System.ParquetUtils - INFO - ℹ️ ✅ Read parquet: linkusdt_1m_2023_05.parquet -> (44640, 11)
2026-01-10 23:33:13,628 - System.DataProcessor - INFO - ℹ️ 🔧 Optimizing data types - Initial memory: 12.90 MB
2026-01-10 23:33:13,657 - System.DataProcessor - INFO - ℹ️ 🔧 Data type optimization complete:
2026-01-10 23:33:13,657 - System.DataProcessor - INFO - ℹ️    Initial memory: 12.90 MB
2026-01-10 23:33:13,657 - System.DataProcessor - INFO - ℹ️    Final memory: 1.75 MB
2026-01-10 23:33:13,657 - System.DataProcessor - INFO - ℹ️    Memory reduction: 86.5%
2026-01-10 23:33:13,685 - KlinesParquetManager - INFO - ℹ️ 💾 Saved 44640 records to linkusdt_1m_2023_05.parquet
2026-01-10 23:33:13,698 - System.ParquetUtils - INFO - ℹ️ ✅ Read parquet: linkusdt_1m_2023_06.parquet -> (43200, 11)
2026-01-10 23:33:13,726 - System.DataProcessor - INFO - ℹ️ 🔧 Optimizing data types - Initial memory: 12.47 MB
2026-01-10 23:33:13,750 - System.DataProcessor - INFO - ℹ️ 🔧 Data type optimization complete:
2026-01-10 23:33:13,750 - System.DataProcessor - INFO - ℹ️    Initial memory: 12.47 MB
2026-01-10 23:33:13,750 - System.DataProcessor - INFO - ℹ️    Final memory: 1.69 MB
2026-01-10 23:33:13,750 - System.DataProcessor - INFO - ℹ️    Memory reduction: 86.5%
2026-01-10 23:33:13,780 - KlinesParquetManager - INFO - ℹ️ 💾 Saved 43200 records to linkusdt_1m_2023_06.parquet
2026-01-10 23:33:16,825 - System.ParquetUtils - INFO - ℹ️ ✅ Read parquet: linkusdt_1m_2023_06.parquet -> (43200, 11)
2026-01-10 23:33:16,856 - System.DataProcessor - INFO - ℹ️ 🔧 Optimizing data types - Initial memory: 12.47 MB
2026-01-10 23:33:16,887 - System.DataProcessor - INFO - ℹ️ 🔧 Data type optimization complete:
2026-01-10 23:33:16,887 - System.DataProcessor - INFO - ℹ️    Initial memory: 12.47 MB
2026-01-10 23:33:16,887 - System.DataProcessor - INFO - ℹ️    Final memory: 1.69 MB
2026-01-10 23:33:16,887 - System.DataProcessor - INFO - ℹ️    Memory reduction: 86.5%
2026-01-10 23:33:16,918 - KlinesParquetManager - INFO - ℹ️ 💾 Saved 43200 records to linkusdt_1m_2023_06.parquet
2026-01-10 23:33:17,919 - src.utils.hardware.m1_memory_optimizer.M1MemoryOptimizer - INFO - ℹ️ 🧹 Moderate cleanup: 36 objects collected
2026-01-10 23:33:21,287 - System.ParquetUtils - INFO - ℹ️ ✅ Read parquet: linkusdt_1m_2023_06.parquet -> (43200, 11)
2026-01-10 23:33:21,331 - System.DataProcessor - INFO - ℹ️ 🔧 Optimizing data types - Initial memory: 12.44 MB
2026-01-10 23:33:21,385 - System.DataProcessor - INFO - ℹ️ 🔧 Data type optimization complete:
2026-01-10 23:33:21,385 - System.DataProcessor - INFO - ℹ️    Initial memory: 12.44 MB
2026-01-10 23:33:21,385 - System.DataProcessor - INFO - ℹ️    Final memory: 1.69 MB
2026-01-10 23:33:21,385 - System.DataProcessor - INFO - ℹ️    Memory reduction: 86.4%
2026-01-10 23:33:21,421 - KlinesParquetManager - INFO - ℹ️ 💾 Saved 43200 records to linkusdt_1m_2023_06.parquet
2026-01-10 23:33:23,263 - src.utils.hardware.m1_memory_optimizer.M1MemoryOptimizer - INFO - ℹ️ 🧹 Moderate cleanup: 18 objects collected
2026-01-10 23:33:24,563 - System.ParquetUtils - INFO - ℹ️ ✅ Read parquet: linkusdt_1m_2023_06.parquet -> (43200, 11)
2026-01-10 23:33:24,588 - System.DataProcessor - INFO - ℹ️ 🔧 Optimizing data types - Initial memory: 12.47 MB
2026-01-10 23:33:24,616 - System.DataProcessor - INFO - ℹ️ 🔧 Data type optimization complete:
2026-01-10 23:33:24,616 - System.DataProcessor - INFO - ℹ️    Initial memory: 12.47 MB
2026-01-10 23:33:24,616 - System.DataProcessor - INFO - ℹ️    Final memory: 1.69 MB
2026-01-10 23:33:24,616 - System.DataProcessor - INFO - ℹ️    Memory reduction: 86.5%
2026-01-10 23:33:24,643 - KlinesParquetManager - INFO - ℹ️ 💾 Saved 43200 records to linkusdt_1m_2023_06.parquet
/Library/Frameworks/Python.framework/Versions/3.11/lib/python3.11/multiprocessing/resource_tracker.py:224: UserWarning: resource_tracker: There appear to be 1 leaked semaphore objects to clean up at shutdown
  warnings.warn('resource_tracker: There appear to be %d '
