2026-01-10 23:33:50,541 - DataQualityFramework - INFO - ℹ️ ✅ Comprehensive duplicate analyzer integrated
2026-01-10 23:33:50,541 - DataQualityFramework - INFO - ℹ️ 🔧 Unified Data Quality Framework initialized (singleton)
[2026-01-10 23:33:50.541] PERFORMANCE: DataQualityFramework initialization took 0.000s
2026-01-10 23:33:50,541 - System.tprint - INFO - ℹ️ DataQualityFramework initialization took 0.000s
2026-01-10 23:33:51,279 - System.AdvancedQualityMetrics - INFO - ℹ️ 📊 AdvancedQualityMetrics initialized with tolerant parameters
[2026-01-10 23:33:51.280] PERFORMANCE: AdvancedQualityMetrics initialization took 0.000s
2026-01-10 23:33:51,280 - System.tprint - INFO - ℹ️ AdvancedQualityMetrics initialization took 0.000s
2026-01-10 23:33:51,283 - DataCleaner - INFO - ℹ️ Using klines-specific gap thresholds: {<GapType.SMALL: 'small'>: 65, <GapType.MEDIUM: 'medium'>: 300, <GapType.LARGE: 'large'>: 1800, <GapType.CRITICAL: 'critical'>: 3600}
[2026-01-10 23:33:51.283] PERFORMANCE: DataCleaner(klines) initialization took 0.000s
2026-01-10 23:33:51,283 - System.tprint - INFO - ℹ️ DataCleaner(klines) initialization took 0.000s
2026-01-10 23:33:51,283 - DataCleaner - INFO - ℹ️ Using klines-specific gap thresholds: {<GapType.SMALL: 'small'>: 65, <GapType.MEDIUM: 'medium'>: 300, <GapType.LARGE: 'large'>: 1800, <GapType.CRITICAL: 'critical'>: 3600}
[2026-01-10 23:33:51.283] PERFORMANCE: DataCleaner(klines) initialization took 0.000s
2026-01-10 23:33:51,283 - System.tprint - INFO - ℹ️ DataCleaner(klines) initialization took 0.000s
2026-01-10 23:33:51,283 - DataCleanerManager - INFO - ℹ️ 🔧 DataCleanerManager initialized (singleton)
[2026-01-10 23:33:51.379] DEBUG: 🔧 [features_common.utils] Initializing common utilities module
[2026-01-10 23:33:51.379] SUCCESS: ✅ [features_common.utils] Math validation utilities loaded
2026-01-10 23:33:51,379 - System.tprint - INFO - ℹ️ ✅ [features_common.utils] Math validation utilities loaded
[2026-01-10 23:33:51.379] DEBUG: 🔧 [features_common.utils] Common utilities module initialized
2026-01-10 23:33:55,310 - src.utils.hardware.m1_gpu_utils.M1GPUManager - INFO - ℹ️ M1 GPU Manager initialized - M1: True, Generation: m1, MPS: True
2026-01-10 23:33:55,325 - src.utils.hardware.m1_cpu_optimizer.M1CPUOptimizer - INFO - ℹ️ 🧠 M1 CPU Optimizer initialized for M1 (4P+4E cores)
[2026-01-10 23:33:55.558] DEBUG: 🔧 [transforms] Module initialized with 14 exports
2026-01-10 23:33:55,559 - src.features_common.backward_compatibility - INFO - ℹ️ Backward compatibility ensured for features_common
[2026-01-10 23:33:55.559] DEBUG: 🔧 [optimization] Module initialized with 6 exports
[2026-01-10 23:33:55.559] DEBUG: 🔧 [registry] Module initialized with BaseFeatureRegistry
[2026-01-10 23:33:55.563] DEBUG: 🚀 [features_common] Enhanced module initialized with 59 exports
[2026-01-10 23:33:55.563] SUCCESS: ✅ [features_common] All optimizations enabled by default
2026-01-10 23:33:55,563 - System.tprint - INFO - ℹ️ ✅ [features_common] All optimizations enabled by default
[2026-01-10 23:33:55.563] INFO: 🔧 [features_common] VectorBT integration available
2026-01-10 23:33:55,563 - System.tprint - INFO - ℹ️ 🔧 [features_common] VectorBT integration available
[2026-01-10 23:33:55.563] PERFORMANCE: 📊 [features_common] Performance monitoring enabled
2026-01-10 23:33:55,563 - System.tprint - INFO - ℹ️ 📊 [features_common] Performance monitoring enabled
[2026-01-10 23:33:55.563] WARNING: 💾 [features_common] Intelligent caching active
2026-01-10 23:33:55,563 - System.tprint - WARNING - ⚠️ 💾 [features_common] Intelligent caching active
2026-01-10 23:33:55,563 - System.DataStreamingManager - INFO - ℹ️ 🚀 DataStreamingManager initialized (singleton): chunk_size=10000, memory_threshold=0.8
[2026-01-10 23:33:55.563] PERFORMANCE: DataStreamingManager initialization took 0.000s
2026-01-10 23:33:55,564 - System.tprint - INFO - ℹ️ DataStreamingManager initialization took 0.000s
[2026-01-10 23:33:55.988] ✅ Custom logger available for MLCommon.ConfidenceMetrics
2026-01-10 23:33:55,988 - System.tprint - INFO - ℹ️ ✅ Custom logger available for MLCommon.ConfidenceMetrics
[2026-01-10 23:33:55.988] ✅ Custom logger available for MLCommon.ModelExplanations
2026-01-10 23:33:55,989 - System.tprint - INFO - ℹ️ ✅ Custom logger available for MLCommon.ModelExplanations
2026-01-10 23:33:56,658 - MLCommon.ModelExplanations - INFO - ℹ️ LIME library available - LIME explanations enabled
[2026-01-10 23:33:56.659] ✅ Custom logger available for MLCommon.ModelRegistry
2026-01-10 23:33:56,659 - System.tprint - INFO - ℹ️ ✅ Custom logger available for MLCommon.ModelRegistry
[2026-01-10 23:33:56.659] ✅ Custom logger available for MLCommon.ModelExplainability
2026-01-10 23:33:56,659 - System.tprint - INFO - ℹ️ ✅ Custom logger available for MLCommon.ModelExplainability
[2026-01-10 23:33:56.723] ✅ Custom logger available for MLCommon.CV
2026-01-10 23:33:56,723 - System.tprint - INFO - ℹ️ ✅ Custom logger available for MLCommon.CV
2026-01-10 23:33:56,725 - src.utils.ml_common.validation.enhanced_validation - INFO - ℹ️ ✅ Enhanced Validation initialized
[2026-01-10 23:33:56.727] ✅ Custom logger available for MLCommon.ValidationUtils
2026-01-10 23:33:56,727 - System.tprint - INFO - ℹ️ ✅ Custom logger available for MLCommon.ValidationUtils
[2026-01-10 23:33:56.736] ✅ Custom logger available for MLCommon.HPOUtils
2026-01-10 23:33:56,737 - System.tprint - INFO - ℹ️ ✅ Custom logger available for MLCommon.HPOUtils
2026-01-10 23:33:56,817 - src.utils.matrix_operations.enhanced_operations.CustomMatrixOperationsRegistry - INFO - ℹ️ 📝 Registered custom matrix operation: gpu_condition_number
2026-01-10 23:33:56,818 - src.utils.matrix_operations.enhanced_operations.CustomMatrixOperationsRegistry - INFO - ℹ️ 📝 Registered custom matrix operation: gpu_matrix_rank
2026-01-10 23:33:56,818 - src.utils.matrix_operations.enhanced_operations.CustomMatrixOperationsRegistry - INFO - ℹ️ 📝 Registered custom matrix operation: matrix_normalize
2026-01-10 23:33:56,818 - src.utils.matrix_operations.enhanced_operations.CustomMatrixOperationsRegistry - INFO - ℹ️ 📝 Registered custom matrix operation: extract_matrix_features
2026-01-10 23:33:56,820 - src.utils.matrix_operations - INFO - ℹ️ ✅ Unified Matrix Operations module initialized
2026-01-10 23:33:56,821 - src.utils.matrix_operations - INFO - ℹ️ 📦 Version: 1.0.0
2026-01-10 23:33:56,821 - src.utils.matrix_operations - INFO - ℹ️ 🔧 Features: VectorBT optimizations, GPU acceleration, memory optimization, vectorized processing, batch operations
2026-01-10 23:33:56,821 - src.utils.matrix_operations - INFO - ℹ️ 🍎 Optimized for: Apple Silicon M1/M2/M3 Macs
2026-01-10 23:33:56,821 - src.utils.matrix_operations - INFO - ℹ️ 🚀 VectorBT optimizations enabled - expect 2-10x performance improvements
2026-01-10 23:33:56,821 - src.utils.matrix_operations - INFO - ℹ️ 🎯 VectorBTRollingOptimizer available - enhanced rolling operations
2026-01-10 23:33:56,821 - src.utils.matrix_operations - INFO - ℹ️ ⚡ UnifiedVectorizationManager available - unified vectorization operations
2026-01-10 23:33:56,822 - System.ComplementaryLookbackOptimizer - INFO - ℹ️ ✅ Detected VectorBT v0.28.1
2026-01-10 23:33:56,828 - src.feature_generation.utils.feature_generation_optimization - INFO - ℹ️ ✅ VectorBT available for feature optimization
2026-01-10 23:33:56,842 - src.feature_generation.core.feature_registry.FeatureRegistry - INFO - ℹ️ FeatureRegistry initialized
[2026-01-10 23:33:56.842] 🔧 Initializing AutoOptimizationConfig...
2026-01-10 23:33:56,842 - System.tprint - INFO - ℹ️ 🔧 Initializing AutoOptimizationConfig...
[2026-01-10 23:33:56.842] 📝 Setting up conservative optimization settings...
2026-01-10 23:33:56,842 - System.tprint - INFO - ℹ️ 📝 Setting up conservative optimization settings...
[2026-01-10 23:33:56.842] ✅ Conservative settings configured
2026-01-10 23:33:56,842 - System.tprint - INFO - ℹ️ ✅ Conservative settings configured
[2026-01-10 23:33:56.842] 📝 Setting up balanced optimization settings...
2026-01-10 23:33:56,842 - System.tprint - INFO - ℹ️ 📝 Setting up balanced optimization settings...
[2026-01-10 23:33:56.842] ✅ Balanced settings configured
2026-01-10 23:33:56,842 - System.tprint - INFO - ℹ️ ✅ Balanced settings configured
[2026-01-10 23:33:56.842] 📝 Setting up aggressive optimization settings...
2026-01-10 23:33:56,842 - System.tprint - INFO - ℹ️ 📝 Setting up aggressive optimization settings...
[2026-01-10 23:33:56.842] ✅ Aggressive settings configured
2026-01-10 23:33:56,842 - System.tprint - INFO - ℹ️ ✅ Aggressive settings configured
[2026-01-10 23:33:56.842] 🎯 AutoOptimizationConfig initialized with balanced strategy
2026-01-10 23:33:56,843 - System.tprint - INFO - ℹ️ 🎯 AutoOptimizationConfig initialized with balanced strategy
[2026-01-10 23:33:56.842] ✅ Auto-optimization enabled for FeatureBank (default)
2026-01-10 23:33:56,843 - System.tprint - INFO - ℹ️ ✅ Auto-optimization enabled for FeatureBank (default)
2026-01-10 23:33:56,843 - src.feature_generation.utils.memory_pool_optimizer.MemoryPoolOptimizer - INFO - ℹ️ Memory pool optimizer initialized
2026-01-10 23:33:56,843 - src.utils.hardware.m1_memory_optimizer.M1MemoryOptimizer - INFO - ℹ️ 🧠 Memory limit set to 8.0 GB (8589934592.0 bytes)
2026-01-10 23:33:56,862 - src.utils.hardware.m1_memory_optimizer.M1MemoryOptimizer - INFO - ℹ️ 🧠 M1 Memory Optimizer initialized for M1
2026-01-10 23:33:56,863 - src.utils.hardware.unified_hardware_manager.UnifiedHardwareManager - INFO - ℹ️ 🔧 Unified Hardware Manager initialized
2026-01-10 23:33:56,863 - src.utils.hardware.unified_hardware_manager.HardwarePerformanceMonitor - INFO - ℹ️ 🔍 Hardware performance monitoring started
2026-01-10 23:33:56,991 - src.utils.hardware.m1_memory_optimizer.M1MemoryOptimizer - INFO - ℹ️ 🧠 M1 memory monitoring started
2026-01-10 23:33:56,991 - src.utils.hardware.m1_memory_optimizer.M1MemoryOptimizer - INFO - ℹ️ 🧹 Moderate cleanup: 14 objects collected
2026-01-10 23:33:56,991 - src.utils.hardware.unified_hardware_manager.UnifiedHardwareManager - INFO - ℹ️ ✅ Unified Hardware Manager fully initialized
2026-01-10 23:33:56,992 - src.utils.hardware.unified_hardware_manager.UnifiedHardwareManager - INFO - ℹ️ 🎯 Optimizing for feature_engineering workload (balanced)
2026-01-10 23:33:56,995 - src.utils.ml_common.hardware_singleton - INFO - ℹ️ 🔍 Detecting hardware capabilities (one-time detection)...
2026-01-10 23:33:56,995 - src.utils.ml_common.hardware_singleton - INFO - ℹ️ ✅ Hardware detection complete: {'cpu_cores': 8, 'gpu_available': True, 'gpu_type': 'mps', 'memory_gb': 16.0, 'mps_available': True, 'gpu_memory_gb': None}
[2026-01-10 23:33:56.995] 🚀 Initializing Unified Vectorization Manager...
2026-01-10 23:33:56,995 - System.tprint - INFO - ℹ️ 🚀 Initializing Unified Vectorization Manager...
[2026-01-10 23:33:56.995] 🔄 Initializing optimization components...
2026-01-10 23:33:56,995 - System.tprint - INFO - ℹ️ 🔄 Initializing optimization components...
[2026-01-10 23:33:56.995] 🔄 Initializing optimization components...
2026-01-10 23:33:56,995 - System.tprint - INFO - ℹ️ 🔄 Initializing optimization components...
[2026-01-10 23:33:56.995] 🔄 Loading VectorBTRollingOptimizer...
2026-01-10 23:33:56,996 - System.tprint - INFO - ℹ️ 🔄 Loading VectorBTRollingOptimizer...
[2026-01-10 23:33:56.995] ✅ VectorBTRollingOptimizer loaded
2026-01-10 23:33:56,996 - System.tprint - INFO - ℹ️ ✅ VectorBTRollingOptimizer loaded
[2026-01-10 23:33:56.995] 🔄 Loading vectorized backtesting...
2026-01-10 23:33:56,996 - System.tprint - INFO - ℹ️ 🔄 Loading vectorized backtesting...
2026-01-10 23:33:56,997 - System.VectorizedBacktestingEngine - INFO - ℹ️ ✅ Vectorized Backtesting Engine initialized successfully
[2026-01-10 23:33:56.997] ✅ Vectorized backtesting loaded
2026-01-10 23:33:56,997 - System.tprint - INFO - ℹ️ ✅ Vectorized backtesting loaded
[2026-01-10 23:33:56.997] 🔄 Loading VectorBT backtesting engine...
2026-01-10 23:33:56,997 - System.tprint - INFO - ℹ️ 🔄 Loading VectorBT backtesting engine...
2026-01-10 23:33:56,998 - System.VectorBTBacktestingEngine - INFO - ℹ️ ✅ VectorBT Backtesting Engine initialized successfully
[2026-01-10 23:33:56.998] ✅ VectorBT backtesting engine loaded
2026-01-10 23:33:56,998 - System.tprint - INFO - ℹ️ ✅ VectorBT backtesting engine loaded
[2026-01-10 23:33:56.998] 🔄 Loading VectorBT financial metrics...
2026-01-10 23:33:56,998 - System.tprint - INFO - ℹ️ 🔄 Loading VectorBT financial metrics...
2026-01-10 23:33:57,000 - src.utils.ml_common.vectorbt_financial_metrics - INFO - ℹ️ ✅ VectorBT Financial Metrics initialized
2026-01-10 23:33:57,000 - src.utils.ml_common.vectorbt_financial_metrics - INFO - ℹ️ 📊 Risk-free rate: 2.00%
2026-01-10 23:33:57,000 - src.utils.ml_common.vectorbt_financial_metrics - INFO - ℹ️ 📊 Annualization factor: 252
2026-01-10 23:33:57,000 - src.utils.ml_common.vectorbt_financial_metrics - INFO - ℹ️ 📊 Regime analysis: True
[2026-01-10 23:33:57.000] ✅ VectorBT financial metrics loaded
2026-01-10 23:33:57,000 - System.tprint - INFO - ℹ️ ✅ VectorBT financial metrics loaded
[2026-01-10 23:33:57.000] 🔄 Loading VectorBT portfolio optimization...
2026-01-10 23:33:57,000 - System.tprint - INFO - ℹ️ 🔄 Loading VectorBT portfolio optimization...
2026-01-10 23:33:57,004 - src.utils.ml_common.vectorbt_memory_manager.VectorBTMemoryManager - INFO - ℹ️ ✅ VectorBT Memory Manager initialized
2026-01-10 23:33:57,005 - src.utils.ml_common.vectorbt_memory_manager.VectorBTMemoryManager - INFO - ℹ️ 📊 Total system memory: 16.00GB
2026-01-10 23:33:57,005 - src.utils.ml_common.vectorbt_memory_manager.VectorBTMemoryManager - INFO - ℹ️ 📊 Available memory: 3.97GB
2026-01-10 23:33:57,005 - src.utils.ml_common.vectorbt_memory_manager.VectorBTMemoryManager - INFO - ℹ️ 📊 Max allocated memory: 8.00GB
2026-01-10 23:33:57,005 - src.utils.ml_common.vectorbt_performance_monitor.VectorBTPerformanceMonitor - INFO - ℹ️ ✅ VectorBT Performance Monitor initialized
2026-01-10 23:33:57,005 - src.utils.ml_common.vectorbt_performance_monitor.VectorBTPerformanceMonitor - INFO - ℹ️ 📊 Monitoring enabled: timing=True, memory=True, gpu=True
2026-01-10 23:33:57,005 - src.utils.ml_common.vectorbt_portfolio_optimization - INFO - ℹ️ ✅ VectorBT Portfolio Optimizer initialized
2026-01-10 23:33:57,005 - src.utils.ml_common.vectorbt_portfolio_optimization - INFO - ℹ️ 📊 Method: mean_variance
2026-01-10 23:33:57,005 - src.utils.ml_common.vectorbt_portfolio_optimization - INFO - ℹ️ 📊 Rebalancing: monthly
2026-01-10 23:33:57,005 - src.utils.ml_common.vectorbt_portfolio_optimization - INFO - ℹ️ 📊 Risk aversion: 1.0
2026-01-10 23:33:57,005 - src.utils.ml_common.vectorbt_portfolio_optimization - INFO - ℹ️ 📊 Memory manager: 3.97GB available
[2026-01-10 23:33:57.005] ✅ VectorBT portfolio optimization loaded
2026-01-10 23:33:57,005 - System.tprint - INFO - ℹ️ ✅ VectorBT portfolio optimization loaded
[2026-01-10 23:33:57.005] 🔄 Loading matrix cross-validation...
2026-01-10 23:33:57,005 - System.tprint - INFO - ℹ️ 🔄 Loading matrix cross-validation...
2026-01-10 23:33:57,006 - src.utils.hardware.m1_memory_optimizer - INFO - ℹ️ 🧠 M1 Memory Optimizer initialized for M1
2026-01-10 23:33:57,024 - src.utils.hardware.m1_memory_optimizer.M1MemoryOptimizer - INFO - ℹ️ 🧠 M1 Memory Optimizer initialized for M1
2026-01-10 23:33:58,199 - src.feature_generation.core.vectorbt_batch_processor - INFO - ℹ️ VectorBTBatchProcessor initialized: VectorBT=True, GPU=False, Parallel=True
2026-01-10 23:33:58,200 - src.feature_generation.utils.unified_vectorization_manager - INFO - ℹ️ UnifiedVectorizationManager initialized: VectorBT=True, GPU=False, Memory=True
2026-01-10 23:33:58,201 - src.utils.matrix_operations.unified_operations.UnifiedMatrixOperations - INFO - ℹ️ 📊 GPU: False, Memory Opt: False, Parallel: False
2026-01-10 23:33:58,201 - src.utils.ml_common.matrix_cross_validation - INFO - ℹ️ 🚀 VectorBT configured for cross-validation optimization
2026-01-10 23:33:58,202 - src.utils.ml_common.matrix_cross_validation - INFO - ℹ️ ✅ Matrix-based cross-validator initialized
2026-01-10 23:33:58,202 - src.utils.ml_common.matrix_cross_validation - INFO - ℹ️ 📊 Configuration - Splits: 5, GPU: True, VectorBT: True
[2026-01-10 23:33:58.202] ✅ Matrix cross-validation loaded
2026-01-10 23:33:58,203 - System.tprint - INFO - ℹ️ ✅ Matrix cross-validation loaded
[2026-01-10 23:33:58.202] 🔄 Loading feature importance analyzer...
2026-01-10 23:33:58,203 - System.tprint - INFO - ℹ️ 🔄 Loading feature importance analyzer...
2026-01-10 23:33:58,261 - src.utils.ml_common.utils.memory_integration - INFO - ℹ️ 🔗 Integrating memory skimming with all ML utilities
2026-01-10 23:33:58,261 - src.utils.ml_common.utils.memory_integration - INFO - ℹ️ ✅ Successfully imported HPO utilities (direct import)
2026-01-10 23:33:58,262 - src.utils.ml_common.utils.memory_integration - INFO - ℹ️ ✅ Memory skimming integrated with HPO utilities
2026-01-10 23:33:58,262 - src.utils.ml_common.utils.memory_integration - INFO - ℹ️ ✅ Successfully imported Unified CV utilities
2026-01-10 23:33:58,262 - src.utils.ml_common.utils.memory_integration - INFO - ℹ️ ✅ Memory skimming integrated with Unified CV utilities
2026-01-10 23:33:58,266 - src.utils.ml_common.utils.memory_integration - INFO - ℹ️ ✅ Memory skimming integrated with lookahead protection utilities
2026-01-10 23:33:58,266 - src.utils.ml_common.utils.memory_integration - INFO - ℹ️ Skipping model evaluation memory integration (deprecated)
2026-01-10 23:33:58,270 - src.utils.ml_common.utils.memory_integration - INFO - ℹ️ ✅ Successfully imported feature selection utilities
2026-01-10 23:33:58,271 - src.utils.ml_common.utils.memory_integration - INFO - ℹ️ ✅ Memory skimming integrated with feature selection utilities
2026-01-10 23:33:58,276 - src.utils.ml_common.utils.memory_integration - INFO - ℹ️ ✅ Successfully imported data quality utilities
2026-01-10 23:33:58,276 - src.utils.ml_common.utils.memory_integration - INFO - ℹ️ ✅ Memory skimming integrated with data quality utilities
2026-01-10 23:33:58,277 - src.utils.ml_common.utils.memory_integration - INFO - ℹ️ ✅ Memory skimming integration completed: 6/6 successful
[2026-01-10 23:33:58.278] ✅ Custom logger available for MLCommon.ThreadGuard
2026-01-10 23:33:58,278 - System.tprint - INFO - ℹ️ ✅ Custom logger available for MLCommon.ThreadGuard
[2026-01-10 23:33:58.278] ✅ threadpoolctl available for thread management
2026-01-10 23:33:58,279 - System.tprint - INFO - ℹ️ ✅ threadpoolctl available for thread management
[2026-01-10 23:33:58.282] ✅ Custom logger available for MLCommon.BaseSafeguards
2026-01-10 23:33:58,282 - System.tprint - INFO - ℹ️ ✅ Custom logger available for MLCommon.BaseSafeguards
[2026-01-10 23:33:58.290] ✅ Scikit-learn available for thresholding functionality
2026-01-10 23:33:58,290 - System.tprint - INFO - ℹ️ ✅ Scikit-learn available for thresholding functionality
[2026-01-10 23:33:58.290] ✅ Custom logger available for FeatureSelection.BaseFramework
2026-01-10 23:33:58,290 - System.tprint - INFO - ℹ️ ✅ Custom logger available for FeatureSelection.BaseFramework
[2026-01-10 23:33:58.291] ✅ Custom logger available for FeatureSelection.DataValidation
2026-01-10 23:33:58,291 - System.tprint - INFO - ℹ️ ✅ Custom logger available for FeatureSelection.DataValidation
[2026-01-10 23:33:58.292] ✅ Vectorization utilities available for feature selection
2026-01-10 23:33:58,292 - System.tprint - INFO - ℹ️ ✅ Vectorization utilities available for feature selection
[2026-01-10 23:33:58.292] ✅ Custom logger available for FeatureSelection.SelectionMethods
2026-01-10 23:33:58,293 - System.tprint - INFO - ℹ️ ✅ Custom logger available for FeatureSelection.SelectionMethods
[2026-01-10 23:33:58.374] ✅ Custom logger available for FeatureSelection.StabilityAnalysis
2026-01-10 23:33:58,374 - System.tprint - INFO - ℹ️ ✅ Custom logger available for FeatureSelection.StabilityAnalysis
[2026-01-10 23:33:58.378] ✅ Custom logger available for FeatureSelection.PerformanceMonitoring
2026-01-10 23:33:58,378 - System.tprint - INFO - ℹ️ ✅ Custom logger available for FeatureSelection.PerformanceMonitoring
[2026-01-10 23:33:58.379] ✅ Custom logger available for FeatureSelection.QualityMetrics
2026-01-10 23:33:58,380 - System.tprint - INFO - ℹ️ ✅ Custom logger available for FeatureSelection.QualityMetrics
[2026-01-10 23:33:58.381] ✅ Custom logger available for FeatureSelection.TemporalAnalysis
2026-01-10 23:33:58,381 - System.tprint - INFO - ℹ️ ✅ Custom logger available for FeatureSelection.TemporalAnalysis
[2026-01-10 23:33:58.383] ✅ Custom logger available for FeatureSelection.CausalAnalysis
2026-01-10 23:33:58,383 - System.tprint - INFO - ℹ️ ✅ Custom logger available for FeatureSelection.CausalAnalysis
[2026-01-10 23:33:58.390] ✅ Custom logger available for FeatureSelection.MainFramework
2026-01-10 23:33:58,390 - System.tprint - INFO - ℹ️ ✅ Custom logger available for FeatureSelection.MainFramework
[2026-01-10 23:33:58.439] 🔍 FeatureImportanceAnalyzer initialized with methods: ['random_forest', 'lasso', 'mutual_info']
2026-01-10 23:33:58,439 - System.tprint - INFO - ℹ️ 🔍 FeatureImportanceAnalyzer initialized with methods: ['random_forest', 'lasso', 'mutual_info']
[2026-01-10 23:33:58.439] ✅ Feature importance analyzer loaded
2026-01-10 23:33:58,440 - System.tprint - INFO - ℹ️ ✅ Feature importance analyzer loaded
[2026-01-10 23:33:58.439] 🔄 Loading technical indicators...
2026-01-10 23:33:58,440 - System.tprint - INFO - ℹ️ 🔄 Loading technical indicators...
2026-01-10 23:33:58,445 - src.feature_generation.utils.feature_generators - INFO - ℹ️ ✅ TA-Lib available for enhanced technical indicators
2026-01-10 23:33:58,445 - src.feature_generation.utils.feature_generators - INFO - ℹ️ Using fallback implementations for feature selection tools
2026-01-10 23:33:58,477 - src.utils.hardware.m1_memory_optimizer.M1MemoryOptimizer - INFO - ℹ️ 🧠 M1 Memory Optimizer initialized for M1
2026-01-10 23:33:58,479 - src.feature_generation.utils.feature_generators.FeatureGenerators - INFO - ℹ️ ✅ Hardware optimization initialized
2026-01-10 23:33:58,479 - src.feature_generation.utils.feature_generators.FeatureGenerators - INFO - ℹ️ ✅ Matrix operations available for vectorization
[2026-01-10 23:33:58.480] ✅ Technical indicators loaded
2026-01-10 23:33:58,480 - System.tprint - INFO - ℹ️ ✅ Technical indicators loaded
[2026-01-10 23:33:58.480] ℹ️ HMM operations deprecated - using alternative methods
2026-01-10 23:33:58,481 - System.tprint - INFO - ℹ️ HMM operations deprecated - using alternative methods
[2026-01-10 23:33:58.481] ✅ Component initialization completed
2026-01-10 23:33:58,481 - System.tprint - INFO - ℹ️ ✅ Component initialization completed
[2026-01-10 23:33:58.481] 🔄 Setting up performance tracking...
2026-01-10 23:33:58,481 - System.tprint - INFO - ℹ️ 🔄 Setting up performance tracking...
[2026-01-10 23:33:58.483] ✅ Unified Vectorization Manager initialized
2026-01-10 23:33:58,483 - System.tprint - INFO - ℹ️ ✅ Unified Vectorization Manager initialized
2026-01-10 23:33:58,483 - src.utils.ml_common.unified_vectorization_manager - INFO - ℹ️ ✅ Unified Vectorization Manager initialized
2026-01-10 23:33:58,483 - src.feature_generation.utils.feature_generation_optimization.FeatureGenerationOptimizer - INFO - ℹ️ 🚀 Initializing FeatureGenerationOptimizer...
2026-01-10 23:33:58,483 - src.feature_generation.utils.feature_generation_optimization.FeatureGenerationOptimizer - INFO - ℹ️ 📊 Configuration loaded: cross_validation
2026-01-10 23:33:58,483 - src.feature_generation.utils.feature_generation_optimization.FeatureGenerationOptimizer - INFO - ℹ️ ✅ FeatureGenerationOptimizer initialized in 0.000s
2026-01-10 23:33:58,483 - src.feature_generation.utils.feature_generation_optimization.FeatureGenerationOptimizer - INFO - ℹ️ 📊 Min lookback: 5, Max lookback: 252
2026-01-10 23:33:58,483 - src.feature_generation.utils.feature_generation_optimization.FeatureGenerationOptimizer - INFO - ℹ️ 📊 CV folds: 3, Parallel processing: True
2026-01-10 23:33:58,484 - src.utils.parallel_processing_optimizer - INFO - ℹ️ 🍎 Detected Apple Silicon - applying M1-specific limits
2026-01-10 23:33:58,484 - src.utils.parallel_processing_optimizer - INFO - ℹ️ 🔧 Initialized MacM1ParallelOptimizer:
2026-01-10 23:33:58,484 - src.utils.parallel_processing_optimizer - INFO - ℹ️    Max workers: 4
2026-01-10 23:33:58,484 - src.utils.parallel_processing_optimizer - INFO - ℹ️    Chunk size: 1000
2026-01-10 23:33:58,484 - src.utils.parallel_processing_optimizer - INFO - ℹ️    Pool type: Process
2026-01-10 23:33:58,484 - src.utils.parallel_processing_optimizer - INFO - ℹ️    Memory limit per worker: 4096 MB
2026-01-10 23:33:58,484 - src.utils.parallel_processing_optimizer - INFO - ℹ️    M1 Mac detected: True
2026-01-10 23:33:58,484 - src.feature_generation.utils.optimization.lookback_optimizer.LookbackOptimizer - INFO - ℹ️ ✅ Legacy optimization system available
2026-01-10 23:33:58,484 - src.feature_generation.utils.optimization.lookback_optimizer.LookbackOptimizer - INFO - ℹ️ ✅ LookbackOptimizer initialized
2026-01-10 23:33:58,484 - src.feature_generation.core.feature_bank.FeatureBank - INFO - ℹ️ ✅ Regular lookback optimization enabled (Analyst mode)
[2026-01-10 23:33:58.484] ✅ FeatureBank set as global instance
2026-01-10 23:33:58,484 - System.tprint - INFO - ℹ️ ✅ FeatureBank set as global instance
[2026-01-10 23:33:58.484] 🔧 Auto-registering feature generators...
2026-01-10 23:33:58,485 - System.tprint - INFO - ℹ️ 🔧 Auto-registering feature generators...
[2026-01-10 23:33:58.484] 🔧 Configuring lazy loading for feature generators...
2026-01-10 23:33:58,485 - System.tprint - INFO - ℹ️ 🔧 Configuring lazy loading for feature generators...
[2026-01-10 23:33:58.484] ✅ Registered lazy loaders for 16 categories. Generators will be created on demand.
2026-01-10 23:33:58,485 - System.tprint - INFO - ℹ️ ✅ Registered lazy loaders for 16 categories. Generators will be created on demand.
2026-01-10 23:33:58,486 - src.feature_generation.core.feature_bank.FeatureBank - INFO - ℹ️ ✅ FeatureBank initialized
2026-01-10 23:33:58,486 - src.feature_generation.core.feature_bank.FeatureBank - INFO - ℹ️ 📊 Matrix ops: True, GPU: True, Lookback opt: True
2026-01-10 23:33:58,486 - src.feature_generation - INFO - ℹ️ ✅ Unified Feature Generation System initialized
2026-01-10 23:33:58,486 - src.feature_generation - INFO - ℹ️ 📦 Version: 2.0.0
2026-01-10 23:33:58,486 - src.feature_generation - INFO - ℹ️ 🔧 Features: Category-based organization, advanced utilities, optimization
2026-01-10 23:33:58,486 - src.feature_generation - INFO - ℹ️ 🍎 Optimized for: Apple Silicon M1/M2/M3 Macs
2026-01-10 23:33:58,486 - src.feature_generation - INFO - ℹ️ 🚀 Advanced utilities available (optimization, analysis, etc.)
2026-01-10 23:33:58,486 - src.feature_generation - INFO - ℹ️ ⚡ VectorBT optimizations available (advanced volatility, volume, batch processing)
2026-01-10 23:33:58,486 - MLCommon.HPOUtils - INFO - ℹ️ ✅ VectorBT optimization available
2026-01-10 23:33:58,487 - MLCommon.HPOUtils - INFO - ℹ️ 🚀 Initializing Enhanced HyperparameterOptimization...
2026-01-10 23:33:58,487 - MLCommon.HPOUtils.HPOUtils - INFO - ℹ️ ✅ VectorBT Rolling Optimizer initialized
2026-01-10 23:33:58,487 - MLCommon.HPOUtils.HPOUtils - INFO - ℹ️ ✅ Unified Vectorization Manager initialized
2026-01-10 23:33:58,487 - MLCommon.HPOUtils - INFO - ℹ️ ⚙️ Configuration - Parallel processing: True
2026-01-10 23:33:58,487 - MLCommon.HPOUtils - INFO - ℹ️ ⚙️ Configuration - Max workers: 4
2026-01-10 23:33:58,487 - MLCommon.HPOUtils - INFO - ℹ️ ⚙️ Configuration - Monitoring enabled: True
2026-01-10 23:33:58,487 - MLCommon.HPOUtils - INFO - ℹ️ 🚀 Configuration - Non-linear optimization: True
2026-01-10 23:33:58,488 - MLCommon.HPOUtils - INFO - ℹ️ ✅ Enhanced HyperparameterOptimization initialized successfully
2026-01-10 23:33:58,512 - DataCleaner - INFO - ℹ️ Using klines-specific gap thresholds: {<GapType.SMALL: 'small'>: 65, <GapType.MEDIUM: 'medium'>: 300, <GapType.LARGE: 'large'>: 1800, <GapType.CRITICAL: 'critical'>: 3600}
2026-01-10 23:33:58,513 - System.UnifiedDataUtils - INFO - ℹ️ 🚀 Unified Data Utils initialized
2026-01-10 23:33:58,520 - System.EvaluationUtils - INFO - ℹ️ EvaluationUtils delegating core metric computation to unified_evaluator
2026-01-10 23:33:58,524 - src.utils.ml_common.validation.data_leakage_prevention - INFO - ℹ️ 🔒 Data Leakage Prevention initialized with CRITICAL financial thresholds:
2026-01-10 23:33:58,524 - src.utils.ml_common.validation.data_leakage_prevention - INFO - ℹ️    • Critical leakage threshold: 5.0% (was 25%)
2026-01-10 23:33:58,524 - src.utils.ml_common.validation.data_leakage_prevention - INFO - ℹ️    • Warning leakage threshold: 2.0% (was 10%)
2026-01-10 23:33:58,525 - src.utils.ml_common.validation.data_leakage_prevention - INFO - ℹ️    • Small dataset multiplier: 1.0 (was 1.5)
2026-01-10 23:33:58,525 - src.utils.ml_common.validation.data_leakage_prevention - INFO - ℹ️    • These strict thresholds are ESSENTIAL for financial data integrity
2026-01-10 23:33:58,525 - src.utils.ml_common.validation.data_leakage_prevention - INFO - ℹ️    • Even 1-2% leakage can invalidate backtesting results
2026-01-10 23:33:58,525 - src.utils.ml_common.validation.data_leakage_prevention - INFO - ℹ️    • High model scores (>96%) often indicate undetected temporal leakage
2026-01-10 23:33:58,529 - src.utils.ml_common.validation.overfitting_monitoring - INFO - ℹ️ ✅ Overfitting Monitoring initialized
2026-01-10 23:33:58,533 - src.utils.ml_common.validation.hpo_overfitting_prevention - INFO - ℹ️ ✅ HPO with Overfitting Prevention initialized
2026-01-10 23:33:58,542 - src.utils.ml_common.validation.model_complexity_analysis - INFO - ℹ️ ✅ Model Complexity Analyzer initialized
2026-01-10 23:33:58,548 - EnhancedReportingSystem.EnhancedReportingSystem - INFO - ℹ️ 📊 Enhanced Reporting System initialized
2026-01-10 23:33:58,548 - src.utils.ml_common.reporting.validation_reporting_integration - INFO - ℹ️ ✅ Validation Reporting Integrator initialized
2026-01-10 23:33:58,550 - src.utils.ml_common.validation.data_leakage_prevention - INFO - ℹ️ 🔒 Data Leakage Prevention initialized with CRITICAL financial thresholds:
2026-01-10 23:33:58,550 - src.utils.ml_common.validation.data_leakage_prevention - INFO - ℹ️    • Critical leakage threshold: 5.0% (was 25%)
2026-01-10 23:33:58,550 - src.utils.ml_common.validation.data_leakage_prevention - INFO - ℹ️    • Warning leakage threshold: 2.0% (was 10%)
2026-01-10 23:33:58,550 - src.utils.ml_common.validation.data_leakage_prevention - INFO - ℹ️    • Small dataset multiplier: 1.0 (was 1.5)
2026-01-10 23:33:58,550 - src.utils.ml_common.validation.data_leakage_prevention - INFO - ℹ️    • These strict thresholds are ESSENTIAL for financial data integrity
2026-01-10 23:33:58,551 - src.utils.ml_common.validation.data_leakage_prevention - INFO - ℹ️    • Even 1-2% leakage can invalidate backtesting results
2026-01-10 23:33:58,551 - src.utils.ml_common.validation.data_leakage_prevention - INFO - ℹ️    • High model scores (>96%) often indicate undetected temporal leakage
2026-01-10 23:33:58,551 - src.utils.ml_common.validation.overfitting_monitoring - INFO - ℹ️ ✅ Overfitting Monitoring initialized
2026-01-10 23:33:58,552 - src.utils.ml_common.validation.enhanced_validation - INFO - ℹ️ ✅ Enhanced Validation initialized
2026-01-10 23:33:58,552 - src.utils.ml_common.validation.hpo_overfitting_prevention - INFO - ℹ️ ✅ HPO with Overfitting Prevention initialized
2026-01-10 23:33:58,552 - src.utils.ml_common.validation.model_complexity_analysis - INFO - ℹ️ ✅ Model Complexity Analyzer initialized
2026-01-10 23:33:58,552 - src.utils.ml_common.training.universal_validation_integration - INFO - ℹ️ ✅ Universal Validation Integrator initialized with new utilities
2026-01-10 23:33:58,619 - System.sr_clustering - INFO - ℹ️ Initializing SR Clustering module
2026-01-10 23:33:58,621 - System.sr_clustering - INFO - ℹ️ ✅ Successfully imported SRBacktestingEngine components
2026-01-10 23:33:58,623 - System.sr_clustering - INFO - ℹ️ ✅ Successfully imported BacktestingEnhancedClustering components
2026-01-10 23:33:58,625 - System.sr_clustering - INFO - ℹ️ ✅ Successfully imported WeightOptimizationEngine components
2026-01-10 23:33:58,627 - System.sr_clustering - INFO - ℹ️ ✅ Successfully imported PredictiveSREngine components
2026-01-10 23:33:58,628 - System.sr_clustering - INFO - ℹ️ ✅ Successfully imported TradingMLIntegration components
2026-01-10 23:33:58,629 - System.sr_clustering - INFO - ℹ️ 🎉 SR Clustering module initialization completed successfully
2026-01-10 23:33:58,812 - root - INFO - ℹ️ ✅ VectorBT compatibility layer loaded successfully
2026-01-10 23:33:58,823 - sr_error_handlers - INFO - ℹ️ SR Error Handlers module initialized
2026-01-10 23:34:03,234 - src.utils.hardware.m1_memory_optimizer.M1MemoryOptimizer - INFO - ℹ️ 🧹 Moderate cleanup: 20105 objects collected
2026-01-10 23:34:05,965 - DataQualityFramework - INFO - ℹ️ ✅ Comprehensive duplicate analyzer integrated
2026-01-10 23:34:05,966 - DataQualityFramework - INFO - ℹ️ 🔧 Unified Data Quality Framework initialized (singleton)
2026-01-10 23:34:05,967 - DataCleaner - INFO - ℹ️ Using klines-specific gap thresholds: {<GapType.SMALL: 'small'>: 65, <GapType.MEDIUM: 'medium'>: 300, <GapType.LARGE: 'large'>: 1800, <GapType.CRITICAL: 'critical'>: 3600}
2026-01-10 23:34:05,967 - DataCleaner - INFO - ℹ️ Using klines-specific gap thresholds: {<GapType.SMALL: 'small'>: 65, <GapType.MEDIUM: 'medium'>: 300, <GapType.LARGE: 'large'>: 1800, <GapType.CRITICAL: 'critical'>: 3600}
2026-01-10 23:34:05,968 - DataCleanerManager - INFO - ℹ️ 🔧 DataCleanerManager initialized (singleton)
2026-01-10 23:34:05,970 - System.AdvancedQualityMetrics - INFO - ℹ️ 📊 AdvancedQualityMetrics initialized with tolerant parameters
2026-01-10 23:34:05,974 - System.DataStreamingManager - INFO - ℹ️ 🚀 DataStreamingManager initialized (singleton): chunk_size=10000, memory_threshold=0.8
2026-01-10 23:34:05,975 - System.CrossStepValidator - INFO - ℹ️ 🔍 CrossStepValidator initialized with comprehensive consistency rules
2026-01-10 23:34:05,976 - DataCleaner - INFO - ℹ️ Using klines-specific gap thresholds: {<GapType.SMALL: 'small'>: 65, <GapType.MEDIUM: 'medium'>: 300, <GapType.LARGE: 'large'>: 1800, <GapType.CRITICAL: 'critical'>: 3600}
2026-01-10 23:34:05,976 - System.UnifiedDataUtils - INFO - ℹ️ 🚀 Unified Data Utils initialized
2026-01-10 23:34:06,007 - utils.hardware.m1_gpu_utils.M1GPUManager - INFO - ℹ️ M1 GPU Manager initialized - M1: True, Generation: m1, MPS: True
2026-01-10 23:34:06,028 - utils.hardware.m1_cpu_optimizer.M1CPUOptimizer - INFO - ℹ️ 🧠 M1 CPU Optimizer initialized for M1 (4P+4E cores)
2026-01-10 23:34:06,050 - utils.matrix_operations.enhanced_operations.CustomMatrixOperationsRegistry - INFO - ℹ️ 📝 Registered custom matrix operation: gpu_condition_number
2026-01-10 23:34:06,050 - utils.matrix_operations.enhanced_operations.CustomMatrixOperationsRegistry - INFO - ℹ️ 📝 Registered custom matrix operation: gpu_matrix_rank
2026-01-10 23:34:06,050 - utils.matrix_operations.enhanced_operations.CustomMatrixOperationsRegistry - INFO - ℹ️ 📝 Registered custom matrix operation: matrix_normalize
2026-01-10 23:34:06,050 - utils.matrix_operations.enhanced_operations.CustomMatrixOperationsRegistry - INFO - ℹ️ 📝 Registered custom matrix operation: extract_matrix_features
2026-01-10 23:34:06,054 - utils.matrix_operations - INFO - ℹ️ ✅ Unified Matrix Operations module initialized
2026-01-10 23:34:06,054 - utils.matrix_operations - INFO - ℹ️ 📦 Version: 1.0.0
2026-01-10 23:34:06,054 - utils.matrix_operations - INFO - ℹ️ 🔧 Features: VectorBT optimizations, GPU acceleration, memory optimization, vectorized processing, batch operations
2026-01-10 23:34:06,055 - utils.matrix_operations - INFO - ℹ️ 🍎 Optimized for: Apple Silicon M1/M2/M3 Macs
2026-01-10 23:34:06,055 - utils.matrix_operations - INFO - ℹ️ 🚀 VectorBT optimizations enabled - expect 2-10x performance improvements
2026-01-10 23:34:06,055 - utils.matrix_operations - INFO - ℹ️ 🎯 VectorBTRollingOptimizer available - enhanced rolling operations
2026-01-10 23:34:06,055 - utils.matrix_operations - INFO - ℹ️ ⚡ UnifiedVectorizationManager available - unified vectorization operations
2026-01-10 23:34:06,075 - src.config.regime_ensemble_training.config_manager.RegimeEnsembleTrainingConfigManager - INFO - ℹ️ RegimeEnsembleTrainingConfigManager initialisé
2026-01-10 23:34:06,075 - src.config.regime_ensemble_training.config_manager.RegimeEnsembleTrainingConfigManager - INFO - ℹ️ Répertoire config: /Users/remyroche/Documents/Ares/src/config/regime_ensemble_training
2026-01-10 23:34:06,075 - src.config.regime_ensemble_training.config_manager.RegimeEnsembleTrainingConfigManager - INFO - ℹ️ Config personnalisée: None
2026-01-10 23:34:06,075 - src.config.regime_ensemble_training.config_manager.RegimeEnsembleTrainingConfigManager - INFO - ℹ️ Fallback hardcodé: True
2026-01-10 23:34:06,076 - ares.registry - INFO - ℹ️ Registered step: regime_ensemble_training
[2026-01-10 23:34:06.076] ✅ Regime ensemble training step registered SUCCESS
2026-01-10 23:34:06,076 - System.tprint - INFO - ℹ️ ✅ Regime ensemble training step registered SUCCESS
2026-01-10 23:34:06,078 - ares.registry - INFO - ℹ️ Registered step: regime_feature_selection
✅ Mac M1 MPS GPU detected and enabled
2026-01-10 23:34:06,162 - src.training.steps.market_analysis.shared_utils.execution_mode_lookback_config - INFO - ℹ️ 🔧 Initializing Execution Mode Lookback Configuration
2026-01-10 23:34:06,162 - src.training.steps.market_analysis.shared_utils.execution_mode_lookback_config - INFO - ℹ️ ✅ Execution Mode Lookback Configuration initialized
2026-01-10 23:34:06,167 - ares.registry - INFO - ℹ️ Registered step: feature_generation_data_validation_step
[2026-01-10 23:34:06.168] ✅ Feature generation data validation step registered SUCCESS
2026-01-10 23:34:06,168 - System.tprint - INFO - ℹ️ ✅ Feature generation data validation step registered SUCCESS
[2026-01-10 23:34:06.168] 🔧 Loading labeling components...
2026-01-10 23:34:06,168 - System.tprint - INFO - ℹ️ 🔧 Loading labeling components...
✅ Using ORF-based Layer 3 implementation
2026-01-10 23:34:07,857 - ares.registry - INFO - ℹ️ Registered step: global_meta_labeling_hpo_sample_weighted
2026-01-10 23:34:07,863 - ares.registry - INFO - ℹ️ Registered step: meta_gated_backtest
[2026-01-10 23:34:07.863] ✅ Meta-gated backtest step registered SUCCESS
2026-01-10 23:34:07,863 - System.tprint - INFO - ℹ️ ✅ Meta-gated backtest step registered SUCCESS
2026-01-10 23:34:07,864 - ares.registry - INFO - ℹ️ Registered step: meta_labeling_hpo_sample_weighted
2026-01-10 23:34:07,864 - ares.registry - INFO - ℹ️ Registered step: meta_labeling_hpo
2026-01-10 23:34:07,864 - ares.registry - INFO - ℹ️ Registered step: meta_labeling_sample_weighted
2026-01-10 23:34:07,864 - ares.registry - INFO - ℹ️ Registered step: meta_labeling_hpo_experiment
2026-01-10 23:34:07,864 - ares.registry - INFO - ℹ️ Registered step: sr_labeling_xgb
2026-01-10 23:34:07,864 - ares.registry - INFO - ℹ️ Registered step: global_meta_labeling_hpo_sample_weighted
2026-01-10 23:34:07,864 - ares.registry - INFO - ℹ️ Registered step: train_specialists_with_gmm
2026-01-10 23:34:07,865 - ares.registry - INFO - ℹ️ Registered step: label_based_layer_2
2026-01-10 23:34:07,968 - ares.registry - INFO - ℹ️ Registered step: sr_parameter_optimization
2026-01-10 23:34:07,969 - ares.registry - INFO - ℹ️ Registered step: regime_clustering
2026-01-10 23:34:07,969 - ares.registry - INFO - ℹ️ Registered step: regime_ensemble_training
2026-01-10 23:34:07,969 - ares.registry - INFO - ℹ️ Registered step: sr_clustering
2026-01-10 23:34:07,969 - ares.registry - INFO - ℹ️ Registered step: sr_detection
2026-01-10 23:34:07,969 - ares.registry - INFO - ℹ️ Registered step: regime_feature_selection
2026-01-10 23:34:07,969 - ares.registry - INFO - ℹ️ Registered step: sticky_finite_hmm_regime_discovery
2026-01-10 23:34:07,969 - ares.registry - INFO - ℹ️ Registered step: enhanced_ml_momentum_persistence_step
2026-01-10 23:34:07,969 - ares.registry - INFO - ℹ️ Registered step: enhanced_ml_smc_regime_step
2026-01-10 23:34:07,969 - ares.registry - INFO - ℹ️ Registered step: enhanced_ml_volatility_burst_step
2026-01-10 23:34:07,969 - ares.registry - INFO - ℹ️ Registered step: enhanced_ml_volume_force_step
2026-01-10 23:34:07,969 - ares.registry - INFO - ℹ️ Registered step: enhanced_ml_reversion_regime_step
2026-01-10 23:34:07,969 - ares.registry - INFO - ℹ️ Registered step: enhanced_xgb_macro_regime_step
2026-01-10 23:34:07,969 - ares.registry - INFO - ℹ️ Registered step: enhanced_ml_liquidity_regime_step
2026-01-10 23:34:07,969 - ares.registry - INFO - ℹ️ Registered step: enhanced_ml_path_regime_step
2026-01-10 23:34:07,970 - ares.registry - INFO - ℹ️ Registered step: enhanced_ml_risk_regime_step
2026-01-10 23:34:07,970 - ares.registry - INFO - ℹ️ Registered step: enhanced_xgb_meso_regime_step
2026-01-10 23:34:07,970 - ares.registry - INFO - ℹ️ Registered step: enhanced_ml_microstructure_step
2026-01-10 23:34:07,970 - ares.registry - INFO - ℹ️ Registered step: enhanced_ml_candlestick_step
2026-01-10 23:34:07,970 - ares.registry - INFO - ℹ️ Registered step: enhanced_ml_spectral_step
2026-01-10 23:34:07,970 - ares.registry - INFO - ℹ️ Registered step: gmm_based_features
2026-01-10 23:34:07,970 - ares.registry - INFO - ℹ️ Registered step: feature_generation_meta_labeling_step
2026-01-10 23:34:07,970 - ares.registry - INFO - ℹ️ Registered step: meta_labeling_hpo_experiment
[2026-01-10 23:34:07.972] ✅ Custom logger available for MLCommon.ModelTraining
2026-01-10 23:34:07,972 - System.tprint - INFO - ℹ️ ✅ Custom logger available for MLCommon.ModelTraining
[2026-01-10 23:34:07.976] ✅ ML Common utilities loaded successfully
2026-01-10 23:34:07,976 - System.tprint - INFO - ℹ️ ✅ ML Common utilities loaded successfully
2026-01-10 23:34:07,977 - System.CrossStepValidator - INFO - ℹ️ 🔍 CrossStepValidator initialized with comprehensive consistency rules
================================================================================
🚀 ENHANCED KLINES PROCESSING PIPELINE - MULTI-ASSET MODE
================================================================================

📊 Configuration:
   - Exchange: binance
   - Assets: LINKUSDT, SOLUSDT
   - Interval: 1m
   - Lookback: 3 years
   - Data Directory: historical_data
   - Gap Filling: ✅ Enabled (API + Binance Vision)
   - Resampling: ✅ Enabled

🔧 Initializing pipeline...
✅ Pipeline initialized

🔗 Connecting to BINANCE...
[2026-01-10 23:34:08.030] WARNING: ⚠️ ExchangeInterface unavailable; using existing/local data only
2026-01-10 23:34:08,030 - System.tprint - WARNING - ⚠️ ExchangeInterface unavailable; using existing/local data only


============================================================
📦 Processing Asset 1/2: LINKUSDT
============================================================
⏰ Start: 2026-01-10 23:34:08
DEBUG MULTI: resampling_config=ResamplingConfig(target_intervals=['5m', '15m', '30m', '1h'], method='ohlc', preserve_volume=True, validate_continuity=True, resample_older_than_days=0, enable_auto_resampling=True)
2026-01-10 23:34:08,484 - src.utils.hardware.m1_memory_optimizer.M1MemoryOptimizer - INFO - ℹ️ 🧹 Moderate cleanup: 64 objects collected
2026-01-10 23:34:13,434 - System.ParquetUtils - INFO - ℹ️ ✅ Read parquet: linkusdt_1m_2023_02.parquet -> (40320, 11)
2026-01-10 23:34:13,456 - System.DataProcessor - INFO - ℹ️ 🔧 Optimizing data types - Initial memory: 11.64 MB
2026-01-10 23:34:13,479 - System.DataProcessor - INFO - ℹ️ 🔧 Data type optimization complete:
2026-01-10 23:34:13,479 - System.DataProcessor - INFO - ℹ️    Initial memory: 11.64 MB
2026-01-10 23:34:13,479 - System.DataProcessor - INFO - ℹ️    Final memory: 1.58 MB
2026-01-10 23:34:13,479 - System.DataProcessor - INFO - ℹ️    Memory reduction: 86.5%
2026-01-10 23:34:13,810 - KlinesParquetManager - INFO - ℹ️ 💾 Saved 40320 records to linkusdt_1m_2023_02.parquet
2026-01-10 23:34:16,730 - System.ParquetUtils - INFO - ℹ️ ✅ Read parquet: linkusdt_1m_2023_03.parquet -> (44560, 11)
2026-01-10 23:34:16,756 - System.DataProcessor - INFO - ℹ️ 🔧 Optimizing data types - Initial memory: 12.87 MB
2026-01-10 23:34:16,781 - System.DataProcessor - INFO - ℹ️ 🔧 Data type optimization complete:
2026-01-10 23:34:16,781 - System.DataProcessor - INFO - ℹ️    Initial memory: 12.87 MB
2026-01-10 23:34:16,781 - System.DataProcessor - INFO - ℹ️    Final memory: 1.74 MB
2026-01-10 23:34:16,781 - System.DataProcessor - INFO - ℹ️    Memory reduction: 86.5%
2026-01-10 23:34:16,809 - KlinesParquetManager - INFO - ℹ️ 💾 Saved 44560 records to linkusdt_1m_2023_03.parquet
2026-01-10 23:34:19,166 - src.utils.hardware.m1_memory_optimizer.M1MemoryOptimizer - INFO - ℹ️ 🧹 Moderate cleanup: 33 objects collected
2026-01-10 23:34:19,950 - System.ParquetUtils - INFO - ℹ️ ✅ Read parquet: linkusdt_1m_2023_03.parquet -> (44560, 11)
2026-01-10 23:34:19,975 - System.DataProcessor - INFO - ℹ️ 🔧 Optimizing data types - Initial memory: 12.87 MB
2026-01-10 23:34:20,005 - System.DataProcessor - INFO - ℹ️ 🔧 Data type optimization complete:
2026-01-10 23:34:20,006 - System.DataProcessor - INFO - ℹ️    Initial memory: 12.87 MB
2026-01-10 23:34:20,006 - System.DataProcessor - INFO - ℹ️    Final memory: 1.74 MB
2026-01-10 23:34:20,006 - System.DataProcessor - INFO - ℹ️    Memory reduction: 86.5%
2026-01-10 23:34:20,032 - KlinesParquetManager - INFO - ℹ️ 💾 Saved 44560 records to linkusdt_1m_2023_03.parquet
2026-01-10 23:34:24,517 - src.utils.hardware.m1_memory_optimizer.M1MemoryOptimizer - INFO - ℹ️ 🧹 Moderate cleanup: 17 objects collected
2026-01-10 23:34:30,009 - src.utils.hardware.m1_memory_optimizer.M1MemoryOptimizer - INFO - ℹ️ 🧹 Moderate cleanup: 6 objects collected
2026-01-10 23:34:30,658 - System.ParquetUtils - INFO - ℹ️ ✅ Read parquet: linkusdt_1m_2023_04.parquet -> (43200, 11)
2026-01-10 23:34:30,711 - System.DataProcessor - INFO - ℹ️ 🔧 Optimizing data types - Initial memory: 12.36 MB
2026-01-10 23:34:30,761 - System.DataProcessor - INFO - ℹ️ 🔧 Data type optimization complete:
2026-01-10 23:34:30,761 - System.DataProcessor - INFO - ℹ️    Initial memory: 12.36 MB
2026-01-10 23:34:30,762 - System.DataProcessor - INFO - ℹ️    Final memory: 1.69 MB
2026-01-10 23:34:30,762 - System.DataProcessor - INFO - ℹ️    Memory reduction: 86.3%
2026-01-10 23:34:30,815 - KlinesParquetManager - INFO - ℹ️ 💾 Saved 43200 records to linkusdt_1m_2023_04.parquet
2026-01-10 23:34:34,548 - System.ParquetUtils - INFO - ℹ️ ✅ Read parquet: linkusdt_1m_2023_04.parquet -> (43200, 11)
2026-01-10 23:34:34,579 - System.DataProcessor - INFO - ℹ️ 🔧 Optimizing data types - Initial memory: 12.46 MB
2026-01-10 23:34:34,607 - System.DataProcessor - INFO - ℹ️ 🔧 Data type optimization complete:
2026-01-10 23:34:34,607 - System.DataProcessor - INFO - ℹ️    Initial memory: 12.46 MB
2026-01-10 23:34:34,607 - System.DataProcessor - INFO - ℹ️    Final memory: 1.69 MB
2026-01-10 23:34:34,607 - System.DataProcessor - INFO - ℹ️    Memory reduction: 86.4%
2026-01-10 23:34:34,636 - KlinesParquetManager - INFO - ℹ️ 💾 Saved 43200 records to linkusdt_1m_2023_04.parquet
2026-01-10 23:34:34,651 - System.ParquetUtils - INFO - ℹ️ ✅ Read parquet: linkusdt_1m_2023_05.parquet -> (44640, 11)
2026-01-10 23:34:34,684 - System.DataProcessor - INFO - ℹ️ 🔧 Optimizing data types - Initial memory: 12.90 MB
2026-01-10 23:34:34,714 - System.DataProcessor - INFO - ℹ️ 🔧 Data type optimization complete:
2026-01-10 23:34:34,714 - System.DataProcessor - INFO - ℹ️    Initial memory: 12.90 MB
2026-01-10 23:34:34,714 - System.DataProcessor - INFO - ℹ️    Final memory: 1.75 MB
2026-01-10 23:34:34,714 - System.DataProcessor - INFO - ℹ️    Memory reduction: 86.5%
2026-01-10 23:34:34,751 - KlinesParquetManager - INFO - ℹ️ 💾 Saved 44640 records to linkusdt_1m_2023_05.parquet
2026-01-10 23:34:35,788 - src.utils.hardware.m1_memory_optimizer.M1MemoryOptimizer - INFO - ℹ️ 🧹 Moderate cleanup: 11 objects collected
2026-01-10 23:34:52,888 - src.utils.hardware.m1_memory_optimizer.M1MemoryOptimizer - INFO - ℹ️ 🧹 Moderate cleanup: 6 objects collected
2026-01-10 23:35:03,827 - System.ParquetUtils - INFO - ℹ️ ✅ Read parquet: linkusdt_1m_2023_05.parquet -> (44640, 11)
2026-01-10 23:35:03,930 - System.DataProcessor - INFO - ℹ️ 🔧 Optimizing data types - Initial memory: 12.44 MB
2026-01-10 23:35:05,670 - System.DataProcessor - INFO - ℹ️ 🔧 Data type optimization complete:
2026-01-10 23:35:05,671 - System.DataProcessor - INFO - ℹ️    Initial memory: 12.44 MB
2026-01-10 23:35:05,671 - System.DataProcessor - INFO - ℹ️    Final memory: 1.75 MB
2026-01-10 23:35:05,672 - System.DataProcessor - INFO - ℹ️    Memory reduction: 86.0%
2026-01-10 23:35:05,744 - KlinesParquetManager - INFO - ℹ️ 💾 Saved 44640 records to linkusdt_1m_2023_05.parquet
2026-01-10 23:35:05,784 - System.ParquetUtils - INFO - ℹ️ ✅ Read parquet: linkusdt_1m_2023_06.parquet -> (43200, 11)
2026-01-10 23:35:05,849 - System.DataProcessor - INFO - ℹ️ 🔧 Optimizing data types - Initial memory: 12.48 MB
2026-01-10 23:35:05,900 - System.DataProcessor - INFO - ℹ️ 🔧 Data type optimization complete:
2026-01-10 23:35:05,900 - System.DataProcessor - INFO - ℹ️    Initial memory: 12.48 MB
2026-01-10 23:35:05,900 - System.DataProcessor - INFO - ℹ️    Final memory: 1.69 MB
2026-01-10 23:35:05,901 - System.DataProcessor - INFO - ℹ️    Memory reduction: 86.5%
2026-01-10 23:35:05,978 - KlinesParquetManager - INFO - ℹ️ 💾 Saved 43200 records to linkusdt_1m_2023_06.parquet
2026-01-10 23:35:11,812 - src.utils.hardware.m1_memory_optimizer.M1MemoryOptimizer - INFO - ℹ️ 🧹 Moderate cleanup: 6 objects collected
2026-01-10 23:35:21,494 - System.ParquetUtils - INFO - ℹ️ ✅ Read parquet: linkusdt_1m_2023_06.parquet -> (43200, 11)
2026-01-10 23:35:21,577 - System.DataProcessor - INFO - ℹ️ 🔧 Optimizing data types - Initial memory: 12.21 MB
2026-01-10 23:35:21,636 - System.DataProcessor - INFO - ℹ️ 🔧 Data type optimization complete:
2026-01-10 23:35:21,637 - System.DataProcessor - INFO - ℹ️    Initial memory: 12.21 MB
2026-01-10 23:35:21,637 - System.DataProcessor - INFO - ℹ️    Final memory: 1.69 MB
2026-01-10 23:35:21,637 - System.DataProcessor - INFO - ℹ️    Memory reduction: 86.2%
2026-01-10 23:35:21,706 - KlinesParquetManager - INFO - ℹ️ 💾 Saved 43200 records to linkusdt_1m_2023_06.parquet
2026-01-10 23:35:23,768 - src.utils.hardware.m1_memory_optimizer.M1MemoryOptimizer - INFO - ℹ️ 🧹 Moderate cleanup: 6 objects collected
2026-01-10 23:35:29,983 - System.ParquetUtils - INFO - ℹ️ ✅ Read parquet: linkusdt_1m_2023_07.parquet -> (44640, 11)
2026-01-10 23:35:30,048 - System.DataProcessor - INFO - ℹ️ 🔧 Optimizing data types - Initial memory: 12.83 MB
2026-01-10 23:35:30,107 - System.DataProcessor - INFO - ℹ️ 🔧 Data type optimization complete:
2026-01-10 23:35:30,107 - System.DataProcessor - INFO - ℹ️    Initial memory: 12.83 MB
2026-01-10 23:35:30,108 - System.DataProcessor - INFO - ℹ️    Final memory: 1.75 MB
2026-01-10 23:35:30,108 - System.DataProcessor - INFO - ℹ️    Memory reduction: 86.4%
2026-01-10 23:35:30,168 - KlinesParquetManager - INFO - ℹ️ 💾 Saved 44640 records to linkusdt_1m_2023_07.parquet
2026-01-10 23:35:33,622 - src.utils.hardware.unified_hardware_manager.HardwarePerformanceMonitor - WARNING - ⚠️ 🚨 ALERT: cpu_usage (95.6) exceeds threshold (85.0)
2026-01-10 23:35:37,998 - src.utils.hardware.m1_memory_optimizer.M1MemoryOptimizer - INFO - ℹ️ 🧹 Moderate cleanup: 18 objects collected
2026-01-10 23:35:38,182 - System.ParquetUtils - INFO - ℹ️ ✅ Read parquet: linkusdt_1m_2023_08.parquet -> (44640, 11)
2026-01-10 23:35:38,255 - System.DataProcessor - INFO - ℹ️ 🔧 Optimizing data types - Initial memory: 12.89 MB
2026-01-10 23:35:38,332 - System.DataProcessor - INFO - ℹ️ 🔧 Data type optimization complete:
2026-01-10 23:35:38,333 - System.DataProcessor - INFO - ℹ️    Initial memory: 12.89 MB
2026-01-10 23:35:38,333 - System.DataProcessor - INFO - ℹ️    Final memory: 1.75 MB
2026-01-10 23:35:38,333 - System.DataProcessor - INFO - ℹ️    Memory reduction: 86.5%
2026-01-10 23:35:38,428 - KlinesParquetManager - INFO - ℹ️ 💾 Saved 44640 records to linkusdt_1m_2023_08.parquet
2026-01-10 23:35:44,190 - src.utils.hardware.m1_memory_optimizer.M1MemoryOptimizer - INFO - ℹ️ 🧹 Moderate cleanup: 17 objects collected
2026-01-10 23:36:01,108 - System.ParquetUtils - INFO - ℹ️ ✅ Read parquet: linkusdt_1m_2023_08.parquet -> (44640, 11)
2026-01-10 23:36:01,173 - System.DataProcessor - INFO - ℹ️ 🔧 Optimizing data types - Initial memory: 12.61 MB
2026-01-10 23:36:01,236 - System.DataProcessor - INFO - ℹ️ 🔧 Data type optimization complete:
2026-01-10 23:36:01,236 - System.DataProcessor - INFO - ℹ️    Initial memory: 12.61 MB
2026-01-10 23:36:01,236 - System.DataProcessor - INFO - ℹ️    Final memory: 1.75 MB
2026-01-10 23:36:01,236 - System.DataProcessor - INFO - ℹ️    Memory reduction: 86.2%
2026-01-10 23:36:01,314 - KlinesParquetManager - INFO - ℹ️ 💾 Saved 44640 records to linkusdt_1m_2023_08.parquet
2026-01-10 23:36:01,348 - System.ParquetUtils - INFO - ℹ️ ✅ Read parquet: linkusdt_1m_2023_09.parquet -> (43200, 11)
2026-01-10 23:36:01,409 - System.DataProcessor - INFO - ℹ️ 🔧 Optimizing data types - Initial memory: 12.48 MB
2026-01-10 23:36:01,481 - System.DataProcessor - INFO - ℹ️ 🔧 Data type optimization complete:
2026-01-10 23:36:01,482 - System.DataProcessor - INFO - ℹ️    Initial memory: 12.48 MB
2026-01-10 23:36:01,483 - System.DataProcessor - INFO - ℹ️    Final memory: 1.69 MB
2026-01-10 23:36:01,483 - System.DataProcessor - INFO - ℹ️    Memory reduction: 86.5%
2026-01-10 23:36:01,548 - KlinesParquetManager - INFO - ℹ️ 💾 Saved 43200 records to linkusdt_1m_2023_09.parquet
2026-01-10 23:36:04,334 - src.utils.hardware.m1_memory_optimizer.M1MemoryOptimizer - INFO - ℹ️ 🧹 Moderate cleanup: 12 objects collected
2026-01-10 23:36:16,669 - src.utils.hardware.m1_memory_optimizer.M1MemoryOptimizer - INFO - ℹ️ 🧠 M1 Memory pressure at 0.81
2026-01-10 23:36:19,244 - System.ParquetUtils - INFO - ℹ️ ✅ Read parquet: linkusdt_1m_2023_09.parquet -> (43200, 11)
2026-01-10 23:36:19,285 - System.DataProcessor - INFO - ℹ️ 🔧 Optimizing data types - Initial memory: 12.23 MB
2026-01-10 23:36:19,314 - System.DataProcessor - INFO - ℹ️ 🔧 Data type optimization complete:
2026-01-10 23:36:19,315 - System.DataProcessor - INFO - ℹ️    Initial memory: 12.23 MB
2026-01-10 23:36:19,315 - System.DataProcessor - INFO - ℹ️    Final memory: 1.69 MB
2026-01-10 23:36:19,315 - System.DataProcessor - INFO - ℹ️    Memory reduction: 86.2%
2026-01-10 23:36:19,350 - KlinesParquetManager - INFO - ℹ️ 💾 Saved 43200 records to linkusdt_1m_2023_09.parquet
2026-01-10 23:36:29,696 - src.utils.hardware.m1_memory_optimizer.M1MemoryOptimizer - INFO - ℹ️ 🧹 Moderate cleanup: 5 objects collected
2026-01-10 23:36:36,058 - src.utils.hardware.m1_memory_optimizer.M1MemoryOptimizer - INFO - ℹ️ 🧹 Moderate cleanup: 6 objects collected
2026-01-10 23:36:36,220 - System.ParquetUtils - INFO - ℹ️ ✅ Read parquet: linkusdt_1m_2024_07.parquet -> (44640, 11)
2026-01-10 23:36:36,302 - System.DataProcessor - INFO - ℹ️ 🔧 Optimizing data types - Initial memory: 12.78 MB
2026-01-10 23:36:36,386 - System.DataProcessor - INFO - ℹ️ 🔧 Data type optimization complete:
2026-01-10 23:36:36,387 - System.DataProcessor - INFO - ℹ️    Initial memory: 12.78 MB
2026-01-10 23:36:36,387 - System.DataProcessor - INFO - ℹ️    Final memory: 1.75 MB
2026-01-10 23:36:36,387 - System.DataProcessor - INFO - ℹ️    Memory reduction: 86.3%
2026-01-10 23:36:36,464 - KlinesParquetManager - INFO - ℹ️ 💾 Saved 44640 records to linkusdt_1m_2024_07.parquet
2026-01-10 23:36:36,502 - System.ParquetUtils - INFO - ℹ️ ✅ Read parquet: linkusdt_1m_2024_08.parquet -> (44640, 11)
2026-01-10 23:36:36,577 - System.DataProcessor - INFO - ℹ️ 🔧 Optimizing data types - Initial memory: 12.89 MB
2026-01-10 23:36:36,658 - System.DataProcessor - INFO - ℹ️ 🔧 Data type optimization complete:
2026-01-10 23:36:36,659 - System.DataProcessor - INFO - ℹ️    Initial memory: 12.89 MB
2026-01-10 23:36:36,659 - System.DataProcessor - INFO - ℹ️    Final memory: 1.75 MB
2026-01-10 23:36:36,659 - System.DataProcessor - INFO - ℹ️    Memory reduction: 86.5%
2026-01-10 23:36:36,738 - KlinesParquetManager - INFO - ℹ️ 💾 Saved 44640 records to linkusdt_1m_2024_08.parquet
2026-01-10 23:36:42,648 - src.utils.hardware.m1_memory_optimizer.M1MemoryOptimizer - INFO - ℹ️ 🧹 Moderate cleanup: 6 objects collected
2026-01-10 23:36:55,145 - System.ParquetUtils - INFO - ℹ️ ✅ Read parquet: linkusdt_1m_2024_08.parquet -> (44640, 11)
2026-01-10 23:36:55,227 - System.DataProcessor - INFO - ℹ️ 🔧 Optimizing data types - Initial memory: 12.60 MB
2026-01-10 23:36:55,294 - System.DataProcessor - INFO - ℹ️ 🔧 Data type optimization complete:
2026-01-10 23:36:55,295 - System.DataProcessor - INFO - ℹ️    Initial memory: 12.60 MB
2026-01-10 23:36:55,295 - System.DataProcessor - INFO - ℹ️    Final memory: 1.75 MB
2026-01-10 23:36:55,295 - System.DataProcessor - INFO - ℹ️    Memory reduction: 86.1%
2026-01-10 23:36:55,366 - KlinesParquetManager - INFO - ℹ️ 💾 Saved 44640 records to linkusdt_1m_2024_08.parquet
2026-01-10 23:37:01,729 - src.utils.hardware.m1_memory_optimizer.M1MemoryOptimizer - INFO - ℹ️ 🧹 Moderate cleanup: 5 objects collected
2026-01-10 23:37:02,300 - System.ParquetUtils - INFO - ℹ️ ✅ Read parquet: linkusdt_1m_2024_08.parquet -> (44640, 11)
2026-01-10 23:37:02,382 - System.DataProcessor - INFO - ℹ️ 🔧 Optimizing data types - Initial memory: 12.86 MB
2026-01-10 23:37:02,473 - System.DataProcessor - INFO - ℹ️ 🔧 Data type optimization complete:
2026-01-10 23:37:02,474 - System.DataProcessor - INFO - ℹ️    Initial memory: 12.86 MB
2026-01-10 23:37:02,474 - System.DataProcessor - INFO - ℹ️    Final memory: 1.75 MB
2026-01-10 23:37:02,474 - System.DataProcessor - INFO - ℹ️    Memory reduction: 86.4%
2026-01-10 23:37:02,597 - KlinesParquetManager - INFO - ℹ️ 💾 Saved 44640 records to linkusdt_1m_2024_08.parquet
2026-01-10 23:37:07,761 - src.utils.hardware.m1_memory_optimizer.M1MemoryOptimizer - INFO - ℹ️ 🧹 Moderate cleanup: 6 objects collected
2026-01-10 23:37:19,905 - src.utils.hardware.m1_memory_optimizer.M1MemoryOptimizer - INFO - ℹ️ 🧹 Moderate cleanup: 6 objects collected
2026-01-10 23:37:21,201 - System.ParquetUtils - INFO - ℹ️ ✅ Read parquet: linkusdt_1m_2024_08.parquet -> (44640, 11)
2026-01-10 23:37:21,286 - System.DataProcessor - INFO - ℹ️ 🔧 Optimizing data types - Initial memory: 12.90 MB
2026-01-10 23:37:21,373 - System.DataProcessor - INFO - ℹ️ 🔧 Data type optimization complete:
2026-01-10 23:37:21,373 - System.DataProcessor - INFO - ℹ️    Initial memory: 12.90 MB
2026-01-10 23:37:21,373 - System.DataProcessor - INFO - ℹ️    Final memory: 1.75 MB
2026-01-10 23:37:21,374 - System.DataProcessor - INFO - ℹ️    Memory reduction: 86.5%
2026-01-10 23:37:21,463 - KlinesParquetManager - INFO - ℹ️ 💾 Saved 44640 records to linkusdt_1m_2024_08.parquet
2026-01-10 23:37:21,502 - System.ParquetUtils - INFO - ℹ️ ✅ Read parquet: linkusdt_1m_2024_09.parquet -> (43200, 11)
2026-01-10 23:37:21,596 - System.DataProcessor - INFO - ℹ️ 🔧 Optimizing data types - Initial memory: 12.16 MB
2026-01-10 23:37:21,666 - System.DataProcessor - INFO - ℹ️ 🔧 Data type optimization complete:
2026-01-10 23:37:21,666 - System.DataProcessor - INFO - ℹ️    Initial memory: 12.16 MB
2026-01-10 23:37:21,667 - System.DataProcessor - INFO - ℹ️    Final memory: 1.69 MB
2026-01-10 23:37:21,667 - System.DataProcessor - INFO - ℹ️    Memory reduction: 86.1%
2026-01-10 23:37:21,749 - KlinesParquetManager - INFO - ℹ️ 💾 Saved 43200 records to linkusdt_1m_2024_09.parquet
2026-01-10 23:37:25,559 - src.utils.hardware.m1_memory_optimizer.M1MemoryOptimizer - INFO - ℹ️ 🧹 Moderate cleanup: 5 objects collected
2026-01-10 23:37:40,679 - src.utils.hardware.unified_hardware_manager.HardwarePerformanceMonitor - WARNING - ⚠️ 🚨 ALERT: cpu_usage (91.5) exceeds threshold (85.0)
2026-01-10 23:37:46,929 - src.utils.hardware.m1_memory_optimizer.M1MemoryOptimizer - INFO - ℹ️ 🧹 Moderate cleanup: 6 objects collected
2026-01-10 23:37:58,398 - System.ParquetUtils - INFO - ℹ️ ✅ Read parquet: linkusdt_1m_2024_10.parquet -> (44640, 11)
2026-01-10 23:37:58,842 - System.DataProcessor - INFO - ℹ️ 🔧 Optimizing data types - Initial memory: 12.50 MB
2026-01-10 23:37:58,938 - System.DataProcessor - INFO - ℹ️ 🔧 Data type optimization complete:
2026-01-10 23:37:58,939 - System.DataProcessor - INFO - ℹ️    Initial memory: 12.50 MB
2026-01-10 23:37:58,939 - System.DataProcessor - INFO - ℹ️    Final memory: 1.75 MB
2026-01-10 23:37:58,939 - System.DataProcessor - INFO - ℹ️    Memory reduction: 86.0%
2026-01-10 23:37:59,048 - KlinesParquetManager - INFO - ℹ️ 💾 Saved 44640 records to linkusdt_1m_2024_10.parquet
2026-01-10 23:37:59,163 - System.ParquetUtils - INFO - ℹ️ ✅ Read parquet: linkusdt_1m_2024_11.parquet -> (43200, 11)
2026-01-10 23:38:00,979 - src.utils.hardware.m1_memory_optimizer.M1MemoryOptimizer - INFO - ℹ️ 🧹 Moderate cleanup: 6 objects collected
2026-01-10 23:38:00,981 - System.DataProcessor - INFO - ℹ️ 🔧 Optimizing data types - Initial memory: 12.51 MB
2026-01-10 23:38:01,232 - System.DataProcessor - INFO - ℹ️ 🔧 Data type optimization complete:
2026-01-10 23:38:01,233 - System.DataProcessor - INFO - ℹ️    Initial memory: 12.51 MB
2026-01-10 23:38:01,233 - System.DataProcessor - INFO - ℹ️    Final memory: 1.69 MB
2026-01-10 23:38:01,233 - System.DataProcessor - INFO - ℹ️    Memory reduction: 86.5%
2026-01-10 23:38:01,395 - KlinesParquetManager - INFO - ℹ️ 💾 Saved 43200 records to linkusdt_1m_2024_11.parquet
2026-01-10 23:38:02,533 - System.ParquetUtils - INFO - ℹ️ ✅ Read parquet: linkusdt_1m_2024_11.parquet -> (43200, 11)
2026-01-10 23:38:02,594 - System.DataProcessor - INFO - ℹ️ 🔧 Optimizing data types - Initial memory: 12.50 MB
2026-01-10 23:38:02,655 - System.DataProcessor - INFO - ℹ️ 🔧 Data type optimization complete:
2026-01-10 23:38:02,655 - System.DataProcessor - INFO - ℹ️    Initial memory: 12.50 MB
2026-01-10 23:38:02,655 - System.DataProcessor - INFO - ℹ️    Final memory: 1.69 MB
2026-01-10 23:38:02,655 - System.DataProcessor - INFO - ℹ️    Memory reduction: 86.5%
2026-01-10 23:38:02,719 - KlinesParquetManager - INFO - ℹ️ 💾 Saved 43200 records to linkusdt_1m_2024_11.parquet
2026-01-10 23:38:10,405 - src.utils.hardware.m1_memory_optimizer.M1MemoryOptimizer - INFO - ℹ️ 🧹 Moderate cleanup: 6 objects collected
2026-01-10 23:38:12,228 - src.utils.hardware.unified_hardware_manager.HardwarePerformanceMonitor - WARNING - ⚠️ 🚨 ALERT: cpu_usage (100.0) exceeds threshold (85.0)
2026-01-10 23:38:13,730 - System.ParquetUtils - INFO - ℹ️ ✅ Read parquet: linkusdt_1m_2025_01.parquet -> (44640, 11)
2026-01-10 23:38:13,819 - System.DataProcessor - INFO - ℹ️ 🔧 Optimizing data types - Initial memory: 12.89 MB
2026-01-10 23:38:13,969 - System.DataProcessor - INFO - ℹ️ 🔧 Data type optimization complete:
2026-01-10 23:38:13,971 - System.DataProcessor - INFO - ℹ️    Initial memory: 12.89 MB
2026-01-10 23:38:13,972 - System.DataProcessor - INFO - ℹ️    Final memory: 1.75 MB
2026-01-10 23:38:13,972 - System.DataProcessor - INFO - ℹ️    Memory reduction: 86.5%
2026-01-10 23:38:14,032 - KlinesParquetManager - INFO - ℹ️ 💾 Saved 44640 records to linkusdt_1m_2025_01.parquet
2026-01-10 23:38:17,055 - src.utils.hardware.m1_memory_optimizer.M1MemoryOptimizer - INFO - ℹ️ 🧹 Moderate cleanup: 18 objects collected
2026-01-10 23:38:21,729 - System.ParquetUtils - INFO - ℹ️ ✅ Read parquet: linkusdt_1m_2025_03.parquet -> (44640, 11)
2026-01-10 23:38:21,782 - System.DataProcessor - INFO - ℹ️ 🔧 Optimizing data types - Initial memory: 12.89 MB
2026-01-10 23:38:21,856 - System.DataProcessor - INFO - ℹ️ 🔧 Data type optimization complete:
2026-01-10 23:38:21,856 - System.DataProcessor - INFO - ℹ️    Initial memory: 12.89 MB
2026-01-10 23:38:21,857 - System.DataProcessor - INFO - ℹ️    Final memory: 1.75 MB
2026-01-10 23:38:21,857 - System.DataProcessor - INFO - ℹ️    Memory reduction: 86.5%
2026-01-10 23:38:21,943 - KlinesParquetManager - INFO - ℹ️ 💾 Saved 44640 records to linkusdt_1m_2025_03.parquet
2026-01-10 23:38:23,359 - src.utils.hardware.m1_memory_optimizer.M1MemoryOptimizer - INFO - ℹ️ 🧹 Moderate cleanup: 18 objects collected
2026-01-10 23:38:31,321 - System.ParquetUtils - INFO - ℹ️ ✅ Read parquet: linkusdt_1m_2025_03.parquet -> (44640, 11)
2026-01-10 23:38:31,398 - System.DataProcessor - INFO - ℹ️ 🔧 Optimizing data types - Initial memory: 12.90 MB
2026-01-10 23:38:31,476 - System.DataProcessor - INFO - ℹ️ 🔧 Data type optimization complete:
2026-01-10 23:38:31,477 - System.DataProcessor - INFO - ℹ️    Initial memory: 12.90 MB
2026-01-10 23:38:31,477 - System.DataProcessor - INFO - ℹ️    Final memory: 1.75 MB
2026-01-10 23:38:31,477 - System.DataProcessor - INFO - ℹ️    Memory reduction: 86.5%
2026-01-10 23:38:31,615 - KlinesParquetManager - INFO - ℹ️ 💾 Saved 44640 records to linkusdt_1m_2025_03.parquet
2026-01-10 23:38:31,661 - System.ParquetUtils - INFO - ℹ️ ✅ Read parquet: linkusdt_1m_2025_04.parquet -> (43200, 11)
2026-01-10 23:38:31,760 - System.DataProcessor - INFO - ℹ️ 🔧 Optimizing data types - Initial memory: 12.47 MB
2026-01-10 23:38:31,857 - System.DataProcessor - INFO - ℹ️ 🔧 Data type optimization complete:
2026-01-10 23:38:31,857 - System.DataProcessor - INFO - ℹ️    Initial memory: 12.47 MB
2026-01-10 23:38:31,858 - System.DataProcessor - INFO - ℹ️    Final memory: 1.69 MB
2026-01-10 23:38:31,858 - System.DataProcessor - INFO - ℹ️    Memory reduction: 86.5%
2026-01-10 23:38:31,954 - KlinesParquetManager - INFO - ℹ️ 💾 Saved 43200 records to linkusdt_1m_2025_04.parquet
2026-01-10 23:38:36,071 - System.ParquetUtils - INFO - ℹ️ ✅ Read parquet: linkusdt_1m_2025_04.parquet -> (43200, 11)
2026-01-10 23:38:36,147 - System.DataProcessor - INFO - ℹ️ 🔧 Optimizing data types - Initial memory: 12.41 MB
2026-01-10 23:38:36,232 - System.DataProcessor - INFO - ℹ️ 🔧 Data type optimization complete:
2026-01-10 23:38:36,233 - System.DataProcessor - INFO - ℹ️    Initial memory: 12.41 MB
2026-01-10 23:38:36,233 - System.DataProcessor - INFO - ℹ️    Final memory: 1.69 MB
2026-01-10 23:38:36,233 - System.DataProcessor - INFO - ℹ️    Memory reduction: 86.4%
2026-01-10 23:38:36,314 - KlinesParquetManager - INFO - ℹ️ 💾 Saved 43200 records to linkusdt_1m_2025_04.parquet
2026-01-10 23:38:43,782 - System.ParquetUtils - INFO - ℹ️ ✅ Read parquet: linkusdt_1m_2025_04.parquet -> (43200, 11)
2026-01-10 23:38:43,910 - System.DataProcessor - INFO - ℹ️ 🔧 Optimizing data types - Initial memory: 12.42 MB
2026-01-10 23:38:43,977 - src.utils.hardware.unified_hardware_manager.HardwarePerformanceMonitor - WARNING - ⚠️ 🚨 ALERT: cpu_usage (100.0) exceeds threshold (85.0)
2026-01-10 23:38:44,022 - System.DataProcessor - INFO - ℹ️ 🔧 Data type optimization complete:
2026-01-10 23:38:44,023 - System.DataProcessor - INFO - ℹ️    Initial memory: 12.42 MB
2026-01-10 23:38:44,023 - System.DataProcessor - INFO - ℹ️    Final memory: 1.69 MB
2026-01-10 23:38:44,023 - System.DataProcessor - INFO - ℹ️    Memory reduction: 86.4%
2026-01-10 23:38:44,101 - KlinesParquetManager - INFO - ℹ️ 💾 Saved 43200 records to linkusdt_1m_2025_04.parquet
2026-01-10 23:38:48,699 - System.ParquetUtils - INFO - ℹ️ ✅ Read parquet: linkusdt_1m_2025_04.parquet -> (43200, 11)
2026-01-10 23:38:48,748 - System.DataProcessor - INFO - ℹ️ 🔧 Optimizing data types - Initial memory: 12.48 MB
2026-01-10 23:38:48,797 - System.DataProcessor - INFO - ℹ️ 🔧 Data type optimization complete:
2026-01-10 23:38:48,797 - System.DataProcessor - INFO - ℹ️    Initial memory: 12.48 MB
2026-01-10 23:38:48,797 - System.DataProcessor - INFO - ℹ️    Final memory: 1.69 MB
2026-01-10 23:38:48,798 - System.DataProcessor - INFO - ℹ️    Memory reduction: 86.5%
2026-01-10 23:38:48,839 - KlinesParquetManager - INFO - ℹ️ 💾 Saved 43200 records to linkusdt_1m_2025_04.parquet
2026-01-10 23:38:48,861 - System.ParquetUtils - INFO - ℹ️ ✅ Read parquet: linkusdt_1m_2025_05.parquet -> (44640, 11)
2026-01-10 23:38:48,899 - System.DataProcessor - INFO - ℹ️ 🔧 Optimizing data types - Initial memory: 12.89 MB
2026-01-10 23:38:48,947 - System.DataProcessor - INFO - ℹ️ 🔧 Data type optimization complete:
2026-01-10 23:38:48,948 - System.DataProcessor - INFO - ℹ️    Initial memory: 12.89 MB
2026-01-10 23:38:48,948 - System.DataProcessor - INFO - ℹ️    Final memory: 1.75 MB
2026-01-10 23:38:48,948 - System.DataProcessor - INFO - ℹ️    Memory reduction: 86.5%
2026-01-10 23:38:49,010 - KlinesParquetManager - INFO - ℹ️ 💾 Saved 44640 records to linkusdt_1m_2025_05.parquet
2026-01-10 23:38:51,329 - System.ParquetUtils - INFO - ℹ️ ✅ Read parquet: linkusdt_1m_2025_05.parquet -> (44640, 11)
2026-01-10 23:38:51,394 - System.DataProcessor - INFO - ℹ️ 🔧 Optimizing data types - Initial memory: 12.85 MB
2026-01-10 23:38:51,494 - System.DataProcessor - INFO - ℹ️ 🔧 Data type optimization complete:
2026-01-10 23:38:51,494 - System.DataProcessor - INFO - ℹ️    Initial memory: 12.85 MB
2026-01-10 23:38:51,494 - System.DataProcessor - INFO - ℹ️    Final memory: 1.75 MB
2026-01-10 23:38:51,494 - System.DataProcessor - INFO - ℹ️    Memory reduction: 86.4%
/Library/Frameworks/Python.framework/Versions/3.11/lib/python3.11/multiprocessing/resource_tracker.py:224: UserWarning: resource_tracker: There appear to be 1 leaked semaphore objects to clean up at shutdown
  warnings.warn('resource_tracker: There appear to be %d '
