[2026-03-12 19:15:16 UTC] Entering function: retry_with_backoff in utils.py
[2026-03-12 19:15:16 UTC] Loading data: data_root=/Users/remyroche/Documents/Ares/data | features=/Users/remyroche/Documents/Ares/data/features/20260214_190000
[2026-03-12 19:15:16 UTC] Symbols after deduplication: 529
[2026-03-12 19:15:16 UTC] Selected 2 symbols via --max-symbols
[2026-03-12 19:15:16 UTC] Found 2 feature files in /Users/remyroche/Documents/Ares/data/features/20260214_190000. Selective load: keys=14, symbols=2
[2026-03-12 19:15:16 UTC] Selective feature load progress: 2/2 files (100.0%) in 0.1s
[2026-03-12 19:15:16 UTC] Loaded raw arrays for 2 features. Returning LazyFeatureDict proxy.
[2026-03-12 19:15:16 UTC] Lazy-assembling DataFrame for 'vol_regime_z'...
[2026-03-12 19:15:16 UTC] Lazy-assembling DataFrame for 'rv_ratio_6_24'...
[2026-03-12 19:15:16 UTC] Total rows available before SlicePlanner: 3036
[2026-03-12 19:15:16 UTC] periods/symbols regime_search slice plan failed; using capped sample (Cannot take a larger sample than population when replace is False)
regime_search slice-plan delegation failed; using raw sample: Cannot take a larger sample than population when replace is False
[2026-03-12 19:15:16 UTC] SlicePlanner gave 3036 structured rows for Phase 3+4.
[2026-03-12 19:15:16 UTC] Starting 4-mode Layer 0 optimization (deep=3036, cap=50000, p1_floor=20000)...
[2026-03-12 19:15:16 UTC] Rescaled per-bucket gates for capped sample: rows=3036, min_events=150, min_active_days_fraction=0.250
[2026-03-12 19:15:16 UTC] Running mode price_up_mr in isolated subprocess...
[2026-03-12 19:15:19 UTC] Entering function: retry_with_backoff in utils.py
[2026-03-12 19:15:19 UTC] Building shared cache...
[2026-03-12 19:15:19 UTC] ================================================================================
[2026-03-12 19:15:19 UTC] LAYER 0 MODE SEARCH: price_up_mr
[2026-03-12 19:15:19 UTC] ================================================================================
[2026-03-12 19:15:19 UTC] Phase 1 (price_up_mr): evaluating 216 candidates on 50% symbols + 50% history...
[2026-03-12 19:15:19 UTC] Precomputing Phase 1 rolling tensors for z=4 bars...
[2026-03-12 19:15:23 UTC] Precomputing Phase 1 rolling tensors for z=8 bars...
[2026-03-12 19:15:23 UTC] Precomputing Phase 1 rolling tensors for z=12 bars...
[2026-03-12 19:15:24 UTC] Phase 1 (price_up_mr) top 5 by phase1_proxy_score:
[2026-03-12 19:15:24 UTC]                                                                     name  phase1_proxy_score  basic_directionality_edge_event_vs_non_event  dispersion_to_edge_ratio  total_events  active_days_fraction
                     momentum|z=4|p=short_minus_long_momentum_gt_1.4|d=1            0.830476                                      0.001330                783.933993           278              0.723077
                                  momentum|z=4|p=slope_change_gt_1.6|d=1            0.813953                                      0.002664                694.510840           191              0.723077
                                 momentum|z=12|p=slope_change_gt_1.4|d=1            0.723906                                     -0.007189                696.468534           257              0.753846
compression_transition|z=8|p=compression_expansion_transition_gt_1.6|d=1            0.688771                                      0.005456                417.107653           159              0.630769
                 stretch_location|z=4|p=distance_from_ema_atr_gt_1.4|d=1            0.645022                                     -0.006316                177.994677           249              0.661538
[2026-03-12 19:15:24 UTC] Phase 2 (price_up_mr): full symbols/history for top 9 candidates...
[2026-03-12 19:15:24 UTC] Precomputing Phase 2 rolling tensors for z=4 bars...
Exception in worker for mode price_up_mr:
Traceback (most recent call last):
  File "/Users/remyroche/Documents/Ares/extreme_price_movements/mask_optimiser.py", line 5439, in _mode_worker
    res = _run_mode_search(mode, shared, feature_dict, cfg)
          ^^^^^^^^^^^^^^^^^^^^^^^^^^^^^^^^^^^^^^^^^^^^^^^^^
  File "/Users/remyroche/Documents/Ares/extreme_price_movements/mask_optimiser.py", line 4204, in _run_mode_search
    "param": _safe_param_to_string(param),
                                   ^^^^^
NameError: name 'param' is not defined

[2026-03-12 19:15:25 UTC] Running mode price_up_tf in isolated subprocess...
[2026-03-12 19:15:28 UTC] Entering function: retry_with_backoff in utils.py
[2026-03-12 19:15:28 UTC] Building shared cache...
[2026-03-12 19:15:29 UTC] ================================================================================
[2026-03-12 19:15:29 UTC] LAYER 0 MODE SEARCH: price_up_tf
[2026-03-12 19:15:29 UTC] ================================================================================
[2026-03-12 19:15:29 UTC] Phase 1 (price_up_tf): evaluating 216 candidates on 50% symbols + 50% history...
[2026-03-12 19:15:29 UTC] Precomputing Phase 1 rolling tensors for z=4 bars...
[2026-03-12 19:15:31 UTC] Precomputing Phase 1 rolling tensors for z=8 bars...
[2026-03-12 19:15:32 UTC] Precomputing Phase 1 rolling tensors for z=12 bars...
[2026-03-12 19:15:32 UTC] Phase 1 (price_up_tf) top 5 by phase1_proxy_score:
[2026-03-12 19:15:32 UTC]                                                     name  phase1_proxy_score  basic_directionality_edge_event_vs_non_event  dispersion_to_edge_ratio  total_events  active_days_fraction
                 momentum|z=12|p=slope_change_gt_1.4|d=1            0.982959                                      0.007189                696.468534           257              0.753846
 stretch_location|z=4|p=distance_from_ema_atr_gt_1.4|d=1            0.828127                                      0.006316                177.994677           249              0.661538
stretch_location|z=4|p=distance_from_vwap_atr_gt_1.4|d=1            0.828127                                      0.006316                177.994677           249              0.661538
momentum|z=8|p=atr_normalized_trailing_return_gt_1.4|d=1            0.812126                                      0.012649                159.020541           286              0.538462
momentum|z=8|p=atr_normalized_trailing_return_gt_1.6|d=1            0.795867                                      0.015596                134.985232           234              0.523077
[2026-03-12 19:15:32 UTC] Phase 2 (price_up_tf): full symbols/history for top 9 candidates...
[2026-03-12 19:15:32 UTC] Precomputing Phase 2 rolling tensors for z=12 bars...
Exception in worker for mode price_up_tf:
Traceback (most recent call last):
  File "/Users/remyroche/Documents/Ares/extreme_price_movements/mask_optimiser.py", line 5439, in _mode_worker
    res = _run_mode_search(mode, shared, feature_dict, cfg)
          ^^^^^^^^^^^^^^^^^^^^^^^^^^^^^^^^^^^^^^^^^^^^^^^^^
  File "/Users/remyroche/Documents/Ares/extreme_price_movements/mask_optimiser.py", line 4204, in _run_mode_search
    "param": _safe_param_to_string(param),
                                   ^^^^^
NameError: name 'param' is not defined

[2026-03-12 19:15:34 UTC] Running mode price_down_mr in isolated subprocess...
[2026-03-12 19:15:36 UTC] Entering function: retry_with_backoff in utils.py
[2026-03-12 19:15:37 UTC] Building shared cache...
[2026-03-12 19:15:37 UTC] ================================================================================
[2026-03-12 19:15:37 UTC] LAYER 0 MODE SEARCH: price_down_mr
[2026-03-12 19:15:37 UTC] ================================================================================
[2026-03-12 19:15:37 UTC] Phase 1 (price_down_mr): evaluating 216 candidates on 50% symbols + 50% history...
[2026-03-12 19:15:37 UTC] Precomputing Phase 1 rolling tensors for z=4 bars...
[2026-03-12 19:15:39 UTC] Precomputing Phase 1 rolling tensors for z=8 bars...
[2026-03-12 19:15:40 UTC] Precomputing Phase 1 rolling tensors for z=12 bars...
[2026-03-12 19:15:40 UTC] Phase 1 (price_down_mr) top 5 by phase1_proxy_score:
[2026-03-12 19:15:40 UTC]                                                  name  phase1_proxy_score  basic_directionality_edge_event_vs_non_event  dispersion_to_edge_ratio  total_events  active_days_fraction
 momentum|z=4|p=short_minus_long_momentum_lt_-1.4|d=1            1.060241                                      0.006339                184.403208           253              0.646154
 momentum|z=8|p=short_minus_long_momentum_lt_-1.4|d=1            0.947353                                      0.008100                222.313294           270              0.600000
 momentum|z=4|p=short_minus_long_momentum_lt_-1.6|d=1            0.888692                                      0.005028                220.941347           214              0.646154
momentum|z=12|p=short_minus_long_momentum_lt_-1.4|d=1            0.703556                                      0.006354                389.062061           283              0.600000
momentum|z=12|p=short_minus_long_momentum_lt_-1.6|d=1            0.666164                                      0.007442                300.908211           243              0.600000
[2026-03-12 19:15:40 UTC] Phase 2 (price_down_mr): full symbols/history for top 9 candidates...
[2026-03-12 19:15:40 UTC] Precomputing Phase 2 rolling tensors for z=4 bars...
Exception in worker for mode price_down_mr:
Traceback (most recent call last):
  File "/Users/remyroche/Documents/Ares/extreme_price_movements/mask_optimiser.py", line 5439, in _mode_worker
    res = _run_mode_search(mode, shared, feature_dict, cfg)
          ^^^^^^^^^^^^^^^^^^^^^^^^^^^^^^^^^^^^^^^^^^^^^^^^^
  File "/Users/remyroche/Documents/Ares/extreme_price_movements/mask_optimiser.py", line 4204, in _run_mode_search
    "param": _safe_param_to_string(param),
                                   ^^^^^
NameError: name 'param' is not defined

[2026-03-12 19:15:42 UTC] Running mode price_down_tf in isolated subprocess...
[2026-03-12 19:15:44 UTC] Entering function: retry_with_backoff in utils.py
[2026-03-12 19:15:44 UTC] Building shared cache...
[2026-03-12 19:15:45 UTC] ================================================================================
[2026-03-12 19:15:45 UTC] LAYER 0 MODE SEARCH: price_down_tf
[2026-03-12 19:15:45 UTC] ================================================================================
[2026-03-12 19:15:45 UTC] Phase 1 (price_down_tf): evaluating 216 candidates on 50% symbols + 50% history...
[2026-03-12 19:15:45 UTC] Precomputing Phase 1 rolling tensors for z=4 bars...
[2026-03-12 19:15:47 UTC] Precomputing Phase 1 rolling tensors for z=8 bars...
[2026-03-12 19:15:47 UTC] Precomputing Phase 1 rolling tensors for z=12 bars...
[2026-03-12 19:15:48 UTC] Phase 1 (price_down_tf) top 5 by phase1_proxy_score:
[2026-03-12 19:15:48 UTC]                                                      name  phase1_proxy_score  basic_directionality_edge_event_vs_non_event  dispersion_to_edge_ratio  total_events  active_days_fraction
                 momentum|z=12|p=slope_change_lt_-1.4|d=1            1.170121                                      0.007239                695.134924           231              0.753846
                 momentum|z=12|p=slope_change_lt_-1.6|d=1            1.144819                                      0.009160                550.576796           186              0.723077
stretch_location|z=4|p=distance_from_vwap_atr_lt_-1.4|d=1            1.031543                                      0.003095                320.057756           257              0.723077
 stretch_location|z=4|p=distance_from_ema_atr_lt_-1.4|d=1            1.031543                                      0.003095                320.057756           257              0.723077
                  momentum|z=4|p=slope_change_lt_-1.4|d=1            0.786248                                      0.001082               1699.322457           231              0.753846
[2026-03-12 19:15:48 UTC] Phase 2 (price_down_tf): full symbols/history for top 9 candidates...
[2026-03-12 19:15:48 UTC] Precomputing Phase 2 rolling tensors for z=12 bars...
Exception in worker for mode price_down_tf:
Traceback (most recent call last):
  File "/Users/remyroche/Documents/Ares/extreme_price_movements/mask_optimiser.py", line 5439, in _mode_worker
    res = _run_mode_search(mode, shared, feature_dict, cfg)
          ^^^^^^^^^^^^^^^^^^^^^^^^^^^^^^^^^^^^^^^^^^^^^^^^^
  File "/Users/remyroche/Documents/Ares/extreme_price_movements/mask_optimiser.py", line 4204, in _run_mode_search
    "param": _safe_param_to_string(param),
                                   ^^^^^
NameError: name 'param' is not defined

[2026-03-12 19:15:49 UTC] ================================================================================
[2026-03-12 19:15:49 UTC] MODE SUMMARY
[2026-03-12 19:15:49 UTC] ================================================================================
[2026-03-12 19:15:49 UTC]          mode                       status best_name  candidate_count  shortlist_count  best_shortlist_score  score_r  delta_r  N_r  S_r  D_r  event_count  active_days_fraction  events_per_day_mean  events_per_day_std  events_per_day_per_asset  primary_gain  primary_gain_is_nan  incremental_information_delta_auc  incremental_information_positive_fold_fraction  dispersion_to_edge_ratio selected_delta_metric decision rationale
  price_up_mr   mode_exception_price_up_mr                          0                0                   0.0      NaN      NaN  0.0  NaN  NaN            0                   0.0                  NaN                 NaN                       NaN           0.0                  NaN                                NaN                                             NaN                       NaN                         failed          
  price_up_tf   mode_exception_price_up_tf                          0                0                   0.0      NaN      NaN  0.0  NaN  NaN            0                   0.0                  NaN                 NaN                       NaN           0.0                  NaN                                NaN                                             NaN                       NaN                         failed          
price_down_mr mode_exception_price_down_mr                          0                0                   0.0      NaN      NaN  0.0  NaN  NaN            0                   0.0                  NaN                 NaN                       NaN           0.0                  NaN                                NaN                                             NaN                       NaN                         failed          
price_down_tf mode_exception_price_down_tf                          0                0                   0.0      NaN      NaN  0.0  NaN  NaN            0                   0.0                  NaN                 NaN                       NaN           0.0                  NaN                                NaN                                             NaN                       NaN                         failed          
