[2026-03-12 22:16:52 UTC] Entering function: retry_with_backoff in utils.py
[2026-03-12 22:16:52 UTC] ================================================================================
[2026-03-12 22:16:52 UTC] MASK OPTIMIZATION 4-MODES: STARTING
[2026-03-12 22:16:52 UTC] ================================================================================
[2026-03-12 22:16:52 UTC] Configuration loaded, data_root=/Users/remyroche/Documents/Ares/data
[2026-03-12 22:16:52 UTC] Feature directory: /Users/remyroche/Documents/Ares/data/features/20260214_190000
[2026-03-12 22:16:52 UTC] Loading data: data_root=/Users/remyroche/Documents/Ares/data | features=/Users/remyroche/Documents/Ares/data/features/20260214_190000
[2026-03-12 22:16:52 UTC] Found 1457 symbols in OHLCV directory
[2026-03-12 22:16:52 UTC] Symbols after deduplication: 529
[2026-03-12 22:16:52 UTC] Selected 529 deduplicated symbols
[2026-03-12 22:16:52 UTC] Loading OHLCV data from 2024-03-12 22:16:52.462575+00:00...
[2026-03-12 22:17:00 UTC] Loaded data for 529/529 symbols
[2026-03-12 22:17:00 UTC] Building panel from loaded data...
[2026-03-12 22:17:05 UTC] Loading features from /Users/remyroche/Documents/Ares/data...
[2026-03-12 22:17:05 UTC] Found 423 feature files in /Users/remyroche/Documents/Ares/data/features/20260214_190000. Selective load: keys=63, symbols=529
[2026-03-12 22:17:05 UTC] Selective feature load progress: 25/423 files (5.9%) in 0.7s
[2026-03-12 22:17:06 UTC] Selective feature load progress: 50/423 files (11.8%) in 1.4s
[2026-03-12 22:17:07 UTC] Selective feature load progress: 75/423 files (17.7%) in 2.1s
[2026-03-12 22:17:07 UTC] Selective feature load progress: 100/423 files (23.6%) in 2.8s
[2026-03-12 22:17:08 UTC] Selective feature load progress: 125/423 files (29.6%) in 3.6s
[2026-03-12 22:17:09 UTC] Selective feature load progress: 150/423 files (35.5%) in 4.3s
[2026-03-12 22:17:10 UTC] Selective feature load progress: 175/423 files (41.4%) in 5.0s
[2026-03-12 22:17:10 UTC] Selective feature load progress: 200/423 files (47.3%) in 5.7s
[2026-03-12 22:17:11 UTC] Selective feature load progress: 225/423 files (53.2%) in 6.4s
[2026-03-12 22:17:12 UTC] Selective feature load progress: 250/423 files (59.1%) in 7.1s
[2026-03-12 22:17:12 UTC] Selective feature load progress: 275/423 files (65.0%) in 7.8s
[2026-03-12 22:17:13 UTC] Selective feature load progress: 300/423 files (70.9%) in 8.5s
[2026-03-12 22:17:14 UTC] Selective feature load progress: 325/423 files (76.8%) in 9.2s
[2026-03-12 22:17:15 UTC] Selective feature load progress: 350/423 files (82.7%) in 9.9s
[2026-03-12 22:17:15 UTC] Selective feature load progress: 375/423 files (88.7%) in 10.6s
[2026-03-12 22:17:16 UTC] Selective feature load progress: 400/423 files (94.6%) in 11.4s
[2026-03-12 22:17:17 UTC] Selective feature load progress: 423/423 files (100.0%) in 12.0s
[2026-03-12 22:17:17 UTC] Loaded raw arrays for 3 features. Returning LazyFeatureDict proxy.
[2026-03-12 22:17:17 UTC] Loaded 3 features
[2026-03-12 22:17:20 UTC] Lazy-assembling DataFrame for 'rv_ratio_6_24'...
[2026-03-12 22:17:20 UTC] Lazy-assembling DataFrame for 'atr_percentile'...
[2026-03-12 22:17:20 UTC] Lazy-assembling DataFrame for 'vol_regime_z'...
[2026-03-12 22:17:20 UTC] Processed 3 features into stacked arrays
[2026-03-12 22:17:20 UTC] Total rows available before SlicePlanner: 9209890
[2026-03-12 22:17:20 UTC] Capped pre-SlicePlanner rows to 1000000 for mask optimization.
[2026-03-12 22:17:20 UTC] Applying regime_search slice plan...
[2026-03-12 22:17:26 UTC] Applied periods/symbols regime_search slice plan: rows=39089/1000000 symbols=114
[2026-03-12 22:17:26 UTC] SlicePlanner gave 39089 structured rows for Phase 3+4.
[2026-03-12 22:17:26 UTC] Optimization modes: ['long', 'short']
[2026-03-12 22:17:26 UTC] Starting 4-mode Layer 0 optimization (deep=39089, cap=50000, p1_floor=20000)...
[2026-03-12 22:17:26 UTC] ================================================================================
[2026-03-12 22:17:26 UTC] LAYER LAYER0 OPTIMIZATION: ['long', 'short']
[2026-03-12 22:17:26 UTC] ================================================================================
[2026-03-12 22:17:26 UTC] Capping rows for optimization...
[2026-03-12 22:17:26 UTC] Data shape after capping: 39089 rows
[2026-03-12 22:17:26 UTC] Rescaled per-bucket gates for capped sample: rows=39089, min_events=469, min_active_days_fraction=0.289
[2026-03-12 22:17:26 UTC] 
================================================================================
[2026-03-12 22:17:26 UTC] Processing mode 1/2: long
[2026-03-12 22:17:26 UTC] ================================================================================

[2026-03-12 22:17:26 UTC] Running mode long in isolated subprocess...
[2026-03-12 22:17:29 UTC] Entering function: retry_with_backoff in utils.py
[2026-03-12 22:17:29 UTC] Building shared cache...
[2026-03-12 22:17:29 UTC]   - Converting data to numpy arrays...
[2026-03-12 22:17:29 UTC]   - Building IDs (symbol, day, timestamp, regime)...
[2026-03-12 22:17:29 UTC]   - Building asset groups for 114 symbols...
[2026-03-12 22:17:29 UTC]   - Computing returns, volatility, and alternation per asset...
[2026-03-12 22:17:30 UTC]   - Computing MAE/MFE statistics per asset...
[2026-03-12 22:17:30 UTC] ================================================================================
[2026-03-12 22:17:30 UTC] LAYER 0 MODE SEARCH: long
[2026-03-12 22:17:30 UTC] ================================================================================
[2026-03-12 22:17:30 UTC] Phase 1 (long): evaluating 216 candidates on 50% symbols + 50% history...
[2026-03-12 22:17:30 UTC] Precomputing Phase 1 rolling tensors for z=4 bars...
[2026-03-12 22:17:34 UTC] Precomputing Phase 1 rolling tensors for z=8 bars...
[2026-03-12 22:17:34 UTC] Precomputing Phase 1 rolling tensors for z=12 bars...
[2026-03-12 22:17:35 UTC] DEBUG Phase 1 (long): Candidate volume|z=4|p=volume_robust_z_gt_1.4 rejected. events=0/117
[2026-03-12 22:17:35 UTC] DEBUG Phase 1 (long): Candidate volume|z=4|p=volume_robust_z_gt_1.6 rejected. events=0/117
[2026-03-12 22:17:35 UTC] DEBUG Phase 1 (long): Candidate volume|z=4|p=volume_robust_z_gt_1.8 rejected. events=0/117
[2026-03-12 22:17:35 UTC] DEBUG Phase 1 (long): Candidate volume|z=4|p=volume_robust_z_gt_2.0 rejected. events=0/117
[2026-03-12 22:17:35 UTC] DEBUG Phase 1 (long): Candidate volume|z=8|p=volume_robust_z_gt_1.4 rejected. events=0/117
[2026-03-12 22:17:35 UTC] Phase 1 (long): 46 candidates accepted, 170 rejected
[2026-03-12 22:17:35 UTC] Phase 1 (long) top 5 by phase1_proxy_score:
[2026-03-12 22:17:35 UTC]                                                  name  phase1_proxy_score  basic_directionality_edge_event_vs_non_event  dispersion_to_edge_ratio  total_events  active_days_fraction
volatility_expansion|z=12|p=intrabar_range_atr_gt_1.4            0.963641                                      0.003859               1102.962618           587              0.756098
 volatility_expansion|z=8|p=intrabar_range_atr_gt_1.4            0.946668                                      0.001316               2191.093472           537              0.756098
          volatility_expansion|z=12|p=hl_range_gt_1.6            0.945272                                      0.002783               1533.600181           595              0.780488
          volatility_expansion|z=12|p=hl_range_gt_2.0            0.887049                                      0.002922               1447.734944           469              0.780488
          volatility_expansion|z=12|p=hl_range_gt_1.8            0.880788                                      0.002668               1597.439080           518              0.780488
[2026-03-12 22:17:35 UTC] Phase 1 diversity filter (long): applying family-based filtering...
[2026-03-12 22:17:35 UTC] Phase 1 diversity filter (long): 8 candidates after filtering
[2026-03-12 22:17:35 UTC] Phase 2 (long): full symbols/history for top 8 candidates...
[2026-03-12 22:17:35 UTC] Precomputing Phase 2 rolling tensors for z=12 bars...
[2026-03-12 22:17:41 UTC] Precomputing Phase 2 rolling tensors for z=8 bars...
[2026-03-12 22:17:54 UTC] Precomputing Phase 2 rolling tensors for z=4 bars...
[2026-03-12 22:18:12 UTC] Phase 2 (long): 8 candidates accepted, 0 rejected
[2026-03-12 22:18:12 UTC] Phase 2 (long) top 5 by score_r:
[2026-03-12 22:18:12 UTC]                                                                 name  score_r  effective_edge  learnability_support  noise_penalty  delta_r_raw  incremental_information_delta_auc  dispersion_to_edge_ratio  disagreement_penalty
                     structure|z=4|p=breakout_distance_up_atr_gt_1.4 0.000278        0.000595              0.000000       2.137291     0.002484                          -0.003320                 93.553463                  0.65
                     structure|z=4|p=breakout_distance_up_atr_gt_1.6 0.000177        0.000384              0.000000       2.163195     0.002034                          -0.002742                103.876262                  0.65
compression_transition|z=8|p=compression_expansion_transition_gt_1.8 0.000023        0.000067              0.000000       2.839864     0.001612                          -0.013833               1569.979825                  0.65
               volatility_expansion|z=12|p=intrabar_range_atr_gt_1.4 0.000021        0.000067              0.001125       3.301479     0.000419                           0.001125               9954.855197                  0.65
compression_transition|z=8|p=compression_expansion_transition_gt_1.6 0.000018        0.000053              0.000000       2.874120     0.001403                          -0.006741               1800.692543                  0.65
Exception in worker for mode long:
Traceback (most recent call last):
  File "/Users/remyroche/Documents/Ares/extreme_price_movements/mask_optimiser.py", line 5471, in _mode_worker
    res = _run_mode_search(mode, shared, feature_dict, cfg)
          ^^^^^^^^^^^^^^^^^^^^^^^^^^^^^^^^^^^^^^^^^^^^^^^^^
  File "/Users/remyroche/Documents/Ares/extreme_price_movements/mask_optimiser.py", line 4386, in _run_mode_search
    df2_full = df2_full.groupby("feature_base").head(2).copy()
               ^^^^^^^^^^^^^^^^^^^^^^^^^^^^^^^^
  File "/Users/remyroche/Library/Caches/pypoetry/virtualenvs/ares-aKyeIWDD-py3.11/lib/python3.11/site-packages/pandas/core/frame.py", line 9210, in groupby
    return DataFrameGroupBy(
           ^^^^^^^^^^^^^^^^^
  File "/Users/remyroche/Library/Caches/pypoetry/virtualenvs/ares-aKyeIWDD-py3.11/lib/python3.11/site-packages/pandas/core/groupby/groupby.py", line 1331, in __init__
    grouper, exclusions, obj = get_grouper(
                               ^^^^^^^^^^^^
  File "/Users/remyroche/Library/Caches/pypoetry/virtualenvs/ares-aKyeIWDD-py3.11/lib/python3.11/site-packages/pandas/core/groupby/grouper.py", line 1043, in get_grouper
    raise KeyError(gpr)
KeyError: 'feature_base'

[2026-03-12 22:18:12 UTC] Mode long failed: mode_exception_long
[2026-03-12 22:18:12 UTC] 
================================================================================
[2026-03-12 22:18:12 UTC] Processing mode 2/2: short
[2026-03-12 22:18:12 UTC] ================================================================================

[2026-03-12 22:18:12 UTC] Running mode short in isolated subprocess...
[2026-03-12 22:18:15 UTC] Entering function: retry_with_backoff in utils.py
[2026-03-12 22:18:16 UTC] Building shared cache...
[2026-03-12 22:18:16 UTC]   - Converting data to numpy arrays...
[2026-03-12 22:18:16 UTC]   - Building IDs (symbol, day, timestamp, regime)...
[2026-03-12 22:18:16 UTC]   - Building asset groups for 114 symbols...
[2026-03-12 22:18:16 UTC]   - Computing returns, volatility, and alternation per asset...
[2026-03-12 22:18:16 UTC]   - Computing MAE/MFE statistics per asset...
[2026-03-12 22:18:17 UTC] ================================================================================
[2026-03-12 22:18:17 UTC] LAYER 0 MODE SEARCH: short
[2026-03-12 22:18:17 UTC] ================================================================================
[2026-03-12 22:18:17 UTC] Phase 1 (short): evaluating 216 candidates on 50% symbols + 50% history...
[2026-03-12 22:18:17 UTC] Precomputing Phase 1 rolling tensors for z=4 bars...
[2026-03-12 22:18:19 UTC] Precomputing Phase 1 rolling tensors for z=8 bars...
[2026-03-12 22:18:19 UTC] Precomputing Phase 1 rolling tensors for z=12 bars...
[2026-03-12 22:18:20 UTC] DEBUG Phase 1 (short): Candidate volume|z=4|p=volume_robust_z_gt_1.4 rejected. events=0/117
[2026-03-12 22:18:20 UTC] DEBUG Phase 1 (short): Candidate volume|z=4|p=volume_robust_z_gt_1.6 rejected. events=0/117
[2026-03-12 22:18:20 UTC] DEBUG Phase 1 (short): Candidate volume|z=4|p=volume_robust_z_gt_1.8 rejected. events=0/117
[2026-03-12 22:18:20 UTC] DEBUG Phase 1 (short): Candidate volume|z=4|p=volume_robust_z_gt_2.0 rejected. events=0/117
[2026-03-12 22:18:20 UTC] DEBUG Phase 1 (short): Candidate volume|z=8|p=volume_robust_z_gt_1.4 rejected. events=0/117
[2026-03-12 22:18:20 UTC] Phase 1 (short): 48 candidates accepted, 168 rejected
[2026-03-12 22:18:20 UTC] Phase 1 (short) top 5 by phase1_proxy_score:
[2026-03-12 22:18:20 UTC]                                                                 name  phase1_proxy_score  basic_directionality_edge_event_vs_non_event  dispersion_to_edge_ratio  total_events  active_days_fraction
compression_transition|z=4|p=compression_expansion_transition_gt_1.8            0.725005                                      0.000789               1787.550071           557              0.731707
compression_transition|z=4|p=compression_expansion_transition_gt_2.0            0.597920                                      0.000728               1937.198217           490              0.707317
compression_transition|z=4|p=compression_expansion_transition_gt_1.4            0.497863                                     -0.000582               2430.461689           732              0.731707
                          volatility_expansion|z=8|p=hl_range_gt_2.0            0.423544                                     -0.002060               1350.690966           479              0.780488
                          volatility_expansion|z=8|p=hl_range_gt_1.8            0.359081                                     -0.002640               1052.912690           525              0.780488
[2026-03-12 22:18:20 UTC] Phase 1 diversity filter (short): applying family-based filtering...
[2026-03-12 22:18:20 UTC] Phase 1 diversity filter (short): 8 candidates after filtering
[2026-03-12 22:18:20 UTC] Phase 2 (short): full symbols/history for top 8 candidates...
[2026-03-12 22:18:20 UTC] Precomputing Phase 2 rolling tensors for z=4 bars...
