[2026-03-12 19:19:11 UTC] Entering function: retry_with_backoff in utils.py
[2026-03-12 19:19:11 UTC] Loading data: data_root=/Users/remyroche/Documents/Ares/data | features=/Users/remyroche/Documents/Ares/data/features/20260214_190000
[2026-03-12 19:19:11 UTC] Symbols after deduplication: 529
[2026-03-12 19:19:11 UTC] Selected 2 symbols via --max-symbols
[2026-03-12 19:19:11 UTC] Found 2 feature files in /Users/remyroche/Documents/Ares/data/features/20260214_190000. Selective load: keys=14, symbols=2
[2026-03-12 19:19:11 UTC] Selective feature load progress: 2/2 files (100.0%) in 0.1s
[2026-03-12 19:19:11 UTC] Loaded raw arrays for 2 features. Returning LazyFeatureDict proxy.
[2026-03-12 19:19:11 UTC] Lazy-assembling DataFrame for 'rv_ratio_6_24'...
[2026-03-12 19:19:11 UTC] Lazy-assembling DataFrame for 'vol_regime_z'...
[2026-03-12 19:19:11 UTC] Total rows available before SlicePlanner: 3036
[2026-03-12 19:19:11 UTC] periods/symbols regime_search slice plan failed; using capped sample (Cannot take a larger sample than population when replace is False)
regime_search slice-plan delegation failed; using raw sample: Cannot take a larger sample than population when replace is False
[2026-03-12 19:19:11 UTC] SlicePlanner gave 3036 structured rows for Phase 3+4.
[2026-03-12 19:19:11 UTC] Starting 4-mode Layer 0 optimization (deep=3036, cap=50000, p1_floor=20000)...
[2026-03-12 19:19:11 UTC] Rescaled per-bucket gates for capped sample: rows=3036, min_events=150, min_active_days_fraction=0.250
[2026-03-12 19:19:11 UTC] Running mode price_up_mr in isolated subprocess...
[2026-03-12 19:19:14 UTC] Entering function: retry_with_backoff in utils.py
[2026-03-12 19:19:14 UTC] Building shared cache...
[2026-03-12 19:19:14 UTC] ================================================================================
[2026-03-12 19:19:14 UTC] LAYER 0 MODE SEARCH: price_up_mr
[2026-03-12 19:19:14 UTC] ================================================================================
[2026-03-12 19:19:14 UTC] Phase 1 (price_up_mr): evaluating 216 candidates on 50% symbols + 50% history...
[2026-03-12 19:19:14 UTC] Precomputing Phase 1 rolling tensors for z=4 bars...
[2026-03-12 19:19:17 UTC] Precomputing Phase 1 rolling tensors for z=8 bars...
[2026-03-12 19:19:17 UTC] Precomputing Phase 1 rolling tensors for z=12 bars...
[2026-03-12 19:19:17 UTC] Phase 1 (price_up_mr) top 5 by phase1_proxy_score:
[2026-03-12 19:19:17 UTC]                                                                     name  phase1_proxy_score  basic_directionality_edge_event_vs_non_event  dispersion_to_edge_ratio  total_events  active_days_fraction
                     momentum|z=4|p=short_minus_long_momentum_gt_1.4|d=1            0.830476                                      0.001330                783.933993           278              0.723077
                                  momentum|z=4|p=slope_change_gt_1.6|d=1            0.813953                                      0.002664                694.510840           191              0.723077
                                 momentum|z=12|p=slope_change_gt_1.4|d=1            0.723906                                     -0.007189                696.468534           257              0.753846
compression_transition|z=8|p=compression_expansion_transition_gt_1.6|d=1            0.688771                                      0.005456                417.107653           159              0.630769
                 stretch_location|z=4|p=distance_from_ema_atr_gt_1.4|d=1            0.645022                                     -0.006316                177.994677           249              0.661538
[2026-03-12 19:19:17 UTC] Phase 2 (price_up_mr): full symbols/history for top 9 candidates...
[2026-03-12 19:19:17 UTC] Precomputing Phase 2 rolling tensors for z=4 bars...
[2026-03-12 19:19:19 UTC] Precomputing Phase 2 rolling tensors for z=8 bars...
[2026-03-12 19:19:23 UTC] Precomputing Phase 2 rolling tensors for z=12 bars...
[2026-03-12 19:19:24 UTC] Phase 2 (price_up_mr) top 5 by score_r:
[2026-03-12 19:19:24 UTC]                                                                     name  score_r  effective_edge  learnability_support  noise_penalty  delta_r_raw  incremental_information_delta_auc  dispersion_to_edge_ratio  disagreement_penalty
                                  momentum|z=4|p=slope_change_gt_1.6|d=1 0.000152        0.000270              0.019311       2.636162     0.002664                           0.019311                694.510840                  0.65
compression_transition|z=8|p=compression_expansion_transition_gt_1.6|d=1 0.000094        0.000216              0.003788       2.508935     0.005456                           0.003788                417.107653                  0.65
                     momentum|z=4|p=short_minus_long_momentum_gt_1.4|d=1 0.000031        0.000070              0.006654       2.666400     0.001330                           0.006654                783.933993                  0.65
                 stretch_location|z=4|p=distance_from_ema_atr_gt_1.4|d=1 0.000000        0.000000              0.007694       2.296839    -0.006316                           0.007694                177.994677                  1.00
                stretch_location|z=4|p=distance_from_vwap_atr_gt_1.4|d=1 0.000000        0.000000              0.007694       2.296839    -0.006316                           0.007694                177.994677                  1.00
[2026-03-12 19:19:24 UTC] Phase 2.5 (price_up_mr): Ridge regime attribution for top 9 candidates...
/Users/remyroche/Documents/Ares/extreme_price_movements/ridge_regime_event_assessment.py:174: FutureWarning: The default fill_method='pad' in Series.pct_change is deprecated and will be removed in a future version. Either fill in any non-leading NA values prior to calling pct_change or specify 'fill_method=None' to not fill NA values.
  df["realized_volatility_24h"] = df["close"].pct_change().rolling(192).std()
/Users/remyroche/Documents/Ares/extreme_price_movements/ridge_regime_event_assessment.py:177: FutureWarning: The default fill_method='pad' in Series.pct_change is deprecated and will be removed in a future version. Either fill in any non-leading NA values prior to calling pct_change or specify 'fill_method=None' to not fill NA values.
  df["atr_change_rate"] = df["atr14"].pct_change()
/Users/remyroche/Documents/Ares/extreme_price_movements/ridge_regime_event_assessment.py:281: FutureWarning: The default fill_method='pad' in Series.pct_change is deprecated and will be removed in a future version. Either fill in any non-leading NA values prior to calling pct_change or specify 'fill_method=None' to not fill NA values.
  df["rate_of_change"] = df["close"].pct_change(24)
/Users/remyroche/Documents/Ares/extreme_price_movements/ridge_regime_event_assessment.py:287: FutureWarning: The default fill_method='pad' in Series.pct_change is deprecated and will be removed in a future version. Either fill in any non-leading NA values prior to calling pct_change or specify 'fill_method=None' to not fill NA values.
  df["prior_return_1h"] = df["close"].pct_change(8)
/Users/remyroche/Documents/Ares/extreme_price_movements/ridge_regime_event_assessment.py:288: FutureWarning: The default fill_method='pad' in Series.pct_change is deprecated and will be removed in a future version. Either fill in any non-leading NA values prior to calling pct_change or specify 'fill_method=None' to not fill NA values.
  df["prior_return_4h"] = df["close"].pct_change(32)
/Users/remyroche/Documents/Ares/extreme_price_movements/ridge_regime_event_assessment.py:289: FutureWarning: The default fill_method='pad' in Series.pct_change is deprecated and will be removed in a future version. Either fill in any non-leading NA values prior to calling pct_change or specify 'fill_method=None' to not fill NA values.
  df["prior_return_12h"] = df["close"].pct_change(96)
/Users/remyroche/Documents/Ares/extreme_price_movements/ridge_regime_event_assessment.py:292: FutureWarning: The default fill_method='pad' in Series.pct_change is deprecated and will be removed in a future version. Either fill in any non-leading NA values prior to calling pct_change or specify 'fill_method=None' to not fill NA values.
  df["prior_volatility"] = df["close"].pct_change().rolling(32).std()
/Users/remyroche/Documents/Ares/extreme_price_movements/ridge_regime_event_assessment.py:294: FutureWarning: The default fill_method='pad' in Series.pct_change is deprecated and will be removed in a future version. Either fill in any non-leading NA values prior to calling pct_change or specify 'fill_method=None' to not fill NA values.
  df["acceleration_of_move"] = df["close"].pct_change().diff()
/Users/remyroche/Documents/Ares/extreme_price_movements/ridge_regime_event_assessment.py:325: FutureWarning: The default fill_method='pad' in Series.pct_change is deprecated and will be removed in a future version. Either fill in any non-leading NA values prior to calling pct_change or specify 'fill_method=None' to not fill NA values.
  std_20 = df["close"].pct_change().rolling(40).std()
/Users/remyroche/Documents/Ares/extreme_price_movements/ridge_regime_event_assessment.py:326: FutureWarning: The default fill_method='pad' in Series.pct_change is deprecated and will be removed in a future version. Either fill in any non-leading NA values prior to calling pct_change or specify 'fill_method=None' to not fill NA values.
  std_100 = df["close"].pct_change().rolling(200).std()
/Users/remyroche/Library/Caches/pypoetry/virtualenvs/ares-aKyeIWDD-py3.11/lib/python3.11/site-packages/sklearn/impute/_base.py:598: UserWarning: Skipping features without any observed values: ['dist_vwap_atr' 'dist_weekly_vwap' 'dist_rolling_7d_high' 'volume_spike'
 'volume_percentile']. At least one non-missing value is needed for imputation with strategy='median'.
  warnings.warn(
/Users/remyroche/Library/Caches/pypoetry/virtualenvs/ares-aKyeIWDD-py3.11/lib/python3.11/site-packages/sklearn/impute/_base.py:598: UserWarning: Skipping features without any observed values: ['dist_vwap_atr' 'dist_weekly_vwap' 'dist_rolling_7d_high' 'volume_spike'
 'volume_percentile']. At least one non-missing value is needed for imputation with strategy='median'.
  warnings.warn(
/Users/remyroche/Library/Caches/pypoetry/virtualenvs/ares-aKyeIWDD-py3.11/lib/python3.11/site-packages/sklearn/impute/_base.py:598: UserWarning: Skipping features without any observed values: ['dist_vwap_atr' 'dist_weekly_vwap' 'dist_rolling_7d_high' 'volume_spike'
 'volume_percentile']. At least one non-missing value is needed for imputation with strategy='median'.
  warnings.warn(
/Users/remyroche/Library/Caches/pypoetry/virtualenvs/ares-aKyeIWDD-py3.11/lib/python3.11/site-packages/sklearn/impute/_base.py:598: UserWarning: Skipping features without any observed values: ['dist_vwap_atr' 'dist_weekly_vwap' 'dist_rolling_7d_high' 'volume_spike'
 'volume_percentile']. At least one non-missing value is needed for imputation with strategy='median'.
  warnings.warn(
/Users/remyroche/Library/Caches/pypoetry/virtualenvs/ares-aKyeIWDD-py3.11/lib/python3.11/site-packages/sklearn/impute/_base.py:598: UserWarning: Skipping features without any observed values: ['dist_vwap_atr' 'dist_weekly_vwap' 'volume_spike' 'volume_percentile']. At least one non-missing value is needed for imputation with strategy='median'.
  warnings.warn(
/Users/remyroche/Library/Caches/pypoetry/virtualenvs/ares-aKyeIWDD-py3.11/lib/python3.11/site-packages/sklearn/impute/_base.py:598: UserWarning: Skipping features without any observed values: ['dist_vwap_atr' 'dist_weekly_vwap' 'volume_spike' 'volume_percentile']. At least one non-missing value is needed for imputation with strategy='median'.
  warnings.warn(
/Users/remyroche/Library/Caches/pypoetry/virtualenvs/ares-aKyeIWDD-py3.11/lib/python3.11/site-packages/sklearn/impute/_base.py:598: UserWarning: Skipping features without any observed values: ['dist_vwap_atr' 'dist_weekly_vwap' 'volume_spike' 'volume_percentile']. At least one non-missing value is needed for imputation with strategy='median'.
  warnings.warn(
/Users/remyroche/Library/Caches/pypoetry/virtualenvs/ares-aKyeIWDD-py3.11/lib/python3.11/site-packages/sklearn/impute/_base.py:598: UserWarning: Skipping features without any observed values: ['dist_vwap_atr' 'dist_weekly_vwap' 'volume_spike' 'volume_percentile']. At least one non-missing value is needed for imputation with strategy='median'.
  warnings.warn(
/Users/remyroche/Library/Caches/pypoetry/virtualenvs/ares-aKyeIWDD-py3.11/lib/python3.11/site-packages/sklearn/impute/_base.py:598: UserWarning: Skipping features without any observed values: ['dist_vwap_atr' 'dist_weekly_vwap' 'volume_spike' 'volume_percentile']. At least one non-missing value is needed for imputation with strategy='median'.
  warnings.warn(
/Users/remyroche/Library/Caches/pypoetry/virtualenvs/ares-aKyeIWDD-py3.11/lib/python3.11/site-packages/sklearn/impute/_base.py:598: UserWarning: Skipping features without any observed values: ['dist_vwap_atr' 'dist_weekly_vwap' 'volume_spike' 'volume_percentile']. At least one non-missing value is needed for imputation with strategy='median'.
  warnings.warn(
/Users/remyroche/Library/Caches/pypoetry/virtualenvs/ares-aKyeIWDD-py3.11/lib/python3.11/site-packages/sklearn/impute/_base.py:598: UserWarning: Skipping features without any observed values: ['dist_vwap_atr' 'dist_weekly_vwap' 'volume_spike' 'volume_percentile']. At least one non-missing value is needed for imputation with strategy='median'.
  warnings.warn(
/Users/remyroche/Library/Caches/pypoetry/virtualenvs/ares-aKyeIWDD-py3.11/lib/python3.11/site-packages/sklearn/impute/_base.py:598: UserWarning: Skipping features without any observed values: ['dist_vwap_atr' 'dist_weekly_vwap' 'volume_spike' 'volume_percentile']. At least one non-missing value is needed for imputation with strategy='median'.
  warnings.warn(
/Users/remyroche/Library/Caches/pypoetry/virtualenvs/ares-aKyeIWDD-py3.11/lib/python3.11/site-packages/sklearn/impute/_base.py:598: UserWarning: Skipping features without any observed values: ['dist_vwap_atr' 'dist_weekly_vwap' 'volume_spike' 'volume_percentile']. At least one non-missing value is needed for imputation with strategy='median'.
  warnings.warn(
Exception in worker for mode price_up_mr:
Traceback (most recent call last):
  File "/Users/remyroche/Documents/Ares/extreme_price_movements/mask_optimiser.py", line 5437, in _mode_worker
    res = _run_mode_search(mode, shared, feature_dict, cfg)
          ^^^^^^^^^^^^^^^^^^^^^^^^^^^^^^^^^^^^^^^^^^^^^^^^^
  File "/Users/remyroche/Documents/Ares/extreme_price_movements/mask_optimiser.py", line 4536, in _run_mode_search
    res = fit_ridge_regime_scan(
          ^^^^^^^^^^^^^^^^^^^^^^
  File "/Users/remyroche/Documents/Ares/extreme_price_movements/ridge_regime_event_assessment.py", line 558, in fit_ridge_regime_scan
    coef_df = pd.DataFrame(
              ^^^^^^^^^^^^^
  File "/Users/remyroche/Library/Caches/pypoetry/virtualenvs/ares-aKyeIWDD-py3.11/lib/python3.11/site-packages/pandas/core/frame.py", line 782, in __init__
    mgr = dict_to_mgr(data, index, columns, dtype=dtype, copy=copy, typ=manager)
          ^^^^^^^^^^^^^^^^^^^^^^^^^^^^^^^^^^^^^^^^^^^^^^^^^^^^^^^^^^^^^^^^^^^^^^
  File "/Users/remyroche/Library/Caches/pypoetry/virtualenvs/ares-aKyeIWDD-py3.11/lib/python3.11/site-packages/pandas/core/internals/construction.py", line 503, in dict_to_mgr
    return arrays_to_mgr(arrays, columns, index, dtype=dtype, typ=typ, consolidate=copy)
           ^^^^^^^^^^^^^^^^^^^^^^^^^^^^^^^^^^^^^^^^^^^^^^^^^^^^^^^^^^^^^^^^^^^^^^^^^^^^^
  File "/Users/remyroche/Library/Caches/pypoetry/virtualenvs/ares-aKyeIWDD-py3.11/lib/python3.11/site-packages/pandas/core/internals/construction.py", line 114, in arrays_to_mgr
    index = _extract_index(arrays)
            ^^^^^^^^^^^^^^^^^^^^^^
  File "/Users/remyroche/Library/Caches/pypoetry/virtualenvs/ares-aKyeIWDD-py3.11/lib/python3.11/site-packages/pandas/core/internals/construction.py", line 677, in _extract_index
    raise ValueError("All arrays must be of the same length")
ValueError: All arrays must be of the same length

[2026-03-12 19:19:26 UTC] Running mode price_up_tf in isolated subprocess...
[2026-03-12 19:19:28 UTC] Entering function: retry_with_backoff in utils.py
[2026-03-12 19:19:28 UTC] Building shared cache...
[2026-03-12 19:19:28 UTC] ================================================================================
[2026-03-12 19:19:28 UTC] LAYER 0 MODE SEARCH: price_up_tf
[2026-03-12 19:19:28 UTC] ================================================================================
[2026-03-12 19:19:28 UTC] Phase 1 (price_up_tf): evaluating 216 candidates on 50% symbols + 50% history...
[2026-03-12 19:19:28 UTC] Precomputing Phase 1 rolling tensors for z=4 bars...
[2026-03-12 19:19:31 UTC] Precomputing Phase 1 rolling tensors for z=8 bars...
[2026-03-12 19:19:31 UTC] Precomputing Phase 1 rolling tensors for z=12 bars...
[2026-03-12 19:19:32 UTC] Phase 1 (price_up_tf) top 5 by phase1_proxy_score:
[2026-03-12 19:19:32 UTC]                                                     name  phase1_proxy_score  basic_directionality_edge_event_vs_non_event  dispersion_to_edge_ratio  total_events  active_days_fraction
                 momentum|z=12|p=slope_change_gt_1.4|d=1            0.982959                                      0.007189                696.468534           257              0.753846
 stretch_location|z=4|p=distance_from_ema_atr_gt_1.4|d=1            0.828127                                      0.006316                177.994677           249              0.661538
stretch_location|z=4|p=distance_from_vwap_atr_gt_1.4|d=1            0.828127                                      0.006316                177.994677           249              0.661538
momentum|z=8|p=atr_normalized_trailing_return_gt_1.4|d=1            0.812126                                      0.012649                159.020541           286              0.538462
momentum|z=8|p=atr_normalized_trailing_return_gt_1.6|d=1            0.795867                                      0.015596                134.985232           234              0.523077
[2026-03-12 19:19:32 UTC] Phase 2 (price_up_tf): full symbols/history for top 9 candidates...
[2026-03-12 19:19:32 UTC] Precomputing Phase 2 rolling tensors for z=12 bars...
[2026-03-12 19:19:33 UTC] Precomputing Phase 2 rolling tensors for z=4 bars...
[2026-03-12 19:19:35 UTC] Precomputing Phase 2 rolling tensors for z=8 bars...
[2026-03-12 19:19:40 UTC] Phase 2 (price_up_tf) top 5 by score_r:
[2026-03-12 19:19:40 UTC]                                                     name  score_r  effective_edge  learnability_support  noise_penalty  delta_r_raw  incremental_information_delta_auc  dispersion_to_edge_ratio  disagreement_penalty
momentum|z=8|p=atr_normalized_trailing_return_gt_1.4|d=1 0.001109        0.001265              0.039583       2.268826     0.012649                           0.039583                159.020541                  0.65
 stretch_location|z=4|p=distance_from_ema_atr_gt_1.4|d=1 0.000417        0.000889              0.003049       2.296839     0.006316                           0.003049                177.994677                  0.65
stretch_location|z=4|p=distance_from_vwap_atr_gt_1.4|d=1 0.000417        0.000889              0.003049       2.296839     0.006316                           0.003049                177.994677                  0.65
         volatility_expansion|z=12|p=hl_range_gt_1.6|d=1 0.000341        0.000913              0.000000       2.677163     0.003694                          -0.002061                818.464666                  1.00
                 momentum|z=12|p=slope_change_gt_1.4|d=1 0.000268        0.000678              0.001651       2.636864     0.007189                           0.001651                696.468534                  0.65
[2026-03-12 19:19:40 UTC] Phase 2.5 (price_up_tf): Ridge regime attribution for top 9 candidates...
/Users/remyroche/Documents/Ares/extreme_price_movements/ridge_regime_event_assessment.py:174: FutureWarning: The default fill_method='pad' in Series.pct_change is deprecated and will be removed in a future version. Either fill in any non-leading NA values prior to calling pct_change or specify 'fill_method=None' to not fill NA values.
  df["realized_volatility_24h"] = df["close"].pct_change().rolling(192).std()
/Users/remyroche/Documents/Ares/extreme_price_movements/ridge_regime_event_assessment.py:177: FutureWarning: The default fill_method='pad' in Series.pct_change is deprecated and will be removed in a future version. Either fill in any non-leading NA values prior to calling pct_change or specify 'fill_method=None' to not fill NA values.
  df["atr_change_rate"] = df["atr14"].pct_change()
/Users/remyroche/Documents/Ares/extreme_price_movements/ridge_regime_event_assessment.py:281: FutureWarning: The default fill_method='pad' in Series.pct_change is deprecated and will be removed in a future version. Either fill in any non-leading NA values prior to calling pct_change or specify 'fill_method=None' to not fill NA values.
  df["rate_of_change"] = df["close"].pct_change(24)
/Users/remyroche/Documents/Ares/extreme_price_movements/ridge_regime_event_assessment.py:287: FutureWarning: The default fill_method='pad' in Series.pct_change is deprecated and will be removed in a future version. Either fill in any non-leading NA values prior to calling pct_change or specify 'fill_method=None' to not fill NA values.
  df["prior_return_1h"] = df["close"].pct_change(8)
/Users/remyroche/Documents/Ares/extreme_price_movements/ridge_regime_event_assessment.py:288: FutureWarning: The default fill_method='pad' in Series.pct_change is deprecated and will be removed in a future version. Either fill in any non-leading NA values prior to calling pct_change or specify 'fill_method=None' to not fill NA values.
  df["prior_return_4h"] = df["close"].pct_change(32)
/Users/remyroche/Documents/Ares/extreme_price_movements/ridge_regime_event_assessment.py:289: FutureWarning: The default fill_method='pad' in Series.pct_change is deprecated and will be removed in a future version. Either fill in any non-leading NA values prior to calling pct_change or specify 'fill_method=None' to not fill NA values.
  df["prior_return_12h"] = df["close"].pct_change(96)
/Users/remyroche/Documents/Ares/extreme_price_movements/ridge_regime_event_assessment.py:292: FutureWarning: The default fill_method='pad' in Series.pct_change is deprecated and will be removed in a future version. Either fill in any non-leading NA values prior to calling pct_change or specify 'fill_method=None' to not fill NA values.
  df["prior_volatility"] = df["close"].pct_change().rolling(32).std()
/Users/remyroche/Documents/Ares/extreme_price_movements/ridge_regime_event_assessment.py:294: FutureWarning: The default fill_method='pad' in Series.pct_change is deprecated and will be removed in a future version. Either fill in any non-leading NA values prior to calling pct_change or specify 'fill_method=None' to not fill NA values.
  df["acceleration_of_move"] = df["close"].pct_change().diff()
/Users/remyroche/Documents/Ares/extreme_price_movements/ridge_regime_event_assessment.py:325: FutureWarning: The default fill_method='pad' in Series.pct_change is deprecated and will be removed in a future version. Either fill in any non-leading NA values prior to calling pct_change or specify 'fill_method=None' to not fill NA values.
  std_20 = df["close"].pct_change().rolling(40).std()
/Users/remyroche/Documents/Ares/extreme_price_movements/ridge_regime_event_assessment.py:326: FutureWarning: The default fill_method='pad' in Series.pct_change is deprecated and will be removed in a future version. Either fill in any non-leading NA values prior to calling pct_change or specify 'fill_method=None' to not fill NA values.
  std_100 = df["close"].pct_change().rolling(200).std()
/Users/remyroche/Library/Caches/pypoetry/virtualenvs/ares-aKyeIWDD-py3.11/lib/python3.11/site-packages/sklearn/impute/_base.py:598: UserWarning: Skipping features without any observed values: ['dist_vwap_atr' 'dist_weekly_vwap' 'dist_rolling_7d_high' 'volume_spike'
 'volume_percentile']. At least one non-missing value is needed for imputation with strategy='median'.
  warnings.warn(
/Users/remyroche/Library/Caches/pypoetry/virtualenvs/ares-aKyeIWDD-py3.11/lib/python3.11/site-packages/sklearn/impute/_base.py:598: UserWarning: Skipping features without any observed values: ['dist_vwap_atr' 'dist_weekly_vwap' 'dist_rolling_7d_high' 'volume_spike'
 'volume_percentile']. At least one non-missing value is needed for imputation with strategy='median'.
  warnings.warn(
/Users/remyroche/Library/Caches/pypoetry/virtualenvs/ares-aKyeIWDD-py3.11/lib/python3.11/site-packages/sklearn/impute/_base.py:598: UserWarning: Skipping features without any observed values: ['dist_vwap_atr' 'dist_weekly_vwap' 'dist_rolling_7d_high' 'volume_spike'
 'volume_percentile']. At least one non-missing value is needed for imputation with strategy='median'.
  warnings.warn(
/Users/remyroche/Library/Caches/pypoetry/virtualenvs/ares-aKyeIWDD-py3.11/lib/python3.11/site-packages/sklearn/impute/_base.py:598: UserWarning: Skipping features without any observed values: ['dist_vwap_atr' 'dist_weekly_vwap' 'dist_rolling_7d_high' 'volume_spike'
 'volume_percentile']. At least one non-missing value is needed for imputation with strategy='median'.
  warnings.warn(
/Users/remyroche/Library/Caches/pypoetry/virtualenvs/ares-aKyeIWDD-py3.11/lib/python3.11/site-packages/sklearn/impute/_base.py:598: UserWarning: Skipping features without any observed values: ['dist_vwap_atr' 'dist_weekly_vwap' 'volume_spike' 'volume_percentile']. At least one non-missing value is needed for imputation with strategy='median'.
  warnings.warn(
/Users/remyroche/Library/Caches/pypoetry/virtualenvs/ares-aKyeIWDD-py3.11/lib/python3.11/site-packages/sklearn/impute/_base.py:598: UserWarning: Skipping features without any observed values: ['dist_vwap_atr' 'dist_weekly_vwap' 'volume_spike' 'volume_percentile']. At least one non-missing value is needed for imputation with strategy='median'.
  warnings.warn(
/Users/remyroche/Library/Caches/pypoetry/virtualenvs/ares-aKyeIWDD-py3.11/lib/python3.11/site-packages/sklearn/impute/_base.py:598: UserWarning: Skipping features without any observed values: ['dist_vwap_atr' 'dist_weekly_vwap' 'volume_spike' 'volume_percentile']. At least one non-missing value is needed for imputation with strategy='median'.
  warnings.warn(
/Users/remyroche/Library/Caches/pypoetry/virtualenvs/ares-aKyeIWDD-py3.11/lib/python3.11/site-packages/sklearn/impute/_base.py:598: UserWarning: Skipping features without any observed values: ['dist_vwap_atr' 'dist_weekly_vwap' 'volume_spike' 'volume_percentile']. At least one non-missing value is needed for imputation with strategy='median'.
  warnings.warn(
/Users/remyroche/Library/Caches/pypoetry/virtualenvs/ares-aKyeIWDD-py3.11/lib/python3.11/site-packages/sklearn/impute/_base.py:598: UserWarning: Skipping features without any observed values: ['dist_vwap_atr' 'dist_weekly_vwap' 'volume_spike' 'volume_percentile']. At least one non-missing value is needed for imputation with strategy='median'.
  warnings.warn(
/Users/remyroche/Library/Caches/pypoetry/virtualenvs/ares-aKyeIWDD-py3.11/lib/python3.11/site-packages/sklearn/impute/_base.py:598: UserWarning: Skipping features without any observed values: ['dist_vwap_atr' 'dist_weekly_vwap' 'volume_spike' 'volume_percentile']. At least one non-missing value is needed for imputation with strategy='median'.
  warnings.warn(
/Users/remyroche/Library/Caches/pypoetry/virtualenvs/ares-aKyeIWDD-py3.11/lib/python3.11/site-packages/sklearn/impute/_base.py:598: UserWarning: Skipping features without any observed values: ['dist_vwap_atr' 'dist_weekly_vwap' 'volume_spike' 'volume_percentile']. At least one non-missing value is needed for imputation with strategy='median'.
  warnings.warn(
/Users/remyroche/Library/Caches/pypoetry/virtualenvs/ares-aKyeIWDD-py3.11/lib/python3.11/site-packages/sklearn/impute/_base.py:598: UserWarning: Skipping features without any observed values: ['dist_vwap_atr' 'dist_weekly_vwap' 'volume_spike' 'volume_percentile']. At least one non-missing value is needed for imputation with strategy='median'.
  warnings.warn(
/Users/remyroche/Library/Caches/pypoetry/virtualenvs/ares-aKyeIWDD-py3.11/lib/python3.11/site-packages/sklearn/impute/_base.py:598: UserWarning: Skipping features without any observed values: ['dist_vwap_atr' 'dist_weekly_vwap' 'volume_spike' 'volume_percentile']. At least one non-missing value is needed for imputation with strategy='median'.
  warnings.warn(
Exception in worker for mode price_up_tf:
Traceback (most recent call last):
  File "/Users/remyroche/Documents/Ares/extreme_price_movements/mask_optimiser.py", line 5437, in _mode_worker
    res = _run_mode_search(mode, shared, feature_dict, cfg)
          ^^^^^^^^^^^^^^^^^^^^^^^^^^^^^^^^^^^^^^^^^^^^^^^^^
  File "/Users/remyroche/Documents/Ares/extreme_price_movements/mask_optimiser.py", line 4536, in _run_mode_search
    res = fit_ridge_regime_scan(
          ^^^^^^^^^^^^^^^^^^^^^^
  File "/Users/remyroche/Documents/Ares/extreme_price_movements/ridge_regime_event_assessment.py", line 558, in fit_ridge_regime_scan
    coef_df = pd.DataFrame(
              ^^^^^^^^^^^^^
  File "/Users/remyroche/Library/Caches/pypoetry/virtualenvs/ares-aKyeIWDD-py3.11/lib/python3.11/site-packages/pandas/core/frame.py", line 782, in __init__
    mgr = dict_to_mgr(data, index, columns, dtype=dtype, copy=copy, typ=manager)
          ^^^^^^^^^^^^^^^^^^^^^^^^^^^^^^^^^^^^^^^^^^^^^^^^^^^^^^^^^^^^^^^^^^^^^^
  File "/Users/remyroche/Library/Caches/pypoetry/virtualenvs/ares-aKyeIWDD-py3.11/lib/python3.11/site-packages/pandas/core/internals/construction.py", line 503, in dict_to_mgr
    return arrays_to_mgr(arrays, columns, index, dtype=dtype, typ=typ, consolidate=copy)
           ^^^^^^^^^^^^^^^^^^^^^^^^^^^^^^^^^^^^^^^^^^^^^^^^^^^^^^^^^^^^^^^^^^^^^^^^^^^^^
  File "/Users/remyroche/Library/Caches/pypoetry/virtualenvs/ares-aKyeIWDD-py3.11/lib/python3.11/site-packages/pandas/core/internals/construction.py", line 114, in arrays_to_mgr
    index = _extract_index(arrays)
            ^^^^^^^^^^^^^^^^^^^^^^
  File "/Users/remyroche/Library/Caches/pypoetry/virtualenvs/ares-aKyeIWDD-py3.11/lib/python3.11/site-packages/pandas/core/internals/construction.py", line 677, in _extract_index
    raise ValueError("All arrays must be of the same length")
ValueError: All arrays must be of the same length

[2026-03-12 19:19:41 UTC] Running mode price_down_mr in isolated subprocess...
[2026-03-12 19:19:44 UTC] Entering function: retry_with_backoff in utils.py
[2026-03-12 19:19:44 UTC] Building shared cache...
[2026-03-12 19:19:44 UTC] ================================================================================
[2026-03-12 19:19:44 UTC] LAYER 0 MODE SEARCH: price_down_mr
[2026-03-12 19:19:44 UTC] ================================================================================
[2026-03-12 19:19:44 UTC] Phase 1 (price_down_mr): evaluating 216 candidates on 50% symbols + 50% history...
[2026-03-12 19:19:44 UTC] Precomputing Phase 1 rolling tensors for z=4 bars...
[2026-03-12 19:19:47 UTC] Precomputing Phase 1 rolling tensors for z=8 bars...
[2026-03-12 19:19:47 UTC] Precomputing Phase 1 rolling tensors for z=12 bars...
[2026-03-12 19:19:47 UTC] Phase 1 (price_down_mr) top 5 by phase1_proxy_score:
[2026-03-12 19:19:47 UTC]                                                  name  phase1_proxy_score  basic_directionality_edge_event_vs_non_event  dispersion_to_edge_ratio  total_events  active_days_fraction
 momentum|z=4|p=short_minus_long_momentum_lt_-1.4|d=1            1.060241                                      0.006339                184.403208           253              0.646154
 momentum|z=8|p=short_minus_long_momentum_lt_-1.4|d=1            0.947353                                      0.008100                222.313294           270              0.600000
 momentum|z=4|p=short_minus_long_momentum_lt_-1.6|d=1            0.888692                                      0.005028                220.941347           214              0.646154
momentum|z=12|p=short_minus_long_momentum_lt_-1.4|d=1            0.703556                                      0.006354                389.062061           283              0.600000
momentum|z=12|p=short_minus_long_momentum_lt_-1.6|d=1            0.666164                                      0.007442                300.908211           243              0.600000
[2026-03-12 19:19:47 UTC] Phase 2 (price_down_mr): full symbols/history for top 9 candidates...
[2026-03-12 19:19:47 UTC] Precomputing Phase 2 rolling tensors for z=4 bars...
[2026-03-12 19:19:53 UTC] Precomputing Phase 2 rolling tensors for z=12 bars...
[2026-03-12 19:19:54 UTC] Phase 2 (price_down_mr) top 5 by score_r:
[2026-03-12 19:19:54 UTC]                                                     name  score_r  effective_edge  learnability_support  noise_penalty  delta_r_raw  incremental_information_delta_auc  dispersion_to_edge_ratio  disagreement_penalty
volatility_expansion|z=4|p=intrabar_range_atr_gt_1.4|d=1 0.000236        0.000299              0.041225       2.571525     0.002474                           0.041225                536.053525                  0.65
    momentum|z=4|p=short_minus_long_momentum_lt_-1.4|d=1 0.000135        0.000260              0.008028       2.305633     0.006339                           0.008028                184.403208                  0.65
 path_structure|z=12|p=path_efficiency_ratio_lt_-1.4|d=1 0.000098        0.000198              0.012484       2.656318     0.003339                           0.012484                752.910556                  0.65
                 momentum|z=4|p=slope_change_lt_-1.4|d=1 0.000000        0.000000              0.024659       2.859643    -0.001082                           0.024659               1699.322457                  1.00
stretch_location|z=4|p=distance_from_ema_atr_lt_-1.4|d=1 0.000000        0.000000              0.008986       2.442905    -0.003095                           0.008986                320.057756                  1.00
[2026-03-12 19:19:54 UTC] Phase 2.5 (price_down_mr): Ridge regime attribution for top 9 candidates...
/Users/remyroche/Documents/Ares/extreme_price_movements/ridge_regime_event_assessment.py:174: FutureWarning: The default fill_method='pad' in Series.pct_change is deprecated and will be removed in a future version. Either fill in any non-leading NA values prior to calling pct_change or specify 'fill_method=None' to not fill NA values.
  df["realized_volatility_24h"] = df["close"].pct_change().rolling(192).std()
/Users/remyroche/Documents/Ares/extreme_price_movements/ridge_regime_event_assessment.py:177: FutureWarning: The default fill_method='pad' in Series.pct_change is deprecated and will be removed in a future version. Either fill in any non-leading NA values prior to calling pct_change or specify 'fill_method=None' to not fill NA values.
  df["atr_change_rate"] = df["atr14"].pct_change()
/Users/remyroche/Documents/Ares/extreme_price_movements/ridge_regime_event_assessment.py:281: FutureWarning: The default fill_method='pad' in Series.pct_change is deprecated and will be removed in a future version. Either fill in any non-leading NA values prior to calling pct_change or specify 'fill_method=None' to not fill NA values.
  df["rate_of_change"] = df["close"].pct_change(24)
/Users/remyroche/Documents/Ares/extreme_price_movements/ridge_regime_event_assessment.py:287: FutureWarning: The default fill_method='pad' in Series.pct_change is deprecated and will be removed in a future version. Either fill in any non-leading NA values prior to calling pct_change or specify 'fill_method=None' to not fill NA values.
  df["prior_return_1h"] = df["close"].pct_change(8)
/Users/remyroche/Documents/Ares/extreme_price_movements/ridge_regime_event_assessment.py:288: FutureWarning: The default fill_method='pad' in Series.pct_change is deprecated and will be removed in a future version. Either fill in any non-leading NA values prior to calling pct_change or specify 'fill_method=None' to not fill NA values.
  df["prior_return_4h"] = df["close"].pct_change(32)
/Users/remyroche/Documents/Ares/extreme_price_movements/ridge_regime_event_assessment.py:289: FutureWarning: The default fill_method='pad' in Series.pct_change is deprecated and will be removed in a future version. Either fill in any non-leading NA values prior to calling pct_change or specify 'fill_method=None' to not fill NA values.
  df["prior_return_12h"] = df["close"].pct_change(96)
/Users/remyroche/Documents/Ares/extreme_price_movements/ridge_regime_event_assessment.py:292: FutureWarning: The default fill_method='pad' in Series.pct_change is deprecated and will be removed in a future version. Either fill in any non-leading NA values prior to calling pct_change or specify 'fill_method=None' to not fill NA values.
  df["prior_volatility"] = df["close"].pct_change().rolling(32).std()
/Users/remyroche/Documents/Ares/extreme_price_movements/ridge_regime_event_assessment.py:294: FutureWarning: The default fill_method='pad' in Series.pct_change is deprecated and will be removed in a future version. Either fill in any non-leading NA values prior to calling pct_change or specify 'fill_method=None' to not fill NA values.
  df["acceleration_of_move"] = df["close"].pct_change().diff()
/Users/remyroche/Documents/Ares/extreme_price_movements/ridge_regime_event_assessment.py:325: FutureWarning: The default fill_method='pad' in Series.pct_change is deprecated and will be removed in a future version. Either fill in any non-leading NA values prior to calling pct_change or specify 'fill_method=None' to not fill NA values.
  std_20 = df["close"].pct_change().rolling(40).std()
/Users/remyroche/Documents/Ares/extreme_price_movements/ridge_regime_event_assessment.py:326: FutureWarning: The default fill_method='pad' in Series.pct_change is deprecated and will be removed in a future version. Either fill in any non-leading NA values prior to calling pct_change or specify 'fill_method=None' to not fill NA values.
  std_100 = df["close"].pct_change().rolling(200).std()
/Users/remyroche/Library/Caches/pypoetry/virtualenvs/ares-aKyeIWDD-py3.11/lib/python3.11/site-packages/sklearn/impute/_base.py:598: UserWarning: Skipping features without any observed values: ['dist_vwap_atr' 'dist_weekly_vwap' 'dist_rolling_7d_high' 'volume_spike'
 'volume_percentile']. At least one non-missing value is needed for imputation with strategy='median'.
  warnings.warn(
/Users/remyroche/Library/Caches/pypoetry/virtualenvs/ares-aKyeIWDD-py3.11/lib/python3.11/site-packages/sklearn/impute/_base.py:598: UserWarning: Skipping features without any observed values: ['dist_vwap_atr' 'dist_weekly_vwap' 'dist_rolling_7d_high' 'volume_spike'
 'volume_percentile']. At least one non-missing value is needed for imputation with strategy='median'.
  warnings.warn(
/Users/remyroche/Library/Caches/pypoetry/virtualenvs/ares-aKyeIWDD-py3.11/lib/python3.11/site-packages/sklearn/impute/_base.py:598: UserWarning: Skipping features without any observed values: ['dist_vwap_atr' 'dist_weekly_vwap' 'dist_rolling_7d_high' 'volume_spike'
 'volume_percentile']. At least one non-missing value is needed for imputation with strategy='median'.
  warnings.warn(
/Users/remyroche/Library/Caches/pypoetry/virtualenvs/ares-aKyeIWDD-py3.11/lib/python3.11/site-packages/sklearn/impute/_base.py:598: UserWarning: Skipping features without any observed values: ['dist_vwap_atr' 'dist_weekly_vwap' 'dist_rolling_7d_high' 'volume_spike'
 'volume_percentile']. At least one non-missing value is needed for imputation with strategy='median'.
  warnings.warn(
/Users/remyroche/Library/Caches/pypoetry/virtualenvs/ares-aKyeIWDD-py3.11/lib/python3.11/site-packages/sklearn/impute/_base.py:598: UserWarning: Skipping features without any observed values: ['dist_vwap_atr' 'dist_weekly_vwap' 'volume_spike' 'volume_percentile']. At least one non-missing value is needed for imputation with strategy='median'.
  warnings.warn(
/Users/remyroche/Library/Caches/pypoetry/virtualenvs/ares-aKyeIWDD-py3.11/lib/python3.11/site-packages/sklearn/impute/_base.py:598: UserWarning: Skipping features without any observed values: ['dist_vwap_atr' 'dist_weekly_vwap' 'volume_spike' 'volume_percentile']. At least one non-missing value is needed for imputation with strategy='median'.
  warnings.warn(
/Users/remyroche/Library/Caches/pypoetry/virtualenvs/ares-aKyeIWDD-py3.11/lib/python3.11/site-packages/sklearn/impute/_base.py:598: UserWarning: Skipping features without any observed values: ['dist_vwap_atr' 'dist_weekly_vwap' 'volume_spike' 'volume_percentile']. At least one non-missing value is needed for imputation with strategy='median'.
  warnings.warn(
/Users/remyroche/Library/Caches/pypoetry/virtualenvs/ares-aKyeIWDD-py3.11/lib/python3.11/site-packages/sklearn/impute/_base.py:598: UserWarning: Skipping features without any observed values: ['dist_vwap_atr' 'dist_weekly_vwap' 'volume_spike' 'volume_percentile']. At least one non-missing value is needed for imputation with strategy='median'.
  warnings.warn(
/Users/remyroche/Library/Caches/pypoetry/virtualenvs/ares-aKyeIWDD-py3.11/lib/python3.11/site-packages/sklearn/impute/_base.py:598: UserWarning: Skipping features without any observed values: ['dist_vwap_atr' 'dist_weekly_vwap' 'volume_spike' 'volume_percentile']. At least one non-missing value is needed for imputation with strategy='median'.
  warnings.warn(
/Users/remyroche/Library/Caches/pypoetry/virtualenvs/ares-aKyeIWDD-py3.11/lib/python3.11/site-packages/sklearn/impute/_base.py:598: UserWarning: Skipping features without any observed values: ['dist_vwap_atr' 'dist_weekly_vwap' 'volume_spike' 'volume_percentile']. At least one non-missing value is needed for imputation with strategy='median'.
  warnings.warn(
/Users/remyroche/Library/Caches/pypoetry/virtualenvs/ares-aKyeIWDD-py3.11/lib/python3.11/site-packages/sklearn/impute/_base.py:598: UserWarning: Skipping features without any observed values: ['dist_vwap_atr' 'dist_weekly_vwap' 'volume_spike' 'volume_percentile']. At least one non-missing value is needed for imputation with strategy='median'.
  warnings.warn(
/Users/remyroche/Library/Caches/pypoetry/virtualenvs/ares-aKyeIWDD-py3.11/lib/python3.11/site-packages/sklearn/impute/_base.py:598: UserWarning: Skipping features without any observed values: ['dist_vwap_atr' 'dist_weekly_vwap' 'volume_spike' 'volume_percentile']. At least one non-missing value is needed for imputation with strategy='median'.
  warnings.warn(
/Users/remyroche/Library/Caches/pypoetry/virtualenvs/ares-aKyeIWDD-py3.11/lib/python3.11/site-packages/sklearn/impute/_base.py:598: UserWarning: Skipping features without any observed values: ['dist_vwap_atr' 'dist_weekly_vwap' 'volume_spike' 'volume_percentile']. At least one non-missing value is needed for imputation with strategy='median'.
  warnings.warn(
Exception in worker for mode price_down_mr:
Traceback (most recent call last):
  File "/Users/remyroche/Documents/Ares/extreme_price_movements/mask_optimiser.py", line 5437, in _mode_worker
    res = _run_mode_search(mode, shared, feature_dict, cfg)
          ^^^^^^^^^^^^^^^^^^^^^^^^^^^^^^^^^^^^^^^^^^^^^^^^^
  File "/Users/remyroche/Documents/Ares/extreme_price_movements/mask_optimiser.py", line 4536, in _run_mode_search
    res = fit_ridge_regime_scan(
          ^^^^^^^^^^^^^^^^^^^^^^
  File "/Users/remyroche/Documents/Ares/extreme_price_movements/ridge_regime_event_assessment.py", line 558, in fit_ridge_regime_scan
    coef_df = pd.DataFrame(
              ^^^^^^^^^^^^^
  File "/Users/remyroche/Library/Caches/pypoetry/virtualenvs/ares-aKyeIWDD-py3.11/lib/python3.11/site-packages/pandas/core/frame.py", line 782, in __init__
    mgr = dict_to_mgr(data, index, columns, dtype=dtype, copy=copy, typ=manager)
          ^^^^^^^^^^^^^^^^^^^^^^^^^^^^^^^^^^^^^^^^^^^^^^^^^^^^^^^^^^^^^^^^^^^^^^
  File "/Users/remyroche/Library/Caches/pypoetry/virtualenvs/ares-aKyeIWDD-py3.11/lib/python3.11/site-packages/pandas/core/internals/construction.py", line 503, in dict_to_mgr
    return arrays_to_mgr(arrays, columns, index, dtype=dtype, typ=typ, consolidate=copy)
           ^^^^^^^^^^^^^^^^^^^^^^^^^^^^^^^^^^^^^^^^^^^^^^^^^^^^^^^^^^^^^^^^^^^^^^^^^^^^^
  File "/Users/remyroche/Library/Caches/pypoetry/virtualenvs/ares-aKyeIWDD-py3.11/lib/python3.11/site-packages/pandas/core/internals/construction.py", line 114, in arrays_to_mgr
    index = _extract_index(arrays)
            ^^^^^^^^^^^^^^^^^^^^^^
  File "/Users/remyroche/Library/Caches/pypoetry/virtualenvs/ares-aKyeIWDD-py3.11/lib/python3.11/site-packages/pandas/core/internals/construction.py", line 677, in _extract_index
    raise ValueError("All arrays must be of the same length")
ValueError: All arrays must be of the same length

[2026-03-12 19:19:55 UTC] Running mode price_down_tf in isolated subprocess...
[2026-03-12 19:19:58 UTC] Entering function: retry_with_backoff in utils.py
[2026-03-12 19:19:58 UTC] Building shared cache...
[2026-03-12 19:19:59 UTC] ================================================================================
[2026-03-12 19:19:59 UTC] LAYER 0 MODE SEARCH: price_down_tf
[2026-03-12 19:19:59 UTC] ================================================================================
[2026-03-12 19:19:59 UTC] Phase 1 (price_down_tf): evaluating 216 candidates on 50% symbols + 50% history...
[2026-03-12 19:19:59 UTC] Precomputing Phase 1 rolling tensors for z=4 bars...
[2026-03-12 19:20:01 UTC] Precomputing Phase 1 rolling tensors for z=8 bars...
[2026-03-12 19:20:02 UTC] Precomputing Phase 1 rolling tensors for z=12 bars...
[2026-03-12 19:20:02 UTC] Phase 1 (price_down_tf) top 5 by phase1_proxy_score:
[2026-03-12 19:20:02 UTC]                                                      name  phase1_proxy_score  basic_directionality_edge_event_vs_non_event  dispersion_to_edge_ratio  total_events  active_days_fraction
                 momentum|z=12|p=slope_change_lt_-1.4|d=1            1.170121                                      0.007239                695.134924           231              0.753846
                 momentum|z=12|p=slope_change_lt_-1.6|d=1            1.144819                                      0.009160                550.576796           186              0.723077
stretch_location|z=4|p=distance_from_vwap_atr_lt_-1.4|d=1            1.031543                                      0.003095                320.057756           257              0.723077
 stretch_location|z=4|p=distance_from_ema_atr_lt_-1.4|d=1            1.031543                                      0.003095                320.057756           257              0.723077
                  momentum|z=4|p=slope_change_lt_-1.4|d=1            0.786248                                      0.001082               1699.322457           231              0.753846
[2026-03-12 19:20:02 UTC] Phase 2 (price_down_tf): full symbols/history for top 9 candidates...
[2026-03-12 19:20:02 UTC] Precomputing Phase 2 rolling tensors for z=12 bars...
[2026-03-12 19:20:03 UTC] Precomputing Phase 2 rolling tensors for z=4 bars...
[2026-03-12 19:20:08 UTC] Precomputing Phase 2 rolling tensors for z=8 bars...
[2026-03-12 19:20:09 UTC] Phase 2 (price_down_tf) top 5 by score_r:
[2026-03-12 19:20:09 UTC]                                                                     name  score_r  effective_edge  learnability_support  noise_penalty  delta_r_raw  incremental_information_delta_auc  dispersion_to_edge_ratio  disagreement_penalty
                                momentum|z=12|p=slope_change_lt_-1.4|d=1 0.000968        0.002317              0.004080       2.636386     0.007239                           0.004080                695.134924                  1.00
               stretch_location|z=4|p=distance_from_vwap_atr_lt_-1.4|d=1 0.000127        0.000242              0.011425       2.442905     0.003095                           0.011425                320.057756                  0.65
                stretch_location|z=4|p=distance_from_ema_atr_lt_-1.4|d=1 0.000127        0.000242              0.011425       2.442905     0.003095                           0.011425                320.057756                  0.65
compression_transition|z=4|p=compression_expansion_transition_gt_1.4|d=1 0.000124        0.000281              0.002773       2.416705     0.004749                           0.002773                288.113236                  0.65
                  path_structure|z=8|p=path_efficiency_ratio_lt_-1.4|d=1 0.000122        0.000258              0.004838       2.364117     0.007103                           0.004838                233.268615                  0.65
[2026-03-12 19:20:09 UTC] Phase 2.5 (price_down_tf): Ridge regime attribution for top 9 candidates...
/Users/remyroche/Documents/Ares/extreme_price_movements/ridge_regime_event_assessment.py:174: FutureWarning: The default fill_method='pad' in Series.pct_change is deprecated and will be removed in a future version. Either fill in any non-leading NA values prior to calling pct_change or specify 'fill_method=None' to not fill NA values.
  df["realized_volatility_24h"] = df["close"].pct_change().rolling(192).std()
/Users/remyroche/Documents/Ares/extreme_price_movements/ridge_regime_event_assessment.py:177: FutureWarning: The default fill_method='pad' in Series.pct_change is deprecated and will be removed in a future version. Either fill in any non-leading NA values prior to calling pct_change or specify 'fill_method=None' to not fill NA values.
  df["atr_change_rate"] = df["atr14"].pct_change()
/Users/remyroche/Documents/Ares/extreme_price_movements/ridge_regime_event_assessment.py:281: FutureWarning: The default fill_method='pad' in Series.pct_change is deprecated and will be removed in a future version. Either fill in any non-leading NA values prior to calling pct_change or specify 'fill_method=None' to not fill NA values.
  df["rate_of_change"] = df["close"].pct_change(24)
/Users/remyroche/Documents/Ares/extreme_price_movements/ridge_regime_event_assessment.py:287: FutureWarning: The default fill_method='pad' in Series.pct_change is deprecated and will be removed in a future version. Either fill in any non-leading NA values prior to calling pct_change or specify 'fill_method=None' to not fill NA values.
  df["prior_return_1h"] = df["close"].pct_change(8)
/Users/remyroche/Documents/Ares/extreme_price_movements/ridge_regime_event_assessment.py:288: FutureWarning: The default fill_method='pad' in Series.pct_change is deprecated and will be removed in a future version. Either fill in any non-leading NA values prior to calling pct_change or specify 'fill_method=None' to not fill NA values.
  df["prior_return_4h"] = df["close"].pct_change(32)
/Users/remyroche/Documents/Ares/extreme_price_movements/ridge_regime_event_assessment.py:289: FutureWarning: The default fill_method='pad' in Series.pct_change is deprecated and will be removed in a future version. Either fill in any non-leading NA values prior to calling pct_change or specify 'fill_method=None' to not fill NA values.
  df["prior_return_12h"] = df["close"].pct_change(96)
/Users/remyroche/Documents/Ares/extreme_price_movements/ridge_regime_event_assessment.py:292: FutureWarning: The default fill_method='pad' in Series.pct_change is deprecated and will be removed in a future version. Either fill in any non-leading NA values prior to calling pct_change or specify 'fill_method=None' to not fill NA values.
  df["prior_volatility"] = df["close"].pct_change().rolling(32).std()
/Users/remyroche/Documents/Ares/extreme_price_movements/ridge_regime_event_assessment.py:294: FutureWarning: The default fill_method='pad' in Series.pct_change is deprecated and will be removed in a future version. Either fill in any non-leading NA values prior to calling pct_change or specify 'fill_method=None' to not fill NA values.
  df["acceleration_of_move"] = df["close"].pct_change().diff()
/Users/remyroche/Documents/Ares/extreme_price_movements/ridge_regime_event_assessment.py:325: FutureWarning: The default fill_method='pad' in Series.pct_change is deprecated and will be removed in a future version. Either fill in any non-leading NA values prior to calling pct_change or specify 'fill_method=None' to not fill NA values.
  std_20 = df["close"].pct_change().rolling(40).std()
/Users/remyroche/Documents/Ares/extreme_price_movements/ridge_regime_event_assessment.py:326: FutureWarning: The default fill_method='pad' in Series.pct_change is deprecated and will be removed in a future version. Either fill in any non-leading NA values prior to calling pct_change or specify 'fill_method=None' to not fill NA values.
  std_100 = df["close"].pct_change().rolling(200).std()
/Users/remyroche/Library/Caches/pypoetry/virtualenvs/ares-aKyeIWDD-py3.11/lib/python3.11/site-packages/sklearn/impute/_base.py:598: UserWarning: Skipping features without any observed values: ['dist_vwap_atr' 'dist_weekly_vwap' 'dist_rolling_7d_high' 'volume_spike'
 'volume_percentile']. At least one non-missing value is needed for imputation with strategy='median'.
  warnings.warn(
/Users/remyroche/Library/Caches/pypoetry/virtualenvs/ares-aKyeIWDD-py3.11/lib/python3.11/site-packages/sklearn/impute/_base.py:598: UserWarning: Skipping features without any observed values: ['dist_vwap_atr' 'dist_weekly_vwap' 'dist_rolling_7d_high' 'volume_spike'
 'volume_percentile']. At least one non-missing value is needed for imputation with strategy='median'.
  warnings.warn(
/Users/remyroche/Library/Caches/pypoetry/virtualenvs/ares-aKyeIWDD-py3.11/lib/python3.11/site-packages/sklearn/impute/_base.py:598: UserWarning: Skipping features without any observed values: ['dist_vwap_atr' 'dist_weekly_vwap' 'dist_rolling_7d_high' 'volume_spike'
 'volume_percentile']. At least one non-missing value is needed for imputation with strategy='median'.
  warnings.warn(
/Users/remyroche/Library/Caches/pypoetry/virtualenvs/ares-aKyeIWDD-py3.11/lib/python3.11/site-packages/sklearn/impute/_base.py:598: UserWarning: Skipping features without any observed values: ['dist_vwap_atr' 'dist_weekly_vwap' 'dist_rolling_7d_high' 'volume_spike'
 'volume_percentile']. At least one non-missing value is needed for imputation with strategy='median'.
  warnings.warn(
/Users/remyroche/Library/Caches/pypoetry/virtualenvs/ares-aKyeIWDD-py3.11/lib/python3.11/site-packages/sklearn/impute/_base.py:598: UserWarning: Skipping features without any observed values: ['dist_vwap_atr' 'dist_weekly_vwap' 'volume_spike' 'volume_percentile']. At least one non-missing value is needed for imputation with strategy='median'.
  warnings.warn(
/Users/remyroche/Library/Caches/pypoetry/virtualenvs/ares-aKyeIWDD-py3.11/lib/python3.11/site-packages/sklearn/impute/_base.py:598: UserWarning: Skipping features without any observed values: ['dist_vwap_atr' 'dist_weekly_vwap' 'volume_spike' 'volume_percentile']. At least one non-missing value is needed for imputation with strategy='median'.
  warnings.warn(
/Users/remyroche/Library/Caches/pypoetry/virtualenvs/ares-aKyeIWDD-py3.11/lib/python3.11/site-packages/sklearn/impute/_base.py:598: UserWarning: Skipping features without any observed values: ['dist_vwap_atr' 'dist_weekly_vwap' 'volume_spike' 'volume_percentile']. At least one non-missing value is needed for imputation with strategy='median'.
  warnings.warn(
/Users/remyroche/Library/Caches/pypoetry/virtualenvs/ares-aKyeIWDD-py3.11/lib/python3.11/site-packages/sklearn/impute/_base.py:598: UserWarning: Skipping features without any observed values: ['dist_vwap_atr' 'dist_weekly_vwap' 'volume_spike' 'volume_percentile']. At least one non-missing value is needed for imputation with strategy='median'.
  warnings.warn(
/Users/remyroche/Library/Caches/pypoetry/virtualenvs/ares-aKyeIWDD-py3.11/lib/python3.11/site-packages/sklearn/impute/_base.py:598: UserWarning: Skipping features without any observed values: ['dist_vwap_atr' 'dist_weekly_vwap' 'volume_spike' 'volume_percentile']. At least one non-missing value is needed for imputation with strategy='median'.
  warnings.warn(
/Users/remyroche/Library/Caches/pypoetry/virtualenvs/ares-aKyeIWDD-py3.11/lib/python3.11/site-packages/sklearn/impute/_base.py:598: UserWarning: Skipping features without any observed values: ['dist_vwap_atr' 'dist_weekly_vwap' 'volume_spike' 'volume_percentile']. At least one non-missing value is needed for imputation with strategy='median'.
  warnings.warn(
/Users/remyroche/Library/Caches/pypoetry/virtualenvs/ares-aKyeIWDD-py3.11/lib/python3.11/site-packages/sklearn/impute/_base.py:598: UserWarning: Skipping features without any observed values: ['dist_vwap_atr' 'dist_weekly_vwap' 'volume_spike' 'volume_percentile']. At least one non-missing value is needed for imputation with strategy='median'.
  warnings.warn(
/Users/remyroche/Library/Caches/pypoetry/virtualenvs/ares-aKyeIWDD-py3.11/lib/python3.11/site-packages/sklearn/impute/_base.py:598: UserWarning: Skipping features without any observed values: ['dist_vwap_atr' 'dist_weekly_vwap' 'volume_spike' 'volume_percentile']. At least one non-missing value is needed for imputation with strategy='median'.
  warnings.warn(
/Users/remyroche/Library/Caches/pypoetry/virtualenvs/ares-aKyeIWDD-py3.11/lib/python3.11/site-packages/sklearn/impute/_base.py:598: UserWarning: Skipping features without any observed values: ['dist_vwap_atr' 'dist_weekly_vwap' 'volume_spike' 'volume_percentile']. At least one non-missing value is needed for imputation with strategy='median'.
  warnings.warn(
Exception in worker for mode price_down_tf:
Traceback (most recent call last):
  File "/Users/remyroche/Documents/Ares/extreme_price_movements/mask_optimiser.py", line 5437, in _mode_worker
    res = _run_mode_search(mode, shared, feature_dict, cfg)
          ^^^^^^^^^^^^^^^^^^^^^^^^^^^^^^^^^^^^^^^^^^^^^^^^^
  File "/Users/remyroche/Documents/Ares/extreme_price_movements/mask_optimiser.py", line 4536, in _run_mode_search
    res = fit_ridge_regime_scan(
          ^^^^^^^^^^^^^^^^^^^^^^
  File "/Users/remyroche/Documents/Ares/extreme_price_movements/ridge_regime_event_assessment.py", line 558, in fit_ridge_regime_scan
    coef_df = pd.DataFrame(
              ^^^^^^^^^^^^^
  File "/Users/remyroche/Library/Caches/pypoetry/virtualenvs/ares-aKyeIWDD-py3.11/lib/python3.11/site-packages/pandas/core/frame.py", line 782, in __init__
    mgr = dict_to_mgr(data, index, columns, dtype=dtype, copy=copy, typ=manager)
          ^^^^^^^^^^^^^^^^^^^^^^^^^^^^^^^^^^^^^^^^^^^^^^^^^^^^^^^^^^^^^^^^^^^^^^
  File "/Users/remyroche/Library/Caches/pypoetry/virtualenvs/ares-aKyeIWDD-py3.11/lib/python3.11/site-packages/pandas/core/internals/construction.py", line 503, in dict_to_mgr
    return arrays_to_mgr(arrays, columns, index, dtype=dtype, typ=typ, consolidate=copy)
           ^^^^^^^^^^^^^^^^^^^^^^^^^^^^^^^^^^^^^^^^^^^^^^^^^^^^^^^^^^^^^^^^^^^^^^^^^^^^^
  File "/Users/remyroche/Library/Caches/pypoetry/virtualenvs/ares-aKyeIWDD-py3.11/lib/python3.11/site-packages/pandas/core/internals/construction.py", line 114, in arrays_to_mgr
    index = _extract_index(arrays)
            ^^^^^^^^^^^^^^^^^^^^^^
  File "/Users/remyroche/Library/Caches/pypoetry/virtualenvs/ares-aKyeIWDD-py3.11/lib/python3.11/site-packages/pandas/core/internals/construction.py", line 677, in _extract_index
    raise ValueError("All arrays must be of the same length")
ValueError: All arrays must be of the same length

[2026-03-12 19:20:10 UTC] ================================================================================
[2026-03-12 19:20:10 UTC] MODE SUMMARY
[2026-03-12 19:20:10 UTC] ================================================================================
[2026-03-12 19:20:10 UTC]          mode                       status best_name  candidate_count  shortlist_count  best_shortlist_score  score_r  delta_r  N_r  S_r  D_r  event_count  active_days_fraction  events_per_day_mean  events_per_day_std  events_per_day_per_asset  primary_gain  primary_gain_is_nan  incremental_information_delta_auc  incremental_information_positive_fold_fraction  dispersion_to_edge_ratio selected_delta_metric decision rationale
  price_up_mr   mode_exception_price_up_mr                          0                0                   0.0      NaN      NaN  0.0  NaN  NaN            0                   0.0                  NaN                 NaN                       NaN           0.0                  NaN                                NaN                                             NaN                       NaN                         failed          
  price_up_tf   mode_exception_price_up_tf                          0                0                   0.0      NaN      NaN  0.0  NaN  NaN            0                   0.0                  NaN                 NaN                       NaN           0.0                  NaN                                NaN                                             NaN                       NaN                         failed          
price_down_mr mode_exception_price_down_mr                          0                0                   0.0      NaN      NaN  0.0  NaN  NaN            0                   0.0                  NaN                 NaN                       NaN           0.0                  NaN                                NaN                                             NaN                       NaN                         failed          
price_down_tf mode_exception_price_down_tf                          0                0                   0.0      NaN      NaN  0.0  NaN  NaN            0                   0.0                  NaN                 NaN                       NaN           0.0                  NaN                                NaN                                             NaN                       NaN                         failed          
