[2026-03-12 19:12:30 UTC] Entering function: retry_with_backoff in utils.py
[2026-03-12 19:12:30 UTC] Loading data: data_root=/Users/remyroche/Documents/Ares/data | features=/Users/remyroche/Documents/Ares/data/features/20260214_190000
[2026-03-12 19:12:30 UTC] Symbols after deduplication: 529
[2026-03-12 19:12:30 UTC] Selected 2 symbols via --max-symbols
[2026-03-12 19:12:30 UTC] Found 2 feature files in /Users/remyroche/Documents/Ares/data/features/20260214_190000. Selective load: keys=14, symbols=2
[2026-03-12 19:12:30 UTC] Selective feature load progress: 2/2 files (100.0%) in 0.1s
[2026-03-12 19:12:30 UTC] Loaded raw arrays for 2 features. Returning LazyFeatureDict proxy.
[2026-03-12 19:12:30 UTC] Lazy-assembling DataFrame for 'rv_ratio_6_24'...
[2026-03-12 19:12:30 UTC] Lazy-assembling DataFrame for 'vol_regime_z'...
[2026-03-12 19:12:30 UTC] Total rows available before SlicePlanner: 3036
[2026-03-12 19:12:30 UTC] periods/symbols regime_search slice plan failed; using capped sample (Cannot take a larger sample than population when replace is False)
regime_search slice-plan delegation failed; using raw sample: Cannot take a larger sample than population when replace is False
[2026-03-12 19:12:30 UTC] SlicePlanner gave 3036 structured rows for Phase 3+4.
[2026-03-12 19:12:30 UTC] Starting 4-mode Layer 0 optimization (deep=3036, cap=50000, p1_floor=20000)...
[2026-03-12 19:12:30 UTC] Rescaled per-bucket gates for capped sample: rows=3036, min_events=150, min_active_days_fraction=0.250
[2026-03-12 19:12:30 UTC] Running mode price_up_mr in isolated subprocess...
[2026-03-12 19:12:33 UTC] Entering function: retry_with_backoff in utils.py
[2026-03-12 19:12:33 UTC] Building shared cache...
[2026-03-12 19:12:34 UTC] ================================================================================
[2026-03-12 19:12:34 UTC] LAYER 0 MODE SEARCH: price_up_mr
[2026-03-12 19:12:34 UTC] ================================================================================
[2026-03-12 19:12:34 UTC] Phase 1 (price_up_mr): evaluating 216 candidates on 50% symbols + 50% history...
Exception in worker for mode price_up_mr:
Traceback (most recent call last):
  File "/Users/remyroche/Documents/Ares/extreme_price_movements/mask_optimiser.py", line 5435, in _mode_worker
    res = _run_mode_search(mode, shared, feature_dict, cfg)
          ^^^^^^^^^^^^^^^^^^^^^^^^^^^^^^^^^^^^^^^^^^^^^^^^^
  File "/Users/remyroche/Documents/Ares/extreme_price_movements/mask_optimiser.py", line 3850, in _run_mode_search
    for z_hr, fam, param, d_hr in candidate_grid:
        ^^^^^^^^^^^^^^^^^^^^^^
ValueError: too many values to unpack (expected 4)

[2026-03-12 19:12:34 UTC] Running mode price_up_tf in isolated subprocess...
[2026-03-12 19:12:37 UTC] Entering function: retry_with_backoff in utils.py
[2026-03-12 19:12:37 UTC] Building shared cache...
[2026-03-12 19:12:37 UTC] ================================================================================
[2026-03-12 19:12:37 UTC] LAYER 0 MODE SEARCH: price_up_tf
[2026-03-12 19:12:37 UTC] ================================================================================
[2026-03-12 19:12:37 UTC] Phase 1 (price_up_tf): evaluating 216 candidates on 50% symbols + 50% history...
Exception in worker for mode price_up_tf:
Traceback (most recent call last):
  File "/Users/remyroche/Documents/Ares/extreme_price_movements/mask_optimiser.py", line 5435, in _mode_worker
    res = _run_mode_search(mode, shared, feature_dict, cfg)
          ^^^^^^^^^^^^^^^^^^^^^^^^^^^^^^^^^^^^^^^^^^^^^^^^^
  File "/Users/remyroche/Documents/Ares/extreme_price_movements/mask_optimiser.py", line 3850, in _run_mode_search
    for z_hr, fam, param, d_hr in candidate_grid:
        ^^^^^^^^^^^^^^^^^^^^^^
ValueError: too many values to unpack (expected 4)

[2026-03-12 19:12:38 UTC] Running mode price_down_mr in isolated subprocess...
[2026-03-12 19:12:40 UTC] Entering function: retry_with_backoff in utils.py
[2026-03-12 19:12:41 UTC] Building shared cache...
[2026-03-12 19:12:41 UTC] ================================================================================
[2026-03-12 19:12:41 UTC] LAYER 0 MODE SEARCH: price_down_mr
[2026-03-12 19:12:41 UTC] ================================================================================
[2026-03-12 19:12:41 UTC] Phase 1 (price_down_mr): evaluating 216 candidates on 50% symbols + 50% history...
Exception in worker for mode price_down_mr:
Traceback (most recent call last):
  File "/Users/remyroche/Documents/Ares/extreme_price_movements/mask_optimiser.py", line 5435, in _mode_worker
    res = _run_mode_search(mode, shared, feature_dict, cfg)
          ^^^^^^^^^^^^^^^^^^^^^^^^^^^^^^^^^^^^^^^^^^^^^^^^^
  File "/Users/remyroche/Documents/Ares/extreme_price_movements/mask_optimiser.py", line 3850, in _run_mode_search
    for z_hr, fam, param, d_hr in candidate_grid:
        ^^^^^^^^^^^^^^^^^^^^^^
ValueError: too many values to unpack (expected 4)

[2026-03-12 19:12:41 UTC] Running mode price_down_tf in isolated subprocess...
[2026-03-12 19:12:44 UTC] Entering function: retry_with_backoff in utils.py
[2026-03-12 19:12:44 UTC] Building shared cache...
[2026-03-12 19:12:44 UTC] ================================================================================
[2026-03-12 19:12:44 UTC] LAYER 0 MODE SEARCH: price_down_tf
[2026-03-12 19:12:44 UTC] ================================================================================
[2026-03-12 19:12:44 UTC] Phase 1 (price_down_tf): evaluating 216 candidates on 50% symbols + 50% history...
Exception in worker for mode price_down_tf:
Traceback (most recent call last):
  File "/Users/remyroche/Documents/Ares/extreme_price_movements/mask_optimiser.py", line 5435, in _mode_worker
    res = _run_mode_search(mode, shared, feature_dict, cfg)
          ^^^^^^^^^^^^^^^^^^^^^^^^^^^^^^^^^^^^^^^^^^^^^^^^^
  File "/Users/remyroche/Documents/Ares/extreme_price_movements/mask_optimiser.py", line 3850, in _run_mode_search
    for z_hr, fam, param, d_hr in candidate_grid:
        ^^^^^^^^^^^^^^^^^^^^^^
ValueError: too many values to unpack (expected 4)

[2026-03-12 19:12:45 UTC] ================================================================================
[2026-03-12 19:12:45 UTC] MODE SUMMARY
[2026-03-12 19:12:45 UTC] ================================================================================
[2026-03-12 19:12:45 UTC]          mode                       status best_name  candidate_count  shortlist_count  best_shortlist_score  score_r  delta_r  N_r  S_r  D_r  event_count  active_days_fraction  events_per_day_mean  events_per_day_std  events_per_day_per_asset  primary_gain  primary_gain_is_nan  incremental_information_delta_auc  incremental_information_positive_fold_fraction  dispersion_to_edge_ratio selected_delta_metric decision rationale
  price_up_mr   mode_exception_price_up_mr                          0                0                   0.0      NaN      NaN  0.0  NaN  NaN            0                   0.0                  NaN                 NaN                       NaN           0.0                  NaN                                NaN                                             NaN                       NaN                         failed          
  price_up_tf   mode_exception_price_up_tf                          0                0                   0.0      NaN      NaN  0.0  NaN  NaN            0                   0.0                  NaN                 NaN                       NaN           0.0                  NaN                                NaN                                             NaN                       NaN                         failed          
price_down_mr mode_exception_price_down_mr                          0                0                   0.0      NaN      NaN  0.0  NaN  NaN            0                   0.0                  NaN                 NaN                       NaN           0.0                  NaN                                NaN                                             NaN                       NaN                         failed          
price_down_tf mode_exception_price_down_tf                          0                0                   0.0      NaN      NaN  0.0  NaN  NaN            0                   0.0                  NaN                 NaN                       NaN           0.0                  NaN                                NaN                                             NaN                       NaN                         failed          
