2025-12-29 23:43:57,759 - numexpr.utils - INFO - ℹ️ NumExpr defaulting to 8 threads.
2025-12-29 23:43:57,928 - DataQualityFramework - INFO - ℹ️ ✅ Comprehensive duplicate analyzer integrated
2025-12-29 23:43:57,933 - DataQualityFramework - INFO - ℹ️ 🔧 Unified Data Quality Framework initialized (singleton)
[2025-12-29 23:43:57.937] PERFORMANCE: DataQualityFramework initialization took 0.009s
2025-12-29 23:43:57,937 - System.tprint - INFO - ℹ️ DataQualityFramework initialization took 0.009s
2025-12-29 23:43:58,496 - System.AdvancedQualityMetrics - INFO - ℹ️ 📊 AdvancedQualityMetrics initialized with tolerant parameters
[2025-12-29 23:43:58.496] PERFORMANCE: AdvancedQualityMetrics initialization took 0.000s
2025-12-29 23:43:58,496 - System.tprint - INFO - ℹ️ AdvancedQualityMetrics initialization took 0.000s
2025-12-29 23:43:58,498 - DataCleaner - INFO - ℹ️ Using klines-specific gap thresholds: {<GapType.SMALL: 'small'>: 65, <GapType.MEDIUM: 'medium'>: 300, <GapType.LARGE: 'large'>: 1800, <GapType.CRITICAL: 'critical'>: 3600}
[2025-12-29 23:43:58.499] PERFORMANCE: DataCleaner(klines) initialization took 0.000s
2025-12-29 23:43:58,499 - System.tprint - INFO - ℹ️ DataCleaner(klines) initialization took 0.000s
2025-12-29 23:43:58,499 - DataCleaner - INFO - ℹ️ Using klines-specific gap thresholds: {<GapType.SMALL: 'small'>: 65, <GapType.MEDIUM: 'medium'>: 300, <GapType.LARGE: 'large'>: 1800, <GapType.CRITICAL: 'critical'>: 3600}
[2025-12-29 23:43:58.499] PERFORMANCE: DataCleaner(klines) initialization took 0.000s
2025-12-29 23:43:58,499 - System.tprint - INFO - ℹ️ DataCleaner(klines) initialization took 0.000s
2025-12-29 23:43:58,499 - DataCleanerManager - INFO - ℹ️ 🔧 DataCleanerManager initialized (singleton)
[2025-12-29 23:43:58.581] DEBUG: 🔧 [features_common.utils] Initializing common utilities module
[2025-12-29 23:43:58.581] SUCCESS: ✅ [features_common.utils] Math validation utilities loaded
2025-12-29 23:43:58,581 - System.tprint - INFO - ℹ️ ✅ [features_common.utils] Math validation utilities loaded
[2025-12-29 23:43:58.581] DEBUG: 🔧 [features_common.utils] Common utilities module initialized
2025-12-29 23:44:01,654 - src.utils.hardware.m1_gpu_utils.M1GPUManager - INFO - ℹ️ M1 GPU Manager initialized - M1: True, Generation: m1, MPS: True
2025-12-29 23:44:01,669 - src.utils.hardware.m1_cpu_optimizer.M1CPUOptimizer - INFO - ℹ️ 🧠 M1 CPU Optimizer initialized for M1 (4P+4E cores)
[2025-12-29 23:44:02.121] DEBUG: 🔧 [transforms] Module initialized with 14 exports
2025-12-29 23:44:02,121 - src.features_common.backward_compatibility - INFO - ℹ️ Backward compatibility ensured for features_common
[2025-12-29 23:44:02.121] DEBUG: 🔧 [optimization] Module initialized with 6 exports
[2025-12-29 23:44:02.122] DEBUG: 🔧 [registry] Module initialized with BaseFeatureRegistry
[2025-12-29 23:44:02.124] DEBUG: 🚀 [features_common] Enhanced module initialized with 59 exports
[2025-12-29 23:44:02.124] SUCCESS: ✅ [features_common] All optimizations enabled by default
2025-12-29 23:44:02,124 - System.tprint - INFO - ℹ️ ✅ [features_common] All optimizations enabled by default
[2025-12-29 23:44:02.124] INFO: 🔧 [features_common] VectorBT integration available
2025-12-29 23:44:02,125 - System.tprint - INFO - ℹ️ 🔧 [features_common] VectorBT integration available
[2025-12-29 23:44:02.124] PERFORMANCE: 📊 [features_common] Performance monitoring enabled
2025-12-29 23:44:02,125 - System.tprint - INFO - ℹ️ 📊 [features_common] Performance monitoring enabled
[2025-12-29 23:44:02.124] WARNING: 💾 [features_common] Intelligent caching active
2025-12-29 23:44:02,125 - System.tprint - WARNING - ⚠️ 💾 [features_common] Intelligent caching active
2025-12-29 23:44:02,125 - System.DataStreamingManager - INFO - ℹ️ 🚀 DataStreamingManager initialized (singleton): chunk_size=10000, memory_threshold=0.8
[2025-12-29 23:44:02.124] PERFORMANCE: DataStreamingManager initialization took 0.000s
2025-12-29 23:44:02,125 - System.tprint - INFO - ℹ️ DataStreamingManager initialization took 0.000s
2025-12-29 23:44:02,143 - System.EvaluationUtils - INFO - ℹ️ EvaluationUtils delegating core metric computation to unified_evaluator
[2025-12-29 23:44:02.151] ✅ Custom logger available for MLCommon.ConfidenceMetrics
2025-12-29 23:44:02,152 - System.tprint - INFO - ℹ️ ✅ Custom logger available for MLCommon.ConfidenceMetrics
[2025-12-29 23:44:02.151] ✅ Custom logger available for MLCommon.ModelExplanations
2025-12-29 23:44:02,152 - System.tprint - INFO - ℹ️ ✅ Custom logger available for MLCommon.ModelExplanations
2025-12-29 23:44:02,693 - MLCommon.ModelExplanations - INFO - ℹ️ LIME library available - LIME explanations enabled
[2025-12-29 23:44:02.693] ✅ Custom logger available for MLCommon.ModelRegistry
2025-12-29 23:44:02,693 - System.tprint - INFO - ℹ️ ✅ Custom logger available for MLCommon.ModelRegistry
[2025-12-29 23:44:02.693] ✅ Custom logger available for MLCommon.ModelExplainability
2025-12-29 23:44:02,694 - System.tprint - INFO - ℹ️ ✅ Custom logger available for MLCommon.ModelExplainability
[2025-12-29 23:44:02.746] ✅ Custom logger available for MLCommon.CV
2025-12-29 23:44:02,747 - System.tprint - INFO - ℹ️ ✅ Custom logger available for MLCommon.CV
2025-12-29 23:44:02,748 - src.utils.ml_common.validation.enhanced_validation - INFO - ℹ️ ✅ Enhanced Validation initialized
[2025-12-29 23:44:02.749] ✅ Custom logger available for MLCommon.ValidationUtils
2025-12-29 23:44:02,749 - System.tprint - INFO - ℹ️ ✅ Custom logger available for MLCommon.ValidationUtils
[2025-12-29 23:44:02.753] ✅ Custom logger available for MLCommon.HPOUtils
2025-12-29 23:44:02,753 - System.tprint - INFO - ℹ️ ✅ Custom logger available for MLCommon.HPOUtils
2025-12-29 23:44:02,823 - src.utils.matrix_operations.enhanced_operations.CustomMatrixOperationsRegistry - INFO - ℹ️ 📝 Registered custom matrix operation: gpu_condition_number
2025-12-29 23:44:02,824 - src.utils.matrix_operations.enhanced_operations.CustomMatrixOperationsRegistry - INFO - ℹ️ 📝 Registered custom matrix operation: gpu_matrix_rank
2025-12-29 23:44:02,824 - src.utils.matrix_operations.enhanced_operations.CustomMatrixOperationsRegistry - INFO - ℹ️ 📝 Registered custom matrix operation: matrix_normalize
2025-12-29 23:44:02,824 - src.utils.matrix_operations.enhanced_operations.CustomMatrixOperationsRegistry - INFO - ℹ️ 📝 Registered custom matrix operation: extract_matrix_features
2025-12-29 23:44:02,826 - src.utils.matrix_operations - INFO - ℹ️ ✅ Unified Matrix Operations module initialized
2025-12-29 23:44:02,826 - src.utils.matrix_operations - INFO - ℹ️ 📦 Version: 1.0.0
2025-12-29 23:44:02,826 - src.utils.matrix_operations - INFO - ℹ️ 🔧 Features: VectorBT optimizations, GPU acceleration, memory optimization, vectorized processing, batch operations
2025-12-29 23:44:02,826 - src.utils.matrix_operations - INFO - ℹ️ 🍎 Optimized for: Apple Silicon M1/M2/M3 Macs
2025-12-29 23:44:02,826 - src.utils.matrix_operations - INFO - ℹ️ 🚀 VectorBT optimizations enabled - expect 2-10x performance improvements
2025-12-29 23:44:02,826 - src.utils.matrix_operations - INFO - ℹ️ 🎯 VectorBTRollingOptimizer available - enhanced rolling operations
2025-12-29 23:44:02,826 - src.utils.matrix_operations - INFO - ℹ️ ⚡ UnifiedVectorizationManager available - unified vectorization operations
2025-12-29 23:44:02,828 - System.ComplementaryLookbackOptimizer - INFO - ℹ️ ✅ Detected VectorBT v0.28.1
2025-12-29 23:44:02,833 - src.feature_generation.utils.feature_generation_optimization - INFO - ℹ️ ✅ VectorBT available for feature optimization
2025-12-29 23:44:02,856 - root - INFO - ℹ️ ✅ VectorBT compatibility layer loaded successfully
2025-12-29 23:44:03,213 - root - INFO - ℹ️ ✅ Enhanced VectorBT volatility generators loaded successfully
2025-12-29 23:44:03,315 - src.feature_generation.core.feature_registry.FeatureRegistry - INFO - ℹ️ FeatureRegistry initialized
[2025-12-29 23:44:03.316] 🔧 Initializing AutoOptimizationConfig...
2025-12-29 23:44:03,316 - System.tprint - INFO - ℹ️ 🔧 Initializing AutoOptimizationConfig...
[2025-12-29 23:44:03.316] 📝 Setting up conservative optimization settings...
2025-12-29 23:44:03,316 - System.tprint - INFO - ℹ️ 📝 Setting up conservative optimization settings...
[2025-12-29 23:44:03.316] ✅ Conservative settings configured
2025-12-29 23:44:03,316 - System.tprint - INFO - ℹ️ ✅ Conservative settings configured
[2025-12-29 23:44:03.316] 📝 Setting up balanced optimization settings...
2025-12-29 23:44:03,316 - System.tprint - INFO - ℹ️ 📝 Setting up balanced optimization settings...
[2025-12-29 23:44:03.316] ✅ Balanced settings configured
2025-12-29 23:44:03,316 - System.tprint - INFO - ℹ️ ✅ Balanced settings configured
[2025-12-29 23:44:03.316] 📝 Setting up aggressive optimization settings...
2025-12-29 23:44:03,316 - System.tprint - INFO - ℹ️ 📝 Setting up aggressive optimization settings...
[2025-12-29 23:44:03.316] ✅ Aggressive settings configured
2025-12-29 23:44:03,316 - System.tprint - INFO - ℹ️ ✅ Aggressive settings configured
[2025-12-29 23:44:03.316] 🎯 AutoOptimizationConfig initialized with balanced strategy
2025-12-29 23:44:03,316 - System.tprint - INFO - ℹ️ 🎯 AutoOptimizationConfig initialized with balanced strategy
[2025-12-29 23:44:03.316] ✅ Auto-optimization enabled for FeatureBank (default)
2025-12-29 23:44:03,316 - System.tprint - INFO - ℹ️ ✅ Auto-optimization enabled for FeatureBank (default)
2025-12-29 23:44:03,317 - src.feature_generation.utils.memory_pool_optimizer.MemoryPoolOptimizer - INFO - ℹ️ Memory pool optimizer initialized
2025-12-29 23:44:03,317 - src.utils.hardware.m1_memory_optimizer.M1MemoryOptimizer - INFO - ℹ️ 🧠 Memory limit set to 8.0 GB (8589934592.0 bytes)
2025-12-29 23:44:03,332 - src.utils.hardware.m1_memory_optimizer.M1MemoryOptimizer - INFO - ℹ️ 🧠 M1 Memory Optimizer initialized for M1
2025-12-29 23:44:03,332 - src.utils.hardware.unified_hardware_manager.UnifiedHardwareManager - INFO - ℹ️ 🔧 Unified Hardware Manager initialized
2025-12-29 23:44:03,333 - src.utils.hardware.unified_hardware_manager.HardwarePerformanceMonitor - INFO - ℹ️ 🔍 Hardware performance monitoring started
2025-12-29 23:44:03,333 - src.utils.hardware.m1_memory_optimizer.M1MemoryOptimizer - INFO - ℹ️ 🧠 M1 memory monitoring started
2025-12-29 23:44:03,333 - src.utils.hardware.unified_hardware_manager.UnifiedHardwareManager - INFO - ℹ️ ✅ Unified Hardware Manager fully initialized
2025-12-29 23:44:03,333 - src.utils.hardware.unified_hardware_manager.UnifiedHardwareManager - INFO - ℹ️ 🎯 Optimizing for feature_engineering workload (balanced)
2025-12-29 23:44:03,336 - src.utils.ml_common.hardware_singleton - INFO - ℹ️ 🔍 Detecting hardware capabilities (one-time detection)...
2025-12-29 23:44:03,336 - src.utils.ml_common.hardware_singleton - INFO - ℹ️ ✅ Hardware detection complete: {'cpu_cores': 8, 'gpu_available': True, 'gpu_type': 'mps', 'memory_gb': 16.0, 'mps_available': True, 'gpu_memory_gb': None}
[2025-12-29 23:44:03.336] 🚀 Initializing Unified Vectorization Manager...
2025-12-29 23:44:03,336 - System.tprint - INFO - ℹ️ 🚀 Initializing Unified Vectorization Manager...
[2025-12-29 23:44:03.336] 🔄 Initializing optimization components...
2025-12-29 23:44:03,336 - System.tprint - INFO - ℹ️ 🔄 Initializing optimization components...
[2025-12-29 23:44:03.336] 🔄 Initializing optimization components...
2025-12-29 23:44:03,336 - System.tprint - INFO - ℹ️ 🔄 Initializing optimization components...
[2025-12-29 23:44:03.336] 🔄 Loading VectorBTRollingOptimizer...
2025-12-29 23:44:03,336 - System.tprint - INFO - ℹ️ 🔄 Loading VectorBTRollingOptimizer...
[2025-12-29 23:44:03.336] ✅ VectorBTRollingOptimizer loaded
2025-12-29 23:44:03,336 - System.tprint - INFO - ℹ️ ✅ VectorBTRollingOptimizer loaded
[2025-12-29 23:44:03.336] 🔄 Loading vectorized backtesting...
2025-12-29 23:44:03,337 - System.tprint - INFO - ℹ️ 🔄 Loading vectorized backtesting...
2025-12-29 23:44:03,338 - System.VectorizedBacktestingEngine - INFO - ℹ️ ✅ Vectorized Backtesting Engine initialized successfully
[2025-12-29 23:44:03.338] ✅ Vectorized backtesting loaded
2025-12-29 23:44:03,338 - System.tprint - INFO - ℹ️ ✅ Vectorized backtesting loaded
[2025-12-29 23:44:03.338] 🔄 Loading VectorBT backtesting engine...
2025-12-29 23:44:03,338 - System.tprint - INFO - ℹ️ 🔄 Loading VectorBT backtesting engine...
2025-12-29 23:44:03,339 - System.VectorBTBacktestingEngine - INFO - ℹ️ ✅ VectorBT Backtesting Engine initialized successfully
[2025-12-29 23:44:03.339] ✅ VectorBT backtesting engine loaded
2025-12-29 23:44:03,339 - System.tprint - INFO - ℹ️ ✅ VectorBT backtesting engine loaded
[2025-12-29 23:44:03.339] 🔄 Loading VectorBT financial metrics...
2025-12-29 23:44:03,339 - System.tprint - INFO - ℹ️ 🔄 Loading VectorBT financial metrics...
2025-12-29 23:44:03,341 - src.utils.ml_common.vectorbt_financial_metrics - INFO - ℹ️ ✅ VectorBT Financial Metrics initialized
2025-12-29 23:44:03,341 - src.utils.ml_common.vectorbt_financial_metrics - INFO - ℹ️ 📊 Risk-free rate: 2.00%
2025-12-29 23:44:03,341 - src.utils.ml_common.vectorbt_financial_metrics - INFO - ℹ️ 📊 Annualization factor: 252
2025-12-29 23:44:03,341 - src.utils.ml_common.vectorbt_financial_metrics - INFO - ℹ️ 📊 Regime analysis: True
[2025-12-29 23:44:03.341] ✅ VectorBT financial metrics loaded
2025-12-29 23:44:03,341 - System.tprint - INFO - ℹ️ ✅ VectorBT financial metrics loaded
[2025-12-29 23:44:03.341] 🔄 Loading VectorBT portfolio optimization...
2025-12-29 23:44:03,341 - System.tprint - INFO - ℹ️ 🔄 Loading VectorBT portfolio optimization...
2025-12-29 23:44:03,344 - src.utils.ml_common.vectorbt_memory_manager.VectorBTMemoryManager - INFO - ℹ️ ✅ VectorBT Memory Manager initialized
2025-12-29 23:44:03,344 - src.utils.ml_common.vectorbt_memory_manager.VectorBTMemoryManager - INFO - ℹ️ 📊 Total system memory: 16.00GB
2025-12-29 23:44:03,344 - src.utils.ml_common.vectorbt_memory_manager.VectorBTMemoryManager - INFO - ℹ️ 📊 Available memory: 6.07GB
2025-12-29 23:44:03,344 - src.utils.ml_common.vectorbt_memory_manager.VectorBTMemoryManager - INFO - ℹ️ 📊 Max allocated memory: 8.00GB
2025-12-29 23:44:03,344 - src.utils.ml_common.vectorbt_performance_monitor.VectorBTPerformanceMonitor - INFO - ℹ️ ✅ VectorBT Performance Monitor initialized
2025-12-29 23:44:03,344 - src.utils.ml_common.vectorbt_performance_monitor.VectorBTPerformanceMonitor - INFO - ℹ️ 📊 Monitoring enabled: timing=True, memory=True, gpu=True
2025-12-29 23:44:03,344 - src.utils.ml_common.vectorbt_portfolio_optimization - INFO - ℹ️ ✅ VectorBT Portfolio Optimizer initialized
2025-12-29 23:44:03,344 - src.utils.ml_common.vectorbt_portfolio_optimization - INFO - ℹ️ 📊 Method: mean_variance
2025-12-29 23:44:03,344 - src.utils.ml_common.vectorbt_portfolio_optimization - INFO - ℹ️ 📊 Rebalancing: monthly
2025-12-29 23:44:03,344 - src.utils.ml_common.vectorbt_portfolio_optimization - INFO - ℹ️ 📊 Risk aversion: 1.0
2025-12-29 23:44:03,344 - src.utils.ml_common.vectorbt_portfolio_optimization - INFO - ℹ️ 📊 Memory manager: 6.07GB available
[2025-12-29 23:44:03.344] ✅ VectorBT portfolio optimization loaded
2025-12-29 23:44:03,344 - System.tprint - INFO - ℹ️ ✅ VectorBT portfolio optimization loaded
[2025-12-29 23:44:03.344] 🔄 Loading matrix cross-validation...
2025-12-29 23:44:03,345 - System.tprint - INFO - ℹ️ 🔄 Loading matrix cross-validation...
2025-12-29 23:44:03,345 - src.utils.hardware.m1_memory_optimizer - INFO - ℹ️ 🧠 M1 Memory Optimizer initialized for M1
2025-12-29 23:44:03,360 - src.utils.hardware.m1_memory_optimizer.M1MemoryOptimizer - INFO - ℹ️ 🧠 M1 Memory Optimizer initialized for M1
2025-12-29 23:44:03,624 - src.feature_generation.core.vectorbt_batch_processor - INFO - ℹ️ VectorBTBatchProcessor initialized: VectorBT=True, GPU=False, Parallel=True
2025-12-29 23:44:03,625 - src.feature_generation.utils.unified_vectorization_manager - INFO - ℹ️ UnifiedVectorizationManager initialized: VectorBT=True, GPU=False, Memory=True
2025-12-29 23:44:03,625 - src.utils.matrix_operations.unified_operations.UnifiedMatrixOperations - INFO - ℹ️ 📊 GPU: False, Memory Opt: False, Parallel: False
2025-12-29 23:44:03,625 - src.utils.ml_common.matrix_cross_validation - INFO - ℹ️ 🚀 VectorBT configured for cross-validation optimization
2025-12-29 23:44:03,625 - src.utils.ml_common.matrix_cross_validation - INFO - ℹ️ ✅ Matrix-based cross-validator initialized
2025-12-29 23:44:03,625 - src.utils.ml_common.matrix_cross_validation - INFO - ℹ️ 📊 Configuration - Splits: 5, GPU: True, VectorBT: True
[2025-12-29 23:44:03.625] ✅ Matrix cross-validation loaded
2025-12-29 23:44:03,625 - System.tprint - INFO - ℹ️ ✅ Matrix cross-validation loaded
[2025-12-29 23:44:03.625] 🔄 Loading feature importance analyzer...
2025-12-29 23:44:03,625 - System.tprint - INFO - ℹ️ 🔄 Loading feature importance analyzer...
2025-12-29 23:44:03,637 - src.utils.ml_common.utils.memory_integration - INFO - ℹ️ 🔗 Integrating memory skimming with all ML utilities
2025-12-29 23:44:03,637 - src.utils.ml_common.utils.memory_integration - INFO - ℹ️ ✅ Successfully imported HPO utilities (direct import)
2025-12-29 23:44:03,638 - src.utils.ml_common.utils.memory_integration - INFO - ℹ️ ✅ Memory skimming integrated with HPO utilities
2025-12-29 23:44:03,638 - src.utils.ml_common.utils.memory_integration - INFO - ℹ️ ✅ Successfully imported Unified CV utilities
2025-12-29 23:44:03,638 - src.utils.ml_common.utils.memory_integration - INFO - ℹ️ ✅ Memory skimming integrated with Unified CV utilities
2025-12-29 23:44:03,638 - src.utils.ml_common.utils.memory_integration - INFO - ℹ️ ✅ Memory skimming integrated with lookahead protection utilities
2025-12-29 23:44:03,638 - src.utils.ml_common.utils.memory_integration - INFO - ℹ️ Skipping model evaluation memory integration (deprecated)
2025-12-29 23:44:03,639 - src.utils.ml_common.utils.memory_integration - INFO - ℹ️ ✅ Successfully imported feature selection utilities
2025-12-29 23:44:03,639 - src.utils.ml_common.utils.memory_integration - INFO - ℹ️ ✅ Memory skimming integrated with feature selection utilities
2025-12-29 23:44:03,639 - src.utils.ml_common.utils.memory_integration - INFO - ℹ️ ✅ Successfully imported data quality utilities
2025-12-29 23:44:03,639 - src.utils.ml_common.utils.memory_integration - INFO - ℹ️ ✅ Memory skimming integrated with data quality utilities
2025-12-29 23:44:03,639 - src.utils.ml_common.utils.memory_integration - INFO - ℹ️ ✅ Memory skimming integration completed: 6/6 successful
[2025-12-29 23:44:03.640] ✅ Custom logger available for MLCommon.ThreadGuard
2025-12-29 23:44:03,640 - System.tprint - INFO - ℹ️ ✅ Custom logger available for MLCommon.ThreadGuard
[2025-12-29 23:44:03.640] ✅ threadpoolctl available for thread management
2025-12-29 23:44:03,640 - System.tprint - INFO - ℹ️ ✅ threadpoolctl available for thread management
[2025-12-29 23:44:03.640] ✅ Custom logger available for MLCommon.BaseSafeguards
2025-12-29 23:44:03,641 - System.tprint - INFO - ℹ️ ✅ Custom logger available for MLCommon.BaseSafeguards
[2025-12-29 23:44:03.642] ✅ Scikit-learn available for thresholding functionality
2025-12-29 23:44:03,642 - System.tprint - INFO - ℹ️ ✅ Scikit-learn available for thresholding functionality
[2025-12-29 23:44:03.642] ✅ Custom logger available for FeatureSelection.BaseFramework
2025-12-29 23:44:03,642 - System.tprint - INFO - ℹ️ ✅ Custom logger available for FeatureSelection.BaseFramework
[2025-12-29 23:44:03.642] ✅ Custom logger available for FeatureSelection.DataValidation
2025-12-29 23:44:03,643 - System.tprint - INFO - ℹ️ ✅ Custom logger available for FeatureSelection.DataValidation
[2025-12-29 23:44:03.644] ✅ Vectorization utilities available for feature selection
2025-12-29 23:44:03,644 - System.tprint - INFO - ℹ️ ✅ Vectorization utilities available for feature selection
[2025-12-29 23:44:03.644] ✅ Custom logger available for FeatureSelection.SelectionMethods
2025-12-29 23:44:03,644 - System.tprint - INFO - ℹ️ ✅ Custom logger available for FeatureSelection.SelectionMethods
[2025-12-29 23:44:03.677] ✅ Custom logger available for FeatureSelection.StabilityAnalysis
2025-12-29 23:44:03,677 - System.tprint - INFO - ℹ️ ✅ Custom logger available for FeatureSelection.StabilityAnalysis
[2025-12-29 23:44:03.677] ✅ Custom logger available for FeatureSelection.PerformanceMonitoring
2025-12-29 23:44:03,678 - System.tprint - INFO - ℹ️ ✅ Custom logger available for FeatureSelection.PerformanceMonitoring
[2025-12-29 23:44:03.678] ✅ Custom logger available for FeatureSelection.QualityMetrics
2025-12-29 23:44:03,678 - System.tprint - INFO - ℹ️ ✅ Custom logger available for FeatureSelection.QualityMetrics
[2025-12-29 23:44:03.678] ✅ Custom logger available for FeatureSelection.TemporalAnalysis
2025-12-29 23:44:03,679 - System.tprint - INFO - ℹ️ ✅ Custom logger available for FeatureSelection.TemporalAnalysis
[2025-12-29 23:44:03.680] ✅ Custom logger available for FeatureSelection.CausalAnalysis
2025-12-29 23:44:03,680 - System.tprint - INFO - ℹ️ ✅ Custom logger available for FeatureSelection.CausalAnalysis
[2025-12-29 23:44:03.682] ✅ Custom logger available for FeatureSelection.MainFramework
2025-12-29 23:44:03,682 - System.tprint - INFO - ℹ️ ✅ Custom logger available for FeatureSelection.MainFramework
[2025-12-29 23:44:03.704] 🔍 FeatureImportanceAnalyzer initialized with methods: ['random_forest', 'lasso', 'mutual_info']
2025-12-29 23:44:03,704 - System.tprint - INFO - ℹ️ 🔍 FeatureImportanceAnalyzer initialized with methods: ['random_forest', 'lasso', 'mutual_info']
[2025-12-29 23:44:03.704] ✅ Feature importance analyzer loaded
2025-12-29 23:44:03,704 - System.tprint - INFO - ℹ️ ✅ Feature importance analyzer loaded
[2025-12-29 23:44:03.704] 🔄 Loading technical indicators...
2025-12-29 23:44:03,704 - System.tprint - INFO - ℹ️ 🔄 Loading technical indicators...
2025-12-29 23:44:03,705 - src.feature_generation.utils.feature_generators - INFO - ℹ️ ✅ TA-Lib available for enhanced technical indicators
2025-12-29 23:44:03,705 - src.feature_generation.utils.feature_generators - INFO - ℹ️ Using fallback implementations for feature selection tools
2025-12-29 23:44:03,725 - src.utils.hardware.m1_memory_optimizer.M1MemoryOptimizer - INFO - ℹ️ 🧠 M1 Memory Optimizer initialized for M1
2025-12-29 23:44:03,725 - src.feature_generation.utils.feature_generators.FeatureGenerators - INFO - ℹ️ ✅ Hardware optimization initialized
2025-12-29 23:44:03,726 - src.feature_generation.utils.feature_generators.FeatureGenerators - INFO - ℹ️ ✅ Matrix operations available for vectorization
[2025-12-29 23:44:03.726] ✅ Technical indicators loaded
2025-12-29 23:44:03,726 - System.tprint - INFO - ℹ️ ✅ Technical indicators loaded
[2025-12-29 23:44:03.726] ℹ️ HMM operations deprecated - using alternative methods
2025-12-29 23:44:03,726 - System.tprint - INFO - ℹ️ HMM operations deprecated - using alternative methods
[2025-12-29 23:44:03.726] ✅ Component initialization completed
2025-12-29 23:44:03,726 - System.tprint - INFO - ℹ️ ✅ Component initialization completed
[2025-12-29 23:44:03.726] 🔄 Setting up performance tracking...
2025-12-29 23:44:03,726 - System.tprint - INFO - ℹ️ 🔄 Setting up performance tracking...
[2025-12-29 23:44:03.726] ✅ Unified Vectorization Manager initialized
2025-12-29 23:44:03,726 - System.tprint - INFO - ℹ️ ✅ Unified Vectorization Manager initialized
2025-12-29 23:44:03,726 - src.utils.ml_common.unified_vectorization_manager - INFO - ℹ️ ✅ Unified Vectorization Manager initialized
2025-12-29 23:44:03,726 - src.feature_generation.utils.feature_generation_optimization.FeatureGenerationOptimizer - INFO - ℹ️ 🚀 Initializing FeatureGenerationOptimizer...
2025-12-29 23:44:03,727 - src.feature_generation.utils.feature_generation_optimization.FeatureGenerationOptimizer - INFO - ℹ️ 📊 Configuration loaded: cross_validation
2025-12-29 23:44:03,727 - src.feature_generation.utils.feature_generation_optimization.FeatureGenerationOptimizer - INFO - ℹ️ ✅ FeatureGenerationOptimizer initialized in 0.000s
2025-12-29 23:44:03,727 - src.feature_generation.utils.feature_generation_optimization.FeatureGenerationOptimizer - INFO - ℹ️ 📊 Min lookback: 5, Max lookback: 252
2025-12-29 23:44:03,727 - src.feature_generation.utils.feature_generation_optimization.FeatureGenerationOptimizer - INFO - ℹ️ 📊 CV folds: 3, Parallel processing: True
2025-12-29 23:44:03,727 - src.utils.parallel_processing_optimizer - INFO - ℹ️ 🍎 Detected Apple Silicon - applying M1-specific limits
2025-12-29 23:44:03,727 - src.utils.parallel_processing_optimizer - INFO - ℹ️ 🔧 Initialized MacM1ParallelOptimizer:
2025-12-29 23:44:03,727 - src.utils.parallel_processing_optimizer - INFO - ℹ️    Max workers: 4
2025-12-29 23:44:03,727 - src.utils.parallel_processing_optimizer - INFO - ℹ️    Chunk size: 1000
2025-12-29 23:44:03,727 - src.utils.parallel_processing_optimizer - INFO - ℹ️    Pool type: Process
2025-12-29 23:44:03,727 - src.utils.parallel_processing_optimizer - INFO - ℹ️    Memory limit per worker: 4096 MB
2025-12-29 23:44:03,727 - src.utils.parallel_processing_optimizer - INFO - ℹ️    M1 Mac detected: True
2025-12-29 23:44:03,727 - src.feature_generation.utils.optimization.lookback_optimizer.LookbackOptimizer - INFO - ℹ️ ✅ Legacy optimization system available
2025-12-29 23:44:03,728 - src.feature_generation.utils.optimization.lookback_optimizer.LookbackOptimizer - INFO - ℹ️ ✅ LookbackOptimizer initialized
2025-12-29 23:44:03,728 - src.feature_generation.core.feature_bank.FeatureBank - INFO - ℹ️ ✅ Regular lookback optimization enabled (Analyst mode)
[2025-12-29 23:44:03.728] ✅ FeatureBank set as global instance
2025-12-29 23:44:03,728 - System.tprint - INFO - ℹ️ ✅ FeatureBank set as global instance
[2025-12-29 23:44:03.728] 🔧 Auto-registering feature generators...
2025-12-29 23:44:03,728 - System.tprint - INFO - ℹ️ 🔧 Auto-registering feature generators...
[2025-12-29 23:44:03.728] 🔧 Starting auto-registration of feature generators...
2025-12-29 23:44:03,728 - System.tprint - INFO - ℹ️ 🔧 Starting auto-registration of feature generators...
[2025-12-29 23:44:03.728] 🚀 Initializing 16 feature categories...
2025-12-29 23:44:03,728 - System.tprint - INFO - ℹ️ 🚀 Initializing 16 feature categories...
2025-12-29 23:44:03,728 - src.feature_generation.core.vectorbt_feature_generator - WARNING - ⚠️ GPU acceleration not available in this VectorBT version
2025-12-29 23:44:03,730 - src.feature_generation.core.feature_generator.CustomAutoOptimizedFeatureGenerator - INFO - ℹ️ ✅ VectorBT advanced caching enabled: 1000MB, TTL: 3600s
[2025-12-29 23:44:03.730] 🔍 Getting settings for balanced optimization level...
2025-12-29 23:44:03,730 - System.tprint - INFO - ℹ️ 🔍 Getting settings for balanced optimization level...
2025-12-29 23:44:03,730 - src.feature_generation.utils.vectorbt_optimization_integration - INFO - ℹ️ VectorBTOptimizationManager initialized: GPU=False, Memory=True, Parallel=True
2025-12-29 23:44:03,730 - CustomAutoOptimizedFeatureGenerator - INFO - ℹ️ VectorBT optimization components initialized
2025-12-29 23:44:03,803 - src.feature_generation.utils.consolidated_rolling_optimizer - INFO - ℹ️ GPU memory test successful
2025-12-29 23:44:03,879 - src.feature_generation.categories.candlestick_pattern - INFO - ℹ️ ✅ VectorBTRollingOptimizer initialized for candlestick patterns
2025-12-29 23:44:03,879 - src.feature_generation.categories.candlestick_pattern - INFO - ℹ️ ✅ UnifiedVectorizationManager initialized for candlestick patterns
[2025-12-29 23:44:03.900] ℹ️ VectorBT not available, using core microstructure generators only (numpy-optimized)
2025-12-29 23:44:03,900 - System.tprint - INFO - ℹ️ VectorBT not available, using core microstructure generators only (numpy-optimized)
✅ Created 45 VectorBT-optimized acceleration generators
✅ Created 46 total acceleration generators with VectorBT optimization
2025-12-29 23:44:03,927 - src.feature_generation.utils.vectorization_optimizer.VectorizationOptimizer - INFO - ℹ️ ✅ Matrix operations initialized
2025-12-29 23:44:03,927 - src.feature_generation.utils.vectorization_optimizer.VectorizationOptimizer - INFO - ℹ️ ✅ Hardware manager initialized
2025-12-29 23:44:03,927 - src.feature_generation.utils.vectorization_optimizer.VectorizationOptimizer - INFO - ℹ️ ✅ Vectorized core initialized
2025-12-29 23:44:03,927 - src.feature_generation.utils.vectorization_optimizer.VectorizationOptimizer - INFO - ℹ️ ✅ Vectorization Optimizer initialized
[2025-12-29 23:44:03.940] ℹ️ VectorBT not available, using core microstructure generators only (numpy-optimized)
2025-12-29 23:44:03,940 - System.tprint - INFO - ℹ️ VectorBT not available, using core microstructure generators only (numpy-optimized)
[2025-12-29 23:44:03.948] ✅ Auto-registration completed. Registered 527 generators
2025-12-29 23:44:03,948 - System.tprint - INFO - ℹ️ ✅ Auto-registration completed. Registered 527 generators
2025-12-29 23:44:03,948 - src.feature_generation.core.feature_bank.FeatureBank - INFO - ℹ️ ✅ Auto-registered 527 generators from 16 categories
[2025-12-29 23:44:03.948] 🔍 Looking up generators for category: returns
2025-12-29 23:44:03,948 - System.tprint - INFO - ℹ️ 🔍 Looking up generators for category: returns
[2025-12-29 23:44:03.948] ✅ Found 57 generators for category: returns
2025-12-29 23:44:03,948 - System.tprint - INFO - ℹ️ ✅ Found 57 generators for category: returns
[2025-12-29 23:44:03.948] 🔍 Looking up generators for category: momentum
2025-12-29 23:44:03,948 - System.tprint - INFO - ℹ️ 🔍 Looking up generators for category: momentum
[2025-12-29 23:44:03.948] ✅ Found 32 generators for category: momentum
2025-12-29 23:44:03,948 - System.tprint - INFO - ℹ️ ✅ Found 32 generators for category: momentum
[2025-12-29 23:44:03.948] 🔍 Looking up generators for category: volume
2025-12-29 23:44:03,948 - System.tprint - INFO - ℹ️ 🔍 Looking up generators for category: volume
[2025-12-29 23:44:03.948] ✅ Found 60 generators for category: volume
2025-12-29 23:44:03,949 - System.tprint - INFO - ℹ️ ✅ Found 60 generators for category: volume
[2025-12-29 23:44:03.949] 🔍 Looking up generators for category: volatility
2025-12-29 23:44:03,949 - System.tprint - INFO - ℹ️ 🔍 Looking up generators for category: volatility
[2025-12-29 23:44:03.949] ✅ Found 54 generators for category: volatility
2025-12-29 23:44:03,949 - System.tprint - INFO - ℹ️ ✅ Found 54 generators for category: volatility
[2025-12-29 23:44:03.949] 🔍 Looking up generators for category: normalization
2025-12-29 23:44:03,949 - System.tprint - INFO - ℹ️ 🔍 Looking up generators for category: normalization
[2025-12-29 23:44:03.949] ✅ Found 0 generators for category: normalization
2025-12-29 23:44:03,949 - System.tprint - INFO - ℹ️ ✅ Found 0 generators for category: normalization
[2025-12-29 23:44:03.949] 🔍 Looking up generators for category: trend
2025-12-29 23:44:03,949 - System.tprint - INFO - ℹ️ 🔍 Looking up generators for category: trend
[2025-12-29 23:44:03.949] ✅ Found 60 generators for category: trend
2025-12-29 23:44:03,949 - System.tprint - INFO - ℹ️ ✅ Found 60 generators for category: trend
[2025-12-29 23:44:03.949] 🔍 Looking up generators for category: oscillator
2025-12-29 23:44:03,949 - System.tprint - INFO - ℹ️ 🔍 Looking up generators for category: oscillator
[2025-12-29 23:44:03.949] ✅ Found 11 generators for category: oscillator
2025-12-29 23:44:03,950 - System.tprint - INFO - ℹ️ ✅ Found 11 generators for category: oscillator
[2025-12-29 23:44:03.949] 🔍 Looking up generators for category: support_resistance
2025-12-29 23:44:03,950 - System.tprint - INFO - ℹ️ 🔍 Looking up generators for category: support_resistance
[2025-12-29 23:44:03.950] ✅ Found 50 generators for category: support_resistance
2025-12-29 23:44:03,950 - System.tprint - INFO - ℹ️ ✅ Found 50 generators for category: support_resistance
[2025-12-29 23:44:03.950] 🔍 Looking up generators for category: custom_support_resistance
2025-12-29 23:44:03,950 - System.tprint - INFO - ℹ️ 🔍 Looking up generators for category: custom_support_resistance
[2025-12-29 23:44:03.950] ✅ Found 0 generators for category: custom_support_resistance
2025-12-29 23:44:03,950 - System.tprint - INFO - ℹ️ ✅ Found 0 generators for category: custom_support_resistance
[2025-12-29 23:44:03.950] 🔍 Looking up generators for category: candlestick_pattern
2025-12-29 23:44:03,950 - System.tprint - INFO - ℹ️ 🔍 Looking up generators for category: candlestick_pattern
[2025-12-29 23:44:03.950] ✅ Found 16 generators for category: candlestick_pattern
2025-12-29 23:44:03,950 - System.tprint - INFO - ℹ️ ✅ Found 16 generators for category: candlestick_pattern
[2025-12-29 23:44:03.950] 🔍 Looking up generators for category: cross_timeframe
2025-12-29 23:44:03,950 - System.tprint - INFO - ℹ️ 🔍 Looking up generators for category: cross_timeframe
[2025-12-29 23:44:03.950] ✅ Found 22 generators for category: cross_timeframe
2025-12-29 23:44:03,950 - System.tprint - INFO - ℹ️ ✅ Found 22 generators for category: cross_timeframe
[2025-12-29 23:44:03.950] 🔍 Looking up generators for category: microstructure
2025-12-29 23:44:03,951 - System.tprint - INFO - ℹ️ 🔍 Looking up generators for category: microstructure
[2025-12-29 23:44:03.950] ✅ Found 15 generators for category: microstructure
2025-12-29 23:44:03,951 - System.tprint - INFO - ℹ️ ✅ Found 15 generators for category: microstructure
[2025-12-29 23:44:03.950] 🔍 Looking up generators for category: entropy
2025-12-29 23:44:03,951 - System.tprint - INFO - ℹ️ 🔍 Looking up generators for category: entropy
[2025-12-29 23:44:03.951] ✅ Found 35 generators for category: entropy
2025-12-29 23:44:03,951 - System.tprint - INFO - ℹ️ ✅ Found 35 generators for category: entropy
[2025-12-29 23:44:03.951] 🔍 Looking up generators for category: autoencoder
2025-12-29 23:44:03,951 - System.tprint - INFO - ℹ️ 🔍 Looking up generators for category: autoencoder
[2025-12-29 23:44:03.951] ✅ Found 0 generators for category: autoencoder
2025-12-29 23:44:03,951 - System.tprint - INFO - ℹ️ ✅ Found 0 generators for category: autoencoder
[2025-12-29 23:44:03.951] 🔍 Looking up generators for category: representation_learning
2025-12-29 23:44:03,951 - System.tprint - INFO - ℹ️ 🔍 Looking up generators for category: representation_learning
[2025-12-29 23:44:03.951] ✅ Found 0 generators for category: representation_learning
2025-12-29 23:44:03,951 - System.tprint - INFO - ℹ️ ✅ Found 0 generators for category: representation_learning
[2025-12-29 23:44:03.951] 🔍 Looking up generators for category: order_flow
2025-12-29 23:44:03,951 - System.tprint - INFO - ℹ️ 🔍 Looking up generators for category: order_flow
[2025-12-29 23:44:03.951] ✅ Found 0 generators for category: order_flow
2025-12-29 23:44:03,952 - System.tprint - INFO - ℹ️ ✅ Found 0 generators for category: order_flow
[2025-12-29 23:44:03.951] 🔍 Looking up generators for category: regime
2025-12-29 23:44:03,952 - System.tprint - INFO - ℹ️ 🔍 Looking up generators for category: regime
[2025-12-29 23:44:03.951] ✅ Found 0 generators for category: regime
2025-12-29 23:44:03,952 - System.tprint - INFO - ℹ️ ✅ Found 0 generators for category: regime
[2025-12-29 23:44:03.951] 🔍 Looking up generators for category: legacy
2025-12-29 23:44:03,952 - System.tprint - INFO - ℹ️ 🔍 Looking up generators for category: legacy
[2025-12-29 23:44:03.951] ✅ Found 0 generators for category: legacy
2025-12-29 23:44:03,952 - System.tprint - INFO - ℹ️ ✅ Found 0 generators for category: legacy
[2025-12-29 23:44:03.952] 🔍 Looking up generators for category: time
2025-12-29 23:44:03,952 - System.tprint - INFO - ℹ️ 🔍 Looking up generators for category: time
[2025-12-29 23:44:03.952] ✅ Found 0 generators for category: time
2025-12-29 23:44:03,952 - System.tprint - INFO - ℹ️ ✅ Found 0 generators for category: time
[2025-12-29 23:44:03.952] 🔍 Looking up generators for category: custom
2025-12-29 23:44:03,952 - System.tprint - INFO - ℹ️ 🔍 Looking up generators for category: custom
[2025-12-29 23:44:03.952] ✅ Found 0 generators for category: custom
2025-12-29 23:44:03,952 - System.tprint - INFO - ℹ️ ✅ Found 0 generators for category: custom
[2025-12-29 23:44:03.952] 🔍 Looking up generators for category: acceleration
2025-12-29 23:44:03,952 - System.tprint - INFO - ℹ️ 🔍 Looking up generators for category: acceleration
[2025-12-29 23:44:03.952] ✅ Found 46 generators for category: acceleration
2025-12-29 23:44:03,952 - System.tprint - INFO - ℹ️ ✅ Found 46 generators for category: acceleration
[2025-12-29 23:44:03.952] 🔍 Looking up generators for category: interaction
2025-12-29 23:44:03,953 - System.tprint - INFO - ℹ️ 🔍 Looking up generators for category: interaction
[2025-12-29 23:44:03.952] ✅ Found 8 generators for category: interaction
2025-12-29 23:44:03,953 - System.tprint - INFO - ℹ️ ✅ Found 8 generators for category: interaction
[2025-12-29 23:44:03.952] 🔍 Looking up generators for category: advanced_statistical
2025-12-29 23:44:03,953 - System.tprint - INFO - ℹ️ 🔍 Looking up generators for category: advanced_statistical
[2025-12-29 23:44:03.952] ✅ Found 6 generators for category: advanced_statistical
2025-12-29 23:44:03,953 - System.tprint - INFO - ℹ️ ✅ Found 6 generators for category: advanced_statistical
[2025-12-29 23:44:03.953] 🔍 Looking up generators for category: spectral_wavelet
2025-12-29 23:44:03,953 - System.tprint - INFO - ℹ️ 🔍 Looking up generators for category: spectral_wavelet
[2025-12-29 23:44:03.953] ✅ Found 6 generators for category: spectral_wavelet
2025-12-29 23:44:03,953 - System.tprint - INFO - ℹ️ ✅ Found 6 generators for category: spectral_wavelet
2025-12-29 23:44:03,953 - src.feature_generation.core.generator_factory - INFO - ℹ️ Populated generator factory with 478 generators
[2025-12-29 23:44:03.953] ✅ Generator factory populated with registered generators
2025-12-29 23:44:03,953 - System.tprint - INFO - ℹ️ ✅ Generator factory populated with registered generators
2025-12-29 23:44:03,954 - src.feature_generation.core.feature_bank.FeatureBank - INFO - ℹ️ ✅ FeatureBank initialized
2025-12-29 23:44:03,954 - src.feature_generation.core.feature_bank.FeatureBank - INFO - ℹ️ 📊 Matrix ops: True, GPU: True, Lookback opt: True
2025-12-29 23:44:03,955 - src.feature_generation - INFO - ℹ️ ✅ Unified Feature Generation System initialized
2025-12-29 23:44:03,955 - src.feature_generation - INFO - ℹ️ 📦 Version: 2.0.0
2025-12-29 23:44:03,955 - src.feature_generation - INFO - ℹ️ 🔧 Features: Category-based organization, advanced utilities, optimization
2025-12-29 23:44:03,955 - src.feature_generation - INFO - ℹ️ 🍎 Optimized for: Apple Silicon M1/M2/M3 Macs
2025-12-29 23:44:03,955 - src.feature_generation - INFO - ℹ️ 🚀 Advanced utilities available (optimization, analysis, etc.)
2025-12-29 23:44:03,955 - src.feature_generation - INFO - ℹ️ ⚡ VectorBT optimizations available (advanced volatility, volume, batch processing)
2025-12-29 23:44:03,955 - MLCommon.HPOUtils - INFO - ℹ️ ✅ VectorBT optimization available
2025-12-29 23:44:03,955 - MLCommon.HPOUtils - INFO - ℹ️ 🚀 Initializing Enhanced HyperparameterOptimization...
2025-12-29 23:44:03,955 - MLCommon.HPOUtils.HPOUtils - INFO - ℹ️ ✅ VectorBT Rolling Optimizer initialized
2025-12-29 23:44:03,955 - MLCommon.HPOUtils.HPOUtils - INFO - ℹ️ ✅ Unified Vectorization Manager initialized
2025-12-29 23:44:03,955 - MLCommon.HPOUtils - INFO - ℹ️ ⚙️ Configuration - Parallel processing: True
2025-12-29 23:44:03,955 - MLCommon.HPOUtils - INFO - ℹ️ ⚙️ Configuration - Max workers: 4
2025-12-29 23:44:03,955 - MLCommon.HPOUtils - INFO - ℹ️ ⚙️ Configuration - Monitoring enabled: True
2025-12-29 23:44:03,955 - MLCommon.HPOUtils - INFO - ℹ️ 🚀 Configuration - Non-linear optimization: True
2025-12-29 23:44:03,955 - MLCommon.HPOUtils - INFO - ℹ️ ✅ Enhanced HyperparameterOptimization initialized successfully
2025-12-29 23:44:03,967 - DataCleaner - INFO - ℹ️ Using klines-specific gap thresholds: {<GapType.SMALL: 'small'>: 65, <GapType.MEDIUM: 'medium'>: 300, <GapType.LARGE: 'large'>: 1800, <GapType.CRITICAL: 'critical'>: 3600}
2025-12-29 23:44:03,967 - System.UnifiedDataUtils - INFO - ℹ️ 🚀 Unified Data Utils initialized
2025-12-29 23:44:03,971 - src.utils.ml_common.validation.data_leakage_prevention - INFO - ℹ️ 🔒 Data Leakage Prevention initialized with CRITICAL financial thresholds:
2025-12-29 23:44:03,971 - src.utils.ml_common.validation.data_leakage_prevention - INFO - ℹ️    • Critical leakage threshold: 5.0% (was 25%)
2025-12-29 23:44:03,971 - src.utils.ml_common.validation.data_leakage_prevention - INFO - ℹ️    • Warning leakage threshold: 2.0% (was 10%)
2025-12-29 23:44:03,971 - src.utils.ml_common.validation.data_leakage_prevention - INFO - ℹ️    • Small dataset multiplier: 1.0 (was 1.5)
2025-12-29 23:44:03,971 - src.utils.ml_common.validation.data_leakage_prevention - INFO - ℹ️    • These strict thresholds are ESSENTIAL for financial data integrity
2025-12-29 23:44:03,971 - src.utils.ml_common.validation.data_leakage_prevention - INFO - ℹ️    • Even 1-2% leakage can invalidate backtesting results
2025-12-29 23:44:03,971 - src.utils.ml_common.validation.data_leakage_prevention - INFO - ℹ️    • High model scores (>96%) often indicate undetected temporal leakage
2025-12-29 23:44:03,973 - src.utils.ml_common.validation.overfitting_monitoring - INFO - ℹ️ ✅ Overfitting Monitoring initialized
2025-12-29 23:44:03,975 - src.utils.ml_common.validation.hpo_overfitting_prevention - INFO - ℹ️ ✅ HPO with Overfitting Prevention initialized
2025-12-29 23:44:03,976 - src.utils.ml_common.validation.model_complexity_analysis - INFO - ℹ️ ✅ Model Complexity Analyzer initialized
2025-12-29 23:44:03,979 - EnhancedReportingSystem.EnhancedReportingSystem - INFO - ℹ️ 📊 Enhanced Reporting System initialized
2025-12-29 23:44:03,979 - src.utils.ml_common.reporting.validation_reporting_integration - INFO - ℹ️ ✅ Validation Reporting Integrator initialized
2025-12-29 23:44:03,980 - src.utils.ml_common.validation.data_leakage_prevention - INFO - ℹ️ 🔒 Data Leakage Prevention initialized with CRITICAL financial thresholds:
2025-12-29 23:44:03,980 - src.utils.ml_common.validation.data_leakage_prevention - INFO - ℹ️    • Critical leakage threshold: 5.0% (was 25%)
2025-12-29 23:44:03,980 - src.utils.ml_common.validation.data_leakage_prevention - INFO - ℹ️    • Warning leakage threshold: 2.0% (was 10%)
2025-12-29 23:44:03,980 - src.utils.ml_common.validation.data_leakage_prevention - INFO - ℹ️    • Small dataset multiplier: 1.0 (was 1.5)
2025-12-29 23:44:03,980 - src.utils.ml_common.validation.data_leakage_prevention - INFO - ℹ️    • These strict thresholds are ESSENTIAL for financial data integrity
2025-12-29 23:44:03,980 - src.utils.ml_common.validation.data_leakage_prevention - INFO - ℹ️    • Even 1-2% leakage can invalidate backtesting results
2025-12-29 23:44:03,980 - src.utils.ml_common.validation.data_leakage_prevention - INFO - ℹ️    • High model scores (>96%) often indicate undetected temporal leakage
2025-12-29 23:44:03,980 - src.utils.ml_common.validation.overfitting_monitoring - INFO - ℹ️ ✅ Overfitting Monitoring initialized
2025-12-29 23:44:03,980 - src.utils.ml_common.validation.enhanced_validation - INFO - ℹ️ ✅ Enhanced Validation initialized
2025-12-29 23:44:03,980 - src.utils.ml_common.validation.hpo_overfitting_prevention - INFO - ℹ️ ✅ HPO with Overfitting Prevention initialized
2025-12-29 23:44:03,980 - src.utils.ml_common.validation.model_complexity_analysis - INFO - ℹ️ ✅ Model Complexity Analyzer initialized
2025-12-29 23:44:03,980 - src.utils.ml_common.training.universal_validation_integration - INFO - ℹ️ ✅ Universal Validation Integrator initialized with new utilities
[2025-12-29 23:44:04.199] ✅ Custom logger available for MLCommon.ModelTraining
2025-12-29 23:44:04,199 - System.tprint - INFO - ℹ️ ✅ Custom logger available for MLCommon.ModelTraining
[2025-12-29 23:44:04.203] ✅ ML Common utilities loaded successfully
2025-12-29 23:44:04,203 - System.tprint - INFO - ℹ️ ✅ ML Common utilities loaded successfully
2025-12-29 23:44:04,204 - System.CrossStepValidator - INFO - ℹ️ 🔍 CrossStepValidator initialized with comprehensive consistency rules
2025-12-29 23:44:04,224 - System.sr_clustering - INFO - ℹ️ Initializing SR Clustering module
2025-12-29 23:44:04,226 - System.sr_clustering - INFO - ℹ️ ✅ Successfully imported SRBacktestingEngine components
2025-12-29 23:44:04,227 - System.sr_clustering - INFO - ℹ️ ✅ Successfully imported BacktestingEnhancedClustering components
2025-12-29 23:44:04,229 - System.sr_clustering - INFO - ℹ️ ✅ Successfully imported WeightOptimizationEngine components
2025-12-29 23:44:04,230 - System.sr_clustering - INFO - ℹ️ ✅ Successfully imported PredictiveSREngine components
2025-12-29 23:44:04,231 - System.sr_clustering - INFO - ℹ️ ✅ Successfully imported TradingMLIntegration components
2025-12-29 23:44:04,231 - System.sr_clustering - INFO - ℹ️ 🎉 SR Clustering module initialization completed successfully
2025-12-29 23:44:04,252 - ares.registry - INFO - ℹ️ Registered step: feature_generation_gate_feature_step
[2025-12-29 23:44:04.252] ✅ Feature generation gate feature step registered SUCCESS
2025-12-29 23:44:04,252 - System.tprint - INFO - ℹ️ ✅ Feature generation gate feature step registered SUCCESS
2025-12-29 23:44:04,258 - ares.registry - INFO - ℹ️ Registered step: feature_generation_data_validation_step
[2025-12-29 23:44:04.258] ✅ Feature generation data validation step registered SUCCESS
2025-12-29 23:44:04,258 - System.tprint - INFO - ℹ️ ✅ Feature generation data validation step registered SUCCESS
[2025-12-29 23:44:04.258] 🔧 Loading labeling components...
2025-12-29 23:44:04,258 - System.tprint - INFO - ℹ️ 🔧 Loading labeling components...
2025-12-29 23:44:04,375 - ares.registry - INFO - ℹ️ Registered step: meta_labeling_hpo_experiment
2025-12-29 23:44:04,375 - ares.registry - INFO - ℹ️ Registered step: sr_labeling_xgb
[2025-12-29 23:44:04.376] ✅ Meta-labeling HPO experiment step registered (aliases: meta_labeling_hpo_experiment, sr_labeling_xgb) SUCCESS
2025-12-29 23:44:04,376 - System.tprint - INFO - ℹ️ ✅ Meta-labeling HPO experiment step registered (aliases: meta_labeling_hpo_experiment, sr_labeling_xgb) SUCCESS
2025-12-29 23:44:04,404 - ares.registry - INFO - ℹ️ Registered step: meta_gated_backtest
[2025-12-29 23:44:04.404] ✅ Meta-gated backtest step registered SUCCESS
2025-12-29 23:44:04,404 - System.tprint - INFO - ℹ️ ✅ Meta-gated backtest step registered SUCCESS
[2025-12-29 23:44:04.524] ✅ CMI complementarity components loaded successfully
2025-12-29 23:44:04,524 - System.tprint - INFO - ℹ️ ✅ CMI complementarity components loaded successfully
2025-12-29 23:44:04,524 - ares.registry - INFO - ℹ️ Registered step: feature_generation_final_feature_selection_step
[2025-12-29 23:44:04.524] ✅ Feature generation final feature selection step registered SUCCESS
2025-12-29 23:44:04,525 - ares.registry - INFO - ℹ️ Registered step: feature_generation_final_validation_step
[2025-12-29 23:44:04.524] ✅ Feature generation final validation step registered SUCCESS
2025-12-29 23:44:04,528 - ares.registry - INFO - ℹ️ Registered step: feature_generation_labeling_integration_step
[2025-12-29 23:44:04.528] ✅ Feature generation labeling integration step registered SUCCESS
[2025-12-29 23:44:04.530] ⚠️ FeatureSelector not available: No module named 'fastcluster'
2025-12-29 23:44:04,530 - ares.registry - INFO - ℹ️ Registered step: feature_generation_feature_generation_step
[2025-12-29 23:44:04.530] ✅ Feature generation step registered SUCCESS
2025-12-29 23:44:04,531 - ares.registry - INFO - ℹ️ Registered step: feature_generation_period_lookback_optimization_step
[2025-12-29 23:44:04.531] ✅ Feature generation period lookback optimization step registered SUCCESS
2025-12-29 23:44:04,532 - ares.registry - INFO - ℹ️ Registered step: feature_generation_feature_selection_step
[2025-12-29 23:44:04.531] ✅ Feature generation feature selection step registered SUCCESS
[2025-12-29 23:44:04.534] INFO: ✅ CMI complementarity components loaded successfully
[2025-12-29 23:44:04.540] INFO: ✅ FeatureSelectionPipeline loaded for 4-stage feature evaluation
[2025-12-29 23:44:04.540] WARNING: ⚠️ FeatureSelector not available: No module named 'fastcluster'
2025-12-29 23:44:04,541 - ares.registry - INFO - ℹ️ Registered step: feature_generation_interaction_generation_step
[2025-12-29 23:44:04.540] ✅ Unified feature generation interaction generation step registered SUCCESS
2025-12-29 23:44:04,541 - ares.registry - INFO - ℹ️ Registered step: feature_generation_data_validation_step
2025-12-29 23:44:04,542 - ares.registry - INFO - ℹ️ Registered step: feature_generation_labeling_integration_step
2025-12-29 23:44:04,542 - ares.registry - INFO - ℹ️ Registered step: feature_generation_feature_generation_step
2025-12-29 23:44:04,542 - ares.registry - INFO - ℹ️ Registered step: feature_generation_period_lookback_optimization_step
2025-12-29 23:44:04,542 - ares.registry - INFO - ℹ️ Registered step: feature_generation_feature_selection_step
2025-12-29 23:44:04,542 - ares.registry - INFO - ℹ️ Registered step: feature_generation_interaction_generation_step
2025-12-29 23:44:04,542 - ares.registry - INFO - ℹ️ Registered step: regime_aware_feature_interaction_generation_step
2025-12-29 23:44:04,542 - ares.registry - INFO - ℹ️ Registered step: feature_generation_gate_feature_step
2025-12-29 23:44:04,542 - ares.registry - INFO - ℹ️ Registered step: feature_generation_final_feature_selection_step
2025-12-29 23:44:04,542 - ares.registry - INFO - ℹ️ Registered step: feature_generation_final_validation_step
Pre-training components registry available
2025-12-29 23:44:04,749 - src.config.analyst_ensemble_training.config_manager.AnalystEnsembleTrainingConfigManager - INFO - ℹ️ AnalystEnsembleTrainingConfigManager initialisé
2025-12-29 23:44:04,749 - src.config.analyst_ensemble_training.config_manager.AnalystEnsembleTrainingConfigManager - INFO - ℹ️ Répertoire config: /Users/remyroche/Documents/Ares/src/config/analyst_ensemble_training
2025-12-29 23:44:04,749 - src.config.analyst_ensemble_training.config_manager.AnalystEnsembleTrainingConfigManager - INFO - ℹ️ Config personnalisée: None
2025-12-29 23:44:04,749 - src.config.analyst_ensemble_training.config_manager.AnalystEnsembleTrainingConfigManager - INFO - ℹ️ Fallback hardcodé: True
DEBUG: UnifiedTrainingPipeline imported from: /Users/remyroche/Documents/Ares/src/training/steps/models_training/unified_training_pipeline.py
2025-12-29 23:44:04,773 - ares.registry - INFO - ℹ️ Registered step: unified_models_training
[2025-12-29 23:44:04.773] ✅ Unified models training step registered SUCCESS
2025-12-29 23:44:04,773 - ares.registry - INFO - ℹ️ Registered step: analyst_base_training
[2025-12-29 23:44:04.773] ✅ Analyst base training step registered SUCCESS
2025-12-29 23:44:04,775 - ares.registry - INFO - ℹ️ Registered step: analyst_ensemble_training
[2025-12-29 23:44:04.775] ✅ Analyst ensemble training step registered SUCCESS
[2025-12-29 23:44:04.779] ✅ [TACTICIAN_BASE] Configuration centralisée importée SUCCESS
2025-12-29 23:44:04,779 - ares.registry - INFO - ℹ️ Registered step: tactician_base_training
[2025-12-29 23:44:04.779] ✅ Tactician base training step registered SUCCESS
2025-12-29 23:44:04,780 - ares.registry - INFO - ℹ️ Registered step: tactician_ensemble_training
[2025-12-29 23:44:04.779] ✅ Tactician ensemble training step registered SUCCESS
2025-12-29 23:44:04,781 - ares.registry - INFO - ℹ️ Registered step: gate_training_step
[2025-12-29 23:44:04.781] ✅ Gate training step registered SUCCESS
2025-12-29 23:44:04,781 - ares.registry - INFO - ℹ️ Registered step: unified_models_training
2025-12-29 23:44:04,781 - ares.registry - INFO - ℹ️ Registered step: analyst_base_training
2025-12-29 23:44:04,781 - ares.registry - INFO - ℹ️ Registered step: analyst_ensemble_training
2025-12-29 23:44:04,781 - ares.registry - INFO - ℹ️ Registered step: tactician_base_training
2025-12-29 23:44:04,781 - ares.registry - INFO - ℹ️ Registered step: tactician_ensemble_training
2025-12-29 23:44:04,781 - ares.registry - INFO - ℹ️ Registered step: gate_training_step
2025-12-29 23:44:04,782 - ares.registry - INFO - ℹ️ Registered step: analyst_base_backtest
[2025-12-29 23:44:04.782] ✅ Analyst base backtest step registered SUCCESS
2025-12-29 23:44:04,783 - ares.registry - INFO - ℹ️ Registered step: basic_backtesting_pre
[2025-12-29 23:44:04.782] ✅ Basic backtesting pre step registered SUCCESS
2025-12-29 23:44:04,784 - ares.registry - INFO - ℹ️ Registered step: basic_backtesting_post
[2025-12-29 23:44:04.784] ✅ Basic backtesting post step registered SUCCESS
2025-12-29 23:44:04,793 - ares.registry - INFO - ℹ️ Registered step: monte_carlo_simulation
[2025-12-29 23:44:04.794] ✅ Monte Carlo simulation step registered SUCCESS
2025-12-29 23:44:04,794 - ares.registry - INFO - ℹ️ Registered step: ab_testing
[2025-12-29 23:44:04.794] ✅ AB testing step registered SUCCESS
2025-12-29 23:44:04,794 - ares.registry - INFO - ℹ️ Registered step: reporting
[2025-12-29 23:44:04.794] ✅ Reporting step registered SUCCESS
[2025-12-29 23:44:04.797] ⚠️  M1 hardware optimization not available warning
[2025-12-29 23:44:04.797] ✅ VectorBT optimization utilities available success
2025-12-29 23:44:04,800 - ares.registry - INFO - ℹ️ Registered step: analyst_base_backtest
[2025-12-29 23:44:04.800] ✅ Analyst base backtest step registered SUCCESS
2025-12-29 23:44:04,800 - ares.registry - INFO - ℹ️ Registered step: basic_backtesting_pre
2025-12-29 23:44:04,800 - ares.registry - INFO - ℹ️ Registered step: basic_backtesting_post
2025-12-29 23:44:04,800 - ares.registry - INFO - ℹ️ Registered step: monte_carlo_simulation
2025-12-29 23:44:04,800 - ares.registry - INFO - ℹ️ Registered step: ab_testing
2025-12-29 23:44:04,800 - ares.registry - INFO - ℹ️ Registered step: reporting
2025-12-29 23:44:04,800 - ares.registry - INFO - ℹ️ Registered step: final_parameters_optimization
2025-12-29 23:44:04,800 - ares.registry - INFO - ℹ️ Registered step: real_parameters_optimization
2025-12-29 23:44:04,800 - ares.registry - INFO - ℹ️ Registered step: analyst_base_backtest
2025-12-29 23:44:04,800 - ares.registry - INFO - ℹ️ Registered step: meta_gated_backtest
2025-12-29 23:44:04,803 - sr_error_handlers - INFO - ℹ️ SR Error Handlers module initialized
2025-12-29 23:44:10,863 - DataQualityFramework - INFO - ℹ️ ✅ Comprehensive duplicate analyzer integrated
2025-12-29 23:44:10,863 - DataQualityFramework - INFO - ℹ️ 🔧 Unified Data Quality Framework initialized (singleton)
[2025-12-29 23:44:10.863] PERFORMANCE: DataQualityFramework initialization took 0.000s
2025-12-29 23:44:10,864 - DataCleaner - INFO - ℹ️ Using klines-specific gap thresholds: {<GapType.SMALL: 'small'>: 65, <GapType.MEDIUM: 'medium'>: 300, <GapType.LARGE: 'large'>: 1800, <GapType.CRITICAL: 'critical'>: 3600}
[2025-12-29 23:44:10.865] PERFORMANCE: DataCleaner(klines) initialization took 0.000s
2025-12-29 23:44:10,865 - DataCleaner - INFO - ℹ️ Using klines-specific gap thresholds: {<GapType.SMALL: 'small'>: 65, <GapType.MEDIUM: 'medium'>: 300, <GapType.LARGE: 'large'>: 1800, <GapType.CRITICAL: 'critical'>: 3600}
[2025-12-29 23:44:10.865] PERFORMANCE: DataCleaner(klines) initialization took 0.000s
2025-12-29 23:44:10,865 - DataCleanerManager - INFO - ℹ️ 🔧 DataCleanerManager initialized (singleton)
2025-12-29 23:44:10,866 - System.AdvancedQualityMetrics - INFO - ℹ️ 📊 AdvancedQualityMetrics initialized with tolerant parameters
[2025-12-29 23:44:10.866] PERFORMANCE: AdvancedQualityMetrics initialization took 0.000s
2025-12-29 23:44:10,869 - System.DataStreamingManager - INFO - ℹ️ 🚀 DataStreamingManager initialized (singleton): chunk_size=10000, memory_threshold=0.8
[2025-12-29 23:44:10.869] PERFORMANCE: DataStreamingManager initialization took 0.000s
2025-12-29 23:44:10,870 - System.CrossStepValidator - INFO - ℹ️ 🔍 CrossStepValidator initialized with comprehensive consistency rules
2025-12-29 23:44:10,871 - DataCleaner - INFO - ℹ️ Using klines-specific gap thresholds: {<GapType.SMALL: 'small'>: 65, <GapType.MEDIUM: 'medium'>: 300, <GapType.LARGE: 'large'>: 1800, <GapType.CRITICAL: 'critical'>: 3600}
[2025-12-29 23:44:10.871] PERFORMANCE: DataCleaner(klines) initialization took 0.000s
2025-12-29 23:44:10,871 - System.UnifiedDataUtils - INFO - ℹ️ 🚀 Unified Data Utils initialized
2025-12-29 23:44:10,899 - utils.hardware.m1_gpu_utils.M1GPUManager - INFO - ℹ️ M1 GPU Manager initialized - M1: True, Generation: m1, MPS: True
2025-12-29 23:44:10,921 - utils.hardware.m1_cpu_optimizer.M1CPUOptimizer - INFO - ℹ️ 🧠 M1 CPU Optimizer initialized for M1 (4P+4E cores)
2025-12-29 23:44:10,939 - utils.matrix_operations.enhanced_operations.CustomMatrixOperationsRegistry - INFO - ℹ️ 📝 Registered custom matrix operation: gpu_condition_number
2025-12-29 23:44:10,940 - utils.matrix_operations.enhanced_operations.CustomMatrixOperationsRegistry - INFO - ℹ️ 📝 Registered custom matrix operation: gpu_matrix_rank
2025-12-29 23:44:10,940 - utils.matrix_operations.enhanced_operations.CustomMatrixOperationsRegistry - INFO - ℹ️ 📝 Registered custom matrix operation: matrix_normalize
2025-12-29 23:44:10,940 - utils.matrix_operations.enhanced_operations.CustomMatrixOperationsRegistry - INFO - ℹ️ 📝 Registered custom matrix operation: extract_matrix_features
2025-12-29 23:44:10,942 - utils.matrix_operations - INFO - ℹ️ ✅ Unified Matrix Operations module initialized
2025-12-29 23:44:10,942 - utils.matrix_operations - INFO - ℹ️ 📦 Version: 1.0.0
2025-12-29 23:44:10,942 - utils.matrix_operations - INFO - ℹ️ 🔧 Features: VectorBT optimizations, GPU acceleration, memory optimization, vectorized processing, batch operations
2025-12-29 23:44:10,943 - utils.matrix_operations - INFO - ℹ️ 🍎 Optimized for: Apple Silicon M1/M2/M3 Macs
2025-12-29 23:44:10,943 - utils.matrix_operations - INFO - ℹ️ 🚀 VectorBT optimizations enabled - expect 2-10x performance improvements
2025-12-29 23:44:10,943 - utils.matrix_operations - INFO - ℹ️ 🎯 VectorBTRollingOptimizer available - enhanced rolling operations
2025-12-29 23:44:10,943 - utils.matrix_operations - INFO - ℹ️ ⚡ UnifiedVectorizationManager available - unified vectorization operations
2025-12-29 23:44:10,958 - src.config.regime_ensemble_training.config_manager.RegimeEnsembleTrainingConfigManager - INFO - ℹ️ RegimeEnsembleTrainingConfigManager initialisé
2025-12-29 23:44:10,958 - src.config.regime_ensemble_training.config_manager.RegimeEnsembleTrainingConfigManager - INFO - ℹ️ Répertoire config: /Users/remyroche/Documents/Ares/src/config/regime_ensemble_training
2025-12-29 23:44:10,958 - src.config.regime_ensemble_training.config_manager.RegimeEnsembleTrainingConfigManager - INFO - ℹ️ Config personnalisée: None
2025-12-29 23:44:10,958 - src.config.regime_ensemble_training.config_manager.RegimeEnsembleTrainingConfigManager - INFO - ℹ️ Fallback hardcodé: True
[2025-12-29 23:44:10.959] SUCCESS: ✅ [REGIME_ENSEMBLE] ML libraries imported successfully
[2025-12-29 23:44:10.959] SUCCESS: ✅ [REGIME_ENSEMBLE] Feature generation system imported successfully
2025-12-29 23:44:10,960 - ares.registry - INFO - ℹ️ Registered step: regime_ensemble_training
[2025-12-29 23:44:10.959] ✅ Regime ensemble training step registered SUCCESS
2025-12-29 23:44:10,962 - ares.registry - INFO - ℹ️ Registered step: regime_feature_selection
✅ Mac M1 MPS GPU detected and enabled
2025-12-29 23:44:11,035 - src.training.steps.market_analysis.shared_utils.execution_mode_lookback_config - INFO - ℹ️ 🔧 Initializing Execution Mode Lookback Configuration
2025-12-29 23:44:11,035 - src.training.steps.market_analysis.shared_utils.execution_mode_lookback_config - INFO - ℹ️ ✅ Execution Mode Lookback Configuration initialized
2025-12-29 23:44:11,037 - ares.registry - INFO - ℹ️ Registered step: rolling_hmm_regime_discovery
2025-12-29 23:44:11,083 - ares.registry - INFO - ℹ️ Registered step: sr_parameter_optimization
2025-12-29 23:44:11,084 - ares.registry - INFO - ℹ️ Registered step: regime_clustering
2025-12-29 23:44:11,084 - ares.registry - INFO - ℹ️ Registered step: regime_ensemble_training
2025-12-29 23:44:11,084 - ares.registry - INFO - ℹ️ Registered step: sr_clustering
2025-12-29 23:44:11,084 - ares.registry - INFO - ℹ️ Registered step: sr_detection
2025-12-29 23:44:11,084 - ares.registry - INFO - ℹ️ Registered step: regime_feature_selection
2025-12-29 23:44:11,084 - ares.registry - INFO - ℹ️ Registered step: sticky_finite_hmm_regime_discovery
2025-12-29 23:44:11,084 - ares.registry - INFO - ℹ️ Registered step: xgb_meso_regime
2025-12-29 23:44:11,084 - ares.registry - INFO - ℹ️ Registered step: xgb_mr_trend_step
2025-12-29 23:44:11,084 - ares.registry - INFO - ℹ️ Registered step: hmm_ml_alpha_step
2025-12-29 23:44:11,084 - ares.registry - INFO - ℹ️ Registered step: xgb_macro_regime
2025-12-29 23:44:11,084 - ares.registry - INFO - ℹ️ Registered step: ml_risk_regime_step
2025-12-29 23:44:11,084 - ares.registry - INFO - ℹ️ Registered step: ml_smc_regime_step
2025-12-29 23:44:11,084 - ares.registry - INFO - ℹ️ Registered step: ml_path_regime_step
2025-12-29 23:44:11,084 - ares.registry - INFO - ℹ️ Registered step: ml_mean_reversion_step
2025-12-29 23:44:11,084 - ares.registry - INFO - ℹ️ Registered step: ml_breakout_bounce_regime_step
2025-12-29 23:44:11,084 - ares.registry - INFO - ℹ️ Registered step: ml_map_regime_step
2025-12-29 23:44:11,084 - ares.registry - INFO - ℹ️ Registered step: ml_liquidity_regime_step
2025-12-29 23:44:11,084 - ares.registry - INFO - ℹ️ Registered step: ml_volume_force_step
2025-12-29 23:44:11,084 - ares.registry - INFO - ℹ️ Registered step: feature_generation_meta_labeling_step
2025-12-29 23:44:11,084 - ares.registry - INFO - ℹ️ Registered step: sr_labeling_xgb
2025-12-29 23:44:11,084 - ares.registry - INFO - ℹ️ Registered step: meta_labeling_hpo_experiment
2025-12-29 23:44:11,085 - ares.launcher - INFO - ℹ️ Starting Simplified Ares Launcher...
2025-12-29 23:44:11,086 - ares.launcher - INFO - ℹ️ 🧹 Starting cleanup of duplicate files...
2025-12-29 23:44:11,086 - ares.launcher - INFO - ℹ️ Cleaning directory: logs (keeping 100 youngest files per group)
2025-12-29 23:44:11,087 - ares.launcher - INFO - ℹ️   Group 'unified.log': 102 files, keeping 100, deleting 2
2025-12-29 23:44:11,088 - ares.launcher - INFO - ℹ️ Cleaning directory: artifacts (keeping 3 youngest files per group)
2025-12-29 23:44:11,088 - ares.launcher - INFO - ℹ️ Cleaning directory: outcomes (keeping 3 youngest files per group)
2025-12-29 23:44:11,089 - ares.launcher - INFO - ℹ️ ✅ Cleanup complete: 2 files deleted, 0 files skipped
[2025-12-29 23:44:11.089] 🔧 CONFIG: Centralized lookback_days=360 for mode=blank INFO
[2025-12-29 23:44:11.089] 🔒 LEAKAGE GUARD: Use non-zero embargo (gap) and OOF predictions for stacking; avoid joining future-derived columns. INFO
2025-12-29 23:44:11,089 - src.utils.ml_common.optimization.execution_mode_adapter - INFO - ℹ️ 🔧 Execution mode set to: BLANK
2025-12-29 23:44:11,089 - ares.launcher - INFO - ℹ️ 🔧 Execution mode set to: BLANK
2025-12-29 23:44:11,089 - ares.launcher - INFO - ℹ️ Running single step: meta_labeling_hpo_sample_weighted
2025-12-29 23:44:11,089 - ares.launcher - INFO - ℹ️ Starting execution of step: meta_labeling_hpo_sample_weighted
2025-12-29 23:44:11,089 - ares.launcher - ERROR - ❌ Step 'meta_labeling_hpo_sample_weighted' not found in registry. Available steps: ['feature_generation_gate_feature_step', 'feature_generation_data_validation_step', 'meta_labeling_hpo_experiment', 'sr_labeling_xgb', 'meta_gated_backtest', 'feature_generation_final_feature_selection_step', 'feature_generation_final_validation_step', 'feature_generation_labeling_integration_step', 'feature_generation_feature_generation_step', 'feature_generation_period_lookback_optimization_step', 'feature_generation_feature_selection_step', 'feature_generation_interaction_generation_step', 'regime_aware_feature_interaction_generation_step', 'unified_models_training', 'analyst_base_training', 'analyst_ensemble_training', 'tactician_base_training', 'tactician_ensemble_training', 'gate_training_step', 'analyst_base_backtest', 'basic_backtesting_pre', 'basic_backtesting_post', 'monte_carlo_simulation', 'ab_testing', 'reporting', 'final_parameters_optimization', 'real_parameters_optimization', 'regime_ensemble_training', 'regime_feature_selection', 'rolling_hmm_regime_discovery', 'sr_parameter_optimization', 'regime_clustering', 'sr_clustering', 'sr_detection', 'sticky_finite_hmm_regime_discovery', 'xgb_meso_regime', 'xgb_mr_trend_step', 'hmm_ml_alpha_step', 'xgb_macro_regime', 'ml_risk_regime_step', 'ml_smc_regime_step', 'ml_path_regime_step', 'ml_mean_reversion_step', 'ml_breakout_bounce_regime_step', 'ml_map_regime_step', 'ml_liquidity_regime_step', 'ml_volume_force_step', 'feature_generation_meta_labeling_step']
Step 'meta_labeling_hpo_sample_weighted' completed: ❌ Failed
2025-12-29 23:44:11,089 - ares.launcher - INFO - ℹ️ ✅ Simplified Ares Launcher completed
2025-12-29 23:44:11,095 - ares.registry - INFO - ℹ️ Registered step: data_download
