
================================================================================
UNIFIED CODE QUALITY PIPELINE - ENHANCED
================================================================================
Project root: /workspace/src
Timestamp: 20250903_170321

============================================================
Running Advanced Syntax Fixes
============================================================
Checking 608 Python files for syntax errors...
Found 92 files with syntax errors

Fixed 0 files
Failed to fix 92 files

Common unfixed error patterns:
  invalid syntax: 92 files

============================================================
Running Import Fixes
============================================================
Found 608 Python files to analyze
Progress: 0/608 files processed
Progress: 50/608 files processed
Progress: 100/608 files processed
Progress: 150/608 files processed
Progress: 200/608 files processed
Progress: 250/608 files processed
Progress: 300/608 files processed
Progress: 350/608 files processed
Progress: 400/608 files processed
Progress: 450/608 files processed
Progress: 500/608 files processed
Progress: 550/608 files processed
Progress: 600/608 files processed

Fixed 0 files
Failed to fix 509 files

============================================================
Detecting Circular Imports
============================================================
Building import graph...
Error analyzing /workspace/src/components/modular_analyst.py: invalid syntax (<unknown>, line 8)
Error analyzing /workspace/src/components/modular_supervisor.py: invalid syntax (<unknown>, line 8)
Error analyzing /workspace/src/interfaces/event_bus.py: invalid syntax (<unknown>, line 11)
Error analyzing /workspace/src/interfaces/enhanced_event_bus.py: invalid syntax (<unknown>, line 17)
Error analyzing /workspace/src/supervisor/exchange_volume_adapter.py: invalid syntax (<unknown>, line 16)
Error analyzing /workspace/src/pipelines/live_trading_pipeline.py: invalid syntax (<unknown>, line 8)
Error analyzing /workspace/src/sentinel/sentinel.py: invalid syntax (<unknown>, line 9)
Error analyzing /workspace/src/tactician/ml_target_updater.py: invalid syntax (<unknown>, line 20)
Error analyzing /workspace/src/tactician/position_division_strategy.py: invalid syntax (<unknown>, line 13)
Error analyzing /workspace/src/tactician/position_monitor.py: invalid syntax (<unknown>, line 23)
Error analyzing /workspace/src/tactician/enhanced_order_manager.py: invalid syntax (<unknown>, line 20)
Error analyzing /workspace/src/tactician/step17_optimized_tactician.py: invalid syntax (<unknown>, line 17)
Error analyzing /workspace/src/tactician/ml_target_validator.py: invalid syntax (<unknown>, line 15)
Error analyzing /workspace/src/tactician/async_order_executor.py: invalid syntax (<unknown>, line 20)
Error analyzing /workspace/src/training/simplified_training_manager.py: invalid syntax (<unknown>, line 14)
Error analyzing /workspace/src/training/regularization.py: invalid syntax (<unknown>, line 14)
Error analyzing /workspace/src/training/feature_engineering.py: invalid syntax (<unknown>, line 6)
Error analyzing /workspace/src/training/enhanced_matrix_operations.py: invalid syntax (<unknown>, line 4)
Error analyzing /workspace/src/training/enhanced_lm_optimizer.py: invalid syntax (<unknown>, line 29)
Error analyzing /workspace/src/training/step_orchestrator.py: invalid syntax (<unknown>, line 17)
Error analyzing /workspace/src/training/data_sharing_manager.py: invalid syntax (<unknown>, line 11)
Error analyzing /workspace/src/training/unified_data_orchestrator.py: invalid syntax (<unknown>, line 4)
Error analyzing /workspace/src/training/comprehensive_sr_training_pipeline.py: invalid syntax (<unknown>, line 20)
Error analyzing /workspace/src/training/dual_model_system.py: invalid syntax (<unknown>, line 13)
Error analyzing /workspace/src/training/performance_comparison.py: invalid syntax (<unknown>, line 24)
Error analyzing /workspace/src/training/wavelet_feature_selection_demo.py: invalid syntax (<unknown>, line 24)
Error analyzing /workspace/src/training/multi_output_model_trainer.py: invalid syntax (<unknown>, line 9)
Error analyzing /workspace/src/training/calibration_manager.py: invalid syntax (<unknown>, line 11)
Error analyzing /workspace/src/training/training_orchestrator.py: invalid syntax (<unknown>, line 11)
Error analyzing /workspace/src/training/enhanced_matrix_gpu_integration.py: invalid syntax (<unknown>, line 4)
Error analyzing /workspace/src/training/ensemble_manager.py: invalid syntax (<unknown>, line 7)
Error analyzing /workspace/src/training/model_training_integrator.py: invalid syntax (<unknown>, line 26)
Error analyzing /workspace/src/training/wavelet_feature_selection_workflow.py: invalid syntax (<unknown>, line 34)
Error analyzing /workspace/src/training/data_efficiency_optimizer.py: invalid syntax (<unknown>, line 21)
Error analyzing /workspace/src/training/optimization_manager.py: invalid syntax (<unknown>, line 9)
Error analyzing /workspace/src/training/validator.py: invalid syntax (<unknown>, line 7)
Error analyzing /workspace/src/training/vectorized_training_pipeline.py: invalid syntax (<unknown>, line 19)
Error analyzing /workspace/src/training/enhanced_optimization_orchestrator.py: invalid syntax (<unknown>, line 14)
Error analyzing /workspace/src/training/data_manager.py: invalid syntax (<unknown>, line 11)
Error analyzing /workspace/src/training/wavelet_caching_workflow.py: invalid syntax (<unknown>, line 20)
Error analyzing /workspace/src/exchange/binance.py: invalid syntax (<unknown>, line 520)
Error analyzing /workspace/src/core/di_integration.py: invalid syntax (<unknown>, line 19)
Error analyzing /workspace/src/core/enhanced_factories.py: invalid syntax (<unknown>, line 18)
Error analyzing /workspace/src/core/generic_base.py: invalid syntax (<unknown>, line 10)
Error analyzing /workspace/src/core/dependency_injection.py: invalid syntax (<unknown>, line 7)
Error analyzing /workspace/src/config/config_manager.py: invalid syntax (<unknown>, line 17)
Error analyzing /workspace/src/utils/vif_calculator.py: invalid syntax (<unknown>, line 18)
Error analyzing /workspace/src/utils/enhanced_mlflow_integration.py: invalid syntax (<unknown>, line 32)
Error analyzing /workspace/src/utils/model_manager.py: invalid syntax (<unknown>, line 234)
Error analyzing /workspace/src/strategist/strategist_backup.py: invalid syntax (<unknown>, line 21)
Error analyzing /workspace/src/strategist/strategist.py: invalid syntax (<unknown>, line 22)
Error analyzing /workspace/src/validation/critical_path_validators.py: invalid syntax (<unknown>, line 15)
Error analyzing /workspace/src/analyst/enhanced_prediction_integrator.py: invalid syntax (<unknown>, line 16)
Error analyzing /workspace/src/analyst/predictive_ensembles.py: invalid syntax (<unknown>, line 10)
Error analyzing /workspace/src/analyst/data_utils.py: invalid syntax (<unknown>, line 16)
Error analyzing /workspace/src/analyst/ml_confidence_predictor.py: invalid syntax (<unknown>, line 4)
Error analyzing /workspace/src/analyst/di_analyst.py: invalid syntax (<unknown>, line 22)
Error analyzing /workspace/src/analyst/unified_regime_classifier.py: invalid syntax (<unknown>, line 26)
Error analyzing /workspace/src/database/efficient_features_database.py: invalid syntax (<unknown>, line 13)
Error analyzing /workspace/src/database/influxdb_manager.py: invalid syntax (<unknown>, line 9)
Error analyzing /workspace/src/analyst/predictive_ensembles/multi_timeframe_ensemble.py: invalid syntax (<unknown>, line 27)
Error analyzing /workspace/src/core/examples/decorator_usage.py: invalid syntax (<unknown>, line 14)
Error analyzing /workspace/src/training/optimization/cached_optimizer.py: invalid syntax (<unknown>, line 20)
Error analyzing /workspace/src/training/optimization/progressive_optimizer.py: invalid syntax (<unknown>, line 17)
Error analyzing /workspace/src/training/optimization/advanced_surrogate_models.py: invalid syntax (<unknown>, line 23)
Error analyzing /workspace/src/training/optimization/adaptive_trial_allocator.py: invalid syntax (<unknown>, line 16)
Error analyzing /workspace/src/training/steps/fractional_feature_selector.py: invalid syntax (<unknown>, line 17)2025-09-03 17:03:37,045 - INFO - Starting function validation for project: /workspace/src
2025-09-03 17:03:37,054 - INFO - Found 608 Python files to analyze
2025-09-03 17:03:39,420 - INFO - Starting enhanced validation for project: /workspace/src
2025-09-03 17:03:39,425 - INFO - Found 608 Python files to analyze
2025-09-03 17:03:39,470 - WARNING - Syntax error in /workspace/src/components/modular_analyst.py: invalid syntax (<unknown>, line 8)
2025-09-03 17:03:39,475 - WARNING - Syntax error in /workspace/src/components/modular_supervisor.py: invalid syntax (<unknown>, line 8)
2025-09-03 17:03:39,481 - WARNING - Syntax error in /workspace/src/interfaces/event_bus.py: invalid syntax (<unknown>, line 11)
2025-09-03 17:03:39,483 - WARNING - Syntax error in /workspace/src/interfaces/enhanced_event_bus.py: invalid syntax (<unknown>, line 17)
2025-09-03 17:03:39,535 - WARNING - Syntax error in /workspace/src/supervisor/exchange_volume_adapter.py: invalid syntax (<unknown>, line 16)
2025-09-03 17:03:39,584 - WARNING - Syntax error in /workspace/src/pipelines/live_trading_pipeline.py: invalid syntax (<unknown>, line 8)
2025-09-03 17:03:39,590 - WARNING - Syntax error in /workspace/src/pipelines/components/monitoring_manager.py: invalid syntax (<unknown>, line 9)
2025-09-03 17:03:39,590 - WARNING - Syntax error in /workspace/src/pipelines/components/lifecycle_manager.py: invalid syntax (<unknown>, line 7)
2025-09-03 17:03:39,590 - WARNING - Syntax error in /workspace/src/pipelines/components/data_manager.py: invalid syntax (<unknown>, line 7)
2025-09-03 17:03:39,590 - WARNING - Syntax error in /workspace/src/sentinel/sentinel.py: invalid syntax (<unknown>, line 9)
2025-09-03 17:03:39,633 - WARNING - Syntax error in /workspace/src/tactician/ml_target_updater.py: invalid syntax (<unknown>, line 20)
2025-09-03 17:03:39,634 - WARNING - Syntax error in /workspace/src/tactician/position_division_strategy.py: invalid syntax (<unknown>, line 13)
2025-09-03 17:03:39,655 - WARNING - Syntax error in /workspace/src/tactician/position_monitor.py: invalid syntax (<unknown>, line 23)
2025-09-03 17:03:39,655 - WARNING - Syntax error in /workspace/src/tactician/enhanced_order_manager.py: invalid syntax (<unknown>, line 20)
2025-09-03 17:03:39,674 - WARNING - Syntax error in /workspace/src/tactician/step17_optimized_tactician.py: invalid syntax (<unknown>, line 17)
2025-09-03 17:03:39,691 - WARNING - Syntax error in /workspace/src/tactician/ml_target_validator.py: invalid syntax (<unknown>, line 15)
2025-09-03 17:03:39,691 - WARNING - Syntax error in /workspace/src/tactician/async_order_executor.py: invalid syntax (<unknown>, line 20)
2025-09-03 17:03:39,773 - WARNING - Syntax error in /workspace/src/training/simplified_training_manager.py: invalid syntax (<unknown>, line 14)
2025-09-03 17:03:39,781 - WARNING - Syntax error in /workspace/src/training/regularization.py: invalid syntax (<unknown>, line 14)
2025-09-03 17:03:39,793 - WARNING - Syntax error in /workspace/src/training/feature_engineering.py: invalid syntax (<unknown>, line 6)
2025-09-03 17:03:39,803 - WARNING - Syntax error in /workspace/src/training/enhanced_matrix_operations.py: invalid syntax (<unknown>, line 4)
2025-09-03 17:03:39,810 - WARNING - Syntax error in /workspace/src/training/enhanced_lm_optimizer.py: invalid syntax (<unknown>, line 29)
2025-09-03 17:03:39,810 - WARNING - Syntax error in /workspace/src/training/step_orchestrator.py: invalid syntax (<unknown>, line 17)
2025-09-03 17:03:39,827 - WARNING - Syntax error in /workspace/src/training/data_sharing_manager.py: invalid syntax (<unknown>, line 11)
2025-09-03 17:03:39,852 - WARNING - Syntax error in /workspace/src/training/unified_data_orchestrator.py: invalid syntax (<unknown>, line 4)
2025-09-03 17:03:39,857 - WARNING - Syntax error in /workspace/src/training/comprehensive_sr_training_pipeline.py: invalid syntax (<unknown>, line 20)
2025-09-03 17:03:39,858 - WARNING - Syntax error in /workspace/src/training/dual_model_system.py: invalid syntax (<unknown>, line 13)
2025-09-03 17:03:39,858 - WARNING - Syntax error in /workspace/src/training/performance_comparison.py: invalid syntax (<unknown>, line 24)
2025-09-03 17:03:39,888 - WARNING - Syntax error in /workspace/src/training/wavelet_feature_selection_demo.py: invalid syntax (<unknown>, line 24)
2025-09-03 17:03:39,888 - WARNING - Syntax error in /workspace/src/training/multi_output_model_trainer.py: invalid syntax (<unknown>, line 9)
2025-09-03 17:03:39,889 - WARNING - Syntax error in /workspace/src/training/calibration_manager.py: invalid syntax (<unknown>, line 11)
2025-09-03 17:03:39,891 - WARNING - Syntax error in /workspace/src/training/training_orchestrator.py: invalid syntax (<unknown>, line 11)
2025-09-03 17:03:39,918 - WARNING - Syntax error in /workspace/src/training/enhanced_matrix_gpu_integration.py: invalid syntax (<unknown>, line 4)
2025-09-03 17:03:39,928 - WARNING - Syntax error in /workspace/src/training/ensemble_manager.py: invalid syntax (<unknown>, line 7)
2025-09-03 17:03:39,935 - WARNING - Syntax error in /workspace/src/training/model_training_integrator.py: invalid syntax (<unknown>, line 26)
2025-09-03 17:03:39,943 - WARNING - Syntax error in /workspace/src/training/wavelet_feature_selection_workflow.py: invalid syntax (<unknown>, line 34)
2025-09-03 17:03:39,944 - WARNING - Syntax error in /workspace/src/training/data_efficiency_optimizer.py: invalid syntax (<unknown>, line 21)
2025-09-03 17:03:39,944 - WARNING - Syntax error in /workspace/src/training/optimization_manager.py: invalid syntax (<unknown>, line 9)
2025-09-03 17:03:39,944 - WARNING - Syntax error in /workspace/src/training/validator.py: invalid syntax (<unknown>, line 7)
2025-09-03 17:03:39,948 - WARNING - Syntax error in /workspace/src/training/vectorized_training_pipeline.py: invalid syntax (<unknown>, line 19)
2025-09-03 17:03:39,948 - WARNING - Syntax error in /workspace/src/training/enhanced_optimization_orchestrator.py: invalid syntax (<unknown>, line 14)
2025-09-03 17:03:39,953 - WARNING - Syntax error in /workspace/src/training/data_manager.py: invalid syntax (<unknown>, line 11)
2025-09-03 17:03:39,962 - WARNING - Syntax error in /workspace/src/training/wavelet_caching_workflow.py: invalid syntax (<unknown>, line 20)
2025-09-03 17:03:39,963 - WARNING - Syntax error in /workspace/src/training/optimization/cached_optimizer.py: invalid syntax (<unknown>, line 20)
2025-09-03 17:03:39,968 - WARNING - Syntax error in /workspace/src/training/optimization/progressive_optimizer.py: invalid syntax (<unknown>, line 17)
2025-09-03 17:03:39,991 - WARNING - Syntax error in /workspace/src/training/optimization/advanced_surrogate_models.py: invalid syntax (<unknown>, line 23)
2025-09-03 17:03:39,991 - WARNING - Syntax error in /workspace/src/training/optimization/adaptive_trial_allocator.py: invalid syntax (<unknown>, line 16)
2025-09-03 17:03:40,005 - WARNING - Syntax error in /workspace/src/training/steps/fractional_feature_selector.py: invalid syntax (<unknown>, line 17)
2025-09-03 17:03:40,011 - WARNING - Syntax error in /workspace/src/training/steps/step10_unified_regime_intelligence.py: invalid syntax (<unknown>, line 8)
2025-09-03 17:03:40,012 - WARNING - Syntax error in /workspace/src/training/steps/step18_walk_forward_validation_validator.py: invalid syntax (<unknown>, line 11)
2025-09-03 17:03:40,040 - WARNING - Syntax error in /workspace/src/training/steps/step17_final_parameters_optimization_new.py: invalid syntax (<unknown>, line 12)
2025-09-03 17:03:40,043 - WARNING - Syntax error in /workspace/src/training/steps/step19_monte_carlo_validation_validator.py: invalid syntax (<unknown>, line 120)
2025-09-03 17:03:40,051 - WARNING - Syntax error in /workspace/src/training/steps/step21_saving.py: invalid syntax (<unknown>, line 4)
2025-09-03 17:03:40,057 - WARNING - Syntax error in /workspace/src/training/steps/combined_fractional_system.py: invalid syntax (<unknown>, line 18)
2025-09-03 17:03:40,069 - WARNING - Syntax error in /workspace/src/training/steps/precompute_wavelet_features.py: invalid syntax (<unknown>, line 17)
2025-09-03 17:03:40,149 - WARNING - Syntax error in /workspace/src/training/steps/step11_analyst_creation.py: invalid syntax (<unknown>, line 4)
2025-09-03 17:03:40,153 - WARNING - Syntax error in /workspace/src/training/steps/step09_hmm_based_training.py: invalid syntax (<unknown>, line 25)
2025-09-03 17:03:40,207 - WARNING - Syntax error in /workspace/src/training/steps/step16_confidence_calibration_validator.py: invalid syntax (<unknown>, line 11)
2025-09-03 17:03:40,256 - WARNING - Syntax error in /workspace/src/training/steps/step15_tactician_specialist_training.py: invalid syntax (<unknown>, line 6)
2025-09-03 17:03:40,264 - WARNING - Syntax error in /workspace/src/training/steps/step13_analyst_ensemble_creation.py: invalid syntax (<unknown>, line 16)
2025-09-03 17:03:40,441 - WARNING - Syntax error in /workspace/src/training/steps/feature_engineering/step06_feature_engineering.py: invalid syntax (<unknown>, line 18)
2025-09-03 17:03:40,444 - WARNING - Syntax error in /workspace/src/training/steps/multi_timeframe_training/multi_timeframe_training_manager.py: invalid syntax (<unknown>, line 11)
2025-09-03 17:03:40,489 - WARNING - Syntax error in /workspace/src/training/steps/data_preparation/step02_data_reading.py: invalid syntax (<unknown>, line 16)
2025-09-03 17:03:40,518 - WARNING - Syntax error in /workspace/src/training/steps/market_analysis/step03_hmm_regime_discovery.py: invalid syntax (<unknown>, line 18)
2025-09-03 17:03:40,551 - WARNING - Syntax error in /workspace/src/training/steps/model_training/step07_enhanced_matrix_operations.py: invalid syntax (<unknown>, line 18)
2025-09-03 17:03:40,557 - WARNING - Syntax error in /workspace/src/training/steps/model_training/step09_hmm_based_training.py: invalid syntax (<unknown>, line 18)
2025-09-03 17:03:40,571 - WARNING - Syntax error in /workspace/src/training/steps/model_training/tests/test_step11_analyst_creation.py: invalid syntax (<unknown>, line 12)
2025-09-03 17:03:40,571 - WARNING - Syntax error in /workspace/src/training/steps/model_training/tests/test_step12_analyst_enhancement.py: invalid syntax (<unknown>, line 12)
2025-09-03 17:03:40,571 - WARNING - Syntax error in /workspace/src/training/steps/model_training/tests/test_step10_unified_regime_intelligence.py: invalid syntax (<unknown>, line 12)
2025-09-03 17:03:40,603 - WARNING - Syntax error in /workspace/src/training/core/checkpoint_manager.py: invalid syntax (<unknown>, line 14)
2025-09-03 17:03:40,649 - WARNING - Syntax error in /workspace/src/exchange/binance.py: invalid syntax (<unknown>, line 520)
2025-09-03 17:03:40,650 - WARNING - Syntax error in /workspace/src/core/di_integration.py: invalid syntax (<unknown>, line 19)
2025-09-03 17:03:40,652 - WARNING - Syntax error in /workspace/src/core/enhanced_factories.py: invalid syntax (<unknown>, line 18)
2025-09-03 17:03:40,652 - WARNING - Syntax error in /workspace/src/core/generic_base.py: invalid syntax (<unknown>, line 10)
2025-09-03 17:03:40,653 - WARNING - Syntax error in /workspace/src/core/dependency_injection.py: invalid syntax (<unknown>, line 7)
2025-09-03 17:03:40,688 - WARNING - Syntax error in /workspace/src/core/examples/decorator_usage.py: invalid syntax (<unknown>, line 14)
2025-09-03 17:03:40,709 - WARNING - Syntax error in /workspace/src/config/config_manager.py: invalid syntax (<unknown>, line 17)
2025-09-03 17:03:40,746 - WARNING - Syntax error in /workspace/src/utils/vif_calculator.py: invalid syntax (<unknown>, line 18)
2025-09-03 17:03:40,797 - WARNING - Syntax error in /workspace/src/utils/enhanced_mlflow_integration.py: invalid syntax (<unknown>, line 32)
2025-09-03 17:03:40,866 - WARNING - Syntax error in /workspace/src/utils/model_manager.py: invalid syntax (<unknown>, line 234)
2025-09-03 17:03:40,891 - WARNING - Syntax error in /workspace/src/strategist/strategist_backup.py: invalid syntax (<unknown>, line 21)
2025-09-03 17:03:40,891 - WARNING - Syntax error in /workspace/src/strategist/strategist.py: invalid syntax (<unknown>, line 22)
2025-09-03 17:03:40,893 - WARNING - Syntax error in /workspace/src/validation/critical_path_validators.py: invalid syntax (<unknown>, line 15)
2025-09-03 17:03:40,954 - WARNING - Syntax error in /workspace/src/analyst/enhanced_prediction_integrator.py: invalid syntax (<unknown>, line 16)
2025-09-03 17:03:40,954 - WARNING - Syntax error in /workspace/src/analyst/predictive_ensembles.py: invalid syntax (<unknown>, line 10)
2025-09-03 17:03:40,981 - WARNING - Syntax error in /workspace/src/analyst/data_utils.py: invalid syntax (<unknown>, line 16)
2025-09-03 17:03:40,988 - WARNING - Syntax error in /workspace/src/analyst/ml_confidence_predictor.py: invalid syntax (<unknown>, line 4)
2025-09-03 17:03:40,989 - WARNING - Syntax error in /workspace/src/analyst/di_analyst.py: invalid syntax (<unknown>, line 22)
2025-09-03 17:03:40,990 - WARNING - Syntax error in /workspace/src/analyst/unified_regime_classifier.py: invalid syntax (<unknown>, line 26)
2025-09-03 17:03:40,996 - WARNING - Syntax error in /workspace/src/analyst/predictive_ensembles/multi_timeframe_ensemble.py: invalid syntax (<unknown>, line 27)
2025-09-03 17:03:41,013 - WARNING - Syntax error in /workspace/src/database/efficient_features_database.py: invalid syntax (<unknown>, line 13)
2025-09-03 17:03:41,014 - WARNING - Syntax error in /workspace/src/database/influxdb_manager.py: invalid syntax (<unknown>, line 9)
Traceback (most recent call last):
  File "<frozen runpy>", line 198, in _run_module_as_main
  File "<frozen runpy>", line 88, in _run_code
  File "/workspace/code_quality/pipelines/pipeline_unified_enhanced.py", line 753, in <module>
    main()
    ~~~~^^
  File "/workspace/code_quality/pipelines/pipeline_unified_enhanced.py", line 749, in main
    pipeline.run_all()
    ~~~~~~~~~~~~~~~~^^
  File "/workspace/code_quality/pipelines/pipeline_unified_enhanced.py", line 602, in run_all
    "comprehensive_review": self.run_comprehensive_review(),
                            ~~~~~~~~~~~~~~~~~~~~~~~~~~~~~^^
  File "/workspace/code_quality/pipelines/pipeline_unified_enhanced.py", line 351, in run_comprehensive_review
    reviewer.review_directory(str(self.project_root))
    ^^^^^^^^^^^^^^^^^^^^^^^^^
AttributeError: 'CodeQualityReviewer' object has no attribute 'review_directory'

Error analyzing /workspace/src/training/steps/step10_unified_regime_intelligence.py: invalid syntax (<unknown>, line 8)
Error analyzing /workspace/src/training/steps/step18_walk_forward_validation_validator.py: invalid syntax (<unknown>, line 11)
Error analyzing /workspace/src/training/steps/step17_final_parameters_optimization_new.py: invalid syntax (<unknown>, line 12)
Error analyzing /workspace/src/training/steps/step19_monte_carlo_validation_validator.py: invalid syntax (<unknown>, line 120)
Error analyzing /workspace/src/training/steps/step21_saving.py: invalid syntax (<unknown>, line 4)
Error analyzing /workspace/src/training/steps/combined_fractional_system.py: invalid syntax (<unknown>, line 18)
Error analyzing /workspace/src/training/steps/precompute_wavelet_features.py: invalid syntax (<unknown>, line 17)
Error analyzing /workspace/src/training/steps/step11_analyst_creation.py: invalid syntax (<unknown>, line 4)
Error analyzing /workspace/src/training/steps/step09_hmm_based_training.py: invalid syntax (<unknown>, line 25)
Error analyzing /workspace/src/training/steps/step16_confidence_calibration_validator.py: invalid syntax (<unknown>, line 11)
Error analyzing /workspace/src/training/steps/step15_tactician_specialist_training.py: invalid syntax (<unknown>, line 6)
Error analyzing /workspace/src/training/steps/step13_analyst_ensemble_creation.py: invalid syntax (<unknown>, line 16)
Error analyzing /workspace/src/training/core/checkpoint_manager.py: invalid syntax (<unknown>, line 14)
Error analyzing /workspace/src/training/steps/feature_engineering/step06_feature_engineering.py: invalid syntax (<unknown>, line 18)
Error analyzing /workspace/src/training/steps/multi_timeframe_training/multi_timeframe_training_manager.py: invalid syntax (<unknown>, line 11)
Error analyzing /workspace/src/training/steps/data_preparation/step02_data_reading.py: invalid syntax (<unknown>, line 16)
Error analyzing /workspace/src/training/steps/market_analysis/step03_hmm_regime_discovery.py: invalid syntax (<unknown>, line 18)
Error analyzing /workspace/src/training/steps/model_training/step07_enhanced_matrix_operations.py: invalid syntax (<unknown>, line 18)
Error analyzing /workspace/src/training/steps/model_training/step09_hmm_based_training.py: invalid syntax (<unknown>, line 18)
Error analyzing /workspace/src/training/steps/model_training/tests/test_step11_analyst_creation.py: invalid syntax (<unknown>, line 12)
Error analyzing /workspace/src/training/steps/model_training/tests/test_step12_analyst_enhancement.py: invalid syntax (<unknown>, line 12)
Error analyzing /workspace/src/training/steps/model_training/tests/test_step10_unified_regime_intelligence.py: invalid syntax (<unknown>, line 12)
Error analyzing /workspace/src/pipelines/components/monitoring_manager.py: invalid syntax (<unknown>, line 9)
Error analyzing /workspace/src/pipelines/components/lifecycle_manager.py: invalid syntax (<unknown>, line 7)
Error analyzing /workspace/src/pipelines/components/data_manager.py: invalid syntax (<unknown>, line 7)

============================================================
Running Async/Await Fixes
============================================================
Checking 608 files for async/await issues...

Fixed 0 files
Failed to fix 608 files

============================================================
Running Type Hint Enhancements
============================================================

============================================================
Running Function Validation
============================================================

============================================================
Running Enhanced Validation (Arguments & Data Access)
============================================================

============================================================
Running Comprehensive Code Review
============================================================
