🚀 Starting recovery for BTCUSDT 1m from 2023-04-01 00:00:00 to 2025-01-01 00:00:00
📊 Progress: 2023-04-07 22:39:00 (10000 records)
📊 Progress: 2023-04-14 21:19:00 (20000 records)
📊 Progress: 2023-04-21 19:59:00 (30000 records)
📊 Progress: 2023-04-28 18:39:00 (40000 records)
💾 Saved 44000 records to btcusdt_1m_2023_04.parquet
📊 Progress: 2023-05-05 17:19:00 (50000 records)
📊 Progress: 2023-05-12 15:59:00 (60000 records)
📊 Progress: 2023-05-19 14:39:00 (70000 records)
📊 Progress: 2023-05-26 13:19:00 (80000 records)
💾 Saved 44000 records to btcusdt_1m_2023_05.parquet
📊 Progress: 2023-06-02 11:59:00 (90000 records)
📊 Progress: 2023-06-09 10:39:00 (100000 records)
📊 Progress: 2023-06-16 09:19:00 (110000 records)
📊 Progress: 2023-06-23 07:59:00 (120000 records)
📊 Progress: 2023-06-30 06:39:00 (130000 records)
💾 Saved 44000 records to btcusdt_1m_2023_06.parquet
📊 Progress: 2023-07-07 05:19:00 (140000 records)
📊 Progress: 2023-07-14 03:59:00 (150000 records)
📊 Progress: 2023-07-21 02:39:00 (160000 records)
📊 Progress: 2023-07-28 01:19:00 (170000 records)
💾 Saved 44000 records to btcusdt_1m_2023_07.parquet
📊 Progress: 2023-08-03 23:59:00 (180000 records)
📊 Progress: 2023-08-10 22:39:00 (190000 records)
📊 Progress: 2023-08-17 21:19:00 (200000 records)
📊 Progress: 2023-08-24 19:59:00 (210000 records)
📊 Progress: 2023-08-31 18:39:00 (220000 records)
💾 Saved 45000 records to btcusdt_1m_2023_08.parquet
📊 Progress: 2023-09-07 17:19:00 (230000 records)
📊 Progress: 2023-09-14 15:59:00 (240000 records)
📊 Progress: 2023-09-21 14:39:00 (250000 records)
📊 Progress: 2023-09-28 13:19:00 (260000 records)
💾 Saved 43000 records to btcusdt_1m_2023_09.parquet
📊 Progress: 2023-10-05 11:59:00 (270000 records)
📊 Progress: 2023-10-12 10:39:00 (280000 records)
📊 Progress: 2023-10-19 09:19:00 (290000 records)
📊 Progress: 2023-10-26 07:59:00 (300000 records)
💾 Saved 45000 records to btcusdt_1m_2023_10.parquet
📊 Progress: 2023-11-02 05:39:00 (310000 records)
📊 Progress: 2023-11-09 04:19:00 (320000 records)
📊 Progress: 2023-11-16 02:59:00 (330000 records)
📊 Progress: 2023-11-23 01:39:00 (340000 records)
📊 Progress: 2023-11-30 00:19:00 (350000 records)
💾 Saved 43000 records to btcusdt_1m_2023_11.parquet
📊 Progress: 2023-12-06 22:59:00 (360000 records)
📊 Progress: 2023-12-13 21:39:00 (370000 records)
📊 Progress: 2023-12-20 20:19:00 (380000 records)
📊 Progress: 2023-12-27 18:59:00 (390000 records)
💾 Saved 45000 records to btcusdt_1m_2023_12.parquet
📊 Progress: 2024-01-03 17:39:00 (400000 records)
📊 Progress: 2024-01-10 16:19:00 (410000 records)
⚠️ Error (attempt 1/5): binance GET https://api.binance.com/api/v3/klines?interval=1m&limit=1000&symbol=BTCUSDT&startTime=1705199940001
📊 Progress: 2024-01-17 14:59:00 (420000 records)
📊 Progress: 2024-01-24 13:39:00 (430000 records)
📊 Progress: 2024-01-31 12:19:00 (440000 records)
💾 Saved 44000 records to btcusdt_1m_2024_01.parquet
📊 Progress: 2024-02-07 10:59:00 (450000 records)
📊 Progress: 2024-02-14 09:39:00 (460000 records)
📊 Progress: 2024-02-21 08:19:00 (470000 records)
📊 Progress: 2024-02-28 06:59:00 (480000 records)
💾 Saved 42000 records to btcusdt_1m_2024_02.parquet
📊 Progress: 2024-03-06 05:39:00 (490000 records)
📊 Progress: 2024-03-13 04:19:00 (500000 records)
📊 Progress: 2024-03-20 02:59:00 (510000 records)
📊 Progress: 2024-03-27 01:39:00 (520000 records)
💾 Saved 45000 records to btcusdt_1m_2024_03.parquet
📊 Progress: 2024-04-03 01:19:00 (530000 records)
📊 Progress: 2024-04-09 23:59:00 (540000 records)
📊 Progress: 2024-04-16 22:39:00 (550000 records)
📊 Progress: 2024-04-23 21:19:00 (560000 records)
📊 Progress: 2024-04-30 19:59:00 (570000 records)
💾 Saved 43000 records to btcusdt_1m_2024_04.parquet
📊 Progress: 2024-05-07 18:39:00 (580000 records)
📊 Progress: 2024-05-14 17:19:00 (590000 records)
📊 Progress: 2024-05-21 15:59:00 (600000 records)
📊 Progress: 2024-05-28 14:39:00 (610000 records)
💾 Saved 44000 records to btcusdt_1m_2024_05.parquet
📊 Progress: 2024-06-04 13:19:00 (620000 records)
📊 Progress: 2024-06-11 11:59:00 (630000 records)
📊 Progress: 2024-06-18 10:39:00 (640000 records)
📊 Progress: 2024-06-25 09:19:00 (650000 records)
💾 Saved 44000 records to btcusdt_1m_2024_06.parquet
📊 Progress: 2024-07-02 07:59:00 (660000 records)
📊 Progress: 2024-07-09 06:39:00 (670000 records)
📊 Progress: 2024-07-16 05:19:00 (680000 records)
📊 Progress: 2024-07-23 03:59:00 (690000 records)
📊 Progress: 2024-07-30 02:39:00 (700000 records)
💾 Saved 44000 records to btcusdt_1m_2024_07.parquet
📊 Progress: 2024-08-06 01:19:00 (710000 records)
📊 Progress: 2024-08-12 23:59:00 (720000 records)
📊 Progress: 2024-08-19 22:39:00 (730000 records)
📊 Progress: 2024-08-26 21:19:00 (740000 records)
💾 Saved 45000 records to btcusdt_1m_2024_08.parquet
📊 Progress: 2024-09-02 19:59:00 (750000 records)
📊 Progress: 2024-09-09 18:39:00 (760000 records)
📊 Progress: 2024-09-16 17:19:00 (770000 records)
📊 Progress: 2024-09-23 15:59:00 (780000 records)
📊 Progress: 2024-09-30 14:39:00 (790000 records)
💾 Saved 43000 records to btcusdt_1m_2024_09.parquet
📊 Progress: 2024-10-07 13:19:00 (800000 records)
📊 Progress: 2024-10-14 11:59:00 (810000 records)
📊 Progress: 2024-10-21 10:39:00 (820000 records)
⚠️ Error (attempt 1/5): binance GET https://api.binance.com/api/v3/klines?interval=1m&limit=1000&symbol=BTCUSDT&startTime=1729679940001
📊 Progress: 2024-10-28 08:19:00 (830000 records)
💾 Saved 45000 records to btcusdt_1m_2024_10.parquet
📊 Progress: 2024-11-04 06:59:00 (840000 records)
📊 Progress: 2024-11-11 05:39:00 (850000 records)
📊 Progress: 2024-11-18 04:19:00 (860000 records)
📊 Progress: 2024-11-25 02:59:00 (870000 records)
💾 Saved 43000 records to btcusdt_1m_2024_11.parquet
📊 Progress: 2024-12-02 01:39:00 (880000 records)
📊 Progress: 2024-12-09 00:19:00 (890000 records)
📊 Progress: 2024-12-15 22:59:00 (900000 records)
📊 Progress: 2024-12-22 21:39:00 (910000 records)
📊 Progress: 2024-12-29 20:19:00 (920000 records)
💾 Saved 45000 records to btcusdt_1m_2024_12.parquet
✅ Recovery finished.
