2025-12-19 08:19:00,076 - numexpr.utils - INFO - ℹ️ NumExpr defaulting to 8 threads.
2025-12-19 08:19:00,297 - DataQualityFramework - INFO - ℹ️ ✅ Comprehensive duplicate analyzer integrated
2025-12-19 08:19:00,297 - DataQualityFramework - INFO - ℹ️ 🔧 Unified Data Quality Framework initialized (singleton)
[2025-12-19 08:19:00.297] PERFORMANCE: DataQualityFramework initialization took 0.000s
2025-12-19 08:19:00,297 - System.tprint - INFO - ℹ️ DataQualityFramework initialization took 0.000s
2025-12-19 08:19:01,348 - System.AdvancedQualityMetrics - INFO - ℹ️ 📊 AdvancedQualityMetrics initialized with tolerant parameters
[2025-12-19 08:19:01.348] PERFORMANCE: AdvancedQualityMetrics initialization took 0.000s
2025-12-19 08:19:01,348 - System.tprint - INFO - ℹ️ AdvancedQualityMetrics initialization took 0.000s
2025-12-19 08:19:01,350 - DataCleaner - INFO - ℹ️ Using klines-specific gap thresholds: {<GapType.SMALL: 'small'>: 65, <GapType.MEDIUM: 'medium'>: 300, <GapType.LARGE: 'large'>: 1800, <GapType.CRITICAL: 'critical'>: 3600}
[2025-12-19 08:19:01.350] PERFORMANCE: DataCleaner(klines) initialization took 0.000s
2025-12-19 08:19:01,350 - System.tprint - INFO - ℹ️ DataCleaner(klines) initialization took 0.000s
2025-12-19 08:19:01,350 - DataCleaner - INFO - ℹ️ Using klines-specific gap thresholds: {<GapType.SMALL: 'small'>: 65, <GapType.MEDIUM: 'medium'>: 300, <GapType.LARGE: 'large'>: 1800, <GapType.CRITICAL: 'critical'>: 3600}
[2025-12-19 08:19:01.350] PERFORMANCE: DataCleaner(klines) initialization took 0.000s
2025-12-19 08:19:01,350 - System.tprint - INFO - ℹ️ DataCleaner(klines) initialization took 0.000s
2025-12-19 08:19:01,351 - DataCleanerManager - INFO - ℹ️ 🔧 DataCleanerManager initialized (singleton)
[2025-12-19 08:19:01.437] DEBUG: 🔧 [features_common.utils] Initializing common utilities module
[2025-12-19 08:19:01.437] SUCCESS: ✅ [features_common.utils] Math validation utilities loaded
2025-12-19 08:19:01,437 - System.tprint - INFO - ℹ️ ✅ [features_common.utils] Math validation utilities loaded
[2025-12-19 08:19:01.437] DEBUG: 🔧 [features_common.utils] Common utilities module initialized
2025-12-19 08:19:04,422 - src.utils.hardware.m1_gpu_utils.M1GPUManager - INFO - ℹ️ M1 GPU Manager initialized - M1: True, Generation: m1, MPS: True
2025-12-19 08:19:04,442 - src.utils.hardware.m1_cpu_optimizer.M1CPUOptimizer - INFO - ℹ️ 🧠 M1 CPU Optimizer initialized for M1 (4P+4E cores)
[2025-12-19 08:19:05.074] DEBUG: 🔧 [transforms] Module initialized with 14 exports
2025-12-19 08:19:05,075 - src.features_common.backward_compatibility - INFO - ℹ️ Backward compatibility ensured for features_common
[2025-12-19 08:19:05.075] DEBUG: 🔧 [optimization] Module initialized with 6 exports
[2025-12-19 08:19:05.075] DEBUG: 🔧 [registry] Module initialized with BaseFeatureRegistry
[2025-12-19 08:19:05.078] DEBUG: 🚀 [features_common] Enhanced module initialized with 59 exports
[2025-12-19 08:19:05.078] SUCCESS: ✅ [features_common] All optimizations enabled by default
2025-12-19 08:19:05,078 - System.tprint - INFO - ℹ️ ✅ [features_common] All optimizations enabled by default
[2025-12-19 08:19:05.078] INFO: 🔧 [features_common] VectorBT integration available
2025-12-19 08:19:05,078 - System.tprint - INFO - ℹ️ 🔧 [features_common] VectorBT integration available
[2025-12-19 08:19:05.078] PERFORMANCE: 📊 [features_common] Performance monitoring enabled
2025-12-19 08:19:05,078 - System.tprint - INFO - ℹ️ 📊 [features_common] Performance monitoring enabled
[2025-12-19 08:19:05.078] WARNING: 💾 [features_common] Intelligent caching active
2025-12-19 08:19:05,079 - System.tprint - WARNING - ⚠️ 💾 [features_common] Intelligent caching active
2025-12-19 08:19:05,079 - System.DataStreamingManager - INFO - ℹ️ 🚀 DataStreamingManager initialized (singleton): chunk_size=10000, memory_threshold=0.8
[2025-12-19 08:19:05.078] PERFORMANCE: DataStreamingManager initialization took 0.000s
2025-12-19 08:19:05,079 - System.tprint - INFO - ℹ️ DataStreamingManager initialization took 0.000s
2025-12-19 08:19:05,098 - System.EvaluationUtils - INFO - ℹ️ EvaluationUtils delegating core metric computation to unified_evaluator
[2025-12-19 08:19:05.107] ✅ Custom logger available for MLCommon.ConfidenceMetrics
2025-12-19 08:19:05,107 - System.tprint - INFO - ℹ️ ✅ Custom logger available for MLCommon.ConfidenceMetrics
[2025-12-19 08:19:05.108] ✅ Custom logger available for MLCommon.ModelExplanations
2025-12-19 08:19:05,108 - System.tprint - INFO - ℹ️ ✅ Custom logger available for MLCommon.ModelExplanations
2025-12-19 08:19:05,813 - MLCommon.ModelExplanations - INFO - ℹ️ LIME library available - LIME explanations enabled
[2025-12-19 08:19:05.813] ✅ Custom logger available for MLCommon.ModelRegistry
2025-12-19 08:19:05,814 - System.tprint - INFO - ℹ️ ✅ Custom logger available for MLCommon.ModelRegistry
[2025-12-19 08:19:05.813] ✅ Custom logger available for MLCommon.ModelExplainability
2025-12-19 08:19:05,814 - System.tprint - INFO - ℹ️ ✅ Custom logger available for MLCommon.ModelExplainability
[2025-12-19 08:19:05.882] ✅ Custom logger available for MLCommon.CV
2025-12-19 08:19:05,882 - System.tprint - INFO - ℹ️ ✅ Custom logger available for MLCommon.CV
2025-12-19 08:19:05,884 - src.utils.ml_common.validation.enhanced_validation - INFO - ℹ️ ✅ Enhanced Validation initialized
[2025-12-19 08:19:05.885] ✅ Custom logger available for MLCommon.ValidationUtils
2025-12-19 08:19:05,885 - System.tprint - INFO - ℹ️ ✅ Custom logger available for MLCommon.ValidationUtils
[2025-12-19 08:19:05.890] ✅ Custom logger available for MLCommon.HPOUtils
2025-12-19 08:19:05,890 - System.tprint - INFO - ℹ️ ✅ Custom logger available for MLCommon.HPOUtils
2025-12-19 08:19:05,978 - src.utils.matrix_operations.enhanced_operations.CustomMatrixOperationsRegistry - INFO - ℹ️ 📝 Registered custom matrix operation: gpu_condition_number
2025-12-19 08:19:05,979 - src.utils.matrix_operations.enhanced_operations.CustomMatrixOperationsRegistry - INFO - ℹ️ 📝 Registered custom matrix operation: gpu_matrix_rank
2025-12-19 08:19:05,979 - src.utils.matrix_operations.enhanced_operations.CustomMatrixOperationsRegistry - INFO - ℹ️ 📝 Registered custom matrix operation: matrix_normalize
2025-12-19 08:19:05,979 - src.utils.matrix_operations.enhanced_operations.CustomMatrixOperationsRegistry - INFO - ℹ️ 📝 Registered custom matrix operation: extract_matrix_features
2025-12-19 08:19:05,983 - src.utils.matrix_operations - INFO - ℹ️ ✅ Unified Matrix Operations module initialized
2025-12-19 08:19:05,983 - src.utils.matrix_operations - INFO - ℹ️ 📦 Version: 1.0.0
2025-12-19 08:19:05,984 - src.utils.matrix_operations - INFO - ℹ️ 🔧 Features: VectorBT optimizations, GPU acceleration, memory optimization, vectorized processing, batch operations
2025-12-19 08:19:05,984 - src.utils.matrix_operations - INFO - ℹ️ 🍎 Optimized for: Apple Silicon M1/M2/M3 Macs
2025-12-19 08:19:05,984 - src.utils.matrix_operations - INFO - ℹ️ 🚀 VectorBT optimizations enabled - expect 2-10x performance improvements
2025-12-19 08:19:05,984 - src.utils.matrix_operations - INFO - ℹ️ 🎯 VectorBTRollingOptimizer available - enhanced rolling operations
2025-12-19 08:19:05,984 - src.utils.matrix_operations - INFO - ℹ️ ⚡ UnifiedVectorizationManager available - unified vectorization operations
2025-12-19 08:19:05,986 - System.ComplementaryLookbackOptimizer - INFO - ℹ️ ✅ Detected VectorBT v0.28.1
2025-12-19 08:19:05,994 - src.feature_generation.utils.feature_generation_optimization - INFO - ℹ️ ✅ VectorBT available for feature optimization
2025-12-19 08:19:06,022 - root - INFO - ℹ️ ✅ VectorBT compatibility layer loaded successfully
2025-12-19 08:19:06,307 - root - INFO - ℹ️ ✅ Enhanced VectorBT volatility generators loaded successfully
2025-12-19 08:19:06,413 - src.feature_generation.core.feature_registry.FeatureRegistry - INFO - ℹ️ FeatureRegistry initialized
[2025-12-19 08:19:06.413] 🔧 Initializing AutoOptimizationConfig...
2025-12-19 08:19:06,413 - System.tprint - INFO - ℹ️ 🔧 Initializing AutoOptimizationConfig...
[2025-12-19 08:19:06.413] 📝 Setting up conservative optimization settings...
2025-12-19 08:19:06,413 - System.tprint - INFO - ℹ️ 📝 Setting up conservative optimization settings...
[2025-12-19 08:19:06.413] ✅ Conservative settings configured
2025-12-19 08:19:06,413 - System.tprint - INFO - ℹ️ ✅ Conservative settings configured
[2025-12-19 08:19:06.413] 📝 Setting up balanced optimization settings...
2025-12-19 08:19:06,413 - System.tprint - INFO - ℹ️ 📝 Setting up balanced optimization settings...
[2025-12-19 08:19:06.413] ✅ Balanced settings configured
2025-12-19 08:19:06,413 - System.tprint - INFO - ℹ️ ✅ Balanced settings configured
[2025-12-19 08:19:06.413] 📝 Setting up aggressive optimization settings...
2025-12-19 08:19:06,414 - System.tprint - INFO - ℹ️ 📝 Setting up aggressive optimization settings...
[2025-12-19 08:19:06.413] ✅ Aggressive settings configured
2025-12-19 08:19:06,414 - System.tprint - INFO - ℹ️ ✅ Aggressive settings configured
[2025-12-19 08:19:06.414] 🎯 AutoOptimizationConfig initialized with balanced strategy
2025-12-19 08:19:06,414 - System.tprint - INFO - ℹ️ 🎯 AutoOptimizationConfig initialized with balanced strategy
[2025-12-19 08:19:06.414] ✅ Auto-optimization enabled for FeatureBank (default)
2025-12-19 08:19:06,414 - System.tprint - INFO - ℹ️ ✅ Auto-optimization enabled for FeatureBank (default)
2025-12-19 08:19:06,414 - src.feature_generation.utils.memory_pool_optimizer.MemoryPoolOptimizer - INFO - ℹ️ Memory pool optimizer initialized
2025-12-19 08:19:06,414 - src.utils.hardware.m1_memory_optimizer.M1MemoryOptimizer - INFO - ℹ️ 🧠 Memory limit set to 8.0 GB (8589934592.0 bytes)
2025-12-19 08:19:06,433 - src.utils.hardware.m1_memory_optimizer.M1MemoryOptimizer - INFO - ℹ️ 🧠 M1 Memory Optimizer initialized for M1
2025-12-19 08:19:06,433 - src.utils.hardware.unified_hardware_manager.UnifiedHardwareManager - INFO - ℹ️ 🔧 Unified Hardware Manager initialized
2025-12-19 08:19:06,433 - src.utils.hardware.unified_hardware_manager.HardwarePerformanceMonitor - INFO - ℹ️ 🔍 Hardware performance monitoring started
2025-12-19 08:19:06,566 - src.utils.hardware.m1_memory_optimizer.M1MemoryOptimizer - INFO - ℹ️ 🧠 M1 memory monitoring started
2025-12-19 08:19:06,566 - src.utils.hardware.m1_memory_optimizer.M1MemoryOptimizer - INFO - ℹ️ 🧹 Moderate cleanup: 2009 objects collected
2025-12-19 08:19:06,566 - src.utils.hardware.unified_hardware_manager.UnifiedHardwareManager - INFO - ℹ️ ✅ Unified Hardware Manager fully initialized
2025-12-19 08:19:06,566 - src.utils.hardware.unified_hardware_manager.UnifiedHardwareManager - INFO - ℹ️ 🎯 Optimizing for feature_engineering workload (balanced)
2025-12-19 08:19:06,568 - src.utils.ml_common.hardware_singleton - INFO - ℹ️ 🔍 Detecting hardware capabilities (one-time detection)...
2025-12-19 08:19:06,568 - src.utils.ml_common.hardware_singleton - INFO - ℹ️ ✅ Hardware detection complete: {'cpu_cores': 8, 'gpu_available': True, 'gpu_type': 'mps', 'memory_gb': 16.0, 'mps_available': True, 'gpu_memory_gb': None}
[2025-12-19 08:19:06.568] 🚀 Initializing Unified Vectorization Manager...
2025-12-19 08:19:06,568 - System.tprint - INFO - ℹ️ 🚀 Initializing Unified Vectorization Manager...
[2025-12-19 08:19:06.568] 🔄 Initializing optimization components...
2025-12-19 08:19:06,568 - System.tprint - INFO - ℹ️ 🔄 Initializing optimization components...
[2025-12-19 08:19:06.568] 🔄 Initializing optimization components...
2025-12-19 08:19:06,569 - System.tprint - INFO - ℹ️ 🔄 Initializing optimization components...
[2025-12-19 08:19:06.568] 🔄 Loading VectorBTRollingOptimizer...
2025-12-19 08:19:06,569 - System.tprint - INFO - ℹ️ 🔄 Loading VectorBTRollingOptimizer...
[2025-12-19 08:19:06.568] ✅ VectorBTRollingOptimizer loaded
2025-12-19 08:19:06,569 - System.tprint - INFO - ℹ️ ✅ VectorBTRollingOptimizer loaded
[2025-12-19 08:19:06.568] 🔄 Loading vectorized backtesting...
2025-12-19 08:19:06,569 - System.tprint - INFO - ℹ️ 🔄 Loading vectorized backtesting...
2025-12-19 08:19:06,570 - System.VectorizedBacktestingEngine - INFO - ℹ️ ✅ Vectorized Backtesting Engine initialized successfully
[2025-12-19 08:19:06.570] ✅ Vectorized backtesting loaded
2025-12-19 08:19:06,570 - System.tprint - INFO - ℹ️ ✅ Vectorized backtesting loaded
[2025-12-19 08:19:06.570] 🔄 Loading VectorBT backtesting engine...
2025-12-19 08:19:06,570 - System.tprint - INFO - ℹ️ 🔄 Loading VectorBT backtesting engine...
2025-12-19 08:19:06,572 - System.VectorBTBacktestingEngine - INFO - ℹ️ ✅ VectorBT Backtesting Engine initialized successfully
[2025-12-19 08:19:06.572] ✅ VectorBT backtesting engine loaded
2025-12-19 08:19:06,572 - System.tprint - INFO - ℹ️ ✅ VectorBT backtesting engine loaded
[2025-12-19 08:19:06.572] 🔄 Loading VectorBT financial metrics...
2025-12-19 08:19:06,572 - System.tprint - INFO - ℹ️ 🔄 Loading VectorBT financial metrics...
2025-12-19 08:19:06,573 - src.utils.ml_common.vectorbt_financial_metrics - INFO - ℹ️ ✅ VectorBT Financial Metrics initialized
2025-12-19 08:19:06,573 - src.utils.ml_common.vectorbt_financial_metrics - INFO - ℹ️ 📊 Risk-free rate: 2.00%
2025-12-19 08:19:06,574 - src.utils.ml_common.vectorbt_financial_metrics - INFO - ℹ️ 📊 Annualization factor: 252
2025-12-19 08:19:06,574 - src.utils.ml_common.vectorbt_financial_metrics - INFO - ℹ️ 📊 Regime analysis: True
[2025-12-19 08:19:06.574] ✅ VectorBT financial metrics loaded
2025-12-19 08:19:06,574 - System.tprint - INFO - ℹ️ ✅ VectorBT financial metrics loaded
[2025-12-19 08:19:06.574] 🔄 Loading VectorBT portfolio optimization...
2025-12-19 08:19:06,574 - System.tprint - INFO - ℹ️ 🔄 Loading VectorBT portfolio optimization...
2025-12-19 08:19:06,577 - src.utils.ml_common.vectorbt_memory_manager.VectorBTMemoryManager - INFO - ℹ️ ✅ VectorBT Memory Manager initialized
2025-12-19 08:19:06,577 - src.utils.ml_common.vectorbt_memory_manager.VectorBTMemoryManager - INFO - ℹ️ 📊 Total system memory: 16.00GB
2025-12-19 08:19:06,577 - src.utils.ml_common.vectorbt_memory_manager.VectorBTMemoryManager - INFO - ℹ️ 📊 Available memory: 3.08GB
2025-12-19 08:19:06,577 - src.utils.ml_common.vectorbt_memory_manager.VectorBTMemoryManager - INFO - ℹ️ 📊 Max allocated memory: 8.00GB
2025-12-19 08:19:06,577 - src.utils.ml_common.vectorbt_performance_monitor.VectorBTPerformanceMonitor - INFO - ℹ️ ✅ VectorBT Performance Monitor initialized
2025-12-19 08:19:06,577 - src.utils.ml_common.vectorbt_performance_monitor.VectorBTPerformanceMonitor - INFO - ℹ️ 📊 Monitoring enabled: timing=True, memory=True, gpu=True
2025-12-19 08:19:06,577 - src.utils.ml_common.vectorbt_portfolio_optimization - INFO - ℹ️ ✅ VectorBT Portfolio Optimizer initialized
2025-12-19 08:19:06,577 - src.utils.ml_common.vectorbt_portfolio_optimization - INFO - ℹ️ 📊 Method: mean_variance
2025-12-19 08:19:06,577 - src.utils.ml_common.vectorbt_portfolio_optimization - INFO - ℹ️ 📊 Rebalancing: monthly
2025-12-19 08:19:06,577 - src.utils.ml_common.vectorbt_portfolio_optimization - INFO - ℹ️ 📊 Risk aversion: 1.0
2025-12-19 08:19:06,577 - src.utils.ml_common.vectorbt_portfolio_optimization - INFO - ℹ️ 📊 Memory manager: 3.08GB available
[2025-12-19 08:19:06.578] ✅ VectorBT portfolio optimization loaded
2025-12-19 08:19:06,578 - System.tprint - INFO - ℹ️ ✅ VectorBT portfolio optimization loaded
[2025-12-19 08:19:06.578] 🔄 Loading matrix cross-validation...
2025-12-19 08:19:06,578 - System.tprint - INFO - ℹ️ 🔄 Loading matrix cross-validation...
2025-12-19 08:19:06,578 - src.utils.hardware.m1_memory_optimizer - INFO - ℹ️ 🧠 M1 Memory Optimizer initialized for M1
2025-12-19 08:19:06,597 - src.utils.hardware.m1_memory_optimizer.M1MemoryOptimizer - INFO - ℹ️ 🧠 M1 Memory Optimizer initialized for M1
2025-12-19 08:19:06,729 - src.feature_generation.core.vectorbt_batch_processor - INFO - ℹ️ VectorBTBatchProcessor initialized: VectorBT=True, GPU=False, Parallel=True
2025-12-19 08:19:06,729 - src.feature_generation.utils.unified_vectorization_manager - INFO - ℹ️ UnifiedVectorizationManager initialized: VectorBT=True, GPU=False, Memory=True
2025-12-19 08:19:06,729 - src.utils.matrix_operations.unified_operations.UnifiedMatrixOperations - INFO - ℹ️ 📊 GPU: False, Memory Opt: False, Parallel: False
2025-12-19 08:19:06,729 - src.utils.ml_common.matrix_cross_validation - INFO - ℹ️ 🚀 VectorBT configured for cross-validation optimization
2025-12-19 08:19:06,729 - src.utils.ml_common.matrix_cross_validation - INFO - ℹ️ ✅ Matrix-based cross-validator initialized
2025-12-19 08:19:06,729 - src.utils.ml_common.matrix_cross_validation - INFO - ℹ️ 📊 Configuration - Splits: 5, GPU: True, VectorBT: True
[2025-12-19 08:19:06.729] ✅ Matrix cross-validation loaded
2025-12-19 08:19:06,729 - System.tprint - INFO - ℹ️ ✅ Matrix cross-validation loaded
[2025-12-19 08:19:06.729] 🔄 Loading feature importance analyzer...
2025-12-19 08:19:06,730 - System.tprint - INFO - ℹ️ 🔄 Loading feature importance analyzer...
2025-12-19 08:19:06,743 - src.utils.ml_common.utils.memory_integration - INFO - ℹ️ 🔗 Integrating memory skimming with all ML utilities
2025-12-19 08:19:06,743 - src.utils.ml_common.utils.memory_integration - INFO - ℹ️ ✅ Successfully imported HPO utilities (direct import)
2025-12-19 08:19:06,743 - src.utils.ml_common.utils.memory_integration - INFO - ℹ️ ✅ Memory skimming integrated with HPO utilities
2025-12-19 08:19:06,743 - src.utils.ml_common.utils.memory_integration - INFO - ℹ️ ✅ Successfully imported Unified CV utilities
2025-12-19 08:19:06,743 - src.utils.ml_common.utils.memory_integration - INFO - ℹ️ ✅ Memory skimming integrated with Unified CV utilities
2025-12-19 08:19:06,744 - src.utils.ml_common.utils.memory_integration - INFO - ℹ️ ✅ Memory skimming integrated with lookahead protection utilities
2025-12-19 08:19:06,744 - src.utils.ml_common.utils.memory_integration - INFO - ℹ️ Skipping model evaluation memory integration (deprecated)
2025-12-19 08:19:06,744 - src.utils.ml_common.utils.memory_integration - INFO - ℹ️ ✅ Successfully imported feature selection utilities
2025-12-19 08:19:06,744 - src.utils.ml_common.utils.memory_integration - INFO - ℹ️ ✅ Memory skimming integrated with feature selection utilities
2025-12-19 08:19:06,745 - src.utils.ml_common.utils.memory_integration - INFO - ℹ️ ✅ Successfully imported data quality utilities
2025-12-19 08:19:06,745 - src.utils.ml_common.utils.memory_integration - INFO - ℹ️ ✅ Memory skimming integrated with data quality utilities
2025-12-19 08:19:06,745 - src.utils.ml_common.utils.memory_integration - INFO - ℹ️ ✅ Memory skimming integration completed: 6/6 successful
[2025-12-19 08:19:06.745] ✅ Custom logger available for MLCommon.ThreadGuard
2025-12-19 08:19:06,745 - System.tprint - INFO - ℹ️ ✅ Custom logger available for MLCommon.ThreadGuard
[2025-12-19 08:19:06.745] ✅ threadpoolctl available for thread management
2025-12-19 08:19:06,745 - System.tprint - INFO - ℹ️ ✅ threadpoolctl available for thread management
[2025-12-19 08:19:06.745] ✅ Custom logger available for MLCommon.BaseSafeguards
2025-12-19 08:19:06,746 - System.tprint - INFO - ℹ️ ✅ Custom logger available for MLCommon.BaseSafeguards
[2025-12-19 08:19:06.747] ✅ Scikit-learn available for thresholding functionality
2025-12-19 08:19:06,747 - System.tprint - INFO - ℹ️ ✅ Scikit-learn available for thresholding functionality
[2025-12-19 08:19:06.747] ✅ Custom logger available for FeatureSelection.BaseFramework
2025-12-19 08:19:06,748 - System.tprint - INFO - ℹ️ ✅ Custom logger available for FeatureSelection.BaseFramework
[2025-12-19 08:19:06.747] ✅ Custom logger available for FeatureSelection.DataValidation
2025-12-19 08:19:06,748 - System.tprint - INFO - ℹ️ ✅ Custom logger available for FeatureSelection.DataValidation
[2025-12-19 08:19:06.749] ✅ Vectorization utilities available for feature selection
2025-12-19 08:19:06,749 - System.tprint - INFO - ℹ️ ✅ Vectorization utilities available for feature selection
[2025-12-19 08:19:06.749] ✅ Custom logger available for FeatureSelection.SelectionMethods
2025-12-19 08:19:06,749 - System.tprint - INFO - ℹ️ ✅ Custom logger available for FeatureSelection.SelectionMethods
[2025-12-19 08:19:06.780] ✅ Custom logger available for FeatureSelection.StabilityAnalysis
2025-12-19 08:19:06,780 - System.tprint - INFO - ℹ️ ✅ Custom logger available for FeatureSelection.StabilityAnalysis
[2025-12-19 08:19:06.780] ✅ Custom logger available for FeatureSelection.PerformanceMonitoring
2025-12-19 08:19:06,781 - System.tprint - INFO - ℹ️ ✅ Custom logger available for FeatureSelection.PerformanceMonitoring
[2025-12-19 08:19:06.781] ✅ Custom logger available for FeatureSelection.QualityMetrics
2025-12-19 08:19:06,781 - System.tprint - INFO - ℹ️ ✅ Custom logger available for FeatureSelection.QualityMetrics
[2025-12-19 08:19:06.781] ✅ Custom logger available for FeatureSelection.TemporalAnalysis
2025-12-19 08:19:06,782 - System.tprint - INFO - ℹ️ ✅ Custom logger available for FeatureSelection.TemporalAnalysis
[2025-12-19 08:19:06.781] ✅ Custom logger available for FeatureSelection.CausalAnalysis
2025-12-19 08:19:06,782 - System.tprint - INFO - ℹ️ ✅ Custom logger available for FeatureSelection.CausalAnalysis
[2025-12-19 08:19:06.785] ✅ Custom logger available for FeatureSelection.MainFramework
2025-12-19 08:19:06,785 - System.tprint - INFO - ℹ️ ✅ Custom logger available for FeatureSelection.MainFramework
[2025-12-19 08:19:06.806] 🔍 FeatureImportanceAnalyzer initialized with methods: ['random_forest', 'lasso', 'mutual_info']
2025-12-19 08:19:06,807 - System.tprint - INFO - ℹ️ 🔍 FeatureImportanceAnalyzer initialized with methods: ['random_forest', 'lasso', 'mutual_info']
[2025-12-19 08:19:06.806] ✅ Feature importance analyzer loaded
2025-12-19 08:19:06,807 - System.tprint - INFO - ℹ️ ✅ Feature importance analyzer loaded
[2025-12-19 08:19:06.806] 🔄 Loading technical indicators...
2025-12-19 08:19:06,807 - System.tprint - INFO - ℹ️ 🔄 Loading technical indicators...
2025-12-19 08:19:06,808 - src.feature_generation.utils.feature_generators - INFO - ℹ️ ✅ TA-Lib available for enhanced technical indicators
2025-12-19 08:19:06,808 - src.feature_generation.utils.feature_generators - INFO - ℹ️ Using fallback implementations for feature selection tools
2025-12-19 08:19:06,827 - src.utils.hardware.m1_memory_optimizer.M1MemoryOptimizer - INFO - ℹ️ 🧠 M1 Memory Optimizer initialized for M1
2025-12-19 08:19:06,827 - src.feature_generation.utils.feature_generators.FeatureGenerators - INFO - ℹ️ ✅ Hardware optimization initialized
2025-12-19 08:19:06,827 - src.feature_generation.utils.feature_generators.FeatureGenerators - INFO - ℹ️ ✅ Matrix operations available for vectorization
[2025-12-19 08:19:06.827] ✅ Technical indicators loaded
2025-12-19 08:19:06,827 - System.tprint - INFO - ℹ️ ✅ Technical indicators loaded
[2025-12-19 08:19:06.827] ℹ️ HMM operations deprecated - using alternative methods
2025-12-19 08:19:06,827 - System.tprint - INFO - ℹ️ HMM operations deprecated - using alternative methods
[2025-12-19 08:19:06.827] ✅ Component initialization completed
2025-12-19 08:19:06,828 - System.tprint - INFO - ℹ️ ✅ Component initialization completed
[2025-12-19 08:19:06.827] 🔄 Setting up performance tracking...
2025-12-19 08:19:06,828 - System.tprint - INFO - ℹ️ 🔄 Setting up performance tracking...
[2025-12-19 08:19:06.827] ✅ Unified Vectorization Manager initialized
2025-12-19 08:19:06,828 - System.tprint - INFO - ℹ️ ✅ Unified Vectorization Manager initialized
2025-12-19 08:19:06,828 - src.utils.ml_common.unified_vectorization_manager - INFO - ℹ️ ✅ Unified Vectorization Manager initialized
2025-12-19 08:19:06,828 - src.feature_generation.utils.feature_generation_optimization.FeatureGenerationOptimizer - INFO - ℹ️ 🚀 Initializing FeatureGenerationOptimizer...
2025-12-19 08:19:06,828 - src.feature_generation.utils.feature_generation_optimization.FeatureGenerationOptimizer - INFO - ℹ️ 📊 Configuration loaded: cross_validation
2025-12-19 08:19:06,828 - src.feature_generation.utils.feature_generation_optimization.FeatureGenerationOptimizer - INFO - ℹ️ ✅ FeatureGenerationOptimizer initialized in 0.000s
2025-12-19 08:19:06,828 - src.feature_generation.utils.feature_generation_optimization.FeatureGenerationOptimizer - INFO - ℹ️ 📊 Min lookback: 5, Max lookback: 252
2025-12-19 08:19:06,828 - src.feature_generation.utils.feature_generation_optimization.FeatureGenerationOptimizer - INFO - ℹ️ 📊 CV folds: 3, Parallel processing: True
2025-12-19 08:19:06,829 - src.utils.parallel_processing_optimizer - INFO - ℹ️ 🍎 Detected Apple Silicon - applying M1-specific limits
2025-12-19 08:19:06,829 - src.utils.parallel_processing_optimizer - INFO - ℹ️ 🔧 Initialized MacM1ParallelOptimizer:
2025-12-19 08:19:06,829 - src.utils.parallel_processing_optimizer - INFO - ℹ️    Max workers: 4
2025-12-19 08:19:06,829 - src.utils.parallel_processing_optimizer - INFO - ℹ️    Chunk size: 1000
2025-12-19 08:19:06,829 - src.utils.parallel_processing_optimizer - INFO - ℹ️    Pool type: Process
2025-12-19 08:19:06,829 - src.utils.parallel_processing_optimizer - INFO - ℹ️    Memory limit per worker: 4096 MB
2025-12-19 08:19:06,829 - src.utils.parallel_processing_optimizer - INFO - ℹ️    M1 Mac detected: True
2025-12-19 08:19:06,829 - src.feature_generation.utils.optimization.lookback_optimizer.LookbackOptimizer - INFO - ℹ️ ✅ Legacy optimization system available
2025-12-19 08:19:06,829 - src.feature_generation.utils.optimization.lookback_optimizer.LookbackOptimizer - INFO - ℹ️ ✅ LookbackOptimizer initialized
2025-12-19 08:19:06,829 - src.feature_generation.core.feature_bank.FeatureBank - INFO - ℹ️ ✅ Regular lookback optimization enabled (Analyst mode)
[2025-12-19 08:19:06.829] ✅ FeatureBank set as global instance
2025-12-19 08:19:06,829 - System.tprint - INFO - ℹ️ ✅ FeatureBank set as global instance
[2025-12-19 08:19:06.829] 🔧 Auto-registering feature generators...
2025-12-19 08:19:06,829 - System.tprint - INFO - ℹ️ 🔧 Auto-registering feature generators...
[2025-12-19 08:19:06.829] 🔧 Starting auto-registration of feature generators...
2025-12-19 08:19:06,830 - System.tprint - INFO - ℹ️ 🔧 Starting auto-registration of feature generators...
[2025-12-19 08:19:06.829] 🚀 Initializing 16 feature categories...
2025-12-19 08:19:06,830 - System.tprint - INFO - ℹ️ 🚀 Initializing 16 feature categories...
2025-12-19 08:19:06,830 - src.feature_generation.core.vectorbt_feature_generator - WARNING - ⚠️ GPU acceleration not available in this VectorBT version
2025-12-19 08:19:06,832 - src.feature_generation.core.feature_generator.CustomAutoOptimizedFeatureGenerator - INFO - ℹ️ ✅ VectorBT advanced caching enabled: 1000MB, TTL: 3600s
[2025-12-19 08:19:06.832] 🔍 Getting settings for balanced optimization level...
2025-12-19 08:19:06,832 - System.tprint - INFO - ℹ️ 🔍 Getting settings for balanced optimization level...
2025-12-19 08:19:06,832 - src.feature_generation.utils.vectorbt_optimization_integration - INFO - ℹ️ VectorBTOptimizationManager initialized: GPU=False, Memory=True, Parallel=True
2025-12-19 08:19:06,832 - CustomAutoOptimizedFeatureGenerator - INFO - ℹ️ VectorBT optimization components initialized
2025-12-19 08:19:06,867 - src.feature_generation.utils.consolidated_rolling_optimizer - INFO - ℹ️ GPU memory test successful
2025-12-19 08:19:06,902 - src.feature_generation.categories.candlestick_pattern - INFO - ℹ️ ✅ VectorBTRollingOptimizer initialized for candlestick patterns
2025-12-19 08:19:06,902 - src.feature_generation.categories.candlestick_pattern - INFO - ℹ️ ✅ UnifiedVectorizationManager initialized for candlestick patterns
[2025-12-19 08:19:06.912] ℹ️ VectorBT not available, using core microstructure generators only (numpy-optimized)
2025-12-19 08:19:06,912 - System.tprint - INFO - ℹ️ VectorBT not available, using core microstructure generators only (numpy-optimized)
✅ Created 45 VectorBT-optimized acceleration generators
✅ Created 46 total acceleration generators with VectorBT optimization
2025-12-19 08:19:06,924 - src.feature_generation.utils.vectorization_optimizer.VectorizationOptimizer - INFO - ℹ️ ✅ Matrix operations initialized
2025-12-19 08:19:06,925 - src.feature_generation.utils.vectorization_optimizer.VectorizationOptimizer - INFO - ℹ️ ✅ Hardware manager initialized
2025-12-19 08:19:06,925 - src.feature_generation.utils.vectorization_optimizer.VectorizationOptimizer - INFO - ℹ️ ✅ Vectorized core initialized
2025-12-19 08:19:06,925 - src.feature_generation.utils.vectorization_optimizer.VectorizationOptimizer - INFO - ℹ️ ✅ Vectorization Optimizer initialized
[2025-12-19 08:19:06.931] ℹ️ VectorBT not available, using core microstructure generators only (numpy-optimized)
2025-12-19 08:19:06,931 - System.tprint - INFO - ℹ️ VectorBT not available, using core microstructure generators only (numpy-optimized)
[2025-12-19 08:19:06.935] ✅ Auto-registration completed. Registered 527 generators
2025-12-19 08:19:06,935 - System.tprint - INFO - ℹ️ ✅ Auto-registration completed. Registered 527 generators
2025-12-19 08:19:06,935 - src.feature_generation.core.feature_bank.FeatureBank - INFO - ℹ️ ✅ Auto-registered 527 generators from 16 categories
[2025-12-19 08:19:06.935] 🔍 Looking up generators for category: returns
2025-12-19 08:19:06,935 - System.tprint - INFO - ℹ️ 🔍 Looking up generators for category: returns
[2025-12-19 08:19:06.935] ✅ Found 57 generators for category: returns
2025-12-19 08:19:06,935 - System.tprint - INFO - ℹ️ ✅ Found 57 generators for category: returns
[2025-12-19 08:19:06.935] 🔍 Looking up generators for category: momentum
2025-12-19 08:19:06,935 - System.tprint - INFO - ℹ️ 🔍 Looking up generators for category: momentum
[2025-12-19 08:19:06.935] ✅ Found 32 generators for category: momentum
2025-12-19 08:19:06,936 - System.tprint - INFO - ℹ️ ✅ Found 32 generators for category: momentum
[2025-12-19 08:19:06.935] 🔍 Looking up generators for category: volume
2025-12-19 08:19:06,936 - System.tprint - INFO - ℹ️ 🔍 Looking up generators for category: volume
[2025-12-19 08:19:06.935] ✅ Found 60 generators for category: volume
2025-12-19 08:19:06,936 - System.tprint - INFO - ℹ️ ✅ Found 60 generators for category: volume
[2025-12-19 08:19:06.936] 🔍 Looking up generators for category: volatility
2025-12-19 08:19:06,936 - System.tprint - INFO - ℹ️ 🔍 Looking up generators for category: volatility
[2025-12-19 08:19:06.936] ✅ Found 54 generators for category: volatility
2025-12-19 08:19:06,936 - System.tprint - INFO - ℹ️ ✅ Found 54 generators for category: volatility
[2025-12-19 08:19:06.936] 🔍 Looking up generators for category: normalization
2025-12-19 08:19:06,936 - System.tprint - INFO - ℹ️ 🔍 Looking up generators for category: normalization
[2025-12-19 08:19:06.936] ✅ Found 0 generators for category: normalization
2025-12-19 08:19:06,936 - System.tprint - INFO - ℹ️ ✅ Found 0 generators for category: normalization
[2025-12-19 08:19:06.936] 🔍 Looking up generators for category: trend
2025-12-19 08:19:06,936 - System.tprint - INFO - ℹ️ 🔍 Looking up generators for category: trend
[2025-12-19 08:19:06.936] ✅ Found 60 generators for category: trend
2025-12-19 08:19:06,937 - System.tprint - INFO - ℹ️ ✅ Found 60 generators for category: trend
[2025-12-19 08:19:06.936] 🔍 Looking up generators for category: oscillator
2025-12-19 08:19:06,937 - System.tprint - INFO - ℹ️ 🔍 Looking up generators for category: oscillator
[2025-12-19 08:19:06.936] ✅ Found 11 generators for category: oscillator
2025-12-19 08:19:06,937 - System.tprint - INFO - ℹ️ ✅ Found 11 generators for category: oscillator
[2025-12-19 08:19:06.937] 🔍 Looking up generators for category: support_resistance
2025-12-19 08:19:06,937 - System.tprint - INFO - ℹ️ 🔍 Looking up generators for category: support_resistance
[2025-12-19 08:19:06.937] ✅ Found 50 generators for category: support_resistance
2025-12-19 08:19:06,937 - System.tprint - INFO - ℹ️ ✅ Found 50 generators for category: support_resistance
[2025-12-19 08:19:06.937] 🔍 Looking up generators for category: custom_support_resistance
2025-12-19 08:19:06,937 - System.tprint - INFO - ℹ️ 🔍 Looking up generators for category: custom_support_resistance
[2025-12-19 08:19:06.937] ✅ Found 0 generators for category: custom_support_resistance
2025-12-19 08:19:06,938 - System.tprint - INFO - ℹ️ ✅ Found 0 generators for category: custom_support_resistance
[2025-12-19 08:19:06.937] 🔍 Looking up generators for category: candlestick_pattern
2025-12-19 08:19:06,938 - System.tprint - INFO - ℹ️ 🔍 Looking up generators for category: candlestick_pattern
[2025-12-19 08:19:06.937] ✅ Found 16 generators for category: candlestick_pattern
2025-12-19 08:19:06,938 - System.tprint - INFO - ℹ️ ✅ Found 16 generators for category: candlestick_pattern
[2025-12-19 08:19:06.938] 🔍 Looking up generators for category: cross_timeframe
2025-12-19 08:19:06,938 - System.tprint - INFO - ℹ️ 🔍 Looking up generators for category: cross_timeframe
[2025-12-19 08:19:06.938] ✅ Found 22 generators for category: cross_timeframe
2025-12-19 08:19:06,938 - System.tprint - INFO - ℹ️ ✅ Found 22 generators for category: cross_timeframe
[2025-12-19 08:19:06.938] 🔍 Looking up generators for category: microstructure
2025-12-19 08:19:06,938 - System.tprint - INFO - ℹ️ 🔍 Looking up generators for category: microstructure
[2025-12-19 08:19:06.938] ✅ Found 15 generators for category: microstructure
2025-12-19 08:19:06,938 - System.tprint - INFO - ℹ️ ✅ Found 15 generators for category: microstructure
[2025-12-19 08:19:06.938] 🔍 Looking up generators for category: entropy
2025-12-19 08:19:06,939 - System.tprint - INFO - ℹ️ 🔍 Looking up generators for category: entropy
[2025-12-19 08:19:06.938] ✅ Found 35 generators for category: entropy
2025-12-19 08:19:06,939 - System.tprint - INFO - ℹ️ ✅ Found 35 generators for category: entropy
[2025-12-19 08:19:06.938] 🔍 Looking up generators for category: autoencoder
2025-12-19 08:19:06,939 - System.tprint - INFO - ℹ️ 🔍 Looking up generators for category: autoencoder
[2025-12-19 08:19:06.938] ✅ Found 0 generators for category: autoencoder
2025-12-19 08:19:06,939 - System.tprint - INFO - ℹ️ ✅ Found 0 generators for category: autoencoder
[2025-12-19 08:19:06.939] 🔍 Looking up generators for category: representation_learning
2025-12-19 08:19:06,939 - System.tprint - INFO - ℹ️ 🔍 Looking up generators for category: representation_learning
[2025-12-19 08:19:06.939] ✅ Found 0 generators for category: representation_learning
2025-12-19 08:19:06,939 - System.tprint - INFO - ℹ️ ✅ Found 0 generators for category: representation_learning
[2025-12-19 08:19:06.939] 🔍 Looking up generators for category: order_flow
2025-12-19 08:19:06,939 - System.tprint - INFO - ℹ️ 🔍 Looking up generators for category: order_flow
[2025-12-19 08:19:06.939] ✅ Found 0 generators for category: order_flow
2025-12-19 08:19:06,939 - System.tprint - INFO - ℹ️ ✅ Found 0 generators for category: order_flow
[2025-12-19 08:19:06.939] 🔍 Looking up generators for category: regime
2025-12-19 08:19:06,939 - System.tprint - INFO - ℹ️ 🔍 Looking up generators for category: regime
[2025-12-19 08:19:06.939] ✅ Found 0 generators for category: regime
2025-12-19 08:19:06,940 - System.tprint - INFO - ℹ️ ✅ Found 0 generators for category: regime
[2025-12-19 08:19:06.939] 🔍 Looking up generators for category: legacy
2025-12-19 08:19:06,940 - System.tprint - INFO - ℹ️ 🔍 Looking up generators for category: legacy
[2025-12-19 08:19:06.939] ✅ Found 0 generators for category: legacy
2025-12-19 08:19:06,940 - System.tprint - INFO - ℹ️ ✅ Found 0 generators for category: legacy
[2025-12-19 08:19:06.939] 🔍 Looking up generators for category: time
2025-12-19 08:19:06,940 - System.tprint - INFO - ℹ️ 🔍 Looking up generators for category: time
[2025-12-19 08:19:06.940] ✅ Found 0 generators for category: time
2025-12-19 08:19:06,940 - System.tprint - INFO - ℹ️ ✅ Found 0 generators for category: time
[2025-12-19 08:19:06.940] 🔍 Looking up generators for category: custom
2025-12-19 08:19:06,940 - System.tprint - INFO - ℹ️ 🔍 Looking up generators for category: custom
[2025-12-19 08:19:06.940] ✅ Found 0 generators for category: custom
2025-12-19 08:19:06,940 - System.tprint - INFO - ℹ️ ✅ Found 0 generators for category: custom
[2025-12-19 08:19:06.940] 🔍 Looking up generators for category: acceleration
2025-12-19 08:19:06,940 - System.tprint - INFO - ℹ️ 🔍 Looking up generators for category: acceleration
[2025-12-19 08:19:06.940] ✅ Found 46 generators for category: acceleration
2025-12-19 08:19:06,941 - System.tprint - INFO - ℹ️ ✅ Found 46 generators for category: acceleration
[2025-12-19 08:19:06.940] 🔍 Looking up generators for category: interaction
2025-12-19 08:19:06,941 - System.tprint - INFO - ℹ️ 🔍 Looking up generators for category: interaction
[2025-12-19 08:19:06.940] ✅ Found 8 generators for category: interaction
2025-12-19 08:19:06,941 - System.tprint - INFO - ℹ️ ✅ Found 8 generators for category: interaction
[2025-12-19 08:19:06.940] 🔍 Looking up generators for category: advanced_statistical
2025-12-19 08:19:06,941 - System.tprint - INFO - ℹ️ 🔍 Looking up generators for category: advanced_statistical
[2025-12-19 08:19:06.940] ✅ Found 6 generators for category: advanced_statistical
2025-12-19 08:19:06,941 - System.tprint - INFO - ℹ️ ✅ Found 6 generators for category: advanced_statistical
[2025-12-19 08:19:06.941] 🔍 Looking up generators for category: spectral_wavelet
2025-12-19 08:19:06,941 - System.tprint - INFO - ℹ️ 🔍 Looking up generators for category: spectral_wavelet
[2025-12-19 08:19:06.941] ✅ Found 6 generators for category: spectral_wavelet
2025-12-19 08:19:06,941 - System.tprint - INFO - ℹ️ ✅ Found 6 generators for category: spectral_wavelet
2025-12-19 08:19:06,941 - src.feature_generation.core.generator_factory - INFO - ℹ️ Populated generator factory with 478 generators
[2025-12-19 08:19:06.941] ✅ Generator factory populated with registered generators
2025-12-19 08:19:06,941 - System.tprint - INFO - ℹ️ ✅ Generator factory populated with registered generators
2025-12-19 08:19:06,942 - src.feature_generation.core.feature_bank.FeatureBank - INFO - ℹ️ ✅ FeatureBank initialized
2025-12-19 08:19:06,942 - src.feature_generation.core.feature_bank.FeatureBank - INFO - ℹ️ 📊 Matrix ops: True, GPU: True, Lookback opt: True
2025-12-19 08:19:06,942 - src.feature_generation - INFO - ℹ️ ✅ Unified Feature Generation System initialized
2025-12-19 08:19:06,942 - src.feature_generation - INFO - ℹ️ 📦 Version: 2.0.0
2025-12-19 08:19:06,942 - src.feature_generation - INFO - ℹ️ 🔧 Features: Category-based organization, advanced utilities, optimization
2025-12-19 08:19:06,942 - src.feature_generation - INFO - ℹ️ 🍎 Optimized for: Apple Silicon M1/M2/M3 Macs
2025-12-19 08:19:06,942 - src.feature_generation - INFO - ℹ️ 🚀 Advanced utilities available (optimization, analysis, etc.)
2025-12-19 08:19:06,942 - src.feature_generation - INFO - ℹ️ ⚡ VectorBT optimizations available (advanced volatility, volume, batch processing)
2025-12-19 08:19:06,943 - MLCommon.HPOUtils - INFO - ℹ️ ✅ VectorBT optimization available
2025-12-19 08:19:06,943 - MLCommon.HPOUtils - INFO - ℹ️ 🚀 Initializing Enhanced HyperparameterOptimization...
2025-12-19 08:19:06,943 - MLCommon.HPOUtils.HPOUtils - INFO - ℹ️ ✅ VectorBT Rolling Optimizer initialized
2025-12-19 08:19:06,943 - MLCommon.HPOUtils.HPOUtils - INFO - ℹ️ ✅ Unified Vectorization Manager initialized
2025-12-19 08:19:06,943 - MLCommon.HPOUtils - INFO - ℹ️ ⚙️ Configuration - Parallel processing: True
2025-12-19 08:19:06,943 - MLCommon.HPOUtils - INFO - ℹ️ ⚙️ Configuration - Max workers: 4
2025-12-19 08:19:06,943 - MLCommon.HPOUtils - INFO - ℹ️ ⚙️ Configuration - Monitoring enabled: True
2025-12-19 08:19:06,943 - MLCommon.HPOUtils - INFO - ℹ️ 🚀 Configuration - Non-linear optimization: True
2025-12-19 08:19:06,943 - MLCommon.HPOUtils - INFO - ℹ️ ✅ Enhanced HyperparameterOptimization initialized successfully
2025-12-19 08:19:06,955 - DataCleaner - INFO - ℹ️ Using klines-specific gap thresholds: {<GapType.SMALL: 'small'>: 65, <GapType.MEDIUM: 'medium'>: 300, <GapType.LARGE: 'large'>: 1800, <GapType.CRITICAL: 'critical'>: 3600}
2025-12-19 08:19:06,955 - System.UnifiedDataUtils - INFO - ℹ️ 🚀 Unified Data Utils initialized
2025-12-19 08:19:06,960 - src.utils.ml_common.validation.data_leakage_prevention - INFO - ℹ️ 🔒 Data Leakage Prevention initialized with CRITICAL financial thresholds:
2025-12-19 08:19:06,960 - src.utils.ml_common.validation.data_leakage_prevention - INFO - ℹ️    • Critical leakage threshold: 5.0% (was 25%)
2025-12-19 08:19:06,960 - src.utils.ml_common.validation.data_leakage_prevention - INFO - ℹ️    • Warning leakage threshold: 2.0% (was 10%)
2025-12-19 08:19:06,960 - src.utils.ml_common.validation.data_leakage_prevention - INFO - ℹ️    • Small dataset multiplier: 1.0 (was 1.5)
2025-12-19 08:19:06,960 - src.utils.ml_common.validation.data_leakage_prevention - INFO - ℹ️    • These strict thresholds are ESSENTIAL for financial data integrity
2025-12-19 08:19:06,960 - src.utils.ml_common.validation.data_leakage_prevention - INFO - ℹ️    • Even 1-2% leakage can invalidate backtesting results
2025-12-19 08:19:06,960 - src.utils.ml_common.validation.data_leakage_prevention - INFO - ℹ️    • High model scores (>96%) often indicate undetected temporal leakage
2025-12-19 08:19:06,961 - src.utils.ml_common.validation.overfitting_monitoring - INFO - ℹ️ ✅ Overfitting Monitoring initialized
2025-12-19 08:19:06,964 - src.utils.ml_common.validation.hpo_overfitting_prevention - INFO - ℹ️ ✅ HPO with Overfitting Prevention initialized
2025-12-19 08:19:06,965 - src.utils.ml_common.validation.model_complexity_analysis - INFO - ℹ️ ✅ Model Complexity Analyzer initialized
2025-12-19 08:19:06,967 - EnhancedReportingSystem.EnhancedReportingSystem - INFO - ℹ️ 📊 Enhanced Reporting System initialized
2025-12-19 08:19:06,967 - src.utils.ml_common.reporting.validation_reporting_integration - INFO - ℹ️ ✅ Validation Reporting Integrator initialized
2025-12-19 08:19:06,968 - src.utils.ml_common.validation.data_leakage_prevention - INFO - ℹ️ 🔒 Data Leakage Prevention initialized with CRITICAL financial thresholds:
2025-12-19 08:19:06,968 - src.utils.ml_common.validation.data_leakage_prevention - INFO - ℹ️    • Critical leakage threshold: 5.0% (was 25%)
2025-12-19 08:19:06,968 - src.utils.ml_common.validation.data_leakage_prevention - INFO - ℹ️    • Warning leakage threshold: 2.0% (was 10%)
2025-12-19 08:19:06,968 - src.utils.ml_common.validation.data_leakage_prevention - INFO - ℹ️    • Small dataset multiplier: 1.0 (was 1.5)
2025-12-19 08:19:06,968 - src.utils.ml_common.validation.data_leakage_prevention - INFO - ℹ️    • These strict thresholds are ESSENTIAL for financial data integrity
2025-12-19 08:19:06,968 - src.utils.ml_common.validation.data_leakage_prevention - INFO - ℹ️    • Even 1-2% leakage can invalidate backtesting results
2025-12-19 08:19:06,968 - src.utils.ml_common.validation.data_leakage_prevention - INFO - ℹ️    • High model scores (>96%) often indicate undetected temporal leakage
2025-12-19 08:19:06,968 - src.utils.ml_common.validation.overfitting_monitoring - INFO - ℹ️ ✅ Overfitting Monitoring initialized
2025-12-19 08:19:06,968 - src.utils.ml_common.validation.enhanced_validation - INFO - ℹ️ ✅ Enhanced Validation initialized
2025-12-19 08:19:06,969 - src.utils.ml_common.validation.hpo_overfitting_prevention - INFO - ℹ️ ✅ HPO with Overfitting Prevention initialized
2025-12-19 08:19:06,969 - src.utils.ml_common.validation.model_complexity_analysis - INFO - ℹ️ ✅ Model Complexity Analyzer initialized
2025-12-19 08:19:06,969 - src.utils.ml_common.training.universal_validation_integration - INFO - ℹ️ ✅ Universal Validation Integrator initialized with new utilities
[2025-12-19 08:19:07.172] ✅ Custom logger available for MLCommon.ModelTraining
2025-12-19 08:19:07,172 - System.tprint - INFO - ℹ️ ✅ Custom logger available for MLCommon.ModelTraining
[2025-12-19 08:19:07.177] ✅ ML Common utilities loaded successfully
2025-12-19 08:19:07,177 - System.tprint - INFO - ℹ️ ✅ ML Common utilities loaded successfully
2025-12-19 08:19:07,177 - System.CrossStepValidator - INFO - ℹ️ 🔍 CrossStepValidator initialized with comprehensive consistency rules
2025-12-19 08:19:07,200 - System.sr_clustering - INFO - ℹ️ Initializing SR Clustering module
2025-12-19 08:19:07,202 - System.sr_clustering - INFO - ℹ️ ✅ Successfully imported SRBacktestingEngine components
2025-12-19 08:19:07,203 - System.sr_clustering - INFO - ℹ️ ✅ Successfully imported BacktestingEnhancedClustering components
2025-12-19 08:19:07,204 - System.sr_clustering - INFO - ℹ️ ✅ Successfully imported WeightOptimizationEngine components
2025-12-19 08:19:07,205 - System.sr_clustering - INFO - ℹ️ ✅ Successfully imported PredictiveSREngine components
2025-12-19 08:19:07,206 - System.sr_clustering - INFO - ℹ️ ✅ Successfully imported TradingMLIntegration components
2025-12-19 08:19:07,207 - System.sr_clustering - INFO - ℹ️ 🎉 SR Clustering module initialization completed successfully
2025-12-19 08:19:07,230 - ares.registry - INFO - ℹ️ Registered step: feature_generation_gate_feature_step
[2025-12-19 08:19:07.230] ✅ Feature generation gate feature step registered SUCCESS
2025-12-19 08:19:07,230 - System.tprint - INFO - ℹ️ ✅ Feature generation gate feature step registered SUCCESS
2025-12-19 08:19:07,236 - ares.registry - INFO - ℹ️ Registered step: feature_generation_data_validation_step
[2025-12-19 08:19:07.236] ✅ Feature generation data validation step registered SUCCESS
2025-12-19 08:19:07,236 - System.tprint - INFO - ℹ️ ✅ Feature generation data validation step registered SUCCESS
[2025-12-19 08:19:07.236] 🔧 Loading labeling components...
2025-12-19 08:19:07,236 - System.tprint - INFO - ℹ️ 🔧 Loading labeling components...
2025-12-19 08:19:07,299 - ares.registry - INFO - ℹ️ Registered step: meta_labeling_hpo_sample_weighted
2025-12-19 08:19:07,299 - ares.registry - INFO - ℹ️ Registered step: meta_labeling_hpo_experiment
2025-12-19 08:19:07,299 - ares.registry - INFO - ℹ️ Registered step: sr_labeling_xgb
2025-12-19 08:19:07,299 - ares.registry - INFO - ℹ️ Registered step: sr_labeling_xgb_weighted
2025-12-19 08:19:07,314 - ares.registry - INFO - ℹ️ Registered step: meta_gated_backtest
[2025-12-19 08:19:07.314] ✅ Meta-gated backtest step registered SUCCESS
2025-12-19 08:19:07,314 - System.tprint - INFO - ℹ️ ✅ Meta-gated backtest step registered SUCCESS
[2025-12-19 08:19:07.401] ✅ CMI complementarity components loaded successfully
2025-12-19 08:19:07,401 - System.tprint - INFO - ℹ️ ✅ CMI complementarity components loaded successfully
2025-12-19 08:19:07,401 - ares.registry - INFO - ℹ️ Registered step: feature_generation_final_feature_selection_step
[2025-12-19 08:19:07.401] ✅ Feature generation final feature selection step registered SUCCESS
2025-12-19 08:19:07,402 - ares.registry - INFO - ℹ️ Registered step: feature_generation_final_validation_step
[2025-12-19 08:19:07.401] ✅ Feature generation final validation step registered SUCCESS
2025-12-19 08:19:07,404 - ares.registry - INFO - ℹ️ Registered step: feature_generation_labeling_integration_step
[2025-12-19 08:19:07.404] ✅ Feature generation labeling integration step registered SUCCESS
[2025-12-19 08:19:07.407] ⚠️ FeatureSelector not available: No module named 'fastcluster'
2025-12-19 08:19:07,407 - ares.registry - INFO - ℹ️ Registered step: feature_generation_feature_generation_step
[2025-12-19 08:19:07.407] ✅ Feature generation step registered SUCCESS
2025-12-19 08:19:07,409 - ares.registry - INFO - ℹ️ Registered step: feature_generation_period_lookback_optimization_step
[2025-12-19 08:19:07.409] ✅ Feature generation period lookback optimization step registered SUCCESS
2025-12-19 08:19:07,409 - ares.registry - INFO - ℹ️ Registered step: feature_generation_feature_selection_step
[2025-12-19 08:19:07.409] ✅ Feature generation feature selection step registered SUCCESS
[2025-12-19 08:19:07.411] INFO: ✅ CMI complementarity components loaded successfully
[2025-12-19 08:19:07.416] INFO: ✅ FeatureSelectionPipeline loaded for 4-stage feature evaluation
[2025-12-19 08:19:07.416] WARNING: ⚠️ FeatureSelector not available: No module named 'fastcluster'
2025-12-19 08:19:07,417 - ares.registry - INFO - ℹ️ Registered step: feature_generation_interaction_generation_step
[2025-12-19 08:19:07.416] ✅ Unified feature generation interaction generation step registered SUCCESS
2025-12-19 08:19:07,418 - ares.registry - INFO - ℹ️ Registered step: feature_generation_data_validation_step
2025-12-19 08:19:07,418 - ares.registry - INFO - ℹ️ Registered step: feature_generation_labeling_integration_step
2025-12-19 08:19:07,418 - ares.registry - INFO - ℹ️ Registered step: feature_generation_feature_generation_step
2025-12-19 08:19:07,418 - ares.registry - INFO - ℹ️ Registered step: feature_generation_period_lookback_optimization_step
2025-12-19 08:19:07,418 - ares.registry - INFO - ℹ️ Registered step: feature_generation_feature_selection_step
2025-12-19 08:19:07,418 - ares.registry - INFO - ℹ️ Registered step: feature_generation_interaction_generation_step
2025-12-19 08:19:07,418 - ares.registry - INFO - ℹ️ Registered step: regime_aware_feature_interaction_generation_step
2025-12-19 08:19:07,418 - ares.registry - INFO - ℹ️ Registered step: feature_generation_gate_feature_step
2025-12-19 08:19:07,418 - ares.registry - INFO - ℹ️ Registered step: feature_generation_final_feature_selection_step
2025-12-19 08:19:07,418 - ares.registry - INFO - ℹ️ Registered step: feature_generation_final_validation_step
Pre-training components registry available
2025-12-19 08:19:07,627 - src.config.analyst_ensemble_training.config_manager.AnalystEnsembleTrainingConfigManager - INFO - ℹ️ AnalystEnsembleTrainingConfigManager initialisé
2025-12-19 08:19:07,627 - src.config.analyst_ensemble_training.config_manager.AnalystEnsembleTrainingConfigManager - INFO - ℹ️ Répertoire config: /Users/remyroche/Documents/Ares/src/config/analyst_ensemble_training
2025-12-19 08:19:07,627 - src.config.analyst_ensemble_training.config_manager.AnalystEnsembleTrainingConfigManager - INFO - ℹ️ Config personnalisée: None
2025-12-19 08:19:07,627 - src.config.analyst_ensemble_training.config_manager.AnalystEnsembleTrainingConfigManager - INFO - ℹ️ Fallback hardcodé: True
DEBUG: UnifiedTrainingPipeline imported from: /Users/remyroche/Documents/Ares/src/training/steps/models_training/unified_training_pipeline.py
2025-12-19 08:19:07,652 - ares.registry - INFO - ℹ️ Registered step: unified_models_training
[2025-12-19 08:19:07.652] ✅ Unified models training step registered SUCCESS
2025-12-19 08:19:07,653 - ares.registry - INFO - ℹ️ Registered step: analyst_base_training
[2025-12-19 08:19:07.652] ✅ Analyst base training step registered SUCCESS
2025-12-19 08:19:07,654 - ares.registry - INFO - ℹ️ Registered step: analyst_ensemble_training
[2025-12-19 08:19:07.654] ✅ Analyst ensemble training step registered SUCCESS
[2025-12-19 08:19:07.661] ✅ [TACTICIAN_BASE] Configuration centralisée importée SUCCESS
2025-12-19 08:19:07,661 - ares.registry - INFO - ℹ️ Registered step: tactician_base_training
[2025-12-19 08:19:07.661] ✅ Tactician base training step registered SUCCESS
2025-12-19 08:19:07,661 - ares.registry - INFO - ℹ️ Registered step: tactician_ensemble_training
[2025-12-19 08:19:07.661] ✅ Tactician ensemble training step registered SUCCESS
2025-12-19 08:19:07,662 - ares.registry - INFO - ℹ️ Registered step: gate_training_step
[2025-12-19 08:19:07.663] ✅ Gate training step registered SUCCESS
2025-12-19 08:19:07,663 - ares.registry - INFO - ℹ️ Registered step: unified_models_training
2025-12-19 08:19:07,663 - ares.registry - INFO - ℹ️ Registered step: analyst_base_training
2025-12-19 08:19:07,663 - ares.registry - INFO - ℹ️ Registered step: analyst_ensemble_training
2025-12-19 08:19:07,663 - ares.registry - INFO - ℹ️ Registered step: tactician_base_training
2025-12-19 08:19:07,663 - ares.registry - INFO - ℹ️ Registered step: tactician_ensemble_training
2025-12-19 08:19:07,663 - ares.registry - INFO - ℹ️ Registered step: gate_training_step
2025-12-19 08:19:07,664 - ares.registry - INFO - ℹ️ Registered step: analyst_base_backtest
[2025-12-19 08:19:07.664] ✅ Analyst base backtest step registered SUCCESS
2025-12-19 08:19:07,665 - ares.registry - INFO - ℹ️ Registered step: basic_backtesting_pre
[2025-12-19 08:19:07.665] ✅ Basic backtesting pre step registered SUCCESS
2025-12-19 08:19:07,666 - ares.registry - INFO - ℹ️ Registered step: basic_backtesting_post
[2025-12-19 08:19:07.665] ✅ Basic backtesting post step registered SUCCESS
2025-12-19 08:19:07,676 - ares.registry - INFO - ℹ️ Registered step: monte_carlo_simulation
[2025-12-19 08:19:07.676] ✅ Monte Carlo simulation step registered SUCCESS
2025-12-19 08:19:07,676 - ares.registry - INFO - ℹ️ Registered step: ab_testing
[2025-12-19 08:19:07.676] ✅ AB testing step registered SUCCESS
2025-12-19 08:19:07,677 - ares.registry - INFO - ℹ️ Registered step: reporting
[2025-12-19 08:19:07.676] ✅ Reporting step registered SUCCESS
[2025-12-19 08:19:07.680] ⚠️  M1 hardware optimization not available warning
[2025-12-19 08:19:07.680] ✅ VectorBT optimization utilities available success
2025-12-19 08:19:07,682 - ares.registry - INFO - ℹ️ Registered step: analyst_base_backtest
[2025-12-19 08:19:07.682] ✅ Analyst base backtest step registered SUCCESS
2025-12-19 08:19:07,682 - ares.registry - INFO - ℹ️ Registered step: basic_backtesting_pre
2025-12-19 08:19:07,682 - ares.registry - INFO - ℹ️ Registered step: basic_backtesting_post
2025-12-19 08:19:07,682 - ares.registry - INFO - ℹ️ Registered step: monte_carlo_simulation
2025-12-19 08:19:07,682 - ares.registry - INFO - ℹ️ Registered step: ab_testing
2025-12-19 08:19:07,682 - ares.registry - INFO - ℹ️ Registered step: reporting
2025-12-19 08:19:07,682 - ares.registry - INFO - ℹ️ Registered step: final_parameters_optimization
2025-12-19 08:19:07,682 - ares.registry - INFO - ℹ️ Registered step: real_parameters_optimization
2025-12-19 08:19:07,682 - ares.registry - INFO - ℹ️ Registered step: analyst_base_backtest
2025-12-19 08:19:07,682 - ares.registry - INFO - ℹ️ Registered step: meta_gated_backtest
2025-12-19 08:19:07,685 - sr_error_handlers - INFO - ℹ️ SR Error Handlers module initialized
2025-12-19 08:19:11,742 - src.utils.hardware.m1_memory_optimizer.M1MemoryOptimizer - INFO - ℹ️ 🧹 Moderate cleanup: 34992 objects collected
2025-12-19 08:19:13,483 - DataQualityFramework - INFO - ℹ️ ✅ Comprehensive duplicate analyzer integrated
2025-12-19 08:19:13,484 - DataQualityFramework - INFO - ℹ️ 🔧 Unified Data Quality Framework initialized (singleton)
[2025-12-19 08:19:13.484] PERFORMANCE: DataQualityFramework initialization took 0.000s
2025-12-19 08:19:13,485 - DataCleaner - INFO - ℹ️ Using klines-specific gap thresholds: {<GapType.SMALL: 'small'>: 65, <GapType.MEDIUM: 'medium'>: 300, <GapType.LARGE: 'large'>: 1800, <GapType.CRITICAL: 'critical'>: 3600}
[2025-12-19 08:19:13.485] PERFORMANCE: DataCleaner(klines) initialization took 0.000s
2025-12-19 08:19:13,485 - DataCleaner - INFO - ℹ️ Using klines-specific gap thresholds: {<GapType.SMALL: 'small'>: 65, <GapType.MEDIUM: 'medium'>: 300, <GapType.LARGE: 'large'>: 1800, <GapType.CRITICAL: 'critical'>: 3600}
[2025-12-19 08:19:13.485] PERFORMANCE: DataCleaner(klines) initialization took 0.000s
2025-12-19 08:19:13,485 - DataCleanerManager - INFO - ℹ️ 🔧 DataCleanerManager initialized (singleton)
2025-12-19 08:19:13,487 - System.AdvancedQualityMetrics - INFO - ℹ️ 📊 AdvancedQualityMetrics initialized with tolerant parameters
[2025-12-19 08:19:13.487] PERFORMANCE: AdvancedQualityMetrics initialization took 0.000s
2025-12-19 08:19:13,491 - System.DataStreamingManager - INFO - ℹ️ 🚀 DataStreamingManager initialized (singleton): chunk_size=10000, memory_threshold=0.8
[2025-12-19 08:19:13.491] PERFORMANCE: DataStreamingManager initialization took 0.000s
2025-12-19 08:19:13,492 - System.CrossStepValidator - INFO - ℹ️ 🔍 CrossStepValidator initialized with comprehensive consistency rules
2025-12-19 08:19:13,493 - DataCleaner - INFO - ℹ️ Using klines-specific gap thresholds: {<GapType.SMALL: 'small'>: 65, <GapType.MEDIUM: 'medium'>: 300, <GapType.LARGE: 'large'>: 1800, <GapType.CRITICAL: 'critical'>: 3600}
[2025-12-19 08:19:13.493] PERFORMANCE: DataCleaner(klines) initialization took 0.000s
2025-12-19 08:19:13,493 - System.UnifiedDataUtils - INFO - ℹ️ 🚀 Unified Data Utils initialized
2025-12-19 08:19:13,522 - utils.hardware.m1_gpu_utils.M1GPUManager - INFO - ℹ️ M1 GPU Manager initialized - M1: True, Generation: m1, MPS: True
2025-12-19 08:19:13,545 - utils.hardware.m1_cpu_optimizer.M1CPUOptimizer - INFO - ℹ️ 🧠 M1 CPU Optimizer initialized for M1 (4P+4E cores)
2025-12-19 08:19:13,563 - utils.matrix_operations.enhanced_operations.CustomMatrixOperationsRegistry - INFO - ℹ️ 📝 Registered custom matrix operation: gpu_condition_number
2025-12-19 08:19:13,564 - utils.matrix_operations.enhanced_operations.CustomMatrixOperationsRegistry - INFO - ℹ️ 📝 Registered custom matrix operation: gpu_matrix_rank
2025-12-19 08:19:13,564 - utils.matrix_operations.enhanced_operations.CustomMatrixOperationsRegistry - INFO - ℹ️ 📝 Registered custom matrix operation: matrix_normalize
2025-12-19 08:19:13,564 - utils.matrix_operations.enhanced_operations.CustomMatrixOperationsRegistry - INFO - ℹ️ 📝 Registered custom matrix operation: extract_matrix_features
2025-12-19 08:19:13,567 - utils.matrix_operations - INFO - ℹ️ ✅ Unified Matrix Operations module initialized
2025-12-19 08:19:13,567 - utils.matrix_operations - INFO - ℹ️ 📦 Version: 1.0.0
2025-12-19 08:19:13,567 - utils.matrix_operations - INFO - ℹ️ 🔧 Features: VectorBT optimizations, GPU acceleration, memory optimization, vectorized processing, batch operations
2025-12-19 08:19:13,567 - utils.matrix_operations - INFO - ℹ️ 🍎 Optimized for: Apple Silicon M1/M2/M3 Macs
2025-12-19 08:19:13,567 - utils.matrix_operations - INFO - ℹ️ 🚀 VectorBT optimizations enabled - expect 2-10x performance improvements
2025-12-19 08:19:13,567 - utils.matrix_operations - INFO - ℹ️ 🎯 VectorBTRollingOptimizer available - enhanced rolling operations
2025-12-19 08:19:13,567 - utils.matrix_operations - INFO - ℹ️ ⚡ UnifiedVectorizationManager available - unified vectorization operations
2025-12-19 08:19:13,584 - src.config.regime_ensemble_training.config_manager.RegimeEnsembleTrainingConfigManager - INFO - ℹ️ RegimeEnsembleTrainingConfigManager initialisé
2025-12-19 08:19:13,584 - src.config.regime_ensemble_training.config_manager.RegimeEnsembleTrainingConfigManager - INFO - ℹ️ Répertoire config: /Users/remyroche/Documents/Ares/src/config/regime_ensemble_training
2025-12-19 08:19:13,584 - src.config.regime_ensemble_training.config_manager.RegimeEnsembleTrainingConfigManager - INFO - ℹ️ Config personnalisée: None
2025-12-19 08:19:13,584 - src.config.regime_ensemble_training.config_manager.RegimeEnsembleTrainingConfigManager - INFO - ℹ️ Fallback hardcodé: True
[2025-12-19 08:19:13.584] SUCCESS: ✅ [REGIME_ENSEMBLE] ML libraries imported successfully
[2025-12-19 08:19:13.584] SUCCESS: ✅ [REGIME_ENSEMBLE] Feature generation system imported successfully
2025-12-19 08:19:13,585 - ares.registry - INFO - ℹ️ Registered step: regime_ensemble_training
[2025-12-19 08:19:13.584] ✅ Regime ensemble training step registered SUCCESS
2025-12-19 08:19:13,586 - ares.registry - INFO - ℹ️ Registered step: regime_feature_selection
✅ Mac M1 MPS GPU detected and enabled
2025-12-19 08:19:13,661 - src.training.steps.market_analysis.shared_utils.execution_mode_lookback_config - INFO - ℹ️ 🔧 Initializing Execution Mode Lookback Configuration
2025-12-19 08:19:13,662 - src.training.steps.market_analysis.shared_utils.execution_mode_lookback_config - INFO - ℹ️ ✅ Execution Mode Lookback Configuration initialized
2025-12-19 08:19:13,666 - ares.registry - INFO - ℹ️ Registered step: rolling_hmm_regime_discovery
2025-12-19 08:19:13,714 - ares.registry - INFO - ℹ️ Registered step: sr_parameter_optimization
2025-12-19 08:19:13,714 - ares.registry - INFO - ℹ️ Registered step: regime_clustering
2025-12-19 08:19:13,714 - ares.registry - INFO - ℹ️ Registered step: regime_ensemble_training
2025-12-19 08:19:13,714 - ares.registry - INFO - ℹ️ Registered step: sr_clustering
2025-12-19 08:19:13,715 - ares.registry - INFO - ℹ️ Registered step: sr_detection
2025-12-19 08:19:13,715 - ares.registry - INFO - ℹ️ Registered step: regime_feature_selection
2025-12-19 08:19:13,715 - ares.registry - INFO - ℹ️ Registered step: sticky_finite_hmm_regime_discovery
2025-12-19 08:19:13,715 - ares.registry - INFO - ℹ️ Registered step: xgb_meso_regime
2025-12-19 08:19:13,715 - ares.registry - INFO - ℹ️ Registered step: xgb_mr_trend_step
2025-12-19 08:19:13,715 - ares.registry - INFO - ℹ️ Registered step: hmm_ml_alpha_step
2025-12-19 08:19:13,715 - ares.registry - INFO - ℹ️ Registered step: xgb_macro_regime
2025-12-19 08:19:13,715 - ares.registry - INFO - ℹ️ Registered step: ml_risk_regime_step
2025-12-19 08:19:13,715 - ares.registry - INFO - ℹ️ Registered step: ml_smc_regime_step
2025-12-19 08:19:13,715 - ares.registry - INFO - ℹ️ Registered step: ml_path_regime_step
2025-12-19 08:19:13,715 - ares.registry - INFO - ℹ️ Registered step: ml_mean_reversion_step
2025-12-19 08:19:13,715 - ares.registry - INFO - ℹ️ Registered step: ml_breakout_bounce_regime_step
2025-12-19 08:19:13,715 - ares.registry - INFO - ℹ️ Registered step: ml_map_regime_step
2025-12-19 08:19:13,715 - ares.registry - INFO - ℹ️ Registered step: ml_liquidity_regime_step
2025-12-19 08:19:13,715 - ares.registry - INFO - ℹ️ Registered step: ml_volume_force_step
2025-12-19 08:19:13,715 - ares.registry - INFO - ℹ️ Registered step: feature_generation_meta_labeling_step
2025-12-19 08:19:13,715 - ares.registry - INFO - ℹ️ Registered step: sr_labeling_xgb
2025-12-19 08:19:13,715 - ares.registry - INFO - ℹ️ Registered step: meta_labeling_hpo_experiment
2025-12-19 08:19:13,716 - ares.launcher - INFO - ℹ️ Starting Simplified Ares Launcher...
2025-12-19 08:19:13,717 - ares.launcher - INFO - ℹ️ 🧹 Starting cleanup of duplicate files...
2025-12-19 08:19:13,717 - ares.launcher - INFO - ℹ️ Cleaning directory: logs (keeping 100 youngest files per group)
2025-12-19 08:19:13,718 - ares.launcher - INFO - ℹ️   Group 'unified.log': 103 files, keeping 100, deleting 3
2025-12-19 08:19:13,721 - ares.launcher - INFO - ℹ️ Cleaning directory: artifacts (keeping 3 youngest files per group)
2025-12-19 08:19:13,721 - ares.launcher - INFO - ℹ️ Cleaning directory: outcomes (keeping 3 youngest files per group)
2025-12-19 08:19:13,722 - ares.launcher - INFO - ℹ️ ✅ Cleanup complete: 3 files deleted, 0 files skipped
Registered steps:
  - feature_generation_gate_feature_step
  - feature_generation_data_validation_step
  - meta_labeling_hpo_sample_weighted
  - meta_labeling_hpo_experiment
  - sr_labeling_xgb
  - sr_labeling_xgb_weighted
  - meta_gated_backtest
  - feature_generation_final_feature_selection_step
  - feature_generation_final_validation_step
  - feature_generation_labeling_integration_step
  - feature_generation_feature_generation_step
  - feature_generation_period_lookback_optimization_step
  - feature_generation_feature_selection_step
  - feature_generation_interaction_generation_step
  - regime_aware_feature_interaction_generation_step
  - unified_models_training
  - analyst_base_training
  - analyst_ensemble_training
  - tactician_base_training
  - tactician_ensemble_training
  - gate_training_step
  - analyst_base_backtest
  - basic_backtesting_pre
  - basic_backtesting_post
  - monte_carlo_simulation
  - ab_testing
  - reporting
  - final_parameters_optimization
  - real_parameters_optimization
  - regime_ensemble_training
  - regime_feature_selection
  - rolling_hmm_regime_discovery
  - sr_parameter_optimization
  - regime_clustering
  - sr_clustering
  - sr_detection
  - sticky_finite_hmm_regime_discovery
  - xgb_meso_regime
  - xgb_mr_trend_step
  - hmm_ml_alpha_step
  - xgb_macro_regime
  - ml_risk_regime_step
  - ml_smc_regime_step
  - ml_path_regime_step
  - ml_mean_reversion_step
  - ml_breakout_bounce_regime_step
  - ml_map_regime_step
  - ml_liquidity_regime_step
  - ml_volume_force_step
  - feature_generation_meta_labeling_step
2025-12-19 08:19:13,730 - ares.registry - INFO - ℹ️ Registered step: data_download
