2025-09-02 08:37:08,373 - INFO - Processing file: src/interfaces/enhanced_event_bus.py
2025-09-02 08:37:08,374 - INFO - Performing semantic analysis...
2025-09-02 08:37:08,374 - INFO - Code quality score: 0.00
2025-09-02 08:37:08,374 - WARNING - Syntax errors found: 1
2025-09-02 08:37:08,374 - INFO - Attempting to fix syntax errors - this is the primary purpose of the fixer!
2025-09-02 08:37:08,376 - WARNING - Skipped unsafe fix: Fix would create double equals assignment
2025-09-02 08:37:08,377 - WARNING - Skipped unsafe fix: Fix would create double equals assignment
2025-09-02 08:37:08,378 - WARNING - Skipped unsafe fix: Fix would create double equals assignment
2025-09-02 08:37:08,379 - WARNING - Skipped unsafe fix: Fix would create double equals assignment
2025-09-02 08:37:08,380 - WARNING - Skipped unsafe fix: Fix would create double equals assignment
2025-09-02 08:37:08,381 - WARNING - Skipped unsafe fix: Fix would create double equals assignment
2025-09-02 08:37:08,382 - WARNING - Skipped unsafe fix: Fix would create double equals assignment
2025-09-02 08:37:08,383 - WARNING - Skipped unsafe fix: Fix would create double equals assignment
2025-09-02 08:37:08,384 - WARNING - Skipped unsafe fix: Fix would create double equals assignment
2025-09-02 08:37:08,384 - WARNING - Skipped unsafe fix: Fix would create double equals assignment
2025-09-02 08:37:08,385 - WARNING - Skipped unsafe fix: Fix would create double equals assignment
2025-09-02 08:37:08,386 - WARNING - Skipped unsafe fix: Fix would create double equals assignment
2025-09-02 08:37:08,387 - WARNING - Skipped unsafe fix: Fix would create double equals assignment
2025-09-02 08:37:08,388 - WARNING - Skipped unsafe fix: Fix would create double equals assignment
2025-09-02 08:37:08,389 - WARNING - Skipped unsafe fix: Fix would create double equals assignment
2025-09-02 08:37:08,390 - WARNING - Skipped unsafe fix: Fix would create double equals assignment
2025-09-02 08:37:08,391 - WARNING - Skipped unsafe fix: Fix would create double equals assignment
2025-09-02 08:37:08,393 - WARNING - Skipped unsafe fix: Fix would create unbalanced brackets/parentheses
2025-09-02 08:37:08,394 - WARNING - Skipped unsafe fix: Fix would create unbalanced brackets/parentheses
2025-09-02 08:37:08,395 - WARNING - Skipped unsafe fix: Fix would create double equals assignment
2025-09-02 08:37:08,397 - WARNING - Skipped unsafe fix: Fix would create double equals assignment
2025-09-02 08:37:08,398 - WARNING - Skipped unsafe fix: Fix would create double equals assignment
2025-09-02 08:37:08,399 - WARNING - Skipped unsafe fix: Fix would create double equals assignment
2025-09-02 08:37:08,400 - WARNING - Skipped unsafe fix: Fix would create double equals assignment
2025-09-02 08:37:08,404 - WARNING - Skipped unsafe fix: Fix would create dangerous pattern: ^\s*:\s*$
2025-09-02 08:37:08,405 - WARNING - Skipped unsafe fix: Fix would create dangerous pattern: ^\s*:\s*$
2025-09-02 08:37:08,405 - WARNING - Skipped unsafe fix: Fix would create dangerous pattern: ^\s*:\s*$
2025-09-02 08:37:08,410 - WARNING - Skipped unsafe fix: Fix would create double equals assignment
2025-09-02 08:37:08,414 - INFO - No fixes needed for: src/interfaces/enhanced_event_bus.py
