2025-09-02 08:20:38,296 - INFO - Processing file: src/utils/data_quality_decorators.py
2025-09-02 08:20:38,296 - INFO - Performing semantic analysis...
2025-09-02 08:20:38,297 - INFO - Code quality score: 0.00
2025-09-02 08:20:38,297 - WARNING - Syntax errors found: 1
2025-09-02 08:20:38,297 - INFO - Attempting to fix syntax errors - this is the primary purpose of the fixer!
2025-09-02 08:20:38,298 - WARNING - Skipped unsafe fix: Fix would create double equals assignment
2025-09-02 08:20:38,299 - WARNING - Skipped unsafe fix: Fix would create double equals assignment
2025-09-02 08:20:38,300 - WARNING - Skipped unsafe fix: Fix would create double equals assignment
2025-09-02 08:20:38,301 - WARNING - Skipped unsafe fix: Fix would create double equals assignment
2025-09-02 08:20:38,301 - WARNING - Skipped unsafe fix: Fix would create double equals assignment
2025-09-02 08:20:38,303 - WARNING - Skipped unsafe fix: Fix would create double equals assignment
2025-09-02 08:20:38,303 - WARNING - Skipped unsafe fix: Fix would create double equals assignment
2025-09-02 08:20:38,304 - WARNING - Skipped unsafe fix: Fix would create double equals assignment
2025-09-02 08:20:38,305 - WARNING - Skipped unsafe fix: Fix would create double equals assignment
2025-09-02 08:20:38,306 - WARNING - Skipped unsafe fix: Fix would create double equals assignment
2025-09-02 08:20:38,307 - WARNING - Skipped unsafe fix: Fix would create double equals assignment
2025-09-02 08:20:38,308 - WARNING - Skipped unsafe fix: Fix would create double equals assignment
2025-09-02 08:20:38,309 - WARNING - Skipped unsafe fix: Fix would create double equals assignment
2025-09-02 08:20:38,310 - WARNING - Skipped unsafe fix: Fix would create double equals assignment
2025-09-02 08:20:38,311 - WARNING - Skipped unsafe fix: Fix would create double equals assignment
2025-09-02 08:20:38,312 - WARNING - Skipped unsafe fix: Fix would create double equals assignment
2025-09-02 08:20:38,313 - WARNING - Skipped unsafe fix: Fix would create double equals assignment
2025-09-02 08:20:38,315 - WARNING - Skipped unsafe fix: Fix would create double equals assignment
2025-09-02 08:20:38,316 - WARNING - Skipped unsafe fix: Fix would create double equals assignment
2025-09-02 08:20:38,320 - WARNING - Skipped unsafe fix: Fix would create dangerous pattern: ^\s*:\s*$
2025-09-02 08:20:38,321 - WARNING - Skipped unsafe fix: Fix would create dangerous pattern: ^\s*:\s*$
2025-09-02 08:20:38,321 - WARNING - Skipped unsafe fix: Fix would create dangerous pattern: ^\s*:\s*$
2025-09-02 08:20:38,321 - WARNING - Skipped unsafe fix: Fix would create dangerous pattern: ^\s*:\s*$
2025-09-02 08:20:38,325 - WARNING - Skipped unsafe fix: Fix would create double equals assignment
2025-09-02 08:20:38,329 - INFO - No fixes needed for: src/utils/data_quality_decorators.py
