2025-09-02 07:56:49,244 - INFO - Processing file: src/training/core/stage_context.py
2025-09-02 07:56:49,244 - INFO - Performing semantic analysis...
2025-09-02 07:56:49,244 - INFO - Code quality score: 0.00
2025-09-02 07:56:49,244 - WARNING - Syntax errors found: 1
2025-09-02 07:56:49,244 - INFO - Attempting to fix syntax errors - this is the primary purpose of the fixer!
2025-09-02 07:56:49,245 - WARNING - Skipped unsafe fix: Fix would create unbalanced brackets/parentheses
2025-09-02 07:56:49,246 - WARNING - Skipped unsafe fix: Fix would create unbalanced brackets/parentheses
2025-09-02 07:56:49,247 - WARNING - Skipped unsafe fix: Fix would create unbalanced brackets/parentheses
2025-09-02 07:56:49,248 - WARNING - Skipped unsafe fix: Fix would create unbalanced brackets/parentheses
2025-09-02 07:56:49,249 - WARNING - Skipped unsafe fix: Fix would create unbalanced brackets/parentheses
2025-09-02 07:56:49,250 - WARNING - Skipped unsafe fix: Fix would create unbalanced brackets/parentheses
2025-09-02 07:56:49,251 - WARNING - Skipped unsafe fix: Fix would create unbalanced brackets/parentheses
2025-09-02 07:56:49,252 - WARNING - Skipped unsafe fix: Fix would create unbalanced brackets/parentheses
2025-09-02 07:56:49,253 - WARNING - Skipped unsafe fix: Fix would create unbalanced brackets/parentheses
2025-09-02 07:56:49,254 - WARNING - Skipped unsafe fix: Fix would create unbalanced brackets/parentheses
2025-09-02 07:56:49,255 - WARNING - Skipped unsafe fix: Fix would create unbalanced brackets/parentheses
2025-09-02 07:56:49,257 - WARNING - Skipped unsafe fix: Fix would create unbalanced brackets/parentheses
2025-09-02 07:56:49,258 - WARNING - Skipped unsafe fix: Fix would create unbalanced brackets/parentheses
2025-09-02 07:56:49,260 - WARNING - Skipped unsafe fix: Fix would create unbalanced brackets/parentheses
2025-09-02 07:56:49,261 - WARNING - Skipped unsafe fix: Fix would create unbalanced brackets/parentheses
2025-09-02 07:56:49,267 - WARNING - Skipped unsafe fix: Fix would create unbalanced brackets/parentheses
2025-09-02 07:56:49,267 - WARNING - Skipped unsafe fix: Fix would create dangerous pattern: ^\s*:\s*$
2025-09-02 07:56:49,268 - WARNING - Skipped unsafe fix: Fix would create dangerous pattern: ^\s*:\s*$
2025-09-02 07:56:49,275 - WARNING - Skipped unsafe fix: Fix would create unbalanced brackets/parentheses
2025-09-02 07:56:49,280 - INFO - No fixes needed for: src/training/core/stage_context.py
