2025-09-02 08:35:24,999 - INFO - Processing file: src/utils/feature_output_validator.py
2025-09-02 08:35:24,999 - INFO - Performing semantic analysis...
2025-09-02 08:35:25,000 - INFO - Code quality score: 0.00
2025-09-02 08:35:25,000 - WARNING - Syntax errors found: 1
2025-09-02 08:35:25,000 - INFO - Attempting to fix syntax errors - this is the primary purpose of the fixer!
2025-09-02 08:35:25,002 - WARNING - Skipped unsafe fix: Fix would create double equals assignment
2025-09-02 08:35:25,004 - WARNING - Skipped unsafe fix: Fix would create double equals assignment
2025-09-02 08:35:25,006 - WARNING - Skipped unsafe fix: Fix would create double equals assignment
2025-09-02 08:35:25,008 - WARNING - Skipped unsafe fix: Fix would create double equals assignment
2025-09-02 08:35:25,010 - WARNING - Skipped unsafe fix: Fix would create double equals assignment
2025-09-02 08:35:25,013 - WARNING - Skipped unsafe fix: Fix would create double equals assignment
2025-09-02 08:35:25,014 - WARNING - Skipped unsafe fix: Fix would create double equals assignment
2025-09-02 08:35:25,016 - WARNING - Skipped unsafe fix: Fix would create double equals assignment
2025-09-02 08:35:25,019 - WARNING - Skipped unsafe fix: Fix would create double equals assignment
2025-09-02 08:35:25,021 - WARNING - Skipped unsafe fix: Fix would create double equals assignment
2025-09-02 08:35:25,023 - WARNING - Skipped unsafe fix: Fix would create double equals assignment
2025-09-02 08:35:25,026 - WARNING - Skipped unsafe fix: Fix would create double equals assignment
2025-09-02 08:35:25,028 - WARNING - Skipped unsafe fix: Fix would create double equals assignment
2025-09-02 08:35:25,030 - WARNING - Skipped unsafe fix: Fix would create double equals assignment
2025-09-02 08:35:25,033 - WARNING - Skipped unsafe fix: Fix would create double equals assignment
2025-09-02 08:35:25,036 - WARNING - Skipped unsafe fix: Fix would create double equals assignment
2025-09-02 08:35:25,038 - WARNING - Skipped unsafe fix: Fix would create double equals assignment
2025-09-02 08:35:25,040 - WARNING - Skipped unsafe fix: Fix would create double equals assignment
2025-09-02 08:35:25,042 - WARNING - Skipped unsafe fix: Fix would create double equals assignment
2025-09-02 08:35:25,047 - WARNING - Skipped unsafe fix: Fix would create dangerous pattern: ^\s*:\s*$
2025-09-02 08:35:25,047 - WARNING - Skipped unsafe fix: Fix would create dangerous pattern: ^\s*:\s*$
2025-09-02 08:35:25,048 - WARNING - Skipped unsafe fix: Fix would create dangerous pattern: ^\s*:\s*$
2025-09-02 08:35:25,055 - WARNING - Skipped unsafe fix: Fix would create double equals assignment
2025-09-02 08:35:25,062 - INFO - No fixes needed for: src/utils/feature_output_validator.py
