2025-09-02 09:08:31,366 - INFO - Processing file: src/tactician/position_division_strategy.py
2025-09-02 09:08:31,366 - INFO - Performing semantic analysis...
2025-09-02 09:08:31,367 - INFO - Code quality score: 0.00
2025-09-02 09:08:31,367 - WARNING - Syntax errors found: 1
2025-09-02 09:08:31,367 - INFO - Attempting to fix syntax errors - this is the primary purpose of the fixer!
2025-09-02 09:08:31,369 - WARNING - Skipped unsafe fix: Fix would create double equals assignment
2025-09-02 09:08:31,371 - WARNING - Skipped unsafe fix: Fix would create double equals assignment
2025-09-02 09:08:31,373 - WARNING - Skipped unsafe fix: Fix would create double equals assignment
2025-09-02 09:08:31,375 - WARNING - Skipped unsafe fix: Fix would create double equals assignment
2025-09-02 09:08:31,377 - WARNING - Skipped unsafe fix: Fix would create double equals assignment
2025-09-02 09:08:31,379 - WARNING - Skipped unsafe fix: Fix would create double equals assignment
2025-09-02 09:08:31,381 - WARNING - Skipped unsafe fix: Fix would create double equals assignment
2025-09-02 09:08:31,383 - WARNING - Skipped unsafe fix: Fix would create double equals assignment
2025-09-02 09:08:31,386 - WARNING - Skipped unsafe fix: Fix would create double equals assignment
2025-09-02 09:08:31,388 - WARNING - Skipped unsafe fix: Fix would create double equals assignment
2025-09-02 09:08:31,390 - WARNING - Skipped unsafe fix: Fix would create double equals assignment
2025-09-02 09:08:31,392 - WARNING - Skipped unsafe fix: Fix would create double equals assignment
2025-09-02 09:08:31,394 - WARNING - Skipped unsafe fix: Fix would create double equals assignment
2025-09-02 09:08:31,395 - WARNING - Skipped unsafe fix: Fix would create unbalanced brackets/parentheses
2025-09-02 09:08:31,396 - WARNING - Skipped unsafe fix: Fix would create unbalanced brackets/parentheses
2025-09-02 09:08:31,398 - WARNING - Skipped unsafe fix: Fix would create double equals assignment
2025-09-02 09:08:31,402 - WARNING - Skipped unsafe fix: Fix would create double equals assignment
2025-09-02 09:08:31,403 - WARNING - Skipped unsafe fix: Fix would create dangerous pattern: ^\s*:\s*$
2025-09-02 09:08:31,407 - WARNING - Skipped unsafe fix: Fix would create double equals assignment
2025-09-02 09:08:31,409 - INFO - No fixes needed for: src/tactician/position_division_strategy.py
