2025-09-02 08:21:23,739 - INFO - Processing file: src/utils/enhanced_validation_decorators.py
2025-09-02 08:21:23,739 - INFO - Performing semantic analysis...
2025-09-02 08:21:23,740 - INFO - Code quality score: 0.00
2025-09-02 08:21:23,740 - WARNING - Syntax errors found: 1
2025-09-02 08:21:23,740 - INFO - Attempting to fix syntax errors - this is the primary purpose of the fixer!
2025-09-02 08:21:23,741 - WARNING - Skipped unsafe fix: Fix would create unbalanced brackets/parentheses
2025-09-02 08:21:23,741 - WARNING - Skipped unsafe fix: Fix would create unbalanced brackets/parentheses
2025-09-02 08:21:23,742 - WARNING - Skipped unsafe fix: Fix would create unbalanced brackets/parentheses
2025-09-02 08:21:23,743 - WARNING - Skipped unsafe fix: Fix would create unbalanced brackets/parentheses
2025-09-02 08:21:23,743 - WARNING - Skipped unsafe fix: Fix would create unbalanced brackets/parentheses
2025-09-02 08:21:23,744 - WARNING - Skipped unsafe fix: Fix would create unbalanced brackets/parentheses
2025-09-02 08:21:23,745 - WARNING - Skipped unsafe fix: Fix would create unbalanced brackets/parentheses
2025-09-02 08:21:23,746 - WARNING - Skipped unsafe fix: Fix would create unbalanced brackets/parentheses
2025-09-02 08:21:23,746 - WARNING - Skipped unsafe fix: Fix would create unbalanced brackets/parentheses
2025-09-02 08:21:23,747 - WARNING - Skipped unsafe fix: Fix would create unbalanced brackets/parentheses
2025-09-02 08:21:23,748 - WARNING - Skipped unsafe fix: Fix would create unbalanced brackets/parentheses
2025-09-02 08:21:23,748 - WARNING - Skipped unsafe fix: Fix would create unbalanced brackets/parentheses
2025-09-02 08:21:23,749 - WARNING - Skipped unsafe fix: Fix would create unbalanced brackets/parentheses
2025-09-02 08:21:23,750 - WARNING - Skipped unsafe fix: Fix would create unbalanced brackets/parentheses
2025-09-02 08:21:23,751 - WARNING - Skipped unsafe fix: Fix would create unbalanced brackets/parentheses
2025-09-02 08:21:23,752 - WARNING - Skipped unsafe fix: Fix would create unbalanced brackets/parentheses
2025-09-02 08:21:23,752 - WARNING - Skipped unsafe fix: Fix would create unbalanced brackets/parentheses
2025-09-02 08:21:23,754 - WARNING - Skipped unsafe fix: Fix would create unbalanced brackets/parentheses
2025-09-02 08:21:23,760 - WARNING - Skipped unsafe fix: Fix would create unbalanced brackets/parentheses
2025-09-02 08:21:23,760 - WARNING - Skipped unsafe fix: Fix would create dangerous pattern: ^\s*:\s*$
2025-09-02 08:21:23,761 - WARNING - Skipped unsafe fix: Fix would create unbalanced brackets/parentheses
2025-09-02 08:21:23,761 - WARNING - Skipped unsafe fix: Fix would create dangerous pattern: ^\s*:\s*$
2025-09-02 08:21:23,765 - WARNING - Skipped unsafe fix: Fix would create unbalanced brackets/parentheses
2025-09-02 08:21:23,769 - INFO - No fixes needed for: src/utils/enhanced_validation_decorators.py
