2025-09-02 08:17:51,418 - INFO - Processing file: src/utils/model_manager.py
2025-09-02 08:17:51,418 - INFO - Performing semantic analysis...
2025-09-02 08:17:51,419 - INFO - Code quality score: 0.00
2025-09-02 08:17:51,419 - WARNING - Syntax errors found: 1
2025-09-02 08:17:51,419 - INFO - Attempting to fix syntax errors - this is the primary purpose of the fixer!
2025-09-02 08:17:51,420 - WARNING - Skipped unsafe fix: Fix would create double equals assignment
2025-09-02 08:17:51,421 - WARNING - Skipped unsafe fix: Fix would create double equals assignment
2025-09-02 08:17:51,422 - WARNING - Skipped unsafe fix: Fix would create double equals assignment
2025-09-02 08:17:51,422 - WARNING - Skipped unsafe fix: Fix would create double equals assignment
2025-09-02 08:17:51,423 - WARNING - Skipped unsafe fix: Fix would create double equals assignment
2025-09-02 08:17:51,423 - WARNING - Skipped unsafe fix: Fix would create double equals assignment
2025-09-02 08:17:51,424 - WARNING - Skipped unsafe fix: Fix would create double equals assignment
2025-09-02 08:17:51,425 - WARNING - Skipped unsafe fix: Fix would create double equals assignment
2025-09-02 08:17:51,425 - WARNING - Skipped unsafe fix: Fix would create double equals assignment
2025-09-02 08:17:51,426 - WARNING - Skipped unsafe fix: Fix would create double equals assignment
2025-09-02 08:17:51,427 - WARNING - Skipped unsafe fix: Fix would create double equals assignment
2025-09-02 08:17:51,428 - WARNING - Skipped unsafe fix: Fix would create double equals assignment
2025-09-02 08:17:51,428 - WARNING - Skipped unsafe fix: Fix would create double equals assignment
2025-09-02 08:17:51,429 - WARNING - Skipped unsafe fix: Fix would create double equals assignment
2025-09-02 08:17:51,431 - WARNING - Skipped unsafe fix: Fix would create unbalanced brackets/parentheses
2025-09-02 08:17:51,432 - WARNING - Skipped unsafe fix: Fix would create unbalanced brackets/parentheses
2025-09-02 08:17:51,432 - WARNING - Skipped unsafe fix: Fix would create double equals assignment
2025-09-02 08:17:51,434 - WARNING - Skipped unsafe fix: Fix would create double equals assignment
2025-09-02 08:17:51,437 - WARNING - Skipped unsafe fix: Fix would create double equals assignment
2025-09-02 08:17:51,438 - WARNING - Skipped unsafe fix: Fix would create double equals assignment
2025-09-02 08:17:51,438 - WARNING - Skipped unsafe fix: Fix would create dangerous pattern: ^\s*:\s*$
2025-09-02 08:17:51,441 - WARNING - Skipped unsafe fix: Fix would create double equals assignment
2025-09-02 08:17:51,443 - INFO - No fixes needed for: src/utils/model_manager.py
