2025-09-02 08:36:28,156 - INFO - Processing file: src/utils/data_loader.py
2025-09-02 08:36:28,157 - INFO - Performing semantic analysis...
2025-09-02 08:36:28,157 - INFO - Code quality score: 0.00
2025-09-02 08:36:28,157 - WARNING - Syntax errors found: 1
2025-09-02 08:36:28,157 - INFO - Attempting to fix syntax errors - this is the primary purpose of the fixer!
2025-09-02 08:36:28,158 - WARNING - Skipped unsafe fix: Fix would create double equals assignment
2025-09-02 08:36:28,159 - WARNING - Skipped unsafe fix: Fix would create double equals assignment
2025-09-02 08:36:28,160 - WARNING - Skipped unsafe fix: Fix would create double equals assignment
2025-09-02 08:36:28,160 - WARNING - Skipped unsafe fix: Fix would create double equals assignment
2025-09-02 08:36:28,161 - WARNING - Skipped unsafe fix: Fix would create double equals assignment
2025-09-02 08:36:28,162 - WARNING - Skipped unsafe fix: Fix would create double equals assignment
2025-09-02 08:36:28,162 - WARNING - Skipped unsafe fix: Fix would create double equals assignment
2025-09-02 08:36:28,163 - WARNING - Skipped unsafe fix: Fix would create double equals assignment
2025-09-02 08:36:28,164 - WARNING - Skipped unsafe fix: Fix would create double equals assignment
2025-09-02 08:36:28,164 - WARNING - Skipped unsafe fix: Fix would create double equals assignment
2025-09-02 08:36:28,165 - WARNING - Skipped unsafe fix: Fix would create double equals assignment
2025-09-02 08:36:28,166 - WARNING - Skipped unsafe fix: Fix would create double equals assignment
2025-09-02 08:36:28,167 - WARNING - Skipped unsafe fix: Fix would create double equals assignment
2025-09-02 08:36:28,168 - WARNING - Skipped unsafe fix: Fix would create double equals assignment
2025-09-02 08:36:28,168 - WARNING - Skipped unsafe fix: Fix would create double equals assignment
2025-09-02 08:36:28,170 - WARNING - Skipped unsafe fix: Fix would create double equals assignment
2025-09-02 08:36:28,173 - WARNING - Skipped unsafe fix: Fix would create dangerous pattern: ^\s*:\s*$
2025-09-02 08:36:28,173 - WARNING - Skipped unsafe fix: Fix would create dangerous pattern: ^\s*:\s*$
2025-09-02 08:36:28,174 - WARNING - Skipped unsafe fix: Fix would create double equals assignment
2025-09-02 08:36:28,175 - WARNING - Skipped unsafe fix: Fix would create double equals assignment
2025-09-02 08:36:28,177 - WARNING - Skipped unsafe fix: Fix would create double equals assignment
2025-09-02 08:36:28,179 - INFO - No fixes needed for: src/utils/data_loader.py
