2025-09-02 08:37:10,378 - INFO - Processing file: src/interfaces/enhanced_event_bus.py
2025-09-02 08:37:10,378 - INFO - Performing semantic analysis...
2025-09-02 08:37:10,379 - INFO - Code quality score: 0.00
2025-09-02 08:37:10,379 - WARNING - Syntax errors found: 1
2025-09-02 08:37:10,379 - INFO - Attempting to fix syntax errors - this is the primary purpose of the fixer!
2025-09-02 08:37:10,380 - WARNING - Skipped unsafe fix: Fix would create double equals assignment
2025-09-02 08:37:10,381 - WARNING - Skipped unsafe fix: Fix would create double equals assignment
2025-09-02 08:37:10,382 - WARNING - Skipped unsafe fix: Fix would create double equals assignment
2025-09-02 08:37:10,383 - WARNING - Skipped unsafe fix: Fix would create double equals assignment
2025-09-02 08:37:10,384 - WARNING - Skipped unsafe fix: Fix would create double equals assignment
2025-09-02 08:37:10,385 - WARNING - Skipped unsafe fix: Fix would create double equals assignment
2025-09-02 08:37:10,386 - WARNING - Skipped unsafe fix: Fix would create double equals assignment
2025-09-02 08:37:10,387 - WARNING - Skipped unsafe fix: Fix would create double equals assignment
2025-09-02 08:37:10,388 - WARNING - Skipped unsafe fix: Fix would create double equals assignment
2025-09-02 08:37:10,389 - WARNING - Skipped unsafe fix: Fix would create double equals assignment
2025-09-02 08:37:10,390 - WARNING - Skipped unsafe fix: Fix would create double equals assignment
2025-09-02 08:37:10,391 - WARNING - Skipped unsafe fix: Fix would create double equals assignment
2025-09-02 08:37:10,392 - WARNING - Skipped unsafe fix: Fix would create double equals assignment
2025-09-02 08:37:10,393 - WARNING - Skipped unsafe fix: Fix would create double equals assignment
2025-09-02 08:37:10,394 - WARNING - Skipped unsafe fix: Fix would create double equals assignment
2025-09-02 08:37:10,395 - WARNING - Skipped unsafe fix: Fix would create double equals assignment
2025-09-02 08:37:10,396 - WARNING - Skipped unsafe fix: Fix would create double equals assignment
2025-09-02 08:37:10,398 - WARNING - Skipped unsafe fix: Fix would create unbalanced brackets/parentheses
2025-09-02 08:37:10,399 - WARNING - Skipped unsafe fix: Fix would create unbalanced brackets/parentheses
2025-09-02 08:37:10,400 - WARNING - Skipped unsafe fix: Fix would create double equals assignment
2025-09-02 08:37:10,401 - WARNING - Skipped unsafe fix: Fix would create double equals assignment
2025-09-02 08:37:10,403 - WARNING - Skipped unsafe fix: Fix would create double equals assignment
2025-09-02 08:37:10,404 - WARNING - Skipped unsafe fix: Fix would create double equals assignment
2025-09-02 08:37:10,404 - WARNING - Skipped unsafe fix: Fix would create double equals assignment
2025-09-02 08:37:10,409 - WARNING - Skipped unsafe fix: Fix would create dangerous pattern: ^\s*:\s*$
2025-09-02 08:37:10,409 - WARNING - Skipped unsafe fix: Fix would create dangerous pattern: ^\s*:\s*$
2025-09-02 08:37:10,410 - WARNING - Skipped unsafe fix: Fix would create dangerous pattern: ^\s*:\s*$
2025-09-02 08:37:10,414 - WARNING - Skipped unsafe fix: Fix would create double equals assignment
2025-09-02 08:37:10,419 - INFO - No fixes needed for: src/interfaces/enhanced_event_bus.py
