2025-09-02 07:56:45,925 - INFO - Processing file: src/training/core/pipeline_orchestrator.py
2025-09-02 07:56:45,925 - INFO - Performing semantic analysis...
2025-09-02 07:56:45,925 - INFO - Code quality score: 0.00
2025-09-02 07:56:45,925 - WARNING - Syntax errors found: 1
2025-09-02 07:56:45,925 - INFO - Attempting to fix syntax errors - this is the primary purpose of the fixer!
2025-09-02 07:56:45,927 - WARNING - Skipped unsafe fix: Fix would create unbalanced brackets/parentheses
2025-09-02 07:56:45,928 - WARNING - Skipped unsafe fix: Fix would create unbalanced brackets/parentheses
2025-09-02 07:56:45,929 - WARNING - Skipped unsafe fix: Fix would create unbalanced brackets/parentheses
2025-09-02 07:56:45,930 - WARNING - Skipped unsafe fix: Fix would create unbalanced brackets/parentheses
2025-09-02 07:56:45,930 - WARNING - Skipped unsafe fix: Fix would create unbalanced brackets/parentheses
2025-09-02 07:56:45,931 - WARNING - Skipped unsafe fix: Fix would create unbalanced brackets/parentheses
2025-09-02 07:56:45,932 - WARNING - Skipped unsafe fix: Fix would create unbalanced brackets/parentheses
2025-09-02 07:56:45,933 - WARNING - Skipped unsafe fix: Fix would create unbalanced brackets/parentheses
2025-09-02 07:56:45,934 - WARNING - Skipped unsafe fix: Fix would create unbalanced brackets/parentheses
2025-09-02 07:56:45,935 - WARNING - Skipped unsafe fix: Fix would create unbalanced brackets/parentheses
2025-09-02 07:56:45,936 - WARNING - Skipped unsafe fix: Fix would create unbalanced brackets/parentheses
2025-09-02 07:56:45,938 - WARNING - Skipped unsafe fix: Fix would create unbalanced brackets/parentheses
2025-09-02 07:56:45,939 - WARNING - Skipped unsafe fix: Fix would create unbalanced brackets/parentheses
2025-09-02 07:56:45,942 - WARNING - Skipped unsafe fix: Fix would create unbalanced brackets/parentheses
2025-09-02 07:56:45,943 - WARNING - Skipped unsafe fix: Fix would create unbalanced brackets/parentheses
2025-09-02 07:56:45,949 - WARNING - Skipped unsafe fix: Fix would create unbalanced brackets/parentheses
2025-09-02 07:56:45,950 - WARNING - Skipped unsafe fix: Fix would create dangerous pattern: ^\s*:\s*$
2025-09-02 07:56:45,950 - WARNING - Skipped unsafe fix: Fix would create dangerous pattern: ^\s*:\s*$
2025-09-02 07:56:45,958 - WARNING - Skipped unsafe fix: Fix would create unbalanced brackets/parentheses
2025-09-02 07:56:45,963 - INFO - No fixes needed for: src/training/core/pipeline_orchestrator.py
