2025-09-02 09:09:47,753 - INFO - Processing file: src/tactician/leverage_sizer.py
2025-09-02 09:09:47,753 - INFO - Performing semantic analysis...
2025-09-02 09:09:47,753 - INFO - Code quality score: 0.00
2025-09-02 09:09:47,753 - WARNING - Syntax errors found: 1
2025-09-02 09:09:47,753 - INFO - Attempting to fix syntax errors - this is the primary purpose of the fixer!
2025-09-02 09:09:47,756 - WARNING - Skipped unsafe fix: Fix would create double equals assignment
2025-09-02 09:09:47,757 - WARNING - Skipped unsafe fix: Fix would create double equals assignment
2025-09-02 09:09:47,759 - WARNING - Skipped unsafe fix: Fix would create double equals assignment
2025-09-02 09:09:47,761 - WARNING - Skipped unsafe fix: Fix would create double equals assignment
2025-09-02 09:09:47,763 - WARNING - Skipped unsafe fix: Fix would create double equals assignment
2025-09-02 09:09:47,765 - WARNING - Skipped unsafe fix: Fix would create double equals assignment
2025-09-02 09:09:47,766 - WARNING - Skipped unsafe fix: Fix would create double equals assignment
2025-09-02 09:09:47,768 - WARNING - Skipped unsafe fix: Fix would create double equals assignment
2025-09-02 09:09:47,770 - WARNING - Skipped unsafe fix: Fix would create double equals assignment
2025-09-02 09:09:47,772 - WARNING - Skipped unsafe fix: Fix would create double equals assignment
2025-09-02 09:09:47,774 - WARNING - Skipped unsafe fix: Fix would create double equals assignment
2025-09-02 09:09:47,776 - WARNING - Skipped unsafe fix: Fix would create double equals assignment
2025-09-02 09:09:47,778 - WARNING - Skipped unsafe fix: Fix would create double equals assignment
2025-09-02 09:09:47,779 - WARNING - Skipped unsafe fix: Fix would create double equals assignment
2025-09-02 09:09:47,782 - WARNING - Skipped unsafe fix: Fix would create double equals assignment
2025-09-02 09:09:47,788 - WARNING - Skipped unsafe fix: Fix would create double equals assignment
2025-09-02 09:09:47,788 - WARNING - Skipped unsafe fix: Fix would create dangerous pattern: ^\s*:\s*$
2025-09-02 09:09:47,788 - WARNING - Skipped unsafe fix: Fix would create dangerous pattern: ^\s*:\s*$
2025-09-02 09:09:47,798 - WARNING - Skipped unsafe fix: Fix would create double equals assignment
2025-09-02 09:09:47,801 - INFO - No fixes needed for: src/tactician/leverage_sizer.py
