[2025-11-02 17:41:49.287] PERFORMANCE: DataQualityFramework initialization took 0.000s
Warning: Could not import KlinesDataProcessingPipeline: cannot import name 'BaseStep' from partially initialized module 'src.training.steps.base_step' (most likely due to a circular import) (/Users/remyroche/Documents/Ares/src/training/steps/base_step.py)
[2025-11-02 17:41:49.290] PERFORMANCE: DataCleaner(klines) initialization took 0.000s
[2025-11-02 17:41:49.290] PERFORMANCE: DataCleaner(klines) initialization took 0.000s
[2025-11-02 17:41:49.784] PERFORMANCE: AdvancedQualityMetrics initialization took 0.000s
[2025-11-02 17:41:49.862] DEBUG: 🔧 [features_common.utils] Initializing common utilities module
[2025-11-02 17:41:49.862] SUCCESS: ✅ [features_common.utils] Math validation utilities loaded
[2025-11-02 17:41:49.862] DEBUG: 🔧 [features_common.utils] Common utilities module initialized
[2025-11-02 17:41:52.728] DEBUG: 🔧 [transforms] Module initialized with 11 exports
[2025-11-02 17:41:52.729] DEBUG: 🔧 [optimization] Module initialized with 6 exports
[2025-11-02 17:41:52.729] DEBUG: 🔧 [registry] Module initialized with BaseFeatureRegistry
[2025-11-02 17:41:52.732] DEBUG: 🚀 [features_common] Enhanced module initialized with 59 exports
[2025-11-02 17:41:52.732] SUCCESS: ✅ [features_common] All optimizations enabled by default
[2025-11-02 17:41:52.732] INFO: 🔧 [features_common] VectorBT integration available
[2025-11-02 17:41:52.732] PERFORMANCE: 📊 [features_common] Performance monitoring enabled
[2025-11-02 17:41:52.732] WARNING: 💾 [features_common] Intelligent caching active
[2025-11-02 17:41:52.732] PERFORMANCE: DataStreamingManager initialization took 0.000s
[2025-11-02 17:41:52.764] ✅ Custom logger available for MLCommon.ConfidenceMetrics
[2025-11-02 17:41:52.765] ✅ Custom logger available for MLCommon.ModelExplanations
[2025-11-02 17:41:53.419] ✅ Custom logger available for MLCommon.ModelRegistry
[2025-11-02 17:41:53.419] ✅ Custom logger available for MLCommon.ModelExplainability
[2025-11-02 17:41:53.476] ✅ Custom logger available for MLCommon.CV
[2025-11-02 17:41:53.478] ✅ Custom logger available for MLCommon.ValidationUtils
[2025-11-02 17:41:53.482] ✅ Custom logger available for MLCommon.HPOUtils
[2025-11-02 17:41:54.021] 🔧 Initializing AutoOptimizationConfig...
[2025-11-02 17:41:54.021] 📝 Setting up conservative optimization settings...
[2025-11-02 17:41:54.021] ✅ Conservative settings configured
[2025-11-02 17:41:54.021] 📝 Setting up balanced optimization settings...
[2025-11-02 17:41:54.021] ✅ Balanced settings configured
[2025-11-02 17:41:54.021] 📝 Setting up aggressive optimization settings...
[2025-11-02 17:41:54.021] ✅ Aggressive settings configured
[2025-11-02 17:41:54.021] 🎯 AutoOptimizationConfig initialized with balanced strategy
[2025-11-02 17:41:54.021] ✅ Auto-optimization enabled for FeatureBank (default)
[2025-11-02 17:41:54.080] 🚀 Initializing Unified Vectorization Manager...
[2025-11-02 17:41:54.080] 🔄 Initializing optimization components...
[2025-11-02 17:41:54.080] 🔄 Initializing optimization components...
[2025-11-02 17:41:54.080] 🔄 Loading VectorBTRollingOptimizer...
[2025-11-02 17:41:54.080] ✅ VectorBTRollingOptimizer loaded
[2025-11-02 17:41:54.080] 🔄 Loading vectorized backtesting...
[2025-11-02 17:41:54.081] ✅ Vectorized backtesting loaded
[2025-11-02 17:41:54.081] 🔄 Loading VectorBT backtesting engine...
[2025-11-02 17:41:54.083] ✅ VectorBT backtesting engine loaded
[2025-11-02 17:41:54.083] 🔄 Loading VectorBT financial metrics...
[2025-11-02 17:41:54.084] ✅ VectorBT financial metrics loaded
[2025-11-02 17:41:54.084] 🔄 Loading VectorBT portfolio optimization...
[2025-11-02 17:41:54.087] ✅ VectorBT portfolio optimization loaded
[2025-11-02 17:41:54.087] 🔄 Loading matrix cross-validation...
[2025-11-02 17:41:54.260] ✅ Matrix cross-validation loaded
[2025-11-02 17:41:54.260] 🔄 Loading feature importance analyzer...
[2025-11-02 17:41:54.275] ✅ Custom logger available for MLCommon.ThreadGuard
[2025-11-02 17:41:54.275] ✅ threadpoolctl available for thread management
[2025-11-02 17:41:54.275] ✅ Custom logger available for MLCommon.BaseSafeguards
[2025-11-02 17:41:54.277] ✅ Scikit-learn available for thresholding functionality
[2025-11-02 17:41:54.277] ✅ Custom logger available for FeatureSelection.BaseFramework
[2025-11-02 17:41:54.277] ✅ Custom logger available for FeatureSelection.DataValidation
[2025-11-02 17:41:54.278] ✅ Vectorization utilities available for feature selection
[2025-11-02 17:41:54.278] ✅ Custom logger available for FeatureSelection.SelectionMethods
[2025-11-02 17:41:54.309] ✅ Custom logger available for FeatureSelection.StabilityAnalysis
[2025-11-02 17:41:54.309] ✅ Custom logger available for FeatureSelection.PerformanceMonitoring
[2025-11-02 17:41:54.309] ✅ Custom logger available for FeatureSelection.QualityMetrics
[2025-11-02 17:41:54.310] ✅ Custom logger available for FeatureSelection.TemporalAnalysis
[2025-11-02 17:41:54.310] ✅ Custom logger available for FeatureSelection.CausalAnalysis
[2025-11-02 17:41:54.313] ✅ Custom logger available for FeatureSelection.MainFramework
[2025-11-02 17:41:54.330] 🔍 FeatureImportanceAnalyzer initialized with methods: ['random_forest', 'lasso', 'mutual_info']
[2025-11-02 17:41:54.330] ✅ Feature importance analyzer loaded
[2025-11-02 17:41:54.330] 🔄 Loading technical indicators...
[2025-11-02 17:41:54.384] ✅ Technical indicators loaded
[2025-11-02 17:41:54.384] ℹ️ HMM operations deprecated - using alternative methods
[2025-11-02 17:41:54.384] ✅ Component initialization completed
[2025-11-02 17:41:54.384] 🔄 Detecting hardware capabilities...
[2025-11-02 17:41:54.384] 🔄 Detecting hardware capabilities...
[2025-11-02 17:41:54.384] 🔄 Detecting CPU cores...
[2025-11-02 17:41:54.384] 📊 CPU cores detected: 8
[2025-11-02 17:41:54.384] 🔄 Detecting GPU availability...
[2025-11-02 17:41:54.384] 📊 MPS GPU detected
[2025-11-02 17:41:54.384] 🔄 Detecting system memory...
[2025-11-02 17:41:54.384] 📊 System memory: 16.0GB
[2025-11-02 17:41:54.384] 🖥️ Hardware capabilities: {'cpu_cores': 8, 'gpu_available': True, 'gpu_type': 'mps', 'memory_gb': 16.0, 'mps_available': True}
[2025-11-02 17:41:54.384] 🔄 Setting up performance tracking...
[2025-11-02 17:41:54.384] ✅ Unified Vectorization Manager initialized
[2025-11-02 17:41:54.405] ✅ FeatureBank set as global instance
[2025-11-02 17:41:54.405] 🔧 Auto-registering feature generators...
[2025-11-02 17:41:54.405] 🔧 Starting auto-registration of feature generators...
[2025-11-02 17:41:54.405] 🚀 Initializing 16 feature categories...
[2025-11-02 17:41:54.407] 🔍 Getting settings for balanced optimization level...
[2025-11-02 17:41:54.621] 🔄 Detecting hardware capabilities...
[2025-11-02 17:41:54.621] 🔄 Detecting CPU cores...
[2025-11-02 17:41:54.621] 📊 CPU cores detected: 8
[2025-11-02 17:41:54.621] 🔄 Detecting GPU availability...
[2025-11-02 17:41:54.621] 📊 MPS GPU detected
[2025-11-02 17:41:54.621] 🔄 Detecting system memory...
[2025-11-02 17:41:54.621] 📊 System memory: 16.0GB
[2025-11-02 17:41:54.621] 🖥️ Hardware capabilities: {'cpu_cores': 8, 'gpu_available': True, 'gpu_type': 'mps', 'memory_gb': 16.0, 'mps_available': True}
[2025-11-02 17:41:54.635] ℹ️ VectorBT not available, using core microstructure generators only (numpy-optimized)
✅ Created 45 VectorBT-optimized acceleration generators
✅ Created 46 total acceleration generators with VectorBT optimization
[2025-11-02 17:41:54.660] ℹ️ VectorBT not available, using core microstructure generators only (numpy-optimized)
[2025-11-02 17:41:54.665] ✅ Auto-registration completed. Registered 475 generators
[2025-11-02 17:41:54.665] 🔍 Looking up generators for category: returns
[2025-11-02 17:41:54.665] ✅ Found 19 generators for category: returns
[2025-11-02 17:41:54.665] 🔍 Looking up generators for category: momentum
[2025-11-02 17:41:54.665] ✅ Found 32 generators for category: momentum
[2025-11-02 17:41:54.665] 🔍 Looking up generators for category: volume
[2025-11-02 17:41:54.665] ✅ Found 59 generators for category: volume
[2025-11-02 17:41:54.665] 🔍 Looking up generators for category: volatility
[2025-11-02 17:41:54.665] ✅ Found 45 generators for category: volatility
[2025-11-02 17:41:54.665] 🔍 Looking up generators for category: normalization
[2025-11-02 17:41:54.665] ✅ Found 0 generators for category: normalization
[2025-11-02 17:41:54.665] 🔍 Looking up generators for category: trend
[2025-11-02 17:41:54.665] ✅ Found 56 generators for category: trend
[2025-11-02 17:41:54.665] 🔍 Looking up generators for category: oscillator
[2025-11-02 17:41:54.665] ✅ Found 11 generators for category: oscillator
[2025-11-02 17:41:54.665] 🔍 Looking up generators for category: support_resistance
[2025-11-02 17:41:54.665] ✅ Found 50 generators for category: support_resistance
[2025-11-02 17:41:54.665] 🔍 Looking up generators for category: candlestick_pattern
[2025-11-02 17:41:54.665] ✅ Found 16 generators for category: candlestick_pattern
[2025-11-02 17:41:54.665] 🔍 Looking up generators for category: cross_timeframe
[2025-11-02 17:41:54.665] ✅ Found 22 generators for category: cross_timeframe
[2025-11-02 17:41:54.666] 🔍 Looking up generators for category: microstructure
[2025-11-02 17:41:54.666] ✅ Found 15 generators for category: microstructure
[2025-11-02 17:41:54.666] 🔍 Looking up generators for category: entropy
[2025-11-02 17:41:54.666] ✅ Found 35 generators for category: entropy
[2025-11-02 17:41:54.666] 🔍 Looking up generators for category: autoencoder
[2025-11-02 17:41:54.666] ✅ Found 0 generators for category: autoencoder
[2025-11-02 17:41:54.666] 🔍 Looking up generators for category: representation_learning
[2025-11-02 17:41:54.666] ✅ Found 0 generators for category: representation_learning
[2025-11-02 17:41:54.666] 🔍 Looking up generators for category: order_flow
[2025-11-02 17:41:54.666] ✅ Found 0 generators for category: order_flow
[2025-11-02 17:41:54.666] 🔍 Looking up generators for category: regime
[2025-11-02 17:41:54.666] ✅ Found 0 generators for category: regime
[2025-11-02 17:41:54.666] 🔍 Looking up generators for category: legacy
[2025-11-02 17:41:54.666] ✅ Found 0 generators for category: legacy
[2025-11-02 17:41:54.666] 🔍 Looking up generators for category: time
[2025-11-02 17:41:54.666] ✅ Found 0 generators for category: time
[2025-11-02 17:41:54.666] 🔍 Looking up generators for category: custom
[2025-11-02 17:41:54.666] ✅ Found 0 generators for category: custom
[2025-11-02 17:41:54.666] 🔍 Looking up generators for category: acceleration
[2025-11-02 17:41:54.666] ✅ Found 46 generators for category: acceleration
[2025-11-02 17:41:54.666] 🔍 Looking up generators for category: interaction
[2025-11-02 17:41:54.666] ✅ Found 8 generators for category: interaction
[2025-11-02 17:41:54.666] 🔍 Looking up generators for category: advanced_statistical
[2025-11-02 17:41:54.666] ✅ Found 6 generators for category: advanced_statistical
[2025-11-02 17:41:54.666] 🔍 Looking up generators for category: spectral_wavelet
[2025-11-02 17:41:54.666] ✅ Found 6 generators for category: spectral_wavelet
[2025-11-02 17:41:54.666] ✅ Generator factory populated with registered generators
[2025-11-02 17:41:54.667] 🔄 Detecting hardware capabilities...
[2025-11-02 17:41:54.667] 🔄 Detecting CPU cores...
[2025-11-02 17:41:54.667] 📊 CPU cores detected: 8
[2025-11-02 17:41:54.667] 🔄 Detecting GPU availability...
[2025-11-02 17:41:54.667] 📊 MPS GPU detected
[2025-11-02 17:41:54.667] 🔄 Detecting system memory...
[2025-11-02 17:41:54.667] 📊 System memory: 16.0GB
[2025-11-02 17:41:54.667] 🖥️ Hardware capabilities: {'cpu_cores': 8, 'gpu_available': True, 'gpu_type': 'mps', 'memory_gb': 16.0, 'mps_available': True}
[2025-11-02 17:41:54.897] ✅ Custom logger available for MLCommon.ModelTraining
[2025-11-02 17:41:54.901] ✅ ML Common utilities loaded successfully
[2025-11-02 17:42:01.400] ✅ Feature generation gate feature step registered SUCCESS
[2025-11-02 17:42:01.503] ✅ CMI complementarity components loaded successfully
[2025-11-02 17:42:01.503] ✅ Feature generation final feature selection step registered SUCCESS
[2025-11-02 17:42:01.503] ✅ Feature generation final validation step registered SUCCESS
[2025-11-02 17:42:01.503] ✅ Feature generation data validation step registered SUCCESS
[2025-11-02 17:42:01.505] ✅ Feature generation labeling integration step registered SUCCESS
[2025-11-02 17:42:01.505] ✅ Feature generation step registered SUCCESS
[2025-11-02 17:42:01.506] ✅ Feature generation period lookback optimization step registered SUCCESS
[2025-11-02 17:42:01.506] ✅ Feature generation feature selection step registered SUCCESS
[2025-11-02 17:42:01.508] INFO: ✅ CMI complementarity components loaded successfully
[2025-11-02 17:42:01.514] INFO: ✅ HPO utilities loaded successfully
[2025-11-02 17:42:01.514] ✅ Unified feature generation interaction generation step registered SUCCESS
Pre-training components registry available
[2025-11-02 17:42:01.521] ✅ HDBSCAN regime discovery step registered SUCCESS
Warning: Unified evaluator not available: cannot import name 'EvaluationConfig' from 'src.utils.ml_common.evaluation.unified_evaluator' (/Users/remyroche/Documents/Ares/src/utils/ml_common/evaluation/unified_evaluator.py)
[2025-11-02 17:42:01.550] SUCCESS: ✅ [REGIME_MODELS] scikit-learn imported successfully (v1.7.2)
[2025-11-02 17:42:01.585] SUCCESS: ✅ [REGIME_MODELS] CatBoost imported successfully (v1.2.8)
[2025-11-02 17:42:01.585] SUCCESS: ✅ [REGIME_MODELS] LightGBM imported successfully (v4.3.0)
[2025-11-02 17:42:01.606] SUCCESS: ✅ [REGIME_MODELS] imodels (Greedy Rule Lists) imported successfully
[2025-11-02 17:42:01.606] SUCCESS: ✅ [REGIME_MODELS] XGBoost imported successfully (v3.0.4)
[2025-11-02 17:42:01.606] SUCCESS: ✅ [REGIME_MODELS] Random Forest imported successfully
[2025-11-02 17:42:01.606] SUCCESS: 🎉 [REGIME_MODELS] All ML libraries imported successfully
[2025-11-02 17:42:01.606] INFO: 📊 [REGIME_MODELS] Library versions: {'sklearn': '1.7.2', 'catboost': '1.2.8', 'lightgbm': '4.3.0', 'imodels': '1.0.0', 'xgboost': '3.0.4', 'random_forest': '1.7.2'}
[2025-11-02 17:42:01.606] SUCCESS: ✅ [REGIME_MODELS] Feature generation system imported successfully
[2025-11-02 17:42:01.606] ✅ Regime models training step registered SUCCESS
[2025-11-02 17:42:01.608] SUCCESS: ✅ [REGIME_ENSEMBLE] ML libraries imported successfully
[2025-11-02 17:42:01.608] SUCCESS: ✅ [REGIME_ENSEMBLE] Feature generation system imported successfully
[2025-11-02 17:42:01.608] ✅ Regime ensemble training step registered SUCCESS
[2025-11-02 17:42:01.640] SUCCESS: ✅ Using pyhsmm (full-featured) for HDP-HMM clustering
[2025-11-02 17:42:01.651] INFO: 🔧 Initializing ClusterQualityAssessor
[2025-11-02 17:42:01.651] SUCCESS: ✅ Hardware optimization enabled
[2025-11-02 17:42:01.651] SUCCESS: ✅ Vectorization enabled
[2025-11-02 17:42:01.651] 🔄 Detecting hardware capabilities...
[2025-11-02 17:42:01.651] 🔄 Detecting CPU cores...
[2025-11-02 17:42:01.651] 📊 CPU cores detected: 8
[2025-11-02 17:42:01.651] 🔄 Detecting GPU availability...
[2025-11-02 17:42:01.651] 📊 MPS GPU detected
[2025-11-02 17:42:01.651] 🔄 Detecting system memory...
[2025-11-02 17:42:01.651] 📊 System memory: 16.0GB
[2025-11-02 17:42:01.651] 🖥️ Hardware capabilities: {'cpu_cores': 8, 'gpu_available': True, 'gpu_type': 'mps', 'memory_gb': 16.0, 'mps_available': True}
[2025-11-02 17:42:01.651] SUCCESS: ✅ Vectorization manager initialized
[2025-11-02 17:42:01.651] SUCCESS: ✅ Memory manager initialized
[2025-11-02 17:42:01.651] SUCCESS: ✅ Hardware manager initialized
[2025-11-02 17:42:01.651] WARNING: ⚠️ Failed to initialize hardware manager: 'UnifiedHardwareManager' object has no attribute 'get_hardware_info'
[2025-11-02 17:42:01.651] INFO: 🚀 Initialized Enhanced HDP-HMM Clusterer with pyhsmm
[2025-11-02 17:42:01.651] INFO: 🔍 Starting Enhanced HDP-HMM regime discovery
[2025-11-02 17:42:01.651] INFO: 🔧 Preprocessing data for HDP-HMM
[2025-11-02 17:42:01.652] INFO: 📊 Input Data Preview:
[2025-11-02 17:42:01.652] INFO:    Shape: (618, 100)
[2025-11-02 17:42:01.652] INFO:    Data Type: float64
[2025-11-02 17:42:01.652] INFO:    Memory Usage: 0.47 MB
[2025-11-02 17:42:01.652] INFO:    Showing first 3 rows and 5 columns
[2025-11-02 17:42:01.652] INFO:    Preview:
[[ 1.16189504  0.         -0.78125834  0.          0.15626331]
 [ 1.26491106  0.          0.169615    0.          0.15391731]
 [ 1.33630621  0.          0.70807391  0.          0.82844722]]
[2025-11-02 17:42:01.654] INFO: 📊 Applying PCA: 100 → 15 components
[2025-11-02 17:42:01.660] INFO: ✅ PCA completed: 95.08% variance explained
[2025-11-02 17:42:01.660] SUCCESS: ✅ Preprocessed data shape: (618, 32)
[2025-11-02 17:42:01.660] INFO: 🔍 Preprocessed Data Format Analysis:
[2025-11-02 17:42:01.660] INFO:    Type: ndarray
[2025-11-02 17:42:01.660] INFO:    Data Type: float64
[2025-11-02 17:42:01.660] INFO:    Shape: (618, 32)
[2025-11-02 17:42:01.660] INFO:    Memory Usage: 0.15 MB
[2025-11-02 17:42:01.660] INFO:    Strides: (8, 4944)
[2025-11-02 17:42:01.660] INFO:    Flags: C_CONTIGUOUS=False, F_CONTIGUOUS=True
[2025-11-02 17:42:01.660] INFO:    ✅ No compatibility issues detected
[2025-11-02 17:42:01.660] INFO: 🔄 Fitting Sticky HDP-HMM with pyhsmm
[2025-11-02 17:42:01.660] INFO: 🔍 Data shape: (618, 32), dtype: float64
[2025-11-02 17:42:01.661] INFO: ⚡ Using DIAGONAL covariance (SimpleDiagGaussian) for ~10x speedup!
[2025-11-02 17:42:01.661] INFO: 🔄 Initializing with K-means warm start...
[2025-11-02 17:42:02.353] SUCCESS: ✅ K-means warm start: 3 initial clusters
[2025-11-02 17:42:02.353] INFO: 🔄 Running Gibbs sampling: 30 iterations (early stopping enabled)
[2025-11-02 17:42:02.364] PERFORMANCE: Gibbs Sampling took 0.003s
[2025-11-02 17:42:02.366] SUCCESS: ✅ Gibbs sampling completed: 3 final states
[2025-11-02 17:42:02.366] WARNING: ⚠️ Did not converge within iteration limit - consider increasing n_iterations
[2025-11-02 17:42:02.488] INFO: 🔍 Starting ENHANCED HMM regime quality assessment
[2025-11-02 17:42:02.488] INFO: Calling src.training.steps.market_analysis.clusters.cluster_quality_assessor.assess_quality (called from /Users/remyroche/Documents/Ares/src/training/steps/market_analysis/clusters/cluster_quality_assessor.py:872)
[2025-11-02 17:42:02.488] INFO: 🔍 Starting comprehensive cluster quality assessment
[2025-11-02 17:42:02.489] INFO: 📊 Regime Labels Preview:
[2025-11-02 17:42:02.489] INFO:    Shape: (618,)
[2025-11-02 17:42:02.489] INFO:    Data Type: int32
[2025-11-02 17:42:02.489] INFO:    Memory Usage: 0.00 MB
[2025-11-02 17:42:02.489] INFO:    Showing first 10 values
[2025-11-02 17:42:02.489] INFO:    Values: [1 1 0 0 0 0 2 0 2 2]
[2025-11-02 17:42:02.504] INFO: 📊 Feature Data Preview:
[2025-11-02 17:42:02.504] INFO:    Shape: (618, 32)
[2025-11-02 17:42:02.504] INFO:    Columns: 32
[2025-11-02 17:42:02.504] INFO:    Memory Usage: 0.15 MB
[2025-11-02 17:42:02.504] INFO:    Showing first 5 rows and 5 columns
[2025-11-02 17:42:02.504] INFO:    Preview:
[2025-11-02 17:42:02.504] INFO:       feature_0  feature_1  feature_2  feature_3  feature_4
[2025-11-02 17:42:02.504] INFO:    0  -1.672994  -3.237317   1.058460   0.161062  -1.188891
[2025-11-02 17:42:02.504] INFO:    1  -0.471005  -1.276592   0.126239   2.776954   0.775019
[2025-11-02 17:42:02.504] INFO:    2   1.410705   2.219969   1.608843   2.064926   0.091807
[2025-11-02 17:42:02.504] INFO:    3   4.462110   3.351577   0.670035  -0.957856  -0.562236
[2025-11-02 17:42:02.505] INFO:    4   2.109245   1.613514   0.109175  -2.099871  -0.493440
[2025-11-02 17:42:02.508] INFO: 🔍 Feature Data Format Analysis:
[2025-11-02 17:42:02.508] INFO:    Type: DataFrame
[2025-11-02 17:42:02.508] INFO:    Shape: (618, 32)
[2025-11-02 17:42:02.508] INFO:    Memory Usage: 0.15 MB
[2025-11-02 17:42:02.508] INFO:    Columns: ['feature_0', 'feature_1', 'feature_2', 'feature_3', 'feature_4', 'feature_5', 'feature_6', 'feature_7', 'feature_8', 'feature_9', 'feature_10', 'feature_11', 'feature_12', 'feature_13', 'feature_14', 'feature_15', 'feature_16', 'feature_17', 'feature_18', 'feature_19', 'feature_20', 'feature_21', 'feature_22', 'feature_23', 'feature_24', 'feature_25', 'feature_26', 'feature_27', 'feature_28', 'feature_29', 'feature_30', 'feature_31']
[2025-11-02 17:42:02.508] INFO:    ✅ No compatibility issues detected
[2025-11-02 17:42:02.550] INFO: 📊 Clean Numeric Features Preview:
[2025-11-02 17:42:02.550] INFO:    Shape: (618, 32)
[2025-11-02 17:42:02.550] INFO:    Columns: 32
[2025-11-02 17:42:02.550] INFO:    Memory Usage: 0.15 MB
[2025-11-02 17:42:02.550] INFO:    Showing first 5 rows and 10 columns
[2025-11-02 17:42:02.550] INFO:    Preview:
[2025-11-02 17:42:02.550] INFO:       feature_0  feature_1  feature_2  feature_3  feature_4  feature_5  feature_6  feature_7  feature_8  feature_9
[2025-11-02 17:42:02.550] INFO:    0  -1.672994  -3.237317   1.058460   0.161062  -1.188891  -0.159548  -0.451043   1.984262   0.225521  -0.181405
[2025-11-02 17:42:02.550] INFO:    1  -0.471005  -1.276592   0.126239   2.776954   0.775019   0.781820  -0.031865   0.636151  -0.604073  -0.867319
[2025-11-02 17:42:02.550] INFO:    2   1.410705   2.219969   1.608843   2.064926   0.091807   0.488718  -0.056932  -0.775002   0.245761  -0.678277
[2025-11-02 17:42:02.551] INFO:    3   4.462110   3.351577   0.670035  -0.957856  -0.562236  -1.510945  -1.611058  -4.092575   1.572210  -0.986408
[2025-11-02 17:42:02.551] INFO:    4   2.109245   1.613514   0.109175  -2.099871  -0.493440  -1.160672   0.026137  -2.476537   0.329472   0.155268
[2025-11-02 17:42:02.553] INFO: 📊 Assessing quality for 3 regimes with 0.0% noise
[2025-11-02 17:42:02.649] PERFORMANCE: Silhouette Score Calculation took 0.096s
[2025-11-02 17:42:02.649] SUCCESS: ✅ Silhouette score: 0.1507
[2025-11-02 17:42:02.684] PERFORMANCE: Davies-Bouldin Index Calculation took 0.035s
[2025-11-02 17:42:02.684] SUCCESS: ✅ Davies-Bouldin Index: 1.9514
[2025-11-02 17:42:02.691] PERFORMANCE: Calinski-Harabasz Index Calculation took 0.007s
[2025-11-02 17:42:02.691] SUCCESS: ✅ Calinski-Harabasz Index: 103.4587
[2025-11-02 17:42:02.756] PERFORMANCE: CV Metrics Calculation took 0.065s
[2025-11-02 17:42:02.756] SUCCESS: ✅ Within CV: 51.2830, Between CV: 10.4264
[2025-11-02 17:42:02.756] PERFORMANCE: Balance Metrics Calculation took 0.000s
[2025-11-02 17:42:02.756] SUCCESS: ✅ Balance score: 0.7218
[2025-11-02 17:42:02.782] PERFORMANCE: Temporal Metrics Calculation took 0.026s
[2025-11-02 17:42:02.798] SUCCESS: ✅ Temporal smoothness: 0.5678 (raw: 0.5348, flip-flop: 0.100), Persistence: 2.15
[2025-11-02 17:42:02.798] SUCCESS: ✅ Enhanced temporal: Duration stability=0.557, Transition stability=0.288
[2025-11-02 17:42:02.839] SUCCESS: ✅ Calculated CV metrics for 1 feature categories
[2025-11-02 17:42:02.839] PERFORMANCE: Per-Category CV Metrics Calculation took 0.041s
[2025-11-02 17:42:02.914] PERFORMANCE: Per-Regime Metrics Calculation took 0.075s
[2025-11-02 17:42:02.914] SUCCESS: ✅ Calculated metrics for 3 regimes
[2025-11-02 17:42:02.914] PERFORMANCE: Economic Interpretation took 0.000s
[2025-11-02 17:42:02.914] SUCCESS: ✅ Economic interpretation generated
[2025-11-02 17:42:02.914] INFO: 📊 Using quality score weights: Temporal=0.30, CV=0.30, Silhouette=0.20, Balance=0.10, Noise=0.10
[2025-11-02 17:42:02.915] INFO:     • CV Ratio: 0.1830 (raw: 0.20, weight: 0.30)
[2025-11-02 17:42:02.915] INFO:     • Silhouette: 0.5754 (weight: 0.20)
[2025-11-02 17:42:02.915] INFO:     • Temporal Smoothness: 0.5678 (weight: 0.30)
[2025-11-02 17:42:02.915] INFO:     • Balance: 0.7218 (weight: 0.10)
[2025-11-02 17:42:02.917] INFO:     • Noise Ratio (inverted): 1.0000 (weight: 0.10)
[2025-11-02 17:42:02.917] INFO: 📈 Weighted score calculation: 0.5125 (total weight: 1.00)
[2025-11-02 17:42:02.917] PERFORMANCE: Quality Score Calculation took 0.003s
[2025-11-02 17:42:02.917] SUCCESS: ✅ Overall quality score: 0.5125
[2025-11-02 17:42:02.918] SUCCESS: ✅ Quality assessment complete - Quality Score: 0.513
[2025-11-02 17:42:02.918] INFO: src.training.steps.market_analysis.clusters.cluster_quality_assessor.assess_quality completed
[2025-11-02 17:42:02.921] SUCCESS: ✅ HMM regime validator initialized
[2025-11-02 17:42:02.921] INFO: ======================================================================
[2025-11-02 17:42:02.921] INFO: 🔬 Running COMPREHENSIVE HMM regime validators...
[2025-11-02 17:42:02.921] INFO: ======================================================================
[2025-11-02 17:42:02.921] INFO: 📊 III. Validating regime occupancy and persistence...
[2025-11-02 17:42:02.922] INFO:    States: 3, Tiny states (<1%): 0
[2025-11-02 17:42:02.922] INFO:    Duration range: 375299968947541.3 - 375299968947541.3 days
[2025-11-02 17:42:02.922] INFO:    Duration quality: good
[2025-11-02 17:42:02.922] SUCCESS: ✅ Regime persistence: good
[2025-11-02 17:42:02.922] INFO: 📊 IV. Validating transition matrix sensibility...
[2025-11-02 17:42:02.922] WARNING: ⚠️ High oscillation rate: 46.4% (states flipping frequently - possible noise)
[2025-11-02 17:42:02.922] INFO: 📊 V. Analyzing emission distributions and distinctiveness...
[2025-11-02 17:42:02.936] INFO:    Analyzed 10 features across 3 states
[2025-11-02 17:42:02.936] INFO:    Emission distinctiveness: 0.081
[2025-11-02 17:42:02.936] INFO: 📊 I. Validating rolling predictive log-likelihood...
[2025-11-02 17:42:02.936] WARNING: ⚠️ Insufficient data for 5 folds
[2025-11-02 17:42:02.936] INFO: ======================================================================
[2025-11-02 17:42:02.936] SUCCESS: ✅ COMPREHENSIVE HMM validation complete!
[2025-11-02 17:42:02.936] INFO: ======================================================================
[2025-11-02 17:42:02.936] SUCCESS: ✅ Quality assessment: Composite Score=0.513, Meets Constraints=False
[2025-11-02 17:42:02.940] SUCCESS: ✅ HDP-HMM completed: 3 regimes discovered
[2025-11-02 17:42:02.940] INFO: 🔍 Starting ENHANCED HMM regime quality assessment
[2025-11-02 17:42:02.940] INFO: Calling src.training.steps.market_analysis.clusters.cluster_quality_assessor.assess_quality (called from /Users/remyroche/Documents/Ares/src/training/steps/market_analysis/clusters/cluster_quality_assessor.py:872)
[2025-11-02 17:42:02.940] INFO: 🔍 Starting comprehensive cluster quality assessment
[2025-11-02 17:42:02.940] INFO: 📊 Regime Labels Preview:
[2025-11-02 17:42:02.940] INFO:    Shape: (618,)
[2025-11-02 17:42:02.940] INFO:    Data Type: int32
[2025-11-02 17:42:02.940] INFO:    Memory Usage: 0.00 MB
[2025-11-02 17:42:02.940] INFO:    Showing first 10 values
[2025-11-02 17:42:02.940] INFO:    Values: [1 1 0 0 0 0 2 0 2 2]
[2025-11-02 17:42:02.943] INFO: 📊 Feature Data Preview:
[2025-11-02 17:42:02.943] INFO:    Shape: (618, 100)
[2025-11-02 17:42:02.943] INFO:    Columns: 100
[2025-11-02 17:42:02.943] INFO:    Memory Usage: 0.47 MB
[2025-11-02 17:42:02.943] INFO:    Showing first 5 rows and 5 columns
[2025-11-02 17:42:02.943] INFO:    Preview:
[2025-11-02 17:42:02.943] INFO:              0    1         2    3         4
[2025-11-02 17:42:02.943] INFO:    0  1.161895  0.0 -0.781258  0.0  0.156263
[2025-11-02 17:42:02.943] INFO:    1  1.264911  0.0  0.169615  0.0  0.153917
[2025-11-02 17:42:02.943] INFO:    2  1.336306  0.0  0.708074  0.0  0.828447
[2025-11-02 17:42:02.943] INFO:    3  1.388730  0.0 -0.126647  0.0  0.875319
[2025-11-02 17:42:02.943] INFO:    4  1.428869  0.0  0.556149  0.0  0.939526
[2025-11-02 17:42:02.944] INFO: 🔍 Feature Data Format Analysis:
[2025-11-02 17:42:02.944] INFO:    Type: DataFrame
[2025-11-02 17:42:02.944] INFO:    Shape: (618, 100)
[2025-11-02 17:42:02.944] INFO:    Memory Usage: 0.47 MB
[2025-11-02 17:42:02.944] INFO:    Columns: [0, 1, 2, 3, 4, 5, 6, 7, 8, 9, 10, 11, 12, 13, 14, 15, 16, 17, 18, 19, 20, 21, 22, 23, 24, 25, 26, 27, 28, 29, 30, 31, 32, 33, 34, 35, 36, 37, 38, 39, 40, 41, 42, 43, 44, 45, 46, 47, 48, 49, 50, 51, 52, 53, 54, 55, 56, 57, 58, 59, 60, 61, 62, 63, 64, 65, 66, 67, 68, 69, 70, 71, 72, 73, 74, 75, 76, 77, 78, 79, 80, 81, 82, 83, 84, 85, 86, 87, 88, 89, 90, 91, 92, 93, 94, 95, 96, 97, 98, 99]
[2025-11-02 17:42:02.944] INFO:    ✅ No compatibility issues detected
[2025-11-02 17:42:02.949] INFO: 📊 Clean Numeric Features Preview:
[2025-11-02 17:42:02.949] INFO:    Shape: (618, 100)
[2025-11-02 17:42:02.949] INFO:    Columns: 100
[2025-11-02 17:42:02.949] INFO:    Memory Usage: 0.47 MB
[2025-11-02 17:42:02.949] INFO:    Showing first 5 rows and 10 columns
[2025-11-02 17:42:02.949] INFO:    Preview:
[2025-11-02 17:42:02.949] INFO:              0    1         2    3         4    5         6         7    8         9
[2025-11-02 17:42:02.949] INFO:    0  1.161895  0.0 -0.781258  0.0  0.156263  0.0 -0.176350 -0.619162  0.0 -0.023192
[2025-11-02 17:42:02.949] INFO:    1  1.264911  0.0  0.169615  0.0  0.153917  0.0 -0.425729  0.141616  0.0  0.361714
[2025-11-02 17:42:02.949] INFO:    2  1.336306  0.0  0.708074  0.0  0.828447  0.0  0.707869  0.610220  0.0  0.463346
[2025-11-02 17:42:02.949] INFO:    3  1.388730  0.0 -0.126647  0.0  0.875319  0.0  1.131263  0.269442  0.0  0.727845
[2025-11-02 17:42:02.949] INFO:    4  1.428869  0.0  0.556149  0.0  0.939526  0.0  1.511261  0.050124  0.0  0.419186
[2025-11-02 17:42:02.949] INFO: 📊 Assessing quality for 3 regimes with 0.0% noise
[2025-11-02 17:42:03.009] PERFORMANCE: Silhouette Score Calculation took 0.059s
[2025-11-02 17:42:03.009] SUCCESS: ✅ Silhouette score: 0.1452
[2025-11-02 17:42:03.040] PERFORMANCE: Davies-Bouldin Index Calculation took 0.031s
[2025-11-02 17:42:03.040] SUCCESS: ✅ Davies-Bouldin Index: 2.0099
[2025-11-02 17:42:03.050] PERFORMANCE: Calinski-Harabasz Index Calculation took 0.009s
[2025-11-02 17:42:03.050] SUCCESS: ✅ Calinski-Harabasz Index: 97.7017
[2025-11-02 17:42:03.067] PERFORMANCE: CV Metrics Calculation took 0.017s
[2025-11-02 17:42:03.067] SUCCESS: ✅ Within CV: 9.8419, Between CV: 5.0954
[2025-11-02 17:42:03.068] PERFORMANCE: Balance Metrics Calculation took 0.000s
[2025-11-02 17:42:03.068] SUCCESS: ✅ Balance score: 0.7218
[2025-11-02 17:42:03.077] PERFORMANCE: Temporal Metrics Calculation took 0.009s
[2025-11-02 17:42:03.077] SUCCESS: ✅ Temporal smoothness: 0.5678 (raw: 0.5348, flip-flop: 0.100), Persistence: 2.15
[2025-11-02 17:42:03.077] SUCCESS: ✅ Enhanced temporal: Duration stability=0.557, Transition stability=0.288
[2025-11-02 17:42:03.093] SUCCESS: ✅ Calculated CV metrics for 1 feature categories
[2025-11-02 17:42:03.093] PERFORMANCE: Per-Category CV Metrics Calculation took 0.017s
[2025-11-02 17:42:03.209] PERFORMANCE: Per-Regime Metrics Calculation took 0.116s
[2025-11-02 17:42:03.209] SUCCESS: ✅ Calculated metrics for 3 regimes
[2025-11-02 17:42:03.216] PERFORMANCE: Economic CV Metrics Calculation took 0.006s
[2025-11-02 17:42:03.216] SUCCESS: ✅ Economic CV metrics complete
[2025-11-02 17:42:03.216] SUCCESS: ✅ Economic validation populated from per-regime metrics
[2025-11-02 17:42:03.216] PERFORMANCE: Economic Interpretation took 0.000s
[2025-11-02 17:42:03.216] SUCCESS: ✅ Economic interpretation generated
[2025-11-02 17:42:03.644] PERFORMANCE: Predictive Power Calculation took 0.427s
[2025-11-02 17:42:03.644] SUCCESS: ✅ Predictive power: 0.4815
[2025-11-02 17:42:03.644] INFO: 📊 Using quality score weights: Temporal=0.30, CV=0.30, Silhouette=0.20, Balance=0.10, Noise=0.10
[2025-11-02 17:42:03.644] INFO:     • CV Ratio: 0.3946 (raw: 0.52, weight: 0.30)
[2025-11-02 17:42:03.644] INFO:     • Silhouette: 0.5726 (weight: 0.20)
[2025-11-02 17:42:03.644] INFO:     • Temporal Smoothness: 0.5678 (weight: 0.30)
[2025-11-02 17:42:03.644] INFO:     • Balance: 0.7218 (weight: 0.10)
[2025-11-02 17:42:03.644] INFO:     • Noise Ratio (inverted): 1.0000 (weight: 0.10)
[2025-11-02 17:42:03.644] INFO: 📈 Weighted score calculation: 0.5754 (total weight: 1.00)
[2025-11-02 17:42:03.644] PERFORMANCE: Quality Score Calculation took 0.001s
[2025-11-02 17:42:03.644] SUCCESS: ✅ Overall quality score: 0.5754
[2025-11-02 17:42:03.644] SUCCESS: ✅ Quality assessment complete - Quality Score: 0.575
[2025-11-02 17:42:03.645] INFO: src.training.steps.market_analysis.clusters.cluster_quality_assessor.assess_quality completed
SUCCESS|1.0|32.5|8.0|3|0.15074318832041345|0.5678476974964288|0.7217890894664969|5.095372867794068|9.841863724737182|0.5177243873504671|0.09315291322380395|1.288916|0|None|0.0000|0.2929|0.2284|0.3184|0.1394|0.6658|0.3466
