{"asctime": "2025-08-19 10:36:45,197", "levelname": "INFO", "name": "AresGlobal", "message": "================================================================================", "correlation_id": "-", "session_id": "-", "timestamp": "2025-08-19T08:36:45.197083+00:00"}
{"asctime": "2025-08-19 10:36:45,197", "levelname": "INFO", "name": "AresGlobal", "message": "📊 SESSION SUMMARY", "correlation_id": "-", "session_id": "-", "timestamp": "2025-08-19T08:36:45.197209+00:00"}
{"asctime": "2025-08-19 10:36:45,197", "levelname": "INFO", "name": "AresGlobal", "message": "Session started: 2025-08-19 10:36:45", "correlation_id": "-", "session_id": "-", "timestamp": "2025-08-19T08:36:45.197307+00:00"}
{"asctime": "2025-08-19 10:36:45,197", "levelname": "INFO", "name": "AresGlobal", "message": "This file contains ALL logs for this session", "correlation_id": "-", "session_id": "-", "timestamp": "2025-08-19T08:36:45.197392+00:00"}
{"asctime": "2025-08-19 10:36:45,197", "levelname": "INFO", "name": "AresGlobal", "message": "================================================================================", "correlation_id": "-", "session_id": "-", "timestamp": "2025-08-19T08:36:45.197565+00:00"}
{"asctime": "2025-08-19 10:36:45,197", "levelname": "INFO", "name": "AresGlobal", "message": "[SYSTEM] ================================================================================", "correlation_id": "-", "session_id": "-", "timestamp": "2025-08-19T08:36:45.197757+00:00"}
{"asctime": "2025-08-19 10:36:45,197", "levelname": "INFO", "name": "AresGlobal", "message": "[SYSTEM] 🚀 ARES LAUNCHER STARTED - Mode: INITIALIZATION", "correlation_id": "-", "session_id": "-", "timestamp": "2025-08-19T08:36:45.197925+00:00"}
{"asctime": "2025-08-19 10:36:45,198", "levelname": "INFO", "name": "AresGlobal", "message": "[SYSTEM] Start time: 2025-08-19 10:36:45", "correlation_id": "-", "session_id": "-", "timestamp": "2025-08-19T08:36:45.198091+00:00"}
{"asctime": "2025-08-19 10:36:45,198", "levelname": "INFO", "name": "AresGlobal", "message": "[SYSTEM] Log directory: log", "correlation_id": "-", "session_id": "-", "timestamp": "2025-08-19T08:36:45.198245+00:00"}
{"asctime": "2025-08-19 10:36:45,198", "levelname": "INFO", "name": "AresGlobal", "message": "[SYSTEM] ================================================================================", "correlation_id": "-", "session_id": "-", "timestamp": "2025-08-19T08:36:45.198399+00:00"}
{"asctime": "2025-08-19 10:36:45,198", "levelname": "INFO", "name": "AresGlobal.AresLauncher", "message": "================================================================================", "correlation_id": "-", "session_id": "-", "timestamp": "2025-08-19T08:36:45.198478+00:00"}
{"asctime": "2025-08-19 10:36:45,198", "levelname": "INFO", "name": "AresGlobal.AresLauncher", "message": "🚀 ARES COMPREHENSIVE LAUNCHER", "correlation_id": "-", "session_id": "-", "timestamp": "2025-08-19T08:36:45.198556+00:00"}
{"asctime": "2025-08-19 10:36:45,198", "levelname": "INFO", "name": "AresGlobal.AresLauncher", "message": "================================================================================", "correlation_id": "-", "session_id": "-", "timestamp": "2025-08-19T08:36:45.198642+00:00"}
{"asctime": "2025-08-19 10:36:45,198", "levelname": "INFO", "name": "AresGlobal.AresLauncher", "message": "Start time: 2025-08-19 10:36:45", "correlation_id": "-", "session_id": "-", "timestamp": "2025-08-19T08:36:45.198722+00:00"}
{"asctime": "2025-08-19 10:36:45,198", "levelname": "INFO", "name": "AresGlobal.AresLauncher", "message": "Log directory: log", "correlation_id": "-", "session_id": "-", "timestamp": "2025-08-19T08:36:45.198798+00:00"}
{"asctime": "2025-08-19 10:36:45,198", "levelname": "INFO", "name": "AresGlobal.AresLauncher", "message": "Log level: INFO", "correlation_id": "-", "session_id": "-", "timestamp": "2025-08-19T08:36:45.198875+00:00"}
{"asctime": "2025-08-19 10:36:45,198", "levelname": "INFO", "name": "AresGlobal.AresLauncher", "message": "Global log file: ares_global_20250819_103645.log", "correlation_id": "-", "session_id": "-", "timestamp": "2025-08-19T08:36:45.198954+00:00"}
{"asctime": "2025-08-19 10:36:45,199", "levelname": "INFO", "name": "AresGlobal.AresLauncher", "message": "Full run log: log/ares_full_20250819_103645.log", "correlation_id": "-", "session_id": "-", "timestamp": "2025-08-19T08:36:45.199034+00:00"}
{"asctime": "2025-08-19 10:36:45,199", "levelname": "INFO", "name": "AresGlobal.AresLauncher", "message": "Trades log: log/ares_trades_20250819_103645.log", "correlation_id": "-", "session_id": "-", "timestamp": "2025-08-19T08:36:45.199109+00:00"}
{"asctime": "2025-08-19 10:36:45,199", "levelname": "INFO", "name": "AresGlobal.AresLauncher", "message": "Backtest log: log/ares_backtest_20250819_103645.log", "correlation_id": "-", "session_id": "-", "timestamp": "2025-08-19T08:36:45.199184+00:00"}
{"asctime": "2025-08-19 10:36:45,199", "levelname": "INFO", "name": "AresGlobal.AresLauncher", "message": "================================================================================", "correlation_id": "-", "session_id": "-", "timestamp": "2025-08-19T08:36:45.199258+00:00"}
{"asctime": "2025-08-19 10:36:45,199", "levelname": "INFO", "name": "AresGlobal", "message": "[SYSTEM] ================================================================================", "correlation_id": "-", "session_id": "-", "timestamp": "2025-08-19T08:36:45.199495+00:00"}
{"asctime": "2025-08-19 10:36:45,199", "levelname": "INFO", "name": "AresGlobal", "message": "[SYSTEM] 🚀 ARES LAUNCHER STARTED - Mode: blank - Symbol: ETHUSDT - Exchange: BINANCE", "correlation_id": "-", "session_id": "-", "timestamp": "2025-08-19T08:36:45.199656+00:00"}
{"asctime": "2025-08-19 10:36:45,199", "levelname": "INFO", "name": "AresGlobal", "message": "[SYSTEM] Start time: 2025-08-19 10:36:45", "correlation_id": "-", "session_id": "-", "timestamp": "2025-08-19T08:36:45.199819+00:00"}
{"asctime": "2025-08-19 10:36:45,199", "levelname": "INFO", "name": "AresGlobal", "message": "[SYSTEM] Log directory: log", "correlation_id": "-", "session_id": "-", "timestamp": "2025-08-19T08:36:45.199972+00:00"}
{"asctime": "2025-08-19 10:36:45,200", "levelname": "INFO", "name": "AresGlobal", "message": "[SYSTEM] ================================================================================", "correlation_id": "-", "session_id": "-", "timestamp": "2025-08-19T08:36:45.200123+00:00"}
{"asctime": "2025-08-19 10:36:45,200", "levelname": "INFO", "name": "AresGlobal.AresLauncher", "message": "🚀 Running enhanced 16-step training pipeline for ETHUSDT on BINANCE", "correlation_id": "-", "session_id": "-", "timestamp": "2025-08-19T08:36:45.200218+00:00"}
{"asctime": "2025-08-19 10:36:45,200", "levelname": "INFO", "name": "AresGlobal.AresLauncher", "message": "Starting from step: step2_feature_engineering", "correlation_id": "-", "session_id": "-", "timestamp": "2025-08-19T08:36:45.200300+00:00"}
{"asctime": "2025-08-19 10:36:45,200", "levelname": "INFO", "name": "AresGlobal.AresLauncher", "message": "🧪 BLANK TRAINING MODE: Set BLANK_TRAINING_MODE=1 for step-based training", "correlation_id": "-", "session_id": "-", "timestamp": "2025-08-19T08:36:45.200950+00:00"}
{"asctime": "2025-08-19 10:36:45,201", "levelname": "INFO", "name": "AresGlobal.ProgressManager", "message": "Initialized ProgressManager for ETHUSDT on BINANCE", "correlation_id": "-", "session_id": "-", "timestamp": "2025-08-19T08:36:45.201139+00:00"}
{"asctime": "2025-08-19 10:36:45,201", "levelname": "INFO", "name": "AresGlobal.ProgressManager", "message": "Progress directory: data/training/progress/BINANCE_ETHUSDT", "correlation_id": "-", "session_id": "-", "timestamp": "2025-08-19T08:36:45.201264+00:00"}
{"asctime": "2025-08-19 10:36:45,201", "levelname": "INFO", "name": "AresGlobal.StepOrchestrator", "message": "Initialized StepOrchestrator for ETHUSDT on BINANCE", "correlation_id": "-", "session_id": "-", "timestamp": "2025-08-19T08:36:45.201419+00:00"}
{"asctime": "2025-08-19 10:36:45,201", "levelname": "INFO", "name": "AresGlobal.ProgressManager", "message": "🗑️  Cleared progress for step2_feature_engineering", "correlation_id": "-", "session_id": "-", "timestamp": "2025-08-19T08:36:45.201536+00:00"}
{"asctime": "2025-08-19 10:36:45,201", "levelname": "INFO", "name": "AresGlobal.AresLauncher", "message": "🧹 Cleared progress for 'step2_feature_engineering' (force)", "correlation_id": "-", "session_id": "-", "timestamp": "2025-08-19T08:36:45.201632+00:00"}
{"asctime": "2025-08-19 10:36:45,201", "levelname": "INFO", "name": "AresGlobal.ProgressManager", "message": "🗑️  Cleared progress for step3_hmm_regime_discovery", "correlation_id": "-", "session_id": "-", "timestamp": "2025-08-19T08:36:45.201745+00:00"}
{"asctime": "2025-08-19 10:36:45,201", "levelname": "INFO", "name": "AresGlobal.AresLauncher", "message": "🧹 Cleared progress for 'step3_hmm_regime_discovery' (force)", "correlation_id": "-", "session_id": "-", "timestamp": "2025-08-19T08:36:45.201830+00:00"}
{"asctime": "2025-08-19 10:36:45,201", "levelname": "INFO", "name": "AresGlobal.ProgressManager", "message": "🗑️  Cleared progress for step4_processing_labeling", "correlation_id": "-", "session_id": "-", "timestamp": "2025-08-19T08:36:45.201984+00:00"}
{"asctime": "2025-08-19 10:36:45,202", "levelname": "INFO", "name": "AresGlobal.AresLauncher", "message": "🧹 Cleared progress for 'step4_processing_labeling' (force)", "correlation_id": "-", "session_id": "-", "timestamp": "2025-08-19T08:36:45.202116+00:00"}
{"asctime": "2025-08-19 10:36:45,202", "levelname": "INFO", "name": "AresGlobal.ProgressManager", "message": "🗑️  Cleared progress for step5_regime_data_splitting", "correlation_id": "-", "session_id": "-", "timestamp": "2025-08-19T08:36:45.202236+00:00"}
{"asctime": "2025-08-19 10:36:45,202", "levelname": "INFO", "name": "AresGlobal.AresLauncher", "message": "🧹 Cleared progress for 'step5_regime_data_splitting' (force)", "correlation_id": "-", "session_id": "-", "timestamp": "2025-08-19T08:36:45.202334+00:00"}
{"asctime": "2025-08-19 10:36:45,202", "levelname": "INFO", "name": "AresGlobal.ProgressManager", "message": "🗑️  Cleared progress for step6_hmm_based_training", "correlation_id": "-", "session_id": "-", "timestamp": "2025-08-19T08:36:45.202439+00:00"}
{"asctime": "2025-08-19 10:36:45,202", "levelname": "INFO", "name": "AresGlobal.AresLauncher", "message": "🧹 Cleared progress for 'step6_hmm_based_training' (force)", "correlation_id": "-", "session_id": "-", "timestamp": "2025-08-19T08:36:45.202522+00:00"}
{"asctime": "2025-08-19 10:36:45,202", "levelname": "INFO", "name": "AresGlobal.ProgressManager", "message": "🗑️  Cleared progress for step6_5_unified_regime_intelligence", "correlation_id": "-", "session_id": "-", "timestamp": "2025-08-19T08:36:45.202621+00:00"}
{"asctime": "2025-08-19 10:36:45,202", "levelname": "INFO", "name": "AresGlobal.AresLauncher", "message": "🧹 Cleared progress for 'step6_5_unified_regime_intelligence' (force)", "correlation_id": "-", "session_id": "-", "timestamp": "2025-08-19T08:36:45.202710+00:00"}
{"asctime": "2025-08-19 10:36:45,202", "levelname": "INFO", "name": "AresGlobal.ProgressManager", "message": "🗑️  Cleared progress for step7_analyst_enhancement", "correlation_id": "-", "session_id": "-", "timestamp": "2025-08-19T08:36:45.202813+00:00"}
{"asctime": "2025-08-19 10:36:45,202", "levelname": "INFO", "name": "AresGlobal.AresLauncher", "message": "🧹 Cleared progress for 'step7_analyst_enhancement' (force)", "correlation_id": "-", "session_id": "-", "timestamp": "2025-08-19T08:36:45.202897+00:00"}
{"asctime": "2025-08-19 10:36:45,202", "levelname": "INFO", "name": "AresGlobal.ProgressManager", "message": "🗑️  Cleared progress for step8_tactician_labeling", "correlation_id": "-", "session_id": "-", "timestamp": "2025-08-19T08:36:45.202996+00:00"}
{"asctime": "2025-08-19 10:36:45,203", "levelname": "INFO", "name": "AresGlobal.AresLauncher", "message": "🧹 Cleared progress for 'step8_tactician_labeling' (force)", "correlation_id": "-", "session_id": "-", "timestamp": "2025-08-19T08:36:45.203156+00:00"}
{"asctime": "2025-08-19 10:36:45,203", "levelname": "INFO", "name": "AresGlobal.ProgressManager", "message": "🗑️  Cleared progress for step9_tactician_specialist_training", "correlation_id": "-", "session_id": "-", "timestamp": "2025-08-19T08:36:45.203257+00:00"}
{"asctime": "2025-08-19 10:36:45,203", "levelname": "INFO", "name": "AresGlobal.AresLauncher", "message": "🧹 Cleared progress for 'step9_tactician_specialist_training' (force)", "correlation_id": "-", "session_id": "-", "timestamp": "2025-08-19T08:36:45.203345+00:00"}
{"asctime": "2025-08-19 10:36:45,203", "levelname": "INFO", "name": "AresGlobal.ProgressManager", "message": "🗑️  Cleared progress for step10_confidence_calibration", "correlation_id": "-", "session_id": "-", "timestamp": "2025-08-19T08:36:45.203440+00:00"}
{"asctime": "2025-08-19 10:36:45,203", "levelname": "INFO", "name": "AresGlobal.AresLauncher", "message": "🧹 Cleared progress for 'step10_confidence_calibration' (force)", "correlation_id": "-", "session_id": "-", "timestamp": "2025-08-19T08:36:45.203517+00:00"}
{"asctime": "2025-08-19 10:36:45,203", "levelname": "INFO", "name": "AresGlobal.ProgressManager", "message": "🗑️  Cleared progress for step11_final_parameters_optimization", "correlation_id": "-", "session_id": "-", "timestamp": "2025-08-19T08:36:45.203613+00:00"}
{"asctime": "2025-08-19 10:36:45,203", "levelname": "INFO", "name": "AresGlobal.AresLauncher", "message": "🧹 Cleared progress for 'step11_final_parameters_optimization' (force)", "correlation_id": "-", "session_id": "-", "timestamp": "2025-08-19T08:36:45.203692+00:00"}
{"asctime": "2025-08-19 10:36:45,203", "levelname": "INFO", "name": "AresGlobal.ProgressManager", "message": "🗑️  Cleared progress for step12_walk_forward_validation", "correlation_id": "-", "session_id": "-", "timestamp": "2025-08-19T08:36:45.203796+00:00"}
{"asctime": "2025-08-19 10:36:45,203", "levelname": "INFO", "name": "AresGlobal.AresLauncher", "message": "🧹 Cleared progress for 'step12_walk_forward_validation' (force)", "correlation_id": "-", "session_id": "-", "timestamp": "2025-08-19T08:36:45.203984+00:00"}
{"asctime": "2025-08-19 10:36:45,204", "levelname": "INFO", "name": "AresGlobal.ProgressManager", "message": "🗑️  Cleared progress for step13_monte_carlo_validation", "correlation_id": "-", "session_id": "-", "timestamp": "2025-08-19T08:36:45.204719+00:00"}
{"asctime": "2025-08-19 10:36:45,204", "levelname": "INFO", "name": "AresGlobal.AresLauncher", "message": "🧹 Cleared progress for 'step13_monte_carlo_validation' (force)", "correlation_id": "-", "session_id": "-", "timestamp": "2025-08-19T08:36:45.204991+00:00"}
{"asctime": "2025-08-19 10:36:45,205", "levelname": "INFO", "name": "AresGlobal.ProgressManager", "message": "🗑️  Cleared progress for step14_ab_testing", "correlation_id": "-", "session_id": "-", "timestamp": "2025-08-19T08:36:45.205201+00:00"}
{"asctime": "2025-08-19 10:36:45,205", "levelname": "INFO", "name": "AresGlobal.AresLauncher", "message": "🧹 Cleared progress for 'step14_ab_testing' (force)", "correlation_id": "-", "session_id": "-", "timestamp": "2025-08-19T08:36:45.205444+00:00"}
{"asctime": "2025-08-19 10:36:45,205", "levelname": "INFO", "name": "AresGlobal.ProgressManager", "message": "🗑️  Cleared progress for step15_saving", "correlation_id": "-", "session_id": "-", "timestamp": "2025-08-19T08:36:45.205625+00:00"}
{"asctime": "2025-08-19 10:36:45,205", "levelname": "INFO", "name": "AresGlobal.AresLauncher", "message": "🧹 Cleared progress for 'step15_saving' (force)", "correlation_id": "-", "session_id": "-", "timestamp": "2025-08-19T08:36:45.205721+00:00"}
{"asctime": "2025-08-19 10:36:45,205", "levelname": "INFO", "name": "AresGlobal.AresLauncher", "message": "✅ Cleared progress for 15 steps: ['step2_feature_engineering', 'step3_hmm_regime_discovery', 'step4_processing_labeling', 'step5_regime_data_splitting', 'step6_hmm_based_training', 'step6_5_unified_regime_intelligence', 'step7_analyst_enhancement', 'step8_tactician_labeling', 'step9_tactician_specialist_training', 'step10_confidence_calibration', 'step11_final_parameters_optimization', 'step12_walk_forward_validation', 'step13_monte_carlo_validation', 'step14_ab_testing', 'step15_saving']", "correlation_id": "-", "session_id": "-", "timestamp": "2025-08-19T08:36:45.205820+00:00"}
{"asctime": "2025-08-19 10:36:45,206", "levelname": "INFO", "name": "AresGlobal.StepOrchestrator", "message": "🚀 Starting execution from step: step2_feature_engineering", "correlation_id": "-", "session_id": "-", "timestamp": "2025-08-19T08:36:45.206502+00:00"}
{"asctime": "2025-08-19 10:36:51,396", "levelname": "INFO", "name": "AresGlobal.M1GPUAcceleration", "message": "✅ MPS (Metal Performance Shaders) available and enabled", "correlation_id": "-", "session_id": "-", "timestamp": "2025-08-19T08:36:51.396494+00:00"}
{"asctime": "2025-08-19 10:36:51,412", "levelname": "INFO", "name": "AresGlobal.StepOrchestrator", "message": "\u001b[91m\u001b[1m❌\u001b[0m \u001b[91m\u001b[1m❌ Failed to setup enhanced training manager\u001b[0m", "correlation_id": "-", "session_id": "-", "timestamp": "2025-08-19T08:36:51.412887+00:00"}
{"asctime": "2025-08-19 10:36:51,413", "levelname": "ERROR", "name": "AresGlobal.AresLauncher", "message": "❌ Step-based training pipeline failed", "correlation_id": "-", "session_id": "-", "timestamp": "2025-08-19T08:36:51.413260+00:00"}
{"asctime": "2025-08-19 10:36:51,413", "levelname": "INFO", "name": "AresGlobal", "message": "[SYSTEM] ================================================================================", "correlation_id": "-", "session_id": "-", "timestamp": "2025-08-19T08:36:51.413680+00:00"}
{"asctime": "2025-08-19 10:36:51,413", "levelname": "INFO", "name": "AresGlobal", "message": "[SYSTEM] 🛑 ARES LAUNCHER ENDED - Exit code: 1", "correlation_id": "-", "session_id": "-", "timestamp": "2025-08-19T08:36:51.413896+00:00"}
{"asctime": "2025-08-19 10:36:51,414", "levelname": "INFO", "name": "AresGlobal", "message": "[SYSTEM] End time: 2025-08-19 10:36:51", "correlation_id": "-", "session_id": "-", "timestamp": "2025-08-19T08:36:51.414085+00:00"}
{"asctime": "2025-08-19 10:36:51,414", "levelname": "INFO", "name": "AresGlobal", "message": "[SYSTEM] ================================================================================", "correlation_id": "-", "session_id": "-", "timestamp": "2025-08-19T08:36:51.414258+00:00"}
{"asctime": "2025-08-19 10:36:51,414", "levelname": "INFO", "name": "AresGlobal.AresLauncher", "message": "🧹 Cleaning up processes...", "correlation_id": "-", "session_id": "-", "timestamp": "2025-08-19T08:36:51.414346+00:00"}
{"asctime": "2025-08-19 10:36:51,414", "levelname": "INFO", "name": "AresGlobal.AresLauncher", "message": "✅ Cleanup completed", "correlation_id": "-", "session_id": "-", "timestamp": "2025-08-19T08:36:51.414443+00:00"}
