{"asctime": "2025-08-19 10:42:27,852", "levelname": "INFO", "name": "AresGlobal", "message": "================================================================================", "correlation_id": "-", "session_id": "-", "timestamp": "2025-08-19T08:42:27.852068+00:00"}
{"asctime": "2025-08-19 10:42:27,852", "levelname": "INFO", "name": "AresGlobal", "message": "📊 SESSION SUMMARY", "correlation_id": "-", "session_id": "-", "timestamp": "2025-08-19T08:42:27.852263+00:00"}
{"asctime": "2025-08-19 10:42:27,852", "levelname": "INFO", "name": "AresGlobal", "message": "Session started: 2025-08-19 10:42:27", "correlation_id": "-", "session_id": "-", "timestamp": "2025-08-19T08:42:27.852383+00:00"}
{"asctime": "2025-08-19 10:42:27,852", "levelname": "INFO", "name": "AresGlobal", "message": "This file contains ALL logs for this session", "correlation_id": "-", "session_id": "-", "timestamp": "2025-08-19T08:42:27.852470+00:00"}
{"asctime": "2025-08-19 10:42:27,852", "levelname": "INFO", "name": "AresGlobal", "message": "================================================================================", "correlation_id": "-", "session_id": "-", "timestamp": "2025-08-19T08:42:27.852550+00:00"}
{"asctime": "2025-08-19 10:42:27,852", "levelname": "INFO", "name": "AresSystem", "message": "================================================================================", "correlation_id": "-", "session_id": "-", "timestamp": "2025-08-19T08:42:27.852685+00:00"}
{"asctime": "2025-08-19 10:42:27,852", "levelname": "INFO", "name": "AresGlobal", "message": "[SYSTEM] ================================================================================", "correlation_id": "-", "session_id": "-", "timestamp": "2025-08-19T08:42:27.852772+00:00"}
{"asctime": "2025-08-19 10:42:27,852", "levelname": "INFO", "name": "AresSystem", "message": "🚀 ARES LAUNCHER STARTED - Mode: INITIALIZATION", "correlation_id": "-", "session_id": "-", "timestamp": "2025-08-19T08:42:27.852851+00:00"}
{"asctime": "2025-08-19 10:42:27,852", "levelname": "INFO", "name": "AresGlobal", "message": "[SYSTEM] 🚀 ARES LAUNCHER STARTED - Mode: INITIALIZATION", "correlation_id": "-", "session_id": "-", "timestamp": "2025-08-19T08:42:27.852934+00:00"}
{"asctime": "2025-08-19 10:42:27,853", "levelname": "INFO", "name": "AresSystem", "message": "Start time: 2025-08-19 10:42:27", "correlation_id": "-", "session_id": "-", "timestamp": "2025-08-19T08:42:27.853018+00:00"}
{"asctime": "2025-08-19 10:42:27,853", "levelname": "INFO", "name": "AresGlobal", "message": "[SYSTEM] Start time: 2025-08-19 10:42:27", "correlation_id": "-", "session_id": "-", "timestamp": "2025-08-19T08:42:27.853096+00:00"}
{"asctime": "2025-08-19 10:42:27,853", "levelname": "INFO", "name": "AresSystem", "message": "Log directory: log", "correlation_id": "-", "session_id": "-", "timestamp": "2025-08-19T08:42:27.853171+00:00"}
{"asctime": "2025-08-19 10:42:27,853", "levelname": "INFO", "name": "AresGlobal", "message": "[SYSTEM] Log directory: log", "correlation_id": "-", "session_id": "-", "timestamp": "2025-08-19T08:42:27.853245+00:00"}
{"asctime": "2025-08-19 10:42:27,853", "levelname": "INFO", "name": "AresSystem", "message": "================================================================================", "correlation_id": "-", "session_id": "-", "timestamp": "2025-08-19T08:42:27.853322+00:00"}
{"asctime": "2025-08-19 10:42:27,853", "levelname": "INFO", "name": "AresGlobal", "message": "[SYSTEM] ================================================================================", "correlation_id": "-", "session_id": "-", "timestamp": "2025-08-19T08:42:27.853398+00:00"}
{"asctime": "2025-08-19 10:42:27,853", "levelname": "INFO", "name": "AresGlobal.AresLauncher", "message": "================================================================================", "correlation_id": "-", "session_id": "-", "timestamp": "2025-08-19T08:42:27.853473+00:00"}
{"asctime": "2025-08-19 10:42:27,853", "levelname": "INFO", "name": "AresGlobal.AresLauncher", "message": "🚀 ARES COMPREHENSIVE LAUNCHER", "correlation_id": "-", "session_id": "-", "timestamp": "2025-08-19T08:42:27.853549+00:00"}
{"asctime": "2025-08-19 10:42:27,853", "levelname": "INFO", "name": "AresGlobal.AresLauncher", "message": "================================================================================", "correlation_id": "-", "session_id": "-", "timestamp": "2025-08-19T08:42:27.853638+00:00"}
{"asctime": "2025-08-19 10:42:27,853", "levelname": "INFO", "name": "AresGlobal.AresLauncher", "message": "Start time: 2025-08-19 10:42:27", "correlation_id": "-", "session_id": "-", "timestamp": "2025-08-19T08:42:27.853718+00:00"}
{"asctime": "2025-08-19 10:42:27,853", "levelname": "INFO", "name": "AresGlobal.AresLauncher", "message": "Log directory: log", "correlation_id": "-", "session_id": "-", "timestamp": "2025-08-19T08:42:27.853791+00:00"}
{"asctime": "2025-08-19 10:42:27,853", "levelname": "INFO", "name": "AresGlobal.AresLauncher", "message": "Log level: INFO", "correlation_id": "-", "session_id": "-", "timestamp": "2025-08-19T08:42:27.853863+00:00"}
{"asctime": "2025-08-19 10:42:27,853", "levelname": "INFO", "name": "AresGlobal.AresLauncher", "message": "Global log file: ares_global_20250819_104227.log", "correlation_id": "-", "session_id": "-", "timestamp": "2025-08-19T08:42:27.853939+00:00"}
{"asctime": "2025-08-19 10:42:27,854", "levelname": "INFO", "name": "AresGlobal.AresLauncher", "message": "Full run log: log/ares_full_20250819_104227.log", "correlation_id": "-", "session_id": "-", "timestamp": "2025-08-19T08:42:27.854020+00:00"}
{"asctime": "2025-08-19 10:42:27,854", "levelname": "INFO", "name": "AresGlobal.AresLauncher", "message": "Trades log: log/ares_trades_20250819_104227.log", "correlation_id": "-", "session_id": "-", "timestamp": "2025-08-19T08:42:27.854090+00:00"}
{"asctime": "2025-08-19 10:42:27,854", "levelname": "INFO", "name": "AresGlobal.AresLauncher", "message": "Backtest log: log/ares_backtest_20250819_104227.log", "correlation_id": "-", "session_id": "-", "timestamp": "2025-08-19T08:42:27.854159+00:00"}
{"asctime": "2025-08-19 10:42:27,854", "levelname": "INFO", "name": "AresGlobal.AresLauncher", "message": "================================================================================", "correlation_id": "-", "session_id": "-", "timestamp": "2025-08-19T08:42:27.854228+00:00"}
{"asctime": "2025-08-19 10:42:27,854", "levelname": "INFO", "name": "AresTradingSystem.System.SignalHandler", "message": "Shutdown callback registered", "correlation_id": "-", "session_id": "-", "timestamp": "2025-08-19T08:42:27.854304+00:00"}
{"asctime": "2025-08-19 10:42:27,854", "levelname": "INFO", "name": "AresSystem", "message": "================================================================================", "correlation_id": "-", "session_id": "-", "timestamp": "2025-08-19T08:42:27.854384+00:00"}
{"asctime": "2025-08-19 10:42:27,854", "levelname": "INFO", "name": "AresGlobal", "message": "[SYSTEM] ================================================================================", "correlation_id": "-", "session_id": "-", "timestamp": "2025-08-19T08:42:27.854458+00:00"}
{"asctime": "2025-08-19 10:42:27,854", "levelname": "INFO", "name": "AresSystem", "message": "🚀 ARES LAUNCHER STARTED - Mode: blank - Symbol: ETHUSDT - Exchange: BINANCE", "correlation_id": "-", "session_id": "-", "timestamp": "2025-08-19T08:42:27.854529+00:00"}
{"asctime": "2025-08-19 10:42:27,854", "levelname": "INFO", "name": "AresGlobal", "message": "[SYSTEM] 🚀 ARES LAUNCHER STARTED - Mode: blank - Symbol: ETHUSDT - Exchange: BINANCE", "correlation_id": "-", "session_id": "-", "timestamp": "2025-08-19T08:42:27.854608+00:00"}
{"asctime": "2025-08-19 10:42:27,854", "levelname": "INFO", "name": "AresSystem", "message": "Start time: 2025-08-19 10:42:27", "correlation_id": "-", "session_id": "-", "timestamp": "2025-08-19T08:42:27.854688+00:00"}
{"asctime": "2025-08-19 10:42:27,854", "levelname": "INFO", "name": "AresGlobal", "message": "[SYSTEM] Start time: 2025-08-19 10:42:27", "correlation_id": "-", "session_id": "-", "timestamp": "2025-08-19T08:42:27.854758+00:00"}
{"asctime": "2025-08-19 10:42:27,854", "levelname": "INFO", "name": "AresSystem", "message": "Log directory: log", "correlation_id": "-", "session_id": "-", "timestamp": "2025-08-19T08:42:27.854828+00:00"}
{"asctime": "2025-08-19 10:42:27,854", "levelname": "INFO", "name": "AresGlobal", "message": "[SYSTEM] Log directory: log", "correlation_id": "-", "session_id": "-", "timestamp": "2025-08-19T08:42:27.854960+00:00"}
{"asctime": "2025-08-19 10:42:27,855", "levelname": "INFO", "name": "AresSystem", "message": "================================================================================", "correlation_id": "-", "session_id": "-", "timestamp": "2025-08-19T08:42:27.855031+00:00"}
{"asctime": "2025-08-19 10:42:27,855", "levelname": "INFO", "name": "AresGlobal", "message": "[SYSTEM] ================================================================================", "correlation_id": "-", "session_id": "-", "timestamp": "2025-08-19T08:42:27.855102+00:00"}
{"asctime": "2025-08-19 10:42:27,855", "levelname": "INFO", "name": "AresGlobal.AresLauncher", "message": "🚀 Running enhanced 16-step training pipeline for ETHUSDT on BINANCE", "correlation_id": "-", "session_id": "-", "timestamp": "2025-08-19T08:42:27.855185+00:00"}
{"asctime": "2025-08-19 10:42:27,855", "levelname": "INFO", "name": "AresGlobal.AresLauncher", "message": "Starting from step: step2_feature_engineering", "correlation_id": "-", "session_id": "-", "timestamp": "2025-08-19T08:42:27.855264+00:00"}
{"asctime": "2025-08-19 10:42:27,856", "levelname": "INFO", "name": "AresGlobal.AresLauncher", "message": "🧪 BLANK TRAINING MODE: Set BLANK_TRAINING_MODE=1 for step-based training", "correlation_id": "-", "session_id": "-", "timestamp": "2025-08-19T08:42:27.856249+00:00"}
{"asctime": "2025-08-19 10:42:27,856", "levelname": "INFO", "name": "AresGlobal.ProgressManager", "message": "Initialized ProgressManager for ETHUSDT on BINANCE", "correlation_id": "-", "session_id": "-", "timestamp": "2025-08-19T08:42:27.856388+00:00"}
{"asctime": "2025-08-19 10:42:27,856", "levelname": "INFO", "name": "AresGlobal.ProgressManager", "message": "Progress directory: data/training/progress/BINANCE_ETHUSDT", "correlation_id": "-", "session_id": "-", "timestamp": "2025-08-19T08:42:27.856470+00:00"}
{"asctime": "2025-08-19 10:42:27,856", "levelname": "INFO", "name": "AresGlobal.StepOrchestrator", "message": "Initialized StepOrchestrator for ETHUSDT on BINANCE", "correlation_id": "-", "session_id": "-", "timestamp": "2025-08-19T08:42:27.856548+00:00"}
{"asctime": "2025-08-19 10:42:27,856", "levelname": "INFO", "name": "AresGlobal.ProgressManager", "message": "🗑️  Cleared progress for step2_feature_engineering", "correlation_id": "-", "session_id": "-", "timestamp": "2025-08-19T08:42:27.856657+00:00"}
{"asctime": "2025-08-19 10:42:27,856", "levelname": "INFO", "name": "AresGlobal.AresLauncher", "message": "🧹 Cleared progress for 'step2_feature_engineering' (force)", "correlation_id": "-", "session_id": "-", "timestamp": "2025-08-19T08:42:27.856748+00:00"}
{"asctime": "2025-08-19 10:42:27,856", "levelname": "INFO", "name": "AresGlobal.ProgressManager", "message": "🗑️  Cleared progress for step3_hmm_regime_discovery", "correlation_id": "-", "session_id": "-", "timestamp": "2025-08-19T08:42:27.856851+00:00"}
{"asctime": "2025-08-19 10:42:27,856", "levelname": "INFO", "name": "AresGlobal.AresLauncher", "message": "🧹 Cleared progress for 'step3_hmm_regime_discovery' (force)", "correlation_id": "-", "session_id": "-", "timestamp": "2025-08-19T08:42:27.856928+00:00"}
{"asctime": "2025-08-19 10:42:27,857", "levelname": "INFO", "name": "AresGlobal.ProgressManager", "message": "🗑️  Cleared progress for step4_processing_labeling", "correlation_id": "-", "session_id": "-", "timestamp": "2025-08-19T08:42:27.857022+00:00"}
{"asctime": "2025-08-19 10:42:27,857", "levelname": "INFO", "name": "AresGlobal.AresLauncher", "message": "🧹 Cleared progress for 'step4_processing_labeling' (force)", "correlation_id": "-", "session_id": "-", "timestamp": "2025-08-19T08:42:27.857310+00:00"}
{"asctime": "2025-08-19 10:42:27,857", "levelname": "INFO", "name": "AresGlobal.ProgressManager", "message": "🗑️  Cleared progress for step5_regime_data_splitting", "correlation_id": "-", "session_id": "-", "timestamp": "2025-08-19T08:42:27.857475+00:00"}
{"asctime": "2025-08-19 10:42:27,857", "levelname": "INFO", "name": "AresGlobal.AresLauncher", "message": "🧹 Cleared progress for 'step5_regime_data_splitting' (force)", "correlation_id": "-", "session_id": "-", "timestamp": "2025-08-19T08:42:27.857577+00:00"}
{"asctime": "2025-08-19 10:42:27,857", "levelname": "INFO", "name": "AresGlobal.ProgressManager", "message": "🗑️  Cleared progress for step6_hmm_based_training", "correlation_id": "-", "session_id": "-", "timestamp": "2025-08-19T08:42:27.857684+00:00"}
{"asctime": "2025-08-19 10:42:27,857", "levelname": "INFO", "name": "AresGlobal.AresLauncher", "message": "🧹 Cleared progress for 'step6_hmm_based_training' (force)", "correlation_id": "-", "session_id": "-", "timestamp": "2025-08-19T08:42:27.857767+00:00"}
{"asctime": "2025-08-19 10:42:27,857", "levelname": "INFO", "name": "AresGlobal.ProgressManager", "message": "🗑️  Cleared progress for step6_5_unified_regime_intelligence", "correlation_id": "-", "session_id": "-", "timestamp": "2025-08-19T08:42:27.857923+00:00"}
{"asctime": "2025-08-19 10:42:27,858", "levelname": "INFO", "name": "AresGlobal.AresLauncher", "message": "🧹 Cleared progress for 'step6_5_unified_regime_intelligence' (force)", "correlation_id": "-", "session_id": "-", "timestamp": "2025-08-19T08:42:27.858068+00:00"}
{"asctime": "2025-08-19 10:42:27,858", "levelname": "INFO", "name": "AresGlobal.ProgressManager", "message": "🗑️  Cleared progress for step7_analyst_enhancement", "correlation_id": "-", "session_id": "-", "timestamp": "2025-08-19T08:42:27.858181+00:00"}
{"asctime": "2025-08-19 10:42:27,858", "levelname": "INFO", "name": "AresGlobal.AresLauncher", "message": "🧹 Cleared progress for 'step7_analyst_enhancement' (force)", "correlation_id": "-", "session_id": "-", "timestamp": "2025-08-19T08:42:27.858265+00:00"}
{"asctime": "2025-08-19 10:42:27,858", "levelname": "INFO", "name": "AresGlobal.ProgressManager", "message": "🗑️  Cleared progress for step8_tactician_labeling", "correlation_id": "-", "session_id": "-", "timestamp": "2025-08-19T08:42:27.858366+00:00"}
{"asctime": "2025-08-19 10:42:27,858", "levelname": "INFO", "name": "AresGlobal.AresLauncher", "message": "🧹 Cleared progress for 'step8_tactician_labeling' (force)", "correlation_id": "-", "session_id": "-", "timestamp": "2025-08-19T08:42:27.858445+00:00"}
{"asctime": "2025-08-19 10:42:27,858", "levelname": "INFO", "name": "AresGlobal.ProgressManager", "message": "🗑️  Cleared progress for step9_tactician_specialist_training", "correlation_id": "-", "session_id": "-", "timestamp": "2025-08-19T08:42:27.858573+00:00"}
{"asctime": "2025-08-19 10:42:27,859", "levelname": "INFO", "name": "AresGlobal.AresLauncher", "message": "🧹 Cleared progress for 'step9_tactician_specialist_training' (force)", "correlation_id": "-", "session_id": "-", "timestamp": "2025-08-19T08:42:27.859182+00:00"}
{"asctime": "2025-08-19 10:42:27,859", "levelname": "INFO", "name": "AresGlobal.ProgressManager", "message": "🗑️  Cleared progress for step10_confidence_calibration", "correlation_id": "-", "session_id": "-", "timestamp": "2025-08-19T08:42:27.859390+00:00"}
{"asctime": "2025-08-19 10:42:27,859", "levelname": "INFO", "name": "AresGlobal.AresLauncher", "message": "🧹 Cleared progress for 'step10_confidence_calibration' (force)", "correlation_id": "-", "session_id": "-", "timestamp": "2025-08-19T08:42:27.859476+00:00"}
{"asctime": "2025-08-19 10:42:27,859", "levelname": "INFO", "name": "AresGlobal.ProgressManager", "message": "🗑️  Cleared progress for step11_final_parameters_optimization", "correlation_id": "-", "session_id": "-", "timestamp": "2025-08-19T08:42:27.859574+00:00"}
{"asctime": "2025-08-19 10:42:27,859", "levelname": "INFO", "name": "AresGlobal.AresLauncher", "message": "🧹 Cleared progress for 'step11_final_parameters_optimization' (force)", "correlation_id": "-", "session_id": "-", "timestamp": "2025-08-19T08:42:27.859652+00:00"}
{"asctime": "2025-08-19 10:42:27,859", "levelname": "INFO", "name": "AresGlobal.ProgressManager", "message": "🗑️  Cleared progress for step12_walk_forward_validation", "correlation_id": "-", "session_id": "-", "timestamp": "2025-08-19T08:42:27.859754+00:00"}
{"asctime": "2025-08-19 10:42:27,859", "levelname": "INFO", "name": "AresGlobal.AresLauncher", "message": "🧹 Cleared progress for 'step12_walk_forward_validation' (force)", "correlation_id": "-", "session_id": "-", "timestamp": "2025-08-19T08:42:27.859920+00:00"}
{"asctime": "2025-08-19 10:42:27,860", "levelname": "INFO", "name": "AresGlobal.ProgressManager", "message": "🗑️  Cleared progress for step13_monte_carlo_validation", "correlation_id": "-", "session_id": "-", "timestamp": "2025-08-19T08:42:27.860038+00:00"}
{"asctime": "2025-08-19 10:42:27,860", "levelname": "INFO", "name": "AresGlobal.AresLauncher", "message": "🧹 Cleared progress for 'step13_monte_carlo_validation' (force)", "correlation_id": "-", "session_id": "-", "timestamp": "2025-08-19T08:42:27.860120+00:00"}
{"asctime": "2025-08-19 10:42:27,860", "levelname": "INFO", "name": "AresGlobal.ProgressManager", "message": "🗑️  Cleared progress for step14_ab_testing", "correlation_id": "-", "session_id": "-", "timestamp": "2025-08-19T08:42:27.860217+00:00"}
{"asctime": "2025-08-19 10:42:27,860", "levelname": "INFO", "name": "AresGlobal.AresLauncher", "message": "🧹 Cleared progress for 'step14_ab_testing' (force)", "correlation_id": "-", "session_id": "-", "timestamp": "2025-08-19T08:42:27.860297+00:00"}
{"asctime": "2025-08-19 10:42:27,860", "levelname": "INFO", "name": "AresGlobal.ProgressManager", "message": "🗑️  Cleared progress for step15_saving", "correlation_id": "-", "session_id": "-", "timestamp": "2025-08-19T08:42:27.860392+00:00"}
{"asctime": "2025-08-19 10:42:27,860", "levelname": "INFO", "name": "AresGlobal.AresLauncher", "message": "🧹 Cleared progress for 'step15_saving' (force)", "correlation_id": "-", "session_id": "-", "timestamp": "2025-08-19T08:42:27.860474+00:00"}
{"asctime": "2025-08-19 10:42:27,860", "levelname": "INFO", "name": "AresGlobal.AresLauncher", "message": "✅ Cleared progress for 15 steps: ['step2_feature_engineering', 'step3_hmm_regime_discovery', 'step4_processing_labeling', 'step5_regime_data_splitting', 'step6_hmm_based_training', 'step6_5_unified_regime_intelligence', 'step7_analyst_enhancement', 'step8_tactician_labeling', 'step9_tactician_specialist_training', 'step10_confidence_calibration', 'step11_final_parameters_optimization', 'step12_walk_forward_validation', 'step13_monte_carlo_validation', 'step14_ab_testing', 'step15_saving']", "correlation_id": "-", "session_id": "-", "timestamp": "2025-08-19T08:42:27.860557+00:00"}
{"asctime": "2025-08-19 10:42:27,860", "levelname": "DEBUG", "name": "asyncio", "message": "Using selector: KqueueSelector", "correlation_id": "-", "session_id": "-", "timestamp": "2025-08-19T08:42:27.860863+00:00"}
{"asctime": "2025-08-19 10:42:27,861", "levelname": "INFO", "name": "AresGlobal.StepOrchestrator", "message": "🚀 Starting execution from step: step2_feature_engineering", "correlation_id": "-", "session_id": "-", "timestamp": "2025-08-19T08:42:27.861065+00:00"}
{"asctime": "2025-08-19 10:42:30,530", "levelname": "DEBUG", "name": "matplotlib", "message": "matplotlib data path: /opt/homebrew/Caskroom/miniforge/base/lib/python3.12/site-packages/matplotlib/mpl-data", "correlation_id": "-", "session_id": "-", "timestamp": "2025-08-19T08:42:30.530555+00:00"}
{"asctime": "2025-08-19 10:42:30,534", "levelname": "DEBUG", "name": "matplotlib", "message": "CONFIGDIR=/Users/remyroche/.matplotlib", "correlation_id": "-", "session_id": "-", "timestamp": "2025-08-19T08:42:30.534042+00:00"}
{"asctime": "2025-08-19 10:42:30,534", "levelname": "DEBUG", "name": "matplotlib", "message": "interactive is False", "correlation_id": "-", "session_id": "-", "timestamp": "2025-08-19T08:42:30.534828+00:00"}
{"asctime": "2025-08-19 10:42:30,534", "levelname": "DEBUG", "name": "matplotlib", "message": "platform is darwin", "correlation_id": "-", "session_id": "-", "timestamp": "2025-08-19T08:42:30.534984+00:00"}
{"asctime": "2025-08-19 10:42:30,548", "levelname": "DEBUG", "name": "graphviz._tools", "message": "deprecate positional args: graphviz.backend.piping.pipe(['renderer', 'formatter', 'neato_no_op', 'quiet'])", "correlation_id": "-", "session_id": "-", "timestamp": "2025-08-19T08:42:30.548755+00:00"}
{"asctime": "2025-08-19 10:42:30,549", "levelname": "DEBUG", "name": "graphviz._tools", "message": "deprecate positional args: graphviz.backend.rendering.render(['renderer', 'formatter', 'neato_no_op', 'quiet'])", "correlation_id": "-", "session_id": "-", "timestamp": "2025-08-19T08:42:30.549259+00:00"}
{"asctime": "2025-08-19 10:42:30,549", "levelname": "DEBUG", "name": "graphviz._tools", "message": "deprecate positional args: graphviz.backend.unflattening.unflatten(['stagger', 'fanout', 'chain', 'encoding'])", "correlation_id": "-", "session_id": "-", "timestamp": "2025-08-19T08:42:30.549600+00:00"}
{"asctime": "2025-08-19 10:42:30,549", "levelname": "DEBUG", "name": "graphviz._tools", "message": "deprecate positional args: graphviz.backend.viewing.view(['quiet'])", "correlation_id": "-", "session_id": "-", "timestamp": "2025-08-19T08:42:30.549868+00:00"}
{"asctime": "2025-08-19 10:42:30,551", "levelname": "DEBUG", "name": "graphviz._tools", "message": "deprecate positional args: graphviz.quoting.quote(['is_html_string', 'is_valid_id', 'dot_keywords', 'endswith_odd_number_of_backslashes', 'escape_unescaped_quotes'])", "correlation_id": "-", "session_id": "-", "timestamp": "2025-08-19T08:42:30.551679+00:00"}
{"asctime": "2025-08-19 10:42:30,551", "levelname": "DEBUG", "name": "graphviz._tools", "message": "deprecate positional args: graphviz.quoting.a_list(['kwargs', 'attributes'])", "correlation_id": "-", "session_id": "-", "timestamp": "2025-08-19T08:42:30.551845+00:00"}
{"asctime": "2025-08-19 10:42:30,551", "levelname": "DEBUG", "name": "graphviz._tools", "message": "deprecate positional args: graphviz.quoting.attr_list(['kwargs', 'attributes'])", "correlation_id": "-", "session_id": "-", "timestamp": "2025-08-19T08:42:30.551937+00:00"}
{"asctime": "2025-08-19 10:42:30,552", "levelname": "DEBUG", "name": "graphviz._tools", "message": "deprecate positional args: graphviz.dot.Dot.clear(['self', 'keep_attrs'])", "correlation_id": "-", "session_id": "-", "timestamp": "2025-08-19T08:42:30.552094+00:00"}
{"asctime": "2025-08-19 10:42:30,552", "levelname": "DEBUG", "name": "graphviz._tools", "message": "deprecate positional args: graphviz.dot.Dot.__iter__(['self', 'subgraph'])", "correlation_id": "-", "session_id": "-", "timestamp": "2025-08-19T08:42:30.552165+00:00"}
{"asctime": "2025-08-19 10:42:30,552", "levelname": "DEBUG", "name": "graphviz._tools", "message": "deprecate positional args: graphviz.dot.Dot.node(['label', '_attributes'])", "correlation_id": "-", "session_id": "-", "timestamp": "2025-08-19T08:42:30.552229+00:00"}
{"asctime": "2025-08-19 10:42:30,552", "levelname": "DEBUG", "name": "graphviz._tools", "message": "deprecate positional args: graphviz.dot.Dot.edge(['label', '_attributes'])", "correlation_id": "-", "session_id": "-", "timestamp": "2025-08-19T08:42:30.552290+00:00"}
{"asctime": "2025-08-19 10:42:30,552", "levelname": "DEBUG", "name": "graphviz._tools", "message": "deprecate positional args: graphviz.dot.Dot.attr(['kw', '_attributes'])", "correlation_id": "-", "session_id": "-", "timestamp": "2025-08-19T08:42:30.552349+00:00"}
{"asctime": "2025-08-19 10:42:30,552", "levelname": "DEBUG", "name": "graphviz._tools", "message": "deprecate positional args: graphviz.dot.Dot.subgraph(['graph', 'name', 'comment', 'graph_attr', 'node_attr', 'edge_attr', 'body'])", "correlation_id": "-", "session_id": "-", "timestamp": "2025-08-19T08:42:30.552409+00:00"}
{"asctime": "2025-08-19 10:42:30,553", "levelname": "DEBUG", "name": "graphviz._tools", "message": "deprecate positional args: graphviz.piping.Pipe._pipe_legacy(['format', 'renderer', 'formatter', 'neato_no_op', 'quiet'])", "correlation_id": "-", "session_id": "-", "timestamp": "2025-08-19T08:42:30.553182+00:00"}
{"asctime": "2025-08-19 10:42:30,553", "levelname": "DEBUG", "name": "graphviz._tools", "message": "deprecate positional args: graphviz.saving.Save.save(['filename', 'directory'])", "correlation_id": "-", "session_id": "-", "timestamp": "2025-08-19T08:42:30.553832+00:00"}
{"asctime": "2025-08-19 10:42:30,553", "levelname": "DEBUG", "name": "graphviz._tools", "message": "deprecate positional args: graphviz.rendering.Render.render(['filename', 'directory', 'view', 'cleanup', 'format', 'renderer', 'formatter', 'neato_no_op', 'quiet', 'quiet_view'])", "correlation_id": "-", "session_id": "-", "timestamp": "2025-08-19T08:42:30.553952+00:00"}
{"asctime": "2025-08-19 10:42:30,554", "levelname": "DEBUG", "name": "graphviz._tools", "message": "deprecate positional args: graphviz.rendering.Render.view(['filename', 'directory', 'cleanup', 'quiet', 'quiet_view'])", "correlation_id": "-", "session_id": "-", "timestamp": "2025-08-19T08:42:30.554027+00:00"}
{"asctime": "2025-08-19 10:42:30,554", "levelname": "DEBUG", "name": "graphviz._tools", "message": "deprecate positional args: graphviz.unflattening.Unflatten.unflatten(['self', 'stagger', 'fanout', 'chain'])", "correlation_id": "-", "session_id": "-", "timestamp": "2025-08-19T08:42:30.554378+00:00"}
{"asctime": "2025-08-19 10:42:30,554", "levelname": "DEBUG", "name": "graphviz._tools", "message": "deprecate positional args: graphviz.graphs.BaseGraph.__init__(['name', 'comment', 'filename', 'directory', 'format', 'engine', 'encoding', 'graph_attr', 'node_attr', 'edge_attr', 'body', 'strict'])", "correlation_id": "-", "session_id": "-", "timestamp": "2025-08-19T08:42:30.554487+00:00"}
{"asctime": "2025-08-19 10:42:30,554", "levelname": "DEBUG", "name": "graphviz._tools", "message": "deprecate positional args: graphviz.sources.Source.from_file(['filename', 'directory', 'format', 'engine', 'encoding', 'renderer', 'formatter'])", "correlation_id": "-", "session_id": "-", "timestamp": "2025-08-19T08:42:30.554815+00:00"}
{"asctime": "2025-08-19 10:42:30,554", "levelname": "DEBUG", "name": "graphviz._tools", "message": "deprecate positional args: graphviz.sources.Source.__init__(['source', 'filename', 'directory', 'format', 'engine', 'encoding'])", "correlation_id": "-", "session_id": "-", "timestamp": "2025-08-19T08:42:30.554901+00:00"}
{"asctime": "2025-08-19 10:42:30,554", "levelname": "DEBUG", "name": "graphviz._tools", "message": "deprecate positional args: graphviz.sources.Source.save(['filename', 'directory'])", "correlation_id": "-", "session_id": "-", "timestamp": "2025-08-19T08:42:30.554961+00:00"}
{"asctime": "2025-08-19 10:42:31,167", "levelname": "DEBUG", "name": "matplotlib", "message": "CACHEDIR=/Users/remyroche/.matplotlib", "correlation_id": "-", "session_id": "-", "timestamp": "2025-08-19T08:42:31.167088+00:00"}
{"asctime": "2025-08-19 10:42:31,169", "levelname": "DEBUG", "name": "matplotlib.font_manager", "message": "Using fontManager instance from /Users/remyroche/.matplotlib/fontlist-v390.json", "correlation_id": "-", "session_id": "-", "timestamp": "2025-08-19T08:42:31.169216+00:00"}
{"asctime": "2025-08-19 10:42:34,797", "levelname": "DEBUG", "name": "h5py._conv", "message": "Creating converter from 7 to 5", "correlation_id": "-", "session_id": "-", "timestamp": "2025-08-19T08:42:34.797438+00:00"}
{"asctime": "2025-08-19 10:42:34,797", "levelname": "DEBUG", "name": "h5py._conv", "message": "Creating converter from 5 to 7", "correlation_id": "-", "session_id": "-", "timestamp": "2025-08-19T08:42:34.797857+00:00"}
{"asctime": "2025-08-19 10:42:34,797", "levelname": "DEBUG", "name": "h5py._conv", "message": "Creating converter from 7 to 5", "correlation_id": "-", "session_id": "-", "timestamp": "2025-08-19T08:42:34.797950+00:00"}
{"asctime": "2025-08-19 10:42:34,798", "levelname": "DEBUG", "name": "h5py._conv", "message": "Creating converter from 5 to 7", "correlation_id": "-", "session_id": "-", "timestamp": "2025-08-19T08:42:34.798005+00:00"}
{"asctime": "2025-08-19 10:42:35,548", "levelname": "DEBUG", "name": "asyncio", "message": "Using selector: KqueueSelector", "correlation_id": "-", "session_id": "-", "timestamp": "2025-08-19T08:42:35.548852+00:00"}
{"asctime": "2025-08-19 10:42:35,616", "levelname": "INFO", "name": "src.utils.prometheus_metrics", "message": "Prometheus metrics server started on port 9000", "correlation_id": "-", "session_id": "-", "timestamp": "2025-08-19T08:42:35.616936+00:00"}
{"asctime": "2025-08-19 10:42:35,640", "levelname": "INFO", "name": "AresGlobal.M1GPUAcceleration", "message": "✅ MPS (Metal Performance Shaders) available and enabled", "correlation_id": "-", "session_id": "-", "timestamp": "2025-08-19T08:42:35.640899+00:00"}
{"asctime": "2025-08-19 10:42:35,644", "levelname": "INFO", "name": "AresGlobal.ComputationalOptimizationManager", "message": "Computational Optimization Manager initialized", "correlation_id": "-", "session_id": "-", "timestamp": "2025-08-19T08:42:35.644543+00:00"}
{"asctime": "2025-08-19 10:42:35,647", "levelname": "INFO", "name": "AresGlobal.StepOrchestrator", "message": "✅ Enhanced training manager setup successfully", "correlation_id": "-", "session_id": "-", "timestamp": "2025-08-19T08:42:35.647257+00:00"}
{"asctime": "2025-08-19 10:42:35,702", "levelname": "INFO", "name": "AresGlobal.M1GPUAcceleration", "message": "🧹 GPU memory cleared", "correlation_id": "-", "session_id": "-", "timestamp": "2025-08-19T08:42:35.702283+00:00"}
{"asctime": "2025-08-19 10:42:35,702", "levelname": "INFO", "name": "AresGlobal.StepOrchestrator", "message": "❌ ❌ Enhanced 16-step training pipeline failed", "correlation_id": "-", "session_id": "-", "timestamp": "2025-08-19T08:42:35.702530+00:00"}
{"asctime": "2025-08-19 10:42:35,703", "levelname": "ERROR", "name": "AresGlobal.AresLauncher", "message": "❌ Step-based training pipeline failed", "correlation_id": "-", "session_id": "-", "timestamp": "2025-08-19T08:42:35.703053+00:00"}
{"asctime": "2025-08-19 10:42:35,703", "levelname": "INFO", "name": "AresSystem", "message": "================================================================================", "correlation_id": "-", "session_id": "-", "timestamp": "2025-08-19T08:42:35.703380+00:00"}
{"asctime": "2025-08-19 10:42:35,703", "levelname": "INFO", "name": "AresGlobal", "message": "[SYSTEM] ================================================================================", "correlation_id": "-", "session_id": "-", "timestamp": "2025-08-19T08:42:35.703739+00:00"}
{"asctime": "2025-08-19 10:42:35,703", "levelname": "INFO", "name": "AresSystem", "message": "🛑 ARES LAUNCHER ENDED - Exit code: 1", "correlation_id": "-", "session_id": "-", "timestamp": "2025-08-19T08:42:35.703854+00:00"}
{"asctime": "2025-08-19 10:42:35,703", "levelname": "INFO", "name": "AresGlobal", "message": "[SYSTEM] 🛑 ARES LAUNCHER ENDED - Exit code: 1", "correlation_id": "-", "session_id": "-", "timestamp": "2025-08-19T08:42:35.703955+00:00"}
{"asctime": "2025-08-19 10:42:35,704", "levelname": "INFO", "name": "AresSystem", "message": "End time: 2025-08-19 10:42:35", "correlation_id": "-", "session_id": "-", "timestamp": "2025-08-19T08:42:35.704066+00:00"}
{"asctime": "2025-08-19 10:42:35,704", "levelname": "INFO", "name": "AresGlobal", "message": "[SYSTEM] End time: 2025-08-19 10:42:35", "correlation_id": "-", "session_id": "-", "timestamp": "2025-08-19T08:42:35.704152+00:00"}
{"asctime": "2025-08-19 10:42:35,704", "levelname": "INFO", "name": "AresSystem", "message": "================================================================================", "correlation_id": "-", "session_id": "-", "timestamp": "2025-08-19T08:42:35.704232+00:00"}
{"asctime": "2025-08-19 10:42:35,704", "levelname": "INFO", "name": "AresGlobal", "message": "[SYSTEM] ================================================================================", "correlation_id": "-", "session_id": "-", "timestamp": "2025-08-19T08:42:35.704336+00:00"}
{"asctime": "2025-08-19 10:42:35,704", "levelname": "INFO", "name": "AresGlobal.AresLauncher", "message": "🧹 Cleaning up processes...", "correlation_id": "-", "session_id": "-", "timestamp": "2025-08-19T08:42:35.704433+00:00"}
{"asctime": "2025-08-19 10:42:35,704", "levelname": "INFO", "name": "AresGlobal.AresLauncher", "message": "✅ Cleanup completed", "correlation_id": "-", "session_id": "-", "timestamp": "2025-08-19T08:42:35.704552+00:00"}
