{"asctime": "2025-09-04 23:24:10,423", "levelname": "INFO", "name": "AresTradingSystem", "message": "✅ Enhanced Logger initialization completed successfully", "correlation_id": "-", "session_id": "-", "timestamp": "2025-09-04T21:24:10.423072+00:00"}
{"asctime": "2025-09-04 23:24:10,740", "levelname": "INFO", "name": "AresTradingSystem", "message": "🚀 Launcher started: INITIALIZATION", "correlation_id": "-", "session_id": "-", "timestamp": "2025-09-04T21:24:10.740338+00:00"}
{"asctime": "2025-09-04 23:24:10,741", "levelname": "INFO", "name": "AresTradingSystem", "message": "🚀 Launcher started: step02", "correlation_id": "-", "session_id": "-", "timestamp": "2025-09-04T21:24:10.741542+00:00"}
{"asctime": "2025-09-04 23:24:10,741", "levelname": "INFO", "name": "AresTradingSystem", "message": "📊 Symbol: ETHUSDT, Exchange: BINANCE", "correlation_id": "-", "session_id": "-", "timestamp": "2025-09-04T21:24:10.741726+00:00"}
{"asctime": "2025-09-04 23:24:10,784", "levelname": "INFO", "name": "AresTradingSystem.System.ProgressManager", "message": "Initialized ProgressManager for ETHUSDT on BINANCE", "correlation_id": "-", "session_id": "-", "timestamp": "2025-09-04T21:24:10.784545+00:00"}
{"asctime": "2025-09-04 23:24:10,784", "levelname": "INFO", "name": "AresTradingSystem.System.ProgressManager", "message": "Progress directory: data/training/progress/BINANCE_ETHUSDT", "correlation_id": "-", "session_id": "-", "timestamp": "2025-09-04T21:24:10.784707+00:00"}
{"asctime": "2025-09-04 23:24:10,784", "levelname": "INFO", "name": "AresTradingSystem.System.StepOrchestrator", "message": "Initialized StepOrchestrator for ETHUSDT on BINANCE", "correlation_id": "-", "session_id": "-", "timestamp": "2025-09-04T21:24:10.784809+00:00"}
{"asctime": "2025-09-04 23:24:10,784", "levelname": "INFO", "name": "AresTradingSystem.System.StepOrchestrator", "message": "🚀 Starting execution from step: step02_data_reading", "correlation_id": "-", "session_id": "-", "timestamp": "2025-09-04T21:24:10.784943+00:00"}
{"asctime": "2025-09-04 23:24:10,786", "levelname": "INFO", "name": "AresTradingSystem.System.ProgressManager", "message": "Initialized ProgressManager for BTCUSDT on binance", "correlation_id": "-", "session_id": "-", "timestamp": "2025-09-04T21:24:10.786892+00:00"}
{"asctime": "2025-09-04 23:24:10,787", "levelname": "INFO", "name": "AresTradingSystem.System.ProgressManager", "message": "Progress directory: data/progress/binance_BTCUSDT", "correlation_id": "-", "session_id": "-", "timestamp": "2025-09-04T21:24:10.787148+00:00"}
{"asctime": "2025-09-04 23:24:10,787", "levelname": "INFO", "name": "AresTradingSystem.System.SimplifiedTrainingManager", "message": "Initialized SimplifiedTrainingManager for BTCUSDT on binance", "correlation_id": "-", "session_id": "-", "timestamp": "2025-09-04T21:24:10.787273+00:00"}
{"asctime": "2025-09-04 23:24:10,787", "levelname": "INFO", "name": "AresTradingSystem.System.TrainingManager", "message": "🔧 Initializing Training Manager...", "correlation_id": "-", "session_id": "-", "timestamp": "2025-09-04T21:24:10.787445+00:00"}
{"asctime": "2025-09-04 23:24:10,787", "levelname": "INFO", "name": "AresTradingSystem.System.SimplifiedTrainingManager", "message": "🔧 Initializing training manager...", "correlation_id": "-", "session_id": "-", "timestamp": "2025-09-04T21:24:10.787558+00:00"}
{"asctime": "2025-09-04 23:24:10,787", "levelname": "INFO", "name": "AresTradingSystem.System.SimplifiedTrainingManager", "message": "✅ Step sequence validated: 23 steps, 23 enabled", "correlation_id": "-", "session_id": "-", "timestamp": "2025-09-04T21:24:10.787806+00:00"}
{"asctime": "2025-09-04 23:24:10,788", "levelname": "INFO", "name": "AresTradingSystem.System.SimplifiedTrainingManager", "message": "✅ Training manager initialized successfully", "correlation_id": "-", "session_id": "-", "timestamp": "2025-09-04T21:24:10.788254+00:00"}
{"asctime": "2025-09-04 23:24:10,788", "levelname": "INFO", "name": "AresTradingSystem.System.TrainingManager", "message": "✅ Training Manager initialized successfully", "correlation_id": "-", "session_id": "-", "timestamp": "2025-09-04T21:24:10.788429+00:00"}
{"asctime": "2025-09-04 23:24:10,788", "levelname": "INFO", "name": "AresTradingSystem.System.StepOrchestrator", "message": "✅ Enhanced training manager setup successfully", "correlation_id": "-", "session_id": "-", "timestamp": "2025-09-04T21:24:10.788543+00:00"}
{"asctime": "2025-09-04 23:24:10,788", "levelname": "INFO", "name": "AresTradingSystem.System.TrainingManager", "message": "🚀 Starting training for ETHUSDT on BINANCE", "correlation_id": "-", "session_id": "-", "timestamp": "2025-09-04T21:24:10.788643+00:00"}
{"asctime": "2025-09-04 23:24:10,788", "levelname": "INFO", "name": "AresTradingSystem.System.SimplifiedTrainingManager", "message": "🚀 Starting pipeline execution...", "correlation_id": "-", "session_id": "-", "timestamp": "2025-09-04T21:24:10.788738+00:00"}
{"asctime": "2025-09-04 23:24:10,789", "levelname": "INFO", "name": "AresTradingSystem.System.SimplifiedTrainingManager", "message": "🔄 Executing step: step02_data_reading", "correlation_id": "-", "session_id": "-", "timestamp": "2025-09-04T21:24:10.789004+00:00"}
{"asctime": "2025-09-04 23:24:10,791", "levelname": "ERROR", "name": "AresTradingSystem.System.SimplifiedTrainingManager", "message": "Failed to load step step02_data_reading: BaseStep.__init__() takes 1 positional argument but 4 were given", "correlation_id": "-", "session_id": "-", "timestamp": "2025-09-04T21:24:10.791160+00:00"}
{"asctime": "2025-09-04 23:24:10,791", "levelname": "ERROR", "name": "AresTradingSystem.System.TrainingManager", "message": "❌ Training failed: Required step failed: step02_data_reading", "correlation_id": "-", "session_id": "-", "timestamp": "2025-09-04T21:24:10.791372+00:00"}
{"asctime": "2025-09-04 23:24:10,791", "levelname": "INFO", "name": "AresTradingSystem.System.StepOrchestrator", "message": "💥 ❌ Enhanced 16-step training pipeline failed", "correlation_id": "-", "session_id": "-", "timestamp": "2025-09-04T21:24:10.791476+00:00"}
{"asctime": "2025-09-04 23:24:10,791", "levelname": "INFO", "name": "AresTradingSystem", "message": "🏁 Launcher ended: FAILED (exit code: 1)", "correlation_id": "-", "session_id": "-", "timestamp": "2025-09-04T21:24:10.791900+00:00"}
