{"asctime": "2025-08-19 17:22:17,378", "levelname": "INFO", "name": "AresGlobal", "message": "================================================================================", "correlation_id": "-", "session_id": "-", "timestamp": "2025-08-19T15:22:17.378348+00:00"}
{"asctime": "2025-08-19 17:22:17,378", "levelname": "INFO", "name": "AresGlobal", "message": "📊 SESSION SUMMARY", "correlation_id": "-", "session_id": "-", "timestamp": "2025-08-19T15:22:17.378535+00:00"}
{"asctime": "2025-08-19 17:22:17,378", "levelname": "INFO", "name": "AresGlobal", "message": "Session started: 2025-08-19 17:22:17", "correlation_id": "-", "session_id": "-", "timestamp": "2025-08-19T15:22:17.378656+00:00"}
{"asctime": "2025-08-19 17:22:17,378", "levelname": "INFO", "name": "AresGlobal", "message": "This file contains ALL logs for this session", "correlation_id": "-", "session_id": "-", "timestamp": "2025-08-19T15:22:17.378744+00:00"}
{"asctime": "2025-08-19 17:22:17,378", "levelname": "INFO", "name": "AresGlobal", "message": "================================================================================", "correlation_id": "-", "session_id": "-", "timestamp": "2025-08-19T15:22:17.378827+00:00"}
{"asctime": "2025-08-19 17:22:17,379", "levelname": "INFO", "name": "AresGlobal", "message": "[SYSTEM] ================================================================================", "correlation_id": "-", "session_id": "-", "timestamp": "2025-08-19T15:22:17.379050+00:00"}
{"asctime": "2025-08-19 17:22:17,379", "levelname": "INFO", "name": "AresGlobal", "message": "[SYSTEM] 🚀 ARES LAUNCHER STARTED - Mode: INITIALIZATION", "correlation_id": "-", "session_id": "-", "timestamp": "2025-08-19T15:22:17.379225+00:00"}
{"asctime": "2025-08-19 17:22:17,379", "levelname": "INFO", "name": "AresGlobal", "message": "[SYSTEM] Start time: 2025-08-19 17:22:17", "correlation_id": "-", "session_id": "-", "timestamp": "2025-08-19T15:22:17.379395+00:00"}
{"asctime": "2025-08-19 17:22:17,379", "levelname": "INFO", "name": "AresGlobal", "message": "[SYSTEM] Log directory: log", "correlation_id": "-", "session_id": "-", "timestamp": "2025-08-19T15:22:17.379558+00:00"}
{"asctime": "2025-08-19 17:22:17,379", "levelname": "INFO", "name": "AresGlobal", "message": "[SYSTEM] ================================================================================", "correlation_id": "-", "session_id": "-", "timestamp": "2025-08-19T15:22:17.379716+00:00"}
{"asctime": "2025-08-19 17:22:17,379", "levelname": "INFO", "name": "AresGlobal.AresLauncher", "message": "================================================================================", "correlation_id": "-", "session_id": "-", "timestamp": "2025-08-19T15:22:17.379797+00:00"}
{"asctime": "2025-08-19 17:22:17,379", "levelname": "INFO", "name": "AresGlobal.AresLauncher", "message": "🚀 ARES COMPREHENSIVE LAUNCHER", "correlation_id": "-", "session_id": "-", "timestamp": "2025-08-19T15:22:17.379878+00:00"}
{"asctime": "2025-08-19 17:22:17,379", "levelname": "INFO", "name": "AresGlobal.AresLauncher", "message": "================================================================================", "correlation_id": "-", "session_id": "-", "timestamp": "2025-08-19T15:22:17.379965+00:00"}
{"asctime": "2025-08-19 17:22:17,380", "levelname": "INFO", "name": "AresGlobal.AresLauncher", "message": "Start time: 2025-08-19 17:22:17", "correlation_id": "-", "session_id": "-", "timestamp": "2025-08-19T15:22:17.380048+00:00"}
{"asctime": "2025-08-19 17:22:17,380", "levelname": "INFO", "name": "AresGlobal.AresLauncher", "message": "Log directory: log", "correlation_id": "-", "session_id": "-", "timestamp": "2025-08-19T15:22:17.380127+00:00"}
{"asctime": "2025-08-19 17:22:17,380", "levelname": "INFO", "name": "AresGlobal.AresLauncher", "message": "Log level: INFO", "correlation_id": "-", "session_id": "-", "timestamp": "2025-08-19T15:22:17.380207+00:00"}
{"asctime": "2025-08-19 17:22:17,380", "levelname": "INFO", "name": "AresGlobal.AresLauncher", "message": "Global log file: ares_global_20250819_172217.log", "correlation_id": "-", "session_id": "-", "timestamp": "2025-08-19T15:22:17.380289+00:00"}
{"asctime": "2025-08-19 17:22:17,380", "levelname": "INFO", "name": "AresGlobal.AresLauncher", "message": "Full run log: log/ares_full_20250819_172217.log", "correlation_id": "-", "session_id": "-", "timestamp": "2025-08-19T15:22:17.380376+00:00"}
{"asctime": "2025-08-19 17:22:17,380", "levelname": "INFO", "name": "AresGlobal.AresLauncher", "message": "Trades log: log/ares_trades_20250819_172217.log", "correlation_id": "-", "session_id": "-", "timestamp": "2025-08-19T15:22:17.380453+00:00"}
{"asctime": "2025-08-19 17:22:17,380", "levelname": "INFO", "name": "AresGlobal.AresLauncher", "message": "Backtest log: log/ares_backtest_20250819_172217.log", "correlation_id": "-", "session_id": "-", "timestamp": "2025-08-19T15:22:17.380528+00:00"}
{"asctime": "2025-08-19 17:22:17,380", "levelname": "INFO", "name": "AresGlobal.AresLauncher", "message": "================================================================================", "correlation_id": "-", "session_id": "-", "timestamp": "2025-08-19T15:22:17.380604+00:00"}
{"asctime": "2025-08-19 17:22:17,380", "levelname": "INFO", "name": "AresGlobal", "message": "[SYSTEM] ================================================================================", "correlation_id": "-", "session_id": "-", "timestamp": "2025-08-19T15:22:17.380848+00:00"}
{"asctime": "2025-08-19 17:22:17,381", "levelname": "INFO", "name": "AresGlobal", "message": "[SYSTEM] 🚀 ARES LAUNCHER STARTED - Mode: blank - Symbol: ETHUSDT - Exchange: BINANCE", "correlation_id": "-", "session_id": "-", "timestamp": "2025-08-19T15:22:17.381012+00:00"}
{"asctime": "2025-08-19 17:22:17,381", "levelname": "INFO", "name": "AresGlobal", "message": "[SYSTEM] Start time: 2025-08-19 17:22:17", "correlation_id": "-", "session_id": "-", "timestamp": "2025-08-19T15:22:17.381177+00:00"}
{"asctime": "2025-08-19 17:22:17,381", "levelname": "INFO", "name": "AresGlobal", "message": "[SYSTEM] Log directory: log", "correlation_id": "-", "session_id": "-", "timestamp": "2025-08-19T15:22:17.381336+00:00"}
{"asctime": "2025-08-19 17:22:17,381", "levelname": "INFO", "name": "AresGlobal", "message": "[SYSTEM] ================================================================================", "correlation_id": "-", "session_id": "-", "timestamp": "2025-08-19T15:22:17.381496+00:00"}
{"asctime": "2025-08-19 17:22:17,381", "levelname": "INFO", "name": "AresGlobal.AresLauncher", "message": "🚀 Running enhanced 16-step training pipeline for ETHUSDT on BINANCE", "correlation_id": "-", "session_id": "-", "timestamp": "2025-08-19T15:22:17.381606+00:00"}
{"asctime": "2025-08-19 17:22:17,381", "levelname": "INFO", "name": "AresGlobal.AresLauncher", "message": "Starting from step: step1_5_data_converter", "correlation_id": "-", "session_id": "-", "timestamp": "2025-08-19T15:22:17.381698+00:00"}
{"asctime": "2025-08-19 17:22:17,384", "levelname": "INFO", "name": "AresGlobal.AresLauncher", "message": "🧪 BLANK TRAINING MODE: Set BLANK_TRAINING_MODE=1 for step-based training", "correlation_id": "-", "session_id": "-", "timestamp": "2025-08-19T15:22:17.384500+00:00"}
{"asctime": "2025-08-19 17:22:17,384", "levelname": "INFO", "name": "AresGlobal.ProgressManager", "message": "Initialized ProgressManager for ETHUSDT on BINANCE", "correlation_id": "-", "session_id": "-", "timestamp": "2025-08-19T15:22:17.384696+00:00"}
{"asctime": "2025-08-19 17:22:17,384", "levelname": "INFO", "name": "AresGlobal.ProgressManager", "message": "Progress directory: data/training/progress/BINANCE_ETHUSDT", "correlation_id": "-", "session_id": "-", "timestamp": "2025-08-19T15:22:17.384868+00:00"}
{"asctime": "2025-08-19 17:22:17,384", "levelname": "INFO", "name": "AresGlobal.StepOrchestrator", "message": "Initialized StepOrchestrator for ETHUSDT on BINANCE", "correlation_id": "-", "session_id": "-", "timestamp": "2025-08-19T15:22:17.384982+00:00"}
{"asctime": "2025-08-19 17:22:17,385", "levelname": "INFO", "name": "AresGlobal.ProgressManager", "message": "🗑️  Cleared progress for step1_5_data_converter", "correlation_id": "-", "session_id": "-", "timestamp": "2025-08-19T15:22:17.385126+00:00"}
{"asctime": "2025-08-19 17:22:17,385", "levelname": "INFO", "name": "AresGlobal.AresLauncher", "message": "🧹 Cleared progress for 'step1_5_data_converter' (force)", "correlation_id": "-", "session_id": "-", "timestamp": "2025-08-19T15:22:17.385230+00:00"}
{"asctime": "2025-08-19 17:22:17,385", "levelname": "INFO", "name": "AresGlobal.ProgressManager", "message": "🗑️  Cleared progress for step2_feature_engineering", "correlation_id": "-", "session_id": "-", "timestamp": "2025-08-19T15:22:17.385358+00:00"}
{"asctime": "2025-08-19 17:22:17,385", "levelname": "INFO", "name": "AresGlobal.AresLauncher", "message": "🧹 Cleared progress for 'step2_feature_engineering' (force)", "correlation_id": "-", "session_id": "-", "timestamp": "2025-08-19T15:22:17.385446+00:00"}
{"asctime": "2025-08-19 17:22:17,385", "levelname": "INFO", "name": "AresGlobal.ProgressManager", "message": "🗑️  Cleared progress for step2_5_enhanced_matrix_operations", "correlation_id": "-", "session_id": "-", "timestamp": "2025-08-19T15:22:17.385554+00:00"}
{"asctime": "2025-08-19 17:22:17,385", "levelname": "INFO", "name": "AresGlobal.AresLauncher", "message": "🧹 Cleared progress for 'step2_5_enhanced_matrix_operations' (force)", "correlation_id": "-", "session_id": "-", "timestamp": "2025-08-19T15:22:17.385643+00:00"}
{"asctime": "2025-08-19 17:22:17,385", "levelname": "INFO", "name": "AresGlobal.ProgressManager", "message": "🗑️  Cleared progress for step3_hmm_regime_discovery", "correlation_id": "-", "session_id": "-", "timestamp": "2025-08-19T15:22:17.385745+00:00"}
{"asctime": "2025-08-19 17:22:17,385", "levelname": "INFO", "name": "AresGlobal.AresLauncher", "message": "🧹 Cleared progress for 'step3_hmm_regime_discovery' (force)", "correlation_id": "-", "session_id": "-", "timestamp": "2025-08-19T15:22:17.385833+00:00"}
{"asctime": "2025-08-19 17:22:17,385", "levelname": "INFO", "name": "AresGlobal.ProgressManager", "message": "🗑️  Cleared progress for step4_processing_labeling", "correlation_id": "-", "session_id": "-", "timestamp": "2025-08-19T15:22:17.385932+00:00"}
{"asctime": "2025-08-19 17:22:17,386", "levelname": "INFO", "name": "AresGlobal.AresLauncher", "message": "🧹 Cleared progress for 'step4_processing_labeling' (force)", "correlation_id": "-", "session_id": "-", "timestamp": "2025-08-19T15:22:17.386012+00:00"}
{"asctime": "2025-08-19 17:22:17,386", "levelname": "INFO", "name": "AresGlobal.ProgressManager", "message": "🗑️  Cleared progress for step5_regime_data_splitting", "correlation_id": "-", "session_id": "-", "timestamp": "2025-08-19T15:22:17.386107+00:00"}
{"asctime": "2025-08-19 17:22:17,386", "levelname": "INFO", "name": "AresGlobal.AresLauncher", "message": "🧹 Cleared progress for 'step5_regime_data_splitting' (force)", "correlation_id": "-", "session_id": "-", "timestamp": "2025-08-19T15:22:17.386188+00:00"}
{"asctime": "2025-08-19 17:22:17,386", "levelname": "INFO", "name": "AresGlobal.ProgressManager", "message": "🗑️  Cleared progress for step6_hmm_based_training", "correlation_id": "-", "session_id": "-", "timestamp": "2025-08-19T15:22:17.386285+00:00"}
{"asctime": "2025-08-19 17:22:17,386", "levelname": "INFO", "name": "AresGlobal.AresLauncher", "message": "🧹 Cleared progress for 'step6_hmm_based_training' (force)", "correlation_id": "-", "session_id": "-", "timestamp": "2025-08-19T15:22:17.386364+00:00"}
{"asctime": "2025-08-19 17:22:17,386", "levelname": "INFO", "name": "AresGlobal.ProgressManager", "message": "🗑️  Cleared progress for step6_5_unified_regime_intelligence", "correlation_id": "-", "session_id": "-", "timestamp": "2025-08-19T15:22:17.386460+00:00"}
{"asctime": "2025-08-19 17:22:17,386", "levelname": "INFO", "name": "AresGlobal.AresLauncher", "message": "🧹 Cleared progress for 'step6_5_unified_regime_intelligence' (force)", "correlation_id": "-", "session_id": "-", "timestamp": "2025-08-19T15:22:17.386543+00:00"}
{"asctime": "2025-08-19 17:22:17,386", "levelname": "INFO", "name": "AresGlobal.ProgressManager", "message": "🗑️  Cleared progress for step7_analyst_enhancement", "correlation_id": "-", "session_id": "-", "timestamp": "2025-08-19T15:22:17.386642+00:00"}
{"asctime": "2025-08-19 17:22:17,386", "levelname": "INFO", "name": "AresGlobal.AresLauncher", "message": "🧹 Cleared progress for 'step7_analyst_enhancement' (force)", "correlation_id": "-", "session_id": "-", "timestamp": "2025-08-19T15:22:17.386728+00:00"}
{"asctime": "2025-08-19 17:22:17,386", "levelname": "INFO", "name": "AresGlobal.ProgressManager", "message": "🗑️  Cleared progress for step8_tactician_labeling", "correlation_id": "-", "session_id": "-", "timestamp": "2025-08-19T15:22:17.386825+00:00"}
{"asctime": "2025-08-19 17:22:17,386", "levelname": "INFO", "name": "AresGlobal.AresLauncher", "message": "🧹 Cleared progress for 'step8_tactician_labeling' (force)", "correlation_id": "-", "session_id": "-", "timestamp": "2025-08-19T15:22:17.386904+00:00"}
{"asctime": "2025-08-19 17:22:17,387", "levelname": "INFO", "name": "AresGlobal.ProgressManager", "message": "🗑️  Cleared progress for step9_tactician_specialist_training", "correlation_id": "-", "session_id": "-", "timestamp": "2025-08-19T15:22:17.387001+00:00"}
{"asctime": "2025-08-19 17:22:17,387", "levelname": "INFO", "name": "AresGlobal.AresLauncher", "message": "🧹 Cleared progress for 'step9_tactician_specialist_training' (force)", "correlation_id": "-", "session_id": "-", "timestamp": "2025-08-19T15:22:17.387083+00:00"}
{"asctime": "2025-08-19 17:22:17,387", "levelname": "INFO", "name": "AresGlobal.ProgressManager", "message": "🗑️  Cleared progress for step10_confidence_calibration", "correlation_id": "-", "session_id": "-", "timestamp": "2025-08-19T15:22:17.387186+00:00"}
{"asctime": "2025-08-19 17:22:17,387", "levelname": "INFO", "name": "AresGlobal.AresLauncher", "message": "🧹 Cleared progress for 'step10_confidence_calibration' (force)", "correlation_id": "-", "session_id": "-", "timestamp": "2025-08-19T15:22:17.387269+00:00"}
{"asctime": "2025-08-19 17:22:17,387", "levelname": "INFO", "name": "AresGlobal.ProgressManager", "message": "🗑️  Cleared progress for step11_final_parameters_optimization", "correlation_id": "-", "session_id": "-", "timestamp": "2025-08-19T15:22:17.387366+00:00"}
{"asctime": "2025-08-19 17:22:17,387", "levelname": "INFO", "name": "AresGlobal.AresLauncher", "message": "🧹 Cleared progress for 'step11_final_parameters_optimization' (force)", "correlation_id": "-", "session_id": "-", "timestamp": "2025-08-19T15:22:17.387447+00:00"}
{"asctime": "2025-08-19 17:22:17,387", "levelname": "INFO", "name": "AresGlobal.ProgressManager", "message": "🗑️  Cleared progress for step12_walk_forward_validation", "correlation_id": "-", "session_id": "-", "timestamp": "2025-08-19T15:22:17.387543+00:00"}
{"asctime": "2025-08-19 17:22:17,387", "levelname": "INFO", "name": "AresGlobal.AresLauncher", "message": "🧹 Cleared progress for 'step12_walk_forward_validation' (force)", "correlation_id": "-", "session_id": "-", "timestamp": "2025-08-19T15:22:17.387622+00:00"}
{"asctime": "2025-08-19 17:22:17,387", "levelname": "INFO", "name": "AresGlobal.ProgressManager", "message": "🗑️  Cleared progress for step13_monte_carlo_validation", "correlation_id": "-", "session_id": "-", "timestamp": "2025-08-19T15:22:17.387720+00:00"}
{"asctime": "2025-08-19 17:22:17,387", "levelname": "INFO", "name": "AresGlobal.AresLauncher", "message": "🧹 Cleared progress for 'step13_monte_carlo_validation' (force)", "correlation_id": "-", "session_id": "-", "timestamp": "2025-08-19T15:22:17.387801+00:00"}
{"asctime": "2025-08-19 17:22:17,387", "levelname": "INFO", "name": "AresGlobal.ProgressManager", "message": "🗑️  Cleared progress for step14_ab_testing", "correlation_id": "-", "session_id": "-", "timestamp": "2025-08-19T15:22:17.387899+00:00"}
{"asctime": "2025-08-19 17:22:17,387", "levelname": "INFO", "name": "AresGlobal.AresLauncher", "message": "🧹 Cleared progress for 'step14_ab_testing' (force)", "correlation_id": "-", "session_id": "-", "timestamp": "2025-08-19T15:22:17.387983+00:00"}
{"asctime": "2025-08-19 17:22:17,388", "levelname": "INFO", "name": "AresGlobal.ProgressManager", "message": "🗑️  Cleared progress for step15_saving", "correlation_id": "-", "session_id": "-", "timestamp": "2025-08-19T15:22:17.388083+00:00"}
{"asctime": "2025-08-19 17:22:17,388", "levelname": "INFO", "name": "AresGlobal.AresLauncher", "message": "🧹 Cleared progress for 'step15_saving' (force)", "correlation_id": "-", "session_id": "-", "timestamp": "2025-08-19T15:22:17.388164+00:00"}
{"asctime": "2025-08-19 17:22:17,388", "levelname": "INFO", "name": "AresGlobal.AresLauncher", "message": "✅ Cleared progress for 17 steps: ['step1_5_data_converter', 'step2_feature_engineering', 'step2_5_enhanced_matrix_operations', 'step3_hmm_regime_discovery', 'step4_processing_labeling', 'step5_regime_data_splitting', 'step6_hmm_based_training', 'step6_5_unified_regime_intelligence', 'step7_analyst_enhancement', 'step8_tactician_labeling', 'step9_tactician_specialist_training', 'step10_confidence_calibration', 'step11_final_parameters_optimization', 'step12_walk_forward_validation', 'step13_monte_carlo_validation', 'step14_ab_testing', 'step15_saving']", "correlation_id": "-", "session_id": "-", "timestamp": "2025-08-19T15:22:17.388249+00:00"}
{"asctime": "2025-08-19 17:22:17,388", "levelname": "INFO", "name": "AresGlobal.AresLauncher", "message": "🗑️  Cleared checkpoint: checkpoints/BINANCE/ETHUSDT/1m/training_progress.json", "correlation_id": "-", "session_id": "-", "timestamp": "2025-08-19T15:22:17.388469+00:00"}
{"asctime": "2025-08-19 17:22:17,388", "levelname": "INFO", "name": "AresGlobal.StepOrchestrator", "message": "🚀 Starting execution from step: step1_5_data_converter", "correlation_id": "-", "session_id": "-", "timestamp": "2025-08-19T15:22:17.388899+00:00"}
{"asctime": "2025-08-19 17:22:19,039", "levelname": "INFO", "name": "AresGlobal.AresLauncher", "message": "🧹 Cleaning up processes...", "correlation_id": "-", "session_id": "-", "timestamp": "2025-08-19T15:22:19.039462+00:00"}
{"asctime": "2025-08-19 17:22:19,039", "levelname": "INFO", "name": "AresGlobal.AresLauncher", "message": "✅ Cleanup completed", "correlation_id": "-", "session_id": "-", "timestamp": "2025-08-19T15:22:19.039622+00:00"}
{"asctime": "2025-08-19 17:22:24,415", "levelname": "INFO", "name": "AresGlobal.M1GPUAcceleration", "message": "✅ MPS (Metal Performance Shaders) available and enabled", "correlation_id": "-", "session_id": "-", "timestamp": "2025-08-19T15:22:24.415459+00:00"}
{"asctime": "2025-08-19 17:22:24,418", "levelname": "INFO", "name": "AresGlobal.ComputationalOptimizationManager", "message": "Computational Optimization Manager initialized", "correlation_id": "-", "session_id": "-", "timestamp": "2025-08-19T15:22:24.418697+00:00"}
{"asctime": "2025-08-19 17:22:24,421", "levelname": "INFO", "name": "AresGlobal.StepOrchestrator", "message": "✅ Enhanced training manager setup successfully", "correlation_id": "-", "session_id": "-", "timestamp": "2025-08-19T15:22:24.421377+00:00"}
{"asctime": "2025-08-19 17:22:24,444", "levelname": "INFO", "name": "AresGlobal.Step2.FeatureEngineering", "message": "🔧 No existing artifacts found - generating features", "correlation_id": "-", "session_id": "-", "timestamp": "2025-08-19T15:22:24.444944+00:00"}
{"asctime": "2025-08-19 17:22:24,456", "levelname": "INFO", "name": "AresGlobal.Step2.FeatureEngineering", "message": "📦 Loaded labeled train: 169864 rows", "correlation_id": "-", "session_id": "-", "timestamp": "2025-08-19T15:22:24.456298+00:00"}
{"asctime": "2025-08-19 17:22:24,460", "levelname": "INFO", "name": "AresGlobal.Step2.FeatureEngineering", "message": "📦 Loaded labeled validation: 36400 rows", "correlation_id": "-", "session_id": "-", "timestamp": "2025-08-19T15:22:24.460038+00:00"}
{"asctime": "2025-08-19 17:22:24,463", "levelname": "INFO", "name": "AresGlobal.Step2.FeatureEngineering", "message": "📦 Loaded labeled test: 36400 rows", "correlation_id": "-", "session_id": "-", "timestamp": "2025-08-19T15:22:24.463607+00:00"}
{"asctime": "2025-08-19 17:22:24,503", "levelname": "INFO", "name": "AresGlobal.Step2.FeatureEngineering", "message": "🎯 Starting parallel feature engineering", "correlation_id": "ccbef3088fa3487495a153d9be73bcb7", "session_id": "-", "timestamp": "2025-08-19T15:22:24.503042+00:00"}
{"asctime": "2025-08-19 17:22:24,515", "levelname": "INFO", "name": "AresGlobal.Step2.FeatureEngineering", "message": "🔧 Engineering features for train", "correlation_id": "ccbef3088fa3487495a153d9be73bcb7", "session_id": "-", "timestamp": "2025-08-19T15:22:24.515208+00:00"}
{"asctime": "2025-08-19 17:22:24,518", "levelname": "INFO", "name": "AresGlobal.RawDataQualityChecker", "message": "🔧 Enhanced preprocessing for BINANCE ETHUSDT", "correlation_id": "ccbef3088fa3487495a153d9be73bcb7", "session_id": "-", "timestamp": "2025-08-19T15:22:24.518635+00:00"}
{"asctime": "2025-08-19 17:22:24,518", "levelname": "INFO", "name": "AresGlobal.RawDataQualityChecker", "message": "   Expected interval: 60s", "correlation_id": "ccbef3088fa3487495a153d9be73bcb7", "session_id": "-", "timestamp": "2025-08-19T15:22:24.518736+00:00"}
{"asctime": "2025-08-19 17:22:24,518", "levelname": "INFO", "name": "AresGlobal.RawDataQualityChecker", "message": "   Max forward-fill: 10s", "correlation_id": "ccbef3088fa3487495a153d9be73bcb7", "session_id": "-", "timestamp": "2025-08-19T15:22:24.518822+00:00"}
{"asctime": "2025-08-19 17:22:24,518", "levelname": "INFO", "name": "AresGlobal.RawDataQualityChecker", "message": "   Download missing: True", "correlation_id": "ccbef3088fa3487495a153d9be73bcb7", "session_id": "-", "timestamp": "2025-08-19T15:22:24.518905+00:00"}
{"asctime": "2025-08-19 17:22:24,519", "levelname": "INFO", "name": "AresGlobal.RawDataQualityChecker", "message": "🔧 Step 1: Resampling to 60S intervals", "correlation_id": "ccbef3088fa3487495a153d9be73bcb7", "session_id": "-", "timestamp": "2025-08-19T15:22:24.519008+00:00"}
{"asctime": "2025-08-19 17:22:24,530", "levelname": "INFO", "name": "AresGlobal.RawDataQualityChecker", "message": "🔧 Step 2: Re-adding original data to preserve accuracy", "correlation_id": "ccbef3088fa3487495a153d9be73bcb7", "session_id": "-", "timestamp": "2025-08-19T15:22:24.530323+00:00"}
{"asctime": "2025-08-19 17:22:34,828", "levelname": "INFO", "name": "AresGlobal.RawDataQualityChecker", "message": "🔧 Step 3: Analyzing gaps and applying intelligent handling", "correlation_id": "ccbef3088fa3487495a153d9be73bcb7", "session_id": "-", "timestamp": "2025-08-19T15:22:34.828029+00:00"}
{"asctime": "2025-08-19 17:22:34,831", "levelname": "INFO", "name": "AresGlobal.RawDataQualityChecker", "message": "🔧 Step 5: Final forward-fill for 12865 remaining nulls", "correlation_id": "ccbef3088fa3487495a153d9be73bcb7", "session_id": "-", "timestamp": "2025-08-19T15:22:34.831768+00:00"}
{"asctime": "2025-08-19 17:22:34,836", "levelname": "INFO", "name": "AresGlobal.RawDataQualityChecker", "message": "✅ Enhanced preprocessing completed:", "correlation_id": "ccbef3088fa3487495a153d9be73bcb7", "session_id": "-", "timestamp": "2025-08-19T15:22:34.836980+00:00"}
{"asctime": "2025-08-19 17:22:34,837", "levelname": "INFO", "name": "AresGlobal.RawDataQualityChecker", "message": "   Original shape: (169864, 5)", "correlation_id": "ccbef3088fa3487495a153d9be73bcb7", "session_id": "-", "timestamp": "2025-08-19T15:22:34.837265+00:00"}
{"asctime": "2025-08-19 17:22:34,837", "levelname": "INFO", "name": "AresGlobal.RawDataQualityChecker", "message": "   Final shape: (172437, 5)", "correlation_id": "ccbef3088fa3487495a153d9be73bcb7", "session_id": "-", "timestamp": "2025-08-19T15:22:34.837377+00:00"}
{"asctime": "2025-08-19 17:22:34,837", "levelname": "INFO", "name": "AresGlobal.RawDataQualityChecker", "message": "   Remaining large gaps: 0", "correlation_id": "ccbef3088fa3487495a153d9be73bcb7", "session_id": "-", "timestamp": "2025-08-19T15:22:34.837469+00:00"}
{"asctime": "2025-08-19 17:22:34,839", "levelname": "INFO", "name": "AresGlobal.RawDataQualityChecker", "message": "   Data completeness: 1.000", "correlation_id": "ccbef3088fa3487495a153d9be73bcb7", "session_id": "-", "timestamp": "2025-08-19T15:22:34.839720+00:00"}
{"asctime": "2025-08-19 17:22:34,840", "levelname": "INFO", "name": "AresGlobal.RawDataQualityChecker", "message": "🔧 Enhanced preprocessing for BINANCE ETHUSDT", "correlation_id": "ccbef3088fa3487495a153d9be73bcb7", "session_id": "-", "timestamp": "2025-08-19T15:22:34.840854+00:00"}
{"asctime": "2025-08-19 17:22:34,840", "levelname": "INFO", "name": "AresGlobal.RawDataQualityChecker", "message": "   Expected interval: 60s", "correlation_id": "ccbef3088fa3487495a153d9be73bcb7", "session_id": "-", "timestamp": "2025-08-19T15:22:34.840957+00:00"}
{"asctime": "2025-08-19 17:22:34,841", "levelname": "INFO", "name": "AresGlobal.RawDataQualityChecker", "message": "   Max forward-fill: 10s", "correlation_id": "ccbef3088fa3487495a153d9be73bcb7", "session_id": "-", "timestamp": "2025-08-19T15:22:34.841046+00:00"}
{"asctime": "2025-08-19 17:22:34,841", "levelname": "INFO", "name": "AresGlobal.RawDataQualityChecker", "message": "   Download missing: True", "correlation_id": "ccbef3088fa3487495a153d9be73bcb7", "session_id": "-", "timestamp": "2025-08-19T15:22:34.841138+00:00"}
{"asctime": "2025-08-19 17:22:34,841", "levelname": "INFO", "name": "AresGlobal.RawDataQualityChecker", "message": "🔧 Step 1: Resampling to 60S intervals", "correlation_id": "ccbef3088fa3487495a153d9be73bcb7", "session_id": "-", "timestamp": "2025-08-19T15:22:34.841246+00:00"}
{"asctime": "2025-08-19 17:22:34,845", "levelname": "INFO", "name": "AresGlobal.RawDataQualityChecker", "message": "🔧 Step 2: Re-adding original data to preserve accuracy", "correlation_id": "ccbef3088fa3487495a153d9be73bcb7", "session_id": "-", "timestamp": "2025-08-19T15:22:34.845633+00:00"}
{"asctime": "2025-08-19 17:22:45,142", "levelname": "INFO", "name": "AresGlobal.RawDataQualityChecker", "message": "🔧 Step 3: Analyzing gaps and applying intelligent handling", "correlation_id": "ccbef3088fa3487495a153d9be73bcb7", "session_id": "-", "timestamp": "2025-08-19T15:22:45.142377+00:00"}
{"asctime": "2025-08-19 17:22:45,145", "levelname": "INFO", "name": "AresGlobal.RawDataQualityChecker", "message": "🔧 Step 5: Final forward-fill for 2573 remaining nulls", "correlation_id": "ccbef3088fa3487495a153d9be73bcb7", "session_id": "-", "timestamp": "2025-08-19T15:22:45.145961+00:00"}
{"asctime": "2025-08-19 17:22:45,149", "levelname": "INFO", "name": "AresGlobal.RawDataQualityChecker", "message": "✅ Enhanced preprocessing completed:", "correlation_id": "ccbef3088fa3487495a153d9be73bcb7", "session_id": "-", "timestamp": "2025-08-19T15:22:45.149754+00:00"}
{"asctime": "2025-08-19 17:22:45,150", "levelname": "INFO", "name": "AresGlobal.RawDataQualityChecker", "message": "   Original shape: (169864, 1)", "correlation_id": "ccbef3088fa3487495a153d9be73bcb7", "session_id": "-", "timestamp": "2025-08-19T15:22:45.150003+00:00"}
{"asctime": "2025-08-19 17:22:45,150", "levelname": "INFO", "name": "AresGlobal.RawDataQualityChecker", "message": "   Final shape: (172437, 1)", "correlation_id": "ccbef3088fa3487495a153d9be73bcb7", "session_id": "-", "timestamp": "2025-08-19T15:22:45.150104+00:00"}
{"asctime": "2025-08-19 17:22:45,150", "levelname": "INFO", "name": "AresGlobal.RawDataQualityChecker", "message": "   Remaining large gaps: 0", "correlation_id": "ccbef3088fa3487495a153d9be73bcb7", "session_id": "-", "timestamp": "2025-08-19T15:22:45.150191+00:00"}
{"asctime": "2025-08-19 17:22:45,150", "levelname": "INFO", "name": "AresGlobal.RawDataQualityChecker", "message": "   Data completeness: 1.000", "correlation_id": "ccbef3088fa3487495a153d9be73bcb7", "session_id": "-", "timestamp": "2025-08-19T15:22:45.150538+00:00"}
{"asctime": "2025-08-19 17:22:45,356", "levelname": "INFO", "name": "AresGlobal.DataQualityDecorator", "message": "🔍 [DATA QUALITY] Starting validation for analyze_correlations_vectorized", "correlation_id": "ccbef3088fa3487495a153d9be73bcb7", "session_id": "-", "timestamp": "2025-08-19T15:22:45.356840+00:00"}
{"asctime": "2025-08-19 17:22:45,357", "levelname": "INFO", "name": "AresGlobal.DataQualityDecorator", "message": "📊 [DATA QUALITY] Data type validation result for analyze_correlations_vectorized: klines_ohlcv", "correlation_id": "ccbef3088fa3487495a153d9be73bcb7", "session_id": "-", "timestamp": "2025-08-19T15:22:45.357068+00:00"}
{"asctime": "2025-08-19 17:22:45,357", "levelname": "INFO", "name": "AresGlobal.DataQualityDecorator", "message": "📊 [DATA QUALITY] Data type detected: klines_ohlcv for analyze_correlations_vectorized", "correlation_id": "ccbef3088fa3487495a153d9be73bcb7", "session_id": "-", "timestamp": "2025-08-19T15:22:45.357177+00:00"}
{"asctime": "2025-08-19 17:22:45,357", "levelname": "INFO", "name": "AresGlobal.DataQualityDecorator", "message": "🔍 [DATA QUALITY] Checking cache for analyze_correlations_vectorized", "correlation_id": "ccbef3088fa3487495a153d9be73bcb7", "session_id": "-", "timestamp": "2025-08-19T15:22:45.357270+00:00"}
{"asctime": "2025-08-19 17:22:45,357", "levelname": "INFO", "name": "AresGlobal.DataQualityDecorator", "message": "🔄 [DATA QUALITY] No valid cached result found for analyze_correlations_vectorized, proceeding with validation", "correlation_id": "ccbef3088fa3487495a153d9be73bcb7", "session_id": "-", "timestamp": "2025-08-19T15:22:45.357390+00:00"}
{"asctime": "2025-08-19 17:22:45,357", "levelname": "INFO", "name": "AresGlobal.DataQualityDecorator", "message": "🔍 [DATA QUALITY] Extracting symbol and exchange for analyze_correlations_vectorized", "correlation_id": "ccbef3088fa3487495a153d9be73bcb7", "session_id": "-", "timestamp": "2025-08-19T15:22:45.357477+00:00"}
{"asctime": "2025-08-19 17:22:45,357", "levelname": "INFO", "name": "AresGlobal.DataQualityDecorator", "message": "📊 [DATA QUALITY] Symbol: ETHUSDT, Exchange: BINANCE", "correlation_id": "ccbef3088fa3487495a153d9be73bcb7", "session_id": "-", "timestamp": "2025-08-19T15:22:45.357570+00:00"}
{"asctime": "2025-08-19 17:22:45,357", "levelname": "INFO", "name": "AresGlobal.DataQualityDecorator", "message": "🔍 [DATA QUALITY] Getting validation configuration for analyze_correlations_vectorized", "correlation_id": "ccbef3088fa3487495a153d9be73bcb7", "session_id": "-", "timestamp": "2025-08-19T15:22:45.357652+00:00"}
{"asctime": "2025-08-19 17:22:45,357", "levelname": "INFO", "name": "AresGlobal.DataQualityDecorator", "message": "📊 [DATA QUALITY] Validation config loaded for analyze_correlations_vectorized", "correlation_id": "ccbef3088fa3487495a153d9be73bcb7", "session_id": "-", "timestamp": "2025-08-19T15:22:45.357742+00:00"}
{"asctime": "2025-08-19 17:22:45,357", "levelname": "INFO", "name": "AresGlobal.DataQualityDecorator", "message": "🔍 [DATA QUALITY] Starting data quality validation for analyze_correlations_vectorized (ETHUSDT on BINANCE)", "correlation_id": "ccbef3088fa3487495a153d9be73bcb7", "session_id": "-", "timestamp": "2025-08-19T15:22:45.357828+00:00"}
{"asctime": "2025-08-19 17:22:45,357", "levelname": "INFO", "name": "AresGlobal.RawDataQualityChecker", "message": "🚀 validate_raw_data: Starting validation...", "correlation_id": "ccbef3088fa3487495a153d9be73bcb7", "session_id": "-", "timestamp": "2025-08-19T15:22:45.357935+00:00"}
{"asctime": "2025-08-19 17:22:45,361", "levelname": "INFO", "name": "AresGlobal.RawDataQualityChecker", "message": "🔍 Starting raw data quality validation for BINANCE ETHUSDT", "correlation_id": "ccbef3088fa3487495a153d9be73bcb7", "session_id": "-", "timestamp": "2025-08-19T15:22:45.361444+00:00"}
{"asctime": "2025-08-19 17:22:45,361", "levelname": "INFO", "name": "AresGlobal.RawDataQualityChecker", "message": "Validating data structure...", "correlation_id": "ccbef3088fa3487495a153d9be73bcb7", "session_id": "-", "timestamp": "2025-08-19T15:22:45.361658+00:00"}
{"asctime": "2025-08-19 17:22:45,362", "levelname": "INFO", "name": "AresGlobal.RawDataQualityChecker", "message": "Validating data completeness...", "correlation_id": "ccbef3088fa3487495a153d9be73bcb7", "session_id": "-", "timestamp": "2025-08-19T15:22:45.362139+00:00"}
{"asctime": "2025-08-19 17:22:45,367", "levelname": "INFO", "name": "AresGlobal.RawDataQualityChecker", "message": "Validating data integrity...", "correlation_id": "ccbef3088fa3487495a153d9be73bcb7", "session_id": "-", "timestamp": "2025-08-19T15:22:45.367182+00:00"}
{"asctime": "2025-08-19 17:22:45,372", "levelname": "INFO", "name": "AresGlobal.RawDataQualityChecker", "message": "Validating market-specific issues...", "correlation_id": "ccbef3088fa3487495a153d9be73bcb7", "session_id": "-", "timestamp": "2025-08-19T15:22:45.372248+00:00"}
{"asctime": "2025-08-19 17:22:45,376", "levelname": "INFO", "name": "AresGlobal.RawDataQualityChecker", "message": "Validating feature engineering requirements...", "correlation_id": "ccbef3088fa3487495a153d9be73bcb7", "session_id": "-", "timestamp": "2025-08-19T15:22:45.376928+00:00"}
{"asctime": "2025-08-19 17:22:45,404", "levelname": "INFO", "name": "AresGlobal.RawDataQualityChecker", "message": "✅ No irregular intervals detected (ratio: 0.000)", "correlation_id": "ccbef3088fa3487495a153d9be73bcb7", "session_id": "-", "timestamp": "2025-08-19T15:22:45.404734+00:00"}
{"asctime": "2025-08-19 17:22:45,408", "levelname": "INFO", "name": "AresGlobal.RawDataQualityChecker", "message": "✅ No large gaps found - data is continuous", "correlation_id": "ccbef3088fa3487495a153d9be73bcb7", "session_id": "-", "timestamp": "2025-08-19T15:22:45.408452+00:00"}
{"asctime": "2025-08-19 17:22:45,408", "levelname": "INFO", "name": "AresGlobal.RawDataQualityChecker", "message": "✅ Raw data validation passed for ETHUSDT (Score: 1.00)", "correlation_id": "ccbef3088fa3487495a153d9be73bcb7", "session_id": "-", "timestamp": "2025-08-19T15:22:45.408717+00:00"}
{"asctime": "2025-08-19 17:22:45,408", "levelname": "INFO", "name": "AresGlobal.RawDataQualityChecker", "message": "✅ PASSED validate_raw_data: Completed in 0.05s", "correlation_id": "ccbef3088fa3487495a153d9be73bcb7", "session_id": "-", "timestamp": "2025-08-19T15:22:45.408884+00:00"}
{"asctime": "2025-08-19 17:22:45,409", "levelname": "INFO", "name": "AresGlobal.DataQualityCache", "message": "💾 [CACHE] Cached validation result for analyze_correlations_vectorized", "correlation_id": "ccbef3088fa3487495a153d9be73bcb7", "session_id": "-", "timestamp": "2025-08-19T15:22:45.409050+00:00"}
{"asctime": "2025-08-19 17:22:45,409", "levelname": "INFO", "name": "AresGlobal.DataQualityDecorator", "message": "📊 [DATA QUALITY] Processing validation results for analyze_correlations_vectorized", "correlation_id": "ccbef3088fa3487495a153d9be73bcb7", "session_id": "-", "timestamp": "2025-08-19T15:22:45.409206+00:00"}
{"asctime": "2025-08-19 17:22:45,409", "levelname": "INFO", "name": "AresGlobal.DataQualityDecorator", "message": "   📊 Validation level: warning", "correlation_id": "ccbef3088fa3487495a153d9be73bcb7", "session_id": "-", "timestamp": "2025-08-19T15:22:45.409318+00:00"}
{"asctime": "2025-08-19 17:22:45,409", "levelname": "INFO", "name": "AresGlobal.DataQualityDecorator", "message": "   📊 Validation passed: True", "correlation_id": "ccbef3088fa3487495a153d9be73bcb7", "session_id": "-", "timestamp": "2025-08-19T15:22:45.409416+00:00"}
{"asctime": "2025-08-19 17:22:45,409", "levelname": "INFO", "name": "AresGlobal.DataQualityDecorator", "message": "   📊 Quality score: 1.00", "correlation_id": "ccbef3088fa3487495a153d9be73bcb7", "session_id": "-", "timestamp": "2025-08-19T15:22:45.409506+00:00"}
{"asctime": "2025-08-19 17:22:45,409", "levelname": "INFO", "name": "AresGlobal.DataQualityDecorator", "message": "   📊 Critical issues: 0", "correlation_id": "ccbef3088fa3487495a153d9be73bcb7", "session_id": "-", "timestamp": "2025-08-19T15:22:45.409605+00:00"}
{"asctime": "2025-08-19 17:22:45,409", "levelname": "INFO", "name": "AresGlobal.DataQualityDecorator", "message": "   📊 Warnings: 0", "correlation_id": "ccbef3088fa3487495a153d9be73bcb7", "session_id": "-", "timestamp": "2025-08-19T15:22:45.409692+00:00"}
{"asctime": "2025-08-19 17:22:45,409", "levelname": "INFO", "name": "AresGlobal.DataQualityDecorator", "message": "✅ [DATA QUALITY] WARNING validation passed for analyze_correlations_vectorized", "correlation_id": "ccbef3088fa3487495a153d9be73bcb7", "session_id": "-", "timestamp": "2025-08-19T15:22:45.409779+00:00"}
{"asctime": "2025-08-19 17:22:45,409", "levelname": "INFO", "name": "AresGlobal.DataQualityDecorator", "message": "🚀 [DATA QUALITY] Executing original function analyze_correlations_vectorized", "correlation_id": "ccbef3088fa3487495a153d9be73bcb7", "session_id": "-", "timestamp": "2025-08-19T15:22:45.409870+00:00"}
{"asctime": "2025-08-19 17:22:45,559", "levelname": "INFO", "name": "AresGlobal.DataQualityDecorator", "message": "✅ [DATA QUALITY] Completed validation for analyze_correlations_vectorized", "correlation_id": "ccbef3088fa3487495a153d9be73bcb7", "session_id": "-", "timestamp": "2025-08-19T15:22:45.559022+00:00"}
{"asctime": "2025-08-19 17:22:45,559", "levelname": "INFO", "name": "AresGlobal.DataQualityDecorator", "message": "🔍 [DATA QUALITY] Starting validation for analyze_momentum_vectorized", "correlation_id": "ccbef3088fa3487495a153d9be73bcb7", "session_id": "-", "timestamp": "2025-08-19T15:22:45.559720+00:00"}
{"asctime": "2025-08-19 17:22:45,559", "levelname": "INFO", "name": "AresGlobal.DataQualityDecorator", "message": "📊 [DATA QUALITY] Data type validation result for analyze_momentum_vectorized: klines_ohlcv", "correlation_id": "ccbef3088fa3487495a153d9be73bcb7", "session_id": "-", "timestamp": "2025-08-19T15:22:45.559889+00:00"}
{"asctime": "2025-08-19 17:22:45,559", "levelname": "INFO", "name": "AresGlobal.DataQualityDecorator", "message": "📊 [DATA QUALITY] Data type detected: klines_ohlcv for analyze_momentum_vectorized", "correlation_id": "ccbef3088fa3487495a153d9be73bcb7", "session_id": "-", "timestamp": "2025-08-19T15:22:45.559983+00:00"}
{"asctime": "2025-08-19 17:22:45,560", "levelname": "INFO", "name": "AresGlobal.DataQualityDecorator", "message": "🔍 [DATA QUALITY] Checking cache for analyze_momentum_vectorized", "correlation_id": "ccbef3088fa3487495a153d9be73bcb7", "session_id": "-", "timestamp": "2025-08-19T15:22:45.560072+00:00"}
{"asctime": "2025-08-19 17:22:45,560", "levelname": "INFO", "name": "AresGlobal.DataQualityDecorator", "message": "🔄 [DATA QUALITY] No valid cached result found for analyze_momentum_vectorized, proceeding with validation", "correlation_id": "ccbef3088fa3487495a153d9be73bcb7", "session_id": "-", "timestamp": "2025-08-19T15:22:45.560190+00:00"}
{"asctime": "2025-08-19 17:22:45,560", "levelname": "INFO", "name": "AresGlobal.DataQualityDecorator", "message": "🔍 [DATA QUALITY] Extracting symbol and exchange for analyze_momentum_vectorized", "correlation_id": "ccbef3088fa3487495a153d9be73bcb7", "session_id": "-", "timestamp": "2025-08-19T15:22:45.560278+00:00"}
{"asctime": "2025-08-19 17:22:45,560", "levelname": "INFO", "name": "AresGlobal.DataQualityDecorator", "message": "📊 [DATA QUALITY] Symbol: ETHUSDT, Exchange: BINANCE", "correlation_id": "ccbef3088fa3487495a153d9be73bcb7", "session_id": "-", "timestamp": "2025-08-19T15:22:45.560367+00:00"}
{"asctime": "2025-08-19 17:22:45,560", "levelname": "INFO", "name": "AresGlobal.DataQualityDecorator", "message": "🔍 [DATA QUALITY] Getting validation configuration for analyze_momentum_vectorized", "correlation_id": "ccbef3088fa3487495a153d9be73bcb7", "session_id": "-", "timestamp": "2025-08-19T15:22:45.560455+00:00"}
{"asctime": "2025-08-19 17:22:45,560", "levelname": "INFO", "name": "AresGlobal.DataQualityDecorator", "message": "📊 [DATA QUALITY] Validation config loaded for analyze_momentum_vectorized", "correlation_id": "ccbef3088fa3487495a153d9be73bcb7", "session_id": "-", "timestamp": "2025-08-19T15:22:45.560557+00:00"}
{"asctime": "2025-08-19 17:22:45,560", "levelname": "INFO", "name": "AresGlobal.DataQualityDecorator", "message": "🔍 [DATA QUALITY] Starting data quality validation for analyze_momentum_vectorized (ETHUSDT on BINANCE)", "correlation_id": "ccbef3088fa3487495a153d9be73bcb7", "session_id": "-", "timestamp": "2025-08-19T15:22:45.560644+00:00"}
{"asctime": "2025-08-19 17:22:45,560", "levelname": "INFO", "name": "AresGlobal.RawDataQualityChecker", "message": "🚀 validate_raw_data: Starting validation...", "correlation_id": "ccbef3088fa3487495a153d9be73bcb7", "session_id": "-", "timestamp": "2025-08-19T15:22:45.560747+00:00"}
{"asctime": "2025-08-19 17:22:45,563", "levelname": "INFO", "name": "AresGlobal.RawDataQualityChecker", "message": "🔍 Starting raw data quality validation for BINANCE ETHUSDT", "correlation_id": "ccbef3088fa3487495a153d9be73bcb7", "session_id": "-", "timestamp": "2025-08-19T15:22:45.563155+00:00"}
{"asctime": "2025-08-19 17:22:45,563", "levelname": "INFO", "name": "AresGlobal.RawDataQualityChecker", "message": "Validating data structure...", "correlation_id": "ccbef3088fa3487495a153d9be73bcb7", "session_id": "-", "timestamp": "2025-08-19T15:22:45.563349+00:00"}
{"asctime": "2025-08-19 17:22:45,563", "levelname": "INFO", "name": "AresGlobal.RawDataQualityChecker", "message": "Validating data completeness...", "correlation_id": "ccbef3088fa3487495a153d9be73bcb7", "session_id": "-", "timestamp": "2025-08-19T15:22:45.563538+00:00"}
{"asctime": "2025-08-19 17:22:45,567", "levelname": "INFO", "name": "AresGlobal.RawDataQualityChecker", "message": "Validating data integrity...", "correlation_id": "ccbef3088fa3487495a153d9be73bcb7", "session_id": "-", "timestamp": "2025-08-19T15:22:45.567312+00:00"}
{"asctime": "2025-08-19 17:22:45,571", "levelname": "INFO", "name": "AresGlobal.RawDataQualityChecker", "message": "Validating market-specific issues...", "correlation_id": "ccbef3088fa3487495a153d9be73bcb7", "session_id": "-", "timestamp": "2025-08-19T15:22:45.571122+00:00"}
{"asctime": "2025-08-19 17:22:45,575", "levelname": "INFO", "name": "AresGlobal.RawDataQualityChecker", "message": "Validating feature engineering requirements...", "correlation_id": "ccbef3088fa3487495a153d9be73bcb7", "session_id": "-", "timestamp": "2025-08-19T15:22:45.575190+00:00"}
{"asctime": "2025-08-19 17:22:45,605", "levelname": "INFO", "name": "AresGlobal.RawDataQualityChecker", "message": "✅ No irregular intervals detected (ratio: 0.000)", "correlation_id": "ccbef3088fa3487495a153d9be73bcb7", "session_id": "-", "timestamp": "2025-08-19T15:22:45.605583+00:00"}
{"asctime": "2025-08-19 17:22:45,609", "levelname": "INFO", "name": "AresGlobal.RawDataQualityChecker", "message": "✅ No large gaps found - data is continuous", "correlation_id": "ccbef3088fa3487495a153d9be73bcb7", "session_id": "-", "timestamp": "2025-08-19T15:22:45.609544+00:00"}
{"asctime": "2025-08-19 17:22:45,609", "levelname": "INFO", "name": "AresGlobal.RawDataQualityChecker", "message": "✅ Raw data validation passed for ETHUSDT (Score: 1.00)", "correlation_id": "ccbef3088fa3487495a153d9be73bcb7", "session_id": "-", "timestamp": "2025-08-19T15:22:45.609844+00:00"}
{"asctime": "2025-08-19 17:22:45,609", "levelname": "INFO", "name": "AresGlobal.RawDataQualityChecker", "message": "✅ PASSED validate_raw_data: Completed in 0.05s", "correlation_id": "ccbef3088fa3487495a153d9be73bcb7", "session_id": "-", "timestamp": "2025-08-19T15:22:45.609961+00:00"}
{"asctime": "2025-08-19 17:22:45,610", "levelname": "INFO", "name": "AresGlobal.DataQualityCache", "message": "💾 [CACHE] Cached validation result for analyze_momentum_vectorized", "correlation_id": "ccbef3088fa3487495a153d9be73bcb7", "session_id": "-", "timestamp": "2025-08-19T15:22:45.610117+00:00"}
{"asctime": "2025-08-19 17:22:45,610", "levelname": "INFO", "name": "AresGlobal.DataQualityDecorator", "message": "📊 [DATA QUALITY] Processing validation results for analyze_momentum_vectorized", "correlation_id": "ccbef3088fa3487495a153d9be73bcb7", "session_id": "-", "timestamp": "2025-08-19T15:22:45.610232+00:00"}
{"asctime": "2025-08-19 17:22:45,610", "levelname": "INFO", "name": "AresGlobal.DataQualityDecorator", "message": "   📊 Validation level: warning", "correlation_id": "ccbef3088fa3487495a153d9be73bcb7", "session_id": "-", "timestamp": "2025-08-19T15:22:45.610323+00:00"}
{"asctime": "2025-08-19 17:22:45,610", "levelname": "INFO", "name": "AresGlobal.DataQualityDecorator", "message": "   📊 Validation passed: True", "correlation_id": "ccbef3088fa3487495a153d9be73bcb7", "session_id": "-", "timestamp": "2025-08-19T15:22:45.610412+00:00"}
{"asctime": "2025-08-19 17:22:45,610", "levelname": "INFO", "name": "AresGlobal.DataQualityDecorator", "message": "   📊 Quality score: 1.00", "correlation_id": "ccbef3088fa3487495a153d9be73bcb7", "session_id": "-", "timestamp": "2025-08-19T15:22:45.610511+00:00"}
{"asctime": "2025-08-19 17:22:45,610", "levelname": "INFO", "name": "AresGlobal.DataQualityDecorator", "message": "   📊 Critical issues: 0", "correlation_id": "ccbef3088fa3487495a153d9be73bcb7", "session_id": "-", "timestamp": "2025-08-19T15:22:45.610597+00:00"}
{"asctime": "2025-08-19 17:22:45,610", "levelname": "INFO", "name": "AresGlobal.DataQualityDecorator", "message": "   📊 Warnings: 0", "correlation_id": "ccbef3088fa3487495a153d9be73bcb7", "session_id": "-", "timestamp": "2025-08-19T15:22:45.610685+00:00"}
{"asctime": "2025-08-19 17:22:45,610", "levelname": "INFO", "name": "AresGlobal.DataQualityDecorator", "message": "✅ [DATA QUALITY] WARNING validation passed for analyze_momentum_vectorized", "correlation_id": "ccbef3088fa3487495a153d9be73bcb7", "session_id": "-", "timestamp": "2025-08-19T15:22:45.610772+00:00"}
{"asctime": "2025-08-19 17:22:45,610", "levelname": "INFO", "name": "AresGlobal.DataQualityDecorator", "message": "🚀 [DATA QUALITY] Executing original function analyze_momentum_vectorized", "correlation_id": "ccbef3088fa3487495a153d9be73bcb7", "session_id": "-", "timestamp": "2025-08-19T15:22:45.610855+00:00"}
{"asctime": "2025-08-19 17:22:45,650", "levelname": "INFO", "name": "AresGlobal.DataQualityDecorator", "message": "✅ [DATA QUALITY] Completed validation for analyze_momentum_vectorized", "correlation_id": "ccbef3088fa3487495a153d9be73bcb7", "session_id": "-", "timestamp": "2025-08-19T15:22:45.650289+00:00"}
{"asctime": "2025-08-19 17:22:45,683", "levelname": "INFO", "name": "AresGlobal.DataQualityDecorator", "message": "🔍 [DATA QUALITY] Starting validation for analyze_patterns", "correlation_id": "ccbef3088fa3487495a153d9be73bcb7", "session_id": "-", "timestamp": "2025-08-19T15:22:45.683047+00:00"}
{"asctime": "2025-08-19 17:22:45,683", "levelname": "INFO", "name": "AresGlobal.DataQualityDecorator", "message": "📊 [DATA QUALITY] Data type validation result for analyze_patterns: klines_ohlcv", "correlation_id": "ccbef3088fa3487495a153d9be73bcb7", "session_id": "-", "timestamp": "2025-08-19T15:22:45.683213+00:00"}
{"asctime": "2025-08-19 17:22:45,683", "levelname": "INFO", "name": "AresGlobal.DataQualityDecorator", "message": "📊 [DATA QUALITY] Data type detected: klines_ohlcv for analyze_patterns", "correlation_id": "ccbef3088fa3487495a153d9be73bcb7", "session_id": "-", "timestamp": "2025-08-19T15:22:45.683311+00:00"}
{"asctime": "2025-08-19 17:22:45,683", "levelname": "INFO", "name": "AresGlobal.DataQualityDecorator", "message": "🔍 [DATA QUALITY] Checking cache for analyze_patterns", "correlation_id": "ccbef3088fa3487495a153d9be73bcb7", "session_id": "-", "timestamp": "2025-08-19T15:22:45.683398+00:00"}
{"asctime": "2025-08-19 17:22:45,683", "levelname": "INFO", "name": "AresGlobal.DataQualityDecorator", "message": "🔄 [DATA QUALITY] No valid cached result found for analyze_patterns, proceeding with validation", "correlation_id": "ccbef3088fa3487495a153d9be73bcb7", "session_id": "-", "timestamp": "2025-08-19T15:22:45.683514+00:00"}
{"asctime": "2025-08-19 17:22:45,683", "levelname": "INFO", "name": "AresGlobal.DataQualityDecorator", "message": "🔍 [DATA QUALITY] Extracting symbol and exchange for analyze_patterns", "correlation_id": "ccbef3088fa3487495a153d9be73bcb7", "session_id": "-", "timestamp": "2025-08-19T15:22:45.683618+00:00"}
{"asctime": "2025-08-19 17:22:45,683", "levelname": "INFO", "name": "AresGlobal.DataQualityDecorator", "message": "📊 [DATA QUALITY] Symbol: ETHUSDT, Exchange: BINANCE", "correlation_id": "ccbef3088fa3487495a153d9be73bcb7", "session_id": "-", "timestamp": "2025-08-19T15:22:45.683708+00:00"}
{"asctime": "2025-08-19 17:22:45,683", "levelname": "INFO", "name": "AresGlobal.DataQualityDecorator", "message": "🔍 [DATA QUALITY] Getting validation configuration for analyze_patterns", "correlation_id": "ccbef3088fa3487495a153d9be73bcb7", "session_id": "-", "timestamp": "2025-08-19T15:22:45.683791+00:00"}
{"asctime": "2025-08-19 17:22:45,683", "levelname": "INFO", "name": "AresGlobal.DataQualityDecorator", "message": "📊 [DATA QUALITY] Validation config loaded for analyze_patterns", "correlation_id": "ccbef3088fa3487495a153d9be73bcb7", "session_id": "-", "timestamp": "2025-08-19T15:22:45.683887+00:00"}
{"asctime": "2025-08-19 17:22:45,683", "levelname": "INFO", "name": "AresGlobal.DataQualityDecorator", "message": "🔍 [DATA QUALITY] Starting data quality validation for analyze_patterns (ETHUSDT on BINANCE)", "correlation_id": "ccbef3088fa3487495a153d9be73bcb7", "session_id": "-", "timestamp": "2025-08-19T15:22:45.683975+00:00"}
{"asctime": "2025-08-19 17:22:45,684", "levelname": "INFO", "name": "AresGlobal.RawDataQualityChecker", "message": "🚀 validate_raw_data: Starting validation...", "correlation_id": "ccbef3088fa3487495a153d9be73bcb7", "session_id": "-", "timestamp": "2025-08-19T15:22:45.684080+00:00"}
{"asctime": "2025-08-19 17:22:45,686", "levelname": "INFO", "name": "AresGlobal.RawDataQualityChecker", "message": "🔍 Starting raw data quality validation for BINANCE ETHUSDT", "correlation_id": "ccbef3088fa3487495a153d9be73bcb7", "session_id": "-", "timestamp": "2025-08-19T15:22:45.686353+00:00"}
{"asctime": "2025-08-19 17:22:45,686", "levelname": "INFO", "name": "AresGlobal.RawDataQualityChecker", "message": "Validating data structure...", "correlation_id": "ccbef3088fa3487495a153d9be73bcb7", "session_id": "-", "timestamp": "2025-08-19T15:22:45.686540+00:00"}
{"asctime": "2025-08-19 17:22:45,686", "levelname": "INFO", "name": "AresGlobal.RawDataQualityChecker", "message": "Validating data completeness...", "correlation_id": "ccbef3088fa3487495a153d9be73bcb7", "session_id": "-", "timestamp": "2025-08-19T15:22:45.686732+00:00"}
{"asctime": "2025-08-19 17:22:45,690", "levelname": "INFO", "name": "AresGlobal.RawDataQualityChecker", "message": "Validating data integrity...", "correlation_id": "ccbef3088fa3487495a153d9be73bcb7", "session_id": "-", "timestamp": "2025-08-19T15:22:45.690484+00:00"}
{"asctime": "2025-08-19 17:22:45,695", "levelname": "INFO", "name": "AresGlobal.RawDataQualityChecker", "message": "Validating market-specific issues...", "correlation_id": "ccbef3088fa3487495a153d9be73bcb7", "session_id": "-", "timestamp": "2025-08-19T15:22:45.695023+00:00"}
{"asctime": "2025-08-19 17:22:45,698", "levelname": "INFO", "name": "AresGlobal.RawDataQualityChecker", "message": "Validating feature engineering requirements...", "correlation_id": "ccbef3088fa3487495a153d9be73bcb7", "session_id": "-", "timestamp": "2025-08-19T15:22:45.698846+00:00"}
{"asctime": "2025-08-19 17:22:45,726", "levelname": "INFO", "name": "AresGlobal.RawDataQualityChecker", "message": "✅ No irregular intervals detected (ratio: 0.000)", "correlation_id": "ccbef3088fa3487495a153d9be73bcb7", "session_id": "-", "timestamp": "2025-08-19T15:22:45.726700+00:00"}
{"asctime": "2025-08-19 17:22:45,730", "levelname": "INFO", "name": "AresGlobal.RawDataQualityChecker", "message": "✅ No large gaps found - data is continuous", "correlation_id": "ccbef3088fa3487495a153d9be73bcb7", "session_id": "-", "timestamp": "2025-08-19T15:22:45.730678+00:00"}
{"asctime": "2025-08-19 17:22:45,730", "levelname": "INFO", "name": "AresGlobal.RawDataQualityChecker", "message": "✅ Raw data validation passed for ETHUSDT (Score: 1.00)", "correlation_id": "ccbef3088fa3487495a153d9be73bcb7", "session_id": "-", "timestamp": "2025-08-19T15:22:45.730859+00:00"}
{"asctime": "2025-08-19 17:22:45,730", "levelname": "INFO", "name": "AresGlobal.RawDataQualityChecker", "message": "✅ PASSED validate_raw_data: Completed in 0.05s", "correlation_id": "ccbef3088fa3487495a153d9be73bcb7", "session_id": "-", "timestamp": "2025-08-19T15:22:45.730962+00:00"}
{"asctime": "2025-08-19 17:22:45,731", "levelname": "INFO", "name": "AresGlobal.DataQualityCache", "message": "💾 [CACHE] Cached validation result for analyze_patterns", "correlation_id": "ccbef3088fa3487495a153d9be73bcb7", "session_id": "-", "timestamp": "2025-08-19T15:22:45.731099+00:00"}
{"asctime": "2025-08-19 17:22:45,731", "levelname": "INFO", "name": "AresGlobal.DataQualityDecorator", "message": "📊 [DATA QUALITY] Processing validation results for analyze_patterns", "correlation_id": "ccbef3088fa3487495a153d9be73bcb7", "session_id": "-", "timestamp": "2025-08-19T15:22:45.731199+00:00"}
{"asctime": "2025-08-19 17:22:45,731", "levelname": "INFO", "name": "AresGlobal.DataQualityDecorator", "message": "   📊 Validation level: warning", "correlation_id": "ccbef3088fa3487495a153d9be73bcb7", "session_id": "-", "timestamp": "2025-08-19T15:22:45.731291+00:00"}
{"asctime": "2025-08-19 17:22:45,731", "levelname": "INFO", "name": "AresGlobal.DataQualityDecorator", "message": "   📊 Validation passed: True", "correlation_id": "ccbef3088fa3487495a153d9be73bcb7", "session_id": "-", "timestamp": "2025-08-19T15:22:45.731377+00:00"}
{"asctime": "2025-08-19 17:22:45,731", "levelname": "INFO", "name": "AresGlobal.DataQualityDecorator", "message": "   📊 Quality score: 1.00", "correlation_id": "ccbef3088fa3487495a153d9be73bcb7", "session_id": "-", "timestamp": "2025-08-19T15:22:45.731463+00:00"}
{"asctime": "2025-08-19 17:22:45,731", "levelname": "INFO", "name": "AresGlobal.DataQualityDecorator", "message": "   📊 Critical issues: 0", "correlation_id": "ccbef3088fa3487495a153d9be73bcb7", "session_id": "-", "timestamp": "2025-08-19T15:22:45.731547+00:00"}
{"asctime": "2025-08-19 17:22:45,731", "levelname": "INFO", "name": "AresGlobal.DataQualityDecorator", "message": "   📊 Warnings: 0", "correlation_id": "ccbef3088fa3487495a153d9be73bcb7", "session_id": "-", "timestamp": "2025-08-19T15:22:45.731629+00:00"}
{"asctime": "2025-08-19 17:22:45,731", "levelname": "INFO", "name": "AresGlobal.DataQualityDecorator", "message": "✅ [DATA QUALITY] WARNING validation passed for analyze_patterns", "correlation_id": "ccbef3088fa3487495a153d9be73bcb7", "session_id": "-", "timestamp": "2025-08-19T15:22:45.731717+00:00"}
{"asctime": "2025-08-19 17:22:45,731", "levelname": "INFO", "name": "AresGlobal.DataQualityDecorator", "message": "🚀 [DATA QUALITY] Executing original function analyze_patterns", "correlation_id": "ccbef3088fa3487495a153d9be73bcb7", "session_id": "-", "timestamp": "2025-08-19T15:22:45.731802+00:00"}
{"asctime": "2025-08-19 17:22:45,737", "levelname": "INFO", "name": "AresGlobal.DataQualityDecorator", "message": "✅ [DATA QUALITY] Completed validation for analyze_patterns", "correlation_id": "ccbef3088fa3487495a153d9be73bcb7", "session_id": "-", "timestamp": "2025-08-19T15:22:45.737029+00:00"}
{"asctime": "2025-08-19 17:23:15,014", "levelname": "INFO", "name": "AresGlobal.AresLauncher", "message": "🧹 Cleaning up processes...", "correlation_id": "-", "session_id": "-", "timestamp": "2025-08-19T15:23:15.014149+00:00"}
{"asctime": "2025-08-19 17:23:15,015", "levelname": "INFO", "name": "AresGlobal.AresLauncher", "message": "✅ Cleanup completed", "correlation_id": "-", "session_id": "-", "timestamp": "2025-08-19T15:23:15.015610+00:00"}
