{"asctime": "2025-08-19 10:38:51,100", "levelname": "INFO", "name": "AresGlobal", "message": "================================================================================", "correlation_id": "-", "session_id": "-", "timestamp": "2025-08-19T08:38:51.100543+00:00"}
{"asctime": "2025-08-19 10:38:51,100", "levelname": "INFO", "name": "AresGlobal", "message": "📊 SESSION SUMMARY", "correlation_id": "-", "session_id": "-", "timestamp": "2025-08-19T08:38:51.100658+00:00"}
{"asctime": "2025-08-19 10:38:51,100", "levelname": "INFO", "name": "AresGlobal", "message": "Session started: 2025-08-19 10:38:51", "correlation_id": "-", "session_id": "-", "timestamp": "2025-08-19T08:38:51.100821+00:00"}
{"asctime": "2025-08-19 10:38:51,100", "levelname": "INFO", "name": "AresGlobal", "message": "This file contains ALL logs for this session", "correlation_id": "-", "session_id": "-", "timestamp": "2025-08-19T08:38:51.100915+00:00"}
{"asctime": "2025-08-19 10:38:51,100", "levelname": "INFO", "name": "AresGlobal", "message": "================================================================================", "correlation_id": "-", "session_id": "-", "timestamp": "2025-08-19T08:38:51.100999+00:00"}
{"asctime": "2025-08-19 10:38:51,101", "levelname": "INFO", "name": "AresSystem", "message": "================================================================================", "correlation_id": "-", "session_id": "-", "timestamp": "2025-08-19T08:38:51.101110+00:00"}
{"asctime": "2025-08-19 10:38:51,101", "levelname": "INFO", "name": "AresGlobal", "message": "[SYSTEM] ================================================================================", "correlation_id": "-", "session_id": "-", "timestamp": "2025-08-19T08:38:51.101201+00:00"}
{"asctime": "2025-08-19 10:38:51,101", "levelname": "INFO", "name": "AresSystem", "message": "🚀 ARES LAUNCHER STARTED - Mode: INITIALIZATION", "correlation_id": "-", "session_id": "-", "timestamp": "2025-08-19T08:38:51.101286+00:00"}
{"asctime": "2025-08-19 10:38:51,101", "levelname": "INFO", "name": "AresGlobal", "message": "[SYSTEM] 🚀 ARES LAUNCHER STARTED - Mode: INITIALIZATION", "correlation_id": "-", "session_id": "-", "timestamp": "2025-08-19T08:38:51.101370+00:00"}
{"asctime": "2025-08-19 10:38:51,101", "levelname": "INFO", "name": "AresSystem", "message": "Start time: 2025-08-19 10:38:51", "correlation_id": "-", "session_id": "-", "timestamp": "2025-08-19T08:38:51.101461+00:00"}
{"asctime": "2025-08-19 10:38:51,101", "levelname": "INFO", "name": "AresGlobal", "message": "[SYSTEM] Start time: 2025-08-19 10:38:51", "correlation_id": "-", "session_id": "-", "timestamp": "2025-08-19T08:38:51.101628+00:00"}
{"asctime": "2025-08-19 10:38:51,101", "levelname": "INFO", "name": "AresSystem", "message": "Log directory: log", "correlation_id": "-", "session_id": "-", "timestamp": "2025-08-19T08:38:51.101852+00:00"}
{"asctime": "2025-08-19 10:38:51,102", "levelname": "INFO", "name": "AresGlobal", "message": "[SYSTEM] Log directory: log", "correlation_id": "-", "session_id": "-", "timestamp": "2025-08-19T08:38:51.102101+00:00"}
{"asctime": "2025-08-19 10:38:51,102", "levelname": "INFO", "name": "AresSystem", "message": "================================================================================", "correlation_id": "-", "session_id": "-", "timestamp": "2025-08-19T08:38:51.102183+00:00"}
{"asctime": "2025-08-19 10:38:51,102", "levelname": "INFO", "name": "AresGlobal", "message": "[SYSTEM] ================================================================================", "correlation_id": "-", "session_id": "-", "timestamp": "2025-08-19T08:38:51.102290+00:00"}
{"asctime": "2025-08-19 10:38:51,102", "levelname": "INFO", "name": "AresGlobal.AresLauncher", "message": "================================================================================", "correlation_id": "-", "session_id": "-", "timestamp": "2025-08-19T08:38:51.102383+00:00"}
{"asctime": "2025-08-19 10:38:51,102", "levelname": "INFO", "name": "AresGlobal.AresLauncher", "message": "🚀 ARES COMPREHENSIVE LAUNCHER", "correlation_id": "-", "session_id": "-", "timestamp": "2025-08-19T08:38:51.102465+00:00"}
{"asctime": "2025-08-19 10:38:51,102", "levelname": "INFO", "name": "AresGlobal.AresLauncher", "message": "================================================================================", "correlation_id": "-", "session_id": "-", "timestamp": "2025-08-19T08:38:51.102638+00:00"}
{"asctime": "2025-08-19 10:38:51,102", "levelname": "INFO", "name": "AresGlobal.AresLauncher", "message": "Start time: 2025-08-19 10:38:51", "correlation_id": "-", "session_id": "-", "timestamp": "2025-08-19T08:38:51.102770+00:00"}
{"asctime": "2025-08-19 10:38:51,102", "levelname": "INFO", "name": "AresGlobal.AresLauncher", "message": "Log directory: log", "correlation_id": "-", "session_id": "-", "timestamp": "2025-08-19T08:38:51.102857+00:00"}
{"asctime": "2025-08-19 10:38:51,102", "levelname": "INFO", "name": "AresGlobal.AresLauncher", "message": "Log level: INFO", "correlation_id": "-", "session_id": "-", "timestamp": "2025-08-19T08:38:51.102942+00:00"}
{"asctime": "2025-08-19 10:38:51,103", "levelname": "INFO", "name": "AresGlobal.AresLauncher", "message": "Global log file: ares_global_20250819_103851.log", "correlation_id": "-", "session_id": "-", "timestamp": "2025-08-19T08:38:51.103025+00:00"}
{"asctime": "2025-08-19 10:38:51,103", "levelname": "INFO", "name": "AresGlobal.AresLauncher", "message": "Full run log: log/ares_full_20250819_103851.log", "correlation_id": "-", "session_id": "-", "timestamp": "2025-08-19T08:38:51.103108+00:00"}
{"asctime": "2025-08-19 10:38:51,103", "levelname": "INFO", "name": "AresGlobal.AresLauncher", "message": "Trades log: log/ares_trades_20250819_103851.log", "correlation_id": "-", "session_id": "-", "timestamp": "2025-08-19T08:38:51.103183+00:00"}
{"asctime": "2025-08-19 10:38:51,103", "levelname": "INFO", "name": "AresGlobal.AresLauncher", "message": "Backtest log: log/ares_backtest_20250819_103851.log", "correlation_id": "-", "session_id": "-", "timestamp": "2025-08-19T08:38:51.103256+00:00"}
{"asctime": "2025-08-19 10:38:51,103", "levelname": "INFO", "name": "AresGlobal.AresLauncher", "message": "================================================================================", "correlation_id": "-", "session_id": "-", "timestamp": "2025-08-19T08:38:51.103327+00:00"}
{"asctime": "2025-08-19 10:38:51,103", "levelname": "INFO", "name": "AresTradingSystem.System.SignalHandler", "message": "Shutdown callback registered", "correlation_id": "-", "session_id": "-", "timestamp": "2025-08-19T08:38:51.103409+00:00"}
{"asctime": "2025-08-19 10:38:51,103", "levelname": "INFO", "name": "AresSystem", "message": "================================================================================", "correlation_id": "-", "session_id": "-", "timestamp": "2025-08-19T08:38:51.103502+00:00"}
{"asctime": "2025-08-19 10:38:51,103", "levelname": "INFO", "name": "AresGlobal", "message": "[SYSTEM] ================================================================================", "correlation_id": "-", "session_id": "-", "timestamp": "2025-08-19T08:38:51.103584+00:00"}
{"asctime": "2025-08-19 10:38:51,103", "levelname": "INFO", "name": "AresSystem", "message": "🚀 ARES LAUNCHER STARTED - Mode: blank - Symbol: ETHUSDT - Exchange: BINANCE", "correlation_id": "-", "session_id": "-", "timestamp": "2025-08-19T08:38:51.103657+00:00"}
{"asctime": "2025-08-19 10:38:51,103", "levelname": "INFO", "name": "AresGlobal", "message": "[SYSTEM] 🚀 ARES LAUNCHER STARTED - Mode: blank - Symbol: ETHUSDT - Exchange: BINANCE", "correlation_id": "-", "session_id": "-", "timestamp": "2025-08-19T08:38:51.103739+00:00"}
{"asctime": "2025-08-19 10:38:51,103", "levelname": "INFO", "name": "AresSystem", "message": "Start time: 2025-08-19 10:38:51", "correlation_id": "-", "session_id": "-", "timestamp": "2025-08-19T08:38:51.103821+00:00"}
{"asctime": "2025-08-19 10:38:51,103", "levelname": "INFO", "name": "AresGlobal", "message": "[SYSTEM] Start time: 2025-08-19 10:38:51", "correlation_id": "-", "session_id": "-", "timestamp": "2025-08-19T08:38:51.103892+00:00"}
{"asctime": "2025-08-19 10:38:51,103", "levelname": "INFO", "name": "AresSystem", "message": "Log directory: log", "correlation_id": "-", "session_id": "-", "timestamp": "2025-08-19T08:38:51.103967+00:00"}
{"asctime": "2025-08-19 10:38:51,104", "levelname": "INFO", "name": "AresGlobal", "message": "[SYSTEM] Log directory: log", "correlation_id": "-", "session_id": "-", "timestamp": "2025-08-19T08:38:51.104143+00:00"}
{"asctime": "2025-08-19 10:38:51,104", "levelname": "INFO", "name": "AresSystem", "message": "================================================================================", "correlation_id": "-", "session_id": "-", "timestamp": "2025-08-19T08:38:51.104227+00:00"}
{"asctime": "2025-08-19 10:38:51,104", "levelname": "INFO", "name": "AresGlobal", "message": "[SYSTEM] ================================================================================", "correlation_id": "-", "session_id": "-", "timestamp": "2025-08-19T08:38:51.104306+00:00"}
{"asctime": "2025-08-19 10:38:51,104", "levelname": "INFO", "name": "AresGlobal.AresLauncher", "message": "🚀 Running enhanced 16-step training pipeline for ETHUSDT on BINANCE", "correlation_id": "-", "session_id": "-", "timestamp": "2025-08-19T08:38:51.104404+00:00"}
{"asctime": "2025-08-19 10:38:51,104", "levelname": "INFO", "name": "AresGlobal.AresLauncher", "message": "Starting from step: step2_feature_engineering", "correlation_id": "-", "session_id": "-", "timestamp": "2025-08-19T08:38:51.104503+00:00"}
{"asctime": "2025-08-19 10:38:51,105", "levelname": "INFO", "name": "AresGlobal.AresLauncher", "message": "🧪 BLANK TRAINING MODE: Set BLANK_TRAINING_MODE=1 for step-based training", "correlation_id": "-", "session_id": "-", "timestamp": "2025-08-19T08:38:51.105399+00:00"}
{"asctime": "2025-08-19 10:38:51,105", "levelname": "INFO", "name": "AresGlobal.ProgressManager", "message": "Initialized ProgressManager for ETHUSDT on BINANCE", "correlation_id": "-", "session_id": "-", "timestamp": "2025-08-19T08:38:51.105615+00:00"}
{"asctime": "2025-08-19 10:38:51,105", "levelname": "INFO", "name": "AresGlobal.ProgressManager", "message": "Progress directory: data/training/progress/BINANCE_ETHUSDT", "correlation_id": "-", "session_id": "-", "timestamp": "2025-08-19T08:38:51.105748+00:00"}
{"asctime": "2025-08-19 10:38:51,105", "levelname": "INFO", "name": "AresGlobal.StepOrchestrator", "message": "Initialized StepOrchestrator for ETHUSDT on BINANCE", "correlation_id": "-", "session_id": "-", "timestamp": "2025-08-19T08:38:51.105838+00:00"}
{"asctime": "2025-08-19 10:38:51,105", "levelname": "INFO", "name": "AresGlobal.ProgressManager", "message": "🗑️  Cleared progress for step2_feature_engineering", "correlation_id": "-", "session_id": "-", "timestamp": "2025-08-19T08:38:51.105958+00:00"}
{"asctime": "2025-08-19 10:38:51,106", "levelname": "INFO", "name": "AresGlobal.AresLauncher", "message": "🧹 Cleared progress for 'step2_feature_engineering' (force)", "correlation_id": "-", "session_id": "-", "timestamp": "2025-08-19T08:38:51.106055+00:00"}
{"asctime": "2025-08-19 10:38:51,106", "levelname": "INFO", "name": "AresGlobal.ProgressManager", "message": "🗑️  Cleared progress for step3_hmm_regime_discovery", "correlation_id": "-", "session_id": "-", "timestamp": "2025-08-19T08:38:51.106166+00:00"}
{"asctime": "2025-08-19 10:38:51,106", "levelname": "INFO", "name": "AresGlobal.AresLauncher", "message": "🧹 Cleared progress for 'step3_hmm_regime_discovery' (force)", "correlation_id": "-", "session_id": "-", "timestamp": "2025-08-19T08:38:51.106247+00:00"}
{"asctime": "2025-08-19 10:38:51,106", "levelname": "INFO", "name": "AresGlobal.ProgressManager", "message": "🗑️  Cleared progress for step4_processing_labeling", "correlation_id": "-", "session_id": "-", "timestamp": "2025-08-19T08:38:51.106345+00:00"}
{"asctime": "2025-08-19 10:38:51,106", "levelname": "INFO", "name": "AresGlobal.AresLauncher", "message": "🧹 Cleared progress for 'step4_processing_labeling' (force)", "correlation_id": "-", "session_id": "-", "timestamp": "2025-08-19T08:38:51.106424+00:00"}
{"asctime": "2025-08-19 10:38:51,106", "levelname": "INFO", "name": "AresGlobal.ProgressManager", "message": "🗑️  Cleared progress for step5_regime_data_splitting", "correlation_id": "-", "session_id": "-", "timestamp": "2025-08-19T08:38:51.106520+00:00"}
{"asctime": "2025-08-19 10:38:51,106", "levelname": "INFO", "name": "AresGlobal.AresLauncher", "message": "🧹 Cleared progress for 'step5_regime_data_splitting' (force)", "correlation_id": "-", "session_id": "-", "timestamp": "2025-08-19T08:38:51.106600+00:00"}
{"asctime": "2025-08-19 10:38:51,106", "levelname": "INFO", "name": "AresGlobal.ProgressManager", "message": "🗑️  Cleared progress for step6_hmm_based_training", "correlation_id": "-", "session_id": "-", "timestamp": "2025-08-19T08:38:51.106693+00:00"}
{"asctime": "2025-08-19 10:38:51,106", "levelname": "INFO", "name": "AresGlobal.AresLauncher", "message": "🧹 Cleared progress for 'step6_hmm_based_training' (force)", "correlation_id": "-", "session_id": "-", "timestamp": "2025-08-19T08:38:51.106767+00:00"}
{"asctime": "2025-08-19 10:38:51,106", "levelname": "INFO", "name": "AresGlobal.ProgressManager", "message": "🗑️  Cleared progress for step6_5_unified_regime_intelligence", "correlation_id": "-", "session_id": "-", "timestamp": "2025-08-19T08:38:51.106859+00:00"}
{"asctime": "2025-08-19 10:38:51,106", "levelname": "INFO", "name": "AresGlobal.AresLauncher", "message": "🧹 Cleared progress for 'step6_5_unified_regime_intelligence' (force)", "correlation_id": "-", "session_id": "-", "timestamp": "2025-08-19T08:38:51.106939+00:00"}
{"asctime": "2025-08-19 10:38:51,107", "levelname": "INFO", "name": "AresGlobal.ProgressManager", "message": "🗑️  Cleared progress for step7_analyst_enhancement", "correlation_id": "-", "session_id": "-", "timestamp": "2025-08-19T08:38:51.107036+00:00"}
{"asctime": "2025-08-19 10:38:51,107", "levelname": "INFO", "name": "AresGlobal.AresLauncher", "message": "🧹 Cleared progress for 'step7_analyst_enhancement' (force)", "correlation_id": "-", "session_id": "-", "timestamp": "2025-08-19T08:38:51.107111+00:00"}
{"asctime": "2025-08-19 10:38:51,107", "levelname": "INFO", "name": "AresGlobal.ProgressManager", "message": "🗑️  Cleared progress for step8_tactician_labeling", "correlation_id": "-", "session_id": "-", "timestamp": "2025-08-19T08:38:51.107202+00:00"}
{"asctime": "2025-08-19 10:38:51,107", "levelname": "INFO", "name": "AresGlobal.AresLauncher", "message": "🧹 Cleared progress for 'step8_tactician_labeling' (force)", "correlation_id": "-", "session_id": "-", "timestamp": "2025-08-19T08:38:51.107276+00:00"}
{"asctime": "2025-08-19 10:38:51,107", "levelname": "INFO", "name": "AresGlobal.ProgressManager", "message": "🗑️  Cleared progress for step9_tactician_specialist_training", "correlation_id": "-", "session_id": "-", "timestamp": "2025-08-19T08:38:51.107368+00:00"}
{"asctime": "2025-08-19 10:38:51,107", "levelname": "INFO", "name": "AresGlobal.AresLauncher", "message": "🧹 Cleared progress for 'step9_tactician_specialist_training' (force)", "correlation_id": "-", "session_id": "-", "timestamp": "2025-08-19T08:38:51.107448+00:00"}
{"asctime": "2025-08-19 10:38:51,107", "levelname": "INFO", "name": "AresGlobal.ProgressManager", "message": "🗑️  Cleared progress for step10_confidence_calibration", "correlation_id": "-", "session_id": "-", "timestamp": "2025-08-19T08:38:51.107542+00:00"}
{"asctime": "2025-08-19 10:38:51,107", "levelname": "INFO", "name": "AresGlobal.AresLauncher", "message": "🧹 Cleared progress for 'step10_confidence_calibration' (force)", "correlation_id": "-", "session_id": "-", "timestamp": "2025-08-19T08:38:51.107618+00:00"}
{"asctime": "2025-08-19 10:38:51,107", "levelname": "INFO", "name": "AresGlobal.ProgressManager", "message": "🗑️  Cleared progress for step11_final_parameters_optimization", "correlation_id": "-", "session_id": "-", "timestamp": "2025-08-19T08:38:51.107712+00:00"}
{"asctime": "2025-08-19 10:38:51,107", "levelname": "INFO", "name": "AresGlobal.AresLauncher", "message": "🧹 Cleared progress for 'step11_final_parameters_optimization' (force)", "correlation_id": "-", "session_id": "-", "timestamp": "2025-08-19T08:38:51.107787+00:00"}
{"asctime": "2025-08-19 10:38:51,107", "levelname": "INFO", "name": "AresGlobal.ProgressManager", "message": "🗑️  Cleared progress for step12_walk_forward_validation", "correlation_id": "-", "session_id": "-", "timestamp": "2025-08-19T08:38:51.107885+00:00"}
{"asctime": "2025-08-19 10:38:51,107", "levelname": "INFO", "name": "AresGlobal.AresLauncher", "message": "🧹 Cleared progress for 'step12_walk_forward_validation' (force)", "correlation_id": "-", "session_id": "-", "timestamp": "2025-08-19T08:38:51.107960+00:00"}
{"asctime": "2025-08-19 10:38:51,108", "levelname": "INFO", "name": "AresGlobal.ProgressManager", "message": "🗑️  Cleared progress for step13_monte_carlo_validation", "correlation_id": "-", "session_id": "-", "timestamp": "2025-08-19T08:38:51.108051+00:00"}
{"asctime": "2025-08-19 10:38:51,108", "levelname": "INFO", "name": "AresGlobal.AresLauncher", "message": "🧹 Cleared progress for 'step13_monte_carlo_validation' (force)", "correlation_id": "-", "session_id": "-", "timestamp": "2025-08-19T08:38:51.108126+00:00"}
{"asctime": "2025-08-19 10:38:51,108", "levelname": "INFO", "name": "AresGlobal.ProgressManager", "message": "🗑️  Cleared progress for step14_ab_testing", "correlation_id": "-", "session_id": "-", "timestamp": "2025-08-19T08:38:51.108215+00:00"}
{"asctime": "2025-08-19 10:38:51,108", "levelname": "INFO", "name": "AresGlobal.AresLauncher", "message": "🧹 Cleared progress for 'step14_ab_testing' (force)", "correlation_id": "-", "session_id": "-", "timestamp": "2025-08-19T08:38:51.108290+00:00"}
{"asctime": "2025-08-19 10:38:51,108", "levelname": "INFO", "name": "AresGlobal.ProgressManager", "message": "🗑️  Cleared progress for step15_saving", "correlation_id": "-", "session_id": "-", "timestamp": "2025-08-19T08:38:51.108380+00:00"}
{"asctime": "2025-08-19 10:38:51,108", "levelname": "INFO", "name": "AresGlobal.AresLauncher", "message": "🧹 Cleared progress for 'step15_saving' (force)", "correlation_id": "-", "session_id": "-", "timestamp": "2025-08-19T08:38:51.108457+00:00"}
{"asctime": "2025-08-19 10:38:51,108", "levelname": "INFO", "name": "AresGlobal.AresLauncher", "message": "✅ Cleared progress for 15 steps: ['step2_feature_engineering', 'step3_hmm_regime_discovery', 'step4_processing_labeling', 'step5_regime_data_splitting', 'step6_hmm_based_training', 'step6_5_unified_regime_intelligence', 'step7_analyst_enhancement', 'step8_tactician_labeling', 'step9_tactician_specialist_training', 'step10_confidence_calibration', 'step11_final_parameters_optimization', 'step12_walk_forward_validation', 'step13_monte_carlo_validation', 'step14_ab_testing', 'step15_saving']", "correlation_id": "-", "session_id": "-", "timestamp": "2025-08-19T08:38:51.108540+00:00"}
{"asctime": "2025-08-19 10:38:51,108", "levelname": "DEBUG", "name": "asyncio", "message": "Using selector: KqueueSelector", "correlation_id": "-", "session_id": "-", "timestamp": "2025-08-19T08:38:51.108814+00:00"}
{"asctime": "2025-08-19 10:38:51,108", "levelname": "INFO", "name": "AresGlobal.StepOrchestrator", "message": "🚀 Starting execution from step: step2_feature_engineering", "correlation_id": "-", "session_id": "-", "timestamp": "2025-08-19T08:38:51.108996+00:00"}
{"asctime": "2025-08-19 10:38:53,275", "levelname": "DEBUG", "name": "matplotlib", "message": "matplotlib data path: /opt/homebrew/Caskroom/miniforge/base/lib/python3.12/site-packages/matplotlib/mpl-data", "correlation_id": "-", "session_id": "-", "timestamp": "2025-08-19T08:38:53.275855+00:00"}
{"asctime": "2025-08-19 10:38:53,279", "levelname": "DEBUG", "name": "matplotlib", "message": "CONFIGDIR=/Users/remyroche/.matplotlib", "correlation_id": "-", "session_id": "-", "timestamp": "2025-08-19T08:38:53.279299+00:00"}
{"asctime": "2025-08-19 10:38:53,280", "levelname": "DEBUG", "name": "matplotlib", "message": "interactive is False", "correlation_id": "-", "session_id": "-", "timestamp": "2025-08-19T08:38:53.280022+00:00"}
{"asctime": "2025-08-19 10:38:53,280", "levelname": "DEBUG", "name": "matplotlib", "message": "platform is darwin", "correlation_id": "-", "session_id": "-", "timestamp": "2025-08-19T08:38:53.280121+00:00"}
{"asctime": "2025-08-19 10:38:53,293", "levelname": "DEBUG", "name": "graphviz._tools", "message": "deprecate positional args: graphviz.backend.piping.pipe(['renderer', 'formatter', 'neato_no_op', 'quiet'])", "correlation_id": "-", "session_id": "-", "timestamp": "2025-08-19T08:38:53.293558+00:00"}
{"asctime": "2025-08-19 10:38:53,294", "levelname": "DEBUG", "name": "graphviz._tools", "message": "deprecate positional args: graphviz.backend.rendering.render(['renderer', 'formatter', 'neato_no_op', 'quiet'])", "correlation_id": "-", "session_id": "-", "timestamp": "2025-08-19T08:38:53.294066+00:00"}
{"asctime": "2025-08-19 10:38:53,294", "levelname": "DEBUG", "name": "graphviz._tools", "message": "deprecate positional args: graphviz.backend.unflattening.unflatten(['stagger', 'fanout', 'chain', 'encoding'])", "correlation_id": "-", "session_id": "-", "timestamp": "2025-08-19T08:38:53.294471+00:00"}
{"asctime": "2025-08-19 10:38:53,294", "levelname": "DEBUG", "name": "graphviz._tools", "message": "deprecate positional args: graphviz.backend.viewing.view(['quiet'])", "correlation_id": "-", "session_id": "-", "timestamp": "2025-08-19T08:38:53.294757+00:00"}
{"asctime": "2025-08-19 10:38:53,296", "levelname": "DEBUG", "name": "graphviz._tools", "message": "deprecate positional args: graphviz.quoting.quote(['is_html_string', 'is_valid_id', 'dot_keywords', 'endswith_odd_number_of_backslashes', 'escape_unescaped_quotes'])", "correlation_id": "-", "session_id": "-", "timestamp": "2025-08-19T08:38:53.296573+00:00"}
{"asctime": "2025-08-19 10:38:53,296", "levelname": "DEBUG", "name": "graphviz._tools", "message": "deprecate positional args: graphviz.quoting.a_list(['kwargs', 'attributes'])", "correlation_id": "-", "session_id": "-", "timestamp": "2025-08-19T08:38:53.296696+00:00"}
{"asctime": "2025-08-19 10:38:53,296", "levelname": "DEBUG", "name": "graphviz._tools", "message": "deprecate positional args: graphviz.quoting.attr_list(['kwargs', 'attributes'])", "correlation_id": "-", "session_id": "-", "timestamp": "2025-08-19T08:38:53.296780+00:00"}
{"asctime": "2025-08-19 10:38:53,296", "levelname": "DEBUG", "name": "graphviz._tools", "message": "deprecate positional args: graphviz.dot.Dot.clear(['self', 'keep_attrs'])", "correlation_id": "-", "session_id": "-", "timestamp": "2025-08-19T08:38:53.296915+00:00"}
{"asctime": "2025-08-19 10:38:53,296", "levelname": "DEBUG", "name": "graphviz._tools", "message": "deprecate positional args: graphviz.dot.Dot.__iter__(['self', 'subgraph'])", "correlation_id": "-", "session_id": "-", "timestamp": "2025-08-19T08:38:53.296982+00:00"}
{"asctime": "2025-08-19 10:38:53,297", "levelname": "DEBUG", "name": "graphviz._tools", "message": "deprecate positional args: graphviz.dot.Dot.node(['label', '_attributes'])", "correlation_id": "-", "session_id": "-", "timestamp": "2025-08-19T08:38:53.297048+00:00"}
{"asctime": "2025-08-19 10:38:53,297", "levelname": "DEBUG", "name": "graphviz._tools", "message": "deprecate positional args: graphviz.dot.Dot.edge(['label', '_attributes'])", "correlation_id": "-", "session_id": "-", "timestamp": "2025-08-19T08:38:53.297110+00:00"}
{"asctime": "2025-08-19 10:38:53,297", "levelname": "DEBUG", "name": "graphviz._tools", "message": "deprecate positional args: graphviz.dot.Dot.attr(['kw', '_attributes'])", "correlation_id": "-", "session_id": "-", "timestamp": "2025-08-19T08:38:53.297176+00:00"}
{"asctime": "2025-08-19 10:38:53,297", "levelname": "DEBUG", "name": "graphviz._tools", "message": "deprecate positional args: graphviz.dot.Dot.subgraph(['graph', 'name', 'comment', 'graph_attr', 'node_attr', 'edge_attr', 'body'])", "correlation_id": "-", "session_id": "-", "timestamp": "2025-08-19T08:38:53.297238+00:00"}
{"asctime": "2025-08-19 10:38:53,297", "levelname": "DEBUG", "name": "graphviz._tools", "message": "deprecate positional args: graphviz.piping.Pipe._pipe_legacy(['format', 'renderer', 'formatter', 'neato_no_op', 'quiet'])", "correlation_id": "-", "session_id": "-", "timestamp": "2025-08-19T08:38:53.297941+00:00"}
{"asctime": "2025-08-19 10:38:53,298", "levelname": "DEBUG", "name": "graphviz._tools", "message": "deprecate positional args: graphviz.saving.Save.save(['filename', 'directory'])", "correlation_id": "-", "session_id": "-", "timestamp": "2025-08-19T08:38:53.298590+00:00"}
{"asctime": "2025-08-19 10:38:53,298", "levelname": "DEBUG", "name": "graphviz._tools", "message": "deprecate positional args: graphviz.rendering.Render.render(['filename', 'directory', 'view', 'cleanup', 'format', 'renderer', 'formatter', 'neato_no_op', 'quiet', 'quiet_view'])", "correlation_id": "-", "session_id": "-", "timestamp": "2025-08-19T08:38:53.298748+00:00"}
{"asctime": "2025-08-19 10:38:53,298", "levelname": "DEBUG", "name": "graphviz._tools", "message": "deprecate positional args: graphviz.rendering.Render.view(['filename', 'directory', 'cleanup', 'quiet', 'quiet_view'])", "correlation_id": "-", "session_id": "-", "timestamp": "2025-08-19T08:38:53.298841+00:00"}
{"asctime": "2025-08-19 10:38:53,299", "levelname": "DEBUG", "name": "graphviz._tools", "message": "deprecate positional args: graphviz.unflattening.Unflatten.unflatten(['self', 'stagger', 'fanout', 'chain'])", "correlation_id": "-", "session_id": "-", "timestamp": "2025-08-19T08:38:53.299108+00:00"}
{"asctime": "2025-08-19 10:38:53,299", "levelname": "DEBUG", "name": "graphviz._tools", "message": "deprecate positional args: graphviz.graphs.BaseGraph.__init__(['name', 'comment', 'filename', 'directory', 'format', 'engine', 'encoding', 'graph_attr', 'node_attr', 'edge_attr', 'body', 'strict'])", "correlation_id": "-", "session_id": "-", "timestamp": "2025-08-19T08:38:53.299270+00:00"}
{"asctime": "2025-08-19 10:38:53,299", "levelname": "DEBUG", "name": "graphviz._tools", "message": "deprecate positional args: graphviz.sources.Source.from_file(['filename', 'directory', 'format', 'engine', 'encoding', 'renderer', 'formatter'])", "correlation_id": "-", "session_id": "-", "timestamp": "2025-08-19T08:38:53.299632+00:00"}
{"asctime": "2025-08-19 10:38:53,299", "levelname": "DEBUG", "name": "graphviz._tools", "message": "deprecate positional args: graphviz.sources.Source.__init__(['source', 'filename', 'directory', 'format', 'engine', 'encoding'])", "correlation_id": "-", "session_id": "-", "timestamp": "2025-08-19T08:38:53.299724+00:00"}
{"asctime": "2025-08-19 10:38:53,299", "levelname": "DEBUG", "name": "graphviz._tools", "message": "deprecate positional args: graphviz.sources.Source.save(['filename', 'directory'])", "correlation_id": "-", "session_id": "-", "timestamp": "2025-08-19T08:38:53.299786+00:00"}
{"asctime": "2025-08-19 10:38:53,716", "levelname": "DEBUG", "name": "matplotlib", "message": "CACHEDIR=/Users/remyroche/.matplotlib", "correlation_id": "-", "session_id": "-", "timestamp": "2025-08-19T08:38:53.716554+00:00"}
{"asctime": "2025-08-19 10:38:53,718", "levelname": "DEBUG", "name": "matplotlib.font_manager", "message": "Using fontManager instance from /Users/remyroche/.matplotlib/fontlist-v390.json", "correlation_id": "-", "session_id": "-", "timestamp": "2025-08-19T08:38:53.718411+00:00"}
{"asctime": "2025-08-19 10:38:57,547", "levelname": "DEBUG", "name": "h5py._conv", "message": "Creating converter from 7 to 5", "correlation_id": "-", "session_id": "-", "timestamp": "2025-08-19T08:38:57.547421+00:00"}
{"asctime": "2025-08-19 10:38:57,547", "levelname": "DEBUG", "name": "h5py._conv", "message": "Creating converter from 5 to 7", "correlation_id": "-", "session_id": "-", "timestamp": "2025-08-19T08:38:57.547702+00:00"}
{"asctime": "2025-08-19 10:38:57,547", "levelname": "DEBUG", "name": "h5py._conv", "message": "Creating converter from 7 to 5", "correlation_id": "-", "session_id": "-", "timestamp": "2025-08-19T08:38:57.547760+00:00"}
{"asctime": "2025-08-19 10:38:57,547", "levelname": "DEBUG", "name": "h5py._conv", "message": "Creating converter from 5 to 7", "correlation_id": "-", "session_id": "-", "timestamp": "2025-08-19T08:38:57.547805+00:00"}
{"asctime": "2025-08-19 10:38:58,244", "levelname": "DEBUG", "name": "asyncio", "message": "Using selector: KqueueSelector", "correlation_id": "-", "session_id": "-", "timestamp": "2025-08-19T08:38:58.244817+00:00"}
{"asctime": "2025-08-19 10:38:58,278", "levelname": "INFO", "name": "src.utils.prometheus_metrics", "message": "Prometheus metrics server started on port 9000", "correlation_id": "-", "session_id": "-", "timestamp": "2025-08-19T08:38:58.278147+00:00"}
{"asctime": "2025-08-19 10:38:58,295", "levelname": "INFO", "name": "AresGlobal.M1GPUAcceleration", "message": "✅ MPS (Metal Performance Shaders) available and enabled", "correlation_id": "-", "session_id": "-", "timestamp": "2025-08-19T08:38:58.295385+00:00"}
{"asctime": "2025-08-19 10:38:58,310", "levelname": "INFO", "name": "AresGlobal.StepOrchestrator", "message": "❌ ❌ Failed to setup enhanced training manager", "correlation_id": "-", "session_id": "-", "timestamp": "2025-08-19T08:38:58.310096+00:00"}
{"asctime": "2025-08-19 10:38:58,310", "levelname": "ERROR", "name": "AresGlobal.AresLauncher", "message": "❌ Step-based training pipeline failed", "correlation_id": "-", "session_id": "-", "timestamp": "2025-08-19T08:38:58.310469+00:00"}
{"asctime": "2025-08-19 10:38:58,310", "levelname": "INFO", "name": "AresSystem", "message": "================================================================================", "correlation_id": "-", "session_id": "-", "timestamp": "2025-08-19T08:38:58.310584+00:00"}
{"asctime": "2025-08-19 10:38:58,310", "levelname": "INFO", "name": "AresGlobal", "message": "[SYSTEM] ================================================================================", "correlation_id": "-", "session_id": "-", "timestamp": "2025-08-19T08:38:58.310699+00:00"}
{"asctime": "2025-08-19 10:38:58,310", "levelname": "INFO", "name": "AresSystem", "message": "🛑 ARES LAUNCHER ENDED - Exit code: 1", "correlation_id": "-", "session_id": "-", "timestamp": "2025-08-19T08:38:58.310782+00:00"}
{"asctime": "2025-08-19 10:38:58,310", "levelname": "INFO", "name": "AresGlobal", "message": "[SYSTEM] 🛑 ARES LAUNCHER ENDED - Exit code: 1", "correlation_id": "-", "session_id": "-", "timestamp": "2025-08-19T08:38:58.310868+00:00"}
{"asctime": "2025-08-19 10:38:58,310", "levelname": "INFO", "name": "AresSystem", "message": "End time: 2025-08-19 10:38:58", "correlation_id": "-", "session_id": "-", "timestamp": "2025-08-19T08:38:58.310959+00:00"}
{"asctime": "2025-08-19 10:38:58,311", "levelname": "INFO", "name": "AresGlobal", "message": "[SYSTEM] End time: 2025-08-19 10:38:58", "correlation_id": "-", "session_id": "-", "timestamp": "2025-08-19T08:38:58.311038+00:00"}
{"asctime": "2025-08-19 10:38:58,311", "levelname": "INFO", "name": "AresSystem", "message": "================================================================================", "correlation_id": "-", "session_id": "-", "timestamp": "2025-08-19T08:38:58.311117+00:00"}
{"asctime": "2025-08-19 10:38:58,311", "levelname": "INFO", "name": "AresGlobal", "message": "[SYSTEM] ================================================================================", "correlation_id": "-", "session_id": "-", "timestamp": "2025-08-19T08:38:58.311197+00:00"}
{"asctime": "2025-08-19 10:38:58,311", "levelname": "INFO", "name": "AresGlobal.AresLauncher", "message": "🧹 Cleaning up processes...", "correlation_id": "-", "session_id": "-", "timestamp": "2025-08-19T08:38:58.311277+00:00"}
{"asctime": "2025-08-19 10:38:58,311", "levelname": "INFO", "name": "AresGlobal.AresLauncher", "message": "✅ Cleanup completed", "correlation_id": "-", "session_id": "-", "timestamp": "2025-08-19T08:38:58.311365+00:00"}
