{"asctime": "2025-08-20 10:33:26,394", "levelname": "INFO", "name": "AresTradingSystem", "message": "✅ Enhanced Logger initialization completed successfully", "correlation_id": "-", "session_id": "-", "timestamp": "2025-08-20T08:33:26.394875+00:00"}
{"asctime": "2025-08-20 10:33:26,404", "levelname": "INFO", "name": "AresTradingSystem.System", "message": "Environment configuration loaded successfully. Trading Environment: PAPER, Exchange: BINANCE", "correlation_id": "-", "session_id": "-", "timestamp": "2025-08-20T08:33:26.404652+00:00"}
{"asctime": "2025-08-20 10:33:26,922", "levelname": "INFO", "name": "AresTradingSystem.System.OptimizedDataDownloader", "message": "🔧 STEP 1: Initializing optimized downloader...", "correlation_id": "-", "session_id": "-", "timestamp": "2025-08-20T08:33:26.922828+00:00"}
{"asctime": "2025-08-20 10:33:26,923", "levelname": "INFO", "name": "AresTradingSystem.System.OptimizedDataDownloader", "message": "📊 Configuration: exchange=BINANCE, symbol=ETHUSDT, interval=1m, lookback_years=2", "correlation_id": "-", "session_id": "-", "timestamp": "2025-08-20T08:33:26.923022+00:00"}
{"asctime": "2025-08-20 10:33:26,923", "levelname": "INFO", "name": "AresTradingSystem.System.OptimizedDataDownloader", "message": "🔌 Creating exchange client...", "correlation_id": "-", "session_id": "-", "timestamp": "2025-08-20T08:33:26.923131+00:00"}
{"asctime": "2025-08-20 10:33:26,923", "levelname": "INFO", "name": "AresTradingSystem.System.OptimizedDataDownloader", "message": "✅ Exchange client created: BinanceExchange", "correlation_id": "-", "session_id": "-", "timestamp": "2025-08-20T08:33:26.923382+00:00"}
{"asctime": "2025-08-20 10:33:26,923", "levelname": "INFO", "name": "AresTradingSystem.System.OptimizedDataDownloader", "message": "🌐 Setting up HTTP session...", "correlation_id": "-", "session_id": "-", "timestamp": "2025-08-20T08:33:26.923455+00:00"}
{"asctime": "2025-08-20 10:33:26,924", "levelname": "INFO", "name": "AresTradingSystem.System.OptimizedDataDownloader", "message": "✅ HTTP session configured", "correlation_id": "-", "session_id": "-", "timestamp": "2025-08-20T08:33:26.924203+00:00"}
{"asctime": "2025-08-20 10:33:26,924", "levelname": "INFO", "name": "AresTradingSystem.System.OptimizedDataDownloader", "message": "📁 Ensuring cache directory exists...", "correlation_id": "-", "session_id": "-", "timestamp": "2025-08-20T08:33:26.924277+00:00"}
{"asctime": "2025-08-20 10:33:26,924", "levelname": "INFO", "name": "AresTradingSystem.System.OptimizedDataDownloader", "message": "✅ Cache directory ready: data_cache", "correlation_id": "-", "session_id": "-", "timestamp": "2025-08-20T08:33:26.924356+00:00"}
{"asctime": "2025-08-20 10:33:26,924", "levelname": "INFO", "name": "AresTradingSystem.System.OptimizedDataDownloader", "message": "✅ STEP 1 COMPLETED: Optimized downloader initialized successfully", "correlation_id": "-", "session_id": "-", "timestamp": "2025-08-20T08:33:26.924419+00:00"}
{"asctime": "2025-08-20 10:33:26,924", "levelname": "INFO", "name": "AresTradingSystem.System.OptimizedDataDownloader", "message": "🚀 STEP 3C: Starting parallel futures download...", "correlation_id": "-", "session_id": "-", "timestamp": "2025-08-20T08:33:26.924491+00:00"}
{"asctime": "2025-08-20 10:33:26,924", "levelname": "INFO", "name": "AresTradingSystem.System.OptimizedDataDownloader", "message": "📅 STEP 2: Calculating time periods for futures...", "correlation_id": "-", "session_id": "-", "timestamp": "2025-08-20T08:33:26.924559+00:00"}
{"asctime": "2025-08-20 10:33:26,924", "levelname": "INFO", "name": "AresTradingSystem.System.OptimizedDataDownloader", "message": "📊 Date range: 2025-01-01 to 2025-02-01", "correlation_id": "-", "session_id": "-", "timestamp": "2025-08-20T08:33:26.924842+00:00"}
{"asctime": "2025-08-20 10:33:26,924", "levelname": "INFO", "name": "AresTradingSystem.System.OptimizedDataDownloader", "message": "📊 Total days: 31", "correlation_id": "-", "session_id": "-", "timestamp": "2025-08-20T08:33:26.924908+00:00"}
{"asctime": "2025-08-20 10:33:26,924", "levelname": "INFO", "name": "AresTradingSystem.System.OptimizedDataDownloader", "message": "📈 Processing futures (monthly periods)...", "correlation_id": "-", "session_id": "-", "timestamp": "2025-08-20T08:33:26.924976+00:00"}
{"asctime": "2025-08-20 10:33:26,925", "levelname": "INFO", "name": "AresTradingSystem.System.OptimizedDataDownloader", "message": "📁 Skipping existing: futures_BINANCE_ETHUSDT_2025-01.csv", "correlation_id": "-", "session_id": "-", "timestamp": "2025-08-20T08:33:26.925071+00:00"}
{"asctime": "2025-08-20 10:33:26,925", "levelname": "INFO", "name": "AresTradingSystem.System.OptimizedDataDownloader", "message": "📊 Summary: 0 months to download, 1 months skipped", "correlation_id": "-", "session_id": "-", "timestamp": "2025-08-20T08:33:26.925134+00:00"}
{"asctime": "2025-08-20 10:33:26,925", "levelname": "INFO", "name": "AresTradingSystem.System.OptimizedDataDownloader", "message": "📊 Found 0 daily periods to download", "correlation_id": "-", "session_id": "-", "timestamp": "2025-08-20T08:33:26.925191+00:00"}
{"asctime": "2025-08-20 10:33:26,925", "levelname": "INFO", "name": "AresTradingSystem.System.OptimizedDataDownloader", "message": "⚠️ No futures periods to download - all data already exists", "correlation_id": "-", "session_id": "-", "timestamp": "2025-08-20T08:33:26.925247+00:00"}
