{"asctime": "2025-08-22 23:33:07,793", "levelname": "INFO", "name": "AresGlobal", "message": "================================================================================", "correlation_id": "-", "session_id": "-", "timestamp": "2025-08-22T21:33:07.793998+00:00"}
{"asctime": "2025-08-22 23:33:07,794", "levelname": "INFO", "name": "AresGlobal", "message": "📊 SESSION SUMMARY", "correlation_id": "-", "session_id": "-", "timestamp": "2025-08-22T21:33:07.794198+00:00"}
{"asctime": "2025-08-22 23:33:07,794", "levelname": "INFO", "name": "AresGlobal", "message": "Session started: 2025-08-22 23:33:07", "correlation_id": "-", "session_id": "-", "timestamp": "2025-08-22T21:33:07.794358+00:00"}
{"asctime": "2025-08-22 23:33:07,794", "levelname": "INFO", "name": "AresGlobal", "message": "This file contains ALL logs for this session", "correlation_id": "-", "session_id": "-", "timestamp": "2025-08-22T21:33:07.794481+00:00"}
{"asctime": "2025-08-22 23:33:07,794", "levelname": "INFO", "name": "AresGlobal", "message": "================================================================================", "correlation_id": "-", "session_id": "-", "timestamp": "2025-08-22T21:33:07.794607+00:00"}
{"asctime": "2025-08-22 23:33:07,794", "levelname": "INFO", "name": "AresSystem", "message": "================================================================================", "correlation_id": "-", "session_id": "-", "timestamp": "2025-08-22T21:33:07.794786+00:00"}
{"asctime": "2025-08-22 23:33:07,794", "levelname": "INFO", "name": "AresGlobal", "message": "[SYSTEM] ================================================================================", "correlation_id": "-", "session_id": "-", "timestamp": "2025-08-22T21:33:07.794918+00:00"}
{"asctime": "2025-08-22 23:33:07,795", "levelname": "INFO", "name": "AresSystem", "message": "🚀 ARES LAUNCHER STARTED - Mode: INITIALIZATION", "correlation_id": "-", "session_id": "-", "timestamp": "2025-08-22T21:33:07.795049+00:00"}
{"asctime": "2025-08-22 23:33:07,795", "levelname": "INFO", "name": "AresGlobal", "message": "[SYSTEM] 🚀 ARES LAUNCHER STARTED - Mode: INITIALIZATION", "correlation_id": "-", "session_id": "-", "timestamp": "2025-08-22T21:33:07.795183+00:00"}
{"asctime": "2025-08-22 23:33:07,795", "levelname": "INFO", "name": "AresSystem", "message": "Start time: 2025-08-22 23:33:07", "correlation_id": "-", "session_id": "-", "timestamp": "2025-08-22T21:33:07.795316+00:00"}
{"asctime": "2025-08-22 23:33:07,795", "levelname": "INFO", "name": "AresGlobal", "message": "[SYSTEM] Start time: 2025-08-22 23:33:07", "correlation_id": "-", "session_id": "-", "timestamp": "2025-08-22T21:33:07.795434+00:00"}
{"asctime": "2025-08-22 23:33:07,795", "levelname": "INFO", "name": "AresSystem", "message": "Log directory: log", "correlation_id": "-", "session_id": "-", "timestamp": "2025-08-22T21:33:07.795552+00:00"}
{"asctime": "2025-08-22 23:33:07,795", "levelname": "INFO", "name": "AresGlobal", "message": "[SYSTEM] Log directory: log", "correlation_id": "-", "session_id": "-", "timestamp": "2025-08-22T21:33:07.795668+00:00"}
{"asctime": "2025-08-22 23:33:07,795", "levelname": "INFO", "name": "AresSystem", "message": "================================================================================", "correlation_id": "-", "session_id": "-", "timestamp": "2025-08-22T21:33:07.795783+00:00"}
{"asctime": "2025-08-22 23:33:07,795", "levelname": "INFO", "name": "AresGlobal", "message": "[SYSTEM] ================================================================================", "correlation_id": "-", "session_id": "-", "timestamp": "2025-08-22T21:33:07.795898+00:00"}
{"asctime": "2025-08-22 23:33:07,796", "levelname": "INFO", "name": "AresGlobal.AresLauncher", "message": "================================================================================", "correlation_id": "-", "session_id": "-", "timestamp": "2025-08-22T21:33:07.796016+00:00"}
{"asctime": "2025-08-22 23:33:07,796", "levelname": "INFO", "name": "AresGlobal.AresLauncher", "message": "🚀 ARES COMPREHENSIVE LAUNCHER", "correlation_id": "-", "session_id": "-", "timestamp": "2025-08-22T21:33:07.796135+00:00"}
{"asctime": "2025-08-22 23:33:07,796", "levelname": "INFO", "name": "AresGlobal.AresLauncher", "message": "================================================================================", "correlation_id": "-", "session_id": "-", "timestamp": "2025-08-22T21:33:07.796269+00:00"}
{"asctime": "2025-08-22 23:33:07,796", "levelname": "INFO", "name": "AresGlobal.AresLauncher", "message": "Start time: 2025-08-22 23:33:07", "correlation_id": "-", "session_id": "-", "timestamp": "2025-08-22T21:33:07.796394+00:00"}
{"asctime": "2025-08-22 23:33:07,796", "levelname": "INFO", "name": "AresGlobal.AresLauncher", "message": "Log directory: log", "correlation_id": "-", "session_id": "-", "timestamp": "2025-08-22T21:33:07.796512+00:00"}
{"asctime": "2025-08-22 23:33:07,796", "levelname": "INFO", "name": "AresGlobal.AresLauncher", "message": "Log level: INFO", "correlation_id": "-", "session_id": "-", "timestamp": "2025-08-22T21:33:07.796641+00:00"}
{"asctime": "2025-08-22 23:33:07,796", "levelname": "INFO", "name": "AresGlobal.AresLauncher", "message": "Global log file: ares_global_20250822_233307.log", "correlation_id": "-", "session_id": "-", "timestamp": "2025-08-22T21:33:07.796764+00:00"}
{"asctime": "2025-08-22 23:33:07,796", "levelname": "INFO", "name": "AresGlobal.AresLauncher", "message": "Full run log: log/ares_full_20250822_233307.log", "correlation_id": "-", "session_id": "-", "timestamp": "2025-08-22T21:33:07.796892+00:00"}
{"asctime": "2025-08-22 23:33:07,797", "levelname": "INFO", "name": "AresGlobal.AresLauncher", "message": "Trades log: log/ares_trades_20250822_233307.log", "correlation_id": "-", "session_id": "-", "timestamp": "2025-08-22T21:33:07.797010+00:00"}
{"asctime": "2025-08-22 23:33:07,797", "levelname": "INFO", "name": "AresGlobal.AresLauncher", "message": "Backtest log: log/ares_backtest_20250822_233307.log", "correlation_id": "-", "session_id": "-", "timestamp": "2025-08-22T21:33:07.797122+00:00"}
{"asctime": "2025-08-22 23:33:07,797", "levelname": "INFO", "name": "AresGlobal.AresLauncher", "message": "================================================================================", "correlation_id": "-", "session_id": "-", "timestamp": "2025-08-22T21:33:07.797230+00:00"}
{"asctime": "2025-08-22 23:33:07,797", "levelname": "INFO", "name": "AresTradingSystem.System.SignalHandler", "message": "Shutdown callback registered", "correlation_id": "-", "session_id": "-", "timestamp": "2025-08-22T21:33:07.797483+00:00"}
{"asctime": "2025-08-22 23:33:07,797", "levelname": "INFO", "name": "AresSystem", "message": "================================================================================", "correlation_id": "-", "session_id": "-", "timestamp": "2025-08-22T21:33:07.797642+00:00"}
{"asctime": "2025-08-22 23:33:07,797", "levelname": "INFO", "name": "AresGlobal", "message": "[SYSTEM] ================================================================================", "correlation_id": "-", "session_id": "-", "timestamp": "2025-08-22T21:33:07.797785+00:00"}
{"asctime": "2025-08-22 23:33:07,797", "levelname": "INFO", "name": "AresSystem", "message": "🚀 ARES LAUNCHER STARTED - Mode: blank - Symbol: ETHUSDT - Exchange: BINANCE", "correlation_id": "-", "session_id": "-", "timestamp": "2025-08-22T21:33:07.797913+00:00"}
{"asctime": "2025-08-22 23:33:07,798", "levelname": "INFO", "name": "AresGlobal", "message": "[SYSTEM] 🚀 ARES LAUNCHER STARTED - Mode: blank - Symbol: ETHUSDT - Exchange: BINANCE", "correlation_id": "-", "session_id": "-", "timestamp": "2025-08-22T21:33:07.798052+00:00"}
{"asctime": "2025-08-22 23:33:07,798", "levelname": "INFO", "name": "AresSystem", "message": "Start time: 2025-08-22 23:33:07", "correlation_id": "-", "session_id": "-", "timestamp": "2025-08-22T21:33:07.798197+00:00"}
{"asctime": "2025-08-22 23:33:07,798", "levelname": "INFO", "name": "AresGlobal", "message": "[SYSTEM] Start time: 2025-08-22 23:33:07", "correlation_id": "-", "session_id": "-", "timestamp": "2025-08-22T21:33:07.798320+00:00"}
{"asctime": "2025-08-22 23:33:07,798", "levelname": "INFO", "name": "AresSystem", "message": "Log directory: log", "correlation_id": "-", "session_id": "-", "timestamp": "2025-08-22T21:33:07.798445+00:00"}
{"asctime": "2025-08-22 23:33:07,798", "levelname": "INFO", "name": "AresGlobal", "message": "[SYSTEM] Log directory: log", "correlation_id": "-", "session_id": "-", "timestamp": "2025-08-22T21:33:07.798573+00:00"}
{"asctime": "2025-08-22 23:33:07,798", "levelname": "INFO", "name": "AresSystem", "message": "================================================================================", "correlation_id": "-", "session_id": "-", "timestamp": "2025-08-22T21:33:07.798688+00:00"}
{"asctime": "2025-08-22 23:33:07,798", "levelname": "INFO", "name": "AresGlobal", "message": "[SYSTEM] ================================================================================", "correlation_id": "-", "session_id": "-", "timestamp": "2025-08-22T21:33:07.798805+00:00"}
{"asctime": "2025-08-22 23:33:07,798", "levelname": "INFO", "name": "AresGlobal.AresLauncher", "message": "🚀 Running enhanced 16-step training pipeline for ETHUSDT on BINANCE", "correlation_id": "-", "session_id": "-", "timestamp": "2025-08-22T21:33:07.798959+00:00"}
{"asctime": "2025-08-22 23:33:07,799", "levelname": "INFO", "name": "AresGlobal.AresLauncher", "message": "Starting from step: step2_feature_engineering", "correlation_id": "-", "session_id": "-", "timestamp": "2025-08-22T21:33:07.799090+00:00"}
{"asctime": "2025-08-22 23:33:07,800", "levelname": "INFO", "name": "AresGlobal.AresLauncher", "message": "🧪 BLANK TRAINING MODE: Set BLANK_TRAINING_MODE=1 for step-based training", "correlation_id": "-", "session_id": "-", "timestamp": "2025-08-22T21:33:07.800092+00:00"}
{"asctime": "2025-08-22 23:33:07,800", "levelname": "INFO", "name": "AresGlobal.ProgressManager", "message": "Initialized ProgressManager for ETHUSDT on BINANCE", "correlation_id": "-", "session_id": "-", "timestamp": "2025-08-22T21:33:07.800314+00:00"}
{"asctime": "2025-08-22 23:33:07,800", "levelname": "INFO", "name": "AresGlobal.ProgressManager", "message": "Progress directory: data/training/progress/BINANCE_ETHUSDT", "correlation_id": "-", "session_id": "-", "timestamp": "2025-08-22T21:33:07.800443+00:00"}
{"asctime": "2025-08-22 23:33:07,800", "levelname": "INFO", "name": "AresGlobal.StepOrchestrator", "message": "Initialized StepOrchestrator for ETHUSDT on BINANCE", "correlation_id": "-", "session_id": "-", "timestamp": "2025-08-22T21:33:07.800568+00:00"}
{"asctime": "2025-08-22 23:33:07,800", "levelname": "INFO", "name": "AresGlobal.ProgressManager", "message": "🗑️  Cleared progress for step2_feature_engineering", "correlation_id": "-", "session_id": "-", "timestamp": "2025-08-22T21:33:07.800740+00:00"}
{"asctime": "2025-08-22 23:33:07,800", "levelname": "INFO", "name": "AresGlobal.AresLauncher", "message": "🧹 Cleared progress for 'step2_feature_engineering' (force)", "correlation_id": "-", "session_id": "-", "timestamp": "2025-08-22T21:33:07.800879+00:00"}
{"asctime": "2025-08-22 23:33:07,801", "levelname": "INFO", "name": "AresGlobal.ProgressManager", "message": "🗑️  Cleared progress for step3_hmm_regime_discovery", "correlation_id": "-", "session_id": "-", "timestamp": "2025-08-22T21:33:07.801043+00:00"}
{"asctime": "2025-08-22 23:33:07,801", "levelname": "INFO", "name": "AresGlobal.AresLauncher", "message": "🧹 Cleared progress for 'step3_hmm_regime_discovery' (force)", "correlation_id": "-", "session_id": "-", "timestamp": "2025-08-22T21:33:07.801183+00:00"}
{"asctime": "2025-08-22 23:33:07,801", "levelname": "INFO", "name": "AresGlobal.ProgressManager", "message": "🗑️  Cleared progress for step4_processing_labeling", "correlation_id": "-", "session_id": "-", "timestamp": "2025-08-22T21:33:07.801337+00:00"}
{"asctime": "2025-08-22 23:33:07,801", "levelname": "INFO", "name": "AresGlobal.AresLauncher", "message": "🧹 Cleared progress for 'step4_processing_labeling' (force)", "correlation_id": "-", "session_id": "-", "timestamp": "2025-08-22T21:33:07.801460+00:00"}
{"asctime": "2025-08-22 23:33:07,801", "levelname": "INFO", "name": "AresGlobal.ProgressManager", "message": "🗑️  Cleared progress for step5_regime_data_splitting", "correlation_id": "-", "session_id": "-", "timestamp": "2025-08-22T21:33:07.801610+00:00"}
{"asctime": "2025-08-22 23:33:07,801", "levelname": "INFO", "name": "AresGlobal.AresLauncher", "message": "🧹 Cleared progress for 'step5_regime_data_splitting' (force)", "correlation_id": "-", "session_id": "-", "timestamp": "2025-08-22T21:33:07.801742+00:00"}
{"asctime": "2025-08-22 23:33:07,801", "levelname": "INFO", "name": "AresGlobal.ProgressManager", "message": "🗑️  Cleared progress for step6_hmm_based_training", "correlation_id": "-", "session_id": "-", "timestamp": "2025-08-22T21:33:07.801893+00:00"}
{"asctime": "2025-08-22 23:33:07,802", "levelname": "INFO", "name": "AresGlobal.AresLauncher", "message": "🧹 Cleared progress for 'step6_hmm_based_training' (force)", "correlation_id": "-", "session_id": "-", "timestamp": "2025-08-22T21:33:07.802019+00:00"}
{"asctime": "2025-08-22 23:33:07,802", "levelname": "INFO", "name": "AresGlobal.ProgressManager", "message": "🗑️  Cleared progress for step6_5_unified_regime_intelligence", "correlation_id": "-", "session_id": "-", "timestamp": "2025-08-22T21:33:07.802161+00:00"}
{"asctime": "2025-08-22 23:33:07,802", "levelname": "INFO", "name": "AresGlobal.AresLauncher", "message": "🧹 Cleared progress for 'step6_5_unified_regime_intelligence' (force)", "correlation_id": "-", "session_id": "-", "timestamp": "2025-08-22T21:33:07.802408+00:00"}
{"asctime": "2025-08-22 23:33:07,802", "levelname": "INFO", "name": "AresGlobal.ProgressManager", "message": "🗑️  Cleared progress for step7_analyst_enhancement", "correlation_id": "-", "session_id": "-", "timestamp": "2025-08-22T21:33:07.802627+00:00"}
{"asctime": "2025-08-22 23:33:07,802", "levelname": "INFO", "name": "AresGlobal.AresLauncher", "message": "🧹 Cleared progress for 'step7_analyst_enhancement' (force)", "correlation_id": "-", "session_id": "-", "timestamp": "2025-08-22T21:33:07.802777+00:00"}
{"asctime": "2025-08-22 23:33:07,802", "levelname": "INFO", "name": "AresGlobal.ProgressManager", "message": "🗑️  Cleared progress for step8_tactician_labeling", "correlation_id": "-", "session_id": "-", "timestamp": "2025-08-22T21:33:07.802942+00:00"}
{"asctime": "2025-08-22 23:33:07,803", "levelname": "INFO", "name": "AresGlobal.AresLauncher", "message": "🧹 Cleared progress for 'step8_tactician_labeling' (force)", "correlation_id": "-", "session_id": "-", "timestamp": "2025-08-22T21:33:07.803075+00:00"}
{"asctime": "2025-08-22 23:33:07,803", "levelname": "INFO", "name": "AresGlobal.ProgressManager", "message": "🗑️  Cleared progress for step9_tactician_specialist_training", "correlation_id": "-", "session_id": "-", "timestamp": "2025-08-22T21:33:07.803234+00:00"}
{"asctime": "2025-08-22 23:33:07,803", "levelname": "INFO", "name": "AresGlobal.AresLauncher", "message": "🧹 Cleared progress for 'step9_tactician_specialist_training' (force)", "correlation_id": "-", "session_id": "-", "timestamp": "2025-08-22T21:33:07.803371+00:00"}
{"asctime": "2025-08-22 23:33:07,803", "levelname": "INFO", "name": "AresGlobal.ProgressManager", "message": "🗑️  Cleared progress for step10_confidence_calibration", "correlation_id": "-", "session_id": "-", "timestamp": "2025-08-22T21:33:07.803523+00:00"}
{"asctime": "2025-08-22 23:33:07,803", "levelname": "INFO", "name": "AresGlobal.AresLauncher", "message": "🧹 Cleared progress for 'step10_confidence_calibration' (force)", "correlation_id": "-", "session_id": "-", "timestamp": "2025-08-22T21:33:07.803647+00:00"}
{"asctime": "2025-08-22 23:33:07,803", "levelname": "INFO", "name": "AresGlobal.ProgressManager", "message": "🗑️  Cleared progress for step11_final_parameters_optimization", "correlation_id": "-", "session_id": "-", "timestamp": "2025-08-22T21:33:07.803793+00:00"}
{"asctime": "2025-08-22 23:33:07,803", "levelname": "INFO", "name": "AresGlobal.AresLauncher", "message": "🧹 Cleared progress for 'step11_final_parameters_optimization' (force)", "correlation_id": "-", "session_id": "-", "timestamp": "2025-08-22T21:33:07.803917+00:00"}
{"asctime": "2025-08-22 23:33:07,804", "levelname": "INFO", "name": "AresGlobal.ProgressManager", "message": "🗑️  Cleared progress for step12_walk_forward_validation", "correlation_id": "-", "session_id": "-", "timestamp": "2025-08-22T21:33:07.804073+00:00"}
{"asctime": "2025-08-22 23:33:07,804", "levelname": "INFO", "name": "AresGlobal.AresLauncher", "message": "🧹 Cleared progress for 'step12_walk_forward_validation' (force)", "correlation_id": "-", "session_id": "-", "timestamp": "2025-08-22T21:33:07.804195+00:00"}
{"asctime": "2025-08-22 23:33:07,804", "levelname": "INFO", "name": "AresGlobal.ProgressManager", "message": "🗑️  Cleared progress for step13_monte_carlo_validation", "correlation_id": "-", "session_id": "-", "timestamp": "2025-08-22T21:33:07.804341+00:00"}
{"asctime": "2025-08-22 23:33:07,804", "levelname": "INFO", "name": "AresGlobal.AresLauncher", "message": "🧹 Cleared progress for 'step13_monte_carlo_validation' (force)", "correlation_id": "-", "session_id": "-", "timestamp": "2025-08-22T21:33:07.804462+00:00"}
{"asctime": "2025-08-22 23:33:07,804", "levelname": "INFO", "name": "AresGlobal.ProgressManager", "message": "🗑️  Cleared progress for step14_ab_testing", "correlation_id": "-", "session_id": "-", "timestamp": "2025-08-22T21:33:07.804607+00:00"}
{"asctime": "2025-08-22 23:33:07,804", "levelname": "INFO", "name": "AresGlobal.AresLauncher", "message": "🧹 Cleared progress for 'step14_ab_testing' (force)", "correlation_id": "-", "session_id": "-", "timestamp": "2025-08-22T21:33:07.804732+00:00"}
{"asctime": "2025-08-22 23:33:07,804", "levelname": "INFO", "name": "AresGlobal.ProgressManager", "message": "🗑️  Cleared progress for step15_saving", "correlation_id": "-", "session_id": "-", "timestamp": "2025-08-22T21:33:07.804876+00:00"}
{"asctime": "2025-08-22 23:33:07,805", "levelname": "INFO", "name": "AresGlobal.AresLauncher", "message": "🧹 Cleared progress for 'step15_saving' (force)", "correlation_id": "-", "session_id": "-", "timestamp": "2025-08-22T21:33:07.805004+00:00"}
{"asctime": "2025-08-22 23:33:07,805", "levelname": "INFO", "name": "AresGlobal.AresLauncher", "message": "✅ Cleared progress for 15 steps: ['step2_feature_engineering', 'step3_hmm_regime_discovery', 'step4_processing_labeling', 'step5_regime_data_splitting', 'step6_hmm_based_training', 'step6_5_unified_regime_intelligence', 'step7_analyst_enhancement', 'step8_tactician_labeling', 'step9_tactician_specialist_training', 'step10_confidence_calibration', 'step11_final_parameters_optimization', 'step12_walk_forward_validation', 'step13_monte_carlo_validation', 'step14_ab_testing', 'step15_saving']", "correlation_id": "-", "session_id": "-", "timestamp": "2025-08-22T21:33:07.805140+00:00"}
{"asctime": "2025-08-22 23:33:07,805", "levelname": "DEBUG", "name": "asyncio", "message": "Using selector: KqueueSelector", "correlation_id": "-", "session_id": "-", "timestamp": "2025-08-22T21:33:07.805481+00:00"}
{"asctime": "2025-08-22 23:33:07,805", "levelname": "INFO", "name": "AresGlobal.StepOrchestrator", "message": "🚀 Starting execution from step: step2_feature_engineering", "correlation_id": "-", "session_id": "-", "timestamp": "2025-08-22T21:33:07.805738+00:00"}
{"asctime": "2025-08-22 23:33:09,159", "levelname": "INFO", "name": "src.utils.prometheus_metrics", "message": "Prometheus metrics server started on port 9000", "correlation_id": "-", "session_id": "-", "timestamp": "2025-08-22T21:33:09.159569+00:00"}
{"asctime": "2025-08-22 23:33:09,191", "levelname": "INFO", "name": "AresGlobal.EnhancedTrainingManager", "message": "Loaded optimization configuration", "correlation_id": "-", "session_id": "-", "timestamp": "2025-08-22T21:33:09.191785+00:00"}
{"asctime": "2025-08-22 23:33:09,192", "levelname": "INFO", "name": "AresGlobal.EnhancedTrainingManagerOptimized", "message": "Loaded optimization configuration", "correlation_id": "-", "session_id": "-", "timestamp": "2025-08-22T21:33:09.192129+00:00"}
{"asctime": "2025-08-22 23:33:09,192", "levelname": "INFO", "name": "AresGlobal.EnhancedTrainingManager", "message": "Loaded optimization configuration", "correlation_id": "-", "session_id": "-", "timestamp": "2025-08-22T21:33:09.192331+00:00"}
{"asctime": "2025-08-22 23:33:09,192", "levelname": "INFO", "name": "AresGlobal.EnhancedTrainingManager", "message": "🚀 Initializing Enhanced Training Manager...", "correlation_id": "-", "session_id": "-", "timestamp": "2025-08-22T21:33:09.192464+00:00"}
{"asctime": "2025-08-22 23:33:09,192", "levelname": "INFO", "name": "AresGlobal.EnhancedTrainingManager", "message": "📊 Blank training mode: True", "correlation_id": "-", "session_id": "-", "timestamp": "2025-08-22T21:33:09.192614+00:00"}
{"asctime": "2025-08-22 23:33:09,192", "levelname": "INFO", "name": "AresGlobal.EnhancedTrainingManager", "message": "🔧 Max trials: 200", "correlation_id": "-", "session_id": "-", "timestamp": "2025-08-22T21:33:09.192749+00:00"}
{"asctime": "2025-08-22 23:33:09,192", "levelname": "INFO", "name": "AresGlobal.EnhancedTrainingManager", "message": "🔧 N trials: 100", "correlation_id": "-", "session_id": "-", "timestamp": "2025-08-22T21:33:09.192907+00:00"}
{"asctime": "2025-08-22 23:33:09,193", "levelname": "INFO", "name": "AresGlobal.EnhancedTrainingManager", "message": "📈 Lookback days: 180", "correlation_id": "-", "session_id": "-", "timestamp": "2025-08-22T21:33:09.193028+00:00"}
{"asctime": "2025-08-22 23:33:09,193", "levelname": "INFO", "name": "AresGlobal.EnhancedTrainingManager", "message": "🚀 Computational optimization: True", "correlation_id": "-", "session_id": "-", "timestamp": "2025-08-22T21:33:09.193150+00:00"}
{"asctime": "2025-08-22 23:33:09,193", "levelname": "INFO", "name": "AresGlobal.EnhancedTrainingManager", "message": "📊 Resource Analysis:", "correlation_id": "-", "session_id": "-", "timestamp": "2025-08-22T21:33:09.193321+00:00"}
{"asctime": "2025-08-22 23:33:09,193", "levelname": "INFO", "name": "AresGlobal.EnhancedTrainingManager", "message": "   💾 System Memory: 16.0 GB", "correlation_id": "-", "session_id": "-", "timestamp": "2025-08-22T21:33:09.193452+00:00"}
{"asctime": "2025-08-22 23:33:09,193", "levelname": "INFO", "name": "AresGlobal.EnhancedTrainingManager", "message": "   🖥️ CPU Cores: 8", "correlation_id": "-", "session_id": "-", "timestamp": "2025-08-22T21:33:09.193571+00:00"}
{"asctime": "2025-08-22 23:33:09,193", "levelname": "INFO", "name": "AresGlobal.EnhancedTrainingManager", "message": "   📈 Estimated Memory Usage: 4.0 GB", "correlation_id": "-", "session_id": "-", "timestamp": "2025-08-22T21:33:09.193828+00:00"}
{"asctime": "2025-08-22 23:33:09,194", "levelname": "INFO", "name": "AresGlobal.EnhancedTrainingManager", "message": "   ⏱️ Estimated Time: 90 minutes (1.5 hours)", "correlation_id": "-", "session_id": "-", "timestamp": "2025-08-22T21:33:09.194048+00:00"}
{"asctime": "2025-08-22 23:33:09,194", "levelname": "INFO", "name": "AresGlobal.EnhancedTrainingManager", "message": "   🤖 Models to Train: 4", "correlation_id": "-", "session_id": "-", "timestamp": "2025-08-22T21:33:09.194198+00:00"}
{"asctime": "2025-08-22 23:33:09,194", "levelname": "INFO", "name": "AresGlobal.EnhancedTrainingManager", "message": "   🔧 Optimization Trials: 50", "correlation_id": "-", "session_id": "-", "timestamp": "2025-08-22T21:33:09.194343+00:00"}
{"asctime": "2025-08-22 23:33:09,194", "levelname": "INFO", "name": "AresGlobal.EnhancedTrainingManager", "message": "📋 Step-by-Step Time Estimates:", "correlation_id": "-", "session_id": "-", "timestamp": "2025-08-22T21:33:09.194474+00:00"}
{"asctime": "2025-08-22 23:33:09,194", "levelname": "INFO", "name": "AresGlobal.EnhancedTrainingManager", "message": "   step1_data_collection: 5 min (4.2%)", "correlation_id": "-", "session_id": "-", "timestamp": "2025-08-22T21:33:09.194604+00:00"}
{"asctime": "2025-08-22 23:33:09,194", "levelname": "INFO", "name": "AresGlobal.EnhancedTrainingManager", "message": "   step1_5_data_converter: 3 min (2.5%)", "correlation_id": "-", "session_id": "-", "timestamp": "2025-08-22T21:33:09.194728+00:00"}
{"asctime": "2025-08-22 23:33:09,194", "levelname": "INFO", "name": "AresGlobal.EnhancedTrainingManager", "message": "   step2_feature_engineering: 15 min (12.7%)", "correlation_id": "-", "session_id": "-", "timestamp": "2025-08-22T21:33:09.194855+00:00"}
{"asctime": "2025-08-22 23:33:09,194", "levelname": "INFO", "name": "AresGlobal.EnhancedTrainingManager", "message": "   step3_hmm_regime_discovery: 3 min (2.5%)", "correlation_id": "-", "session_id": "-", "timestamp": "2025-08-22T21:33:09.194980+00:00"}
{"asctime": "2025-08-22 23:33:09,195", "levelname": "INFO", "name": "AresGlobal.EnhancedTrainingManager", "message": "   step4_processing_labeling: 8 min (6.8%)", "correlation_id": "-", "session_id": "-", "timestamp": "2025-08-22T21:33:09.195104+00:00"}
{"asctime": "2025-08-22 23:33:09,195", "levelname": "INFO", "name": "AresGlobal.EnhancedTrainingManager", "message": "   step5_regime_data_splitting: 2 min (1.7%)", "correlation_id": "-", "session_id": "-", "timestamp": "2025-08-22T21:33:09.195250+00:00"}
{"asctime": "2025-08-22 23:33:09,195", "levelname": "INFO", "name": "AresGlobal.EnhancedTrainingManager", "message": "   step6_hmm_based_training: 10 min (8.5%)", "correlation_id": "-", "session_id": "-", "timestamp": "2025-08-22T21:33:09.195375+00:00"}
{"asctime": "2025-08-22 23:33:09,195", "levelname": "INFO", "name": "AresGlobal.EnhancedTrainingManager", "message": "   step6_5_unified_regime_intelligence: 8 min (6.8%)", "correlation_id": "-", "session_id": "-", "timestamp": "2025-08-22T21:33:09.195514+00:00"}
{"asctime": "2025-08-22 23:33:09,195", "levelname": "INFO", "name": "AresGlobal.EnhancedTrainingManager", "message": "   step7_analyst_enhancement: 8 min (6.8%)", "correlation_id": "-", "session_id": "-", "timestamp": "2025-08-22T21:33:09.195655+00:00"}
{"asctime": "2025-08-22 23:33:09,195", "levelname": "INFO", "name": "AresGlobal.EnhancedTrainingManager", "message": "   step8_tactician_labeling: 5 min (4.2%)", "correlation_id": "-", "session_id": "-", "timestamp": "2025-08-22T21:33:09.195775+00:00"}
{"asctime": "2025-08-22 23:33:09,195", "levelname": "INFO", "name": "AresGlobal.EnhancedTrainingManager", "message": "   step9_tactician_specialist_training: 10 min (8.5%)", "correlation_id": "-", "session_id": "-", "timestamp": "2025-08-22T21:33:09.195889+00:00"}
{"asctime": "2025-08-22 23:33:09,196", "levelname": "INFO", "name": "AresGlobal.EnhancedTrainingManager", "message": "   step10_confidence_calibration: 3 min (2.5%)", "correlation_id": "-", "session_id": "-", "timestamp": "2025-08-22T21:33:09.196009+00:00"}
{"asctime": "2025-08-22 23:33:09,196", "levelname": "INFO", "name": "AresGlobal.EnhancedTrainingManager", "message": "   step11_final_parameters_optimization: 15 min (12.7%)", "correlation_id": "-", "session_id": "-", "timestamp": "2025-08-22T21:33:09.196129+00:00"}
{"asctime": "2025-08-22 23:33:09,196", "levelname": "INFO", "name": "AresGlobal.EnhancedTrainingManager", "message": "   step12_walk_forward_validation: 8 min (6.8%)", "correlation_id": "-", "session_id": "-", "timestamp": "2025-08-22T21:33:09.196247+00:00"}
{"asctime": "2025-08-22 23:33:09,196", "levelname": "INFO", "name": "AresGlobal.EnhancedTrainingManager", "message": "   step13_monte_carlo_validation: 8 min (6.8%)", "correlation_id": "-", "session_id": "-", "timestamp": "2025-08-22T21:33:09.196372+00:00"}
{"asctime": "2025-08-22 23:33:09,196", "levelname": "INFO", "name": "AresGlobal.EnhancedTrainingManager", "message": "   step14_ab_testing: 5 min (4.2%)", "correlation_id": "-", "session_id": "-", "timestamp": "2025-08-22T21:33:09.196493+00:00"}
{"asctime": "2025-08-22 23:33:09,196", "levelname": "INFO", "name": "AresGlobal.EnhancedTrainingManager", "message": "   step15_saving: 2 min (1.7%)", "correlation_id": "-", "session_id": "-", "timestamp": "2025-08-22T21:33:09.196617+00:00"}
{"asctime": "2025-08-22 23:33:09,196", "levelname": "INFO", "name": "AresGlobal.EnhancedTrainingManager", "message": "💡 Recommendations:", "correlation_id": "-", "session_id": "-", "timestamp": "2025-08-22T21:33:09.196731+00:00"}
{"asctime": "2025-08-22 23:33:09,196", "levelname": "INFO", "name": "AresGlobal.EnhancedTrainingManager", "message": "   ✅ Blank training mode is suitable for your system", "correlation_id": "-", "session_id": "-", "timestamp": "2025-08-22T21:33:09.196861+00:00"}
{"asctime": "2025-08-22 23:33:09,196", "levelname": "INFO", "name": "AresGlobal.EnhancedTrainingManager", "message": "🚀 Initializing computational optimization components...", "correlation_id": "-", "session_id": "-", "timestamp": "2025-08-22T21:33:09.196990+00:00"}
{"asctime": "2025-08-22 23:33:09,197", "levelname": "INFO", "name": "AresGlobal.ComputationalOptimizationManager", "message": "Computational Optimization Manager initialized", "correlation_id": "-", "session_id": "-", "timestamp": "2025-08-22T21:33:09.197364+00:00"}
{"asctime": "2025-08-22 23:33:09,197", "levelname": "INFO", "name": "AresGlobal.EnhancedTrainingManager", "message": "✅ Computational optimization components initialized successfully", "correlation_id": "-", "session_id": "-", "timestamp": "2025-08-22T21:33:09.197513+00:00"}
{"asctime": "2025-08-22 23:33:09,197", "levelname": "INFO", "name": "AresGlobal.EnhancedTrainingManager", "message": "✅ Enhanced Training Manager initialized successfully", "correlation_id": "-", "session_id": "-", "timestamp": "2025-08-22T21:33:09.197642+00:00"}
{"asctime": "2025-08-22 23:33:09,197", "levelname": "INFO", "name": "AresGlobal.StepOrchestrator", "message": "✅ Enhanced training manager setup successfully", "correlation_id": "-", "session_id": "-", "timestamp": "2025-08-22T21:33:09.197774+00:00"}
{"asctime": "2025-08-22 23:33:09,197", "levelname": "INFO", "name": "AresGlobal.EnhancedTrainingManager", "message": "================================================================================", "correlation_id": "-", "session_id": "-", "timestamp": "2025-08-22T21:33:09.197906+00:00"}
{"asctime": "2025-08-22 23:33:09,198", "levelname": "INFO", "name": "AresGlobal.EnhancedTrainingManager", "message": "🚀 COMPREHENSIVE 15-STEP ENHANCED TRAINING PIPELINE START", "correlation_id": "-", "session_id": "-", "timestamp": "2025-08-22T21:33:09.198027+00:00"}
{"asctime": "2025-08-22 23:33:09,198", "levelname": "INFO", "name": "AresGlobal.EnhancedTrainingManager", "message": "================================================================================", "correlation_id": "-", "session_id": "-", "timestamp": "2025-08-22T21:33:09.198148+00:00"}
{"asctime": "2025-08-22 23:33:09,198", "levelname": "INFO", "name": "AresGlobal.EnhancedTrainingManager", "message": "📅 Started at: 2025-08-22 23:33:09", "correlation_id": "-", "session_id": "-", "timestamp": "2025-08-22T21:33:09.198286+00:00"}
{"asctime": "2025-08-22 23:33:09,198", "levelname": "INFO", "name": "AresGlobal.EnhancedTrainingManager", "message": "🎯 Symbol: ETHUSDT", "correlation_id": "-", "session_id": "-", "timestamp": "2025-08-22T21:33:09.198410+00:00"}
{"asctime": "2025-08-22 23:33:09,198", "levelname": "INFO", "name": "AresGlobal.EnhancedTrainingManager", "message": "🏢 Exchange: BINANCE", "correlation_id": "-", "session_id": "-", "timestamp": "2025-08-22T21:33:09.198532+00:00"}
{"asctime": "2025-08-22 23:33:09,198", "levelname": "INFO", "name": "AresGlobal.EnhancedTrainingManager", "message": "📊 Training Mode: N/A", "correlation_id": "-", "session_id": "-", "timestamp": "2025-08-22T21:33:09.198703+00:00"}
{"asctime": "2025-08-22 23:33:09,198", "levelname": "INFO", "name": "AresGlobal.EnhancedTrainingManager", "message": "📈 Lookback Days: 180", "correlation_id": "-", "session_id": "-", "timestamp": "2025-08-22T21:33:09.198840+00:00"}
{"asctime": "2025-08-22 23:33:09,198", "levelname": "INFO", "name": "AresGlobal.EnhancedTrainingManager", "message": "🔧 Blank Training Mode: True", "correlation_id": "-", "session_id": "-", "timestamp": "2025-08-22T21:33:09.198966+00:00"}
{"asctime": "2025-08-22 23:33:09,199", "levelname": "INFO", "name": "AresGlobal.EnhancedTrainingManager", "message": "🔧 Max Trials: 200", "correlation_id": "-", "session_id": "-", "timestamp": "2025-08-22T21:33:09.199103+00:00"}
{"asctime": "2025-08-22 23:33:09,199", "levelname": "INFO", "name": "AresGlobal.EnhancedTrainingManager", "message": "🔧 N Trials: 100", "correlation_id": "-", "session_id": "-", "timestamp": "2025-08-22T21:33:09.199238+00:00"}
{"asctime": "2025-08-22 23:33:09,199", "levelname": "INFO", "name": "AresGlobal.EnhancedTrainingManager", "message": "🚀 Initializing optimized tools...", "correlation_id": "-", "session_id": "-", "timestamp": "2025-08-22T21:33:09.199386+00:00"}
{"asctime": "2025-08-22 23:33:09,199", "levelname": "INFO", "name": "AresGlobal.EnhancedTrainingManagerOptimized", "message": "🚀 Initializing Enhanced Training Manager with Optimizations...", "correlation_id": "-", "session_id": "-", "timestamp": "2025-08-22T21:33:09.199517+00:00"}
{"asctime": "2025-08-22 23:33:09,205", "levelname": "INFO", "name": "AresGlobal.EnhancedTrainingManagerOptimized", "message": "✅ Parallel backtester initialized with 8 workers", "correlation_id": "-", "session_id": "-", "timestamp": "2025-08-22T21:33:09.205780+00:00"}
{"asctime": "2025-08-22 23:33:09,206", "levelname": "INFO", "name": "AresGlobal.EnhancedTrainingManagerOptimized", "message": "✅ All optimization components initialized successfully", "correlation_id": "-", "session_id": "-", "timestamp": "2025-08-22T21:33:09.206980+00:00"}
{"asctime": "2025-08-22 23:33:09,207", "levelname": "INFO", "name": "AresGlobal.EnhancedTrainingManager", "message": "   ✅ Optimized training manager initialized", "correlation_id": "-", "session_id": "-", "timestamp": "2025-08-22T21:33:09.207252+00:00"}
{"asctime": "2025-08-22 23:33:09,207", "levelname": "INFO", "name": "AresGlobal.EnhancedTrainingManager", "message": "   ✅ Streaming processor initialized", "correlation_id": "-", "session_id": "-", "timestamp": "2025-08-22T21:33:09.207424+00:00"}
{"asctime": "2025-08-22 23:33:09,208", "levelname": "INFO", "name": "AresGlobal.EnhancedTrainingManager", "message": "   ✅ Parallel backtester initialized with 8 workers", "correlation_id": "-", "session_id": "-", "timestamp": "2025-08-22T21:33:09.208060+00:00"}
{"asctime": "2025-08-22 23:33:09,208", "levelname": "INFO", "name": "AresGlobal.EnhancedTrainingManager", "message": "   ✅ Adaptive sampler initialized", "correlation_id": "-", "session_id": "-", "timestamp": "2025-08-22T21:33:09.208211+00:00"}
{"asctime": "2025-08-22 23:33:09,208", "levelname": "INFO", "name": "AresGlobal.EnhancedTrainingManager", "message": "   ✅ Incremental trainer initialized", "correlation_id": "-", "session_id": "-", "timestamp": "2025-08-22T21:33:09.208343+00:00"}
{"asctime": "2025-08-22 23:33:09,208", "levelname": "INFO", "name": "AresGlobal.EnhancedTrainingManager", "message": "✅ All optimized tools initialized successfully", "correlation_id": "-", "session_id": "-", "timestamp": "2025-08-22T21:33:09.208463+00:00"}
{"asctime": "2025-08-22 23:33:09,208", "levelname": "INFO", "name": "AresGlobal.EnhancedTrainingManager", "message": "🚀 Starting fresh training...", "correlation_id": "-", "session_id": "-", "timestamp": "2025-08-22T21:33:09.208701+00:00"}
{"asctime": "2025-08-22 23:33:09,208", "levelname": "INFO", "name": "AresGlobal.EnhancedTrainingManager", "message": "🧹 Force rerun enabled - clearing artifacts from step2_feature_engineering and subsequent steps", "correlation_id": "-", "session_id": "-", "timestamp": "2025-08-22T21:33:09.208903+00:00"}
{"asctime": "2025-08-22 23:33:09,209", "levelname": "INFO", "name": "AresGlobal.EnhancedTrainingManager", "message": "🧹 Clearing artifacts from step2_feature_engineering onward", "correlation_id": "-", "session_id": "-", "timestamp": "2025-08-22T21:33:09.209056+00:00"}
{"asctime": "2025-08-22 23:33:09,223", "levelname": "INFO", "name": "AresGlobal.EnhancedTrainingManager", "message": "✅ Cleared artifacts for 15 steps: ['step2_feature_engineering', 'step3_hmm_regime_discovery', 'step4_processing_labeling', 'step5_regime_data_splitting', 'step6_hmm_based_training', 'step6_5_unified_regime_intelligence', 'step7_analyst_enhancement', 'step8_tactician_labeling', 'step9_tactician_specialist_training', 'step10_confidence_calibration', 'step11_final_parameters_optimization', 'step12_walk_forward_validation', 'step13_monte_carlo_validation', 'step14_ab_testing', 'step15_saving']", "correlation_id": "-", "session_id": "-", "timestamp": "2025-08-22T21:33:09.223786+00:00"}
{"asctime": "2025-08-22 23:33:09,224", "levelname": "INFO", "name": "AresGlobal.EnhancedTrainingManager", "message": "✅ Cleared artifacts and checkpoints from step2_feature_engineering onward", "correlation_id": "-", "session_id": "-", "timestamp": "2025-08-22T21:33:09.224149+00:00"}
{"asctime": "2025-08-22 23:33:09,224", "levelname": "INFO", "name": "AresGlobal.EnhancedTrainingManager", "message": "====================================================================================================", "correlation_id": "-", "session_id": "-", "timestamp": "2025-08-22T21:33:09.224303+00:00"}
{"asctime": "2025-08-22 23:33:09,224", "levelname": "INFO", "name": "AresGlobal.EnhancedTrainingManager", "message": "🚀 COMPREHENSIVE 15-STEP TRAINING PIPELINE START", "correlation_id": "-", "session_id": "-", "timestamp": "2025-08-22T21:33:09.224433+00:00"}
{"asctime": "2025-08-22 23:33:09,224", "levelname": "INFO", "name": "AresGlobal.EnhancedTrainingManager", "message": "====================================================================================================", "correlation_id": "-", "session_id": "-", "timestamp": "2025-08-22T21:33:09.224567+00:00"}
{"asctime": "2025-08-22 23:33:09,224", "levelname": "INFO", "name": "AresGlobal.EnhancedTrainingManager", "message": "📅 Started at: 2025-08-22 23:33:09", "correlation_id": "-", "session_id": "-", "timestamp": "2025-08-22T21:33:09.224701+00:00"}
{"asctime": "2025-08-22 23:33:09,224", "levelname": "INFO", "name": "AresGlobal.EnhancedTrainingManager", "message": "🎯 Symbol: ETHUSDT", "correlation_id": "-", "session_id": "-", "timestamp": "2025-08-22T21:33:09.224828+00:00"}
{"asctime": "2025-08-22 23:33:09,224", "levelname": "INFO", "name": "AresGlobal.EnhancedTrainingManager", "message": "🏢 Exchange: BINANCE", "correlation_id": "-", "session_id": "-", "timestamp": "2025-08-22T21:33:09.224952+00:00"}
{"asctime": "2025-08-22 23:33:09,225", "levelname": "INFO", "name": "AresGlobal.EnhancedTrainingManager", "message": "📊 Timeframe: 1m", "correlation_id": "-", "session_id": "-", "timestamp": "2025-08-22T21:33:09.225082+00:00"}
{"asctime": "2025-08-22 23:33:09,225", "levelname": "INFO", "name": "AresGlobal.EnhancedTrainingManager", "message": "🧠 Training Mode: Blank", "correlation_id": "-", "session_id": "-", "timestamp": "2025-08-22T21:33:09.225204+00:00"}
{"asctime": "2025-08-22 23:33:09,225", "levelname": "INFO", "name": "AresGlobal.EnhancedTrainingManager", "message": "🔧 Max Trials: 200", "correlation_id": "-", "session_id": "-", "timestamp": "2025-08-22T21:33:09.225328+00:00"}
{"asctime": "2025-08-22 23:33:09,225", "levelname": "INFO", "name": "AresGlobal.EnhancedTrainingManager", "message": "📈 Lookback Days: 180", "correlation_id": "-", "session_id": "-", "timestamp": "2025-08-22T21:33:09.225452+00:00"}
{"asctime": "2025-08-22 23:33:09,225", "levelname": "INFO", "name": "AresGlobal.EnhancedTrainingManager", "message": "💾 Memory Optimization: Enabled", "correlation_id": "-", "session_id": "-", "timestamp": "2025-08-22T21:33:09.225586+00:00"}
{"asctime": "2025-08-22 23:33:09,225", "levelname": "INFO", "name": "AresGlobal.EnhancedTrainingManager", "message": "🚀 Starting from step: step2_feature_engineering", "correlation_id": "-", "session_id": "-", "timestamp": "2025-08-22T21:33:09.225708+00:00"}
{"asctime": "2025-08-22 23:33:09,225", "levelname": "INFO", "name": "AresGlobal.EnhancedTrainingManager", "message": "====================================================================================================", "correlation_id": "-", "session_id": "-", "timestamp": "2025-08-22T21:33:09.225828+00:00"}
{"asctime": "2025-08-22 23:33:09,225", "levelname": "ERROR", "name": "AresGlobal.EnhancedTrainingManager", "message": "❌ Enhanced training pipeline failed", "correlation_id": "-", "session_id": "-", "timestamp": "2025-08-22T21:33:09.225961+00:00"}
{"asctime": "2025-08-22 23:33:09,226", "levelname": "INFO", "name": "AresGlobal.StepOrchestrator", "message": "\u001b[91m\u001b[1m🚫\u001b[0m \u001b[91m\u001b[1m❌ Enhanced 16-step training pipeline failed\u001b[0m", "correlation_id": "-", "session_id": "-", "timestamp": "2025-08-22T21:33:09.226172+00:00"}
{"asctime": "2025-08-22 23:33:09,226", "levelname": "ERROR", "name": "AresGlobal.AresLauncher", "message": "❌ Step-based training pipeline failed", "correlation_id": "-", "session_id": "-", "timestamp": "2025-08-22T21:33:09.226698+00:00"}
{"asctime": "2025-08-22 23:33:09,226", "levelname": "INFO", "name": "AresSystem", "message": "================================================================================", "correlation_id": "-", "session_id": "-", "timestamp": "2025-08-22T21:33:09.226872+00:00"}
{"asctime": "2025-08-22 23:33:09,227", "levelname": "INFO", "name": "AresGlobal", "message": "[SYSTEM] ================================================================================", "correlation_id": "-", "session_id": "-", "timestamp": "2025-08-22T21:33:09.227021+00:00"}
{"asctime": "2025-08-22 23:33:09,227", "levelname": "INFO", "name": "AresSystem", "message": "🛑 ARES LAUNCHER ENDED - Exit code: 1", "correlation_id": "-", "session_id": "-", "timestamp": "2025-08-22T21:33:09.227142+00:00"}
{"asctime": "2025-08-22 23:33:09,227", "levelname": "INFO", "name": "AresGlobal", "message": "[SYSTEM] 🛑 ARES LAUNCHER ENDED - Exit code: 1", "correlation_id": "-", "session_id": "-", "timestamp": "2025-08-22T21:33:09.227274+00:00"}
{"asctime": "2025-08-22 23:33:09,227", "levelname": "INFO", "name": "AresSystem", "message": "End time: 2025-08-22 23:33:09", "correlation_id": "-", "session_id": "-", "timestamp": "2025-08-22T21:33:09.227411+00:00"}
{"asctime": "2025-08-22 23:33:09,227", "levelname": "INFO", "name": "AresGlobal", "message": "[SYSTEM] End time: 2025-08-22 23:33:09", "correlation_id": "-", "session_id": "-", "timestamp": "2025-08-22T21:33:09.227537+00:00"}
{"asctime": "2025-08-22 23:33:09,227", "levelname": "INFO", "name": "AresSystem", "message": "================================================================================", "correlation_id": "-", "session_id": "-", "timestamp": "2025-08-22T21:33:09.227655+00:00"}
{"asctime": "2025-08-22 23:33:09,227", "levelname": "INFO", "name": "AresGlobal", "message": "[SYSTEM] ================================================================================", "correlation_id": "-", "session_id": "-", "timestamp": "2025-08-22T21:33:09.227775+00:00"}
{"asctime": "2025-08-22 23:33:09,227", "levelname": "INFO", "name": "AresGlobal.AresLauncher", "message": "🧹 Cleaning up processes...", "correlation_id": "-", "session_id": "-", "timestamp": "2025-08-22T21:33:09.227981+00:00"}
{"asctime": "2025-08-22 23:33:09,228", "levelname": "INFO", "name": "AresGlobal.AresLauncher", "message": "✅ Cleanup completed", "correlation_id": "-", "session_id": "-", "timestamp": "2025-08-22T21:33:09.228162+00:00"}
