{"asctime": "2025-08-21 18:42:24,493", "levelname": "INFO", "name": "AresGlobal", "message": "================================================================================", "correlation_id": "-", "session_id": "-", "timestamp": "2025-08-21T16:42:24.493362+00:00"}
{"asctime": "2025-08-21 18:42:24,493", "levelname": "INFO", "name": "AresGlobal", "message": "📊 SESSION SUMMARY", "correlation_id": "-", "session_id": "-", "timestamp": "2025-08-21T16:42:24.493527+00:00"}
{"asctime": "2025-08-21 18:42:24,493", "levelname": "INFO", "name": "AresGlobal", "message": "Session started: 2025-08-21 18:42:24", "correlation_id": "-", "session_id": "-", "timestamp": "2025-08-21T16:42:24.493639+00:00"}
{"asctime": "2025-08-21 18:42:24,493", "levelname": "INFO", "name": "AresGlobal", "message": "This file contains ALL logs for this session", "correlation_id": "-", "session_id": "-", "timestamp": "2025-08-21T16:42:24.493727+00:00"}
{"asctime": "2025-08-21 18:42:24,493", "levelname": "INFO", "name": "AresGlobal", "message": "================================================================================", "correlation_id": "-", "session_id": "-", "timestamp": "2025-08-21T16:42:24.493817+00:00"}
{"asctime": "2025-08-21 18:42:24,493", "levelname": "INFO", "name": "AresSystem", "message": "================================================================================", "correlation_id": "-", "session_id": "-", "timestamp": "2025-08-21T16:42:24.493945+00:00"}
{"asctime": "2025-08-21 18:42:24,494", "levelname": "INFO", "name": "AresGlobal", "message": "[SYSTEM] ================================================================================", "correlation_id": "-", "session_id": "-", "timestamp": "2025-08-21T16:42:24.494109+00:00"}
{"asctime": "2025-08-21 18:42:24,494", "levelname": "INFO", "name": "AresSystem", "message": "🚀 ARES LAUNCHER STARTED - Mode: INITIALIZATION", "correlation_id": "-", "session_id": "-", "timestamp": "2025-08-21T16:42:24.494201+00:00"}
{"asctime": "2025-08-21 18:42:24,494", "levelname": "INFO", "name": "AresGlobal", "message": "[SYSTEM] 🚀 ARES LAUNCHER STARTED - Mode: INITIALIZATION", "correlation_id": "-", "session_id": "-", "timestamp": "2025-08-21T16:42:24.494297+00:00"}
{"asctime": "2025-08-21 18:42:24,494", "levelname": "INFO", "name": "AresSystem", "message": "Start time: 2025-08-21 18:42:24", "correlation_id": "-", "session_id": "-", "timestamp": "2025-08-21T16:42:24.494389+00:00"}
{"asctime": "2025-08-21 18:42:24,494", "levelname": "INFO", "name": "AresGlobal", "message": "[SYSTEM] Start time: 2025-08-21 18:42:24", "correlation_id": "-", "session_id": "-", "timestamp": "2025-08-21T16:42:24.494469+00:00"}
{"asctime": "2025-08-21 18:42:24,494", "levelname": "INFO", "name": "AresSystem", "message": "Log directory: log", "correlation_id": "-", "session_id": "-", "timestamp": "2025-08-21T16:42:24.494568+00:00"}
{"asctime": "2025-08-21 18:42:24,494", "levelname": "INFO", "name": "AresGlobal", "message": "[SYSTEM] Log directory: log", "correlation_id": "-", "session_id": "-", "timestamp": "2025-08-21T16:42:24.494654+00:00"}
{"asctime": "2025-08-21 18:42:24,494", "levelname": "INFO", "name": "AresSystem", "message": "================================================================================", "correlation_id": "-", "session_id": "-", "timestamp": "2025-08-21T16:42:24.494735+00:00"}
{"asctime": "2025-08-21 18:42:24,494", "levelname": "INFO", "name": "AresGlobal", "message": "[SYSTEM] ================================================================================", "correlation_id": "-", "session_id": "-", "timestamp": "2025-08-21T16:42:24.494813+00:00"}
{"asctime": "2025-08-21 18:42:24,494", "levelname": "INFO", "name": "AresGlobal.AresLauncher", "message": "================================================================================", "correlation_id": "-", "session_id": "-", "timestamp": "2025-08-21T16:42:24.494895+00:00"}
{"asctime": "2025-08-21 18:42:24,494", "levelname": "INFO", "name": "AresGlobal.AresLauncher", "message": "🚀 ARES COMPREHENSIVE LAUNCHER", "correlation_id": "-", "session_id": "-", "timestamp": "2025-08-21T16:42:24.494981+00:00"}
{"asctime": "2025-08-21 18:42:24,495", "levelname": "INFO", "name": "AresGlobal.AresLauncher", "message": "================================================================================", "correlation_id": "-", "session_id": "-", "timestamp": "2025-08-21T16:42:24.495074+00:00"}
{"asctime": "2025-08-21 18:42:24,495", "levelname": "INFO", "name": "AresGlobal.AresLauncher", "message": "Start time: 2025-08-21 18:42:24", "correlation_id": "-", "session_id": "-", "timestamp": "2025-08-21T16:42:24.495162+00:00"}
{"asctime": "2025-08-21 18:42:24,495", "levelname": "INFO", "name": "AresGlobal.AresLauncher", "message": "Log directory: log", "correlation_id": "-", "session_id": "-", "timestamp": "2025-08-21T16:42:24.495243+00:00"}
{"asctime": "2025-08-21 18:42:24,495", "levelname": "INFO", "name": "AresGlobal.AresLauncher", "message": "Log level: INFO", "correlation_id": "-", "session_id": "-", "timestamp": "2025-08-21T16:42:24.495322+00:00"}
{"asctime": "2025-08-21 18:42:24,495", "levelname": "INFO", "name": "AresGlobal.AresLauncher", "message": "Global log file: ares_global_20250821_184224.log", "correlation_id": "-", "session_id": "-", "timestamp": "2025-08-21T16:42:24.495406+00:00"}
{"asctime": "2025-08-21 18:42:24,495", "levelname": "INFO", "name": "AresGlobal.AresLauncher", "message": "Full run log: log/ares_full_20250821_184224.log", "correlation_id": "-", "session_id": "-", "timestamp": "2025-08-21T16:42:24.495494+00:00"}
{"asctime": "2025-08-21 18:42:24,495", "levelname": "INFO", "name": "AresGlobal.AresLauncher", "message": "Trades log: log/ares_trades_20250821_184224.log", "correlation_id": "-", "session_id": "-", "timestamp": "2025-08-21T16:42:24.495571+00:00"}
{"asctime": "2025-08-21 18:42:24,495", "levelname": "INFO", "name": "AresGlobal.AresLauncher", "message": "Backtest log: log/ares_backtest_20250821_184224.log", "correlation_id": "-", "session_id": "-", "timestamp": "2025-08-21T16:42:24.495648+00:00"}
{"asctime": "2025-08-21 18:42:24,495", "levelname": "INFO", "name": "AresGlobal.AresLauncher", "message": "================================================================================", "correlation_id": "-", "session_id": "-", "timestamp": "2025-08-21T16:42:24.495724+00:00"}
{"asctime": "2025-08-21 18:42:24,495", "levelname": "INFO", "name": "AresTradingSystem.System.SignalHandler", "message": "Shutdown callback registered", "correlation_id": "-", "session_id": "-", "timestamp": "2025-08-21T16:42:24.495808+00:00"}
{"asctime": "2025-08-21 18:42:24,495", "levelname": "INFO", "name": "AresSystem", "message": "================================================================================", "correlation_id": "-", "session_id": "-", "timestamp": "2025-08-21T16:42:24.495901+00:00"}
{"asctime": "2025-08-21 18:42:24,495", "levelname": "INFO", "name": "AresGlobal", "message": "[SYSTEM] ================================================================================", "correlation_id": "-", "session_id": "-", "timestamp": "2025-08-21T16:42:24.495981+00:00"}
{"asctime": "2025-08-21 18:42:24,496", "levelname": "INFO", "name": "AresSystem", "message": "🚀 ARES LAUNCHER STARTED - Mode: blank - Symbol: ETHUSDT - Exchange: BINANCE", "correlation_id": "-", "session_id": "-", "timestamp": "2025-08-21T16:42:24.496058+00:00"}
{"asctime": "2025-08-21 18:42:24,496", "levelname": "INFO", "name": "AresGlobal", "message": "[SYSTEM] 🚀 ARES LAUNCHER STARTED - Mode: blank - Symbol: ETHUSDT - Exchange: BINANCE", "correlation_id": "-", "session_id": "-", "timestamp": "2025-08-21T16:42:24.496146+00:00"}
{"asctime": "2025-08-21 18:42:24,496", "levelname": "INFO", "name": "AresSystem", "message": "Start time: 2025-08-21 18:42:24", "correlation_id": "-", "session_id": "-", "timestamp": "2025-08-21T16:42:24.496234+00:00"}
{"asctime": "2025-08-21 18:42:24,496", "levelname": "INFO", "name": "AresGlobal", "message": "[SYSTEM] Start time: 2025-08-21 18:42:24", "correlation_id": "-", "session_id": "-", "timestamp": "2025-08-21T16:42:24.496310+00:00"}
{"asctime": "2025-08-21 18:42:24,496", "levelname": "INFO", "name": "AresSystem", "message": "Log directory: log", "correlation_id": "-", "session_id": "-", "timestamp": "2025-08-21T16:42:24.496388+00:00"}
{"asctime": "2025-08-21 18:42:24,496", "levelname": "INFO", "name": "AresGlobal", "message": "[SYSTEM] Log directory: log", "correlation_id": "-", "session_id": "-", "timestamp": "2025-08-21T16:42:24.496470+00:00"}
{"asctime": "2025-08-21 18:42:24,496", "levelname": "INFO", "name": "AresSystem", "message": "================================================================================", "correlation_id": "-", "session_id": "-", "timestamp": "2025-08-21T16:42:24.496546+00:00"}
{"asctime": "2025-08-21 18:42:24,496", "levelname": "INFO", "name": "AresGlobal", "message": "[SYSTEM] ================================================================================", "correlation_id": "-", "session_id": "-", "timestamp": "2025-08-21T16:42:24.496625+00:00"}
{"asctime": "2025-08-21 18:42:24,496", "levelname": "INFO", "name": "AresGlobal.AresLauncher", "message": "🚀 Running enhanced 16-step training pipeline for ETHUSDT on BINANCE", "correlation_id": "-", "session_id": "-", "timestamp": "2025-08-21T16:42:24.496732+00:00"}
{"asctime": "2025-08-21 18:42:24,496", "levelname": "INFO", "name": "AresGlobal.AresLauncher", "message": "Starting from step: step2_feature_engineering", "correlation_id": "-", "session_id": "-", "timestamp": "2025-08-21T16:42:24.496818+00:00"}
{"asctime": "2025-08-21 18:42:24,499", "levelname": "INFO", "name": "AresGlobal.AresLauncher", "message": "🧪 BLANK TRAINING MODE: Set BLANK_TRAINING_MODE=1 for step-based training", "correlation_id": "-", "session_id": "-", "timestamp": "2025-08-21T16:42:24.499006+00:00"}
{"asctime": "2025-08-21 18:42:24,499", "levelname": "INFO", "name": "AresGlobal.ProgressManager", "message": "Initialized ProgressManager for ETHUSDT on BINANCE", "correlation_id": "-", "session_id": "-", "timestamp": "2025-08-21T16:42:24.499384+00:00"}
{"asctime": "2025-08-21 18:42:24,499", "levelname": "INFO", "name": "AresGlobal.ProgressManager", "message": "Progress directory: data/training/progress/BINANCE_ETHUSDT", "correlation_id": "-", "session_id": "-", "timestamp": "2025-08-21T16:42:24.499489+00:00"}
{"asctime": "2025-08-21 18:42:24,499", "levelname": "INFO", "name": "AresGlobal.StepOrchestrator", "message": "Initialized StepOrchestrator for ETHUSDT on BINANCE", "correlation_id": "-", "session_id": "-", "timestamp": "2025-08-21T16:42:24.499581+00:00"}
{"asctime": "2025-08-21 18:42:24,499", "levelname": "INFO", "name": "AresGlobal.ProgressManager", "message": "🗑️  Cleared progress for step2_feature_engineering", "correlation_id": "-", "session_id": "-", "timestamp": "2025-08-21T16:42:24.499717+00:00"}
{"asctime": "2025-08-21 18:42:24,499", "levelname": "INFO", "name": "AresGlobal.AresLauncher", "message": "🧹 Cleared progress for 'step2_feature_engineering' (force)", "correlation_id": "-", "session_id": "-", "timestamp": "2025-08-21T16:42:24.499831+00:00"}
{"asctime": "2025-08-21 18:42:24,499", "levelname": "INFO", "name": "AresGlobal.ProgressManager", "message": "🗑️  Cleared progress for step3_hmm_regime_discovery", "correlation_id": "-", "session_id": "-", "timestamp": "2025-08-21T16:42:24.499940+00:00"}
{"asctime": "2025-08-21 18:42:24,500", "levelname": "INFO", "name": "AresGlobal.AresLauncher", "message": "🧹 Cleared progress for 'step3_hmm_regime_discovery' (force)", "correlation_id": "-", "session_id": "-", "timestamp": "2025-08-21T16:42:24.500034+00:00"}
{"asctime": "2025-08-21 18:42:24,500", "levelname": "INFO", "name": "AresGlobal.ProgressManager", "message": "🗑️  Cleared progress for step4_processing_labeling", "correlation_id": "-", "session_id": "-", "timestamp": "2025-08-21T16:42:24.500141+00:00"}
{"asctime": "2025-08-21 18:42:24,500", "levelname": "INFO", "name": "AresGlobal.AresLauncher", "message": "🧹 Cleared progress for 'step4_processing_labeling' (force)", "correlation_id": "-", "session_id": "-", "timestamp": "2025-08-21T16:42:24.500224+00:00"}
{"asctime": "2025-08-21 18:42:24,500", "levelname": "INFO", "name": "AresGlobal.ProgressManager", "message": "🗑️  Cleared progress for step5_regime_data_splitting", "correlation_id": "-", "session_id": "-", "timestamp": "2025-08-21T16:42:24.500327+00:00"}
{"asctime": "2025-08-21 18:42:24,500", "levelname": "INFO", "name": "AresGlobal.AresLauncher", "message": "🧹 Cleared progress for 'step5_regime_data_splitting' (force)", "correlation_id": "-", "session_id": "-", "timestamp": "2025-08-21T16:42:24.500419+00:00"}
{"asctime": "2025-08-21 18:42:24,500", "levelname": "INFO", "name": "AresGlobal.ProgressManager", "message": "🗑️  Cleared progress for step6_hmm_based_training", "correlation_id": "-", "session_id": "-", "timestamp": "2025-08-21T16:42:24.500520+00:00"}
{"asctime": "2025-08-21 18:42:24,500", "levelname": "INFO", "name": "AresGlobal.AresLauncher", "message": "🧹 Cleared progress for 'step6_hmm_based_training' (force)", "correlation_id": "-", "session_id": "-", "timestamp": "2025-08-21T16:42:24.500604+00:00"}
{"asctime": "2025-08-21 18:42:24,500", "levelname": "INFO", "name": "AresGlobal.ProgressManager", "message": "🗑️  Cleared progress for step6_5_unified_regime_intelligence", "correlation_id": "-", "session_id": "-", "timestamp": "2025-08-21T16:42:24.500703+00:00"}
{"asctime": "2025-08-21 18:42:24,500", "levelname": "INFO", "name": "AresGlobal.AresLauncher", "message": "🧹 Cleared progress for 'step6_5_unified_regime_intelligence' (force)", "correlation_id": "-", "session_id": "-", "timestamp": "2025-08-21T16:42:24.500786+00:00"}
{"asctime": "2025-08-21 18:42:24,500", "levelname": "INFO", "name": "AresGlobal.ProgressManager", "message": "🗑️  Cleared progress for step7_analyst_enhancement", "correlation_id": "-", "session_id": "-", "timestamp": "2025-08-21T16:42:24.500885+00:00"}
{"asctime": "2025-08-21 18:42:24,500", "levelname": "INFO", "name": "AresGlobal.AresLauncher", "message": "🧹 Cleared progress for 'step7_analyst_enhancement' (force)", "correlation_id": "-", "session_id": "-", "timestamp": "2025-08-21T16:42:24.500971+00:00"}
{"asctime": "2025-08-21 18:42:24,501", "levelname": "INFO", "name": "AresGlobal.ProgressManager", "message": "🗑️  Cleared progress for step8_tactician_labeling", "correlation_id": "-", "session_id": "-", "timestamp": "2025-08-21T16:42:24.501070+00:00"}
{"asctime": "2025-08-21 18:42:24,501", "levelname": "INFO", "name": "AresGlobal.AresLauncher", "message": "🧹 Cleared progress for 'step8_tactician_labeling' (force)", "correlation_id": "-", "session_id": "-", "timestamp": "2025-08-21T16:42:24.501155+00:00"}
{"asctime": "2025-08-21 18:42:24,501", "levelname": "INFO", "name": "AresGlobal.ProgressManager", "message": "🗑️  Cleared progress for step9_tactician_specialist_training", "correlation_id": "-", "session_id": "-", "timestamp": "2025-08-21T16:42:24.501334+00:00"}
{"asctime": "2025-08-21 18:42:24,501", "levelname": "INFO", "name": "AresGlobal.AresLauncher", "message": "🧹 Cleared progress for 'step9_tactician_specialist_training' (force)", "correlation_id": "-", "session_id": "-", "timestamp": "2025-08-21T16:42:24.501453+00:00"}
{"asctime": "2025-08-21 18:42:24,501", "levelname": "INFO", "name": "AresGlobal.ProgressManager", "message": "🗑️  Cleared progress for step10_confidence_calibration", "correlation_id": "-", "session_id": "-", "timestamp": "2025-08-21T16:42:24.501565+00:00"}
{"asctime": "2025-08-21 18:42:24,501", "levelname": "INFO", "name": "AresGlobal.AresLauncher", "message": "🧹 Cleared progress for 'step10_confidence_calibration' (force)", "correlation_id": "-", "session_id": "-", "timestamp": "2025-08-21T16:42:24.501654+00:00"}
{"asctime": "2025-08-21 18:42:24,501", "levelname": "INFO", "name": "AresGlobal.ProgressManager", "message": "🗑️  Cleared progress for step11_final_parameters_optimization", "correlation_id": "-", "session_id": "-", "timestamp": "2025-08-21T16:42:24.501754+00:00"}
{"asctime": "2025-08-21 18:42:24,501", "levelname": "INFO", "name": "AresGlobal.AresLauncher", "message": "🧹 Cleared progress for 'step11_final_parameters_optimization' (force)", "correlation_id": "-", "session_id": "-", "timestamp": "2025-08-21T16:42:24.501985+00:00"}
{"asctime": "2025-08-21 18:42:24,502", "levelname": "INFO", "name": "AresGlobal.ProgressManager", "message": "🗑️  Cleared progress for step12_walk_forward_validation", "correlation_id": "-", "session_id": "-", "timestamp": "2025-08-21T16:42:24.502156+00:00"}
{"asctime": "2025-08-21 18:42:24,502", "levelname": "INFO", "name": "AresGlobal.AresLauncher", "message": "🧹 Cleared progress for 'step12_walk_forward_validation' (force)", "correlation_id": "-", "session_id": "-", "timestamp": "2025-08-21T16:42:24.502248+00:00"}
{"asctime": "2025-08-21 18:42:24,502", "levelname": "INFO", "name": "AresGlobal.ProgressManager", "message": "🗑️  Cleared progress for step13_monte_carlo_validation", "correlation_id": "-", "session_id": "-", "timestamp": "2025-08-21T16:42:24.502352+00:00"}
{"asctime": "2025-08-21 18:42:24,502", "levelname": "INFO", "name": "AresGlobal.AresLauncher", "message": "🧹 Cleared progress for 'step13_monte_carlo_validation' (force)", "correlation_id": "-", "session_id": "-", "timestamp": "2025-08-21T16:42:24.502437+00:00"}
{"asctime": "2025-08-21 18:42:24,502", "levelname": "INFO", "name": "AresGlobal.ProgressManager", "message": "🗑️  Cleared progress for step14_ab_testing", "correlation_id": "-", "session_id": "-", "timestamp": "2025-08-21T16:42:24.502544+00:00"}
{"asctime": "2025-08-21 18:42:24,502", "levelname": "INFO", "name": "AresGlobal.AresLauncher", "message": "🧹 Cleared progress for 'step14_ab_testing' (force)", "correlation_id": "-", "session_id": "-", "timestamp": "2025-08-21T16:42:24.502632+00:00"}
{"asctime": "2025-08-21 18:42:24,502", "levelname": "INFO", "name": "AresGlobal.ProgressManager", "message": "🗑️  Cleared progress for step15_saving", "correlation_id": "-", "session_id": "-", "timestamp": "2025-08-21T16:42:24.502734+00:00"}
{"asctime": "2025-08-21 18:42:24,502", "levelname": "INFO", "name": "AresGlobal.AresLauncher", "message": "🧹 Cleared progress for 'step15_saving' (force)", "correlation_id": "-", "session_id": "-", "timestamp": "2025-08-21T16:42:24.502820+00:00"}
{"asctime": "2025-08-21 18:42:24,502", "levelname": "INFO", "name": "AresGlobal.AresLauncher", "message": "✅ Cleared progress for 15 steps: ['step2_feature_engineering', 'step3_hmm_regime_discovery', 'step4_processing_labeling', 'step5_regime_data_splitting', 'step6_hmm_based_training', 'step6_5_unified_regime_intelligence', 'step7_analyst_enhancement', 'step8_tactician_labeling', 'step9_tactician_specialist_training', 'step10_confidence_calibration', 'step11_final_parameters_optimization', 'step12_walk_forward_validation', 'step13_monte_carlo_validation', 'step14_ab_testing', 'step15_saving']", "correlation_id": "-", "session_id": "-", "timestamp": "2025-08-21T16:42:24.502914+00:00"}
{"asctime": "2025-08-21 18:42:24,503", "levelname": "DEBUG", "name": "asyncio", "message": "Using selector: KqueueSelector", "correlation_id": "-", "session_id": "-", "timestamp": "2025-08-21T16:42:24.503985+00:00"}
{"asctime": "2025-08-21 18:42:24,504", "levelname": "INFO", "name": "AresGlobal.StepOrchestrator", "message": "🚀 Starting execution from step: step2_feature_engineering", "correlation_id": "-", "session_id": "-", "timestamp": "2025-08-21T16:42:24.504254+00:00"}
{"asctime": "2025-08-21 18:42:25,923", "levelname": "INFO", "name": "src.utils.prometheus_metrics", "message": "Prometheus metrics server started on port 9000", "correlation_id": "-", "session_id": "-", "timestamp": "2025-08-21T16:42:25.923953+00:00"}
{"asctime": "2025-08-21 18:42:25,924", "levelname": "ERROR", "name": "AresGlobal.StepOrchestrator", "message": "Failed to setup enhanced training manager: ensure_data_integrity() got an unexpected keyword argument 'enable_checksums'", "correlation_id": "-", "session_id": "-", "exc_info": "Traceback (most recent call last):\n  File \"/Users/remyroche/Documents/Ares/src/training/step_orchestrator.py\", line 74, in _setup_enhanced_training_manager\n    from src.training.enhanced_training_manager import (\n  File \"/Users/remyroche/Documents/Ares/src/training/enhanced_training_manager.py\", line 120, in <module>\n    class EnhancedTrainingManager:\n  File \"/Users/remyroche/Documents/Ares/src/training/enhanced_training_manager.py\", line 1470, in EnhancedTrainingManager\n    @ensure_data_integrity(\n     ^^^^^^^^^^^^^^^^^^^^^^\nTypeError: ensure_data_integrity() got an unexpected keyword argument 'enable_checksums'", "timestamp": "2025-08-21T16:42:25.924276+00:00"}
{"asctime": "2025-08-21 18:42:25,926", "levelname": "INFO", "name": "AresGlobal.StepOrchestrator", "message": "\u001b[91m\u001b[1m🚫\u001b[0m \u001b[91m\u001b[1mFailed to setup enhanced training manager: ensure_data_integrity() got an unexpected keyword argument 'enable_checksums'\u001b[0m", "correlation_id": "-", "session_id": "-", "timestamp": "2025-08-21T16:42:25.926184+00:00"}
{"asctime": "2025-08-21 18:42:25,926", "levelname": "ERROR", "name": "AresGlobal.AresLauncher", "message": "❌ Step-based training pipeline failed", "correlation_id": "-", "session_id": "-", "timestamp": "2025-08-21T16:42:25.926452+00:00"}
{"asctime": "2025-08-21 18:42:25,926", "levelname": "INFO", "name": "AresSystem", "message": "================================================================================", "correlation_id": "-", "session_id": "-", "timestamp": "2025-08-21T16:42:25.926566+00:00"}
{"asctime": "2025-08-21 18:42:25,926", "levelname": "INFO", "name": "AresGlobal", "message": "[SYSTEM] ================================================================================", "correlation_id": "-", "session_id": "-", "timestamp": "2025-08-21T16:42:25.926659+00:00"}
{"asctime": "2025-08-21 18:42:25,926", "levelname": "INFO", "name": "AresSystem", "message": "🛑 ARES LAUNCHER ENDED - Exit code: 1", "correlation_id": "-", "session_id": "-", "timestamp": "2025-08-21T16:42:25.926746+00:00"}
{"asctime": "2025-08-21 18:42:25,926", "levelname": "INFO", "name": "AresGlobal", "message": "[SYSTEM] 🛑 ARES LAUNCHER ENDED - Exit code: 1", "correlation_id": "-", "session_id": "-", "timestamp": "2025-08-21T16:42:25.926837+00:00"}
{"asctime": "2025-08-21 18:42:25,926", "levelname": "INFO", "name": "AresSystem", "message": "End time: 2025-08-21 18:42:25", "correlation_id": "-", "session_id": "-", "timestamp": "2025-08-21T16:42:25.926928+00:00"}
{"asctime": "2025-08-21 18:42:25,927", "levelname": "INFO", "name": "AresGlobal", "message": "[SYSTEM] End time: 2025-08-21 18:42:25", "correlation_id": "-", "session_id": "-", "timestamp": "2025-08-21T16:42:25.927013+00:00"}
{"asctime": "2025-08-21 18:42:25,927", "levelname": "INFO", "name": "AresSystem", "message": "================================================================================", "correlation_id": "-", "session_id": "-", "timestamp": "2025-08-21T16:42:25.927090+00:00"}
{"asctime": "2025-08-21 18:42:25,927", "levelname": "INFO", "name": "AresGlobal", "message": "[SYSTEM] ================================================================================", "correlation_id": "-", "session_id": "-", "timestamp": "2025-08-21T16:42:25.927168+00:00"}
{"asctime": "2025-08-21 18:42:25,927", "levelname": "INFO", "name": "AresGlobal.AresLauncher", "message": "🧹 Cleaning up processes...", "correlation_id": "-", "session_id": "-", "timestamp": "2025-08-21T16:42:25.927248+00:00"}
{"asctime": "2025-08-21 18:42:25,927", "levelname": "INFO", "name": "AresGlobal.AresLauncher", "message": "✅ Cleanup completed", "correlation_id": "-", "session_id": "-", "timestamp": "2025-08-21T16:42:25.927335+00:00"}
