{"asctime": "2025-08-19 10:20:16,568", "levelname": "INFO", "name": "AresGlobal", "message": "================================================================================", "correlation_id": "-", "session_id": "-", "timestamp": "2025-08-19T08:20:16.568780+00:00"}
{"asctime": "2025-08-19 10:20:16,568", "levelname": "INFO", "name": "AresGlobal", "message": "📊 SESSION SUMMARY", "correlation_id": "-", "session_id": "-", "timestamp": "2025-08-19T08:20:16.568929+00:00"}
{"asctime": "2025-08-19 10:20:16,569", "levelname": "INFO", "name": "AresGlobal", "message": "Session started: 2025-08-19 10:20:16", "correlation_id": "-", "session_id": "-", "timestamp": "2025-08-19T08:20:16.569032+00:00"}
{"asctime": "2025-08-19 10:20:16,569", "levelname": "INFO", "name": "AresGlobal", "message": "This file contains ALL logs for this session", "correlation_id": "-", "session_id": "-", "timestamp": "2025-08-19T08:20:16.569115+00:00"}
{"asctime": "2025-08-19 10:20:16,569", "levelname": "INFO", "name": "AresGlobal", "message": "================================================================================", "correlation_id": "-", "session_id": "-", "timestamp": "2025-08-19T08:20:16.569205+00:00"}
{"asctime": "2025-08-19 10:20:16,569", "levelname": "INFO", "name": "AresSystem", "message": "================================================================================", "correlation_id": "-", "session_id": "-", "timestamp": "2025-08-19T08:20:16.569336+00:00"}
{"asctime": "2025-08-19 10:20:16,569", "levelname": "INFO", "name": "AresGlobal", "message": "[SYSTEM] ================================================================================", "correlation_id": "-", "session_id": "-", "timestamp": "2025-08-19T08:20:16.569429+00:00"}
{"asctime": "2025-08-19 10:20:16,569", "levelname": "INFO", "name": "AresSystem", "message": "🚀 ARES LAUNCHER STARTED - Mode: INITIALIZATION", "correlation_id": "-", "session_id": "-", "timestamp": "2025-08-19T08:20:16.569514+00:00"}
{"asctime": "2025-08-19 10:20:16,569", "levelname": "INFO", "name": "AresGlobal", "message": "[SYSTEM] 🚀 ARES LAUNCHER STARTED - Mode: INITIALIZATION", "correlation_id": "-", "session_id": "-", "timestamp": "2025-08-19T08:20:16.569601+00:00"}
{"asctime": "2025-08-19 10:20:16,569", "levelname": "INFO", "name": "AresSystem", "message": "Start time: 2025-08-19 10:20:16", "correlation_id": "-", "session_id": "-", "timestamp": "2025-08-19T08:20:16.569691+00:00"}
{"asctime": "2025-08-19 10:20:16,569", "levelname": "INFO", "name": "AresGlobal", "message": "[SYSTEM] Start time: 2025-08-19 10:20:16", "correlation_id": "-", "session_id": "-", "timestamp": "2025-08-19T08:20:16.569769+00:00"}
{"asctime": "2025-08-19 10:20:16,569", "levelname": "INFO", "name": "AresSystem", "message": "Log directory: log", "correlation_id": "-", "session_id": "-", "timestamp": "2025-08-19T08:20:16.569851+00:00"}
{"asctime": "2025-08-19 10:20:16,569", "levelname": "INFO", "name": "AresGlobal", "message": "[SYSTEM] Log directory: log", "correlation_id": "-", "session_id": "-", "timestamp": "2025-08-19T08:20:16.569928+00:00"}
{"asctime": "2025-08-19 10:20:16,570", "levelname": "INFO", "name": "AresSystem", "message": "================================================================================", "correlation_id": "-", "session_id": "-", "timestamp": "2025-08-19T08:20:16.570007+00:00"}
{"asctime": "2025-08-19 10:20:16,570", "levelname": "INFO", "name": "AresGlobal", "message": "[SYSTEM] ================================================================================", "correlation_id": "-", "session_id": "-", "timestamp": "2025-08-19T08:20:16.570292+00:00"}
{"asctime": "2025-08-19 10:20:16,570", "levelname": "INFO", "name": "AresGlobal.AresLauncher", "message": "================================================================================", "correlation_id": "-", "session_id": "-", "timestamp": "2025-08-19T08:20:16.570377+00:00"}
{"asctime": "2025-08-19 10:20:16,570", "levelname": "INFO", "name": "AresGlobal.AresLauncher", "message": "🚀 ARES COMPREHENSIVE LAUNCHER", "correlation_id": "-", "session_id": "-", "timestamp": "2025-08-19T08:20:16.570457+00:00"}
{"asctime": "2025-08-19 10:20:16,570", "levelname": "INFO", "name": "AresGlobal.AresLauncher", "message": "================================================================================", "correlation_id": "-", "session_id": "-", "timestamp": "2025-08-19T08:20:16.570546+00:00"}
{"asctime": "2025-08-19 10:20:16,570", "levelname": "INFO", "name": "AresGlobal.AresLauncher", "message": "Start time: 2025-08-19 10:20:16", "correlation_id": "-", "session_id": "-", "timestamp": "2025-08-19T08:20:16.570633+00:00"}
{"asctime": "2025-08-19 10:20:16,570", "levelname": "INFO", "name": "AresGlobal.AresLauncher", "message": "Log directory: log", "correlation_id": "-", "session_id": "-", "timestamp": "2025-08-19T08:20:16.570711+00:00"}
{"asctime": "2025-08-19 10:20:16,570", "levelname": "INFO", "name": "AresGlobal.AresLauncher", "message": "Log level: INFO", "correlation_id": "-", "session_id": "-", "timestamp": "2025-08-19T08:20:16.570790+00:00"}
{"asctime": "2025-08-19 10:20:16,570", "levelname": "INFO", "name": "AresGlobal.AresLauncher", "message": "Global log file: ares_global_20250819_102016.log", "correlation_id": "-", "session_id": "-", "timestamp": "2025-08-19T08:20:16.570870+00:00"}
{"asctime": "2025-08-19 10:20:16,570", "levelname": "INFO", "name": "AresGlobal.AresLauncher", "message": "Full run log: log/ares_full_20250819_102016.log", "correlation_id": "-", "session_id": "-", "timestamp": "2025-08-19T08:20:16.570954+00:00"}
{"asctime": "2025-08-19 10:20:16,571", "levelname": "INFO", "name": "AresGlobal.AresLauncher", "message": "Trades log: log/ares_trades_20250819_102016.log", "correlation_id": "-", "session_id": "-", "timestamp": "2025-08-19T08:20:16.571028+00:00"}
{"asctime": "2025-08-19 10:20:16,571", "levelname": "INFO", "name": "AresGlobal.AresLauncher", "message": "Backtest log: log/ares_backtest_20250819_102016.log", "correlation_id": "-", "session_id": "-", "timestamp": "2025-08-19T08:20:16.571101+00:00"}
{"asctime": "2025-08-19 10:20:16,571", "levelname": "INFO", "name": "AresGlobal.AresLauncher", "message": "================================================================================", "correlation_id": "-", "session_id": "-", "timestamp": "2025-08-19T08:20:16.571176+00:00"}
{"asctime": "2025-08-19 10:20:16,571", "levelname": "INFO", "name": "AresTradingSystem.System.SignalHandler", "message": "Shutdown callback registered", "correlation_id": "-", "session_id": "-", "timestamp": "2025-08-19T08:20:16.571253+00:00"}
{"asctime": "2025-08-19 10:20:16,571", "levelname": "INFO", "name": "AresSystem", "message": "================================================================================", "correlation_id": "-", "session_id": "-", "timestamp": "2025-08-19T08:20:16.571337+00:00"}
{"asctime": "2025-08-19 10:20:16,571", "levelname": "INFO", "name": "AresGlobal", "message": "[SYSTEM] ================================================================================", "correlation_id": "-", "session_id": "-", "timestamp": "2025-08-19T08:20:16.571414+00:00"}
{"asctime": "2025-08-19 10:20:16,571", "levelname": "INFO", "name": "AresSystem", "message": "🚀 ARES LAUNCHER STARTED - Mode: blank - Symbol: ETHUSDT - Exchange: BINANCE", "correlation_id": "-", "session_id": "-", "timestamp": "2025-08-19T08:20:16.571489+00:00"}
{"asctime": "2025-08-19 10:20:16,571", "levelname": "INFO", "name": "AresGlobal", "message": "[SYSTEM] 🚀 ARES LAUNCHER STARTED - Mode: blank - Symbol: ETHUSDT - Exchange: BINANCE", "correlation_id": "-", "session_id": "-", "timestamp": "2025-08-19T08:20:16.571570+00:00"}
{"asctime": "2025-08-19 10:20:16,571", "levelname": "INFO", "name": "AresSystem", "message": "Start time: 2025-08-19 10:20:16", "correlation_id": "-", "session_id": "-", "timestamp": "2025-08-19T08:20:16.571657+00:00"}
{"asctime": "2025-08-19 10:20:16,571", "levelname": "INFO", "name": "AresGlobal", "message": "[SYSTEM] Start time: 2025-08-19 10:20:16", "correlation_id": "-", "session_id": "-", "timestamp": "2025-08-19T08:20:16.571734+00:00"}
{"asctime": "2025-08-19 10:20:16,571", "levelname": "INFO", "name": "AresSystem", "message": "Log directory: log", "correlation_id": "-", "session_id": "-", "timestamp": "2025-08-19T08:20:16.571811+00:00"}
{"asctime": "2025-08-19 10:20:16,571", "levelname": "INFO", "name": "AresGlobal", "message": "[SYSTEM] Log directory: log", "correlation_id": "-", "session_id": "-", "timestamp": "2025-08-19T08:20:16.571893+00:00"}
{"asctime": "2025-08-19 10:20:16,571", "levelname": "INFO", "name": "AresSystem", "message": "================================================================================", "correlation_id": "-", "session_id": "-", "timestamp": "2025-08-19T08:20:16.571968+00:00"}
{"asctime": "2025-08-19 10:20:16,572", "levelname": "INFO", "name": "AresGlobal", "message": "[SYSTEM] ================================================================================", "correlation_id": "-", "session_id": "-", "timestamp": "2025-08-19T08:20:16.572045+00:00"}
{"asctime": "2025-08-19 10:20:16,572", "levelname": "INFO", "name": "AresGlobal.AresLauncher", "message": "🚀 Running enhanced 16-step training pipeline for ETHUSDT on BINANCE", "correlation_id": "-", "session_id": "-", "timestamp": "2025-08-19T08:20:16.572148+00:00"}
{"asctime": "2025-08-19 10:20:16,572", "levelname": "INFO", "name": "AresGlobal.AresLauncher", "message": "Starting from step: step2_feature_engineering", "correlation_id": "-", "session_id": "-", "timestamp": "2025-08-19T08:20:16.572230+00:00"}
{"asctime": "2025-08-19 10:20:16,573", "levelname": "INFO", "name": "AresGlobal.AresLauncher", "message": "🧪 BLANK TRAINING MODE: Set BLANK_TRAINING_MODE=1 for step-based training", "correlation_id": "-", "session_id": "-", "timestamp": "2025-08-19T08:20:16.573460+00:00"}
{"asctime": "2025-08-19 10:20:16,574", "levelname": "INFO", "name": "AresGlobal.ProgressManager", "message": "Initialized ProgressManager for ETHUSDT on BINANCE", "correlation_id": "-", "session_id": "-", "timestamp": "2025-08-19T08:20:16.574001+00:00"}
{"asctime": "2025-08-19 10:20:16,574", "levelname": "INFO", "name": "AresGlobal.ProgressManager", "message": "Progress directory: data/training/progress/BINANCE_ETHUSDT", "correlation_id": "-", "session_id": "-", "timestamp": "2025-08-19T08:20:16.574316+00:00"}
{"asctime": "2025-08-19 10:20:16,574", "levelname": "INFO", "name": "AresGlobal.StepOrchestrator", "message": "Initialized StepOrchestrator for ETHUSDT on BINANCE", "correlation_id": "-", "session_id": "-", "timestamp": "2025-08-19T08:20:16.574689+00:00"}
{"asctime": "2025-08-19 10:20:16,575", "levelname": "INFO", "name": "AresGlobal.ProgressManager", "message": "🗑️  Cleared progress for step2_feature_engineering", "correlation_id": "-", "session_id": "-", "timestamp": "2025-08-19T08:20:16.575158+00:00"}
{"asctime": "2025-08-19 10:20:16,576", "levelname": "INFO", "name": "AresGlobal.AresLauncher", "message": "🧹 Cleared progress for 'step2_feature_engineering' (force)", "correlation_id": "-", "session_id": "-", "timestamp": "2025-08-19T08:20:16.576250+00:00"}
{"asctime": "2025-08-19 10:20:16,577", "levelname": "INFO", "name": "AresGlobal.ProgressManager", "message": "🗑️  Cleared progress for step3_hmm_regime_discovery", "correlation_id": "-", "session_id": "-", "timestamp": "2025-08-19T08:20:16.577125+00:00"}
{"asctime": "2025-08-19 10:20:16,577", "levelname": "INFO", "name": "AresGlobal.AresLauncher", "message": "🧹 Cleared progress for 'step3_hmm_regime_discovery' (force)", "correlation_id": "-", "session_id": "-", "timestamp": "2025-08-19T08:20:16.577536+00:00"}
{"asctime": "2025-08-19 10:20:16,577", "levelname": "INFO", "name": "AresGlobal.ProgressManager", "message": "🗑️  Cleared progress for step4_processing_labeling", "correlation_id": "-", "session_id": "-", "timestamp": "2025-08-19T08:20:16.577982+00:00"}
{"asctime": "2025-08-19 10:20:16,578", "levelname": "INFO", "name": "AresGlobal.AresLauncher", "message": "🧹 Cleared progress for 'step4_processing_labeling' (force)", "correlation_id": "-", "session_id": "-", "timestamp": "2025-08-19T08:20:16.578824+00:00"}
{"asctime": "2025-08-19 10:20:16,579", "levelname": "INFO", "name": "AresGlobal.ProgressManager", "message": "🗑️  Cleared progress for step5_regime_data_splitting", "correlation_id": "-", "session_id": "-", "timestamp": "2025-08-19T08:20:16.579133+00:00"}
{"asctime": "2025-08-19 10:20:16,579", "levelname": "INFO", "name": "AresGlobal.AresLauncher", "message": "🧹 Cleared progress for 'step5_regime_data_splitting' (force)", "correlation_id": "-", "session_id": "-", "timestamp": "2025-08-19T08:20:16.579381+00:00"}
{"asctime": "2025-08-19 10:20:16,579", "levelname": "INFO", "name": "AresGlobal.ProgressManager", "message": "🗑️  Cleared progress for step6_hmm_based_training", "correlation_id": "-", "session_id": "-", "timestamp": "2025-08-19T08:20:16.579520+00:00"}
{"asctime": "2025-08-19 10:20:16,579", "levelname": "INFO", "name": "AresGlobal.AresLauncher", "message": "🧹 Cleared progress for 'step6_hmm_based_training' (force)", "correlation_id": "-", "session_id": "-", "timestamp": "2025-08-19T08:20:16.579609+00:00"}
{"asctime": "2025-08-19 10:20:16,579", "levelname": "INFO", "name": "AresGlobal.ProgressManager", "message": "🗑️  Cleared progress for step6_5_unified_regime_intelligence", "correlation_id": "-", "session_id": "-", "timestamp": "2025-08-19T08:20:16.579717+00:00"}
{"asctime": "2025-08-19 10:20:16,579", "levelname": "INFO", "name": "AresGlobal.AresLauncher", "message": "🧹 Cleared progress for 'step6_5_unified_regime_intelligence' (force)", "correlation_id": "-", "session_id": "-", "timestamp": "2025-08-19T08:20:16.579905+00:00"}
{"asctime": "2025-08-19 10:20:16,580", "levelname": "INFO", "name": "AresGlobal.ProgressManager", "message": "🗑️  Cleared progress for step7_analyst_enhancement", "correlation_id": "-", "session_id": "-", "timestamp": "2025-08-19T08:20:16.580207+00:00"}
{"asctime": "2025-08-19 10:20:16,580", "levelname": "INFO", "name": "AresGlobal.AresLauncher", "message": "🧹 Cleared progress for 'step7_analyst_enhancement' (force)", "correlation_id": "-", "session_id": "-", "timestamp": "2025-08-19T08:20:16.580603+00:00"}
{"asctime": "2025-08-19 10:20:16,580", "levelname": "INFO", "name": "AresGlobal.ProgressManager", "message": "🗑️  Cleared progress for step8_tactician_labeling", "correlation_id": "-", "session_id": "-", "timestamp": "2025-08-19T08:20:16.580989+00:00"}
{"asctime": "2025-08-19 10:20:16,581", "levelname": "INFO", "name": "AresGlobal.AresLauncher", "message": "🧹 Cleared progress for 'step8_tactician_labeling' (force)", "correlation_id": "-", "session_id": "-", "timestamp": "2025-08-19T08:20:16.581134+00:00"}
{"asctime": "2025-08-19 10:20:16,581", "levelname": "INFO", "name": "AresGlobal.ProgressManager", "message": "🗑️  Cleared progress for step9_tactician_specialist_training", "correlation_id": "-", "session_id": "-", "timestamp": "2025-08-19T08:20:16.581263+00:00"}
{"asctime": "2025-08-19 10:20:16,581", "levelname": "INFO", "name": "AresGlobal.AresLauncher", "message": "🧹 Cleared progress for 'step9_tactician_specialist_training' (force)", "correlation_id": "-", "session_id": "-", "timestamp": "2025-08-19T08:20:16.581401+00:00"}
{"asctime": "2025-08-19 10:20:16,581", "levelname": "INFO", "name": "AresGlobal.ProgressManager", "message": "🗑️  Cleared progress for step10_confidence_calibration", "correlation_id": "-", "session_id": "-", "timestamp": "2025-08-19T08:20:16.581623+00:00"}
{"asctime": "2025-08-19 10:20:16,581", "levelname": "INFO", "name": "AresGlobal.AresLauncher", "message": "🧹 Cleared progress for 'step10_confidence_calibration' (force)", "correlation_id": "-", "session_id": "-", "timestamp": "2025-08-19T08:20:16.581724+00:00"}
{"asctime": "2025-08-19 10:20:16,581", "levelname": "INFO", "name": "AresGlobal.ProgressManager", "message": "🗑️  Cleared progress for step11_final_parameters_optimization", "correlation_id": "-", "session_id": "-", "timestamp": "2025-08-19T08:20:16.581847+00:00"}
{"asctime": "2025-08-19 10:20:16,582", "levelname": "INFO", "name": "AresGlobal.AresLauncher", "message": "🧹 Cleared progress for 'step11_final_parameters_optimization' (force)", "correlation_id": "-", "session_id": "-", "timestamp": "2025-08-19T08:20:16.582025+00:00"}
{"asctime": "2025-08-19 10:20:16,582", "levelname": "INFO", "name": "AresGlobal.ProgressManager", "message": "🗑️  Cleared progress for step12_walk_forward_validation", "correlation_id": "-", "session_id": "-", "timestamp": "2025-08-19T08:20:16.582677+00:00"}
{"asctime": "2025-08-19 10:20:16,583", "levelname": "INFO", "name": "AresGlobal.AresLauncher", "message": "🧹 Cleared progress for 'step12_walk_forward_validation' (force)", "correlation_id": "-", "session_id": "-", "timestamp": "2025-08-19T08:20:16.583174+00:00"}
{"asctime": "2025-08-19 10:20:16,583", "levelname": "INFO", "name": "AresGlobal.ProgressManager", "message": "🗑️  Cleared progress for step13_monte_carlo_validation", "correlation_id": "-", "session_id": "-", "timestamp": "2025-08-19T08:20:16.583389+00:00"}
{"asctime": "2025-08-19 10:20:16,583", "levelname": "INFO", "name": "AresGlobal.AresLauncher", "message": "🧹 Cleared progress for 'step13_monte_carlo_validation' (force)", "correlation_id": "-", "session_id": "-", "timestamp": "2025-08-19T08:20:16.583779+00:00"}
{"asctime": "2025-08-19 10:20:16,583", "levelname": "INFO", "name": "AresGlobal.ProgressManager", "message": "🗑️  Cleared progress for step14_ab_testing", "correlation_id": "-", "session_id": "-", "timestamp": "2025-08-19T08:20:16.583949+00:00"}
{"asctime": "2025-08-19 10:20:16,584", "levelname": "INFO", "name": "AresGlobal.AresLauncher", "message": "🧹 Cleared progress for 'step14_ab_testing' (force)", "correlation_id": "-", "session_id": "-", "timestamp": "2025-08-19T08:20:16.584058+00:00"}
{"asctime": "2025-08-19 10:20:16,584", "levelname": "INFO", "name": "AresGlobal.ProgressManager", "message": "🗑️  Cleared progress for step15_saving", "correlation_id": "-", "session_id": "-", "timestamp": "2025-08-19T08:20:16.584309+00:00"}
{"asctime": "2025-08-19 10:20:16,584", "levelname": "INFO", "name": "AresGlobal.AresLauncher", "message": "🧹 Cleared progress for 'step15_saving' (force)", "correlation_id": "-", "session_id": "-", "timestamp": "2025-08-19T08:20:16.584438+00:00"}
{"asctime": "2025-08-19 10:20:16,584", "levelname": "INFO", "name": "AresGlobal.AresLauncher", "message": "✅ Cleared progress for 15 steps: ['step2_feature_engineering', 'step3_hmm_regime_discovery', 'step4_processing_labeling', 'step5_regime_data_splitting', 'step6_hmm_based_training', 'step6_5_unified_regime_intelligence', 'step7_analyst_enhancement', 'step8_tactician_labeling', 'step9_tactician_specialist_training', 'step10_confidence_calibration', 'step11_final_parameters_optimization', 'step12_walk_forward_validation', 'step13_monte_carlo_validation', 'step14_ab_testing', 'step15_saving']", "correlation_id": "-", "session_id": "-", "timestamp": "2025-08-19T08:20:16.584630+00:00"}
{"asctime": "2025-08-19 10:20:16,585", "levelname": "DEBUG", "name": "asyncio", "message": "Using selector: KqueueSelector", "correlation_id": "-", "session_id": "-", "timestamp": "2025-08-19T08:20:16.585068+00:00"}
{"asctime": "2025-08-19 10:20:16,585", "levelname": "INFO", "name": "AresGlobal.StepOrchestrator", "message": "🚀 Starting execution from step: step2_feature_engineering", "correlation_id": "-", "session_id": "-", "timestamp": "2025-08-19T08:20:16.585291+00:00"}
{"asctime": "2025-08-19 10:20:16,739", "levelname": "INFO", "name": "src.utils.prometheus_metrics", "message": "Prometheus metrics server started on port 9000", "correlation_id": "-", "session_id": "-", "timestamp": "2025-08-19T08:20:16.739364+00:00"}
{"asctime": "2025-08-19 10:20:19,129", "levelname": "DEBUG", "name": "matplotlib", "message": "matplotlib data path: /opt/homebrew/Caskroom/miniforge/base/lib/python3.12/site-packages/matplotlib/mpl-data", "correlation_id": "-", "session_id": "-", "timestamp": "2025-08-19T08:20:19.129893+00:00"}
{"asctime": "2025-08-19 10:20:19,133", "levelname": "DEBUG", "name": "matplotlib", "message": "CONFIGDIR=/Users/remyroche/.matplotlib", "correlation_id": "-", "session_id": "-", "timestamp": "2025-08-19T08:20:19.133468+00:00"}
{"asctime": "2025-08-19 10:20:19,134", "levelname": "DEBUG", "name": "matplotlib", "message": "interactive is False", "correlation_id": "-", "session_id": "-", "timestamp": "2025-08-19T08:20:19.134358+00:00"}
{"asctime": "2025-08-19 10:20:19,134", "levelname": "DEBUG", "name": "matplotlib", "message": "platform is darwin", "correlation_id": "-", "session_id": "-", "timestamp": "2025-08-19T08:20:19.134451+00:00"}
{"asctime": "2025-08-19 10:20:19,146", "levelname": "DEBUG", "name": "graphviz._tools", "message": "deprecate positional args: graphviz.backend.piping.pipe(['renderer', 'formatter', 'neato_no_op', 'quiet'])", "correlation_id": "-", "session_id": "-", "timestamp": "2025-08-19T08:20:19.146429+00:00"}
{"asctime": "2025-08-19 10:20:19,146", "levelname": "DEBUG", "name": "graphviz._tools", "message": "deprecate positional args: graphviz.backend.rendering.render(['renderer', 'formatter', 'neato_no_op', 'quiet'])", "correlation_id": "-", "session_id": "-", "timestamp": "2025-08-19T08:20:19.146861+00:00"}
{"asctime": "2025-08-19 10:20:19,147", "levelname": "DEBUG", "name": "graphviz._tools", "message": "deprecate positional args: graphviz.backend.unflattening.unflatten(['stagger', 'fanout', 'chain', 'encoding'])", "correlation_id": "-", "session_id": "-", "timestamp": "2025-08-19T08:20:19.147252+00:00"}
{"asctime": "2025-08-19 10:20:19,147", "levelname": "DEBUG", "name": "graphviz._tools", "message": "deprecate positional args: graphviz.backend.viewing.view(['quiet'])", "correlation_id": "-", "session_id": "-", "timestamp": "2025-08-19T08:20:19.147447+00:00"}
{"asctime": "2025-08-19 10:20:19,149", "levelname": "DEBUG", "name": "graphviz._tools", "message": "deprecate positional args: graphviz.quoting.quote(['is_html_string', 'is_valid_id', 'dot_keywords', 'endswith_odd_number_of_backslashes', 'escape_unescaped_quotes'])", "correlation_id": "-", "session_id": "-", "timestamp": "2025-08-19T08:20:19.149083+00:00"}
{"asctime": "2025-08-19 10:20:19,149", "levelname": "DEBUG", "name": "graphviz._tools", "message": "deprecate positional args: graphviz.quoting.a_list(['kwargs', 'attributes'])", "correlation_id": "-", "session_id": "-", "timestamp": "2025-08-19T08:20:19.149167+00:00"}
{"asctime": "2025-08-19 10:20:19,149", "levelname": "DEBUG", "name": "graphviz._tools", "message": "deprecate positional args: graphviz.quoting.attr_list(['kwargs', 'attributes'])", "correlation_id": "-", "session_id": "-", "timestamp": "2025-08-19T08:20:19.149229+00:00"}
{"asctime": "2025-08-19 10:20:19,149", "levelname": "DEBUG", "name": "graphviz._tools", "message": "deprecate positional args: graphviz.dot.Dot.clear(['self', 'keep_attrs'])", "correlation_id": "-", "session_id": "-", "timestamp": "2025-08-19T08:20:19.149344+00:00"}
{"asctime": "2025-08-19 10:20:19,149", "levelname": "DEBUG", "name": "graphviz._tools", "message": "deprecate positional args: graphviz.dot.Dot.__iter__(['self', 'subgraph'])", "correlation_id": "-", "session_id": "-", "timestamp": "2025-08-19T08:20:19.149396+00:00"}
{"asctime": "2025-08-19 10:20:19,149", "levelname": "DEBUG", "name": "graphviz._tools", "message": "deprecate positional args: graphviz.dot.Dot.node(['label', '_attributes'])", "correlation_id": "-", "session_id": "-", "timestamp": "2025-08-19T08:20:19.149447+00:00"}
{"asctime": "2025-08-19 10:20:19,149", "levelname": "DEBUG", "name": "graphviz._tools", "message": "deprecate positional args: graphviz.dot.Dot.edge(['label', '_attributes'])", "correlation_id": "-", "session_id": "-", "timestamp": "2025-08-19T08:20:19.149497+00:00"}
{"asctime": "2025-08-19 10:20:19,149", "levelname": "DEBUG", "name": "graphviz._tools", "message": "deprecate positional args: graphviz.dot.Dot.attr(['kw', '_attributes'])", "correlation_id": "-", "session_id": "-", "timestamp": "2025-08-19T08:20:19.149544+00:00"}
{"asctime": "2025-08-19 10:20:19,149", "levelname": "DEBUG", "name": "graphviz._tools", "message": "deprecate positional args: graphviz.dot.Dot.subgraph(['graph', 'name', 'comment', 'graph_attr', 'node_attr', 'edge_attr', 'body'])", "correlation_id": "-", "session_id": "-", "timestamp": "2025-08-19T08:20:19.149592+00:00"}
{"asctime": "2025-08-19 10:20:19,150", "levelname": "DEBUG", "name": "graphviz._tools", "message": "deprecate positional args: graphviz.piping.Pipe._pipe_legacy(['format', 'renderer', 'formatter', 'neato_no_op', 'quiet'])", "correlation_id": "-", "session_id": "-", "timestamp": "2025-08-19T08:20:19.150281+00:00"}
{"asctime": "2025-08-19 10:20:19,151", "levelname": "DEBUG", "name": "graphviz._tools", "message": "deprecate positional args: graphviz.saving.Save.save(['filename', 'directory'])", "correlation_id": "-", "session_id": "-", "timestamp": "2025-08-19T08:20:19.151277+00:00"}
{"asctime": "2025-08-19 10:20:19,151", "levelname": "DEBUG", "name": "graphviz._tools", "message": "deprecate positional args: graphviz.rendering.Render.render(['filename', 'directory', 'view', 'cleanup', 'format', 'renderer', 'formatter', 'neato_no_op', 'quiet', 'quiet_view'])", "correlation_id": "-", "session_id": "-", "timestamp": "2025-08-19T08:20:19.151399+00:00"}
{"asctime": "2025-08-19 10:20:19,151", "levelname": "DEBUG", "name": "graphviz._tools", "message": "deprecate positional args: graphviz.rendering.Render.view(['filename', 'directory', 'cleanup', 'quiet', 'quiet_view'])", "correlation_id": "-", "session_id": "-", "timestamp": "2025-08-19T08:20:19.151462+00:00"}
{"asctime": "2025-08-19 10:20:19,151", "levelname": "DEBUG", "name": "graphviz._tools", "message": "deprecate positional args: graphviz.unflattening.Unflatten.unflatten(['self', 'stagger', 'fanout', 'chain'])", "correlation_id": "-", "session_id": "-", "timestamp": "2025-08-19T08:20:19.151820+00:00"}
{"asctime": "2025-08-19 10:20:19,151", "levelname": "DEBUG", "name": "graphviz._tools", "message": "deprecate positional args: graphviz.graphs.BaseGraph.__init__(['name', 'comment', 'filename', 'directory', 'format', 'engine', 'encoding', 'graph_attr', 'node_attr', 'edge_attr', 'body', 'strict'])", "correlation_id": "-", "session_id": "-", "timestamp": "2025-08-19T08:20:19.151917+00:00"}
{"asctime": "2025-08-19 10:20:19,152", "levelname": "DEBUG", "name": "graphviz._tools", "message": "deprecate positional args: graphviz.sources.Source.from_file(['filename', 'directory', 'format', 'engine', 'encoding', 'renderer', 'formatter'])", "correlation_id": "-", "session_id": "-", "timestamp": "2025-08-19T08:20:19.152265+00:00"}
{"asctime": "2025-08-19 10:20:19,152", "levelname": "DEBUG", "name": "graphviz._tools", "message": "deprecate positional args: graphviz.sources.Source.__init__(['source', 'filename', 'directory', 'format', 'engine', 'encoding'])", "correlation_id": "-", "session_id": "-", "timestamp": "2025-08-19T08:20:19.152350+00:00"}
{"asctime": "2025-08-19 10:20:19,152", "levelname": "DEBUG", "name": "graphviz._tools", "message": "deprecate positional args: graphviz.sources.Source.save(['filename', 'directory'])", "correlation_id": "-", "session_id": "-", "timestamp": "2025-08-19T08:20:19.152408+00:00"}
{"asctime": "2025-08-19 10:20:19,861", "levelname": "DEBUG", "name": "matplotlib", "message": "CACHEDIR=/Users/remyroche/.matplotlib", "correlation_id": "-", "session_id": "-", "timestamp": "2025-08-19T08:20:19.861831+00:00"}
{"asctime": "2025-08-19 10:20:19,864", "levelname": "DEBUG", "name": "matplotlib.font_manager", "message": "Using fontManager instance from /Users/remyroche/.matplotlib/fontlist-v390.json", "correlation_id": "-", "session_id": "-", "timestamp": "2025-08-19T08:20:19.864084+00:00"}
{"asctime": "2025-08-19 10:20:20,379", "levelname": "ERROR", "name": "AresGlobal.StepOrchestrator", "message": "Failed to setup enhanced training manager: name 'handle_type_conversions' is not defined", "correlation_id": "-", "session_id": "-", "exc_info": "Traceback (most recent call last):\n  File \"/Users/remyroche/Documents/Ares/src/training/step_orchestrator.py\", line 74, in _setup_enhanced_training_manager\n    from src.training.enhanced_training_manager import (\n  File \"/Users/remyroche/Documents/Ares/src/training/enhanced_training_manager.py\", line 41, in <module>\n    from src.training.steps.raw_data_quality_checker import auto_fix_data_quality_issues\n  File \"/Users/remyroche/Documents/Ares/src/training/steps/__init__.py\", line 20, in <module>\n    from .step3_hmm_regime_discovery import HMMRegimeDiscoveryStep\n  File \"/Users/remyroche/Documents/Ares/src/training/steps/step3_hmm_regime_discovery.py\", line 1259, in <module>\n    @handle_type_conversions(default_return=np.array([]))\n     ^^^^^^^^^^^^^^^^^^^^^^^\nNameError: name 'handle_type_conversions' is not defined", "timestamp": "2025-08-19T08:20:20.379197+00:00"}
{"asctime": "2025-08-19 10:20:20,414", "levelname": "INFO", "name": "AresGlobal.StepOrchestrator", "message": "\u001b[91m\u001b[1m❌\u001b[0m \u001b[91m\u001b[1mFailed to setup enhanced training manager: name 'handle_type_conversions' is not defined\u001b[0m", "correlation_id": "-", "session_id": "-", "timestamp": "2025-08-19T08:20:20.414669+00:00"}
{"asctime": "2025-08-19 10:20:20,415", "levelname": "ERROR", "name": "AresGlobal.AresLauncher", "message": "❌ Step-based training pipeline failed", "correlation_id": "-", "session_id": "-", "timestamp": "2025-08-19T08:20:20.415130+00:00"}
{"asctime": "2025-08-19 10:20:20,415", "levelname": "INFO", "name": "AresSystem", "message": "================================================================================", "correlation_id": "-", "session_id": "-", "timestamp": "2025-08-19T08:20:20.415254+00:00"}
{"asctime": "2025-08-19 10:20:20,415", "levelname": "INFO", "name": "AresGlobal", "message": "[SYSTEM] ================================================================================", "correlation_id": "-", "session_id": "-", "timestamp": "2025-08-19T08:20:20.415350+00:00"}
{"asctime": "2025-08-19 10:20:20,415", "levelname": "INFO", "name": "AresSystem", "message": "🛑 ARES LAUNCHER ENDED - Exit code: 1", "correlation_id": "-", "session_id": "-", "timestamp": "2025-08-19T08:20:20.415434+00:00"}
{"asctime": "2025-08-19 10:20:20,415", "levelname": "INFO", "name": "AresGlobal", "message": "[SYSTEM] 🛑 ARES LAUNCHER ENDED - Exit code: 1", "correlation_id": "-", "session_id": "-", "timestamp": "2025-08-19T08:20:20.415526+00:00"}
{"asctime": "2025-08-19 10:20:20,415", "levelname": "INFO", "name": "AresSystem", "message": "End time: 2025-08-19 10:20:20", "correlation_id": "-", "session_id": "-", "timestamp": "2025-08-19T08:20:20.415624+00:00"}
{"asctime": "2025-08-19 10:20:20,415", "levelname": "INFO", "name": "AresGlobal", "message": "[SYSTEM] End time: 2025-08-19 10:20:20", "correlation_id": "-", "session_id": "-", "timestamp": "2025-08-19T08:20:20.415815+00:00"}
{"asctime": "2025-08-19 10:20:20,415", "levelname": "INFO", "name": "AresSystem", "message": "================================================================================", "correlation_id": "-", "session_id": "-", "timestamp": "2025-08-19T08:20:20.415924+00:00"}
{"asctime": "2025-08-19 10:20:20,416", "levelname": "INFO", "name": "AresGlobal", "message": "[SYSTEM] ================================================================================", "correlation_id": "-", "session_id": "-", "timestamp": "2025-08-19T08:20:20.416019+00:00"}
{"asctime": "2025-08-19 10:20:20,416", "levelname": "INFO", "name": "AresGlobal.AresLauncher", "message": "🧹 Cleaning up processes...", "correlation_id": "-", "session_id": "-", "timestamp": "2025-08-19T08:20:20.416109+00:00"}
{"asctime": "2025-08-19 10:20:20,416", "levelname": "INFO", "name": "AresGlobal.AresLauncher", "message": "✅ Cleanup completed", "correlation_id": "-", "session_id": "-", "timestamp": "2025-08-19T08:20:20.416205+00:00"}
