{"asctime": "2025-08-20 18:19:37,725", "levelname": "INFO", "name": "AresGlobal", "message": "================================================================================", "correlation_id": "-", "session_id": "-", "timestamp": "2025-08-20T16:19:37.725345+00:00"}
{"asctime": "2025-08-20 18:19:37,725", "levelname": "INFO", "name": "AresGlobal", "message": "📊 SESSION SUMMARY", "correlation_id": "-", "session_id": "-", "timestamp": "2025-08-20T16:19:37.725905+00:00"}
{"asctime": "2025-08-20 18:19:37,726", "levelname": "INFO", "name": "AresGlobal", "message": "Session started: 2025-08-20 18:19:37", "correlation_id": "-", "session_id": "-", "timestamp": "2025-08-20T16:19:37.726499+00:00"}
{"asctime": "2025-08-20 18:19:37,726", "levelname": "INFO", "name": "AresGlobal", "message": "This file contains ALL logs for this session", "correlation_id": "-", "session_id": "-", "timestamp": "2025-08-20T16:19:37.726753+00:00"}
{"asctime": "2025-08-20 18:19:37,727", "levelname": "INFO", "name": "AresGlobal", "message": "================================================================================", "correlation_id": "-", "session_id": "-", "timestamp": "2025-08-20T16:19:37.727215+00:00"}
{"asctime": "2025-08-20 18:19:37,728", "levelname": "INFO", "name": "AresGlobal", "message": "[SYSTEM] ================================================================================", "correlation_id": "-", "session_id": "-", "timestamp": "2025-08-20T16:19:37.728850+00:00"}
{"asctime": "2025-08-20 18:19:37,729", "levelname": "INFO", "name": "AresGlobal", "message": "[SYSTEM] 🚀 ARES LAUNCHER STARTED - Mode: INITIALIZATION", "correlation_id": "-", "session_id": "-", "timestamp": "2025-08-20T16:19:37.729555+00:00"}
{"asctime": "2025-08-20 18:19:37,730", "levelname": "INFO", "name": "AresGlobal", "message": "[SYSTEM] Start time: 2025-08-20 18:19:37", "correlation_id": "-", "session_id": "-", "timestamp": "2025-08-20T16:19:37.730135+00:00"}
{"asctime": "2025-08-20 18:19:37,731", "levelname": "INFO", "name": "AresGlobal", "message": "[SYSTEM] Log directory: log", "correlation_id": "-", "session_id": "-", "timestamp": "2025-08-20T16:19:37.731236+00:00"}
{"asctime": "2025-08-20 18:19:37,731", "levelname": "INFO", "name": "AresGlobal", "message": "[SYSTEM] ================================================================================", "correlation_id": "-", "session_id": "-", "timestamp": "2025-08-20T16:19:37.731837+00:00"}
{"asctime": "2025-08-20 18:19:37,732", "levelname": "INFO", "name": "AresGlobal.AresLauncher", "message": "================================================================================", "correlation_id": "-", "session_id": "-", "timestamp": "2025-08-20T16:19:37.732019+00:00"}
{"asctime": "2025-08-20 18:19:37,732", "levelname": "INFO", "name": "AresGlobal.AresLauncher", "message": "🚀 ARES COMPREHENSIVE LAUNCHER", "correlation_id": "-", "session_id": "-", "timestamp": "2025-08-20T16:19:37.732357+00:00"}
{"asctime": "2025-08-20 18:19:37,732", "levelname": "INFO", "name": "AresGlobal.AresLauncher", "message": "================================================================================", "correlation_id": "-", "session_id": "-", "timestamp": "2025-08-20T16:19:37.732556+00:00"}
{"asctime": "2025-08-20 18:19:37,732", "levelname": "INFO", "name": "AresGlobal.AresLauncher", "message": "Start time: 2025-08-20 18:19:37", "correlation_id": "-", "session_id": "-", "timestamp": "2025-08-20T16:19:37.732722+00:00"}
{"asctime": "2025-08-20 18:19:37,732", "levelname": "INFO", "name": "AresGlobal.AresLauncher", "message": "Log directory: log", "correlation_id": "-", "session_id": "-", "timestamp": "2025-08-20T16:19:37.732877+00:00"}
{"asctime": "2025-08-20 18:19:37,733", "levelname": "INFO", "name": "AresGlobal.AresLauncher", "message": "Log level: INFO", "correlation_id": "-", "session_id": "-", "timestamp": "2025-08-20T16:19:37.733090+00:00"}
{"asctime": "2025-08-20 18:19:37,733", "levelname": "INFO", "name": "AresGlobal.AresLauncher", "message": "Global log file: ares_global_20250820_181937.log", "correlation_id": "-", "session_id": "-", "timestamp": "2025-08-20T16:19:37.733653+00:00"}
{"asctime": "2025-08-20 18:19:37,734", "levelname": "INFO", "name": "AresGlobal.AresLauncher", "message": "Full run log: log/ares_full_20250820_181937.log", "correlation_id": "-", "session_id": "-", "timestamp": "2025-08-20T16:19:37.734085+00:00"}
{"asctime": "2025-08-20 18:19:37,734", "levelname": "INFO", "name": "AresGlobal.AresLauncher", "message": "Trades log: log/ares_trades_20250820_181937.log", "correlation_id": "-", "session_id": "-", "timestamp": "2025-08-20T16:19:37.734737+00:00"}
{"asctime": "2025-08-20 18:19:37,735", "levelname": "INFO", "name": "AresGlobal.AresLauncher", "message": "Backtest log: log/ares_backtest_20250820_181937.log", "correlation_id": "-", "session_id": "-", "timestamp": "2025-08-20T16:19:37.735226+00:00"}
{"asctime": "2025-08-20 18:19:37,735", "levelname": "INFO", "name": "AresGlobal.AresLauncher", "message": "================================================================================", "correlation_id": "-", "session_id": "-", "timestamp": "2025-08-20T16:19:37.735510+00:00"}
{"asctime": "2025-08-20 18:19:37,736", "levelname": "INFO", "name": "AresGlobal", "message": "[SYSTEM] ================================================================================", "correlation_id": "-", "session_id": "-", "timestamp": "2025-08-20T16:19:37.736000+00:00"}
{"asctime": "2025-08-20 18:19:37,736", "levelname": "INFO", "name": "AresGlobal", "message": "[SYSTEM] 🚀 ARES LAUNCHER STARTED - Mode: blank - Symbol: ETHUSDT - Exchange: BINANCE", "correlation_id": "-", "session_id": "-", "timestamp": "2025-08-20T16:19:37.736529+00:00"}
{"asctime": "2025-08-20 18:19:37,737", "levelname": "INFO", "name": "AresGlobal", "message": "[SYSTEM] Start time: 2025-08-20 18:19:37", "correlation_id": "-", "session_id": "-", "timestamp": "2025-08-20T16:19:37.737087+00:00"}
{"asctime": "2025-08-20 18:19:37,737", "levelname": "INFO", "name": "AresGlobal", "message": "[SYSTEM] Log directory: log", "correlation_id": "-", "session_id": "-", "timestamp": "2025-08-20T16:19:37.737390+00:00"}
{"asctime": "2025-08-20 18:19:37,737", "levelname": "INFO", "name": "AresGlobal", "message": "[SYSTEM] ================================================================================", "correlation_id": "-", "session_id": "-", "timestamp": "2025-08-20T16:19:37.737658+00:00"}
{"asctime": "2025-08-20 18:19:37,738", "levelname": "INFO", "name": "AresGlobal.AresLauncher", "message": "🚀 Running enhanced 16-step training pipeline for ETHUSDT on BINANCE", "correlation_id": "-", "session_id": "-", "timestamp": "2025-08-20T16:19:37.738013+00:00"}
{"asctime": "2025-08-20 18:19:37,738", "levelname": "INFO", "name": "AresGlobal.AresLauncher", "message": "Starting from step: step2_feature_engineering", "correlation_id": "-", "session_id": "-", "timestamp": "2025-08-20T16:19:37.738168+00:00"}
{"asctime": "2025-08-20 18:19:37,745", "levelname": "INFO", "name": "AresGlobal", "message": "[SYSTEM] ================================================================================", "correlation_id": "-", "session_id": "-", "timestamp": "2025-08-20T16:19:37.745328+00:00"}
{"asctime": "2025-08-20 18:19:37,746", "levelname": "INFO", "name": "AresGlobal", "message": "[SYSTEM] 🛑 ARES LAUNCHER ENDED - Exit code: 1", "correlation_id": "-", "session_id": "-", "timestamp": "2025-08-20T16:19:37.746014+00:00"}
{"asctime": "2025-08-20 18:19:37,746", "levelname": "INFO", "name": "AresGlobal", "message": "[SYSTEM] End time: 2025-08-20 18:19:37", "correlation_id": "-", "session_id": "-", "timestamp": "2025-08-20T16:19:37.746793+00:00"}
{"asctime": "2025-08-20 18:19:37,747", "levelname": "INFO", "name": "AresGlobal", "message": "[SYSTEM] ================================================================================", "correlation_id": "-", "session_id": "-", "timestamp": "2025-08-20T16:19:37.747109+00:00"}
{"asctime": "2025-08-20 18:19:37,747", "levelname": "INFO", "name": "AresGlobal.AresLauncher", "message": "🧹 Cleaning up processes...", "correlation_id": "-", "session_id": "-", "timestamp": "2025-08-20T16:19:37.747307+00:00"}
{"asctime": "2025-08-20 18:19:37,747", "levelname": "INFO", "name": "AresGlobal.AresLauncher", "message": "✅ Cleanup completed", "correlation_id": "-", "session_id": "-", "timestamp": "2025-08-20T16:19:37.747472+00:00"}
