{"asctime": "2025-08-19 17:11:34,996", "levelname": "INFO", "name": "AresGlobal", "message": "================================================================================", "correlation_id": "-", "session_id": "-", "timestamp": "2025-08-19T15:11:34.996071+00:00"}
{"asctime": "2025-08-19 17:11:34,996", "levelname": "INFO", "name": "AresGlobal", "message": "📊 SESSION SUMMARY", "correlation_id": "-", "session_id": "-", "timestamp": "2025-08-19T15:11:34.996199+00:00"}
{"asctime": "2025-08-19 17:11:34,996", "levelname": "INFO", "name": "AresGlobal", "message": "Session started: 2025-08-19 17:11:34", "correlation_id": "-", "session_id": "-", "timestamp": "2025-08-19T15:11:34.996295+00:00"}
{"asctime": "2025-08-19 17:11:34,996", "levelname": "INFO", "name": "AresGlobal", "message": "This file contains ALL logs for this session", "correlation_id": "-", "session_id": "-", "timestamp": "2025-08-19T15:11:34.996376+00:00"}
{"asctime": "2025-08-19 17:11:34,996", "levelname": "INFO", "name": "AresGlobal", "message": "================================================================================", "correlation_id": "-", "session_id": "-", "timestamp": "2025-08-19T15:11:34.996459+00:00"}
{"asctime": "2025-08-19 17:11:34,996", "levelname": "INFO", "name": "AresGlobal", "message": "[SYSTEM] ================================================================================", "correlation_id": "-", "session_id": "-", "timestamp": "2025-08-19T15:11:34.996674+00:00"}
{"asctime": "2025-08-19 17:11:34,996", "levelname": "INFO", "name": "AresGlobal", "message": "[SYSTEM] 🚀 ARES LAUNCHER STARTED - Mode: INITIALIZATION", "correlation_id": "-", "session_id": "-", "timestamp": "2025-08-19T15:11:34.996839+00:00"}
{"asctime": "2025-08-19 17:11:34,997", "levelname": "INFO", "name": "AresGlobal", "message": "[SYSTEM] Start time: 2025-08-19 17:11:34", "correlation_id": "-", "session_id": "-", "timestamp": "2025-08-19T15:11:34.997008+00:00"}
{"asctime": "2025-08-19 17:11:34,997", "levelname": "INFO", "name": "AresGlobal", "message": "[SYSTEM] Log directory: log", "correlation_id": "-", "session_id": "-", "timestamp": "2025-08-19T15:11:34.997161+00:00"}
{"asctime": "2025-08-19 17:11:34,997", "levelname": "INFO", "name": "AresGlobal", "message": "[SYSTEM] ================================================================================", "correlation_id": "-", "session_id": "-", "timestamp": "2025-08-19T15:11:34.997312+00:00"}
{"asctime": "2025-08-19 17:11:34,997", "levelname": "INFO", "name": "AresGlobal.AresLauncher", "message": "================================================================================", "correlation_id": "-", "session_id": "-", "timestamp": "2025-08-19T15:11:34.997389+00:00"}
{"asctime": "2025-08-19 17:11:34,997", "levelname": "INFO", "name": "AresGlobal.AresLauncher", "message": "🚀 ARES COMPREHENSIVE LAUNCHER", "correlation_id": "-", "session_id": "-", "timestamp": "2025-08-19T15:11:34.997465+00:00"}
{"asctime": "2025-08-19 17:11:34,997", "levelname": "INFO", "name": "AresGlobal.AresLauncher", "message": "================================================================================", "correlation_id": "-", "session_id": "-", "timestamp": "2025-08-19T15:11:34.997550+00:00"}
{"asctime": "2025-08-19 17:11:34,997", "levelname": "INFO", "name": "AresGlobal.AresLauncher", "message": "Start time: 2025-08-19 17:11:34", "correlation_id": "-", "session_id": "-", "timestamp": "2025-08-19T15:11:34.997631+00:00"}
{"asctime": "2025-08-19 17:11:34,997", "levelname": "INFO", "name": "AresGlobal.AresLauncher", "message": "Log directory: log", "correlation_id": "-", "session_id": "-", "timestamp": "2025-08-19T15:11:34.997708+00:00"}
{"asctime": "2025-08-19 17:11:34,997", "levelname": "INFO", "name": "AresGlobal.AresLauncher", "message": "Log level: INFO", "correlation_id": "-", "session_id": "-", "timestamp": "2025-08-19T15:11:34.997786+00:00"}
{"asctime": "2025-08-19 17:11:34,997", "levelname": "INFO", "name": "AresGlobal.AresLauncher", "message": "Global log file: ares_global_20250819_171134.log", "correlation_id": "-", "session_id": "-", "timestamp": "2025-08-19T15:11:34.997865+00:00"}
{"asctime": "2025-08-19 17:11:34,997", "levelname": "INFO", "name": "AresGlobal.AresLauncher", "message": "Full run log: log/ares_full_20250819_171134.log", "correlation_id": "-", "session_id": "-", "timestamp": "2025-08-19T15:11:34.997947+00:00"}
{"asctime": "2025-08-19 17:11:34,998", "levelname": "INFO", "name": "AresGlobal.AresLauncher", "message": "Trades log: log/ares_trades_20250819_171134.log", "correlation_id": "-", "session_id": "-", "timestamp": "2025-08-19T15:11:34.998022+00:00"}
{"asctime": "2025-08-19 17:11:34,998", "levelname": "INFO", "name": "AresGlobal.AresLauncher", "message": "Backtest log: log/ares_backtest_20250819_171134.log", "correlation_id": "-", "session_id": "-", "timestamp": "2025-08-19T15:11:34.998094+00:00"}
{"asctime": "2025-08-19 17:11:34,998", "levelname": "INFO", "name": "AresGlobal.AresLauncher", "message": "================================================================================", "correlation_id": "-", "session_id": "-", "timestamp": "2025-08-19T15:11:34.998165+00:00"}
{"asctime": "2025-08-19 17:11:34,998", "levelname": "INFO", "name": "AresGlobal", "message": "[SYSTEM] ================================================================================", "correlation_id": "-", "session_id": "-", "timestamp": "2025-08-19T15:11:34.998389+00:00"}
{"asctime": "2025-08-19 17:11:34,998", "levelname": "INFO", "name": "AresGlobal", "message": "[SYSTEM] 🚀 ARES LAUNCHER STARTED - Mode: blank - Symbol: ETHUSDT - Exchange: BINANCE", "correlation_id": "-", "session_id": "-", "timestamp": "2025-08-19T15:11:34.998546+00:00"}
{"asctime": "2025-08-19 17:11:34,998", "levelname": "INFO", "name": "AresGlobal", "message": "[SYSTEM] Start time: 2025-08-19 17:11:34", "correlation_id": "-", "session_id": "-", "timestamp": "2025-08-19T15:11:34.998705+00:00"}
{"asctime": "2025-08-19 17:11:34,998", "levelname": "INFO", "name": "AresGlobal", "message": "[SYSTEM] Log directory: log", "correlation_id": "-", "session_id": "-", "timestamp": "2025-08-19T15:11:34.998855+00:00"}
{"asctime": "2025-08-19 17:11:34,998", "levelname": "INFO", "name": "AresGlobal", "message": "[SYSTEM] ================================================================================", "correlation_id": "-", "session_id": "-", "timestamp": "2025-08-19T15:11:34.998999+00:00"}
{"asctime": "2025-08-19 17:11:34,999", "levelname": "INFO", "name": "AresGlobal.AresLauncher", "message": "🚀 Running enhanced 16-step training pipeline for ETHUSDT on BINANCE", "correlation_id": "-", "session_id": "-", "timestamp": "2025-08-19T15:11:34.999080+00:00"}
{"asctime": "2025-08-19 17:11:34,999", "levelname": "INFO", "name": "AresGlobal.AresLauncher", "message": "Starting from step: step2_5_enhanced_matrix_operations", "correlation_id": "-", "session_id": "-", "timestamp": "2025-08-19T15:11:34.999160+00:00"}
{"asctime": "2025-08-19 17:11:35,000", "levelname": "INFO", "name": "AresGlobal.AresLauncher", "message": "🧪 BLANK TRAINING MODE: Set BLANK_TRAINING_MODE=1 for step-based training", "correlation_id": "-", "session_id": "-", "timestamp": "2025-08-19T15:11:35.000255+00:00"}
{"asctime": "2025-08-19 17:11:35,000", "levelname": "INFO", "name": "AresGlobal.ProgressManager", "message": "Initialized ProgressManager for ETHUSDT on BINANCE", "correlation_id": "-", "session_id": "-", "timestamp": "2025-08-19T15:11:35.000388+00:00"}
{"asctime": "2025-08-19 17:11:35,000", "levelname": "INFO", "name": "AresGlobal.ProgressManager", "message": "Progress directory: data/training/progress/BINANCE_ETHUSDT", "correlation_id": "-", "session_id": "-", "timestamp": "2025-08-19T15:11:35.000468+00:00"}
{"asctime": "2025-08-19 17:11:35,000", "levelname": "INFO", "name": "AresGlobal.StepOrchestrator", "message": "Initialized StepOrchestrator for ETHUSDT on BINANCE", "correlation_id": "-", "session_id": "-", "timestamp": "2025-08-19T15:11:35.000544+00:00"}
{"asctime": "2025-08-19 17:11:35,000", "levelname": "INFO", "name": "AresGlobal.ProgressManager", "message": "🗑️  Cleared progress for step2_5_enhanced_matrix_operations", "correlation_id": "-", "session_id": "-", "timestamp": "2025-08-19T15:11:35.000751+00:00"}
{"asctime": "2025-08-19 17:11:35,000", "levelname": "INFO", "name": "AresGlobal.AresLauncher", "message": "🧹 Cleared progress for 'step2_5_enhanced_matrix_operations' (force)", "correlation_id": "-", "session_id": "-", "timestamp": "2025-08-19T15:11:35.000865+00:00"}
{"asctime": "2025-08-19 17:11:35,000", "levelname": "INFO", "name": "AresGlobal.ProgressManager", "message": "🗑️  Cleared progress for step3_hmm_regime_discovery", "correlation_id": "-", "session_id": "-", "timestamp": "2025-08-19T15:11:35.000987+00:00"}
{"asctime": "2025-08-19 17:11:35,001", "levelname": "INFO", "name": "AresGlobal.AresLauncher", "message": "🧹 Cleared progress for 'step3_hmm_regime_discovery' (force)", "correlation_id": "-", "session_id": "-", "timestamp": "2025-08-19T15:11:35.001074+00:00"}
{"asctime": "2025-08-19 17:11:35,001", "levelname": "INFO", "name": "AresGlobal.ProgressManager", "message": "🗑️  Cleared progress for step4_processing_labeling", "correlation_id": "-", "session_id": "-", "timestamp": "2025-08-19T15:11:35.001177+00:00"}
{"asctime": "2025-08-19 17:11:35,001", "levelname": "INFO", "name": "AresGlobal.AresLauncher", "message": "🧹 Cleared progress for 'step4_processing_labeling' (force)", "correlation_id": "-", "session_id": "-", "timestamp": "2025-08-19T15:11:35.001258+00:00"}
{"asctime": "2025-08-19 17:11:35,001", "levelname": "INFO", "name": "AresGlobal.ProgressManager", "message": "🗑️  Cleared progress for step5_regime_data_splitting", "correlation_id": "-", "session_id": "-", "timestamp": "2025-08-19T15:11:35.001355+00:00"}
{"asctime": "2025-08-19 17:11:35,001", "levelname": "INFO", "name": "AresGlobal.AresLauncher", "message": "🧹 Cleared progress for 'step5_regime_data_splitting' (force)", "correlation_id": "-", "session_id": "-", "timestamp": "2025-08-19T15:11:35.001437+00:00"}
{"asctime": "2025-08-19 17:11:35,001", "levelname": "INFO", "name": "AresGlobal.ProgressManager", "message": "🗑️  Cleared progress for step6_hmm_based_training", "correlation_id": "-", "session_id": "-", "timestamp": "2025-08-19T15:11:35.001531+00:00"}
{"asctime": "2025-08-19 17:11:35,001", "levelname": "INFO", "name": "AresGlobal.AresLauncher", "message": "🧹 Cleared progress for 'step6_hmm_based_training' (force)", "correlation_id": "-", "session_id": "-", "timestamp": "2025-08-19T15:11:35.001606+00:00"}
{"asctime": "2025-08-19 17:11:35,001", "levelname": "INFO", "name": "AresGlobal.ProgressManager", "message": "🗑️  Cleared progress for step6_5_unified_regime_intelligence", "correlation_id": "-", "session_id": "-", "timestamp": "2025-08-19T15:11:35.001698+00:00"}
{"asctime": "2025-08-19 17:11:35,001", "levelname": "INFO", "name": "AresGlobal.AresLauncher", "message": "🧹 Cleared progress for 'step6_5_unified_regime_intelligence' (force)", "correlation_id": "-", "session_id": "-", "timestamp": "2025-08-19T15:11:35.001775+00:00"}
{"asctime": "2025-08-19 17:11:35,001", "levelname": "INFO", "name": "AresGlobal.ProgressManager", "message": "🗑️  Cleared progress for step7_analyst_enhancement", "correlation_id": "-", "session_id": "-", "timestamp": "2025-08-19T15:11:35.001869+00:00"}
{"asctime": "2025-08-19 17:11:35,001", "levelname": "INFO", "name": "AresGlobal.AresLauncher", "message": "🧹 Cleared progress for 'step7_analyst_enhancement' (force)", "correlation_id": "-", "session_id": "-", "timestamp": "2025-08-19T15:11:35.001945+00:00"}
{"asctime": "2025-08-19 17:11:35,002", "levelname": "INFO", "name": "AresGlobal.ProgressManager", "message": "🗑️  Cleared progress for step8_tactician_labeling", "correlation_id": "-", "session_id": "-", "timestamp": "2025-08-19T15:11:35.002037+00:00"}
{"asctime": "2025-08-19 17:11:35,002", "levelname": "INFO", "name": "AresGlobal.AresLauncher", "message": "🧹 Cleared progress for 'step8_tactician_labeling' (force)", "correlation_id": "-", "session_id": "-", "timestamp": "2025-08-19T15:11:35.002117+00:00"}
{"asctime": "2025-08-19 17:11:35,002", "levelname": "INFO", "name": "AresGlobal.ProgressManager", "message": "🗑️  Cleared progress for step9_tactician_specialist_training", "correlation_id": "-", "session_id": "-", "timestamp": "2025-08-19T15:11:35.002210+00:00"}
{"asctime": "2025-08-19 17:11:35,002", "levelname": "INFO", "name": "AresGlobal.AresLauncher", "message": "🧹 Cleared progress for 'step9_tactician_specialist_training' (force)", "correlation_id": "-", "session_id": "-", "timestamp": "2025-08-19T15:11:35.002291+00:00"}
{"asctime": "2025-08-19 17:11:35,002", "levelname": "INFO", "name": "AresGlobal.ProgressManager", "message": "🗑️  Cleared progress for step10_confidence_calibration", "correlation_id": "-", "session_id": "-", "timestamp": "2025-08-19T15:11:35.002383+00:00"}
{"asctime": "2025-08-19 17:11:35,002", "levelname": "INFO", "name": "AresGlobal.AresLauncher", "message": "🧹 Cleared progress for 'step10_confidence_calibration' (force)", "correlation_id": "-", "session_id": "-", "timestamp": "2025-08-19T15:11:35.002459+00:00"}
{"asctime": "2025-08-19 17:11:35,002", "levelname": "INFO", "name": "AresGlobal.ProgressManager", "message": "🗑️  Cleared progress for step11_final_parameters_optimization", "correlation_id": "-", "session_id": "-", "timestamp": "2025-08-19T15:11:35.002550+00:00"}
{"asctime": "2025-08-19 17:11:35,002", "levelname": "INFO", "name": "AresGlobal.AresLauncher", "message": "🧹 Cleared progress for 'step11_final_parameters_optimization' (force)", "correlation_id": "-", "session_id": "-", "timestamp": "2025-08-19T15:11:35.002627+00:00"}
{"asctime": "2025-08-19 17:11:35,002", "levelname": "INFO", "name": "AresGlobal.ProgressManager", "message": "🗑️  Cleared progress for step12_walk_forward_validation", "correlation_id": "-", "session_id": "-", "timestamp": "2025-08-19T15:11:35.002723+00:00"}
{"asctime": "2025-08-19 17:11:35,002", "levelname": "INFO", "name": "AresGlobal.AresLauncher", "message": "🧹 Cleared progress for 'step12_walk_forward_validation' (force)", "correlation_id": "-", "session_id": "-", "timestamp": "2025-08-19T15:11:35.002798+00:00"}
{"asctime": "2025-08-19 17:11:35,002", "levelname": "INFO", "name": "AresGlobal.ProgressManager", "message": "🗑️  Cleared progress for step13_monte_carlo_validation", "correlation_id": "-", "session_id": "-", "timestamp": "2025-08-19T15:11:35.002890+00:00"}
{"asctime": "2025-08-19 17:11:35,002", "levelname": "INFO", "name": "AresGlobal.AresLauncher", "message": "🧹 Cleared progress for 'step13_monte_carlo_validation' (force)", "correlation_id": "-", "session_id": "-", "timestamp": "2025-08-19T15:11:35.002965+00:00"}
{"asctime": "2025-08-19 17:11:35,003", "levelname": "INFO", "name": "AresGlobal.ProgressManager", "message": "🗑️  Cleared progress for step14_ab_testing", "correlation_id": "-", "session_id": "-", "timestamp": "2025-08-19T15:11:35.003257+00:00"}
{"asctime": "2025-08-19 17:11:35,003", "levelname": "INFO", "name": "AresGlobal.AresLauncher", "message": "🧹 Cleared progress for 'step14_ab_testing' (force)", "correlation_id": "-", "session_id": "-", "timestamp": "2025-08-19T15:11:35.003367+00:00"}
{"asctime": "2025-08-19 17:11:35,003", "levelname": "INFO", "name": "AresGlobal.ProgressManager", "message": "🗑️  Cleared progress for step15_saving", "correlation_id": "-", "session_id": "-", "timestamp": "2025-08-19T15:11:35.003478+00:00"}
{"asctime": "2025-08-19 17:11:35,003", "levelname": "INFO", "name": "AresGlobal.AresLauncher", "message": "🧹 Cleared progress for 'step15_saving' (force)", "correlation_id": "-", "session_id": "-", "timestamp": "2025-08-19T15:11:35.003564+00:00"}
{"asctime": "2025-08-19 17:11:35,003", "levelname": "INFO", "name": "AresGlobal.AresLauncher", "message": "✅ Cleared progress for 15 steps: ['step2_5_enhanced_matrix_operations', 'step3_hmm_regime_discovery', 'step4_processing_labeling', 'step5_regime_data_splitting', 'step6_hmm_based_training', 'step6_5_unified_regime_intelligence', 'step7_analyst_enhancement', 'step8_tactician_labeling', 'step9_tactician_specialist_training', 'step10_confidence_calibration', 'step11_final_parameters_optimization', 'step12_walk_forward_validation', 'step13_monte_carlo_validation', 'step14_ab_testing', 'step15_saving']", "correlation_id": "-", "session_id": "-", "timestamp": "2025-08-19T15:11:35.003650+00:00"}
{"asctime": "2025-08-19 17:11:35,003", "levelname": "INFO", "name": "AresGlobal.AresLauncher", "message": "🗑️  Cleared checkpoint: checkpoints/BINANCE/ETHUSDT/1m/training_progress.json", "correlation_id": "-", "session_id": "-", "timestamp": "2025-08-19T15:11:35.003877+00:00"}
{"asctime": "2025-08-19 17:11:35,004", "levelname": "INFO", "name": "AresGlobal.StepOrchestrator", "message": "🚀 Starting execution from step: step2_5_enhanced_matrix_operations", "correlation_id": "-", "session_id": "-", "timestamp": "2025-08-19T15:11:35.004309+00:00"}
{"asctime": "2025-08-19 17:11:44,633", "levelname": "INFO", "name": "AresGlobal.M1GPUAcceleration", "message": "✅ MPS (Metal Performance Shaders) available and enabled", "correlation_id": "-", "session_id": "-", "timestamp": "2025-08-19T15:11:44.633926+00:00"}
{"asctime": "2025-08-19 17:11:44,639", "levelname": "INFO", "name": "AresGlobal.ComputationalOptimizationManager", "message": "Computational Optimization Manager initialized", "correlation_id": "-", "session_id": "-", "timestamp": "2025-08-19T15:11:44.639564+00:00"}
{"asctime": "2025-08-19 17:11:44,643", "levelname": "INFO", "name": "AresGlobal.StepOrchestrator", "message": "✅ Enhanced training manager setup successfully", "correlation_id": "-", "session_id": "-", "timestamp": "2025-08-19T15:11:44.643462+00:00"}
{"asctime": "2025-08-19 17:11:44,721", "levelname": "INFO", "name": "AresGlobal.EnhancedMatrixGPUIntegration", "message": "🚀 Starting Enhanced GPU Matrix Operations...", "correlation_id": "-", "session_id": "-", "timestamp": "2025-08-19T15:11:44.721444+00:00"}
{"asctime": "2025-08-19 17:11:44,721", "levelname": "INFO", "name": "AresGlobal.EnhancedMatrixGPUIntegration", "message": "📊 Applying GPU-accelerated matrix operations...", "correlation_id": "-", "session_id": "-", "timestamp": "2025-08-19T15:11:44.721675+00:00"}
{"asctime": "2025-08-19 17:11:44,721", "levelname": "INFO", "name": "AresGlobal.M1GPUAcceleration", "message": "🚀 GPU SVD Decomposition (MPS)", "correlation_id": "-", "session_id": "-", "timestamp": "2025-08-19T15:11:44.721833+00:00"}
{"asctime": "2025-08-19 17:11:44,742", "levelname": "INFO", "name": "AresGlobal.M1GPUAcceleration", "message": "✅ GPU SVD completed in 0.0204s", "correlation_id": "-", "session_id": "-", "timestamp": "2025-08-19T15:11:44.742229+00:00"}
{"asctime": "2025-08-19 17:11:44,743", "levelname": "INFO", "name": "AresGlobal.M1GPUAcceleration", "message": "🚀 GPU Eigenvalue Decomposition (MPS)", "correlation_id": "-", "session_id": "-", "timestamp": "2025-08-19T15:11:44.743078+00:00"}
{"asctime": "2025-08-19 17:11:44,743", "levelname": "ERROR", "name": "AresGlobal.M1GPUAcceleration", "message": "❌ GPU Eigenvalue Decomposition failed: 0-dimensional array given. Array must be at least two-dimensional", "correlation_id": "-", "session_id": "-", "exc_info": "Traceback (most recent call last):\n  File \"/Users/remyroche/Documents/Ares/src/training/gpu_acceleration_m1.py\", line 279, in gpu_eigenvalue_decomposition\n    return self._cpu_eigenvalue_decomposition(matrix)\n           ^^^^^^^^^^^^^^^^^^^^^^^^^^^^^^^^^^^^^^^^^^\n  File \"/Users/remyroche/Documents/Ares/src/training/gpu_acceleration_m1.py\", line 607, in _cpu_eigenvalue_decomposition\n    eigenvalues, eigenvectors = np.linalg.eigh(matrix)\n                                ^^^^^^^^^^^^^^^^^^^^^^\n  File \"/opt/homebrew/Caskroom/miniforge/base/lib/python3.12/site-packages/numpy/linalg/_linalg.py\", line 1634, in eigh\n    _assert_stacked_2d(a)\n  File \"/opt/homebrew/Caskroom/miniforge/base/lib/python3.12/site-packages/numpy/linalg/_linalg.py\", line 195, in _assert_stacked_2d\n    raise LinAlgError('%d-dimensional array given. Array must be '\nnumpy.linalg.LinAlgError: 0-dimensional array given. Array must be at least two-dimensional", "timestamp": "2025-08-19T15:11:44.743286+00:00"}
{"asctime": "2025-08-19 17:11:44,745", "levelname": "INFO", "name": "AresGlobal.M1GPUAcceleration", "message": "🔄 Falling back to CPU implementation", "correlation_id": "-", "session_id": "-", "timestamp": "2025-08-19T15:11:44.745562+00:00"}
{"asctime": "2025-08-19 17:11:44,745", "levelname": "ERROR", "name": "AresGlobal.EnhancedMatrixGPUIntegration", "message": "❌ Enhanced GPU Matrix Operations failed: cannot unpack non-iterable NoneType object", "correlation_id": "-", "session_id": "-", "exc_info": "Traceback (most recent call last):\n  File \"/Users/remyroche/Documents/Ares/src/training/enhanced_matrix_gpu_integration.py\", line 118, in enhanced_gpu_matrix_operations\n    eigenvalues, eigenvectors, eigen_metadata = (\n    ^^^^^^^^^^^^^^^^^^^^^^^^^^^^^^^^^^^^^^^^^\nTypeError: cannot unpack non-iterable NoneType object", "timestamp": "2025-08-19T15:11:44.745841+00:00"}
{"asctime": "2025-08-19 17:11:44,860", "levelname": "INFO", "name": "AresGlobal.Step3.HMMRegimeDiscovery", "message": "🚀 Step 3: HMM Regime Discovery — Critical for pipeline success", "correlation_id": "-", "session_id": "-", "timestamp": "2025-08-19T15:11:44.860792+00:00"}
{"asctime": "2025-08-19 17:11:44,860", "levelname": "INFO", "name": "AresGlobal.Step3.HMMRegimeDiscovery", "message": "📊 Loading data with 180 days lookback", "correlation_id": "-", "session_id": "-", "timestamp": "2025-08-19T15:11:44.860974+00:00"}
{"asctime": "2025-08-19 17:11:44,861", "levelname": "INFO", "name": "AresGlobal.DataSharingManager", "message": "🔄 Loading unified data for BINANCE_ETHUSDT_1m_180_unified...", "correlation_id": "-", "session_id": "-", "timestamp": "2025-08-19T15:11:44.861139+00:00"}
{"asctime": "2025-08-19 17:11:44,861", "levelname": "INFO", "name": "AresGlobal.UnifiedDataLoader", "message": "🔄 Loading unified data for ETHUSDT on BINANCE", "correlation_id": "-", "session_id": "-", "timestamp": "2025-08-19T15:11:44.861242+00:00"}
{"asctime": "2025-08-19 17:11:44,861", "levelname": "INFO", "name": "AresGlobal.UnifiedDataLoader", "message": "   Timeframe: 1m", "correlation_id": "-", "session_id": "-", "timestamp": "2025-08-19T15:11:44.861329+00:00"}
{"asctime": "2025-08-19 17:11:44,861", "levelname": "INFO", "name": "AresGlobal.UnifiedDataLoader", "message": "   Date range: 2025-02-20 to 2025-08-19", "correlation_id": "-", "session_id": "-", "timestamp": "2025-08-19T15:11:44.861442+00:00"}
{"asctime": "2025-08-19 17:11:44,861", "levelname": "INFO", "name": "AresGlobal.UnifiedDataLoader", "message": "   Streaming: True", "correlation_id": "-", "session_id": "-", "timestamp": "2025-08-19T15:11:44.861559+00:00"}
{"asctime": "2025-08-19 17:11:44,861", "levelname": "INFO", "name": "AresGlobal.UnifiedDataLoader", "message": "   ⚠️ Streaming disabled to avoid segmentation faults", "correlation_id": "-", "session_id": "-", "timestamp": "2025-08-19T15:11:44.861645+00:00"}
{"asctime": "2025-08-19 17:11:44,861", "levelname": "INFO", "name": "AresGlobal.UnifiedDataLoader", "message": "   📁 Found unified data cache, using optimized pyarrow loading", "correlation_id": "-", "session_id": "-", "timestamp": "2025-08-19T15:11:44.861784+00:00"}
{"asctime": "2025-08-19 17:11:44,861", "levelname": "INFO", "name": "AresGlobal.UnifiedDataLoader", "message": "🔧 Using optimized pyarrow loading...", "correlation_id": "-", "session_id": "-", "timestamp": "2025-08-19T15:11:44.861872+00:00"}
{"asctime": "2025-08-19 17:11:44,861", "levelname": "INFO", "name": "AresGlobal.UnifiedDataLoader", "message": "   ⚠️ PyArrow disabled to avoid segmentation faults", "correlation_id": "-", "session_id": "-", "timestamp": "2025-08-19T15:11:44.861952+00:00"}
{"asctime": "2025-08-19 17:11:44,862", "levelname": "INFO", "name": "AresGlobal.UnifiedDataLoader", "message": "🔧 Using memory-efficient streaming loading for 180 days...", "correlation_id": "-", "session_id": "-", "timestamp": "2025-08-19T15:11:44.862035+00:00"}
{"asctime": "2025-08-19 17:11:44,866", "levelname": "INFO", "name": "AresGlobal.UnifiedDataLoader", "message": "📁 Found 171 partition files", "correlation_id": "-", "session_id": "-", "timestamp": "2025-08-19T15:11:44.866790+00:00"}
{"asctime": "2025-08-19 17:11:45,306", "levelname": "INFO", "name": "AresGlobal.UnifiedDataLoader", "message": "   📄 Processing file 1/171: part-0.parquet", "correlation_id": "-", "session_id": "-", "timestamp": "2025-08-19T15:11:45.306549+00:00"}
{"asctime": "2025-08-19 17:11:45,545", "levelname": "INFO", "name": "AresGlobal.UnifiedDataLoader", "message": "   ✅ Loaded file 1: (1440, 19)", "correlation_id": "-", "session_id": "-", "timestamp": "2025-08-19T15:11:45.545082+00:00"}
{"asctime": "2025-08-19 17:11:45,548", "levelname": "INFO", "name": "AresGlobal.UnifiedDataLoader", "message": "   🔍 After date filtering: (408, 19)", "correlation_id": "-", "session_id": "-", "timestamp": "2025-08-19T15:11:45.548710+00:00"}
{"asctime": "2025-08-19 17:11:45,551", "levelname": "INFO", "name": "AresGlobal.UnifiedDataLoader", "message": "   📊 Total rows so far: 408", "correlation_id": "-", "session_id": "-", "timestamp": "2025-08-19T15:11:45.551952+00:00"}
{"asctime": "2025-08-19 17:11:47,402", "levelname": "INFO", "name": "AresGlobal.UnifiedDataLoader", "message": "   📄 Processing file 10/171: part-0.parquet", "correlation_id": "-", "session_id": "-", "timestamp": "2025-08-19T15:11:47.402868+00:00"}
{"asctime": "2025-08-19 17:11:47,407", "levelname": "INFO", "name": "AresGlobal.UnifiedDataLoader", "message": "   ✅ Loaded file 10: (1440, 19)", "correlation_id": "-", "session_id": "-", "timestamp": "2025-08-19T15:11:47.407239+00:00"}
{"asctime": "2025-08-19 17:11:47,408", "levelname": "INFO", "name": "AresGlobal.UnifiedDataLoader", "message": "   🔍 After date filtering: (1440, 19)", "correlation_id": "-", "session_id": "-", "timestamp": "2025-08-19T15:11:47.408174+00:00"}
{"asctime": "2025-08-19 17:11:47,413", "levelname": "INFO", "name": "AresGlobal.UnifiedDataLoader", "message": "   📊 Total rows so far: 13368", "correlation_id": "-", "session_id": "-", "timestamp": "2025-08-19T15:11:47.413732+00:00"}
{"asctime": "2025-08-19 17:11:49,432", "levelname": "INFO", "name": "AresGlobal.UnifiedDataLoader", "message": "   📄 Processing file 20/171: part-0.parquet", "correlation_id": "-", "session_id": "-", "timestamp": "2025-08-19T15:11:49.432501+00:00"}
{"asctime": "2025-08-19 17:11:49,436", "levelname": "INFO", "name": "AresGlobal.UnifiedDataLoader", "message": "   ✅ Loaded file 20: (1440, 19)", "correlation_id": "-", "session_id": "-", "timestamp": "2025-08-19T15:11:49.436401+00:00"}
{"asctime": "2025-08-19 17:11:49,437", "levelname": "INFO", "name": "AresGlobal.UnifiedDataLoader", "message": "   🔍 After date filtering: (1440, 19)", "correlation_id": "-", "session_id": "-", "timestamp": "2025-08-19T15:11:49.437046+00:00"}
{"asctime": "2025-08-19 17:11:49,441", "levelname": "INFO", "name": "AresGlobal.UnifiedDataLoader", "message": "   📊 Total rows so far: 27768", "correlation_id": "-", "session_id": "-", "timestamp": "2025-08-19T15:11:49.441785+00:00"}
{"asctime": "2025-08-19 17:11:51,455", "levelname": "INFO", "name": "AresGlobal.UnifiedDataLoader", "message": "   📄 Processing file 30/171: part-0.parquet", "correlation_id": "-", "session_id": "-", "timestamp": "2025-08-19T15:11:51.455325+00:00"}
{"asctime": "2025-08-19 17:11:51,458", "levelname": "INFO", "name": "AresGlobal.UnifiedDataLoader", "message": "   ✅ Loaded file 30: (1440, 19)", "correlation_id": "-", "session_id": "-", "timestamp": "2025-08-19T15:11:51.458818+00:00"}
{"asctime": "2025-08-19 17:11:51,459", "levelname": "INFO", "name": "AresGlobal.UnifiedDataLoader", "message": "   🔍 After date filtering: (1440, 19)", "correlation_id": "-", "session_id": "-", "timestamp": "2025-08-19T15:11:51.459496+00:00"}
{"asctime": "2025-08-19 17:11:51,464", "levelname": "INFO", "name": "AresGlobal.UnifiedDataLoader", "message": "   📊 Total rows so far: 42168", "correlation_id": "-", "session_id": "-", "timestamp": "2025-08-19T15:11:51.464455+00:00"}
{"asctime": "2025-08-19 17:11:53,601", "levelname": "INFO", "name": "AresGlobal.UnifiedDataLoader", "message": "   📄 Processing file 40/171: part-0.parquet", "correlation_id": "-", "session_id": "-", "timestamp": "2025-08-19T15:11:53.601008+00:00"}
{"asctime": "2025-08-19 17:11:53,604", "levelname": "INFO", "name": "AresGlobal.UnifiedDataLoader", "message": "   ✅ Loaded file 40: (1440, 19)", "correlation_id": "-", "session_id": "-", "timestamp": "2025-08-19T15:11:53.604335+00:00"}
{"asctime": "2025-08-19 17:11:53,605", "levelname": "INFO", "name": "AresGlobal.UnifiedDataLoader", "message": "   🔍 After date filtering: (1440, 19)", "correlation_id": "-", "session_id": "-", "timestamp": "2025-08-19T15:11:53.605090+00:00"}
{"asctime": "2025-08-19 17:11:53,609", "levelname": "INFO", "name": "AresGlobal.UnifiedDataLoader", "message": "   📊 Total rows so far: 56568", "correlation_id": "-", "session_id": "-", "timestamp": "2025-08-19T15:11:53.609891+00:00"}
{"asctime": "2025-08-19 17:11:55,760", "levelname": "INFO", "name": "AresGlobal.UnifiedDataLoader", "message": "   📄 Processing file 50/171: part-0.parquet", "correlation_id": "-", "session_id": "-", "timestamp": "2025-08-19T15:11:55.760299+00:00"}
{"asctime": "2025-08-19 17:11:55,763", "levelname": "INFO", "name": "AresGlobal.UnifiedDataLoader", "message": "   ✅ Loaded file 50: (1440, 19)", "correlation_id": "-", "session_id": "-", "timestamp": "2025-08-19T15:11:55.763630+00:00"}
{"asctime": "2025-08-19 17:11:55,764", "levelname": "INFO", "name": "AresGlobal.UnifiedDataLoader", "message": "   🔍 After date filtering: (1440, 19)", "correlation_id": "-", "session_id": "-", "timestamp": "2025-08-19T15:11:55.764275+00:00"}
{"asctime": "2025-08-19 17:11:55,769", "levelname": "INFO", "name": "AresGlobal.UnifiedDataLoader", "message": "   📊 Total rows so far: 70968", "correlation_id": "-", "session_id": "-", "timestamp": "2025-08-19T15:11:55.769100+00:00"}
{"asctime": "2025-08-19 17:11:57,925", "levelname": "INFO", "name": "AresGlobal.UnifiedDataLoader", "message": "   📄 Processing file 60/171: part-0.parquet", "correlation_id": "-", "session_id": "-", "timestamp": "2025-08-19T15:11:57.925956+00:00"}
{"asctime": "2025-08-19 17:11:57,928", "levelname": "INFO", "name": "AresGlobal.UnifiedDataLoader", "message": "   ✅ Loaded file 60: (1440, 19)", "correlation_id": "-", "session_id": "-", "timestamp": "2025-08-19T15:11:57.928920+00:00"}
{"asctime": "2025-08-19 17:11:57,929", "levelname": "INFO", "name": "AresGlobal.UnifiedDataLoader", "message": "   🔍 After date filtering: (1440, 19)", "correlation_id": "-", "session_id": "-", "timestamp": "2025-08-19T15:11:57.929586+00:00"}
{"asctime": "2025-08-19 17:11:57,934", "levelname": "INFO", "name": "AresGlobal.UnifiedDataLoader", "message": "   📊 Total rows so far: 85368", "correlation_id": "-", "session_id": "-", "timestamp": "2025-08-19T15:11:57.934380+00:00"}
{"asctime": "2025-08-19 17:12:00,201", "levelname": "INFO", "name": "AresGlobal.UnifiedDataLoader", "message": "   📄 Processing file 70/171: part-0.parquet", "correlation_id": "-", "session_id": "-", "timestamp": "2025-08-19T15:12:00.201104+00:00"}
{"asctime": "2025-08-19 17:12:00,204", "levelname": "INFO", "name": "AresGlobal.UnifiedDataLoader", "message": "   ✅ Loaded file 70: (1440, 19)", "correlation_id": "-", "session_id": "-", "timestamp": "2025-08-19T15:12:00.204979+00:00"}
{"asctime": "2025-08-19 17:12:00,205", "levelname": "INFO", "name": "AresGlobal.UnifiedDataLoader", "message": "   🔍 After date filtering: (1440, 19)", "correlation_id": "-", "session_id": "-", "timestamp": "2025-08-19T15:12:00.205666+00:00"}
{"asctime": "2025-08-19 17:12:00,211", "levelname": "INFO", "name": "AresGlobal.UnifiedDataLoader", "message": "   📊 Total rows so far: 99768", "correlation_id": "-", "session_id": "-", "timestamp": "2025-08-19T15:12:00.211099+00:00"}
{"asctime": "2025-08-19 17:12:02,667", "levelname": "INFO", "name": "AresGlobal.UnifiedDataLoader", "message": "   📄 Processing file 80/171: part-0.parquet", "correlation_id": "-", "session_id": "-", "timestamp": "2025-08-19T15:12:02.667017+00:00"}
{"asctime": "2025-08-19 17:12:02,670", "levelname": "INFO", "name": "AresGlobal.UnifiedDataLoader", "message": "   ✅ Loaded file 80: (1440, 19)", "correlation_id": "-", "session_id": "-", "timestamp": "2025-08-19T15:12:02.670910+00:00"}
{"asctime": "2025-08-19 17:12:02,671", "levelname": "INFO", "name": "AresGlobal.UnifiedDataLoader", "message": "   🔍 After date filtering: (1440, 19)", "correlation_id": "-", "session_id": "-", "timestamp": "2025-08-19T15:12:02.671736+00:00"}
{"asctime": "2025-08-19 17:12:02,676", "levelname": "INFO", "name": "AresGlobal.UnifiedDataLoader", "message": "   📊 Total rows so far: 114168", "correlation_id": "-", "session_id": "-", "timestamp": "2025-08-19T15:12:02.676477+00:00"}
{"asctime": "2025-08-19 17:12:05,060", "levelname": "INFO", "name": "AresGlobal.UnifiedDataLoader", "message": "   📄 Processing file 90/171: part-0.parquet", "correlation_id": "-", "session_id": "-", "timestamp": "2025-08-19T15:12:05.060968+00:00"}
{"asctime": "2025-08-19 17:12:05,063", "levelname": "INFO", "name": "AresGlobal.UnifiedDataLoader", "message": "   ✅ Loaded file 90: (1440, 19)", "correlation_id": "-", "session_id": "-", "timestamp": "2025-08-19T15:12:05.063906+00:00"}
{"asctime": "2025-08-19 17:12:05,064", "levelname": "INFO", "name": "AresGlobal.UnifiedDataLoader", "message": "   🔍 After date filtering: (1440, 19)", "correlation_id": "-", "session_id": "-", "timestamp": "2025-08-19T15:12:05.064607+00:00"}
{"asctime": "2025-08-19 17:12:05,069", "levelname": "INFO", "name": "AresGlobal.UnifiedDataLoader", "message": "   📊 Total rows so far: 128568", "correlation_id": "-", "session_id": "-", "timestamp": "2025-08-19T15:12:05.069605+00:00"}
{"asctime": "2025-08-19 17:12:07,446", "levelname": "INFO", "name": "AresGlobal.UnifiedDataLoader", "message": "   📄 Processing file 100/171: part-0.parquet", "correlation_id": "-", "session_id": "-", "timestamp": "2025-08-19T15:12:07.446556+00:00"}
{"asctime": "2025-08-19 17:12:07,450", "levelname": "INFO", "name": "AresGlobal.UnifiedDataLoader", "message": "   ✅ Loaded file 100: (1440, 19)", "correlation_id": "-", "session_id": "-", "timestamp": "2025-08-19T15:12:07.450404+00:00"}
{"asctime": "2025-08-19 17:12:07,451", "levelname": "INFO", "name": "AresGlobal.UnifiedDataLoader", "message": "   🔍 After date filtering: (1440, 19)", "correlation_id": "-", "session_id": "-", "timestamp": "2025-08-19T15:12:07.451067+00:00"}
{"asctime": "2025-08-19 17:12:07,455", "levelname": "INFO", "name": "AresGlobal.UnifiedDataLoader", "message": "   📊 Total rows so far: 142968", "correlation_id": "-", "session_id": "-", "timestamp": "2025-08-19T15:12:07.455684+00:00"}
{"asctime": "2025-08-19 17:12:09,842", "levelname": "INFO", "name": "AresGlobal.UnifiedDataLoader", "message": "   📄 Processing file 110/171: part-0.parquet", "correlation_id": "-", "session_id": "-", "timestamp": "2025-08-19T15:12:09.842530+00:00"}
{"asctime": "2025-08-19 17:12:09,846", "levelname": "INFO", "name": "AresGlobal.UnifiedDataLoader", "message": "   ✅ Loaded file 110: (1440, 19)", "correlation_id": "-", "session_id": "-", "timestamp": "2025-08-19T15:12:09.846139+00:00"}
{"asctime": "2025-08-19 17:12:09,846", "levelname": "INFO", "name": "AresGlobal.UnifiedDataLoader", "message": "   🔍 After date filtering: (1440, 19)", "correlation_id": "-", "session_id": "-", "timestamp": "2025-08-19T15:12:09.846867+00:00"}
{"asctime": "2025-08-19 17:12:09,851", "levelname": "INFO", "name": "AresGlobal.UnifiedDataLoader", "message": "   📊 Total rows so far: 157368", "correlation_id": "-", "session_id": "-", "timestamp": "2025-08-19T15:12:09.851495+00:00"}
{"asctime": "2025-08-19 17:12:12,288", "levelname": "INFO", "name": "AresGlobal.UnifiedDataLoader", "message": "   📄 Processing file 120/171: part-0.parquet", "correlation_id": "-", "session_id": "-", "timestamp": "2025-08-19T15:12:12.288809+00:00"}
{"asctime": "2025-08-19 17:12:12,292", "levelname": "INFO", "name": "AresGlobal.UnifiedDataLoader", "message": "   ✅ Loaded file 120: (1440, 19)", "correlation_id": "-", "session_id": "-", "timestamp": "2025-08-19T15:12:12.292038+00:00"}
{"asctime": "2025-08-19 17:12:12,292", "levelname": "INFO", "name": "AresGlobal.UnifiedDataLoader", "message": "   🔍 After date filtering: (1440, 19)", "correlation_id": "-", "session_id": "-", "timestamp": "2025-08-19T15:12:12.292699+00:00"}
{"asctime": "2025-08-19 17:12:12,297", "levelname": "INFO", "name": "AresGlobal.UnifiedDataLoader", "message": "   📊 Total rows so far: 171768", "correlation_id": "-", "session_id": "-", "timestamp": "2025-08-19T15:12:12.297511+00:00"}
{"asctime": "2025-08-19 17:12:14,790", "levelname": "INFO", "name": "AresGlobal.UnifiedDataLoader", "message": "   📄 Processing file 130/171: part-0.parquet", "correlation_id": "-", "session_id": "-", "timestamp": "2025-08-19T15:12:14.790047+00:00"}
{"asctime": "2025-08-19 17:12:14,793", "levelname": "INFO", "name": "AresGlobal.UnifiedDataLoader", "message": "   ✅ Loaded file 130: (1440, 19)", "correlation_id": "-", "session_id": "-", "timestamp": "2025-08-19T15:12:14.793163+00:00"}
{"asctime": "2025-08-19 17:12:14,793", "levelname": "INFO", "name": "AresGlobal.UnifiedDataLoader", "message": "   🔍 After date filtering: (1440, 19)", "correlation_id": "-", "session_id": "-", "timestamp": "2025-08-19T15:12:14.793841+00:00"}
{"asctime": "2025-08-19 17:12:14,798", "levelname": "INFO", "name": "AresGlobal.UnifiedDataLoader", "message": "   📊 Total rows so far: 186168", "correlation_id": "-", "session_id": "-", "timestamp": "2025-08-19T15:12:14.798668+00:00"}
{"asctime": "2025-08-19 17:12:17,352", "levelname": "INFO", "name": "AresGlobal.UnifiedDataLoader", "message": "   📄 Processing file 140/171: part-0.parquet", "correlation_id": "-", "session_id": "-", "timestamp": "2025-08-19T15:12:17.352312+00:00"}
{"asctime": "2025-08-19 17:12:17,355", "levelname": "INFO", "name": "AresGlobal.UnifiedDataLoader", "message": "   ✅ Loaded file 140: (1440, 19)", "correlation_id": "-", "session_id": "-", "timestamp": "2025-08-19T15:12:17.355734+00:00"}
{"asctime": "2025-08-19 17:12:17,356", "levelname": "INFO", "name": "AresGlobal.UnifiedDataLoader", "message": "   🔍 After date filtering: (1440, 19)", "correlation_id": "-", "session_id": "-", "timestamp": "2025-08-19T15:12:17.356424+00:00"}
{"asctime": "2025-08-19 17:12:17,361", "levelname": "INFO", "name": "AresGlobal.UnifiedDataLoader", "message": "   📊 Total rows so far: 200568", "correlation_id": "-", "session_id": "-", "timestamp": "2025-08-19T15:12:17.361258+00:00"}
{"asctime": "2025-08-19 17:12:20,038", "levelname": "INFO", "name": "AresGlobal.UnifiedDataLoader", "message": "   📄 Processing file 150/171: part-0.parquet", "correlation_id": "-", "session_id": "-", "timestamp": "2025-08-19T15:12:20.038966+00:00"}
{"asctime": "2025-08-19 17:12:20,042", "levelname": "INFO", "name": "AresGlobal.UnifiedDataLoader", "message": "   ✅ Loaded file 150: (1440, 19)", "correlation_id": "-", "session_id": "-", "timestamp": "2025-08-19T15:12:20.042481+00:00"}
{"asctime": "2025-08-19 17:12:20,043", "levelname": "INFO", "name": "AresGlobal.UnifiedDataLoader", "message": "   🔍 After date filtering: (1440, 19)", "correlation_id": "-", "session_id": "-", "timestamp": "2025-08-19T15:12:20.043181+00:00"}
{"asctime": "2025-08-19 17:12:20,047", "levelname": "INFO", "name": "AresGlobal.UnifiedDataLoader", "message": "   📊 Total rows so far: 214968", "correlation_id": "-", "session_id": "-", "timestamp": "2025-08-19T15:12:20.047943+00:00"}
{"asctime": "2025-08-19 17:12:23,381", "levelname": "INFO", "name": "AresGlobal.UnifiedDataLoader", "message": "   📄 Processing file 160/171: part-0.parquet", "correlation_id": "-", "session_id": "-", "timestamp": "2025-08-19T15:12:23.381212+00:00"}
{"asctime": "2025-08-19 17:12:23,385", "levelname": "INFO", "name": "AresGlobal.UnifiedDataLoader", "message": "   ✅ Loaded file 160: (1440, 19)", "correlation_id": "-", "session_id": "-", "timestamp": "2025-08-19T15:12:23.385156+00:00"}
{"asctime": "2025-08-19 17:12:23,385", "levelname": "INFO", "name": "AresGlobal.UnifiedDataLoader", "message": "   🔍 After date filtering: (1440, 19)", "correlation_id": "-", "session_id": "-", "timestamp": "2025-08-19T15:12:23.385855+00:00"}
{"asctime": "2025-08-19 17:12:23,390", "levelname": "INFO", "name": "AresGlobal.UnifiedDataLoader", "message": "   📊 Total rows so far: 229368", "correlation_id": "-", "session_id": "-", "timestamp": "2025-08-19T15:12:23.390654+00:00"}
{"asctime": "2025-08-19 17:12:26,124", "levelname": "INFO", "name": "AresGlobal.UnifiedDataLoader", "message": "   📄 Processing file 170/171: part-0.parquet", "correlation_id": "-", "session_id": "-", "timestamp": "2025-08-19T15:12:26.124480+00:00"}
{"asctime": "2025-08-19 17:12:26,128", "levelname": "INFO", "name": "AresGlobal.UnifiedDataLoader", "message": "   ✅ Loaded file 170: (1440, 19)", "correlation_id": "-", "session_id": "-", "timestamp": "2025-08-19T15:12:26.128512+00:00"}
{"asctime": "2025-08-19 17:12:26,129", "levelname": "INFO", "name": "AresGlobal.UnifiedDataLoader", "message": "   🔍 After date filtering: (1440, 19)", "correlation_id": "-", "session_id": "-", "timestamp": "2025-08-19T15:12:26.129190+00:00"}
{"asctime": "2025-08-19 17:12:26,134", "levelname": "INFO", "name": "AresGlobal.UnifiedDataLoader", "message": "   📊 Total rows so far: 243768", "correlation_id": "-", "session_id": "-", "timestamp": "2025-08-19T15:12:26.134583+00:00"}
{"asctime": "2025-08-19 17:12:26,991", "levelname": "INFO", "name": "AresGlobal.UnifiedDataLoader", "message": "🔄 Converting 244838 records to DataFrame...", "correlation_id": "-", "session_id": "-", "timestamp": "2025-08-19T15:12:26.991708+00:00"}
{"asctime": "2025-08-19 17:12:27,732", "levelname": "INFO", "name": "AresGlobal.UnifiedDataLoader", "message": "✅ Memory-efficient loading completed: (244838, 19)", "correlation_id": "-", "session_id": "-", "timestamp": "2025-08-19T15:12:27.732105+00:00"}
{"asctime": "2025-08-19 17:12:27,818", "levelname": "INFO", "name": "AresGlobal.DataSharingManager", "message": "✅ Loaded and cached BINANCE_ETHUSDT_1m_180_unified: 244838 rows, 0.07GB in 42.96s", "correlation_id": "-", "session_id": "-", "timestamp": "2025-08-19T15:12:27.818342+00:00"}
{"asctime": "2025-08-19 17:12:27,818", "levelname": "INFO", "name": "AresGlobal.Step3.HMMRegimeDiscovery", "message": "📊 Loaded 244838 rows of data for HMM regime discovery", "correlation_id": "-", "session_id": "-", "timestamp": "2025-08-19T15:12:27.818572+00:00"}
{"asctime": "2025-08-19 17:12:27,822", "levelname": "INFO", "name": "AresGlobal.Step3.HMMRegimeDiscovery", "message": "🔧 Creating advanced features for HMM regime discovery", "correlation_id": "-", "session_id": "-", "timestamp": "2025-08-19T15:12:27.822140+00:00"}
{"asctime": "2025-08-19 17:12:27,822", "levelname": "INFO", "name": "AresGlobal.Step3.HMMRegimeDiscovery", "message": "🔧 Creating advanced features using VectorizedAdvancedFeatureEngineering", "correlation_id": "-", "session_id": "-", "timestamp": "2025-08-19T15:12:27.822433+00:00"}
{"asctime": "2025-08-19 17:12:28,502", "levelname": "INFO", "name": "AresGlobal.RawDataQualityChecker", "message": "🔧 Enhanced preprocessing for BINANCE ETHUSDT", "correlation_id": "-", "session_id": "-", "timestamp": "2025-08-19T15:12:28.502469+00:00"}
{"asctime": "2025-08-19 17:12:28,502", "levelname": "INFO", "name": "AresGlobal.RawDataQualityChecker", "message": "   Expected interval: 60s", "correlation_id": "-", "session_id": "-", "timestamp": "2025-08-19T15:12:28.502609+00:00"}
{"asctime": "2025-08-19 17:12:28,502", "levelname": "INFO", "name": "AresGlobal.RawDataQualityChecker", "message": "   Max forward-fill: 10s", "correlation_id": "-", "session_id": "-", "timestamp": "2025-08-19T15:12:28.502699+00:00"}
{"asctime": "2025-08-19 17:12:28,502", "levelname": "INFO", "name": "AresGlobal.RawDataQualityChecker", "message": "   Download missing: True", "correlation_id": "-", "session_id": "-", "timestamp": "2025-08-19T15:12:28.502782+00:00"}
{"asctime": "2025-08-19 17:12:28,506", "levelname": "INFO", "name": "AresGlobal.RawDataQualityChecker", "message": "🔧 Step 1: Resampling to 60S intervals", "correlation_id": "-", "session_id": "-", "timestamp": "2025-08-19T15:12:28.506243+00:00"}
{"asctime": "2025-08-19 17:12:28,518", "levelname": "INFO", "name": "AresGlobal.RawDataQualityChecker", "message": "🔧 Step 2: Re-adding original data to preserve accuracy", "correlation_id": "-", "session_id": "-", "timestamp": "2025-08-19T15:12:28.518392+00:00"}
{"asctime": "2025-08-19 17:12:43,985", "levelname": "INFO", "name": "AresGlobal.RawDataQualityChecker", "message": "🔧 Step 3: Analyzing gaps and applying intelligent handling", "correlation_id": "-", "session_id": "-", "timestamp": "2025-08-19T15:12:43.985061+00:00"}
{"asctime": "2025-08-19 17:12:43,995", "levelname": "INFO", "name": "AresGlobal.RawDataQualityChecker", "message": "✅ Enhanced preprocessing completed:", "correlation_id": "-", "session_id": "-", "timestamp": "2025-08-19T15:12:43.995002+00:00"}
{"asctime": "2025-08-19 17:12:43,995", "levelname": "INFO", "name": "AresGlobal.RawDataQualityChecker", "message": "   Original shape: (244838, 5)", "correlation_id": "-", "session_id": "-", "timestamp": "2025-08-19T15:12:43.995282+00:00"}
{"asctime": "2025-08-19 17:12:43,995", "levelname": "INFO", "name": "AresGlobal.RawDataQualityChecker", "message": "   Final shape: (244838, 5)", "correlation_id": "-", "session_id": "-", "timestamp": "2025-08-19T15:12:43.995389+00:00"}
{"asctime": "2025-08-19 17:12:43,995", "levelname": "INFO", "name": "AresGlobal.RawDataQualityChecker", "message": "   Remaining large gaps: 0", "correlation_id": "-", "session_id": "-", "timestamp": "2025-08-19T15:12:43.995474+00:00"}
{"asctime": "2025-08-19 17:12:43,996", "levelname": "INFO", "name": "AresGlobal.RawDataQualityChecker", "message": "   Data completeness: 1.000", "correlation_id": "-", "session_id": "-", "timestamp": "2025-08-19T15:12:43.996615+00:00"}
{"asctime": "2025-08-19 17:12:44,364", "levelname": "INFO", "name": "AresGlobal.DataQualityDecorator", "message": "🔍 [DATA QUALITY] Starting validation for analyze_correlations_vectorized", "correlation_id": "-", "session_id": "-", "timestamp": "2025-08-19T15:12:44.364775+00:00"}
{"asctime": "2025-08-19 17:12:44,364", "levelname": "INFO", "name": "AresGlobal.DataQualityDecorator", "message": "📊 [DATA QUALITY] Data type validation result for analyze_correlations_vectorized: klines_ohlcv", "correlation_id": "-", "session_id": "-", "timestamp": "2025-08-19T15:12:44.364969+00:00"}
{"asctime": "2025-08-19 17:12:44,365", "levelname": "INFO", "name": "AresGlobal.DataQualityDecorator", "message": "📊 [DATA QUALITY] Data type detected: klines_ohlcv for analyze_correlations_vectorized", "correlation_id": "-", "session_id": "-", "timestamp": "2025-08-19T15:12:44.365066+00:00"}
{"asctime": "2025-08-19 17:12:44,365", "levelname": "INFO", "name": "AresGlobal.DataQualityDecorator", "message": "🔍 [DATA QUALITY] Checking cache for analyze_correlations_vectorized", "correlation_id": "-", "session_id": "-", "timestamp": "2025-08-19T15:12:44.365186+00:00"}
{"asctime": "2025-08-19 17:12:44,365", "levelname": "INFO", "name": "AresGlobal.DataQualityDecorator", "message": "🔄 [DATA QUALITY] No valid cached result found for analyze_correlations_vectorized, proceeding with validation", "correlation_id": "-", "session_id": "-", "timestamp": "2025-08-19T15:12:44.365299+00:00"}
{"asctime": "2025-08-19 17:12:44,365", "levelname": "INFO", "name": "AresGlobal.DataQualityDecorator", "message": "🔍 [DATA QUALITY] Extracting symbol and exchange for analyze_correlations_vectorized", "correlation_id": "-", "session_id": "-", "timestamp": "2025-08-19T15:12:44.365430+00:00"}
{"asctime": "2025-08-19 17:12:44,365", "levelname": "WARNING", "name": "AresGlobal.DataExtractor", "message": "⚠️ [DATA EXTRACTION] Using default symbol 'ETHUSDT' for analyze_correlations_vectorized", "correlation_id": "-", "session_id": "-", "timestamp": "2025-08-19T15:12:44.365565+00:00"}
{"asctime": "2025-08-19 17:12:44,365", "levelname": "WARNING", "name": "AresGlobal.DataExtractor", "message": "⚠️ [DATA EXTRACTION] Using default exchange 'BINANCE' for analyze_correlations_vectorized", "correlation_id": "-", "session_id": "-", "timestamp": "2025-08-19T15:12:44.365659+00:00"}
{"asctime": "2025-08-19 17:12:44,365", "levelname": "INFO", "name": "AresGlobal.DataQualityDecorator", "message": "📊 [DATA QUALITY] Symbol: ETHUSDT, Exchange: BINANCE", "correlation_id": "-", "session_id": "-", "timestamp": "2025-08-19T15:12:44.365752+00:00"}
{"asctime": "2025-08-19 17:12:44,365", "levelname": "INFO", "name": "AresGlobal.DataQualityDecorator", "message": "🔍 [DATA QUALITY] Getting validation configuration for analyze_correlations_vectorized", "correlation_id": "-", "session_id": "-", "timestamp": "2025-08-19T15:12:44.365837+00:00"}
{"asctime": "2025-08-19 17:12:44,365", "levelname": "INFO", "name": "AresGlobal.DataQualityDecorator", "message": "📊 [DATA QUALITY] Validation config loaded for analyze_correlations_vectorized", "correlation_id": "-", "session_id": "-", "timestamp": "2025-08-19T15:12:44.365924+00:00"}
{"asctime": "2025-08-19 17:12:44,366", "levelname": "INFO", "name": "AresGlobal.DataQualityDecorator", "message": "🔍 [DATA QUALITY] Starting data quality validation for analyze_correlations_vectorized (ETHUSDT on BINANCE)", "correlation_id": "-", "session_id": "-", "timestamp": "2025-08-19T15:12:44.366009+00:00"}
{"asctime": "2025-08-19 17:12:44,366", "levelname": "INFO", "name": "AresGlobal.RawDataQualityChecker", "message": "🚀 validate_raw_data: Starting validation...", "correlation_id": "-", "session_id": "-", "timestamp": "2025-08-19T15:12:44.366114+00:00"}
{"asctime": "2025-08-19 17:12:44,370", "levelname": "INFO", "name": "AresGlobal.RawDataQualityChecker", "message": "🔍 Starting raw data quality validation for BINANCE ETHUSDT", "correlation_id": "-", "session_id": "-", "timestamp": "2025-08-19T15:12:44.370656+00:00"}
{"asctime": "2025-08-19 17:12:44,370", "levelname": "INFO", "name": "AresGlobal.RawDataQualityChecker", "message": "Validating data structure...", "correlation_id": "-", "session_id": "-", "timestamp": "2025-08-19T15:12:44.370908+00:00"}
{"asctime": "2025-08-19 17:12:44,371", "levelname": "INFO", "name": "AresGlobal.RawDataQualityChecker", "message": "Validating data completeness...", "correlation_id": "-", "session_id": "-", "timestamp": "2025-08-19T15:12:44.371156+00:00"}
{"asctime": "2025-08-19 17:12:44,377", "levelname": "INFO", "name": "AresGlobal.RawDataQualityChecker", "message": "Validating data integrity...", "correlation_id": "-", "session_id": "-", "timestamp": "2025-08-19T15:12:44.377014+00:00"}
{"asctime": "2025-08-19 17:12:44,384", "levelname": "INFO", "name": "AresGlobal.RawDataQualityChecker", "message": "Validating market-specific issues...", "correlation_id": "-", "session_id": "-", "timestamp": "2025-08-19T15:12:44.384948+00:00"}
{"asctime": "2025-08-19 17:12:44,390", "levelname": "INFO", "name": "AresGlobal.RawDataQualityChecker", "message": "Validating feature engineering requirements...", "correlation_id": "-", "session_id": "-", "timestamp": "2025-08-19T15:12:44.390749+00:00"}
{"asctime": "2025-08-19 17:12:44,431", "levelname": "INFO", "name": "AresGlobal.RawDataQualityChecker", "message": "✅ No irregular intervals detected (ratio: 0.000)", "correlation_id": "-", "session_id": "-", "timestamp": "2025-08-19T15:12:44.431114+00:00"}
{"asctime": "2025-08-19 17:12:44,436", "levelname": "INFO", "name": "AresGlobal.RawDataQualityChecker", "message": "✅ No large gaps found - data is continuous", "correlation_id": "-", "session_id": "-", "timestamp": "2025-08-19T15:12:44.436306+00:00"}
{"asctime": "2025-08-19 17:12:44,436", "levelname": "INFO", "name": "AresGlobal.RawDataQualityChecker", "message": "✅ Raw data validation passed for ETHUSDT (Score: 1.00)", "correlation_id": "-", "session_id": "-", "timestamp": "2025-08-19T15:12:44.436583+00:00"}
{"asctime": "2025-08-19 17:12:44,436", "levelname": "INFO", "name": "AresGlobal.RawDataQualityChecker", "message": "✅ PASSED validate_raw_data: Completed in 0.07s", "correlation_id": "-", "session_id": "-", "timestamp": "2025-08-19T15:12:44.436703+00:00"}
{"asctime": "2025-08-19 17:12:44,436", "levelname": "INFO", "name": "AresGlobal.DataQualityCache", "message": "💾 [CACHE] Cached validation result for analyze_correlations_vectorized", "correlation_id": "-", "session_id": "-", "timestamp": "2025-08-19T15:12:44.436895+00:00"}
{"asctime": "2025-08-19 17:12:44,437", "levelname": "INFO", "name": "AresGlobal.DataQualityDecorator", "message": "📊 [DATA QUALITY] Processing validation results for analyze_correlations_vectorized", "correlation_id": "-", "session_id": "-", "timestamp": "2025-08-19T15:12:44.437004+00:00"}
{"asctime": "2025-08-19 17:12:44,437", "levelname": "INFO", "name": "AresGlobal.DataQualityDecorator", "message": "   📊 Validation level: warning", "correlation_id": "-", "session_id": "-", "timestamp": "2025-08-19T15:12:44.437092+00:00"}
{"asctime": "2025-08-19 17:12:44,437", "levelname": "INFO", "name": "AresGlobal.DataQualityDecorator", "message": "   📊 Validation passed: True", "correlation_id": "-", "session_id": "-", "timestamp": "2025-08-19T15:12:44.437177+00:00"}
{"asctime": "2025-08-19 17:12:44,437", "levelname": "INFO", "name": "AresGlobal.DataQualityDecorator", "message": "   📊 Quality score: 1.00", "correlation_id": "-", "session_id": "-", "timestamp": "2025-08-19T15:12:44.437263+00:00"}
{"asctime": "2025-08-19 17:12:44,437", "levelname": "INFO", "name": "AresGlobal.DataQualityDecorator", "message": "   📊 Critical issues: 0", "correlation_id": "-", "session_id": "-", "timestamp": "2025-08-19T15:12:44.437342+00:00"}
{"asctime": "2025-08-19 17:12:44,437", "levelname": "INFO", "name": "AresGlobal.DataQualityDecorator", "message": "   📊 Warnings: 0", "correlation_id": "-", "session_id": "-", "timestamp": "2025-08-19T15:12:44.437421+00:00"}
{"asctime": "2025-08-19 17:12:44,437", "levelname": "INFO", "name": "AresGlobal.DataQualityDecorator", "message": "✅ [DATA QUALITY] WARNING validation passed for analyze_correlations_vectorized", "correlation_id": "-", "session_id": "-", "timestamp": "2025-08-19T15:12:44.437502+00:00"}
{"asctime": "2025-08-19 17:12:44,437", "levelname": "INFO", "name": "AresGlobal.DataQualityDecorator", "message": "🚀 [DATA QUALITY] Executing original function analyze_correlations_vectorized", "correlation_id": "-", "session_id": "-", "timestamp": "2025-08-19T15:12:44.437582+00:00"}
{"asctime": "2025-08-19 17:12:44,657", "levelname": "INFO", "name": "AresGlobal.DataQualityDecorator", "message": "✅ [DATA QUALITY] Completed validation for analyze_correlations_vectorized", "correlation_id": "-", "session_id": "-", "timestamp": "2025-08-19T15:12:44.657532+00:00"}
{"asctime": "2025-08-19 17:12:44,658", "levelname": "INFO", "name": "AresGlobal.DataQualityDecorator", "message": "🔍 [DATA QUALITY] Starting validation for analyze_momentum_vectorized", "correlation_id": "-", "session_id": "-", "timestamp": "2025-08-19T15:12:44.658621+00:00"}
{"asctime": "2025-08-19 17:12:44,658", "levelname": "INFO", "name": "AresGlobal.DataQualityDecorator", "message": "📊 [DATA QUALITY] Data type validation result for analyze_momentum_vectorized: klines_ohlcv", "correlation_id": "-", "session_id": "-", "timestamp": "2025-08-19T15:12:44.658847+00:00"}
{"asctime": "2025-08-19 17:12:44,658", "levelname": "INFO", "name": "AresGlobal.DataQualityDecorator", "message": "📊 [DATA QUALITY] Data type detected: klines_ohlcv for analyze_momentum_vectorized", "correlation_id": "-", "session_id": "-", "timestamp": "2025-08-19T15:12:44.658944+00:00"}
{"asctime": "2025-08-19 17:12:44,659", "levelname": "INFO", "name": "AresGlobal.DataQualityDecorator", "message": "🔍 [DATA QUALITY] Checking cache for analyze_momentum_vectorized", "correlation_id": "-", "session_id": "-", "timestamp": "2025-08-19T15:12:44.659114+00:00"}
{"asctime": "2025-08-19 17:12:44,659", "levelname": "INFO", "name": "AresGlobal.DataQualityDecorator", "message": "🔄 [DATA QUALITY] No valid cached result found for analyze_momentum_vectorized, proceeding with validation", "correlation_id": "-", "session_id": "-", "timestamp": "2025-08-19T15:12:44.659332+00:00"}
{"asctime": "2025-08-19 17:12:44,659", "levelname": "INFO", "name": "AresGlobal.DataQualityDecorator", "message": "🔍 [DATA QUALITY] Extracting symbol and exchange for analyze_momentum_vectorized", "correlation_id": "-", "session_id": "-", "timestamp": "2025-08-19T15:12:44.659494+00:00"}
{"asctime": "2025-08-19 17:12:44,659", "levelname": "WARNING", "name": "AresGlobal.DataExtractor", "message": "⚠️ [DATA EXTRACTION] Using default symbol 'ETHUSDT' for analyze_momentum_vectorized", "correlation_id": "-", "session_id": "-", "timestamp": "2025-08-19T15:12:44.659723+00:00"}
{"asctime": "2025-08-19 17:12:44,659", "levelname": "WARNING", "name": "AresGlobal.DataExtractor", "message": "⚠️ [DATA EXTRACTION] Using default exchange 'BINANCE' for analyze_momentum_vectorized", "correlation_id": "-", "session_id": "-", "timestamp": "2025-08-19T15:12:44.659821+00:00"}
{"asctime": "2025-08-19 17:12:44,659", "levelname": "INFO", "name": "AresGlobal.DataQualityDecorator", "message": "📊 [DATA QUALITY] Symbol: ETHUSDT, Exchange: BINANCE", "correlation_id": "-", "session_id": "-", "timestamp": "2025-08-19T15:12:44.659917+00:00"}
{"asctime": "2025-08-19 17:12:44,660", "levelname": "INFO", "name": "AresGlobal.DataQualityDecorator", "message": "🔍 [DATA QUALITY] Getting validation configuration for analyze_momentum_vectorized", "correlation_id": "-", "session_id": "-", "timestamp": "2025-08-19T15:12:44.660054+00:00"}
{"asctime": "2025-08-19 17:12:44,660", "levelname": "INFO", "name": "AresGlobal.DataQualityDecorator", "message": "📊 [DATA QUALITY] Validation config loaded for analyze_momentum_vectorized", "correlation_id": "-", "session_id": "-", "timestamp": "2025-08-19T15:12:44.660158+00:00"}
{"asctime": "2025-08-19 17:12:44,660", "levelname": "INFO", "name": "AresGlobal.DataQualityDecorator", "message": "🔍 [DATA QUALITY] Starting data quality validation for analyze_momentum_vectorized (ETHUSDT on BINANCE)", "correlation_id": "-", "session_id": "-", "timestamp": "2025-08-19T15:12:44.660247+00:00"}
{"asctime": "2025-08-19 17:12:44,660", "levelname": "INFO", "name": "AresGlobal.RawDataQualityChecker", "message": "🚀 validate_raw_data: Starting validation...", "correlation_id": "-", "session_id": "-", "timestamp": "2025-08-19T15:12:44.660359+00:00"}
{"asctime": "2025-08-19 17:12:44,665", "levelname": "INFO", "name": "AresGlobal.RawDataQualityChecker", "message": "🔍 Starting raw data quality validation for BINANCE ETHUSDT", "correlation_id": "-", "session_id": "-", "timestamp": "2025-08-19T15:12:44.665314+00:00"}
{"asctime": "2025-08-19 17:12:44,665", "levelname": "INFO", "name": "AresGlobal.RawDataQualityChecker", "message": "Validating data structure...", "correlation_id": "-", "session_id": "-", "timestamp": "2025-08-19T15:12:44.665510+00:00"}
{"asctime": "2025-08-19 17:12:44,665", "levelname": "INFO", "name": "AresGlobal.RawDataQualityChecker", "message": "Validating data completeness...", "correlation_id": "-", "session_id": "-", "timestamp": "2025-08-19T15:12:44.665722+00:00"}
{"asctime": "2025-08-19 17:12:44,671", "levelname": "INFO", "name": "AresGlobal.RawDataQualityChecker", "message": "Validating data integrity...", "correlation_id": "-", "session_id": "-", "timestamp": "2025-08-19T15:12:44.671173+00:00"}
{"asctime": "2025-08-19 17:12:44,678", "levelname": "INFO", "name": "AresGlobal.RawDataQualityChecker", "message": "Validating market-specific issues...", "correlation_id": "-", "session_id": "-", "timestamp": "2025-08-19T15:12:44.678374+00:00"}
{"asctime": "2025-08-19 17:12:44,684", "levelname": "INFO", "name": "AresGlobal.RawDataQualityChecker", "message": "Validating feature engineering requirements...", "correlation_id": "-", "session_id": "-", "timestamp": "2025-08-19T15:12:44.684706+00:00"}
{"asctime": "2025-08-19 17:12:44,725", "levelname": "INFO", "name": "AresGlobal.RawDataQualityChecker", "message": "✅ No irregular intervals detected (ratio: 0.000)", "correlation_id": "-", "session_id": "-", "timestamp": "2025-08-19T15:12:44.725333+00:00"}
{"asctime": "2025-08-19 17:12:44,732", "levelname": "INFO", "name": "AresGlobal.RawDataQualityChecker", "message": "✅ No large gaps found - data is continuous", "correlation_id": "-", "session_id": "-", "timestamp": "2025-08-19T15:12:44.732122+00:00"}
{"asctime": "2025-08-19 17:12:44,732", "levelname": "INFO", "name": "AresGlobal.RawDataQualityChecker", "message": "✅ Raw data validation passed for ETHUSDT (Score: 1.00)", "correlation_id": "-", "session_id": "-", "timestamp": "2025-08-19T15:12:44.732432+00:00"}
{"asctime": "2025-08-19 17:12:44,732", "levelname": "INFO", "name": "AresGlobal.RawDataQualityChecker", "message": "✅ PASSED validate_raw_data: Completed in 0.07s", "correlation_id": "-", "session_id": "-", "timestamp": "2025-08-19T15:12:44.732549+00:00"}
{"asctime": "2025-08-19 17:12:44,732", "levelname": "INFO", "name": "AresGlobal.DataQualityCache", "message": "💾 [CACHE] Cached validation result for analyze_momentum_vectorized", "correlation_id": "-", "session_id": "-", "timestamp": "2025-08-19T15:12:44.732666+00:00"}
{"asctime": "2025-08-19 17:12:44,732", "levelname": "INFO", "name": "AresGlobal.DataQualityDecorator", "message": "📊 [DATA QUALITY] Processing validation results for analyze_momentum_vectorized", "correlation_id": "-", "session_id": "-", "timestamp": "2025-08-19T15:12:44.732759+00:00"}
{"asctime": "2025-08-19 17:12:44,732", "levelname": "INFO", "name": "AresGlobal.DataQualityDecorator", "message": "   📊 Validation level: warning", "correlation_id": "-", "session_id": "-", "timestamp": "2025-08-19T15:12:44.732847+00:00"}
{"asctime": "2025-08-19 17:12:44,732", "levelname": "INFO", "name": "AresGlobal.DataQualityDecorator", "message": "   📊 Validation passed: True", "correlation_id": "-", "session_id": "-", "timestamp": "2025-08-19T15:12:44.732932+00:00"}
{"asctime": "2025-08-19 17:12:44,733", "levelname": "INFO", "name": "AresGlobal.DataQualityDecorator", "message": "   📊 Quality score: 1.00", "correlation_id": "-", "session_id": "-", "timestamp": "2025-08-19T15:12:44.733011+00:00"}
{"asctime": "2025-08-19 17:12:44,733", "levelname": "INFO", "name": "AresGlobal.DataQualityDecorator", "message": "   📊 Critical issues: 0", "correlation_id": "-", "session_id": "-", "timestamp": "2025-08-19T15:12:44.733093+00:00"}
{"asctime": "2025-08-19 17:12:44,733", "levelname": "INFO", "name": "AresGlobal.DataQualityDecorator", "message": "   📊 Warnings: 0", "correlation_id": "-", "session_id": "-", "timestamp": "2025-08-19T15:12:44.733171+00:00"}
{"asctime": "2025-08-19 17:12:44,733", "levelname": "INFO", "name": "AresGlobal.DataQualityDecorator", "message": "✅ [DATA QUALITY] WARNING validation passed for analyze_momentum_vectorized", "correlation_id": "-", "session_id": "-", "timestamp": "2025-08-19T15:12:44.733252+00:00"}
{"asctime": "2025-08-19 17:12:44,733", "levelname": "INFO", "name": "AresGlobal.DataQualityDecorator", "message": "🚀 [DATA QUALITY] Executing original function analyze_momentum_vectorized", "correlation_id": "-", "session_id": "-", "timestamp": "2025-08-19T15:12:44.733339+00:00"}
{"asctime": "2025-08-19 17:12:44,837", "levelname": "INFO", "name": "AresGlobal.DataQualityDecorator", "message": "✅ [DATA QUALITY] Completed validation for analyze_momentum_vectorized", "correlation_id": "-", "session_id": "-", "timestamp": "2025-08-19T15:12:44.837918+00:00"}
{"asctime": "2025-08-19 17:14:21,697", "levelname": "INFO", "name": "AresGlobal.AresLauncher", "message": "🧹 Cleaning up processes...", "correlation_id": "-", "session_id": "-", "timestamp": "2025-08-19T15:14:21.697928+00:00"}
{"asctime": "2025-08-19 17:14:21,711", "levelname": "INFO", "name": "AresGlobal.AresLauncher", "message": "✅ Cleanup completed", "correlation_id": "-", "session_id": "-", "timestamp": "2025-08-19T15:14:21.711847+00:00"}
