{"asctime": "2025-08-19 10:35:36,913", "levelname": "INFO", "name": "AresGlobal", "message": "================================================================================", "correlation_id": "-", "session_id": "-", "timestamp": "2025-08-19T08:35:36.913108+00:00"}
{"asctime": "2025-08-19 10:35:36,913", "levelname": "INFO", "name": "AresGlobal", "message": "📊 SESSION SUMMARY", "correlation_id": "-", "session_id": "-", "timestamp": "2025-08-19T08:35:36.913227+00:00"}
{"asctime": "2025-08-19 10:35:36,913", "levelname": "INFO", "name": "AresGlobal", "message": "Session started: 2025-08-19 10:35:36", "correlation_id": "-", "session_id": "-", "timestamp": "2025-08-19T08:35:36.913335+00:00"}
{"asctime": "2025-08-19 10:35:36,913", "levelname": "INFO", "name": "AresGlobal", "message": "This file contains ALL logs for this session", "correlation_id": "-", "session_id": "-", "timestamp": "2025-08-19T08:35:36.913422+00:00"}
{"asctime": "2025-08-19 10:35:36,913", "levelname": "INFO", "name": "AresGlobal", "message": "================================================================================", "correlation_id": "-", "session_id": "-", "timestamp": "2025-08-19T08:35:36.913506+00:00"}
{"asctime": "2025-08-19 10:35:36,913", "levelname": "INFO", "name": "AresSystem", "message": "================================================================================", "correlation_id": "-", "session_id": "-", "timestamp": "2025-08-19T08:35:36.913619+00:00"}
{"asctime": "2025-08-19 10:35:36,913", "levelname": "INFO", "name": "AresGlobal", "message": "[SYSTEM] ================================================================================", "correlation_id": "-", "session_id": "-", "timestamp": "2025-08-19T08:35:36.913705+00:00"}
{"asctime": "2025-08-19 10:35:36,913", "levelname": "INFO", "name": "AresSystem", "message": "🚀 ARES LAUNCHER STARTED - Mode: INITIALIZATION", "correlation_id": "-", "session_id": "-", "timestamp": "2025-08-19T08:35:36.913787+00:00"}
{"asctime": "2025-08-19 10:35:36,913", "levelname": "INFO", "name": "AresGlobal", "message": "[SYSTEM] 🚀 ARES LAUNCHER STARTED - Mode: INITIALIZATION", "correlation_id": "-", "session_id": "-", "timestamp": "2025-08-19T08:35:36.913873+00:00"}
{"asctime": "2025-08-19 10:35:36,913", "levelname": "INFO", "name": "AresSystem", "message": "Start time: 2025-08-19 10:35:36", "correlation_id": "-", "session_id": "-", "timestamp": "2025-08-19T08:35:36.913961+00:00"}
{"asctime": "2025-08-19 10:35:36,914", "levelname": "INFO", "name": "AresGlobal", "message": "[SYSTEM] Start time: 2025-08-19 10:35:36", "correlation_id": "-", "session_id": "-", "timestamp": "2025-08-19T08:35:36.914041+00:00"}
{"asctime": "2025-08-19 10:35:36,914", "levelname": "INFO", "name": "AresSystem", "message": "Log directory: log", "correlation_id": "-", "session_id": "-", "timestamp": "2025-08-19T08:35:36.914120+00:00"}
{"asctime": "2025-08-19 10:35:36,914", "levelname": "INFO", "name": "AresGlobal", "message": "[SYSTEM] Log directory: log", "correlation_id": "-", "session_id": "-", "timestamp": "2025-08-19T08:35:36.914200+00:00"}
{"asctime": "2025-08-19 10:35:36,914", "levelname": "INFO", "name": "AresSystem", "message": "================================================================================", "correlation_id": "-", "session_id": "-", "timestamp": "2025-08-19T08:35:36.914279+00:00"}
{"asctime": "2025-08-19 10:35:36,914", "levelname": "INFO", "name": "AresGlobal", "message": "[SYSTEM] ================================================================================", "correlation_id": "-", "session_id": "-", "timestamp": "2025-08-19T08:35:36.914358+00:00"}
{"asctime": "2025-08-19 10:35:36,914", "levelname": "INFO", "name": "AresGlobal.AresLauncher", "message": "================================================================================", "correlation_id": "-", "session_id": "-", "timestamp": "2025-08-19T08:35:36.914441+00:00"}
{"asctime": "2025-08-19 10:35:36,914", "levelname": "INFO", "name": "AresGlobal.AresLauncher", "message": "🚀 ARES COMPREHENSIVE LAUNCHER", "correlation_id": "-", "session_id": "-", "timestamp": "2025-08-19T08:35:36.914521+00:00"}
{"asctime": "2025-08-19 10:35:36,914", "levelname": "INFO", "name": "AresGlobal.AresLauncher", "message": "================================================================================", "correlation_id": "-", "session_id": "-", "timestamp": "2025-08-19T08:35:36.914610+00:00"}
{"asctime": "2025-08-19 10:35:36,914", "levelname": "INFO", "name": "AresGlobal.AresLauncher", "message": "Start time: 2025-08-19 10:35:36", "correlation_id": "-", "session_id": "-", "timestamp": "2025-08-19T08:35:36.914692+00:00"}
{"asctime": "2025-08-19 10:35:36,914", "levelname": "INFO", "name": "AresGlobal.AresLauncher", "message": "Log directory: log", "correlation_id": "-", "session_id": "-", "timestamp": "2025-08-19T08:35:36.914774+00:00"}
{"asctime": "2025-08-19 10:35:36,914", "levelname": "INFO", "name": "AresGlobal.AresLauncher", "message": "Log level: INFO", "correlation_id": "-", "session_id": "-", "timestamp": "2025-08-19T08:35:36.914855+00:00"}
{"asctime": "2025-08-19 10:35:36,914", "levelname": "INFO", "name": "AresGlobal.AresLauncher", "message": "Global log file: ares_global_20250819_103536.log", "correlation_id": "-", "session_id": "-", "timestamp": "2025-08-19T08:35:36.914936+00:00"}
{"asctime": "2025-08-19 10:35:36,915", "levelname": "INFO", "name": "AresGlobal.AresLauncher", "message": "Full run log: log/ares_full_20250819_103536.log", "correlation_id": "-", "session_id": "-", "timestamp": "2025-08-19T08:35:36.915021+00:00"}
{"asctime": "2025-08-19 10:35:36,915", "levelname": "INFO", "name": "AresGlobal.AresLauncher", "message": "Trades log: log/ares_trades_20250819_103536.log", "correlation_id": "-", "session_id": "-", "timestamp": "2025-08-19T08:35:36.915099+00:00"}
{"asctime": "2025-08-19 10:35:36,915", "levelname": "INFO", "name": "AresGlobal.AresLauncher", "message": "Backtest log: log/ares_backtest_20250819_103536.log", "correlation_id": "-", "session_id": "-", "timestamp": "2025-08-19T08:35:36.915175+00:00"}
{"asctime": "2025-08-19 10:35:36,915", "levelname": "INFO", "name": "AresGlobal.AresLauncher", "message": "================================================================================", "correlation_id": "-", "session_id": "-", "timestamp": "2025-08-19T08:35:36.915252+00:00"}
{"asctime": "2025-08-19 10:35:36,915", "levelname": "INFO", "name": "AresTradingSystem.System.SignalHandler", "message": "Shutdown callback registered", "correlation_id": "-", "session_id": "-", "timestamp": "2025-08-19T08:35:36.915332+00:00"}
{"asctime": "2025-08-19 10:35:36,915", "levelname": "INFO", "name": "AresSystem", "message": "================================================================================", "correlation_id": "-", "session_id": "-", "timestamp": "2025-08-19T08:35:36.915415+00:00"}
{"asctime": "2025-08-19 10:35:36,915", "levelname": "INFO", "name": "AresGlobal", "message": "[SYSTEM] ================================================================================", "correlation_id": "-", "session_id": "-", "timestamp": "2025-08-19T08:35:36.915494+00:00"}
{"asctime": "2025-08-19 10:35:36,915", "levelname": "INFO", "name": "AresSystem", "message": "🚀 ARES LAUNCHER STARTED - Mode: blank - Symbol: ETHUSDT - Exchange: BINANCE", "correlation_id": "-", "session_id": "-", "timestamp": "2025-08-19T08:35:36.915571+00:00"}
{"asctime": "2025-08-19 10:35:36,915", "levelname": "INFO", "name": "AresGlobal", "message": "[SYSTEM] 🚀 ARES LAUNCHER STARTED - Mode: blank - Symbol: ETHUSDT - Exchange: BINANCE", "correlation_id": "-", "session_id": "-", "timestamp": "2025-08-19T08:35:36.915655+00:00"}
{"asctime": "2025-08-19 10:35:36,915", "levelname": "INFO", "name": "AresSystem", "message": "Start time: 2025-08-19 10:35:36", "correlation_id": "-", "session_id": "-", "timestamp": "2025-08-19T08:35:36.915739+00:00"}
{"asctime": "2025-08-19 10:35:36,915", "levelname": "INFO", "name": "AresGlobal", "message": "[SYSTEM] Start time: 2025-08-19 10:35:36", "correlation_id": "-", "session_id": "-", "timestamp": "2025-08-19T08:35:36.915814+00:00"}
{"asctime": "2025-08-19 10:35:36,915", "levelname": "INFO", "name": "AresSystem", "message": "Log directory: log", "correlation_id": "-", "session_id": "-", "timestamp": "2025-08-19T08:35:36.915888+00:00"}
{"asctime": "2025-08-19 10:35:36,915", "levelname": "INFO", "name": "AresGlobal", "message": "[SYSTEM] Log directory: log", "correlation_id": "-", "session_id": "-", "timestamp": "2025-08-19T08:35:36.915967+00:00"}
{"asctime": "2025-08-19 10:35:36,916", "levelname": "INFO", "name": "AresSystem", "message": "================================================================================", "correlation_id": "-", "session_id": "-", "timestamp": "2025-08-19T08:35:36.916041+00:00"}
{"asctime": "2025-08-19 10:35:36,916", "levelname": "INFO", "name": "AresGlobal", "message": "[SYSTEM] ================================================================================", "correlation_id": "-", "session_id": "-", "timestamp": "2025-08-19T08:35:36.916116+00:00"}
{"asctime": "2025-08-19 10:35:36,916", "levelname": "INFO", "name": "AresGlobal.AresLauncher", "message": "🚀 Running enhanced 16-step training pipeline for ETHUSDT on BINANCE", "correlation_id": "-", "session_id": "-", "timestamp": "2025-08-19T08:35:36.916218+00:00"}
{"asctime": "2025-08-19 10:35:36,916", "levelname": "INFO", "name": "AresGlobal.AresLauncher", "message": "Starting from step: step2_feature_engineering", "correlation_id": "-", "session_id": "-", "timestamp": "2025-08-19T08:35:36.916301+00:00"}
{"asctime": "2025-08-19 10:35:36,918", "levelname": "INFO", "name": "AresGlobal.AresLauncher", "message": "🧪 BLANK TRAINING MODE: Set BLANK_TRAINING_MODE=1 for step-based training", "correlation_id": "-", "session_id": "-", "timestamp": "2025-08-19T08:35:36.918966+00:00"}
{"asctime": "2025-08-19 10:35:36,919", "levelname": "INFO", "name": "AresGlobal.ProgressManager", "message": "Initialized ProgressManager for ETHUSDT on BINANCE", "correlation_id": "-", "session_id": "-", "timestamp": "2025-08-19T08:35:36.919201+00:00"}
{"asctime": "2025-08-19 10:35:36,919", "levelname": "INFO", "name": "AresGlobal.ProgressManager", "message": "Progress directory: data/training/progress/BINANCE_ETHUSDT", "correlation_id": "-", "session_id": "-", "timestamp": "2025-08-19T08:35:36.919305+00:00"}
{"asctime": "2025-08-19 10:35:36,919", "levelname": "INFO", "name": "AresGlobal.StepOrchestrator", "message": "Initialized StepOrchestrator for ETHUSDT on BINANCE", "correlation_id": "-", "session_id": "-", "timestamp": "2025-08-19T08:35:36.919393+00:00"}
{"asctime": "2025-08-19 10:35:36,919", "levelname": "INFO", "name": "AresGlobal.ProgressManager", "message": "🗑️  Cleared progress for step2_feature_engineering", "correlation_id": "-", "session_id": "-", "timestamp": "2025-08-19T08:35:36.919510+00:00"}
{"asctime": "2025-08-19 10:35:36,919", "levelname": "INFO", "name": "AresGlobal.AresLauncher", "message": "🧹 Cleared progress for 'step2_feature_engineering' (force)", "correlation_id": "-", "session_id": "-", "timestamp": "2025-08-19T08:35:36.919605+00:00"}
{"asctime": "2025-08-19 10:35:36,919", "levelname": "INFO", "name": "AresGlobal.ProgressManager", "message": "🗑️  Cleared progress for step3_hmm_regime_discovery", "correlation_id": "-", "session_id": "-", "timestamp": "2025-08-19T08:35:36.919716+00:00"}
{"asctime": "2025-08-19 10:35:36,919", "levelname": "INFO", "name": "AresGlobal.AresLauncher", "message": "🧹 Cleared progress for 'step3_hmm_regime_discovery' (force)", "correlation_id": "-", "session_id": "-", "timestamp": "2025-08-19T08:35:36.919800+00:00"}
{"asctime": "2025-08-19 10:35:36,919", "levelname": "INFO", "name": "AresGlobal.ProgressManager", "message": "🗑️  Cleared progress for step4_processing_labeling", "correlation_id": "-", "session_id": "-", "timestamp": "2025-08-19T08:35:36.919900+00:00"}
{"asctime": "2025-08-19 10:35:36,919", "levelname": "INFO", "name": "AresGlobal.AresLauncher", "message": "🧹 Cleared progress for 'step4_processing_labeling' (force)", "correlation_id": "-", "session_id": "-", "timestamp": "2025-08-19T08:35:36.919989+00:00"}
{"asctime": "2025-08-19 10:35:36,920", "levelname": "INFO", "name": "AresGlobal.ProgressManager", "message": "🗑️  Cleared progress for step5_regime_data_splitting", "correlation_id": "-", "session_id": "-", "timestamp": "2025-08-19T08:35:36.920095+00:00"}
{"asctime": "2025-08-19 10:35:36,920", "levelname": "INFO", "name": "AresGlobal.AresLauncher", "message": "🧹 Cleared progress for 'step5_regime_data_splitting' (force)", "correlation_id": "-", "session_id": "-", "timestamp": "2025-08-19T08:35:36.920185+00:00"}
{"asctime": "2025-08-19 10:35:36,920", "levelname": "INFO", "name": "AresGlobal.ProgressManager", "message": "🗑️  Cleared progress for step6_hmm_based_training", "correlation_id": "-", "session_id": "-", "timestamp": "2025-08-19T08:35:36.920286+00:00"}
{"asctime": "2025-08-19 10:35:36,920", "levelname": "INFO", "name": "AresGlobal.AresLauncher", "message": "🧹 Cleared progress for 'step6_hmm_based_training' (force)", "correlation_id": "-", "session_id": "-", "timestamp": "2025-08-19T08:35:36.920368+00:00"}
{"asctime": "2025-08-19 10:35:36,920", "levelname": "INFO", "name": "AresGlobal.ProgressManager", "message": "🗑️  Cleared progress for step6_5_unified_regime_intelligence", "correlation_id": "-", "session_id": "-", "timestamp": "2025-08-19T08:35:36.920467+00:00"}
{"asctime": "2025-08-19 10:35:36,920", "levelname": "INFO", "name": "AresGlobal.AresLauncher", "message": "🧹 Cleared progress for 'step6_5_unified_regime_intelligence' (force)", "correlation_id": "-", "session_id": "-", "timestamp": "2025-08-19T08:35:36.920553+00:00"}
{"asctime": "2025-08-19 10:35:36,920", "levelname": "INFO", "name": "AresGlobal.ProgressManager", "message": "🗑️  Cleared progress for step7_analyst_enhancement", "correlation_id": "-", "session_id": "-", "timestamp": "2025-08-19T08:35:36.920657+00:00"}
{"asctime": "2025-08-19 10:35:36,920", "levelname": "INFO", "name": "AresGlobal.AresLauncher", "message": "🧹 Cleared progress for 'step7_analyst_enhancement' (force)", "correlation_id": "-", "session_id": "-", "timestamp": "2025-08-19T08:35:36.920740+00:00"}
{"asctime": "2025-08-19 10:35:36,920", "levelname": "INFO", "name": "AresGlobal.ProgressManager", "message": "🗑️  Cleared progress for step8_tactician_labeling", "correlation_id": "-", "session_id": "-", "timestamp": "2025-08-19T08:35:36.920839+00:00"}
{"asctime": "2025-08-19 10:35:36,920", "levelname": "INFO", "name": "AresGlobal.AresLauncher", "message": "🧹 Cleared progress for 'step8_tactician_labeling' (force)", "correlation_id": "-", "session_id": "-", "timestamp": "2025-08-19T08:35:36.920919+00:00"}
{"asctime": "2025-08-19 10:35:36,921", "levelname": "INFO", "name": "AresGlobal.ProgressManager", "message": "🗑️  Cleared progress for step9_tactician_specialist_training", "correlation_id": "-", "session_id": "-", "timestamp": "2025-08-19T08:35:36.921015+00:00"}
{"asctime": "2025-08-19 10:35:36,921", "levelname": "INFO", "name": "AresGlobal.AresLauncher", "message": "🧹 Cleared progress for 'step9_tactician_specialist_training' (force)", "correlation_id": "-", "session_id": "-", "timestamp": "2025-08-19T08:35:36.921099+00:00"}
{"asctime": "2025-08-19 10:35:36,921", "levelname": "INFO", "name": "AresGlobal.ProgressManager", "message": "🗑️  Cleared progress for step10_confidence_calibration", "correlation_id": "-", "session_id": "-", "timestamp": "2025-08-19T08:35:36.921194+00:00"}
{"asctime": "2025-08-19 10:35:36,921", "levelname": "INFO", "name": "AresGlobal.AresLauncher", "message": "🧹 Cleared progress for 'step10_confidence_calibration' (force)", "correlation_id": "-", "session_id": "-", "timestamp": "2025-08-19T08:35:36.921275+00:00"}
{"asctime": "2025-08-19 10:35:36,921", "levelname": "INFO", "name": "AresGlobal.ProgressManager", "message": "🗑️  Cleared progress for step11_final_parameters_optimization", "correlation_id": "-", "session_id": "-", "timestamp": "2025-08-19T08:35:36.921370+00:00"}
{"asctime": "2025-08-19 10:35:36,921", "levelname": "INFO", "name": "AresGlobal.AresLauncher", "message": "🧹 Cleared progress for 'step11_final_parameters_optimization' (force)", "correlation_id": "-", "session_id": "-", "timestamp": "2025-08-19T08:35:36.921452+00:00"}
{"asctime": "2025-08-19 10:35:36,921", "levelname": "INFO", "name": "AresGlobal.ProgressManager", "message": "🗑️  Cleared progress for step12_walk_forward_validation", "correlation_id": "-", "session_id": "-", "timestamp": "2025-08-19T08:35:36.921553+00:00"}
{"asctime": "2025-08-19 10:35:36,921", "levelname": "INFO", "name": "AresGlobal.AresLauncher", "message": "🧹 Cleared progress for 'step12_walk_forward_validation' (force)", "correlation_id": "-", "session_id": "-", "timestamp": "2025-08-19T08:35:36.921631+00:00"}
{"asctime": "2025-08-19 10:35:36,921", "levelname": "INFO", "name": "AresGlobal.ProgressManager", "message": "🗑️  Cleared progress for step13_monte_carlo_validation", "correlation_id": "-", "session_id": "-", "timestamp": "2025-08-19T08:35:36.921724+00:00"}
{"asctime": "2025-08-19 10:35:36,921", "levelname": "INFO", "name": "AresGlobal.AresLauncher", "message": "🧹 Cleared progress for 'step13_monte_carlo_validation' (force)", "correlation_id": "-", "session_id": "-", "timestamp": "2025-08-19T08:35:36.921802+00:00"}
{"asctime": "2025-08-19 10:35:36,921", "levelname": "INFO", "name": "AresGlobal.ProgressManager", "message": "🗑️  Cleared progress for step14_ab_testing", "correlation_id": "-", "session_id": "-", "timestamp": "2025-08-19T08:35:36.921899+00:00"}
{"asctime": "2025-08-19 10:35:36,921", "levelname": "INFO", "name": "AresGlobal.AresLauncher", "message": "🧹 Cleared progress for 'step14_ab_testing' (force)", "correlation_id": "-", "session_id": "-", "timestamp": "2025-08-19T08:35:36.921983+00:00"}
{"asctime": "2025-08-19 10:35:36,922", "levelname": "INFO", "name": "AresGlobal.ProgressManager", "message": "🗑️  Cleared progress for step15_saving", "correlation_id": "-", "session_id": "-", "timestamp": "2025-08-19T08:35:36.922080+00:00"}
{"asctime": "2025-08-19 10:35:36,922", "levelname": "INFO", "name": "AresGlobal.AresLauncher", "message": "🧹 Cleared progress for 'step15_saving' (force)", "correlation_id": "-", "session_id": "-", "timestamp": "2025-08-19T08:35:36.922295+00:00"}
{"asctime": "2025-08-19 10:35:36,922", "levelname": "INFO", "name": "AresGlobal.AresLauncher", "message": "✅ Cleared progress for 15 steps: ['step2_feature_engineering', 'step3_hmm_regime_discovery', 'step4_processing_labeling', 'step5_regime_data_splitting', 'step6_hmm_based_training', 'step6_5_unified_regime_intelligence', 'step7_analyst_enhancement', 'step8_tactician_labeling', 'step9_tactician_specialist_training', 'step10_confidence_calibration', 'step11_final_parameters_optimization', 'step12_walk_forward_validation', 'step13_monte_carlo_validation', 'step14_ab_testing', 'step15_saving']", "correlation_id": "-", "session_id": "-", "timestamp": "2025-08-19T08:35:36.922503+00:00"}
{"asctime": "2025-08-19 10:35:36,923", "levelname": "DEBUG", "name": "asyncio", "message": "Using selector: KqueueSelector", "correlation_id": "-", "session_id": "-", "timestamp": "2025-08-19T08:35:36.923065+00:00"}
{"asctime": "2025-08-19 10:35:36,923", "levelname": "INFO", "name": "AresGlobal.StepOrchestrator", "message": "🚀 Starting execution from step: step2_feature_engineering", "correlation_id": "-", "session_id": "-", "timestamp": "2025-08-19T08:35:36.923379+00:00"}
{"asctime": "2025-08-19 10:35:39,612", "levelname": "DEBUG", "name": "matplotlib", "message": "matplotlib data path: /opt/homebrew/Caskroom/miniforge/base/lib/python3.12/site-packages/matplotlib/mpl-data", "correlation_id": "-", "session_id": "-", "timestamp": "2025-08-19T08:35:39.612856+00:00"}
{"asctime": "2025-08-19 10:35:39,616", "levelname": "DEBUG", "name": "matplotlib", "message": "CONFIGDIR=/Users/remyroche/.matplotlib", "correlation_id": "-", "session_id": "-", "timestamp": "2025-08-19T08:35:39.616436+00:00"}
{"asctime": "2025-08-19 10:35:39,617", "levelname": "DEBUG", "name": "matplotlib", "message": "interactive is False", "correlation_id": "-", "session_id": "-", "timestamp": "2025-08-19T08:35:39.617081+00:00"}
{"asctime": "2025-08-19 10:35:39,617", "levelname": "DEBUG", "name": "matplotlib", "message": "platform is darwin", "correlation_id": "-", "session_id": "-", "timestamp": "2025-08-19T08:35:39.617172+00:00"}
{"asctime": "2025-08-19 10:35:39,631", "levelname": "DEBUG", "name": "graphviz._tools", "message": "deprecate positional args: graphviz.backend.piping.pipe(['renderer', 'formatter', 'neato_no_op', 'quiet'])", "correlation_id": "-", "session_id": "-", "timestamp": "2025-08-19T08:35:39.631150+00:00"}
{"asctime": "2025-08-19 10:35:39,631", "levelname": "DEBUG", "name": "graphviz._tools", "message": "deprecate positional args: graphviz.backend.rendering.render(['renderer', 'formatter', 'neato_no_op', 'quiet'])", "correlation_id": "-", "session_id": "-", "timestamp": "2025-08-19T08:35:39.631676+00:00"}
{"asctime": "2025-08-19 10:35:39,632", "levelname": "DEBUG", "name": "graphviz._tools", "message": "deprecate positional args: graphviz.backend.unflattening.unflatten(['stagger', 'fanout', 'chain', 'encoding'])", "correlation_id": "-", "session_id": "-", "timestamp": "2025-08-19T08:35:39.632056+00:00"}
{"asctime": "2025-08-19 10:35:39,632", "levelname": "DEBUG", "name": "graphviz._tools", "message": "deprecate positional args: graphviz.backend.viewing.view(['quiet'])", "correlation_id": "-", "session_id": "-", "timestamp": "2025-08-19T08:35:39.632340+00:00"}
{"asctime": "2025-08-19 10:35:39,634", "levelname": "DEBUG", "name": "graphviz._tools", "message": "deprecate positional args: graphviz.quoting.quote(['is_html_string', 'is_valid_id', 'dot_keywords', 'endswith_odd_number_of_backslashes', 'escape_unescaped_quotes'])", "correlation_id": "-", "session_id": "-", "timestamp": "2025-08-19T08:35:39.634101+00:00"}
{"asctime": "2025-08-19 10:35:39,634", "levelname": "DEBUG", "name": "graphviz._tools", "message": "deprecate positional args: graphviz.quoting.a_list(['kwargs', 'attributes'])", "correlation_id": "-", "session_id": "-", "timestamp": "2025-08-19T08:35:39.634241+00:00"}
{"asctime": "2025-08-19 10:35:39,634", "levelname": "DEBUG", "name": "graphviz._tools", "message": "deprecate positional args: graphviz.quoting.attr_list(['kwargs', 'attributes'])", "correlation_id": "-", "session_id": "-", "timestamp": "2025-08-19T08:35:39.634328+00:00"}
{"asctime": "2025-08-19 10:35:39,634", "levelname": "DEBUG", "name": "graphviz._tools", "message": "deprecate positional args: graphviz.dot.Dot.clear(['self', 'keep_attrs'])", "correlation_id": "-", "session_id": "-", "timestamp": "2025-08-19T08:35:39.634484+00:00"}
{"asctime": "2025-08-19 10:35:39,634", "levelname": "DEBUG", "name": "graphviz._tools", "message": "deprecate positional args: graphviz.dot.Dot.__iter__(['self', 'subgraph'])", "correlation_id": "-", "session_id": "-", "timestamp": "2025-08-19T08:35:39.634570+00:00"}
{"asctime": "2025-08-19 10:35:39,634", "levelname": "DEBUG", "name": "graphviz._tools", "message": "deprecate positional args: graphviz.dot.Dot.node(['label', '_attributes'])", "correlation_id": "-", "session_id": "-", "timestamp": "2025-08-19T08:35:39.634641+00:00"}
{"asctime": "2025-08-19 10:35:39,634", "levelname": "DEBUG", "name": "graphviz._tools", "message": "deprecate positional args: graphviz.dot.Dot.edge(['label', '_attributes'])", "correlation_id": "-", "session_id": "-", "timestamp": "2025-08-19T08:35:39.634709+00:00"}
{"asctime": "2025-08-19 10:35:39,634", "levelname": "DEBUG", "name": "graphviz._tools", "message": "deprecate positional args: graphviz.dot.Dot.attr(['kw', '_attributes'])", "correlation_id": "-", "session_id": "-", "timestamp": "2025-08-19T08:35:39.634770+00:00"}
{"asctime": "2025-08-19 10:35:39,634", "levelname": "DEBUG", "name": "graphviz._tools", "message": "deprecate positional args: graphviz.dot.Dot.subgraph(['graph', 'name', 'comment', 'graph_attr', 'node_attr', 'edge_attr', 'body'])", "correlation_id": "-", "session_id": "-", "timestamp": "2025-08-19T08:35:39.634836+00:00"}
{"asctime": "2025-08-19 10:35:39,635", "levelname": "DEBUG", "name": "graphviz._tools", "message": "deprecate positional args: graphviz.piping.Pipe._pipe_legacy(['format', 'renderer', 'formatter', 'neato_no_op', 'quiet'])", "correlation_id": "-", "session_id": "-", "timestamp": "2025-08-19T08:35:39.635608+00:00"}
{"asctime": "2025-08-19 10:35:39,636", "levelname": "DEBUG", "name": "graphviz._tools", "message": "deprecate positional args: graphviz.saving.Save.save(['filename', 'directory'])", "correlation_id": "-", "session_id": "-", "timestamp": "2025-08-19T08:35:39.636409+00:00"}
{"asctime": "2025-08-19 10:35:39,636", "levelname": "DEBUG", "name": "graphviz._tools", "message": "deprecate positional args: graphviz.rendering.Render.render(['filename', 'directory', 'view', 'cleanup', 'format', 'renderer', 'formatter', 'neato_no_op', 'quiet', 'quiet_view'])", "correlation_id": "-", "session_id": "-", "timestamp": "2025-08-19T08:35:39.636539+00:00"}
{"asctime": "2025-08-19 10:35:39,636", "levelname": "DEBUG", "name": "graphviz._tools", "message": "deprecate positional args: graphviz.rendering.Render.view(['filename', 'directory', 'cleanup', 'quiet', 'quiet_view'])", "correlation_id": "-", "session_id": "-", "timestamp": "2025-08-19T08:35:39.636612+00:00"}
{"asctime": "2025-08-19 10:35:39,637", "levelname": "DEBUG", "name": "graphviz._tools", "message": "deprecate positional args: graphviz.unflattening.Unflatten.unflatten(['self', 'stagger', 'fanout', 'chain'])", "correlation_id": "-", "session_id": "-", "timestamp": "2025-08-19T08:35:39.637008+00:00"}
{"asctime": "2025-08-19 10:35:39,637", "levelname": "DEBUG", "name": "graphviz._tools", "message": "deprecate positional args: graphviz.graphs.BaseGraph.__init__(['name', 'comment', 'filename', 'directory', 'format', 'engine', 'encoding', 'graph_attr', 'node_attr', 'edge_attr', 'body', 'strict'])", "correlation_id": "-", "session_id": "-", "timestamp": "2025-08-19T08:35:39.637112+00:00"}
{"asctime": "2025-08-19 10:35:39,637", "levelname": "DEBUG", "name": "graphviz._tools", "message": "deprecate positional args: graphviz.sources.Source.from_file(['filename', 'directory', 'format', 'engine', 'encoding', 'renderer', 'formatter'])", "correlation_id": "-", "session_id": "-", "timestamp": "2025-08-19T08:35:39.637470+00:00"}
{"asctime": "2025-08-19 10:35:39,637", "levelname": "DEBUG", "name": "graphviz._tools", "message": "deprecate positional args: graphviz.sources.Source.__init__(['source', 'filename', 'directory', 'format', 'engine', 'encoding'])", "correlation_id": "-", "session_id": "-", "timestamp": "2025-08-19T08:35:39.637563+00:00"}
{"asctime": "2025-08-19 10:35:39,637", "levelname": "DEBUG", "name": "graphviz._tools", "message": "deprecate positional args: graphviz.sources.Source.save(['filename', 'directory'])", "correlation_id": "-", "session_id": "-", "timestamp": "2025-08-19T08:35:39.637626+00:00"}
{"asctime": "2025-08-19 10:35:40,085", "levelname": "DEBUG", "name": "matplotlib", "message": "CACHEDIR=/Users/remyroche/.matplotlib", "correlation_id": "-", "session_id": "-", "timestamp": "2025-08-19T08:35:40.085545+00:00"}
{"asctime": "2025-08-19 10:35:40,087", "levelname": "DEBUG", "name": "matplotlib.font_manager", "message": "Using fontManager instance from /Users/remyroche/.matplotlib/fontlist-v390.json", "correlation_id": "-", "session_id": "-", "timestamp": "2025-08-19T08:35:40.087635+00:00"}
{"asctime": "2025-08-19 10:35:40,471", "levelname": "ERROR", "name": "AresGlobal.StepOrchestrator", "message": "Failed to setup enhanced training manager: `@validator` cannot be applied to instance methods\n\nFor further information visit https://errors.pydantic.dev/2.11/u/validator-instance-method", "correlation_id": "-", "session_id": "-", "exc_info": "Traceback (most recent call last):\n  File \"/Users/remyroche/Documents/Ares/src/training/step_orchestrator.py\", line 74, in _setup_enhanced_training_manager\n    from src.training.enhanced_training_manager import (\n  File \"/Users/remyroche/Documents/Ares/src/training/enhanced_training_manager.py\", line 58, in <module>\n    from src.training.steps.multi_timeframe_training.multi_timeframe_training_manager import (\n  File \"/Users/remyroche/Documents/Ares/src/training/steps/__init__.py\", line 45, in <module>\n    from .step5_5_unified_regime_intelligence import UnifiedRegimeIntelligenceStep\n  File \"/Users/remyroche/Documents/Ares/src/training/steps/step5_5_unified_regime_intelligence.py\", line 46, in <module>\n    from src.training.enhanced_lm_optimizer import EnhancedLMOptimizer\n  File \"/Users/remyroche/Documents/Ares/src/training/enhanced_lm_optimizer.py\", line 44, in <module>\n    from src.training.enhanced_lm_config import (\n  File \"/Users/remyroche/Documents/Ares/src/training/enhanced_lm_config.py\", line 32, in <module>\n    class FeatureSelectionConfig(BaseModel):\n  File \"/Users/remyroche/Documents/Ares/src/training/enhanced_lm_config.py\", line 63, in FeatureSelectionConfig\n    @validator(\"methods\")\n     ^^^^^^^^^^^^^^^^^^^^\n  File \"/opt/homebrew/Caskroom/miniforge/base/lib/python3.12/site-packages/pydantic/deprecated/class_validators.py\", line 140, in dec\n    raise PydanticUserError(\npydantic.errors.PydanticUserError: `@validator` cannot be applied to instance methods\n\nFor further information visit https://errors.pydantic.dev/2.11/u/validator-instance-method", "timestamp": "2025-08-19T08:35:40.471598+00:00"}
{"asctime": "2025-08-19 10:35:40,473", "levelname": "INFO", "name": "AresGlobal.StepOrchestrator", "message": "\u001b[91m\u001b[1m❌\u001b[0m \u001b[91m\u001b[1mFailed to setup enhanced training manager: `@validator` cannot be applied to instance methods\n\nFor further information visit https://errors.pydantic.dev/2.11/u/validator-instance-method\u001b[0m", "correlation_id": "-", "session_id": "-", "timestamp": "2025-08-19T08:35:40.473788+00:00"}
{"asctime": "2025-08-19 10:35:40,474", "levelname": "ERROR", "name": "AresGlobal.AresLauncher", "message": "❌ Step-based training pipeline failed", "correlation_id": "-", "session_id": "-", "timestamp": "2025-08-19T08:35:40.474306+00:00"}
{"asctime": "2025-08-19 10:35:40,474", "levelname": "INFO", "name": "AresSystem", "message": "================================================================================", "correlation_id": "-", "session_id": "-", "timestamp": "2025-08-19T08:35:40.474437+00:00"}
{"asctime": "2025-08-19 10:35:40,474", "levelname": "INFO", "name": "AresGlobal", "message": "[SYSTEM] ================================================================================", "correlation_id": "-", "session_id": "-", "timestamp": "2025-08-19T08:35:40.474532+00:00"}
{"asctime": "2025-08-19 10:35:40,474", "levelname": "INFO", "name": "AresSystem", "message": "🛑 ARES LAUNCHER ENDED - Exit code: 1", "correlation_id": "-", "session_id": "-", "timestamp": "2025-08-19T08:35:40.474617+00:00"}
{"asctime": "2025-08-19 10:35:40,474", "levelname": "INFO", "name": "AresGlobal", "message": "[SYSTEM] 🛑 ARES LAUNCHER ENDED - Exit code: 1", "correlation_id": "-", "session_id": "-", "timestamp": "2025-08-19T08:35:40.474707+00:00"}
{"asctime": "2025-08-19 10:35:40,474", "levelname": "INFO", "name": "AresSystem", "message": "End time: 2025-08-19 10:35:40", "correlation_id": "-", "session_id": "-", "timestamp": "2025-08-19T08:35:40.474801+00:00"}
{"asctime": "2025-08-19 10:35:40,474", "levelname": "INFO", "name": "AresGlobal", "message": "[SYSTEM] End time: 2025-08-19 10:35:40", "correlation_id": "-", "session_id": "-", "timestamp": "2025-08-19T08:35:40.474882+00:00"}
{"asctime": "2025-08-19 10:35:40,474", "levelname": "INFO", "name": "AresSystem", "message": "================================================================================", "correlation_id": "-", "session_id": "-", "timestamp": "2025-08-19T08:35:40.474960+00:00"}
{"asctime": "2025-08-19 10:35:40,475", "levelname": "INFO", "name": "AresGlobal", "message": "[SYSTEM] ================================================================================", "correlation_id": "-", "session_id": "-", "timestamp": "2025-08-19T08:35:40.475042+00:00"}
{"asctime": "2025-08-19 10:35:40,475", "levelname": "INFO", "name": "AresGlobal.AresLauncher", "message": "🧹 Cleaning up processes...", "correlation_id": "-", "session_id": "-", "timestamp": "2025-08-19T08:35:40.475126+00:00"}
{"asctime": "2025-08-19 10:35:40,475", "levelname": "INFO", "name": "AresGlobal.AresLauncher", "message": "✅ Cleanup completed", "correlation_id": "-", "session_id": "-", "timestamp": "2025-08-19T08:35:40.475211+00:00"}
