{"asctime": "2025-08-19 18:09:07,037", "levelname": "INFO", "name": "AresTradingSystem", "message": "✅ Enhanced Logger initialization completed successfully", "correlation_id": "-", "session_id": "-", "timestamp": "2025-08-19T16:09:07.037670+00:00"}
{"asctime": "2025-08-19 18:09:07,154", "levelname": "INFO", "name": "AresTradingSystem.System.VectorizedAdvancedFeatureEngineering", "message": "✅ Subsampling disabled for blank/short-blank horizon (<=180d)", "correlation_id": "-", "session_id": "-", "timestamp": "2025-08-19T16:09:07.154540+00:00"}
{"asctime": "2025-08-19 18:09:07,154", "levelname": "INFO", "name": "AresTradingSystem.System.VectorizedAdvancedFeatureEngineering", "message": "✅ Configured joblib memory cache: data/joblib_cache", "correlation_id": "-", "session_id": "-", "timestamp": "2025-08-19T16:09:07.154728+00:00"}
{"asctime": "2025-08-19 18:09:07,179", "levelname": "INFO", "name": "AresTradingSystem.System.EnhancedTrainingManager", "message": "✅ Enhanced matrix operations and GPU acceleration initialized", "correlation_id": "-", "session_id": "-", "timestamp": "2025-08-19T16:09:07.179064+00:00"}
{"asctime": "2025-08-19 18:09:07,179", "levelname": "INFO", "name": "AresTradingSystem.System.EnhancedTrainingManager", "message": "🚀 Initializing Enhanced Training Manager...", "correlation_id": "-", "session_id": "-", "timestamp": "2025-08-19T16:09:07.179187+00:00"}
{"asctime": "2025-08-19 18:09:07,179", "levelname": "INFO", "name": "AresTradingSystem.System.EnhancedTrainingManager", "message": "📊 Blank training mode: True", "correlation_id": "-", "session_id": "-", "timestamp": "2025-08-19T16:09:07.179268+00:00"}
{"asctime": "2025-08-19 18:09:07,179", "levelname": "INFO", "name": "AresTradingSystem.System.EnhancedTrainingManager", "message": "🔧 Max trials: 200", "correlation_id": "-", "session_id": "-", "timestamp": "2025-08-19T16:09:07.179336+00:00"}
{"asctime": "2025-08-19 18:09:07,179", "levelname": "INFO", "name": "AresTradingSystem.System.EnhancedTrainingManager", "message": "🔧 N trials: 100", "correlation_id": "-", "session_id": "-", "timestamp": "2025-08-19T16:09:07.179396+00:00"}
{"asctime": "2025-08-19 18:09:07,179", "levelname": "INFO", "name": "AresTradingSystem.System.EnhancedTrainingManager", "message": "📈 Lookback days: 180", "correlation_id": "-", "session_id": "-", "timestamp": "2025-08-19T16:09:07.179456+00:00"}
{"asctime": "2025-08-19 18:09:07,179", "levelname": "INFO", "name": "AresTradingSystem.System.EnhancedTrainingManager", "message": "🚀 Computational optimization: True", "correlation_id": "-", "session_id": "-", "timestamp": "2025-08-19T16:09:07.179513+00:00"}
{"asctime": "2025-08-19 18:09:07,179", "levelname": "INFO", "name": "AresTradingSystem.System.EnhancedTrainingManager", "message": "📊 Resource Analysis:", "correlation_id": "-", "session_id": "-", "timestamp": "2025-08-19T16:09:07.179603+00:00"}
{"asctime": "2025-08-19 18:09:07,179", "levelname": "INFO", "name": "AresTradingSystem.System.EnhancedTrainingManager", "message": "   💾 System Memory: 16.0 GB", "correlation_id": "-", "session_id": "-", "timestamp": "2025-08-19T16:09:07.179665+00:00"}
{"asctime": "2025-08-19 18:09:07,179", "levelname": "INFO", "name": "AresTradingSystem.System.EnhancedTrainingManager", "message": "   🖥️ CPU Cores: 8", "correlation_id": "-", "session_id": "-", "timestamp": "2025-08-19T16:09:07.179826+00:00"}
{"asctime": "2025-08-19 18:09:07,179", "levelname": "INFO", "name": "AresTradingSystem.System.EnhancedTrainingManager", "message": "   📈 Estimated Memory Usage: 4.0 GB", "correlation_id": "-", "session_id": "-", "timestamp": "2025-08-19T16:09:07.179902+00:00"}
{"asctime": "2025-08-19 18:09:07,179", "levelname": "INFO", "name": "AresTradingSystem.System.EnhancedTrainingManager", "message": "   ⏱️ Estimated Time: 90 minutes (1.5 hours)", "correlation_id": "-", "session_id": "-", "timestamp": "2025-08-19T16:09:07.179966+00:00"}
{"asctime": "2025-08-19 18:09:07,180", "levelname": "INFO", "name": "AresTradingSystem.System.EnhancedTrainingManager", "message": "   🤖 Models to Train: 4", "correlation_id": "-", "session_id": "-", "timestamp": "2025-08-19T16:09:07.180026+00:00"}
{"asctime": "2025-08-19 18:09:07,180", "levelname": "INFO", "name": "AresTradingSystem.System.EnhancedTrainingManager", "message": "   🔧 Optimization Trials: 50", "correlation_id": "-", "session_id": "-", "timestamp": "2025-08-19T16:09:07.180096+00:00"}
{"asctime": "2025-08-19 18:09:07,180", "levelname": "INFO", "name": "AresTradingSystem.System.EnhancedTrainingManager", "message": "📋 Step-by-Step Time Estimates:", "correlation_id": "-", "session_id": "-", "timestamp": "2025-08-19T16:09:07.180151+00:00"}
{"asctime": "2025-08-19 18:09:07,180", "levelname": "INFO", "name": "AresTradingSystem.System.EnhancedTrainingManager", "message": "   step1_data_collection: 5 min (4.3%)", "correlation_id": "-", "session_id": "-", "timestamp": "2025-08-19T16:09:07.180210+00:00"}
{"asctime": "2025-08-19 18:09:07,180", "levelname": "INFO", "name": "AresTradingSystem.System.EnhancedTrainingManager", "message": "   step2_feature_engineering: 15 min (13.0%)", "correlation_id": "-", "session_id": "-", "timestamp": "2025-08-19T16:09:07.180275+00:00"}
{"asctime": "2025-08-19 18:09:07,180", "levelname": "INFO", "name": "AresTradingSystem.System.EnhancedTrainingManager", "message": "   step3_hmm_regime_discovery: 3 min (2.6%)", "correlation_id": "-", "session_id": "-", "timestamp": "2025-08-19T16:09:07.180329+00:00"}
{"asctime": "2025-08-19 18:09:07,180", "levelname": "INFO", "name": "AresTradingSystem.System.EnhancedTrainingManager", "message": "   step4_processing_labeling: 8 min (7.0%)", "correlation_id": "-", "session_id": "-", "timestamp": "2025-08-19T16:09:07.180381+00:00"}
{"asctime": "2025-08-19 18:09:07,180", "levelname": "INFO", "name": "AresTradingSystem.System.EnhancedTrainingManager", "message": "   step5_regime_data_splitting: 2 min (1.7%)", "correlation_id": "-", "session_id": "-", "timestamp": "2025-08-19T16:09:07.180431+00:00"}
{"asctime": "2025-08-19 18:09:07,180", "levelname": "INFO", "name": "AresTradingSystem.System.EnhancedTrainingManager", "message": "   step6_hmm_based_training: 10 min (8.7%)", "correlation_id": "-", "session_id": "-", "timestamp": "2025-08-19T16:09:07.180492+00:00"}
{"asctime": "2025-08-19 18:09:07,180", "levelname": "INFO", "name": "AresTradingSystem.System.EnhancedTrainingManager", "message": "   step6_5_unified_regime_intelligence: 8 min (7.0%)", "correlation_id": "-", "session_id": "-", "timestamp": "2025-08-19T16:09:07.180543+00:00"}
{"asctime": "2025-08-19 18:09:07,180", "levelname": "INFO", "name": "AresTradingSystem.System.EnhancedTrainingManager", "message": "   step7_analyst_enhancement: 8 min (7.0%)", "correlation_id": "-", "session_id": "-", "timestamp": "2025-08-19T16:09:07.180596+00:00"}
{"asctime": "2025-08-19 18:09:07,180", "levelname": "INFO", "name": "AresTradingSystem.System.EnhancedTrainingManager", "message": "   step8_tactician_labeling: 5 min (4.3%)", "correlation_id": "-", "session_id": "-", "timestamp": "2025-08-19T16:09:07.180648+00:00"}
{"asctime": "2025-08-19 18:09:07,180", "levelname": "INFO", "name": "AresTradingSystem.System.EnhancedTrainingManager", "message": "   step9_tactician_specialist_training: 10 min (8.7%)", "correlation_id": "-", "session_id": "-", "timestamp": "2025-08-19T16:09:07.180699+00:00"}
{"asctime": "2025-08-19 18:09:07,180", "levelname": "INFO", "name": "AresTradingSystem.System.EnhancedTrainingManager", "message": "   step10_confidence_calibration: 3 min (2.6%)", "correlation_id": "-", "session_id": "-", "timestamp": "2025-08-19T16:09:07.180750+00:00"}
{"asctime": "2025-08-19 18:09:07,180", "levelname": "INFO", "name": "AresTradingSystem.System.EnhancedTrainingManager", "message": "   step11_final_parameters_optimization: 15 min (13.0%)", "correlation_id": "-", "session_id": "-", "timestamp": "2025-08-19T16:09:07.180801+00:00"}
{"asctime": "2025-08-19 18:09:07,180", "levelname": "INFO", "name": "AresTradingSystem.System.EnhancedTrainingManager", "message": "   step12_walk_forward_validation: 8 min (7.0%)", "correlation_id": "-", "session_id": "-", "timestamp": "2025-08-19T16:09:07.180851+00:00"}
{"asctime": "2025-08-19 18:09:07,180", "levelname": "INFO", "name": "AresTradingSystem.System.EnhancedTrainingManager", "message": "   step13_monte_carlo_validation: 8 min (7.0%)", "correlation_id": "-", "session_id": "-", "timestamp": "2025-08-19T16:09:07.180906+00:00"}
{"asctime": "2025-08-19 18:09:07,180", "levelname": "INFO", "name": "AresTradingSystem.System.EnhancedTrainingManager", "message": "   step14_ab_testing: 5 min (4.3%)", "correlation_id": "-", "session_id": "-", "timestamp": "2025-08-19T16:09:07.180956+00:00"}
{"asctime": "2025-08-19 18:09:07,181", "levelname": "INFO", "name": "AresTradingSystem.System.EnhancedTrainingManager", "message": "   step15_saving: 2 min (1.7%)", "correlation_id": "-", "session_id": "-", "timestamp": "2025-08-19T16:09:07.181007+00:00"}
{"asctime": "2025-08-19 18:09:07,181", "levelname": "INFO", "name": "AresTradingSystem.System.EnhancedTrainingManager", "message": "💡 Recommendations:", "correlation_id": "-", "session_id": "-", "timestamp": "2025-08-19T16:09:07.181057+00:00"}
{"asctime": "2025-08-19 18:09:07,181", "levelname": "INFO", "name": "AresTradingSystem.System.EnhancedTrainingManager", "message": "   ✅ Blank training mode is suitable for your system", "correlation_id": "-", "session_id": "-", "timestamp": "2025-08-19T16:09:07.181112+00:00"}
{"asctime": "2025-08-19 18:09:07,181", "levelname": "INFO", "name": "AresTradingSystem.System.EnhancedTrainingManager", "message": "🚀 Initializing computational optimization components...", "correlation_id": "-", "session_id": "-", "timestamp": "2025-08-19T16:09:07.181171+00:00"}
{"asctime": "2025-08-19 18:09:07,181", "levelname": "INFO", "name": "AresTradingSystem.System.EnhancedTrainingManager", "message": "✅ Computational optimization components initialized successfully", "correlation_id": "-", "session_id": "-", "timestamp": "2025-08-19T16:09:07.181571+00:00"}
{"asctime": "2025-08-19 18:09:07,181", "levelname": "INFO", "name": "AresTradingSystem.System.VectorizedTrainingPipeline", "message": "🚀 Initializing Vectorized Training Pipeline...", "correlation_id": "-", "session_id": "-", "timestamp": "2025-08-19T16:09:07.181634+00:00"}
{"asctime": "2025-08-19 18:09:07,181", "levelname": "INFO", "name": "AresTradingSystem.System.VectorizedTrainingPipeline", "message": "📊 Initializing matrix enhancement components...", "correlation_id": "-", "session_id": "-", "timestamp": "2025-08-19T16:09:07.181689+00:00"}
{"asctime": "2025-08-19 18:09:07,181", "levelname": "INFO", "name": "AresTradingSystem.System.VectorizedAdvancedFeatureEngineering", "message": "🚀 Initializing vectorized advanced feature engineering...", "correlation_id": "-", "session_id": "-", "timestamp": "2025-08-19T16:09:07.181743+00:00"}
{"asctime": "2025-08-19 18:09:07,181", "levelname": "INFO", "name": "AresTradingSystem.System.WaveletFeatureCache", "message": "✅ Cache directory initialized: data/wavelet_cache", "correlation_id": "-", "session_id": "-", "timestamp": "2025-08-19T16:09:07.181877+00:00"}
{"asctime": "2025-08-19 18:09:07,181", "levelname": "INFO", "name": "AresTradingSystem.System.VectorizedVolatilityRegimeModel", "message": "🚀 Initializing VectorizedVolatilityRegimeModel...", "correlation_id": "-", "session_id": "-", "timestamp": "2025-08-19T16:09:07.181944+00:00"}
{"asctime": "2025-08-19 18:09:07,182", "levelname": "INFO", "name": "AresTradingSystem.System.VectorizedVolatilityRegimeModel", "message": "✅ VectorizedVolatilityRegimeModel initialized successfully", "correlation_id": "-", "session_id": "-", "timestamp": "2025-08-19T16:09:07.182062+00:00"}
{"asctime": "2025-08-19 18:09:07,182", "levelname": "INFO", "name": "AresTradingSystem.System.VectorizedCorrelationAnalyzer", "message": "🚀 Initializing VectorizedCorrelationAnalyzer...", "correlation_id": "-", "session_id": "-", "timestamp": "2025-08-19T16:09:07.182160+00:00"}
{"asctime": "2025-08-19 18:09:07,182", "levelname": "INFO", "name": "AresTradingSystem.System.VectorizedCorrelationAnalyzer", "message": "✅ VectorizedCorrelationAnalyzer initialized successfully", "correlation_id": "-", "session_id": "-", "timestamp": "2025-08-19T16:09:07.182227+00:00"}
{"asctime": "2025-08-19 18:09:07,183", "levelname": "INFO", "name": "AresTradingSystem.System.VectorizedMomentumAnalyzer", "message": "🚀 Initializing VectorizedMomentumAnalyzer...", "correlation_id": "-", "session_id": "-", "timestamp": "2025-08-19T16:09:07.183259+00:00"}
{"asctime": "2025-08-19 18:09:07,183", "levelname": "INFO", "name": "AresTradingSystem.System.VectorizedMomentumAnalyzer", "message": "✅ VectorizedMomentumAnalyzer initialized successfully", "correlation_id": "-", "session_id": "-", "timestamp": "2025-08-19T16:09:07.183329+00:00"}
{"asctime": "2025-08-19 18:09:07,183", "levelname": "INFO", "name": "AresTradingSystem.System.VectorizedAdvancedFeatureEngineering", "message": "🔍 Creating VectorizedLiquidityAnalyzer...", "correlation_id": "-", "session_id": "-", "timestamp": "2025-08-19T16:09:07.183387+00:00"}
{"asctime": "2025-08-19 18:09:07,183", "levelname": "INFO", "name": "AresTradingSystem.System.VectorizedAdvancedFeatureEngineering", "message": "🔍 VectorizedLiquidityAnalyzer created, initializing...", "correlation_id": "-", "session_id": "-", "timestamp": "2025-08-19T16:09:07.183448+00:00"}
{"asctime": "2025-08-19 18:09:07,183", "levelname": "INFO", "name": "AresTradingSystem.System.VectorizedLiquidityAnalyzer", "message": "🚀 Initializing VectorizedLiquidityAnalyzer...", "correlation_id": "-", "session_id": "-", "timestamp": "2025-08-19T16:09:07.183505+00:00"}
{"asctime": "2025-08-19 18:09:07,183", "levelname": "INFO", "name": "AresTradingSystem.System.VectorizedLiquidityAnalyzer", "message": "✅ VectorizedLiquidityAnalyzer initialized successfully", "correlation_id": "-", "session_id": "-", "timestamp": "2025-08-19T16:09:07.183558+00:00"}
{"asctime": "2025-08-19 18:09:07,183", "levelname": "INFO", "name": "AresTradingSystem.System.VectorizedAdvancedFeatureEngineering", "message": "✅ Liquidity analyzer initialized successfully", "correlation_id": "-", "session_id": "-", "timestamp": "2025-08-19T16:09:07.183611+00:00"}
{"asctime": "2025-08-19 18:09:07,183", "levelname": "INFO", "name": "AresTradingSystem.System.VectorizedAdvancedFeatureEngineering", "message": "🔍 Creating VectorizedCandlestickPatternAnalyzer...", "correlation_id": "-", "session_id": "-", "timestamp": "2025-08-19T16:09:07.183664+00:00"}
{"asctime": "2025-08-19 18:09:07,183", "levelname": "INFO", "name": "AresTradingSystem.System.VectorizedAdvancedFeatureEngineering", "message": "🔍 VectorizedCandlestickPatternAnalyzer created, initializing...", "correlation_id": "-", "session_id": "-", "timestamp": "2025-08-19T16:09:07.183720+00:00"}
{"asctime": "2025-08-19 18:09:07,183", "levelname": "INFO", "name": "AresTradingSystem.System.VectorizedCandlestickPatternAnalyzer", "message": "🚀 Initializing VectorizedCandlestickPatternAnalyzer...", "correlation_id": "-", "session_id": "-", "timestamp": "2025-08-19T16:09:07.183774+00:00"}
{"asctime": "2025-08-19 18:09:07,183", "levelname": "INFO", "name": "AresTradingSystem.System.VectorizedCandlestickPatternAnalyzer", "message": "🔍 Config keys: ['environment', 'system', 'trading', 'training', 'trading_symbol', 'exchange_name', 'trading_interval', 'initial_equity', 'taker_fee', 'maker_fee', 'state_file', 'lookback_years', 'exchanges', 'risk_management', 'position_management', 'pipeline', 'analyst', 'logging', 'database', 'data', 'checkpointing', 'reporting', 'mlflow', 'version', 'training_pipeline', 'MODEL_TRAINING', 'DATA_CONFIG', 'ENHANCED_TRAINING', 'HMM_LM', 'vectorized_labelling_orchestrator', 'method_a_mixture_of_experts', 'feature_reduction', 'MULTI_TIMEFRAME_TRAINING', 'TIMEFRAMES', 'TIMEFRAME_SETS', 'DEFAULT_TIMEFRAME_SET', 'TWO_TIER_DECISION', 'ENHANCED_ENSEMBLE', 'meta_labeling', 'multi_timeframe_regime_integration', 'regime_specific_tpsl_optimizer', 'TRANSITION_MODELING', 'CHECKPOINT_DIR']", "correlation_id": "-", "session_id": "-", "timestamp": "2025-08-19T16:09:07.183838+00:00"}
{"asctime": "2025-08-19 18:09:07,183", "levelname": "INFO", "name": "AresTradingSystem.System.VectorizedCandlestickPatternAnalyzer", "message": "✅ VectorizedCandlestickPatternAnalyzer initialized successfully", "correlation_id": "-", "session_id": "-", "timestamp": "2025-08-19T16:09:07.183968+00:00"}
{"asctime": "2025-08-19 18:09:07,184", "levelname": "INFO", "name": "AresTradingSystem.System.VectorizedAdvancedFeatureEngineering", "message": "✅ Candlestick analyzer initialized successfully", "correlation_id": "-", "session_id": "-", "timestamp": "2025-08-19T16:09:07.184066+00:00"}
{"asctime": "2025-08-19 18:09:07,184", "levelname": "INFO", "name": "AresTradingSystem.System.VectorizedAdvancedFeatureEngineering", "message": "🔍 Creating VectorizedSRDistanceCalculator...", "correlation_id": "-", "session_id": "-", "timestamp": "2025-08-19T16:09:07.184135+00:00"}
{"asctime": "2025-08-19 18:09:07,184", "levelname": "INFO", "name": "AresTradingSystem.System.VectorizedAdvancedFeatureEngineering", "message": "🔍 VectorizedSRDistanceCalculator created, initializing...", "correlation_id": "-", "session_id": "-", "timestamp": "2025-08-19T16:09:07.184204+00:00"}
{"asctime": "2025-08-19 18:09:07,184", "levelname": "INFO", "name": "AresTradingSystem.System.VectorizedSRDistanceCalculator", "message": "🚀 Initializing VectorizedSRDistanceCalculator...", "correlation_id": "-", "session_id": "-", "timestamp": "2025-08-19T16:09:07.184265+00:00"}
{"asctime": "2025-08-19 18:09:07,184", "levelname": "INFO", "name": "AresTradingSystem.System.VectorizedSRDistanceCalculator", "message": "✅ VectorizedSRDistanceCalculator initialized successfully", "correlation_id": "-", "session_id": "-", "timestamp": "2025-08-19T16:09:07.184321+00:00"}
{"asctime": "2025-08-19 18:09:07,184", "levelname": "INFO", "name": "AresTradingSystem.System.VectorizedAdvancedFeatureEngineering", "message": "✅ S/R distance calculator initialized successfully", "correlation_id": "-", "session_id": "-", "timestamp": "2025-08-19T16:09:07.184375+00:00"}
{"asctime": "2025-08-19 18:09:07,184", "levelname": "INFO", "name": "AresTradingSystem.System.VectorizedAdvancedFeatureEngineering", "message": "🔍 Creating VectorizedWaveletTransformAnalyzer...", "correlation_id": "-", "session_id": "-", "timestamp": "2025-08-19T16:09:07.184432+00:00"}
{"asctime": "2025-08-19 18:09:07,184", "levelname": "INFO", "name": "AresTradingSystem.System.VectorizedAdvancedFeatureEngineering", "message": "🔍 VectorizedWaveletTransformAnalyzer created, initializing...", "correlation_id": "-", "session_id": "-", "timestamp": "2025-08-19T16:09:07.184491+00:00"}
{"asctime": "2025-08-19 18:09:07,184", "levelname": "INFO", "name": "AresTradingSystem.System.VectorizedWaveletTransformAnalyzer", "message": "🚀 Initializing VectorizedWaveletTransformAnalyzer...", "correlation_id": "-", "session_id": "-", "timestamp": "2025-08-19T16:09:07.184548+00:00"}
{"asctime": "2025-08-19 18:09:07,184", "levelname": "INFO", "name": "AresTradingSystem.System.VectorizedWaveletTransformAnalyzer", "message": "✅ VectorizedWaveletTransformAnalyzer initialized successfully", "correlation_id": "-", "session_id": "-", "timestamp": "2025-08-19T16:09:07.184600+00:00"}
{"asctime": "2025-08-19 18:09:07,184", "levelname": "INFO", "name": "AresTradingSystem.System.VectorizedAdvancedFeatureEngineering", "message": "✅ Wavelet analyzer initialized successfully", "correlation_id": "-", "session_id": "-", "timestamp": "2025-08-19T16:09:07.184655+00:00"}
{"asctime": "2025-08-19 18:09:07,184", "levelname": "INFO", "name": "AresTradingSystem.System.VectorizedAdvancedFeatureEngineering", "message": "ℹ️ Meta-labeling system removed - using only HMM market regimes for labeling", "correlation_id": "-", "session_id": "-", "timestamp": "2025-08-19T16:09:07.184708+00:00"}
{"asctime": "2025-08-19 18:09:07,184", "levelname": "INFO", "name": "AresTradingSystem.System.VectorizedAdvancedFeatureEngineering", "message": "✅ Vectorized advanced feature engineering initialized successfully", "correlation_id": "-", "session_id": "-", "timestamp": "2025-08-19T16:09:07.184762+00:00"}
{"asctime": "2025-08-19 18:09:07,184", "levelname": "INFO", "name": "AresTradingSystem.System.VectorizedTrainingPipeline", "message": "🔧 Initialized vectorized feature engineering", "correlation_id": "-", "session_id": "-", "timestamp": "2025-08-19T16:09:07.184817+00:00"}
{"asctime": "2025-08-19 18:09:07,184", "levelname": "INFO", "name": "AresTradingSystem.System.VectorizedTrainingPipeline", "message": "✅ Vectorized Training Pipeline initialized successfully", "correlation_id": "-", "session_id": "-", "timestamp": "2025-08-19T16:09:07.184875+00:00"}
{"asctime": "2025-08-19 18:09:07,184", "levelname": "INFO", "name": "AresTradingSystem.System.EnhancedTrainingManager", "message": "✅ Vectorized Training Pipeline initialized", "correlation_id": "-", "session_id": "-", "timestamp": "2025-08-19T16:09:07.184930+00:00"}
{"asctime": "2025-08-19 18:09:07,184", "levelname": "INFO", "name": "AresTradingSystem.System.EnhancedTrainingManager", "message": "✅ Enhanced Training Manager initialized successfully", "correlation_id": "-", "session_id": "-", "timestamp": "2025-08-19T16:09:07.184983+00:00"}
{"asctime": "2025-08-19 18:09:07,185", "levelname": "INFO", "name": "AresTradingSystem.System.EnhancedTrainingManager", "message": "================================================================================", "correlation_id": "-", "session_id": "-", "timestamp": "2025-08-19T16:09:07.185144+00:00"}
{"asctime": "2025-08-19 18:09:07,185", "levelname": "INFO", "name": "AresTradingSystem.System.EnhancedTrainingManager", "message": "🚀 COMPREHENSIVE 15-STEP ENHANCED TRAINING PIPELINE START", "correlation_id": "-", "session_id": "-", "timestamp": "2025-08-19T16:09:07.185195+00:00"}
{"asctime": "2025-08-19 18:09:07,185", "levelname": "INFO", "name": "AresTradingSystem.System.EnhancedTrainingManager", "message": "================================================================================", "correlation_id": "-", "session_id": "-", "timestamp": "2025-08-19T16:09:07.185247+00:00"}
{"asctime": "2025-08-19 18:09:07,185", "levelname": "INFO", "name": "AresTradingSystem.System.EnhancedTrainingManager", "message": "📅 Started at: 2025-08-19 18:09:07", "correlation_id": "-", "session_id": "-", "timestamp": "2025-08-19T16:09:07.185305+00:00"}
{"asctime": "2025-08-19 18:09:07,185", "levelname": "INFO", "name": "AresTradingSystem.System.EnhancedTrainingManager", "message": "🎯 Symbol: ETHUSDT", "correlation_id": "-", "session_id": "-", "timestamp": "2025-08-19T16:09:07.185356+00:00"}
{"asctime": "2025-08-19 18:09:07,185", "levelname": "INFO", "name": "AresTradingSystem.System.EnhancedTrainingManager", "message": "🏢 Exchange: BINANCE", "correlation_id": "-", "session_id": "-", "timestamp": "2025-08-19T16:09:07.185408+00:00"}
{"asctime": "2025-08-19 18:09:07,185", "levelname": "INFO", "name": "AresTradingSystem.System.EnhancedTrainingManager", "message": "📊 Training Mode: N/A", "correlation_id": "-", "session_id": "-", "timestamp": "2025-08-19T16:09:07.185459+00:00"}
{"asctime": "2025-08-19 18:09:07,185", "levelname": "INFO", "name": "AresTradingSystem.System.EnhancedTrainingManager", "message": "📈 Lookback Days: 180", "correlation_id": "-", "session_id": "-", "timestamp": "2025-08-19T16:09:07.185512+00:00"}
{"asctime": "2025-08-19 18:09:07,185", "levelname": "INFO", "name": "AresTradingSystem.System.EnhancedTrainingManager", "message": "🔧 Blank Training Mode: True", "correlation_id": "-", "session_id": "-", "timestamp": "2025-08-19T16:09:07.185564+00:00"}
{"asctime": "2025-08-19 18:09:07,185", "levelname": "INFO", "name": "AresTradingSystem.System.EnhancedTrainingManager", "message": "🔧 Max Trials: 200", "correlation_id": "-", "session_id": "-", "timestamp": "2025-08-19T16:09:07.185616+00:00"}
{"asctime": "2025-08-19 18:09:07,185", "levelname": "INFO", "name": "AresTradingSystem.System.EnhancedTrainingManager", "message": "🔧 N Trials: 100", "correlation_id": "-", "session_id": "-", "timestamp": "2025-08-19T16:09:07.185669+00:00"}
{"asctime": "2025-08-19 18:09:07,185", "levelname": "INFO", "name": "AresTradingSystem.System.EnhancedTrainingManager", "message": "🚀 Initializing optimized tools...", "correlation_id": "-", "session_id": "-", "timestamp": "2025-08-19T16:09:07.185740+00:00"}
{"asctime": "2025-08-19 18:09:07,185", "levelname": "ERROR", "name": "AresTradingSystem.System.EnhancedTrainingManager", "message": "❌ Failed to initialize optimized tools: 'EnhancedTrainingManager' object has no attribute 'optimized_manager'", "correlation_id": "-", "session_id": "-", "exc_info": "Traceback (most recent call last):\n  File \"/Users/remyroche/Documents/Ares/src/training/enhanced_training_manager.py\", line 3660, in _initialize_optimized_tools\n    await self.optimized_manager.initialize()\n          ^^^^^^^^^^^^^^^^^^^^^^\nAttributeError: 'EnhancedTrainingManager' object has no attribute 'optimized_manager'. Did you mean: 'get_optimized_manager'?", "timestamp": "2025-08-19T16:09:07.185810+00:00"}
{"asctime": "2025-08-19 18:09:07,192", "levelname": "INFO", "name": "AresTradingSystem.System.EnhancedTrainingManager", "message": "🚀 Starting fresh training...", "correlation_id": "-", "session_id": "-", "timestamp": "2025-08-19T16:09:07.192236+00:00"}
{"asctime": "2025-08-19 18:09:07,192", "levelname": "INFO", "name": "AresTradingSystem.System.EnhancedTrainingManager", "message": "🧹 Force rerun enabled - clearing artifacts from step2_feature_engineering and subsequent steps", "correlation_id": "-", "session_id": "-", "timestamp": "2025-08-19T16:09:07.192313+00:00"}
{"asctime": "2025-08-19 18:09:07,192", "levelname": "INFO", "name": "AresTradingSystem.System.EnhancedTrainingManager", "message": "🧹 Clearing artifacts from step2_feature_engineering onward", "correlation_id": "-", "session_id": "-", "timestamp": "2025-08-19T16:09:07.192371+00:00"}
{"asctime": "2025-08-19 18:09:07,260", "levelname": "INFO", "name": "AresTradingSystem.System.EnhancedTrainingManager", "message": "   🧹 Cleared 10 artifacts for step2_feature_engineering", "correlation_id": "-", "session_id": "-", "timestamp": "2025-08-19T16:09:07.260585+00:00"}
{"asctime": "2025-08-19 18:09:07,271", "levelname": "INFO", "name": "AresTradingSystem.System.EnhancedTrainingManager", "message": "✅ Cleared artifacts for 17 steps: ['step2_feature_engineering', 'step2_5_enhanced_matrix_operations', 'step3_hmm_regime_discovery', 'step4_processing_labeling', 'step5_regime_data_splitting', 'step5_5_enhanced_model_training_operations', 'step6_hmm_based_training', 'step6_5_unified_regime_intelligence', 'step7_analyst_enhancement', 'step8_tactician_labeling', 'step9_tactician_specialist_training', 'step10_confidence_calibration', 'step11_final_parameters_optimization', 'step12_walk_forward_validation', 'step13_monte_carlo_validation', 'step14_ab_testing', 'step15_saving']", "correlation_id": "-", "session_id": "-", "timestamp": "2025-08-19T16:09:07.271340+00:00"}
{"asctime": "2025-08-19 18:09:07,271", "levelname": "INFO", "name": "AresTradingSystem.System.EnhancedTrainingManager", "message": "✅ Cleared artifacts and checkpoints from step2_feature_engineering onward", "correlation_id": "-", "session_id": "-", "timestamp": "2025-08-19T16:09:07.271602+00:00"}
{"asctime": "2025-08-19 18:09:07,271", "levelname": "INFO", "name": "AresTradingSystem.System.EnhancedTrainingManager", "message": "====================================================================================================", "correlation_id": "-", "session_id": "-", "timestamp": "2025-08-19T16:09:07.271672+00:00"}
{"asctime": "2025-08-19 18:09:07,271", "levelname": "INFO", "name": "AresTradingSystem.System.EnhancedTrainingManager", "message": "🚀 COMPREHENSIVE 15-STEP TRAINING PIPELINE START", "correlation_id": "-", "session_id": "-", "timestamp": "2025-08-19T16:09:07.271731+00:00"}
{"asctime": "2025-08-19 18:09:07,271", "levelname": "INFO", "name": "AresTradingSystem.System.EnhancedTrainingManager", "message": "====================================================================================================", "correlation_id": "-", "session_id": "-", "timestamp": "2025-08-19T16:09:07.271788+00:00"}
{"asctime": "2025-08-19 18:09:07,271", "levelname": "INFO", "name": "AresTradingSystem.System.EnhancedTrainingManager", "message": "📅 Started at: 2025-08-19 18:09:07", "correlation_id": "-", "session_id": "-", "timestamp": "2025-08-19T16:09:07.271851+00:00"}
{"asctime": "2025-08-19 18:09:07,271", "levelname": "INFO", "name": "AresTradingSystem.System.EnhancedTrainingManager", "message": "🎯 Symbol: ETHUSDT", "correlation_id": "-", "session_id": "-", "timestamp": "2025-08-19T16:09:07.271915+00:00"}
{"asctime": "2025-08-19 18:09:07,271", "levelname": "INFO", "name": "AresTradingSystem.System.EnhancedTrainingManager", "message": "🏢 Exchange: BINANCE", "correlation_id": "-", "session_id": "-", "timestamp": "2025-08-19T16:09:07.271969+00:00"}
{"asctime": "2025-08-19 18:09:07,272", "levelname": "INFO", "name": "AresTradingSystem.System.EnhancedTrainingManager", "message": "📊 Timeframe: 1m", "correlation_id": "-", "session_id": "-", "timestamp": "2025-08-19T16:09:07.272028+00:00"}
{"asctime": "2025-08-19 18:09:07,272", "levelname": "INFO", "name": "AresTradingSystem.System.EnhancedTrainingManager", "message": "🧠 Training Mode: Blank", "correlation_id": "-", "session_id": "-", "timestamp": "2025-08-19T16:09:07.272082+00:00"}
{"asctime": "2025-08-19 18:09:07,272", "levelname": "INFO", "name": "AresTradingSystem.System.EnhancedTrainingManager", "message": "🔧 Max Trials: 200", "correlation_id": "-", "session_id": "-", "timestamp": "2025-08-19T16:09:07.272135+00:00"}
{"asctime": "2025-08-19 18:09:07,272", "levelname": "INFO", "name": "AresTradingSystem.System.EnhancedTrainingManager", "message": "📈 Lookback Days: 180", "correlation_id": "-", "session_id": "-", "timestamp": "2025-08-19T16:09:07.272189+00:00"}
{"asctime": "2025-08-19 18:09:07,272", "levelname": "INFO", "name": "AresTradingSystem.System.EnhancedTrainingManager", "message": "💾 Memory Optimization: Enabled", "correlation_id": "-", "session_id": "-", "timestamp": "2025-08-19T16:09:07.272242+00:00"}
{"asctime": "2025-08-19 18:09:07,272", "levelname": "INFO", "name": "AresTradingSystem.System.EnhancedTrainingManager", "message": "🚀 Starting from step: step2_feature_engineering", "correlation_id": "-", "session_id": "-", "timestamp": "2025-08-19T16:09:07.272295+00:00"}
{"asctime": "2025-08-19 18:09:07,272", "levelname": "INFO", "name": "AresTradingSystem.System.EnhancedTrainingManager", "message": "====================================================================================================", "correlation_id": "-", "session_id": "-", "timestamp": "2025-08-19T16:09:07.272348+00:00"}
{"asctime": "2025-08-19 18:09:07,272", "levelname": "INFO", "name": "AresTradingSystem.System.EnhancedTrainingManager", "message": "⏭️  Skipping Step 1: Data Collection (using pre-consolidated data)", "correlation_id": "-", "session_id": "-", "timestamp": "2025-08-19T16:09:07.272402+00:00"}
{"asctime": "2025-08-19 18:09:07,272", "levelname": "INFO", "name": "AresTradingSystem.System.EnhancedTrainingManager", "message": "💓 Step 2: Feature Engineering", "correlation_id": "-", "session_id": "-", "timestamp": "2025-08-19T16:09:07.272457+00:00"}
{"asctime": "2025-08-19 18:09:07,272", "levelname": "INFO", "name": "AresTradingSystem.System.EnhancedTrainingManager", "message": "🔍 Validating dependencies for step2_feature_engineering", "correlation_id": "-", "session_id": "-", "timestamp": "2025-08-19T16:09:07.272514+00:00"}
{"asctime": "2025-08-19 18:09:07,272", "levelname": "INFO", "name": "AresTradingSystem.System.EnhancedTrainingManager", "message": "✅ Force rerun enabled for step2_feature_engineering, skipping dependency validation", "correlation_id": "-", "session_id": "-", "timestamp": "2025-08-19T16:09:07.272567+00:00"}
{"asctime": "2025-08-19 18:09:07,343", "levelname": "INFO", "name": "AresTradingSystem.System.VectorizedAdvancedFeatureEngineering", "message": "✅ Subsampling disabled for blank/short-blank horizon (<=180d)", "correlation_id": "8be3fb172e9b46b3a5297c9dccd2091a", "session_id": "-", "timestamp": "2025-08-19T16:09:07.343225+00:00"}
{"asctime": "2025-08-19 18:09:07,343", "levelname": "INFO", "name": "AresTradingSystem.System.VectorizedAdvancedFeatureEngineering", "message": "✅ Configured joblib memory cache: data/joblib_cache", "correlation_id": "8be3fb172e9b46b3a5297c9dccd2091a", "session_id": "-", "timestamp": "2025-08-19T16:09:07.343369+00:00"}
{"asctime": "2025-08-19 18:09:07,343", "levelname": "INFO", "name": "AresTradingSystem.System.VectorizedAdvancedFeatureEngineering", "message": "🚀 Initializing vectorized advanced feature engineering...", "correlation_id": "8be3fb172e9b46b3a5297c9dccd2091a", "session_id": "-", "timestamp": "2025-08-19T16:09:07.343476+00:00"}
{"asctime": "2025-08-19 18:09:07,343", "levelname": "INFO", "name": "AresTradingSystem.System.WaveletFeatureCache", "message": "✅ Cache directory initialized: data/wavelet_cache", "correlation_id": "8be3fb172e9b46b3a5297c9dccd2091a", "session_id": "-", "timestamp": "2025-08-19T16:09:07.343642+00:00"}
{"asctime": "2025-08-19 18:09:07,343", "levelname": "INFO", "name": "AresTradingSystem.System.VectorizedVolatilityRegimeModel", "message": "🚀 Initializing VectorizedVolatilityRegimeModel...", "correlation_id": "8be3fb172e9b46b3a5297c9dccd2091a", "session_id": "-", "timestamp": "2025-08-19T16:09:07.343724+00:00"}
{"asctime": "2025-08-19 18:09:07,343", "levelname": "INFO", "name": "AresTradingSystem.System.VectorizedVolatilityRegimeModel", "message": "✅ VectorizedVolatilityRegimeModel initialized successfully", "correlation_id": "8be3fb172e9b46b3a5297c9dccd2091a", "session_id": "-", "timestamp": "2025-08-19T16:09:07.343789+00:00"}
{"asctime": "2025-08-19 18:09:07,343", "levelname": "INFO", "name": "AresTradingSystem.System.VectorizedCorrelationAnalyzer", "message": "🚀 Initializing VectorizedCorrelationAnalyzer...", "correlation_id": "8be3fb172e9b46b3a5297c9dccd2091a", "session_id": "-", "timestamp": "2025-08-19T16:09:07.343851+00:00"}
{"asctime": "2025-08-19 18:09:07,343", "levelname": "INFO", "name": "AresTradingSystem.System.VectorizedCorrelationAnalyzer", "message": "✅ VectorizedCorrelationAnalyzer initialized successfully", "correlation_id": "8be3fb172e9b46b3a5297c9dccd2091a", "session_id": "-", "timestamp": "2025-08-19T16:09:07.343930+00:00"}
{"asctime": "2025-08-19 18:09:07,344", "levelname": "INFO", "name": "AresTradingSystem.System.VectorizedMomentumAnalyzer", "message": "🚀 Initializing VectorizedMomentumAnalyzer...", "correlation_id": "8be3fb172e9b46b3a5297c9dccd2091a", "session_id": "-", "timestamp": "2025-08-19T16:09:07.344054+00:00"}
{"asctime": "2025-08-19 18:09:07,344", "levelname": "INFO", "name": "AresTradingSystem.System.VectorizedMomentumAnalyzer", "message": "✅ VectorizedMomentumAnalyzer initialized successfully", "correlation_id": "8be3fb172e9b46b3a5297c9dccd2091a", "session_id": "-", "timestamp": "2025-08-19T16:09:07.344126+00:00"}
{"asctime": "2025-08-19 18:09:07,344", "levelname": "INFO", "name": "AresTradingSystem.System.VectorizedAdvancedFeatureEngineering", "message": "🔍 Creating VectorizedLiquidityAnalyzer...", "correlation_id": "8be3fb172e9b46b3a5297c9dccd2091a", "session_id": "-", "timestamp": "2025-08-19T16:09:07.344188+00:00"}
{"asctime": "2025-08-19 18:09:07,344", "levelname": "INFO", "name": "AresTradingSystem.System.VectorizedAdvancedFeatureEngineering", "message": "🔍 VectorizedLiquidityAnalyzer created, initializing...", "correlation_id": "8be3fb172e9b46b3a5297c9dccd2091a", "session_id": "-", "timestamp": "2025-08-19T16:09:07.344250+00:00"}
{"asctime": "2025-08-19 18:09:07,344", "levelname": "INFO", "name": "AresTradingSystem.System.VectorizedLiquidityAnalyzer", "message": "🚀 Initializing VectorizedLiquidityAnalyzer...", "correlation_id": "8be3fb172e9b46b3a5297c9dccd2091a", "session_id": "-", "timestamp": "2025-08-19T16:09:07.344313+00:00"}
{"asctime": "2025-08-19 18:09:07,344", "levelname": "INFO", "name": "AresTradingSystem.System.VectorizedLiquidityAnalyzer", "message": "✅ VectorizedLiquidityAnalyzer initialized successfully", "correlation_id": "8be3fb172e9b46b3a5297c9dccd2091a", "session_id": "-", "timestamp": "2025-08-19T16:09:07.344368+00:00"}
{"asctime": "2025-08-19 18:09:07,344", "levelname": "INFO", "name": "AresTradingSystem.System.VectorizedAdvancedFeatureEngineering", "message": "✅ Liquidity analyzer initialized successfully", "correlation_id": "8be3fb172e9b46b3a5297c9dccd2091a", "session_id": "-", "timestamp": "2025-08-19T16:09:07.344432+00:00"}
{"asctime": "2025-08-19 18:09:07,344", "levelname": "INFO", "name": "AresTradingSystem.System.VectorizedAdvancedFeatureEngineering", "message": "🔍 Creating VectorizedCandlestickPatternAnalyzer...", "correlation_id": "8be3fb172e9b46b3a5297c9dccd2091a", "session_id": "-", "timestamp": "2025-08-19T16:09:07.344488+00:00"}
{"asctime": "2025-08-19 18:09:07,344", "levelname": "INFO", "name": "AresTradingSystem.System.VectorizedAdvancedFeatureEngineering", "message": "🔍 VectorizedCandlestickPatternAnalyzer created, initializing...", "correlation_id": "8be3fb172e9b46b3a5297c9dccd2091a", "session_id": "-", "timestamp": "2025-08-19T16:09:07.344569+00:00"}
{"asctime": "2025-08-19 18:09:07,344", "levelname": "INFO", "name": "AresTradingSystem.System.VectorizedCandlestickPatternAnalyzer", "message": "🚀 Initializing VectorizedCandlestickPatternAnalyzer...", "correlation_id": "8be3fb172e9b46b3a5297c9dccd2091a", "session_id": "-", "timestamp": "2025-08-19T16:09:07.344628+00:00"}
{"asctime": "2025-08-19 18:09:07,344", "levelname": "INFO", "name": "AresTradingSystem.System.VectorizedCandlestickPatternAnalyzer", "message": "🔍 Config keys: ['vectorized_advanced_features', 'symbol', 'exchange']", "correlation_id": "8be3fb172e9b46b3a5297c9dccd2091a", "session_id": "-", "timestamp": "2025-08-19T16:09:07.344690+00:00"}
{"asctime": "2025-08-19 18:09:07,344", "levelname": "INFO", "name": "AresTradingSystem.System.VectorizedCandlestickPatternAnalyzer", "message": "✅ VectorizedCandlestickPatternAnalyzer initialized successfully", "correlation_id": "8be3fb172e9b46b3a5297c9dccd2091a", "session_id": "-", "timestamp": "2025-08-19T16:09:07.344749+00:00"}
{"asctime": "2025-08-19 18:09:07,344", "levelname": "INFO", "name": "AresTradingSystem.System.VectorizedAdvancedFeatureEngineering", "message": "✅ Candlestick analyzer initialized successfully", "correlation_id": "8be3fb172e9b46b3a5297c9dccd2091a", "session_id": "-", "timestamp": "2025-08-19T16:09:07.344806+00:00"}
{"asctime": "2025-08-19 18:09:07,344", "levelname": "INFO", "name": "AresTradingSystem.System.VectorizedAdvancedFeatureEngineering", "message": "🔍 Creating VectorizedSRDistanceCalculator...", "correlation_id": "8be3fb172e9b46b3a5297c9dccd2091a", "session_id": "-", "timestamp": "2025-08-19T16:09:07.344864+00:00"}
{"asctime": "2025-08-19 18:09:07,344", "levelname": "INFO", "name": "AresTradingSystem.System.VectorizedAdvancedFeatureEngineering", "message": "🔍 VectorizedSRDistanceCalculator created, initializing...", "correlation_id": "8be3fb172e9b46b3a5297c9dccd2091a", "session_id": "-", "timestamp": "2025-08-19T16:09:07.344922+00:00"}
{"asctime": "2025-08-19 18:09:07,344", "levelname": "INFO", "name": "AresTradingSystem.System.VectorizedSRDistanceCalculator", "message": "🚀 Initializing VectorizedSRDistanceCalculator...", "correlation_id": "8be3fb172e9b46b3a5297c9dccd2091a", "session_id": "-", "timestamp": "2025-08-19T16:09:07.344976+00:00"}
{"asctime": "2025-08-19 18:09:07,345", "levelname": "INFO", "name": "AresTradingSystem.System.VectorizedSRDistanceCalculator", "message": "✅ VectorizedSRDistanceCalculator initialized successfully", "correlation_id": "8be3fb172e9b46b3a5297c9dccd2091a", "session_id": "-", "timestamp": "2025-08-19T16:09:07.345086+00:00"}
{"asctime": "2025-08-19 18:09:07,345", "levelname": "INFO", "name": "AresTradingSystem.System.VectorizedAdvancedFeatureEngineering", "message": "✅ S/R distance calculator initialized successfully", "correlation_id": "8be3fb172e9b46b3a5297c9dccd2091a", "session_id": "-", "timestamp": "2025-08-19T16:09:07.345165+00:00"}
{"asctime": "2025-08-19 18:09:07,345", "levelname": "INFO", "name": "AresTradingSystem.System.VectorizedAdvancedFeatureEngineering", "message": "🔍 Creating VectorizedWaveletTransformAnalyzer...", "correlation_id": "8be3fb172e9b46b3a5297c9dccd2091a", "session_id": "-", "timestamp": "2025-08-19T16:09:07.345227+00:00"}
{"asctime": "2025-08-19 18:09:07,345", "levelname": "INFO", "name": "AresTradingSystem.System.VectorizedAdvancedFeatureEngineering", "message": "🔍 VectorizedWaveletTransformAnalyzer created, initializing...", "correlation_id": "8be3fb172e9b46b3a5297c9dccd2091a", "session_id": "-", "timestamp": "2025-08-19T16:09:07.345296+00:00"}
{"asctime": "2025-08-19 18:09:07,345", "levelname": "INFO", "name": "AresTradingSystem.System.VectorizedWaveletTransformAnalyzer", "message": "🚀 Initializing VectorizedWaveletTransformAnalyzer...", "correlation_id": "8be3fb172e9b46b3a5297c9dccd2091a", "session_id": "-", "timestamp": "2025-08-19T16:09:07.345372+00:00"}
{"asctime": "2025-08-19 18:09:07,345", "levelname": "INFO", "name": "AresTradingSystem.System.VectorizedWaveletTransformAnalyzer", "message": "✅ VectorizedWaveletTransformAnalyzer initialized successfully", "correlation_id": "8be3fb172e9b46b3a5297c9dccd2091a", "session_id": "-", "timestamp": "2025-08-19T16:09:07.345425+00:00"}
{"asctime": "2025-08-19 18:09:07,345", "levelname": "INFO", "name": "AresTradingSystem.System.VectorizedAdvancedFeatureEngineering", "message": "✅ Wavelet analyzer initialized successfully", "correlation_id": "8be3fb172e9b46b3a5297c9dccd2091a", "session_id": "-", "timestamp": "2025-08-19T16:09:07.345482+00:00"}
{"asctime": "2025-08-19 18:09:07,345", "levelname": "INFO", "name": "AresTradingSystem.System.VectorizedAdvancedFeatureEngineering", "message": "ℹ️ Meta-labeling system removed - using only HMM market regimes for labeling", "correlation_id": "8be3fb172e9b46b3a5297c9dccd2091a", "session_id": "-", "timestamp": "2025-08-19T16:09:07.345561+00:00"}
{"asctime": "2025-08-19 18:09:07,345", "levelname": "INFO", "name": "AresTradingSystem.System.VectorizedAdvancedFeatureEngineering", "message": "✅ Vectorized advanced feature engineering initialized successfully", "correlation_id": "8be3fb172e9b46b3a5297c9dccd2091a", "session_id": "-", "timestamp": "2025-08-19T16:09:07.345622+00:00"}
{"asctime": "2025-08-19 18:09:07,355", "levelname": "INFO", "name": "AresTradingSystem.System.VectorizedAdvancedFeatureEngineering", "message": "🔍 Data quality validation will be performed automatically by decorators", "correlation_id": "8be3fb172e9b46b3a5297c9dccd2091a", "session_id": "-", "timestamp": "2025-08-19T16:09:07.355871+00:00"}
{"asctime": "2025-08-19 18:09:07,355", "levelname": "INFO", "name": "AresTradingSystem.System.VectorizedAdvancedFeatureEngineering", "message": "🔍 Input price_data shape: (169864, 5)", "correlation_id": "8be3fb172e9b46b3a5297c9dccd2091a", "session_id": "-", "timestamp": "2025-08-19T16:09:07.355949+00:00"}
{"asctime": "2025-08-19 18:09:07,356", "levelname": "INFO", "name": "AresTradingSystem.System.VectorizedAdvancedFeatureEngineering", "message": "🔍 Input price_data columns: ['open', 'high', 'low', 'close', 'volume']", "correlation_id": "8be3fb172e9b46b3a5297c9dccd2091a", "session_id": "-", "timestamp": "2025-08-19T16:09:07.356026+00:00"}
{"asctime": "2025-08-19 18:09:07,356", "levelname": "INFO", "name": "AresTradingSystem.System.VectorizedAdvancedFeatureEngineering", "message": "🔍 Input volume_data shape: (169864, 1)", "correlation_id": "8be3fb172e9b46b3a5297c9dccd2091a", "session_id": "-", "timestamp": "2025-08-19T16:09:07.356117+00:00"}
{"asctime": "2025-08-19 18:09:07,356", "levelname": "INFO", "name": "AresTradingSystem.System.VectorizedAdvancedFeatureEngineering", "message": "🔍 Input volume_data columns: ['volume']", "correlation_id": "8be3fb172e9b46b3a5297c9dccd2091a", "session_id": "-", "timestamp": "2025-08-19T16:09:07.356185+00:00"}
{"asctime": "2025-08-19 18:09:07,357", "levelname": "INFO", "name": "AresTradingSystem.System.VectorizedAdvancedFeatureEngineering", "message": "🔍 Price data range: 54.727000 to 325265.823000", "correlation_id": "8be3fb172e9b46b3a5297c9dccd2091a", "session_id": "-", "timestamp": "2025-08-19T16:09:07.357368+00:00"}
{"asctime": "2025-08-19 18:09:07,357", "levelname": "INFO", "name": "AresTradingSystem.System.VectorizedAdvancedFeatureEngineering", "message": "🔍 Price data NaN count: 0", "correlation_id": "8be3fb172e9b46b3a5297c9dccd2091a", "session_id": "-", "timestamp": "2025-08-19T16:09:07.357870+00:00"}
{"asctime": "2025-08-19 18:09:07,358", "levelname": "INFO", "name": "AresTradingSystem.System.VectorizedAdvancedFeatureEngineering", "message": "🔍 Volume data range: 54.727000 to 325265.823000", "correlation_id": "8be3fb172e9b46b3a5297c9dccd2091a", "session_id": "-", "timestamp": "2025-08-19T16:09:07.358420+00:00"}
{"asctime": "2025-08-19 18:09:07,358", "levelname": "INFO", "name": "AresTradingSystem.System.VectorizedAdvancedFeatureEngineering", "message": "🔍 Volume data NaN count: 0", "correlation_id": "8be3fb172e9b46b3a5297c9dccd2091a", "session_id": "-", "timestamp": "2025-08-19T16:09:07.358621+00:00"}
{"asctime": "2025-08-19 18:09:07,358", "levelname": "INFO", "name": "AresTradingSystem.System.VectorizedAdvancedFeatureEngineering", "message": "🔍 No order flow data provided", "correlation_id": "8be3fb172e9b46b3a5297c9dccd2091a", "session_id": "-", "timestamp": "2025-08-19T16:09:07.358682+00:00"}
{"asctime": "2025-08-19 18:09:07,358", "levelname": "INFO", "name": "AresTradingSystem.System.VectorizedAdvancedFeatureEngineering", "message": "🔧 Preprocessing price data for irregular intervals...", "correlation_id": "8be3fb172e9b46b3a5297c9dccd2091a", "session_id": "-", "timestamp": "2025-08-19T16:09:07.358761+00:00"}
{"asctime": "2025-08-19 18:09:17,574", "levelname": "INFO", "name": "AresTradingSystem.System.VectorizedAdvancedFeatureEngineering", "message": "✅ Price data preprocessing completed:", "correlation_id": "8be3fb172e9b46b3a5297c9dccd2091a", "session_id": "-", "timestamp": "2025-08-19T16:09:17.574838+00:00"}
{"asctime": "2025-08-19 18:09:17,574", "levelname": "INFO", "name": "AresTradingSystem.System.VectorizedAdvancedFeatureEngineering", "message": "   Method: enhanced", "correlation_id": "8be3fb172e9b46b3a5297c9dccd2091a", "session_id": "-", "timestamp": "2025-08-19T16:09:17.574923+00:00"}
{"asctime": "2025-08-19 18:09:17,574", "levelname": "INFO", "name": "AresTradingSystem.System.VectorizedAdvancedFeatureEngineering", "message": "   Original shape: (169864, 5)", "correlation_id": "8be3fb172e9b46b3a5297c9dccd2091a", "session_id": "-", "timestamp": "2025-08-19T16:09:17.574986+00:00"}
{"asctime": "2025-08-19 18:09:17,575", "levelname": "INFO", "name": "AresTradingSystem.System.VectorizedAdvancedFeatureEngineering", "message": "   Preprocessed shape: (172437, 5)", "correlation_id": "8be3fb172e9b46b3a5297c9dccd2091a", "session_id": "-", "timestamp": "2025-08-19T16:09:17.575045+00:00"}
{"asctime": "2025-08-19 18:09:17,575", "levelname": "INFO", "name": "AresTradingSystem.System.VectorizedAdvancedFeatureEngineering", "message": "   Quality improvement: 0.000", "correlation_id": "8be3fb172e9b46b3a5297c9dccd2091a", "session_id": "-", "timestamp": "2025-08-19T16:09:17.575101+00:00"}
{"asctime": "2025-08-19 18:09:17,575", "levelname": "INFO", "name": "AresTradingSystem.System.VectorizedAdvancedFeatureEngineering", "message": "🔧 Enhanced preprocessing for volume data...", "correlation_id": "8be3fb172e9b46b3a5297c9dccd2091a", "session_id": "-", "timestamp": "2025-08-19T16:09:17.575155+00:00"}
{"asctime": "2025-08-19 18:09:27,836", "levelname": "INFO", "name": "AresTradingSystem.System.VectorizedAdvancedFeatureEngineering", "message": "✅ Volume data enhanced preprocessing completed", "correlation_id": "8be3fb172e9b46b3a5297c9dccd2091a", "session_id": "-", "timestamp": "2025-08-19T16:09:27.836590+00:00"}
{"asctime": "2025-08-19 18:09:27,836", "levelname": "INFO", "name": "AresTradingSystem.System.VectorizedAdvancedFeatureEngineering", "message": "🔍 Input price_data columns: ['open', 'high', 'low', 'close', 'volume']", "correlation_id": "8be3fb172e9b46b3a5297c9dccd2091a", "session_id": "-", "timestamp": "2025-08-19T16:09:27.836718+00:00"}
{"asctime": "2025-08-19 18:09:27,836", "levelname": "INFO", "name": "AresTradingSystem.System.VectorizedAdvancedFeatureEngineering", "message": "🔍 Input price_data shape: (172437, 5)", "correlation_id": "8be3fb172e9b46b3a5297c9dccd2091a", "session_id": "-", "timestamp": "2025-08-19T16:09:27.836794+00:00"}
{"asctime": "2025-08-19 18:09:27,836", "levelname": "INFO", "name": "AresTradingSystem.System.VectorizedAdvancedFeatureEngineering", "message": "🔍 Input volume_data columns: ['volume']", "correlation_id": "8be3fb172e9b46b3a5297c9dccd2091a", "session_id": "-", "timestamp": "2025-08-19T16:09:27.836892+00:00"}
{"asctime": "2025-08-19 18:09:27,836", "levelname": "INFO", "name": "AresTradingSystem.System.VectorizedAdvancedFeatureEngineering", "message": "🔍 Input volume_data shape: (172437, 1)", "correlation_id": "8be3fb172e9b46b3a5297c9dccd2091a", "session_id": "-", "timestamp": "2025-08-19T16:09:27.836988+00:00"}
{"asctime": "2025-08-19 18:09:27,841", "levelname": "INFO", "name": "AresTradingSystem.System.VectorizedAdvancedFeatureEngineering", "message": "🔍 Output price_data columns: ['open', 'high', 'low', 'close', 'volume']", "correlation_id": "8be3fb172e9b46b3a5297c9dccd2091a", "session_id": "-", "timestamp": "2025-08-19T16:09:27.841251+00:00"}
{"asctime": "2025-08-19 18:09:27,841", "levelname": "INFO", "name": "AresTradingSystem.System.VectorizedAdvancedFeatureEngineering", "message": "🔍 Output price_data shape: (172437, 5)", "correlation_id": "8be3fb172e9b46b3a5297c9dccd2091a", "session_id": "-", "timestamp": "2025-08-19T16:09:27.841405+00:00"}
{"asctime": "2025-08-19 18:09:27,841", "levelname": "INFO", "name": "AresTradingSystem.System.VectorizedAdvancedFeatureEngineering", "message": "🔍 Output volume_data columns: ['volume']", "correlation_id": "8be3fb172e9b46b3a5297c9dccd2091a", "session_id": "-", "timestamp": "2025-08-19T16:09:27.841467+00:00"}
{"asctime": "2025-08-19 18:09:27,841", "levelname": "INFO", "name": "AresTradingSystem.System.VectorizedAdvancedFeatureEngineering", "message": "🔍 Output volume_data shape: (172437, 1)", "correlation_id": "8be3fb172e9b46b3a5297c9dccd2091a", "session_id": "-", "timestamp": "2025-08-19T16:09:27.841618+00:00"}
{"asctime": "2025-08-19 18:09:27,844", "levelname": "INFO", "name": "AresTradingSystem.System.VectorizedAdvancedFeatureEngineering", "message": "🔍 Input data validation before feature generation:", "correlation_id": "8be3fb172e9b46b3a5297c9dccd2091a", "session_id": "-", "timestamp": "2025-08-19T16:09:27.844770+00:00"}
{"asctime": "2025-08-19 18:09:27,845", "levelname": "INFO", "name": "AresTradingSystem.System.VectorizedAdvancedFeatureEngineering", "message": "   Price data shape: (172437, 5)", "correlation_id": "8be3fb172e9b46b3a5297c9dccd2091a", "session_id": "-", "timestamp": "2025-08-19T16:09:27.845003+00:00"}
{"asctime": "2025-08-19 18:09:27,845", "levelname": "INFO", "name": "AresTradingSystem.System.VectorizedAdvancedFeatureEngineering", "message": "   Volume data shape: (172437, 1)", "correlation_id": "8be3fb172e9b46b3a5297c9dccd2091a", "session_id": "-", "timestamp": "2025-08-19T16:09:27.845105+00:00"}
{"asctime": "2025-08-19 18:09:27,845", "levelname": "INFO", "name": "AresTradingSystem.System.VectorizedAdvancedFeatureEngineering", "message": "   Order flow data shape: None", "correlation_id": "8be3fb172e9b46b3a5297c9dccd2091a", "session_id": "-", "timestamp": "2025-08-19T16:09:27.845176+00:00"}
{"asctime": "2025-08-19 18:09:27,845", "levelname": "INFO", "name": "AresTradingSystem.System.VectorizedAdvancedFeatureEngineering", "message": "   Price data index: 2025-02-18 21:03:00 to 2025-06-18 14:59:00", "correlation_id": "8be3fb172e9b46b3a5297c9dccd2091a", "session_id": "-", "timestamp": "2025-08-19T16:09:27.845505+00:00"}
{"asctime": "2025-08-19 18:09:27,845", "levelname": "INFO", "name": "AresTradingSystem.System.VectorizedAdvancedFeatureEngineering", "message": "   Price data columns: ['open', 'high', 'low', 'close', 'volume']", "correlation_id": "8be3fb172e9b46b3a5297c9dccd2091a", "session_id": "-", "timestamp": "2025-08-19T16:09:27.845590+00:00"}
{"asctime": "2025-08-19 18:09:27,845", "levelname": "INFO", "name": "AresTradingSystem.System.VectorizedAdvancedFeatureEngineering", "message": "   Volume data index: 2025-02-18 21:03:00 to 2025-06-18 14:59:00", "correlation_id": "8be3fb172e9b46b3a5297c9dccd2091a", "session_id": "-", "timestamp": "2025-08-19T16:09:27.845863+00:00"}
{"asctime": "2025-08-19 18:09:27,845", "levelname": "INFO", "name": "AresTradingSystem.System.VectorizedAdvancedFeatureEngineering", "message": "   Volume data columns: ['volume']", "correlation_id": "8be3fb172e9b46b3a5297c9dccd2091a", "session_id": "-", "timestamp": "2025-08-19T16:09:27.845935+00:00"}
{"asctime": "2025-08-19 18:09:27,845", "levelname": "INFO", "name": "AresTradingSystem.System.VectorizedAdvancedFeatureEngineering", "message": "✅ Input data validation passed", "correlation_id": "8be3fb172e9b46b3a5297c9dccd2091a", "session_id": "-", "timestamp": "2025-08-19T16:09:27.845999+00:00"}
{"asctime": "2025-08-19 18:09:27,846", "levelname": "INFO", "name": "AresTradingSystem.System.VectorizedAdvancedFeatureEngineering", "message": "🔍 Starting feature generation pipeline...", "correlation_id": "8be3fb172e9b46b3a5297c9dccd2091a", "session_id": "-", "timestamp": "2025-08-19T16:09:27.846062+00:00"}
{"asctime": "2025-08-19 18:09:27,846", "levelname": "INFO", "name": "AresTradingSystem.System.VectorizedAdvancedFeatureEngineering", "message": "🔍 Generating microstructure features...", "correlation_id": "8be3fb172e9b46b3a5297c9dccd2091a", "session_id": "-", "timestamp": "2025-08-19T16:09:27.846143+00:00"}
{"asctime": "2025-08-19 18:09:27,846", "levelname": "INFO", "name": "AresTradingSystem.System.VectorizedAdvancedFeatureEngineering", "message": "🔍 Starting microstructure feature engineering...", "correlation_id": "8be3fb172e9b46b3a5297c9dccd2091a", "session_id": "-", "timestamp": "2025-08-19T16:09:27.846226+00:00"}
{"asctime": "2025-08-19 18:09:27,855", "levelname": "INFO", "name": "AresTradingSystem.System.VectorizedAdvancedFeatureEngineering", "message": "🔍 Added price_impact feature, total features: 1", "correlation_id": "8be3fb172e9b46b3a5297c9dccd2091a", "session_id": "-", "timestamp": "2025-08-19T16:09:27.855733+00:00"}
{"asctime": "2025-08-19 18:09:27,862", "levelname": "INFO", "name": "AresTradingSystem.System.VectorizedAdvancedFeatureEngineering", "message": "🔍 Added volume_price_impact feature, total features: 2", "correlation_id": "8be3fb172e9b46b3a5297c9dccd2091a", "session_id": "-", "timestamp": "2025-08-19T16:09:27.862062+00:00"}
{"asctime": "2025-08-19 18:09:27,905", "levelname": "INFO", "name": "AresTradingSystem.System.VectorizedAdvancedFeatureEngineering", "message": "🔍 Added 5 volume imbalance variants, total features: 8", "correlation_id": "8be3fb172e9b46b3a5297c9dccd2091a", "session_id": "-", "timestamp": "2025-08-19T16:09:27.905879+00:00"}
{"asctime": "2025-08-19 18:09:27,907", "levelname": "INFO", "name": "AresTradingSystem.System.VectorizedAdvancedFeatureEngineering", "message": "📊 Using volatility-based spread proxy (aggtrades data not available)", "correlation_id": "8be3fb172e9b46b3a5297c9dccd2091a", "session_id": "-", "timestamp": "2025-08-19T16:09:27.907079+00:00"}
{"asctime": "2025-08-19 18:09:27,939", "levelname": "INFO", "name": "AresTradingSystem.System.VectorizedAdvancedFeatureEngineering", "message": "🔍 Generated 16 microstructure features", "correlation_id": "8be3fb172e9b46b3a5297c9dccd2091a", "session_id": "-", "timestamp": "2025-08-19T16:09:27.939028+00:00"}
{"asctime": "2025-08-19 18:09:27,939", "levelname": "INFO", "name": "AresTradingSystem.System.VectorizedAdvancedFeatureEngineering", "message": "🔍 Microstructure feature names: ['price_impact', 'volume_price_impact', 'order_flow_imbalance', 'volume_imbalance_s10_l30', 'volume_imbalance_s20_l60', 'dir_weighted_volume_imbalance_w10', 'dir_weighted_volume_imbalance_w20', 'dir_weighted_volume_imbalance_w50', 'bid_ask_spread_returns', 'bid_ask_spread_level', 'market_depth_change', 'market_depth_returns', 'market_depth_imbalance', 'bb_zscore_20', 'ema20_slope', 'sma50_slope']", "correlation_id": "8be3fb172e9b46b3a5297c9dccd2091a", "session_id": "-", "timestamp": "2025-08-19T16:09:27.939252+00:00"}
{"asctime": "2025-08-19 18:09:27,939", "levelname": "INFO", "name": "AresTradingSystem.System.VectorizedAdvancedFeatureEngineering", "message": "🔍 Total features after microstructure: 16", "correlation_id": "8be3fb172e9b46b3a5297c9dccd2091a", "session_id": "-", "timestamp": "2025-08-19T16:09:27.939399+00:00"}
{"asctime": "2025-08-19 18:09:27,939", "levelname": "INFO", "name": "AresTradingSystem.System.VectorizedAdvancedFeatureEngineering", "message": "🔍 Generating context dynamics features...", "correlation_id": "8be3fb172e9b46b3a5297c9dccd2091a", "session_id": "-", "timestamp": "2025-08-19T16:09:27.939484+00:00"}
{"asctime": "2025-08-19 18:09:27,939", "levelname": "INFO", "name": "AresTradingSystem.System.VectorizedAdvancedFeatureEngineering", "message": "🔍 Available columns in price_data: ['open', 'high', 'low', 'close', 'volume']", "correlation_id": "8be3fb172e9b46b3a5297c9dccd2091a", "session_id": "-", "timestamp": "2025-08-19T16:09:27.939560+00:00"}
{"asctime": "2025-08-19 18:09:27,940", "levelname": "INFO", "name": "AresTradingSystem.System.VectorizedAdvancedFeatureEngineering", "message": "ℹ️ No external funding rate data available", "correlation_id": "8be3fb172e9b46b3a5297c9dccd2091a", "session_id": "-", "timestamp": "2025-08-19T16:09:27.940987+00:00"}
{"asctime": "2025-08-19 18:09:27,941", "levelname": "WARNING", "name": "AresTradingSystem.System.VectorizedAdvancedFeatureEngineering", "message": "⚠️ No funding rate data available - skipping funding rate features", "correlation_id": "8be3fb172e9b46b3a5297c9dccd2091a", "session_id": "-", "timestamp": "2025-08-19T16:09:27.941111+00:00"}
{"asctime": "2025-08-19 18:09:27,950", "levelname": "INFO", "name": "AresTradingSystem.System.VectorizedAdvancedFeatureEngineering", "message": "🔍 Generated 2 volume_ratio context features from volume data", "correlation_id": "8be3fb172e9b46b3a5297c9dccd2091a", "session_id": "-", "timestamp": "2025-08-19T16:09:27.950784+00:00"}
{"asctime": "2025-08-19 18:09:27,952", "levelname": "INFO", "name": "AresTradingSystem.System.VectorizedAdvancedFeatureEngineering", "message": "ℹ️ No external trade count data available", "correlation_id": "8be3fb172e9b46b3a5297c9dccd2091a", "session_id": "-", "timestamp": "2025-08-19T16:09:27.952662+00:00"}
{"asctime": "2025-08-19 18:09:27,952", "levelname": "WARNING", "name": "AresTradingSystem.System.VectorizedAdvancedFeatureEngineering", "message": "⚠️ No aggtrades data available for trade_count features", "correlation_id": "8be3fb172e9b46b3a5297c9dccd2091a", "session_id": "-", "timestamp": "2025-08-19T16:09:27.952789+00:00"}
{"asctime": "2025-08-19 18:09:27,953", "levelname": "INFO", "name": "AresTradingSystem.System.VectorizedAdvancedFeatureEngineering", "message": "ℹ️ No external trade volume data available", "correlation_id": "8be3fb172e9b46b3a5297c9dccd2091a", "session_id": "-", "timestamp": "2025-08-19T16:09:27.953952+00:00"}
{"asctime": "2025-08-19 18:09:27,954", "levelname": "WARNING", "name": "AresTradingSystem.System.VectorizedAdvancedFeatureEngineering", "message": "⚠️ No aggtrades data available for trade_volume features", "correlation_id": "8be3fb172e9b46b3a5297c9dccd2091a", "session_id": "-", "timestamp": "2025-08-19T16:09:27.954047+00:00"}
{"asctime": "2025-08-19 18:09:27,954", "levelname": "INFO", "name": "AresTradingSystem.System.VectorizedAdvancedFeatureEngineering", "message": "🔍 Context dynamics feature generation completed", "correlation_id": "8be3fb172e9b46b3a5297c9dccd2091a", "session_id": "-", "timestamp": "2025-08-19T16:09:27.954123+00:00"}
{"asctime": "2025-08-19 18:09:27,954", "levelname": "INFO", "name": "AresTradingSystem.System.VectorizedAdvancedFeatureEngineering", "message": "🔍 Generated 2 total context dynamics features", "correlation_id": "8be3fb172e9b46b3a5297c9dccd2091a", "session_id": "-", "timestamp": "2025-08-19T16:09:27.954207+00:00"}
{"asctime": "2025-08-19 18:09:27,954", "levelname": "INFO", "name": "AresTradingSystem.System.VectorizedAdvancedFeatureEngineering", "message": "🔍 Generated 2 context dynamics features", "correlation_id": "8be3fb172e9b46b3a5297c9dccd2091a", "session_id": "-", "timestamp": "2025-08-19T16:09:27.954273+00:00"}
{"asctime": "2025-08-19 18:09:27,954", "levelname": "INFO", "name": "AresTradingSystem.System.VectorizedAdvancedFeatureEngineering", "message": "🔍 Total features after context dynamics: 18", "correlation_id": "8be3fb172e9b46b3a5297c9dccd2091a", "session_id": "-", "timestamp": "2025-08-19T16:09:27.954380+00:00"}
{"asctime": "2025-08-19 18:09:27,954", "levelname": "INFO", "name": "AresTradingSystem.System.VectorizedAdvancedFeatureEngineering", "message": "🔍 Generating volatility regime features...", "correlation_id": "8be3fb172e9b46b3a5297c9dccd2091a", "session_id": "-", "timestamp": "2025-08-19T16:09:27.954519+00:00"}
{"asctime": "2025-08-19 18:09:27,954", "levelname": "INFO", "name": "AresTradingSystem.System.VectorizedVolatilityRegimeModel", "message": "🔍 Volatility model input - price_data columns: ['open', 'high', 'low', 'close', 'volume']", "correlation_id": "8be3fb172e9b46b3a5297c9dccd2091a", "session_id": "-", "timestamp": "2025-08-19T16:09:27.954620+00:00"}
{"asctime": "2025-08-19 18:09:27,954", "levelname": "INFO", "name": "AresTradingSystem.System.VectorizedVolatilityRegimeModel", "message": "🔍 Volatility model input - price_data shape: (172437, 5)", "correlation_id": "8be3fb172e9b46b3a5297c9dccd2091a", "session_id": "-", "timestamp": "2025-08-19T16:09:27.954703+00:00"}
{"asctime": "2025-08-19 18:09:27,955", "levelname": "INFO", "name": "AresTradingSystem.System.VectorizedVolatilityRegimeModel", "message": "🔍 Close price range: 1387.79 to 2876.37", "correlation_id": "8be3fb172e9b46b3a5297c9dccd2091a", "session_id": "-", "timestamp": "2025-08-19T16:09:27.955285+00:00"}
{"asctime": "2025-08-19 18:09:27,956", "levelname": "INFO", "name": "AresTradingSystem.System.VectorizedVolatilityRegimeModel", "message": "🔍 Returns range: -0.0273 to 0.0428", "correlation_id": "8be3fb172e9b46b3a5297c9dccd2091a", "session_id": "-", "timestamp": "2025-08-19T16:09:27.956614+00:00"}
{"asctime": "2025-08-19 18:09:28,082", "levelname": "INFO", "name": "AresTradingSystem.System.VectorizedAdvancedFeatureEngineering", "message": "🔍 Generated 19 volatility features", "correlation_id": "8be3fb172e9b46b3a5297c9dccd2091a", "session_id": "-", "timestamp": "2025-08-19T16:09:28.082262+00:00"}
{"asctime": "2025-08-19 18:09:28,082", "levelname": "INFO", "name": "AresTradingSystem.System.VectorizedAdvancedFeatureEngineering", "message": "🔍 Volatility feature names: ['volatility_5', 'volatility_5_change', 'volatility_10', 'volatility_10_change', 'volatility_20', 'volatility_20_change', 'volatility_50', 'volatility_50_change', 'volatility_persistence', 'volatility_of_volatility', 'high_volatility_regime', 'low_volatility_regime', 'volatility_ratio_5_20', 'volatility_ratio_10_50', 'volatility_momentum_5', 'volatility_momentum_20', 'volatility_regime_strength', 'volatility_clustering', 'volatility_asymmetry']", "correlation_id": "8be3fb172e9b46b3a5297c9dccd2091a", "session_id": "-", "timestamp": "2025-08-19T16:09:28.082530+00:00"}
{"asctime": "2025-08-19 18:09:28,082", "levelname": "INFO", "name": "AresTradingSystem.System.VectorizedAdvancedFeatureEngineering", "message": "🔍 Total features after volatility: 37", "correlation_id": "8be3fb172e9b46b3a5297c9dccd2091a", "session_id": "-", "timestamp": "2025-08-19T16:09:28.082742+00:00"}
{"asctime": "2025-08-19 18:09:28,082", "levelname": "INFO", "name": "AresTradingSystem.System.VectorizedAdvancedFeatureEngineering", "message": "🔍 Generating correlation analysis features...", "correlation_id": "8be3fb172e9b46b3a5297c9dccd2091a", "session_id": "-", "timestamp": "2025-08-19T16:09:28.082846+00:00"}
{"asctime": "2025-08-19 18:09:28,310", "levelname": "INFO", "name": "AresTradingSystem.System.VectorizedAdvancedFeatureEngineering", "message": "🔍 Generated 5 correlation features", "correlation_id": "8be3fb172e9b46b3a5297c9dccd2091a", "session_id": "-", "timestamp": "2025-08-19T16:09:28.310753+00:00"}
{"asctime": "2025-08-19 18:09:28,310", "levelname": "INFO", "name": "AresTradingSystem.System.VectorizedAdvancedFeatureEngineering", "message": "🔍 Correlation feature names: ['price_volume_correlation_10', 'price_volume_correlation_20', 'price_volume_correlation_50', 'high_volume_price_impact', 'low_volume_price_impact']", "correlation_id": "8be3fb172e9b46b3a5297c9dccd2091a", "session_id": "-", "timestamp": "2025-08-19T16:09:28.310841+00:00"}
{"asctime": "2025-08-19 18:09:28,311", "levelname": "INFO", "name": "AresTradingSystem.System.VectorizedAdvancedFeatureEngineering", "message": "🔍 Total features after correlation: 42", "correlation_id": "8be3fb172e9b46b3a5297c9dccd2091a", "session_id": "-", "timestamp": "2025-08-19T16:09:28.311005+00:00"}
{"asctime": "2025-08-19 18:09:28,311", "levelname": "INFO", "name": "AresTradingSystem.System.VectorizedAdvancedFeatureEngineering", "message": "🔍 Generating momentum analysis features...", "correlation_id": "8be3fb172e9b46b3a5297c9dccd2091a", "session_id": "-", "timestamp": "2025-08-19T16:09:28.311103+00:00"}
{"asctime": "2025-08-19 18:09:28,402", "levelname": "INFO", "name": "AresTradingSystem.System.VectorizedAdvancedFeatureEngineering", "message": "🔍 Generated 21 momentum features", "correlation_id": "8be3fb172e9b46b3a5297c9dccd2091a", "session_id": "-", "timestamp": "2025-08-19T16:09:28.402631+00:00"}
{"asctime": "2025-08-19 18:09:28,402", "levelname": "INFO", "name": "AresTradingSystem.System.VectorizedAdvancedFeatureEngineering", "message": "🔍 Momentum feature names: ['price_momentum_5', 'volume_weighted_momentum_5', 'price_momentum_10', 'volume_weighted_momentum_10', 'price_momentum_20', 'volume_weighted_momentum_20', 'price_momentum_50', 'volume_weighted_momentum_50', 'rsi_14', 'rsi_20', 'momentum_divergence', 'roc_5', 'roc_10', 'roc_20', 'price_acceleration_5', 'price_acceleration_10', 'volume_acceleration_5', 'volume_acceleration_10', 'momentum_strength_5', 'momentum_strength_10', 'momentum_strength_20']", "correlation_id": "8be3fb172e9b46b3a5297c9dccd2091a", "session_id": "-", "timestamp": "2025-08-19T16:09:28.402731+00:00"}
{"asctime": "2025-08-19 18:09:28,402", "levelname": "INFO", "name": "AresTradingSystem.System.VectorizedAdvancedFeatureEngineering", "message": "🔍 Total features after momentum: 63", "correlation_id": "8be3fb172e9b46b3a5297c9dccd2091a", "session_id": "-", "timestamp": "2025-08-19T16:09:28.402870+00:00"}
{"asctime": "2025-08-19 18:09:28,402", "levelname": "INFO", "name": "AresTradingSystem.System.VectorizedAdvancedFeatureEngineering", "message": "🔍 Generating liquidity analysis features...", "correlation_id": "8be3fb172e9b46b3a5297c9dccd2091a", "session_id": "-", "timestamp": "2025-08-19T16:09:28.402939+00:00"}
{"asctime": "2025-08-19 18:09:28,435", "levelname": "INFO", "name": "AresTradingSystem.System.VectorizedAdvancedFeatureEngineering", "message": "🔍 Generated 7 liquidity features", "correlation_id": "8be3fb172e9b46b3a5297c9dccd2091a", "session_id": "-", "timestamp": "2025-08-19T16:09:28.435988+00:00"}
{"asctime": "2025-08-19 18:09:28,436", "levelname": "INFO", "name": "AresTradingSystem.System.VectorizedAdvancedFeatureEngineering", "message": "🔍 Liquidity feature names: ['amihud_illiquidity', 'roll_spread_proxy', 'vwap_deviation', 'liquidity_ratio', 'volume_zscore', 'spread_approximation', 'liquidity_pressure']", "correlation_id": "8be3fb172e9b46b3a5297c9dccd2091a", "session_id": "-", "timestamp": "2025-08-19T16:09:28.436204+00:00"}
{"asctime": "2025-08-19 18:09:28,436", "levelname": "INFO", "name": "AresTradingSystem.System.VectorizedAdvancedFeatureEngineering", "message": "🔍 Total features after liquidity: 70", "correlation_id": "8be3fb172e9b46b3a5297c9dccd2091a", "session_id": "-", "timestamp": "2025-08-19T16:09:28.436313+00:00"}
{"asctime": "2025-08-19 18:09:28,436", "levelname": "INFO", "name": "AresTradingSystem.System.VectorizedAdvancedFeatureEngineering", "message": "🔍 Generating candlestick pattern features...", "correlation_id": "8be3fb172e9b46b3a5297c9dccd2091a", "session_id": "-", "timestamp": "2025-08-19T16:09:28.436379+00:00"}
{"asctime": "2025-08-19 18:09:28,578", "levelname": "INFO", "name": "AresTradingSystem.System.VectorizedAdvancedFeatureEngineering", "message": "🔍 Generated 6 candlestick features", "correlation_id": "8be3fb172e9b46b3a5297c9dccd2091a", "session_id": "-", "timestamp": "2025-08-19T16:09:28.578080+00:00"}
{"asctime": "2025-08-19 18:09:28,578", "levelname": "INFO", "name": "AresTradingSystem.System.VectorizedAdvancedFeatureEngineering", "message": "🔍 Candlestick feature names: ['doji_pattern', 'hammer_pattern', 'shooting_star_pattern', 'bullish_engulfing', 'bearish_engulfing', 'body_range_ratio']", "correlation_id": "8be3fb172e9b46b3a5297c9dccd2091a", "session_id": "-", "timestamp": "2025-08-19T16:09:28.578298+00:00"}
{"asctime": "2025-08-19 18:09:28,578", "levelname": "INFO", "name": "AresTradingSystem.System.VectorizedAdvancedFeatureEngineering", "message": "🔍 Total features after candlestick: 76", "correlation_id": "8be3fb172e9b46b3a5297c9dccd2091a", "session_id": "-", "timestamp": "2025-08-19T16:09:28.578482+00:00"}
{"asctime": "2025-08-19 18:09:28,578", "levelname": "INFO", "name": "AresTradingSystem.System.VectorizedAdvancedFeatureEngineering", "message": "🔍 Generating OHLCV price features...", "correlation_id": "8be3fb172e9b46b3a5297c9dccd2091a", "session_id": "-", "timestamp": "2025-08-19T16:09:28.578557+00:00"}
{"asctime": "2025-08-19 18:09:42,373", "levelname": "INFO", "name": "AresTradingSystem.System.VectorizedAdvancedFeatureEngineering", "message": "✅ Generated 38 OHLCV technical indicators", "correlation_id": "8be3fb172e9b46b3a5297c9dccd2091a", "session_id": "-", "timestamp": "2025-08-19T16:09:42.373317+00:00"}
{"asctime": "2025-08-19 18:09:42,374", "levelname": "INFO", "name": "AresTradingSystem.System.VectorizedAdvancedFeatureEngineering", "message": "🔍 Generated 38 OHLCV price features", "correlation_id": "8be3fb172e9b46b3a5297c9dccd2091a", "session_id": "-", "timestamp": "2025-08-19T16:09:42.374314+00:00"}
{"asctime": "2025-08-19 18:09:42,374", "levelname": "INFO", "name": "AresTradingSystem.System.VectorizedAdvancedFeatureEngineering", "message": "🔍 OHLCV price feature names: ['high_low_ratio', 'close_open_ratio', 'body_size', 'upper_shadow', 'lower_shadow', 'sma_5', 'sma_20', 'ema_12', 'ema_26', 'price_momentum_20', 'volatility_5', 'volume_momentum', 'volume_ratio', 'rsi', 'macd', 'macd_signal', 'macd_histogram', 'bb_upper', 'bb_lower', 'bb_position', 'atr', 'stoch_k', 'stoch_d', 'williams_r', 'cci', 'roc', 'mfi', 'price_efficiency_20', 'volume_price_trend', 'on_balance_volume', 'accumulation_distribution', 'chaikin_money_flow', 'price_momentum_oscillator', 'volume_momentum_oscillator', 'price_velocity_5', 'price_velocity_10', 'volume_velocity_5', 'volume_velocity_10']", "correlation_id": "8be3fb172e9b46b3a5297c9dccd2091a", "session_id": "-", "timestamp": "2025-08-19T16:09:42.374411+00:00"}
{"asctime": "2025-08-19 18:09:42,374", "levelname": "INFO", "name": "AresTradingSystem.System.VectorizedAdvancedFeatureEngineering", "message": "🔍 Total features after OHLCV price: 112", "correlation_id": "8be3fb172e9b46b3a5297c9dccd2091a", "session_id": "-", "timestamp": "2025-08-19T16:09:42.374592+00:00"}
{"asctime": "2025-08-19 18:09:42,374", "levelname": "INFO", "name": "AresTradingSystem.System.VectorizedAdvancedFeatureEngineering", "message": "🔍 Generating S/R distance features...", "correlation_id": "8be3fb172e9b46b3a5297c9dccd2091a", "session_id": "-", "timestamp": "2025-08-19T16:09:42.374657+00:00"}
{"asctime": "2025-08-19 18:09:48,791", "levelname": "INFO", "name": "AresTradingSystem.System.VectorizedAdvancedFeatureEngineering", "message": "🔍 Generated 28 S/R distance features", "correlation_id": "8be3fb172e9b46b3a5297c9dccd2091a", "session_id": "-", "timestamp": "2025-08-19T16:09:48.791981+00:00"}
{"asctime": "2025-08-19 18:09:48,792", "levelname": "INFO", "name": "AresTradingSystem.System.VectorizedAdvancedFeatureEngineering", "message": "🔍 S/R distance feature names: ['distance_to_support', 'normalized_distance_to_support', 'normalized_distance_to_support_w20', 'normalized_distance_to_support_w50', 'normalized_distance_to_support_w100', 'atr_normalized_distance_to_support', 'support_within_1atr', 'support_within_0_5atr', 'distance_to_support_rank1', 'distance_to_support_rank2', 'distance_to_support_rank3', 'support_count_within_0_5pct', 'support_count_within_1pct', 'support_count_within_2pct', 'distance_to_resistance', 'normalized_distance_to_resistance', 'normalized_distance_to_resistance_w20', 'normalized_distance_to_resistance_w50', 'normalized_distance_to_resistance_w100', 'atr_normalized_distance_to_resistance', 'resistance_within_1atr', 'resistance_within_0_5atr', 'distance_to_resistance_rank1', 'distance_to_resistance_rank2', 'distance_to_resistance_rank3', 'resistance_count_within_0_5pct', 'resistance_count_within_1pct', 'resistance_count_within_2pct']", "correlation_id": "8be3fb172e9b46b3a5297c9dccd2091a", "session_id": "-", "timestamp": "2025-08-19T16:09:48.792250+00:00"}
{"asctime": "2025-08-19 18:09:48,792", "levelname": "INFO", "name": "AresTradingSystem.System.VectorizedAdvancedFeatureEngineering", "message": "🔍 Total features after S/R distance: 140", "correlation_id": "8be3fb172e9b46b3a5297c9dccd2091a", "session_id": "-", "timestamp": "2025-08-19T16:09:48.792505+00:00"}
{"asctime": "2025-08-19 18:09:48,792", "levelname": "INFO", "name": "AresTradingSystem.System.VectorizedAdvancedFeatureEngineering", "message": "🔍 Generating wavelet transform features...", "correlation_id": "8be3fb172e9b46b3a5297c9dccd2091a", "session_id": "-", "timestamp": "2025-08-19T16:09:48.792575+00:00"}
{"asctime": "2025-08-19 18:09:57,096", "levelname": "INFO", "name": "AresTradingSystem.System.VectorizedAdvancedFeatureEngineering", "message": "📦 Loading wavelet features from cache: 2288de66c5d5b1bc", "correlation_id": "8be3fb172e9b46b3a5297c9dccd2091a", "session_id": "-", "timestamp": "2025-08-19T16:09:57.096363+00:00"}
{"asctime": "2025-08-19 18:09:57,116", "levelname": "INFO", "name": "AresTradingSystem.System.WaveletFeatureCache", "message": "📦 Loaded 16 wavelet features from cache: 2288de66c5d5b1bc", "correlation_id": "8be3fb172e9b46b3a5297c9dccd2091a", "session_id": "-", "timestamp": "2025-08-19T16:09:57.116949+00:00"}
{"asctime": "2025-08-19 18:09:57,117", "levelname": "INFO", "name": "AresTradingSystem.System.VectorizedAdvancedFeatureEngineering", "message": "🔍 Generated 16 wavelet features", "correlation_id": "8be3fb172e9b46b3a5297c9dccd2091a", "session_id": "-", "timestamp": "2025-08-19T16:09:57.117232+00:00"}
{"asctime": "2025-08-19 18:09:57,117", "levelname": "INFO", "name": "AresTradingSystem.System.VectorizedAdvancedFeatureEngineering", "message": "🔍 Wavelet feature names: ['wavelet_mean_8', 'wavelet_std_8', 'wavelet_energy_8', 'wavelet_mean_16', 'wavelet_std_16', 'wavelet_energy_16', 'wavelet_mean_32', 'wavelet_std_32', 'wavelet_energy_32', 'wavelet_high_freq', 'wavelet_low_freq', 'wavelet_freq_ratio', 'wavelet_volatility', 'wavelet_trend_strength', 'wavelet_momentum_8', 'wavelet_momentum_16']", "correlation_id": "8be3fb172e9b46b3a5297c9dccd2091a", "session_id": "-", "timestamp": "2025-08-19T16:09:57.117326+00:00"}
{"asctime": "2025-08-19 18:09:57,117", "levelname": "INFO", "name": "AresTradingSystem.System.VectorizedAdvancedFeatureEngineering", "message": "🔍 Total features after wavelet: 156", "correlation_id": "8be3fb172e9b46b3a5297c9dccd2091a", "session_id": "-", "timestamp": "2025-08-19T16:09:57.117406+00:00"}
{"asctime": "2025-08-19 18:09:57,117", "levelname": "INFO", "name": "AresTradingSystem.System.VectorizedAdvancedFeatureEngineering", "message": "🔍 Generating adaptive indicators...", "correlation_id": "8be3fb172e9b46b3a5297c9dccd2091a", "session_id": "-", "timestamp": "2025-08-19T16:09:57.117473+00:00"}
{"asctime": "2025-08-19 18:10:12,106", "levelname": "INFO", "name": "AresTradingSystem.System", "message": "Received signal 2, cleaning up...", "correlation_id": "8be3fb172e9b46b3a5297c9dccd2091a", "session_id": "-", "timestamp": "2025-08-19T16:10:12.106568+00:00"}
