{"asctime": "2025-08-19 17:49:15,415", "levelname": "INFO", "name": "AresGlobal", "message": "================================================================================", "correlation_id": "-", "session_id": "-", "timestamp": "2025-08-19T15:49:15.415157+00:00"}
{"asctime": "2025-08-19 17:49:15,415", "levelname": "INFO", "name": "AresGlobal", "message": "📊 SESSION SUMMARY", "correlation_id": "-", "session_id": "-", "timestamp": "2025-08-19T15:49:15.415290+00:00"}
{"asctime": "2025-08-19 17:49:15,415", "levelname": "INFO", "name": "AresGlobal", "message": "Session started: 2025-08-19 17:49:15", "correlation_id": "-", "session_id": "-", "timestamp": "2025-08-19T15:49:15.415393+00:00"}
{"asctime": "2025-08-19 17:49:15,415", "levelname": "INFO", "name": "AresGlobal", "message": "This file contains ALL logs for this session", "correlation_id": "-", "session_id": "-", "timestamp": "2025-08-19T15:49:15.415481+00:00"}
{"asctime": "2025-08-19 17:49:15,415", "levelname": "INFO", "name": "AresGlobal", "message": "================================================================================", "correlation_id": "-", "session_id": "-", "timestamp": "2025-08-19T15:49:15.415562+00:00"}
{"asctime": "2025-08-19 17:49:15,415", "levelname": "INFO", "name": "AresSystem", "message": "================================================================================", "correlation_id": "-", "session_id": "-", "timestamp": "2025-08-19T15:49:15.415673+00:00"}
{"asctime": "2025-08-19 17:49:15,415", "levelname": "INFO", "name": "AresGlobal", "message": "[SYSTEM] ================================================================================", "correlation_id": "-", "session_id": "-", "timestamp": "2025-08-19T15:49:15.415770+00:00"}
{"asctime": "2025-08-19 17:49:15,415", "levelname": "INFO", "name": "AresSystem", "message": "🚀 ARES LAUNCHER STARTED - Mode: INITIALIZATION", "correlation_id": "-", "session_id": "-", "timestamp": "2025-08-19T15:49:15.415852+00:00"}
{"asctime": "2025-08-19 17:49:15,415", "levelname": "INFO", "name": "AresGlobal", "message": "[SYSTEM] 🚀 ARES LAUNCHER STARTED - Mode: INITIALIZATION", "correlation_id": "-", "session_id": "-", "timestamp": "2025-08-19T15:49:15.415938+00:00"}
{"asctime": "2025-08-19 17:49:15,416", "levelname": "INFO", "name": "AresSystem", "message": "Start time: 2025-08-19 17:49:15", "correlation_id": "-", "session_id": "-", "timestamp": "2025-08-19T15:49:15.416030+00:00"}
{"asctime": "2025-08-19 17:49:15,416", "levelname": "INFO", "name": "AresGlobal", "message": "[SYSTEM] Start time: 2025-08-19 17:49:15", "correlation_id": "-", "session_id": "-", "timestamp": "2025-08-19T15:49:15.416112+00:00"}
{"asctime": "2025-08-19 17:49:15,416", "levelname": "INFO", "name": "AresSystem", "message": "Log directory: log", "correlation_id": "-", "session_id": "-", "timestamp": "2025-08-19T15:49:15.416193+00:00"}
{"asctime": "2025-08-19 17:49:15,416", "levelname": "INFO", "name": "AresGlobal", "message": "[SYSTEM] Log directory: log", "correlation_id": "-", "session_id": "-", "timestamp": "2025-08-19T15:49:15.416272+00:00"}
{"asctime": "2025-08-19 17:49:15,416", "levelname": "INFO", "name": "AresSystem", "message": "================================================================================", "correlation_id": "-", "session_id": "-", "timestamp": "2025-08-19T15:49:15.416350+00:00"}
{"asctime": "2025-08-19 17:49:15,416", "levelname": "INFO", "name": "AresGlobal", "message": "[SYSTEM] ================================================================================", "correlation_id": "-", "session_id": "-", "timestamp": "2025-08-19T15:49:15.416431+00:00"}
{"asctime": "2025-08-19 17:49:15,416", "levelname": "INFO", "name": "AresGlobal.AresLauncher", "message": "================================================================================", "correlation_id": "-", "session_id": "-", "timestamp": "2025-08-19T15:49:15.416512+00:00"}
{"asctime": "2025-08-19 17:49:15,416", "levelname": "INFO", "name": "AresGlobal.AresLauncher", "message": "🚀 ARES COMPREHENSIVE LAUNCHER", "correlation_id": "-", "session_id": "-", "timestamp": "2025-08-19T15:49:15.416594+00:00"}
{"asctime": "2025-08-19 17:49:15,416", "levelname": "INFO", "name": "AresGlobal.AresLauncher", "message": "================================================================================", "correlation_id": "-", "session_id": "-", "timestamp": "2025-08-19T15:49:15.416681+00:00"}
{"asctime": "2025-08-19 17:49:15,416", "levelname": "INFO", "name": "AresGlobal.AresLauncher", "message": "Start time: 2025-08-19 17:49:15", "correlation_id": "-", "session_id": "-", "timestamp": "2025-08-19T15:49:15.416763+00:00"}
{"asctime": "2025-08-19 17:49:15,416", "levelname": "INFO", "name": "AresGlobal.AresLauncher", "message": "Log directory: log", "correlation_id": "-", "session_id": "-", "timestamp": "2025-08-19T15:49:15.416840+00:00"}
{"asctime": "2025-08-19 17:49:15,416", "levelname": "INFO", "name": "AresGlobal.AresLauncher", "message": "Log level: INFO", "correlation_id": "-", "session_id": "-", "timestamp": "2025-08-19T15:49:15.416917+00:00"}
{"asctime": "2025-08-19 17:49:15,416", "levelname": "INFO", "name": "AresGlobal.AresLauncher", "message": "Global log file: ares_global_20250819_174915.log", "correlation_id": "-", "session_id": "-", "timestamp": "2025-08-19T15:49:15.416996+00:00"}
{"asctime": "2025-08-19 17:49:15,417", "levelname": "INFO", "name": "AresGlobal.AresLauncher", "message": "Full run log: log/ares_full_20250819_174915.log", "correlation_id": "-", "session_id": "-", "timestamp": "2025-08-19T15:49:15.417080+00:00"}
{"asctime": "2025-08-19 17:49:15,417", "levelname": "INFO", "name": "AresGlobal.AresLauncher", "message": "Trades log: log/ares_trades_20250819_174915.log", "correlation_id": "-", "session_id": "-", "timestamp": "2025-08-19T15:49:15.417157+00:00"}
{"asctime": "2025-08-19 17:49:15,417", "levelname": "INFO", "name": "AresGlobal.AresLauncher", "message": "Backtest log: log/ares_backtest_20250819_174915.log", "correlation_id": "-", "session_id": "-", "timestamp": "2025-08-19T15:49:15.417234+00:00"}
{"asctime": "2025-08-19 17:49:15,417", "levelname": "INFO", "name": "AresGlobal.AresLauncher", "message": "================================================================================", "correlation_id": "-", "session_id": "-", "timestamp": "2025-08-19T15:49:15.417309+00:00"}
{"asctime": "2025-08-19 17:49:15,417", "levelname": "INFO", "name": "AresTradingSystem.System.SignalHandler", "message": "Shutdown callback registered", "correlation_id": "-", "session_id": "-", "timestamp": "2025-08-19T15:49:15.417390+00:00"}
{"asctime": "2025-08-19 17:49:15,417", "levelname": "INFO", "name": "AresSystem", "message": "================================================================================", "correlation_id": "-", "session_id": "-", "timestamp": "2025-08-19T15:49:15.417473+00:00"}
{"asctime": "2025-08-19 17:49:15,417", "levelname": "INFO", "name": "AresGlobal", "message": "[SYSTEM] ================================================================================", "correlation_id": "-", "session_id": "-", "timestamp": "2025-08-19T15:49:15.417551+00:00"}
{"asctime": "2025-08-19 17:49:15,417", "levelname": "INFO", "name": "AresSystem", "message": "🚀 ARES LAUNCHER STARTED - Mode: blank - Symbol: ETHUSDT - Exchange: BINANCE", "correlation_id": "-", "session_id": "-", "timestamp": "2025-08-19T15:49:15.417626+00:00"}
{"asctime": "2025-08-19 17:49:15,417", "levelname": "INFO", "name": "AresGlobal", "message": "[SYSTEM] 🚀 ARES LAUNCHER STARTED - Mode: blank - Symbol: ETHUSDT - Exchange: BINANCE", "correlation_id": "-", "session_id": "-", "timestamp": "2025-08-19T15:49:15.417709+00:00"}
{"asctime": "2025-08-19 17:49:15,417", "levelname": "INFO", "name": "AresSystem", "message": "Start time: 2025-08-19 17:49:15", "correlation_id": "-", "session_id": "-", "timestamp": "2025-08-19T15:49:15.417794+00:00"}
{"asctime": "2025-08-19 17:49:15,417", "levelname": "INFO", "name": "AresGlobal", "message": "[SYSTEM] Start time: 2025-08-19 17:49:15", "correlation_id": "-", "session_id": "-", "timestamp": "2025-08-19T15:49:15.417870+00:00"}
{"asctime": "2025-08-19 17:49:15,417", "levelname": "INFO", "name": "AresSystem", "message": "Log directory: log", "correlation_id": "-", "session_id": "-", "timestamp": "2025-08-19T15:49:15.417945+00:00"}
{"asctime": "2025-08-19 17:49:15,418", "levelname": "INFO", "name": "AresGlobal", "message": "[SYSTEM] Log directory: log", "correlation_id": "-", "session_id": "-", "timestamp": "2025-08-19T15:49:15.418028+00:00"}
{"asctime": "2025-08-19 17:49:15,418", "levelname": "INFO", "name": "AresSystem", "message": "================================================================================", "correlation_id": "-", "session_id": "-", "timestamp": "2025-08-19T15:49:15.418102+00:00"}
{"asctime": "2025-08-19 17:49:15,418", "levelname": "INFO", "name": "AresGlobal", "message": "[SYSTEM] ================================================================================", "correlation_id": "-", "session_id": "-", "timestamp": "2025-08-19T15:49:15.418180+00:00"}
{"asctime": "2025-08-19 17:49:15,418", "levelname": "INFO", "name": "AresGlobal.AresLauncher", "message": "🚀 Running enhanced 16-step training pipeline for ETHUSDT on BINANCE", "correlation_id": "-", "session_id": "-", "timestamp": "2025-08-19T15:49:15.418431+00:00"}
{"asctime": "2025-08-19 17:49:15,418", "levelname": "INFO", "name": "AresGlobal.AresLauncher", "message": "Starting from step: step2_feature_engineering", "correlation_id": "-", "session_id": "-", "timestamp": "2025-08-19T15:49:15.418658+00:00"}
{"asctime": "2025-08-19 17:49:15,419", "levelname": "INFO", "name": "AresGlobal.AresLauncher", "message": "🧪 BLANK TRAINING MODE: Set BLANK_TRAINING_MODE=1 for step-based training", "correlation_id": "-", "session_id": "-", "timestamp": "2025-08-19T15:49:15.419643+00:00"}
{"asctime": "2025-08-19 17:49:15,419", "levelname": "INFO", "name": "AresGlobal.ProgressManager", "message": "Initialized ProgressManager for ETHUSDT on BINANCE", "correlation_id": "-", "session_id": "-", "timestamp": "2025-08-19T15:49:15.419878+00:00"}
{"asctime": "2025-08-19 17:49:15,419", "levelname": "INFO", "name": "AresGlobal.ProgressManager", "message": "Progress directory: data/training/progress/BINANCE_ETHUSDT", "correlation_id": "-", "session_id": "-", "timestamp": "2025-08-19T15:49:15.419981+00:00"}
{"asctime": "2025-08-19 17:49:15,420", "levelname": "INFO", "name": "AresGlobal.StepOrchestrator", "message": "Initialized StepOrchestrator for ETHUSDT on BINANCE", "correlation_id": "-", "session_id": "-", "timestamp": "2025-08-19T15:49:15.420127+00:00"}
{"asctime": "2025-08-19 17:49:15,420", "levelname": "INFO", "name": "AresGlobal.ProgressManager", "message": "🗑️  Cleared progress for step2_feature_engineering", "correlation_id": "-", "session_id": "-", "timestamp": "2025-08-19T15:49:15.420293+00:00"}
{"asctime": "2025-08-19 17:49:15,420", "levelname": "INFO", "name": "AresGlobal.AresLauncher", "message": "🧹 Cleared progress for 'step2_feature_engineering' (force)", "correlation_id": "-", "session_id": "-", "timestamp": "2025-08-19T15:49:15.420447+00:00"}
{"asctime": "2025-08-19 17:49:15,420", "levelname": "INFO", "name": "AresGlobal.ProgressManager", "message": "🗑️  Cleared progress for step2_5_enhanced_matrix_operations", "correlation_id": "-", "session_id": "-", "timestamp": "2025-08-19T15:49:15.420639+00:00"}
{"asctime": "2025-08-19 17:49:15,420", "levelname": "INFO", "name": "AresGlobal.AresLauncher", "message": "🧹 Cleared progress for 'step2_5_enhanced_matrix_operations' (force)", "correlation_id": "-", "session_id": "-", "timestamp": "2025-08-19T15:49:15.420930+00:00"}
{"asctime": "2025-08-19 17:49:15,421", "levelname": "INFO", "name": "AresGlobal.ProgressManager", "message": "🗑️  Cleared progress for step3_hmm_regime_discovery", "correlation_id": "-", "session_id": "-", "timestamp": "2025-08-19T15:49:15.421352+00:00"}
{"asctime": "2025-08-19 17:49:15,421", "levelname": "INFO", "name": "AresGlobal.AresLauncher", "message": "🧹 Cleared progress for 'step3_hmm_regime_discovery' (force)", "correlation_id": "-", "session_id": "-", "timestamp": "2025-08-19T15:49:15.421572+00:00"}
{"asctime": "2025-08-19 17:49:15,421", "levelname": "INFO", "name": "AresGlobal.ProgressManager", "message": "🗑️  Cleared progress for step4_processing_labeling", "correlation_id": "-", "session_id": "-", "timestamp": "2025-08-19T15:49:15.421783+00:00"}
{"asctime": "2025-08-19 17:49:15,421", "levelname": "INFO", "name": "AresGlobal.AresLauncher", "message": "🧹 Cleared progress for 'step4_processing_labeling' (force)", "correlation_id": "-", "session_id": "-", "timestamp": "2025-08-19T15:49:15.421949+00:00"}
{"asctime": "2025-08-19 17:49:15,422", "levelname": "INFO", "name": "AresGlobal.ProgressManager", "message": "🗑️  Cleared progress for step5_regime_data_splitting", "correlation_id": "-", "session_id": "-", "timestamp": "2025-08-19T15:49:15.422189+00:00"}
{"asctime": "2025-08-19 17:49:15,422", "levelname": "INFO", "name": "AresGlobal.AresLauncher", "message": "🧹 Cleared progress for 'step5_regime_data_splitting' (force)", "correlation_id": "-", "session_id": "-", "timestamp": "2025-08-19T15:49:15.422405+00:00"}
{"asctime": "2025-08-19 17:49:15,425", "levelname": "INFO", "name": "AresGlobal.ProgressManager", "message": "🗑️  Cleared progress for step6_hmm_based_training", "correlation_id": "-", "session_id": "-", "timestamp": "2025-08-19T15:49:15.425217+00:00"}
{"asctime": "2025-08-19 17:49:15,425", "levelname": "INFO", "name": "AresGlobal.AresLauncher", "message": "🧹 Cleared progress for 'step6_hmm_based_training' (force)", "correlation_id": "-", "session_id": "-", "timestamp": "2025-08-19T15:49:15.425371+00:00"}
{"asctime": "2025-08-19 17:49:15,425", "levelname": "INFO", "name": "AresGlobal.ProgressManager", "message": "🗑️  Cleared progress for step6_5_unified_regime_intelligence", "correlation_id": "-", "session_id": "-", "timestamp": "2025-08-19T15:49:15.425549+00:00"}
{"asctime": "2025-08-19 17:49:15,425", "levelname": "INFO", "name": "AresGlobal.AresLauncher", "message": "🧹 Cleared progress for 'step6_5_unified_regime_intelligence' (force)", "correlation_id": "-", "session_id": "-", "timestamp": "2025-08-19T15:49:15.425760+00:00"}
{"asctime": "2025-08-19 17:49:15,425", "levelname": "INFO", "name": "AresGlobal.ProgressManager", "message": "🗑️  Cleared progress for step7_analyst_enhancement", "correlation_id": "-", "session_id": "-", "timestamp": "2025-08-19T15:49:15.425959+00:00"}
{"asctime": "2025-08-19 17:49:15,426", "levelname": "INFO", "name": "AresGlobal.AresLauncher", "message": "🧹 Cleared progress for 'step7_analyst_enhancement' (force)", "correlation_id": "-", "session_id": "-", "timestamp": "2025-08-19T15:49:15.426229+00:00"}
{"asctime": "2025-08-19 17:49:15,426", "levelname": "INFO", "name": "AresGlobal.ProgressManager", "message": "🗑️  Cleared progress for step8_tactician_labeling", "correlation_id": "-", "session_id": "-", "timestamp": "2025-08-19T15:49:15.426374+00:00"}
{"asctime": "2025-08-19 17:49:15,426", "levelname": "INFO", "name": "AresGlobal.AresLauncher", "message": "🧹 Cleared progress for 'step8_tactician_labeling' (force)", "correlation_id": "-", "session_id": "-", "timestamp": "2025-08-19T15:49:15.426500+00:00"}
{"asctime": "2025-08-19 17:49:15,426", "levelname": "INFO", "name": "AresGlobal.ProgressManager", "message": "🗑️  Cleared progress for step9_tactician_specialist_training", "correlation_id": "-", "session_id": "-", "timestamp": "2025-08-19T15:49:15.426659+00:00"}
{"asctime": "2025-08-19 17:49:15,426", "levelname": "INFO", "name": "AresGlobal.AresLauncher", "message": "🧹 Cleared progress for 'step9_tactician_specialist_training' (force)", "correlation_id": "-", "session_id": "-", "timestamp": "2025-08-19T15:49:15.426760+00:00"}
{"asctime": "2025-08-19 17:49:15,426", "levelname": "INFO", "name": "AresGlobal.ProgressManager", "message": "🗑️  Cleared progress for step10_confidence_calibration", "correlation_id": "-", "session_id": "-", "timestamp": "2025-08-19T15:49:15.426870+00:00"}
{"asctime": "2025-08-19 17:49:15,426", "levelname": "INFO", "name": "AresGlobal.AresLauncher", "message": "🧹 Cleared progress for 'step10_confidence_calibration' (force)", "correlation_id": "-", "session_id": "-", "timestamp": "2025-08-19T15:49:15.426961+00:00"}
{"asctime": "2025-08-19 17:49:15,427", "levelname": "INFO", "name": "AresGlobal.ProgressManager", "message": "🗑️  Cleared progress for step11_final_parameters_optimization", "correlation_id": "-", "session_id": "-", "timestamp": "2025-08-19T15:49:15.427074+00:00"}
{"asctime": "2025-08-19 17:49:15,427", "levelname": "INFO", "name": "AresGlobal.AresLauncher", "message": "🧹 Cleared progress for 'step11_final_parameters_optimization' (force)", "correlation_id": "-", "session_id": "-", "timestamp": "2025-08-19T15:49:15.427160+00:00"}
{"asctime": "2025-08-19 17:49:15,427", "levelname": "INFO", "name": "AresGlobal.ProgressManager", "message": "🗑️  Cleared progress for step12_walk_forward_validation", "correlation_id": "-", "session_id": "-", "timestamp": "2025-08-19T15:49:15.427263+00:00"}
{"asctime": "2025-08-19 17:49:15,427", "levelname": "INFO", "name": "AresGlobal.AresLauncher", "message": "🧹 Cleared progress for 'step12_walk_forward_validation' (force)", "correlation_id": "-", "session_id": "-", "timestamp": "2025-08-19T15:49:15.427348+00:00"}
{"asctime": "2025-08-19 17:49:15,427", "levelname": "INFO", "name": "AresGlobal.ProgressManager", "message": "🗑️  Cleared progress for step13_monte_carlo_validation", "correlation_id": "-", "session_id": "-", "timestamp": "2025-08-19T15:49:15.427447+00:00"}
{"asctime": "2025-08-19 17:49:15,427", "levelname": "INFO", "name": "AresGlobal.AresLauncher", "message": "🧹 Cleared progress for 'step13_monte_carlo_validation' (force)", "correlation_id": "-", "session_id": "-", "timestamp": "2025-08-19T15:49:15.427530+00:00"}
{"asctime": "2025-08-19 17:49:15,427", "levelname": "INFO", "name": "AresGlobal.ProgressManager", "message": "🗑️  Cleared progress for step14_ab_testing", "correlation_id": "-", "session_id": "-", "timestamp": "2025-08-19T15:49:15.427626+00:00"}
{"asctime": "2025-08-19 17:49:15,427", "levelname": "INFO", "name": "AresGlobal.AresLauncher", "message": "🧹 Cleared progress for 'step14_ab_testing' (force)", "correlation_id": "-", "session_id": "-", "timestamp": "2025-08-19T15:49:15.427709+00:00"}
{"asctime": "2025-08-19 17:49:15,427", "levelname": "INFO", "name": "AresGlobal.ProgressManager", "message": "🗑️  Cleared progress for step15_saving", "correlation_id": "-", "session_id": "-", "timestamp": "2025-08-19T15:49:15.427810+00:00"}
{"asctime": "2025-08-19 17:49:15,427", "levelname": "INFO", "name": "AresGlobal.AresLauncher", "message": "🧹 Cleared progress for 'step15_saving' (force)", "correlation_id": "-", "session_id": "-", "timestamp": "2025-08-19T15:49:15.427899+00:00"}
{"asctime": "2025-08-19 17:49:15,427", "levelname": "INFO", "name": "AresGlobal.AresLauncher", "message": "✅ Cleared progress for 16 steps: ['step2_feature_engineering', 'step2_5_enhanced_matrix_operations', 'step3_hmm_regime_discovery', 'step4_processing_labeling', 'step5_regime_data_splitting', 'step6_hmm_based_training', 'step6_5_unified_regime_intelligence', 'step7_analyst_enhancement', 'step8_tactician_labeling', 'step9_tactician_specialist_training', 'step10_confidence_calibration', 'step11_final_parameters_optimization', 'step12_walk_forward_validation', 'step13_monte_carlo_validation', 'step14_ab_testing', 'step15_saving']", "correlation_id": "-", "session_id": "-", "timestamp": "2025-08-19T15:49:15.427999+00:00"}
{"asctime": "2025-08-19 17:49:15,428", "levelname": "DEBUG", "name": "asyncio", "message": "Using selector: KqueueSelector", "correlation_id": "-", "session_id": "-", "timestamp": "2025-08-19T15:49:15.428421+00:00"}
{"asctime": "2025-08-19 17:49:15,428", "levelname": "INFO", "name": "AresGlobal.StepOrchestrator", "message": "🚀 Starting execution from step: step2_feature_engineering", "correlation_id": "-", "session_id": "-", "timestamp": "2025-08-19T15:49:15.428635+00:00"}
{"asctime": "2025-08-19 17:49:16,569", "levelname": "DEBUG", "name": "matplotlib", "message": "matplotlib data path: /opt/homebrew/Caskroom/miniforge/base/lib/python3.12/site-packages/matplotlib/mpl-data", "correlation_id": "-", "session_id": "-", "timestamp": "2025-08-19T15:49:16.569089+00:00"}
{"asctime": "2025-08-19 17:49:16,598", "levelname": "DEBUG", "name": "matplotlib", "message": "CONFIGDIR=/Users/remyroche/.matplotlib", "correlation_id": "-", "session_id": "-", "timestamp": "2025-08-19T15:49:16.598629+00:00"}
{"asctime": "2025-08-19 17:49:16,599", "levelname": "DEBUG", "name": "matplotlib", "message": "interactive is False", "correlation_id": "-", "session_id": "-", "timestamp": "2025-08-19T15:49:16.599364+00:00"}
{"asctime": "2025-08-19 17:49:16,599", "levelname": "DEBUG", "name": "matplotlib", "message": "platform is darwin", "correlation_id": "-", "session_id": "-", "timestamp": "2025-08-19T15:49:16.599480+00:00"}
{"asctime": "2025-08-19 17:49:16,612", "levelname": "DEBUG", "name": "graphviz._tools", "message": "deprecate positional args: graphviz.backend.piping.pipe(['renderer', 'formatter', 'neato_no_op', 'quiet'])", "correlation_id": "-", "session_id": "-", "timestamp": "2025-08-19T15:49:16.612277+00:00"}
{"asctime": "2025-08-19 17:49:16,612", "levelname": "DEBUG", "name": "graphviz._tools", "message": "deprecate positional args: graphviz.backend.rendering.render(['renderer', 'formatter', 'neato_no_op', 'quiet'])", "correlation_id": "-", "session_id": "-", "timestamp": "2025-08-19T15:49:16.612743+00:00"}
{"asctime": "2025-08-19 17:49:16,613", "levelname": "DEBUG", "name": "graphviz._tools", "message": "deprecate positional args: graphviz.backend.unflattening.unflatten(['stagger', 'fanout', 'chain', 'encoding'])", "correlation_id": "-", "session_id": "-", "timestamp": "2025-08-19T15:49:16.613107+00:00"}
{"asctime": "2025-08-19 17:49:16,613", "levelname": "DEBUG", "name": "graphviz._tools", "message": "deprecate positional args: graphviz.backend.viewing.view(['quiet'])", "correlation_id": "-", "session_id": "-", "timestamp": "2025-08-19T15:49:16.613364+00:00"}
{"asctime": "2025-08-19 17:49:16,615", "levelname": "DEBUG", "name": "graphviz._tools", "message": "deprecate positional args: graphviz.quoting.quote(['is_html_string', 'is_valid_id', 'dot_keywords', 'endswith_odd_number_of_backslashes', 'escape_unescaped_quotes'])", "correlation_id": "-", "session_id": "-", "timestamp": "2025-08-19T15:49:16.615104+00:00"}
{"asctime": "2025-08-19 17:49:16,615", "levelname": "DEBUG", "name": "graphviz._tools", "message": "deprecate positional args: graphviz.quoting.a_list(['kwargs', 'attributes'])", "correlation_id": "-", "session_id": "-", "timestamp": "2025-08-19T15:49:16.615188+00:00"}
{"asctime": "2025-08-19 17:49:16,615", "levelname": "DEBUG", "name": "graphviz._tools", "message": "deprecate positional args: graphviz.quoting.attr_list(['kwargs', 'attributes'])", "correlation_id": "-", "session_id": "-", "timestamp": "2025-08-19T15:49:16.615254+00:00"}
{"asctime": "2025-08-19 17:49:16,615", "levelname": "DEBUG", "name": "graphviz._tools", "message": "deprecate positional args: graphviz.dot.Dot.clear(['self', 'keep_attrs'])", "correlation_id": "-", "session_id": "-", "timestamp": "2025-08-19T15:49:16.615380+00:00"}
{"asctime": "2025-08-19 17:49:16,615", "levelname": "DEBUG", "name": "graphviz._tools", "message": "deprecate positional args: graphviz.dot.Dot.__iter__(['self', 'subgraph'])", "correlation_id": "-", "session_id": "-", "timestamp": "2025-08-19T15:49:16.615468+00:00"}
{"asctime": "2025-08-19 17:49:16,615", "levelname": "DEBUG", "name": "graphviz._tools", "message": "deprecate positional args: graphviz.dot.Dot.node(['label', '_attributes'])", "correlation_id": "-", "session_id": "-", "timestamp": "2025-08-19T15:49:16.615563+00:00"}
{"asctime": "2025-08-19 17:49:16,615", "levelname": "DEBUG", "name": "graphviz._tools", "message": "deprecate positional args: graphviz.dot.Dot.edge(['label', '_attributes'])", "correlation_id": "-", "session_id": "-", "timestamp": "2025-08-19T15:49:16.615657+00:00"}
{"asctime": "2025-08-19 17:49:16,615", "levelname": "DEBUG", "name": "graphviz._tools", "message": "deprecate positional args: graphviz.dot.Dot.attr(['kw', '_attributes'])", "correlation_id": "-", "session_id": "-", "timestamp": "2025-08-19T15:49:16.615747+00:00"}
{"asctime": "2025-08-19 17:49:16,615", "levelname": "DEBUG", "name": "graphviz._tools", "message": "deprecate positional args: graphviz.dot.Dot.subgraph(['graph', 'name', 'comment', 'graph_attr', 'node_attr', 'edge_attr', 'body'])", "correlation_id": "-", "session_id": "-", "timestamp": "2025-08-19T15:49:16.615860+00:00"}
{"asctime": "2025-08-19 17:49:16,616", "levelname": "DEBUG", "name": "graphviz._tools", "message": "deprecate positional args: graphviz.piping.Pipe._pipe_legacy(['format', 'renderer', 'formatter', 'neato_no_op', 'quiet'])", "correlation_id": "-", "session_id": "-", "timestamp": "2025-08-19T15:49:16.616569+00:00"}
{"asctime": "2025-08-19 17:49:16,617", "levelname": "DEBUG", "name": "graphviz._tools", "message": "deprecate positional args: graphviz.saving.Save.save(['filename', 'directory'])", "correlation_id": "-", "session_id": "-", "timestamp": "2025-08-19T15:49:16.617163+00:00"}
{"asctime": "2025-08-19 17:49:16,617", "levelname": "DEBUG", "name": "graphviz._tools", "message": "deprecate positional args: graphviz.rendering.Render.render(['filename', 'directory', 'view', 'cleanup', 'format', 'renderer', 'formatter', 'neato_no_op', 'quiet', 'quiet_view'])", "correlation_id": "-", "session_id": "-", "timestamp": "2025-08-19T15:49:16.617304+00:00"}
{"asctime": "2025-08-19 17:49:16,617", "levelname": "DEBUG", "name": "graphviz._tools", "message": "deprecate positional args: graphviz.rendering.Render.view(['filename', 'directory', 'cleanup', 'quiet', 'quiet_view'])", "correlation_id": "-", "session_id": "-", "timestamp": "2025-08-19T15:49:16.617396+00:00"}
{"asctime": "2025-08-19 17:49:16,617", "levelname": "DEBUG", "name": "graphviz._tools", "message": "deprecate positional args: graphviz.unflattening.Unflatten.unflatten(['self', 'stagger', 'fanout', 'chain'])", "correlation_id": "-", "session_id": "-", "timestamp": "2025-08-19T15:49:16.617781+00:00"}
{"asctime": "2025-08-19 17:49:16,617", "levelname": "DEBUG", "name": "graphviz._tools", "message": "deprecate positional args: graphviz.graphs.BaseGraph.__init__(['name', 'comment', 'filename', 'directory', 'format', 'engine', 'encoding', 'graph_attr', 'node_attr', 'edge_attr', 'body', 'strict'])", "correlation_id": "-", "session_id": "-", "timestamp": "2025-08-19T15:49:16.617958+00:00"}
{"asctime": "2025-08-19 17:49:16,618", "levelname": "DEBUG", "name": "graphviz._tools", "message": "deprecate positional args: graphviz.sources.Source.from_file(['filename', 'directory', 'format', 'engine', 'encoding', 'renderer', 'formatter'])", "correlation_id": "-", "session_id": "-", "timestamp": "2025-08-19T15:49:16.618303+00:00"}
{"asctime": "2025-08-19 17:49:16,618", "levelname": "DEBUG", "name": "graphviz._tools", "message": "deprecate positional args: graphviz.sources.Source.__init__(['source', 'filename', 'directory', 'format', 'engine', 'encoding'])", "correlation_id": "-", "session_id": "-", "timestamp": "2025-08-19T15:49:16.618389+00:00"}
{"asctime": "2025-08-19 17:49:16,618", "levelname": "DEBUG", "name": "graphviz._tools", "message": "deprecate positional args: graphviz.sources.Source.save(['filename', 'directory'])", "correlation_id": "-", "session_id": "-", "timestamp": "2025-08-19T15:49:16.618445+00:00"}
{"asctime": "2025-08-19 17:49:16,958", "levelname": "DEBUG", "name": "matplotlib", "message": "CACHEDIR=/Users/remyroche/.matplotlib", "correlation_id": "-", "session_id": "-", "timestamp": "2025-08-19T15:49:16.958132+00:00"}
{"asctime": "2025-08-19 17:49:16,960", "levelname": "DEBUG", "name": "matplotlib.font_manager", "message": "Using fontManager instance from /Users/remyroche/.matplotlib/fontlist-v390.json", "correlation_id": "-", "session_id": "-", "timestamp": "2025-08-19T15:49:16.960126+00:00"}
{"asctime": "2025-08-19 17:49:21,083", "levelname": "DEBUG", "name": "h5py._conv", "message": "Creating converter from 7 to 5", "correlation_id": "-", "session_id": "-", "timestamp": "2025-08-19T15:49:21.083878+00:00"}
{"asctime": "2025-08-19 17:49:21,084", "levelname": "DEBUG", "name": "h5py._conv", "message": "Creating converter from 5 to 7", "correlation_id": "-", "session_id": "-", "timestamp": "2025-08-19T15:49:21.084132+00:00"}
{"asctime": "2025-08-19 17:49:21,084", "levelname": "DEBUG", "name": "h5py._conv", "message": "Creating converter from 7 to 5", "correlation_id": "-", "session_id": "-", "timestamp": "2025-08-19T15:49:21.084203+00:00"}
{"asctime": "2025-08-19 17:49:21,084", "levelname": "DEBUG", "name": "h5py._conv", "message": "Creating converter from 5 to 7", "correlation_id": "-", "session_id": "-", "timestamp": "2025-08-19T15:49:21.084255+00:00"}
{"asctime": "2025-08-19 17:49:21,780", "levelname": "DEBUG", "name": "asyncio", "message": "Using selector: KqueueSelector", "correlation_id": "-", "session_id": "-", "timestamp": "2025-08-19T15:49:21.780233+00:00"}
{"asctime": "2025-08-19 17:49:21,856", "levelname": "INFO", "name": "src.utils.prometheus_metrics", "message": "Prometheus metrics server started on port 9000", "correlation_id": "-", "session_id": "-", "timestamp": "2025-08-19T15:49:21.856854+00:00"}
{"asctime": "2025-08-19 17:49:21,877", "levelname": "INFO", "name": "AresGlobal.M1GPUAcceleration", "message": "✅ MPS (Metal Performance Shaders) available and enabled", "correlation_id": "-", "session_id": "-", "timestamp": "2025-08-19T15:49:21.877059+00:00"}
{"asctime": "2025-08-19 17:49:21,880", "levelname": "INFO", "name": "AresGlobal.ComputationalOptimizationManager", "message": "Computational Optimization Manager initialized", "correlation_id": "-", "session_id": "-", "timestamp": "2025-08-19T15:49:21.880105+00:00"}
{"asctime": "2025-08-19 17:49:21,882", "levelname": "INFO", "name": "AresGlobal.StepOrchestrator", "message": "✅ Enhanced training manager setup successfully", "correlation_id": "-", "session_id": "-", "timestamp": "2025-08-19T15:49:21.882662+00:00"}
{"asctime": "2025-08-19 17:49:21,901", "levelname": "INFO", "name": "AresGlobal.Step2.FeatureEngineering", "message": "🔍 Checking for required multi-timeframe data...", "correlation_id": "-", "session_id": "-", "timestamp": "2025-08-19T15:49:21.901689+00:00"}
{"asctime": "2025-08-19 17:49:21,901", "levelname": "INFO", "name": "AresGlobal.Step2.FeatureEngineering", "message": "✅ Found 5m data: data_cache/klines_BINANCE_ETHUSDT_5m_consolidated.parquet", "correlation_id": "-", "session_id": "-", "timestamp": "2025-08-19T15:49:21.901825+00:00"}
{"asctime": "2025-08-19 17:49:21,901", "levelname": "INFO", "name": "AresGlobal.Step2.FeatureEngineering", "message": "✅ Found 15m data: data_cache/klines_BINANCE_ETHUSDT_15m_consolidated.parquet", "correlation_id": "-", "session_id": "-", "timestamp": "2025-08-19T15:49:21.901975+00:00"}
{"asctime": "2025-08-19 17:49:21,902", "levelname": "INFO", "name": "AresGlobal.Step2.FeatureEngineering", "message": "✅ Found 30m data: data_cache/klines_BINANCE_ETHUSDT_30m_consolidated.parquet", "correlation_id": "-", "session_id": "-", "timestamp": "2025-08-19T15:49:21.902083+00:00"}
{"asctime": "2025-08-19 17:49:21,902", "levelname": "INFO", "name": "AresGlobal.Step2.FeatureEngineering", "message": "✅ All required timeframes are available", "correlation_id": "-", "session_id": "-", "timestamp": "2025-08-19T15:49:21.902169+00:00"}
{"asctime": "2025-08-19 17:49:21,902", "levelname": "INFO", "name": "AresGlobal.Step2.FeatureEngineering", "message": "🔧 No existing artifacts found - generating features", "correlation_id": "-", "session_id": "-", "timestamp": "2025-08-19T15:49:21.902345+00:00"}
{"asctime": "2025-08-19 17:49:21,910", "levelname": "INFO", "name": "AresGlobal.Step2.FeatureEngineering", "message": "📦 Loaded labeled train: 169864 rows", "correlation_id": "-", "session_id": "-", "timestamp": "2025-08-19T15:49:21.910485+00:00"}
{"asctime": "2025-08-19 17:49:21,913", "levelname": "INFO", "name": "AresGlobal.Step2.FeatureEngineering", "message": "📦 Loaded labeled validation: 36400 rows", "correlation_id": "-", "session_id": "-", "timestamp": "2025-08-19T15:49:21.913672+00:00"}
{"asctime": "2025-08-19 17:49:21,916", "levelname": "INFO", "name": "AresGlobal.Step2.FeatureEngineering", "message": "📦 Loaded labeled test: 36400 rows", "correlation_id": "-", "session_id": "-", "timestamp": "2025-08-19T15:49:21.916388+00:00"}
{"asctime": "2025-08-19 17:49:21,937", "levelname": "INFO", "name": "src.training.steps.step2_feature_engineering", "message": "➡️ Step2._extract_inputs start", "correlation_id": "4ccf456312624b319eb28da37083d18c", "session_id": "-", "timestamp": "2025-08-19T15:49:21.937969+00:00"}
{"asctime": "2025-08-19 17:49:21,944", "levelname": "INFO", "name": "src.training.steps.step2_feature_engineering", "message": "✅ Step2._extract_inputs done", "correlation_id": "4ccf456312624b319eb28da37083d18c", "session_id": "-", "result_len": 2, "timestamp": "2025-08-19T15:49:21.944389+00:00"}
{"asctime": "2025-08-19 17:49:21,944", "levelname": "INFO", "name": "src.training.steps.step2_feature_engineering", "message": "➡️ Step2._extract_inputs start", "correlation_id": "4ccf456312624b319eb28da37083d18c", "session_id": "-", "timestamp": "2025-08-19T15:49:21.944556+00:00"}
{"asctime": "2025-08-19 17:49:21,946", "levelname": "INFO", "name": "src.training.steps.step2_feature_engineering", "message": "✅ Step2._extract_inputs done", "correlation_id": "4ccf456312624b319eb28da37083d18c", "session_id": "-", "result_len": 2, "timestamp": "2025-08-19T15:49:21.946284+00:00"}
{"asctime": "2025-08-19 17:49:21,946", "levelname": "INFO", "name": "src.training.steps.step2_feature_engineering", "message": "➡️ Step2._extract_inputs start", "correlation_id": "4ccf456312624b319eb28da37083d18c", "session_id": "-", "timestamp": "2025-08-19T15:49:21.946367+00:00"}
{"asctime": "2025-08-19 17:49:21,947", "levelname": "INFO", "name": "src.training.steps.step2_feature_engineering", "message": "✅ Step2._extract_inputs done", "correlation_id": "4ccf456312624b319eb28da37083d18c", "session_id": "-", "result_len": 2, "timestamp": "2025-08-19T15:49:21.947768+00:00"}
{"asctime": "2025-08-19 17:49:21,949", "levelname": "INFO", "name": "AresGlobal.Step2.FeatureEngineering", "message": "🎯 Starting parallel feature engineering", "correlation_id": "4ccf456312624b319eb28da37083d18c", "session_id": "-", "timestamp": "2025-08-19T15:49:21.949948+00:00"}
{"asctime": "2025-08-19 17:49:21,950", "levelname": "INFO", "name": "src.training.steps.step2_feature_engineering", "message": "➡️ Step2._load_or_build_sr_levels start", "correlation_id": "4ccf456312624b319eb28da37083d18c", "session_id": "-", "timestamp": "2025-08-19T15:49:21.950066+00:00"}
{"asctime": "2025-08-19 17:49:21,952", "levelname": "INFO", "name": "src.training.steps.step2_feature_engineering", "message": "✅ Step2._load_or_build_sr_levels done", "correlation_id": "4ccf456312624b319eb28da37083d18c", "session_id": "-", "result_len": 2, "timestamp": "2025-08-19T15:49:21.952894+00:00"}
{"asctime": "2025-08-19 17:49:21,953", "levelname": "INFO", "name": "src.training.steps.step2_feature_engineering", "message": "➡️ Step2._load_or_build_sr_levels start", "correlation_id": "4ccf456312624b319eb28da37083d18c", "session_id": "-", "timestamp": "2025-08-19T15:49:21.953037+00:00"}
{"asctime": "2025-08-19 17:49:21,955", "levelname": "INFO", "name": "src.training.steps.step2_feature_engineering", "message": "✅ Step2._load_or_build_sr_levels done", "correlation_id": "4ccf456312624b319eb28da37083d18c", "session_id": "-", "result_len": 2, "timestamp": "2025-08-19T15:49:21.955676+00:00"}
{"asctime": "2025-08-19 17:49:21,955", "levelname": "INFO", "name": "src.training.steps.step2_feature_engineering", "message": "➡️ Step2._load_or_build_sr_levels start", "correlation_id": "4ccf456312624b319eb28da37083d18c", "session_id": "-", "timestamp": "2025-08-19T15:49:21.955806+00:00"}
{"asctime": "2025-08-19 17:49:21,957", "levelname": "INFO", "name": "src.training.steps.step2_feature_engineering", "message": "✅ Step2._load_or_build_sr_levels done", "correlation_id": "4ccf456312624b319eb28da37083d18c", "session_id": "-", "result_len": 2, "timestamp": "2025-08-19T15:49:21.957528+00:00"}
{"asctime": "2025-08-19 17:49:21,957", "levelname": "INFO", "name": "AresGlobal.Step2.FeatureEngineering", "message": "🔧 Engineering features for train", "correlation_id": "4ccf456312624b319eb28da37083d18c", "session_id": "-", "timestamp": "2025-08-19T15:49:21.957679+00:00"}
{"asctime": "2025-08-19 17:49:21,960", "levelname": "INFO", "name": "AresGlobal.RawDataQualityChecker", "message": "🔧 Enhanced preprocessing for BINANCE ETHUSDT", "correlation_id": "4ccf456312624b319eb28da37083d18c", "session_id": "-", "timestamp": "2025-08-19T15:49:21.960459+00:00"}
{"asctime": "2025-08-19 17:49:21,960", "levelname": "INFO", "name": "AresGlobal.RawDataQualityChecker", "message": "   Expected interval: 60s", "correlation_id": "4ccf456312624b319eb28da37083d18c", "session_id": "-", "timestamp": "2025-08-19T15:49:21.960552+00:00"}
{"asctime": "2025-08-19 17:49:21,960", "levelname": "INFO", "name": "AresGlobal.RawDataQualityChecker", "message": "   Max forward-fill: 10s", "correlation_id": "4ccf456312624b319eb28da37083d18c", "session_id": "-", "timestamp": "2025-08-19T15:49:21.960640+00:00"}
{"asctime": "2025-08-19 17:49:21,960", "levelname": "INFO", "name": "AresGlobal.RawDataQualityChecker", "message": "   Download missing: True", "correlation_id": "4ccf456312624b319eb28da37083d18c", "session_id": "-", "timestamp": "2025-08-19T15:49:21.960718+00:00"}
{"asctime": "2025-08-19 17:49:21,960", "levelname": "INFO", "name": "AresGlobal.RawDataQualityChecker", "message": "🔧 Step 1: Resampling to 60S intervals", "correlation_id": "4ccf456312624b319eb28da37083d18c", "session_id": "-", "timestamp": "2025-08-19T15:49:21.960811+00:00"}
{"asctime": "2025-08-19 17:49:21,968", "levelname": "INFO", "name": "AresGlobal.RawDataQualityChecker", "message": "🔧 Step 2: Re-adding original data to preserve accuracy", "correlation_id": "4ccf456312624b319eb28da37083d18c", "session_id": "-", "timestamp": "2025-08-19T15:49:21.968460+00:00"}
{"asctime": "2025-08-19 17:49:33,636", "levelname": "INFO", "name": "AresGlobal.RawDataQualityChecker", "message": "🔧 Step 3: Analyzing gaps and applying intelligent handling", "correlation_id": "4ccf456312624b319eb28da37083d18c", "session_id": "-", "timestamp": "2025-08-19T15:49:33.636922+00:00"}
{"asctime": "2025-08-19 17:49:33,640", "levelname": "INFO", "name": "AresGlobal.RawDataQualityChecker", "message": "🔧 Step 5: Final forward-fill for 12865 remaining nulls", "correlation_id": "4ccf456312624b319eb28da37083d18c", "session_id": "-", "timestamp": "2025-08-19T15:49:33.640680+00:00"}
{"asctime": "2025-08-19 17:49:33,645", "levelname": "INFO", "name": "AresGlobal.RawDataQualityChecker", "message": "✅ Enhanced preprocessing completed:", "correlation_id": "4ccf456312624b319eb28da37083d18c", "session_id": "-", "timestamp": "2025-08-19T15:49:33.645886+00:00"}
{"asctime": "2025-08-19 17:49:33,646", "levelname": "INFO", "name": "AresGlobal.RawDataQualityChecker", "message": "   Original shape: (169864, 5)", "correlation_id": "4ccf456312624b319eb28da37083d18c", "session_id": "-", "timestamp": "2025-08-19T15:49:33.646190+00:00"}
{"asctime": "2025-08-19 17:49:33,646", "levelname": "INFO", "name": "AresGlobal.RawDataQualityChecker", "message": "   Final shape: (172437, 5)", "correlation_id": "4ccf456312624b319eb28da37083d18c", "session_id": "-", "timestamp": "2025-08-19T15:49:33.646292+00:00"}
{"asctime": "2025-08-19 17:49:33,646", "levelname": "INFO", "name": "AresGlobal.RawDataQualityChecker", "message": "   Remaining large gaps: 0", "correlation_id": "4ccf456312624b319eb28da37083d18c", "session_id": "-", "timestamp": "2025-08-19T15:49:33.646381+00:00"}
{"asctime": "2025-08-19 17:49:33,648", "levelname": "INFO", "name": "AresGlobal.RawDataQualityChecker", "message": "   Data completeness: 1.000", "correlation_id": "4ccf456312624b319eb28da37083d18c", "session_id": "-", "timestamp": "2025-08-19T15:49:33.648783+00:00"}
{"asctime": "2025-08-19 17:49:33,649", "levelname": "INFO", "name": "AresGlobal.RawDataQualityChecker", "message": "🔧 Enhanced preprocessing for BINANCE ETHUSDT", "correlation_id": "4ccf456312624b319eb28da37083d18c", "session_id": "-", "timestamp": "2025-08-19T15:49:33.649576+00:00"}
{"asctime": "2025-08-19 17:49:33,649", "levelname": "INFO", "name": "AresGlobal.RawDataQualityChecker", "message": "   Expected interval: 60s", "correlation_id": "4ccf456312624b319eb28da37083d18c", "session_id": "-", "timestamp": "2025-08-19T15:49:33.649671+00:00"}
{"asctime": "2025-08-19 17:49:33,649", "levelname": "INFO", "name": "AresGlobal.RawDataQualityChecker", "message": "   Max forward-fill: 10s", "correlation_id": "4ccf456312624b319eb28da37083d18c", "session_id": "-", "timestamp": "2025-08-19T15:49:33.649751+00:00"}
{"asctime": "2025-08-19 17:49:33,649", "levelname": "INFO", "name": "AresGlobal.RawDataQualityChecker", "message": "   Download missing: True", "correlation_id": "4ccf456312624b319eb28da37083d18c", "session_id": "-", "timestamp": "2025-08-19T15:49:33.649836+00:00"}
{"asctime": "2025-08-19 17:49:33,649", "levelname": "INFO", "name": "AresGlobal.RawDataQualityChecker", "message": "🔧 Step 1: Resampling to 60S intervals", "correlation_id": "4ccf456312624b319eb28da37083d18c", "session_id": "-", "timestamp": "2025-08-19T15:49:33.649944+00:00"}
{"asctime": "2025-08-19 17:49:33,654", "levelname": "INFO", "name": "AresGlobal.RawDataQualityChecker", "message": "🔧 Step 2: Re-adding original data to preserve accuracy", "correlation_id": "4ccf456312624b319eb28da37083d18c", "session_id": "-", "timestamp": "2025-08-19T15:49:33.654771+00:00"}
{"asctime": "2025-08-19 17:49:34,466", "levelname": "INFO", "name": "AresGlobal.AresLauncher", "message": "🧹 Cleaning up processes...", "correlation_id": "-", "session_id": "-", "timestamp": "2025-08-19T15:49:34.466478+00:00"}
{"asctime": "2025-08-19 17:49:34,466", "levelname": "INFO", "name": "AresGlobal.AresLauncher", "message": "✅ Cleanup completed", "correlation_id": "-", "session_id": "-", "timestamp": "2025-08-19T15:49:34.466731+00:00"}
