{"asctime": "2025-09-04 23:22:29,586", "levelname": "INFO", "name": "AresTradingSystem", "message": "✅ Enhanced Logger initialization completed successfully", "correlation_id": "-", "session_id": "-", "timestamp": "2025-09-04T21:22:29.586102+00:00"}
{"asctime": "2025-09-04 23:22:29,921", "levelname": "INFO", "name": "AresTradingSystem", "message": "🚀 Launcher started: INITIALIZATION", "correlation_id": "-", "session_id": "-", "timestamp": "2025-09-04T21:22:29.921408+00:00"}
{"asctime": "2025-09-04 23:22:29,923", "levelname": "INFO", "name": "AresTradingSystem", "message": "🚀 Launcher started: step02", "correlation_id": "-", "session_id": "-", "timestamp": "2025-09-04T21:22:29.923155+00:00"}
{"asctime": "2025-09-04 23:22:29,923", "levelname": "INFO", "name": "AresTradingSystem", "message": "📊 Symbol: ETHUSDT, Exchange: BINANCE", "correlation_id": "-", "session_id": "-", "timestamp": "2025-09-04T21:22:29.923354+00:00"}
{"asctime": "2025-09-04 23:22:29,967", "levelname": "INFO", "name": "AresTradingSystem.System.ProgressManager", "message": "Initialized ProgressManager for ETHUSDT on BINANCE", "correlation_id": "-", "session_id": "-", "timestamp": "2025-09-04T21:22:29.967850+00:00"}
{"asctime": "2025-09-04 23:22:29,968", "levelname": "INFO", "name": "AresTradingSystem.System.ProgressManager", "message": "Progress directory: data/training/progress/BINANCE_ETHUSDT", "correlation_id": "-", "session_id": "-", "timestamp": "2025-09-04T21:22:29.968001+00:00"}
{"asctime": "2025-09-04 23:22:29,968", "levelname": "INFO", "name": "AresTradingSystem.System.StepOrchestrator", "message": "Initialized StepOrchestrator for ETHUSDT on BINANCE", "correlation_id": "-", "session_id": "-", "timestamp": "2025-09-04T21:22:29.968103+00:00"}
{"asctime": "2025-09-04 23:22:29,968", "levelname": "INFO", "name": "AresTradingSystem.System.StepOrchestrator", "message": "🚀 Starting execution from step: step02_data_reading", "correlation_id": "-", "session_id": "-", "timestamp": "2025-09-04T21:22:29.968232+00:00"}
{"asctime": "2025-09-04 23:22:29,970", "levelname": "INFO", "name": "AresTradingSystem.System.ProgressManager", "message": "Initialized ProgressManager for BTCUSDT on binance", "correlation_id": "-", "session_id": "-", "timestamp": "2025-09-04T21:22:29.970671+00:00"}
{"asctime": "2025-09-04 23:22:29,971", "levelname": "INFO", "name": "AresTradingSystem.System.ProgressManager", "message": "Progress directory: data/progress/binance_BTCUSDT", "correlation_id": "-", "session_id": "-", "timestamp": "2025-09-04T21:22:29.971147+00:00"}
{"asctime": "2025-09-04 23:22:29,971", "levelname": "INFO", "name": "AresTradingSystem.System.SimplifiedTrainingManager", "message": "Initialized SimplifiedTrainingManager for BTCUSDT on binance", "correlation_id": "-", "session_id": "-", "timestamp": "2025-09-04T21:22:29.971290+00:00"}
{"asctime": "2025-09-04 23:22:29,971", "levelname": "INFO", "name": "AresTradingSystem.System.TrainingManager", "message": "🔧 Initializing Training Manager...", "correlation_id": "-", "session_id": "-", "timestamp": "2025-09-04T21:22:29.971402+00:00"}
{"asctime": "2025-09-04 23:22:29,971", "levelname": "INFO", "name": "AresTradingSystem.System.SimplifiedTrainingManager", "message": "🔧 Initializing training manager...", "correlation_id": "-", "session_id": "-", "timestamp": "2025-09-04T21:22:29.971580+00:00"}
{"asctime": "2025-09-04 23:22:29,971", "levelname": "INFO", "name": "AresTradingSystem.System.SimplifiedTrainingManager", "message": "✅ Step sequence validated: 23 steps, 23 enabled", "correlation_id": "-", "session_id": "-", "timestamp": "2025-09-04T21:22:29.971909+00:00"}
{"asctime": "2025-09-04 23:22:29,972", "levelname": "INFO", "name": "AresTradingSystem.System.SimplifiedTrainingManager", "message": "✅ Training manager initialized successfully", "correlation_id": "-", "session_id": "-", "timestamp": "2025-09-04T21:22:29.972698+00:00"}
{"asctime": "2025-09-04 23:22:29,973", "levelname": "INFO", "name": "AresTradingSystem.System.TrainingManager", "message": "✅ Training Manager initialized successfully", "correlation_id": "-", "session_id": "-", "timestamp": "2025-09-04T21:22:29.973147+00:00"}
{"asctime": "2025-09-04 23:22:29,973", "levelname": "INFO", "name": "AresTradingSystem.System.StepOrchestrator", "message": "✅ Enhanced training manager setup successfully", "correlation_id": "-", "session_id": "-", "timestamp": "2025-09-04T21:22:29.973574+00:00"}
{"asctime": "2025-09-04 23:22:29,973", "levelname": "INFO", "name": "AresTradingSystem.System.TrainingManager", "message": "🚀 Starting training for ETHUSDT on BINANCE", "correlation_id": "-", "session_id": "-", "timestamp": "2025-09-04T21:22:29.973896+00:00"}
{"asctime": "2025-09-04 23:22:29,974", "levelname": "INFO", "name": "AresTradingSystem.System.SimplifiedTrainingManager", "message": "🚀 Starting pipeline execution...", "correlation_id": "-", "session_id": "-", "timestamp": "2025-09-04T21:22:29.974316+00:00"}
{"asctime": "2025-09-04 23:22:29,974", "levelname": "INFO", "name": "AresTradingSystem.System.SimplifiedTrainingManager", "message": "🔄 Executing step: step02_data_reading", "correlation_id": "-", "session_id": "-", "timestamp": "2025-09-04T21:22:29.974748+00:00"}
{"asctime": "2025-09-04 23:22:29,980", "levelname": "ERROR", "name": "AresTradingSystem.System.SimplifiedTrainingManager", "message": "Failed to load step step02_data_reading: No module named 'src.training.core.decorators'", "correlation_id": "-", "session_id": "-", "timestamp": "2025-09-04T21:22:29.980058+00:00"}
{"asctime": "2025-09-04 23:22:29,980", "levelname": "ERROR", "name": "AresTradingSystem.System.TrainingManager", "message": "❌ Training failed: Required step failed: step02_data_reading", "correlation_id": "-", "session_id": "-", "timestamp": "2025-09-04T21:22:29.980261+00:00"}
{"asctime": "2025-09-04 23:22:29,980", "levelname": "INFO", "name": "AresTradingSystem.System.StepOrchestrator", "message": "💥 ❌ Enhanced 16-step training pipeline failed", "correlation_id": "-", "session_id": "-", "timestamp": "2025-09-04T21:22:29.980425+00:00"}
{"asctime": "2025-09-04 23:22:29,981", "levelname": "INFO", "name": "AresTradingSystem", "message": "🏁 Launcher ended: FAILED (exit code: 1)", "correlation_id": "-", "session_id": "-", "timestamp": "2025-09-04T21:22:29.981205+00:00"}
