{"asctime": "2025-08-21 18:37:18,240", "levelname": "INFO", "name": "AresGlobal", "message": "================================================================================", "correlation_id": "-", "session_id": "-", "timestamp": "2025-08-21T16:37:18.240813+00:00"}
{"asctime": "2025-08-21 18:37:18,240", "levelname": "INFO", "name": "AresGlobal", "message": "📊 SESSION SUMMARY", "correlation_id": "-", "session_id": "-", "timestamp": "2025-08-21T16:37:18.240944+00:00"}
{"asctime": "2025-08-21 18:37:18,241", "levelname": "INFO", "name": "AresGlobal", "message": "Session started: 2025-08-21 18:37:18", "correlation_id": "-", "session_id": "-", "timestamp": "2025-08-21T16:37:18.241050+00:00"}
{"asctime": "2025-08-21 18:37:18,241", "levelname": "INFO", "name": "AresGlobal", "message": "This file contains ALL logs for this session", "correlation_id": "-", "session_id": "-", "timestamp": "2025-08-21T16:37:18.241136+00:00"}
{"asctime": "2025-08-21 18:37:18,241", "levelname": "INFO", "name": "AresGlobal", "message": "================================================================================", "correlation_id": "-", "session_id": "-", "timestamp": "2025-08-21T16:37:18.241221+00:00"}
{"asctime": "2025-08-21 18:37:18,241", "levelname": "INFO", "name": "AresSystem", "message": "================================================================================", "correlation_id": "-", "session_id": "-", "timestamp": "2025-08-21T16:37:18.241339+00:00"}
{"asctime": "2025-08-21 18:37:18,241", "levelname": "INFO", "name": "AresGlobal", "message": "[SYSTEM] ================================================================================", "correlation_id": "-", "session_id": "-", "timestamp": "2025-08-21T16:37:18.241428+00:00"}
{"asctime": "2025-08-21 18:37:18,241", "levelname": "INFO", "name": "AresSystem", "message": "🚀 ARES LAUNCHER STARTED - Mode: INITIALIZATION", "correlation_id": "-", "session_id": "-", "timestamp": "2025-08-21T16:37:18.241514+00:00"}
{"asctime": "2025-08-21 18:37:18,241", "levelname": "INFO", "name": "AresGlobal", "message": "[SYSTEM] 🚀 ARES LAUNCHER STARTED - Mode: INITIALIZATION", "correlation_id": "-", "session_id": "-", "timestamp": "2025-08-21T16:37:18.241600+00:00"}
{"asctime": "2025-08-21 18:37:18,241", "levelname": "INFO", "name": "AresSystem", "message": "Start time: 2025-08-21 18:37:18", "correlation_id": "-", "session_id": "-", "timestamp": "2025-08-21T16:37:18.241689+00:00"}
{"asctime": "2025-08-21 18:37:18,241", "levelname": "INFO", "name": "AresGlobal", "message": "[SYSTEM] Start time: 2025-08-21 18:37:18", "correlation_id": "-", "session_id": "-", "timestamp": "2025-08-21T16:37:18.241769+00:00"}
{"asctime": "2025-08-21 18:37:18,241", "levelname": "INFO", "name": "AresSystem", "message": "Log directory: log", "correlation_id": "-", "session_id": "-", "timestamp": "2025-08-21T16:37:18.241850+00:00"}
{"asctime": "2025-08-21 18:37:18,241", "levelname": "INFO", "name": "AresGlobal", "message": "[SYSTEM] Log directory: log", "correlation_id": "-", "session_id": "-", "timestamp": "2025-08-21T16:37:18.241928+00:00"}
{"asctime": "2025-08-21 18:37:18,242", "levelname": "INFO", "name": "AresSystem", "message": "================================================================================", "correlation_id": "-", "session_id": "-", "timestamp": "2025-08-21T16:37:18.242057+00:00"}
{"asctime": "2025-08-21 18:37:18,242", "levelname": "INFO", "name": "AresGlobal", "message": "[SYSTEM] ================================================================================", "correlation_id": "-", "session_id": "-", "timestamp": "2025-08-21T16:37:18.242137+00:00"}
{"asctime": "2025-08-21 18:37:18,242", "levelname": "INFO", "name": "AresGlobal.AresLauncher", "message": "================================================================================", "correlation_id": "-", "session_id": "-", "timestamp": "2025-08-21T16:37:18.242222+00:00"}
{"asctime": "2025-08-21 18:37:18,242", "levelname": "INFO", "name": "AresGlobal.AresLauncher", "message": "🚀 ARES COMPREHENSIVE LAUNCHER", "correlation_id": "-", "session_id": "-", "timestamp": "2025-08-21T16:37:18.242301+00:00"}
{"asctime": "2025-08-21 18:37:18,242", "levelname": "INFO", "name": "AresGlobal.AresLauncher", "message": "================================================================================", "correlation_id": "-", "session_id": "-", "timestamp": "2025-08-21T16:37:18.242390+00:00"}
{"asctime": "2025-08-21 18:37:18,242", "levelname": "INFO", "name": "AresGlobal.AresLauncher", "message": "Start time: 2025-08-21 18:37:18", "correlation_id": "-", "session_id": "-", "timestamp": "2025-08-21T16:37:18.242475+00:00"}
{"asctime": "2025-08-21 18:37:18,242", "levelname": "INFO", "name": "AresGlobal.AresLauncher", "message": "Log directory: log", "correlation_id": "-", "session_id": "-", "timestamp": "2025-08-21T16:37:18.242554+00:00"}
{"asctime": "2025-08-21 18:37:18,242", "levelname": "INFO", "name": "AresGlobal.AresLauncher", "message": "Log level: INFO", "correlation_id": "-", "session_id": "-", "timestamp": "2025-08-21T16:37:18.242632+00:00"}
{"asctime": "2025-08-21 18:37:18,242", "levelname": "INFO", "name": "AresGlobal.AresLauncher", "message": "Global log file: ares_global_20250821_183718.log", "correlation_id": "-", "session_id": "-", "timestamp": "2025-08-21T16:37:18.242716+00:00"}
{"asctime": "2025-08-21 18:37:18,242", "levelname": "INFO", "name": "AresGlobal.AresLauncher", "message": "Full run log: log/ares_full_20250821_183718.log", "correlation_id": "-", "session_id": "-", "timestamp": "2025-08-21T16:37:18.242803+00:00"}
{"asctime": "2025-08-21 18:37:18,242", "levelname": "INFO", "name": "AresGlobal.AresLauncher", "message": "Trades log: log/ares_trades_20250821_183718.log", "correlation_id": "-", "session_id": "-", "timestamp": "2025-08-21T16:37:18.242879+00:00"}
{"asctime": "2025-08-21 18:37:18,242", "levelname": "INFO", "name": "AresGlobal.AresLauncher", "message": "Backtest log: log/ares_backtest_20250821_183718.log", "correlation_id": "-", "session_id": "-", "timestamp": "2025-08-21T16:37:18.242959+00:00"}
{"asctime": "2025-08-21 18:37:18,243", "levelname": "INFO", "name": "AresGlobal.AresLauncher", "message": "================================================================================", "correlation_id": "-", "session_id": "-", "timestamp": "2025-08-21T16:37:18.243035+00:00"}
{"asctime": "2025-08-21 18:37:18,243", "levelname": "INFO", "name": "AresTradingSystem.System.SignalHandler", "message": "Shutdown callback registered", "correlation_id": "-", "session_id": "-", "timestamp": "2025-08-21T16:37:18.243118+00:00"}
{"asctime": "2025-08-21 18:37:18,243", "levelname": "INFO", "name": "AresSystem", "message": "================================================================================", "correlation_id": "-", "session_id": "-", "timestamp": "2025-08-21T16:37:18.243209+00:00"}
{"asctime": "2025-08-21 18:37:18,243", "levelname": "INFO", "name": "AresGlobal", "message": "[SYSTEM] ================================================================================", "correlation_id": "-", "session_id": "-", "timestamp": "2025-08-21T16:37:18.243289+00:00"}
{"asctime": "2025-08-21 18:37:18,243", "levelname": "INFO", "name": "AresSystem", "message": "🚀 ARES LAUNCHER STARTED - Mode: blank - Symbol: ETHUSDT - Exchange: BINANCE", "correlation_id": "-", "session_id": "-", "timestamp": "2025-08-21T16:37:18.243366+00:00"}
{"asctime": "2025-08-21 18:37:18,243", "levelname": "INFO", "name": "AresGlobal", "message": "[SYSTEM] 🚀 ARES LAUNCHER STARTED - Mode: blank - Symbol: ETHUSDT - Exchange: BINANCE", "correlation_id": "-", "session_id": "-", "timestamp": "2025-08-21T16:37:18.243450+00:00"}
{"asctime": "2025-08-21 18:37:18,243", "levelname": "INFO", "name": "AresSystem", "message": "Start time: 2025-08-21 18:37:18", "correlation_id": "-", "session_id": "-", "timestamp": "2025-08-21T16:37:18.243537+00:00"}
{"asctime": "2025-08-21 18:37:18,243", "levelname": "INFO", "name": "AresGlobal", "message": "[SYSTEM] Start time: 2025-08-21 18:37:18", "correlation_id": "-", "session_id": "-", "timestamp": "2025-08-21T16:37:18.243616+00:00"}
{"asctime": "2025-08-21 18:37:18,243", "levelname": "INFO", "name": "AresSystem", "message": "Log directory: log", "correlation_id": "-", "session_id": "-", "timestamp": "2025-08-21T16:37:18.243694+00:00"}
{"asctime": "2025-08-21 18:37:18,243", "levelname": "INFO", "name": "AresGlobal", "message": "[SYSTEM] Log directory: log", "correlation_id": "-", "session_id": "-", "timestamp": "2025-08-21T16:37:18.243778+00:00"}
{"asctime": "2025-08-21 18:37:18,243", "levelname": "INFO", "name": "AresSystem", "message": "================================================================================", "correlation_id": "-", "session_id": "-", "timestamp": "2025-08-21T16:37:18.243855+00:00"}
{"asctime": "2025-08-21 18:37:18,243", "levelname": "INFO", "name": "AresGlobal", "message": "[SYSTEM] ================================================================================", "correlation_id": "-", "session_id": "-", "timestamp": "2025-08-21T16:37:18.243933+00:00"}
{"asctime": "2025-08-21 18:37:18,244", "levelname": "INFO", "name": "AresGlobal.AresLauncher", "message": "🚀 Running enhanced 16-step training pipeline for ETHUSDT on BINANCE", "correlation_id": "-", "session_id": "-", "timestamp": "2025-08-21T16:37:18.244039+00:00"}
{"asctime": "2025-08-21 18:37:18,244", "levelname": "INFO", "name": "AresGlobal.AresLauncher", "message": "Starting from step: step2_feature_engineering", "correlation_id": "-", "session_id": "-", "timestamp": "2025-08-21T16:37:18.244126+00:00"}
{"asctime": "2025-08-21 18:37:18,246", "levelname": "INFO", "name": "AresGlobal.AresLauncher", "message": "🧪 BLANK TRAINING MODE: Set BLANK_TRAINING_MODE=1 for step-based training", "correlation_id": "-", "session_id": "-", "timestamp": "2025-08-21T16:37:18.246429+00:00"}
{"asctime": "2025-08-21 18:37:18,247", "levelname": "INFO", "name": "AresGlobal.ProgressManager", "message": "Initialized ProgressManager for ETHUSDT on BINANCE", "correlation_id": "-", "session_id": "-", "timestamp": "2025-08-21T16:37:18.247070+00:00"}
{"asctime": "2025-08-21 18:37:18,247", "levelname": "INFO", "name": "AresGlobal.ProgressManager", "message": "Progress directory: data/training/progress/BINANCE_ETHUSDT", "correlation_id": "-", "session_id": "-", "timestamp": "2025-08-21T16:37:18.247293+00:00"}
{"asctime": "2025-08-21 18:37:18,247", "levelname": "INFO", "name": "AresGlobal.StepOrchestrator", "message": "Initialized StepOrchestrator for ETHUSDT on BINANCE", "correlation_id": "-", "session_id": "-", "timestamp": "2025-08-21T16:37:18.247386+00:00"}
{"asctime": "2025-08-21 18:37:18,247", "levelname": "INFO", "name": "AresGlobal.ProgressManager", "message": "🗑️  Cleared progress for step2_feature_engineering", "correlation_id": "-", "session_id": "-", "timestamp": "2025-08-21T16:37:18.247526+00:00"}
{"asctime": "2025-08-21 18:37:18,247", "levelname": "INFO", "name": "AresGlobal.AresLauncher", "message": "🧹 Cleared progress for 'step2_feature_engineering' (force)", "correlation_id": "-", "session_id": "-", "timestamp": "2025-08-21T16:37:18.247635+00:00"}
{"asctime": "2025-08-21 18:37:18,247", "levelname": "INFO", "name": "AresGlobal.ProgressManager", "message": "🗑️  Cleared progress for step3_hmm_regime_discovery", "correlation_id": "-", "session_id": "-", "timestamp": "2025-08-21T16:37:18.247743+00:00"}
{"asctime": "2025-08-21 18:37:18,247", "levelname": "INFO", "name": "AresGlobal.AresLauncher", "message": "🧹 Cleared progress for 'step3_hmm_regime_discovery' (force)", "correlation_id": "-", "session_id": "-", "timestamp": "2025-08-21T16:37:18.247838+00:00"}
{"asctime": "2025-08-21 18:37:18,247", "levelname": "INFO", "name": "AresGlobal.ProgressManager", "message": "🗑️  Cleared progress for step4_processing_labeling", "correlation_id": "-", "session_id": "-", "timestamp": "2025-08-21T16:37:18.247941+00:00"}
{"asctime": "2025-08-21 18:37:18,248", "levelname": "INFO", "name": "AresGlobal.AresLauncher", "message": "🧹 Cleared progress for 'step4_processing_labeling' (force)", "correlation_id": "-", "session_id": "-", "timestamp": "2025-08-21T16:37:18.248024+00:00"}
{"asctime": "2025-08-21 18:37:18,248", "levelname": "INFO", "name": "AresGlobal.ProgressManager", "message": "🗑️  Cleared progress for step5_regime_data_splitting", "correlation_id": "-", "session_id": "-", "timestamp": "2025-08-21T16:37:18.248123+00:00"}
{"asctime": "2025-08-21 18:37:18,248", "levelname": "INFO", "name": "AresGlobal.AresLauncher", "message": "🧹 Cleared progress for 'step5_regime_data_splitting' (force)", "correlation_id": "-", "session_id": "-", "timestamp": "2025-08-21T16:37:18.248208+00:00"}
{"asctime": "2025-08-21 18:37:18,248", "levelname": "INFO", "name": "AresGlobal.ProgressManager", "message": "🗑️  Cleared progress for step6_hmm_based_training", "correlation_id": "-", "session_id": "-", "timestamp": "2025-08-21T16:37:18.248305+00:00"}
{"asctime": "2025-08-21 18:37:18,248", "levelname": "INFO", "name": "AresGlobal.AresLauncher", "message": "🧹 Cleared progress for 'step6_hmm_based_training' (force)", "correlation_id": "-", "session_id": "-", "timestamp": "2025-08-21T16:37:18.248383+00:00"}
{"asctime": "2025-08-21 18:37:18,248", "levelname": "INFO", "name": "AresGlobal.ProgressManager", "message": "🗑️  Cleared progress for step6_5_unified_regime_intelligence", "correlation_id": "-", "session_id": "-", "timestamp": "2025-08-21T16:37:18.248478+00:00"}
{"asctime": "2025-08-21 18:37:18,248", "levelname": "INFO", "name": "AresGlobal.AresLauncher", "message": "🧹 Cleared progress for 'step6_5_unified_regime_intelligence' (force)", "correlation_id": "-", "session_id": "-", "timestamp": "2025-08-21T16:37:18.248557+00:00"}
{"asctime": "2025-08-21 18:37:18,248", "levelname": "INFO", "name": "AresGlobal.ProgressManager", "message": "🗑️  Cleared progress for step7_analyst_enhancement", "correlation_id": "-", "session_id": "-", "timestamp": "2025-08-21T16:37:18.248652+00:00"}
{"asctime": "2025-08-21 18:37:18,248", "levelname": "INFO", "name": "AresGlobal.AresLauncher", "message": "🧹 Cleared progress for 'step7_analyst_enhancement' (force)", "correlation_id": "-", "session_id": "-", "timestamp": "2025-08-21T16:37:18.248729+00:00"}
{"asctime": "2025-08-21 18:37:18,248", "levelname": "INFO", "name": "AresGlobal.ProgressManager", "message": "🗑️  Cleared progress for step8_tactician_labeling", "correlation_id": "-", "session_id": "-", "timestamp": "2025-08-21T16:37:18.248823+00:00"}
{"asctime": "2025-08-21 18:37:18,248", "levelname": "INFO", "name": "AresGlobal.AresLauncher", "message": "🧹 Cleared progress for 'step8_tactician_labeling' (force)", "correlation_id": "-", "session_id": "-", "timestamp": "2025-08-21T16:37:18.248899+00:00"}
{"asctime": "2025-08-21 18:37:18,249", "levelname": "INFO", "name": "AresGlobal.ProgressManager", "message": "🗑️  Cleared progress for step9_tactician_specialist_training", "correlation_id": "-", "session_id": "-", "timestamp": "2025-08-21T16:37:18.249069+00:00"}
{"asctime": "2025-08-21 18:37:18,249", "levelname": "INFO", "name": "AresGlobal.AresLauncher", "message": "🧹 Cleared progress for 'step9_tactician_specialist_training' (force)", "correlation_id": "-", "session_id": "-", "timestamp": "2025-08-21T16:37:18.249187+00:00"}
{"asctime": "2025-08-21 18:37:18,249", "levelname": "INFO", "name": "AresGlobal.ProgressManager", "message": "🗑️  Cleared progress for step10_confidence_calibration", "correlation_id": "-", "session_id": "-", "timestamp": "2025-08-21T16:37:18.249304+00:00"}
{"asctime": "2025-08-21 18:37:18,249", "levelname": "INFO", "name": "AresGlobal.AresLauncher", "message": "🧹 Cleared progress for 'step10_confidence_calibration' (force)", "correlation_id": "-", "session_id": "-", "timestamp": "2025-08-21T16:37:18.249395+00:00"}
{"asctime": "2025-08-21 18:37:18,249", "levelname": "INFO", "name": "AresGlobal.ProgressManager", "message": "🗑️  Cleared progress for step11_final_parameters_optimization", "correlation_id": "-", "session_id": "-", "timestamp": "2025-08-21T16:37:18.249499+00:00"}
{"asctime": "2025-08-21 18:37:18,249", "levelname": "INFO", "name": "AresGlobal.AresLauncher", "message": "🧹 Cleared progress for 'step11_final_parameters_optimization' (force)", "correlation_id": "-", "session_id": "-", "timestamp": "2025-08-21T16:37:18.249581+00:00"}
{"asctime": "2025-08-21 18:37:18,249", "levelname": "INFO", "name": "AresGlobal.ProgressManager", "message": "🗑️  Cleared progress for step12_walk_forward_validation", "correlation_id": "-", "session_id": "-", "timestamp": "2025-08-21T16:37:18.249688+00:00"}
{"asctime": "2025-08-21 18:37:18,249", "levelname": "INFO", "name": "AresGlobal.AresLauncher", "message": "🧹 Cleared progress for 'step12_walk_forward_validation' (force)", "correlation_id": "-", "session_id": "-", "timestamp": "2025-08-21T16:37:18.249771+00:00"}
{"asctime": "2025-08-21 18:37:18,249", "levelname": "INFO", "name": "AresGlobal.ProgressManager", "message": "🗑️  Cleared progress for step13_monte_carlo_validation", "correlation_id": "-", "session_id": "-", "timestamp": "2025-08-21T16:37:18.249868+00:00"}
{"asctime": "2025-08-21 18:37:18,249", "levelname": "INFO", "name": "AresGlobal.AresLauncher", "message": "🧹 Cleared progress for 'step13_monte_carlo_validation' (force)", "correlation_id": "-", "session_id": "-", "timestamp": "2025-08-21T16:37:18.249946+00:00"}
{"asctime": "2025-08-21 18:37:18,250", "levelname": "INFO", "name": "AresGlobal.ProgressManager", "message": "🗑️  Cleared progress for step14_ab_testing", "correlation_id": "-", "session_id": "-", "timestamp": "2025-08-21T16:37:18.250048+00:00"}
{"asctime": "2025-08-21 18:37:18,250", "levelname": "INFO", "name": "AresGlobal.AresLauncher", "message": "🧹 Cleared progress for 'step14_ab_testing' (force)", "correlation_id": "-", "session_id": "-", "timestamp": "2025-08-21T16:37:18.250136+00:00"}
{"asctime": "2025-08-21 18:37:18,250", "levelname": "INFO", "name": "AresGlobal.ProgressManager", "message": "🗑️  Cleared progress for step15_saving", "correlation_id": "-", "session_id": "-", "timestamp": "2025-08-21T16:37:18.250235+00:00"}
{"asctime": "2025-08-21 18:37:18,250", "levelname": "INFO", "name": "AresGlobal.AresLauncher", "message": "🧹 Cleared progress for 'step15_saving' (force)", "correlation_id": "-", "session_id": "-", "timestamp": "2025-08-21T16:37:18.250318+00:00"}
{"asctime": "2025-08-21 18:37:18,250", "levelname": "INFO", "name": "AresGlobal.AresLauncher", "message": "✅ Cleared progress for 15 steps: ['step2_feature_engineering', 'step3_hmm_regime_discovery', 'step4_processing_labeling', 'step5_regime_data_splitting', 'step6_hmm_based_training', 'step6_5_unified_regime_intelligence', 'step7_analyst_enhancement', 'step8_tactician_labeling', 'step9_tactician_specialist_training', 'step10_confidence_calibration', 'step11_final_parameters_optimization', 'step12_walk_forward_validation', 'step13_monte_carlo_validation', 'step14_ab_testing', 'step15_saving']", "correlation_id": "-", "session_id": "-", "timestamp": "2025-08-21T16:37:18.250408+00:00"}
{"asctime": "2025-08-21 18:37:18,251", "levelname": "DEBUG", "name": "asyncio", "message": "Using selector: KqueueSelector", "correlation_id": "-", "session_id": "-", "timestamp": "2025-08-21T16:37:18.251023+00:00"}
{"asctime": "2025-08-21 18:37:18,251", "levelname": "INFO", "name": "AresGlobal.StepOrchestrator", "message": "🚀 Starting execution from step: step2_feature_engineering", "correlation_id": "-", "session_id": "-", "timestamp": "2025-08-21T16:37:18.251224+00:00"}
{"asctime": "2025-08-21 18:37:19,545", "levelname": "ERROR", "name": "AresGlobal.StepOrchestrator", "message": "Failed to setup enhanced training manager: cannot import name 'monitor_step_execution' from 'src.utils.training_pipeline_decorators' (/Users/remyroche/Documents/Ares/src/utils/training_pipeline_decorators.py)", "correlation_id": "-", "session_id": "-", "exc_info": "Traceback (most recent call last):\n  File \"/Users/remyroche/Documents/Ares/src/training/step_orchestrator.py\", line 74, in _setup_enhanced_training_manager\n    from src.training.enhanced_training_manager import (\n  File \"/Users/remyroche/Documents/Ares/src/training/enhanced_training_manager.py\", line 64, in <module>\n    from src.utils.training_pipeline_decorators import (\nImportError: cannot import name 'monitor_step_execution' from 'src.utils.training_pipeline_decorators' (/Users/remyroche/Documents/Ares/src/utils/training_pipeline_decorators.py)", "timestamp": "2025-08-21T16:37:19.545935+00:00"}
{"asctime": "2025-08-21 18:37:19,547", "levelname": "INFO", "name": "AresGlobal.StepOrchestrator", "message": "\u001b[91m\u001b[1m🚫\u001b[0m \u001b[91m\u001b[1mFailed to setup enhanced training manager: cannot import name 'monitor_step_execution' from 'src.utils.training_pipeline_decorators' (/Users/remyroche/Documents/Ares/src/utils/training_pipeline_decorators.py)\u001b[0m", "correlation_id": "-", "session_id": "-", "timestamp": "2025-08-21T16:37:19.547301+00:00"}
{"asctime": "2025-08-21 18:37:19,547", "levelname": "ERROR", "name": "AresGlobal.AresLauncher", "message": "❌ Step-based training pipeline failed", "correlation_id": "-", "session_id": "-", "timestamp": "2025-08-21T16:37:19.547613+00:00"}
{"asctime": "2025-08-21 18:37:19,547", "levelname": "INFO", "name": "AresSystem", "message": "================================================================================", "correlation_id": "-", "session_id": "-", "timestamp": "2025-08-21T16:37:19.547739+00:00"}
{"asctime": "2025-08-21 18:37:19,547", "levelname": "INFO", "name": "AresGlobal", "message": "[SYSTEM] ================================================================================", "correlation_id": "-", "session_id": "-", "timestamp": "2025-08-21T16:37:19.547839+00:00"}
{"asctime": "2025-08-21 18:37:19,547", "levelname": "INFO", "name": "AresSystem", "message": "🛑 ARES LAUNCHER ENDED - Exit code: 1", "correlation_id": "-", "session_id": "-", "timestamp": "2025-08-21T16:37:19.547924+00:00"}
{"asctime": "2025-08-21 18:37:19,548", "levelname": "INFO", "name": "AresGlobal", "message": "[SYSTEM] 🛑 ARES LAUNCHER ENDED - Exit code: 1", "correlation_id": "-", "session_id": "-", "timestamp": "2025-08-21T16:37:19.548013+00:00"}
{"asctime": "2025-08-21 18:37:19,548", "levelname": "INFO", "name": "AresSystem", "message": "End time: 2025-08-21 18:37:19", "correlation_id": "-", "session_id": "-", "timestamp": "2025-08-21T16:37:19.548109+00:00"}
{"asctime": "2025-08-21 18:37:19,548", "levelname": "INFO", "name": "AresGlobal", "message": "[SYSTEM] End time: 2025-08-21 18:37:19", "correlation_id": "-", "session_id": "-", "timestamp": "2025-08-21T16:37:19.548191+00:00"}
{"asctime": "2025-08-21 18:37:19,548", "levelname": "INFO", "name": "AresSystem", "message": "================================================================================", "correlation_id": "-", "session_id": "-", "timestamp": "2025-08-21T16:37:19.548271+00:00"}
{"asctime": "2025-08-21 18:37:19,548", "levelname": "INFO", "name": "AresGlobal", "message": "[SYSTEM] ================================================================================", "correlation_id": "-", "session_id": "-", "timestamp": "2025-08-21T16:37:19.548352+00:00"}
{"asctime": "2025-08-21 18:37:19,548", "levelname": "INFO", "name": "AresGlobal.AresLauncher", "message": "🧹 Cleaning up processes...", "correlation_id": "-", "session_id": "-", "timestamp": "2025-08-21T16:37:19.548439+00:00"}
{"asctime": "2025-08-21 18:37:19,548", "levelname": "INFO", "name": "AresGlobal.AresLauncher", "message": "✅ Cleanup completed", "correlation_id": "-", "session_id": "-", "timestamp": "2025-08-21T16:37:19.548526+00:00"}
