{"asctime": "2025-08-20 17:58:33,880", "levelname": "INFO", "name": "AresGlobal", "message": "================================================================================", "correlation_id": "-", "session_id": "-", "timestamp": "2025-08-20T15:58:33.880306+00:00"}
{"asctime": "2025-08-20 17:58:33,880", "levelname": "INFO", "name": "AresGlobal", "message": "📊 SESSION SUMMARY", "correlation_id": "-", "session_id": "-", "timestamp": "2025-08-20T15:58:33.880541+00:00"}
{"asctime": "2025-08-20 17:58:33,880", "levelname": "INFO", "name": "AresGlobal", "message": "Session started: 2025-08-20 17:58:33", "correlation_id": "-", "session_id": "-", "timestamp": "2025-08-20T15:58:33.880689+00:00"}
{"asctime": "2025-08-20 17:58:33,880", "levelname": "INFO", "name": "AresGlobal", "message": "This file contains ALL logs for this session", "correlation_id": "-", "session_id": "-", "timestamp": "2025-08-20T15:58:33.880795+00:00"}
{"asctime": "2025-08-20 17:58:33,880", "levelname": "INFO", "name": "AresGlobal", "message": "================================================================================", "correlation_id": "-", "session_id": "-", "timestamp": "2025-08-20T15:58:33.880906+00:00"}
{"asctime": "2025-08-20 17:58:33,881", "levelname": "INFO", "name": "AresGlobal", "message": "[SYSTEM] ================================================================================", "correlation_id": "-", "session_id": "-", "timestamp": "2025-08-20T15:58:33.881175+00:00"}
{"asctime": "2025-08-20 17:58:33,881", "levelname": "INFO", "name": "AresGlobal", "message": "[SYSTEM] 🚀 ARES LAUNCHER STARTED - Mode: INITIALIZATION", "correlation_id": "-", "session_id": "-", "timestamp": "2025-08-20T15:58:33.881394+00:00"}
{"asctime": "2025-08-20 17:58:33,881", "levelname": "INFO", "name": "AresGlobal", "message": "[SYSTEM] Start time: 2025-08-20 17:58:33", "correlation_id": "-", "session_id": "-", "timestamp": "2025-08-20T15:58:33.881606+00:00"}
{"asctime": "2025-08-20 17:58:33,881", "levelname": "INFO", "name": "AresGlobal", "message": "[SYSTEM] Log directory: log", "correlation_id": "-", "session_id": "-", "timestamp": "2025-08-20T15:58:33.881807+00:00"}
{"asctime": "2025-08-20 17:58:33,882", "levelname": "INFO", "name": "AresGlobal", "message": "[SYSTEM] ================================================================================", "correlation_id": "-", "session_id": "-", "timestamp": "2025-08-20T15:58:33.882004+00:00"}
{"asctime": "2025-08-20 17:58:33,882", "levelname": "INFO", "name": "AresGlobal.AresLauncher", "message": "================================================================================", "correlation_id": "-", "session_id": "-", "timestamp": "2025-08-20T15:58:33.882110+00:00"}
{"asctime": "2025-08-20 17:58:33,882", "levelname": "INFO", "name": "AresGlobal.AresLauncher", "message": "🚀 ARES COMPREHENSIVE LAUNCHER", "correlation_id": "-", "session_id": "-", "timestamp": "2025-08-20T15:58:33.882210+00:00"}
{"asctime": "2025-08-20 17:58:33,882", "levelname": "INFO", "name": "AresGlobal.AresLauncher", "message": "================================================================================", "correlation_id": "-", "session_id": "-", "timestamp": "2025-08-20T15:58:33.882321+00:00"}
{"asctime": "2025-08-20 17:58:33,882", "levelname": "INFO", "name": "AresGlobal.AresLauncher", "message": "Start time: 2025-08-20 17:58:33", "correlation_id": "-", "session_id": "-", "timestamp": "2025-08-20T15:58:33.882434+00:00"}
{"asctime": "2025-08-20 17:58:33,882", "levelname": "INFO", "name": "AresGlobal.AresLauncher", "message": "Log directory: log", "correlation_id": "-", "session_id": "-", "timestamp": "2025-08-20T15:58:33.882535+00:00"}
{"asctime": "2025-08-20 17:58:33,882", "levelname": "INFO", "name": "AresGlobal.AresLauncher", "message": "Log level: INFO", "correlation_id": "-", "session_id": "-", "timestamp": "2025-08-20T15:58:33.882640+00:00"}
{"asctime": "2025-08-20 17:58:33,882", "levelname": "INFO", "name": "AresGlobal.AresLauncher", "message": "Global log file: ares_global_20250820_175833.log", "correlation_id": "-", "session_id": "-", "timestamp": "2025-08-20T15:58:33.882744+00:00"}
{"asctime": "2025-08-20 17:58:33,882", "levelname": "INFO", "name": "AresGlobal.AresLauncher", "message": "Full run log: log/ares_full_20250820_175833.log", "correlation_id": "-", "session_id": "-", "timestamp": "2025-08-20T15:58:33.882847+00:00"}
{"asctime": "2025-08-20 17:58:33,882", "levelname": "INFO", "name": "AresGlobal.AresLauncher", "message": "Trades log: log/ares_trades_20250820_175833.log", "correlation_id": "-", "session_id": "-", "timestamp": "2025-08-20T15:58:33.882944+00:00"}
{"asctime": "2025-08-20 17:58:33,883", "levelname": "INFO", "name": "AresGlobal.AresLauncher", "message": "Backtest log: log/ares_backtest_20250820_175833.log", "correlation_id": "-", "session_id": "-", "timestamp": "2025-08-20T15:58:33.883039+00:00"}
{"asctime": "2025-08-20 17:58:33,883", "levelname": "INFO", "name": "AresGlobal.AresLauncher", "message": "================================================================================", "correlation_id": "-", "session_id": "-", "timestamp": "2025-08-20T15:58:33.883131+00:00"}
{"asctime": "2025-08-20 17:58:33,883", "levelname": "INFO", "name": "AresGlobal", "message": "[SYSTEM] ================================================================================", "correlation_id": "-", "session_id": "-", "timestamp": "2025-08-20T15:58:33.883464+00:00"}
{"asctime": "2025-08-20 17:58:33,884", "levelname": "INFO", "name": "AresGlobal", "message": "[SYSTEM] 🚀 ARES LAUNCHER STARTED - Mode: blank - Symbol: ETHUSDT - Exchange: BINANCE", "correlation_id": "-", "session_id": "-", "timestamp": "2025-08-20T15:58:33.884182+00:00"}
{"asctime": "2025-08-20 17:58:33,885", "levelname": "INFO", "name": "AresGlobal", "message": "[SYSTEM] Start time: 2025-08-20 17:58:33", "correlation_id": "-", "session_id": "-", "timestamp": "2025-08-20T15:58:33.885068+00:00"}
{"asctime": "2025-08-20 17:58:33,885", "levelname": "INFO", "name": "AresGlobal", "message": "[SYSTEM] Log directory: log", "correlation_id": "-", "session_id": "-", "timestamp": "2025-08-20T15:58:33.885429+00:00"}
{"asctime": "2025-08-20 17:58:33,885", "levelname": "INFO", "name": "AresGlobal", "message": "[SYSTEM] ================================================================================", "correlation_id": "-", "session_id": "-", "timestamp": "2025-08-20T15:58:33.885640+00:00"}
{"asctime": "2025-08-20 17:58:33,885", "levelname": "INFO", "name": "AresGlobal.AresLauncher", "message": "🚀 Running enhanced 16-step training pipeline for ETHUSDT on BINANCE", "correlation_id": "-", "session_id": "-", "timestamp": "2025-08-20T15:58:33.885791+00:00"}
{"asctime": "2025-08-20 17:58:33,885", "levelname": "INFO", "name": "AresGlobal.AresLauncher", "message": "Starting from step: step2_feature_engineering", "correlation_id": "-", "session_id": "-", "timestamp": "2025-08-20T15:58:33.885912+00:00"}
{"asctime": "2025-08-20 17:58:33,887", "levelname": "INFO", "name": "AresGlobal.AresLauncher", "message": "🧪 BLANK TRAINING MODE: Set BLANK_TRAINING_MODE=1 for step-based training", "correlation_id": "-", "session_id": "-", "timestamp": "2025-08-20T15:58:33.887798+00:00"}
{"asctime": "2025-08-20 17:58:33,888", "levelname": "INFO", "name": "AresGlobal.ProgressManager", "message": "Initialized ProgressManager for ETHUSDT on BINANCE", "correlation_id": "-", "session_id": "-", "timestamp": "2025-08-20T15:58:33.888115+00:00"}
{"asctime": "2025-08-20 17:58:33,888", "levelname": "INFO", "name": "AresGlobal.ProgressManager", "message": "Progress directory: data/training/progress/BINANCE_ETHUSDT", "correlation_id": "-", "session_id": "-", "timestamp": "2025-08-20T15:58:33.888230+00:00"}
{"asctime": "2025-08-20 17:58:33,888", "levelname": "INFO", "name": "AresGlobal.StepOrchestrator", "message": "Initialized StepOrchestrator for ETHUSDT on BINANCE", "correlation_id": "-", "session_id": "-", "timestamp": "2025-08-20T15:58:33.888334+00:00"}
{"asctime": "2025-08-20 17:58:33,888", "levelname": "INFO", "name": "AresGlobal.ProgressManager", "message": "🗑️  Cleared progress for step2_feature_engineering", "correlation_id": "-", "session_id": "-", "timestamp": "2025-08-20T15:58:33.888501+00:00"}
{"asctime": "2025-08-20 17:58:33,888", "levelname": "INFO", "name": "AresGlobal.AresLauncher", "message": "🧹 Cleared progress for 'step2_feature_engineering' (force)", "correlation_id": "-", "session_id": "-", "timestamp": "2025-08-20T15:58:33.888629+00:00"}
{"asctime": "2025-08-20 17:58:33,888", "levelname": "INFO", "name": "AresGlobal.ProgressManager", "message": "🗑️  Cleared progress for step2_5_enhanced_matrix_operations", "correlation_id": "-", "session_id": "-", "timestamp": "2025-08-20T15:58:33.888864+00:00"}
{"asctime": "2025-08-20 17:58:33,889", "levelname": "INFO", "name": "AresGlobal.AresLauncher", "message": "🧹 Cleared progress for 'step2_5_enhanced_matrix_operations' (force)", "correlation_id": "-", "session_id": "-", "timestamp": "2025-08-20T15:58:33.889030+00:00"}
{"asctime": "2025-08-20 17:58:33,889", "levelname": "INFO", "name": "AresGlobal.ProgressManager", "message": "🗑️  Cleared progress for step3_hmm_regime_discovery", "correlation_id": "-", "session_id": "-", "timestamp": "2025-08-20T15:58:33.889185+00:00"}
{"asctime": "2025-08-20 17:58:33,889", "levelname": "INFO", "name": "AresGlobal.AresLauncher", "message": "🧹 Cleared progress for 'step3_hmm_regime_discovery' (force)", "correlation_id": "-", "session_id": "-", "timestamp": "2025-08-20T15:58:33.889293+00:00"}
{"asctime": "2025-08-20 17:58:33,889", "levelname": "INFO", "name": "AresGlobal.ProgressManager", "message": "🗑️  Cleared progress for step4_processing_labeling", "correlation_id": "-", "session_id": "-", "timestamp": "2025-08-20T15:58:33.889449+00:00"}
{"asctime": "2025-08-20 17:58:33,889", "levelname": "INFO", "name": "AresGlobal.AresLauncher", "message": "🧹 Cleared progress for 'step4_processing_labeling' (force)", "correlation_id": "-", "session_id": "-", "timestamp": "2025-08-20T15:58:33.889616+00:00"}
{"asctime": "2025-08-20 17:58:33,889", "levelname": "INFO", "name": "AresGlobal.ProgressManager", "message": "🗑️  Cleared progress for step5_regime_data_splitting", "correlation_id": "-", "session_id": "-", "timestamp": "2025-08-20T15:58:33.889775+00:00"}
{"asctime": "2025-08-20 17:58:33,889", "levelname": "INFO", "name": "AresGlobal.AresLauncher", "message": "🧹 Cleared progress for 'step5_regime_data_splitting' (force)", "correlation_id": "-", "session_id": "-", "timestamp": "2025-08-20T15:58:33.889874+00:00"}
{"asctime": "2025-08-20 17:58:33,889", "levelname": "INFO", "name": "AresGlobal.ProgressManager", "message": "🗑️  Cleared progress for step6_hmm_based_training", "correlation_id": "-", "session_id": "-", "timestamp": "2025-08-20T15:58:33.889996+00:00"}
{"asctime": "2025-08-20 17:58:33,890", "levelname": "INFO", "name": "AresGlobal.AresLauncher", "message": "🧹 Cleared progress for 'step6_hmm_based_training' (force)", "correlation_id": "-", "session_id": "-", "timestamp": "2025-08-20T15:58:33.890096+00:00"}
{"asctime": "2025-08-20 17:58:33,890", "levelname": "INFO", "name": "AresGlobal.ProgressManager", "message": "🗑️  Cleared progress for step6_5_unified_regime_intelligence", "correlation_id": "-", "session_id": "-", "timestamp": "2025-08-20T15:58:33.890225+00:00"}
{"asctime": "2025-08-20 17:58:33,890", "levelname": "INFO", "name": "AresGlobal.AresLauncher", "message": "🧹 Cleared progress for 'step6_5_unified_regime_intelligence' (force)", "correlation_id": "-", "session_id": "-", "timestamp": "2025-08-20T15:58:33.890326+00:00"}
{"asctime": "2025-08-20 17:58:33,890", "levelname": "INFO", "name": "AresGlobal.ProgressManager", "message": "🗑️  Cleared progress for step7_analyst_enhancement", "correlation_id": "-", "session_id": "-", "timestamp": "2025-08-20T15:58:33.890455+00:00"}
{"asctime": "2025-08-20 17:58:33,890", "levelname": "INFO", "name": "AresGlobal.AresLauncher", "message": "🧹 Cleared progress for 'step7_analyst_enhancement' (force)", "correlation_id": "-", "session_id": "-", "timestamp": "2025-08-20T15:58:33.890555+00:00"}
{"asctime": "2025-08-20 17:58:33,890", "levelname": "INFO", "name": "AresGlobal.ProgressManager", "message": "🗑️  Cleared progress for step8_tactician_labeling", "correlation_id": "-", "session_id": "-", "timestamp": "2025-08-20T15:58:33.890675+00:00"}
{"asctime": "2025-08-20 17:58:33,890", "levelname": "INFO", "name": "AresGlobal.AresLauncher", "message": "🧹 Cleared progress for 'step8_tactician_labeling' (force)", "correlation_id": "-", "session_id": "-", "timestamp": "2025-08-20T15:58:33.890778+00:00"}
{"asctime": "2025-08-20 17:58:33,890", "levelname": "INFO", "name": "AresGlobal.ProgressManager", "message": "🗑️  Cleared progress for step9_tactician_specialist_training", "correlation_id": "-", "session_id": "-", "timestamp": "2025-08-20T15:58:33.890942+00:00"}
{"asctime": "2025-08-20 17:58:33,891", "levelname": "INFO", "name": "AresGlobal.AresLauncher", "message": "🧹 Cleared progress for 'step9_tactician_specialist_training' (force)", "correlation_id": "-", "session_id": "-", "timestamp": "2025-08-20T15:58:33.891113+00:00"}
{"asctime": "2025-08-20 17:58:33,891", "levelname": "INFO", "name": "AresGlobal.ProgressManager", "message": "🗑️  Cleared progress for step10_confidence_calibration", "correlation_id": "-", "session_id": "-", "timestamp": "2025-08-20T15:58:33.891263+00:00"}
{"asctime": "2025-08-20 17:58:33,891", "levelname": "INFO", "name": "AresGlobal.AresLauncher", "message": "🧹 Cleared progress for 'step10_confidence_calibration' (force)", "correlation_id": "-", "session_id": "-", "timestamp": "2025-08-20T15:58:33.891374+00:00"}
{"asctime": "2025-08-20 17:58:33,891", "levelname": "INFO", "name": "AresGlobal.ProgressManager", "message": "🗑️  Cleared progress for step11_final_parameters_optimization", "correlation_id": "-", "session_id": "-", "timestamp": "2025-08-20T15:58:33.891523+00:00"}
{"asctime": "2025-08-20 17:58:33,891", "levelname": "INFO", "name": "AresGlobal.AresLauncher", "message": "🧹 Cleared progress for 'step11_final_parameters_optimization' (force)", "correlation_id": "-", "session_id": "-", "timestamp": "2025-08-20T15:58:33.891826+00:00"}
{"asctime": "2025-08-20 17:58:33,891", "levelname": "INFO", "name": "AresGlobal.ProgressManager", "message": "🗑️  Cleared progress for step12_walk_forward_validation", "correlation_id": "-", "session_id": "-", "timestamp": "2025-08-20T15:58:33.891967+00:00"}
{"asctime": "2025-08-20 17:58:33,892", "levelname": "INFO", "name": "AresGlobal.AresLauncher", "message": "🧹 Cleared progress for 'step12_walk_forward_validation' (force)", "correlation_id": "-", "session_id": "-", "timestamp": "2025-08-20T15:58:33.892067+00:00"}
{"asctime": "2025-08-20 17:58:33,892", "levelname": "INFO", "name": "AresGlobal.ProgressManager", "message": "🗑️  Cleared progress for step13_monte_carlo_validation", "correlation_id": "-", "session_id": "-", "timestamp": "2025-08-20T15:58:33.892196+00:00"}
{"asctime": "2025-08-20 17:58:33,892", "levelname": "INFO", "name": "AresGlobal.AresLauncher", "message": "🧹 Cleared progress for 'step13_monte_carlo_validation' (force)", "correlation_id": "-", "session_id": "-", "timestamp": "2025-08-20T15:58:33.892300+00:00"}
{"asctime": "2025-08-20 17:58:33,892", "levelname": "INFO", "name": "AresGlobal.ProgressManager", "message": "🗑️  Cleared progress for step14_ab_testing", "correlation_id": "-", "session_id": "-", "timestamp": "2025-08-20T15:58:33.892432+00:00"}
{"asctime": "2025-08-20 17:58:33,892", "levelname": "INFO", "name": "AresGlobal.AresLauncher", "message": "🧹 Cleared progress for 'step14_ab_testing' (force)", "correlation_id": "-", "session_id": "-", "timestamp": "2025-08-20T15:58:33.892572+00:00"}
{"asctime": "2025-08-20 17:58:33,892", "levelname": "INFO", "name": "AresGlobal.ProgressManager", "message": "🗑️  Cleared progress for step15_saving", "correlation_id": "-", "session_id": "-", "timestamp": "2025-08-20T15:58:33.892702+00:00"}
{"asctime": "2025-08-20 17:58:33,892", "levelname": "INFO", "name": "AresGlobal.AresLauncher", "message": "🧹 Cleared progress for 'step15_saving' (force)", "correlation_id": "-", "session_id": "-", "timestamp": "2025-08-20T15:58:33.892809+00:00"}
{"asctime": "2025-08-20 17:58:33,892", "levelname": "INFO", "name": "AresGlobal.AresLauncher", "message": "✅ Cleared progress for 16 steps: ['step2_feature_engineering', 'step2_5_enhanced_matrix_operations', 'step3_hmm_regime_discovery', 'step4_processing_labeling', 'step5_regime_data_splitting', 'step6_hmm_based_training', 'step6_5_unified_regime_intelligence', 'step7_analyst_enhancement', 'step8_tactician_labeling', 'step9_tactician_specialist_training', 'step10_confidence_calibration', 'step11_final_parameters_optimization', 'step12_walk_forward_validation', 'step13_monte_carlo_validation', 'step14_ab_testing', 'step15_saving']", "correlation_id": "-", "session_id": "-", "timestamp": "2025-08-20T15:58:33.892936+00:00"}
{"asctime": "2025-08-20 17:58:33,893", "levelname": "INFO", "name": "AresGlobal.StepOrchestrator", "message": "🚀 Starting execution from step: step2_feature_engineering", "correlation_id": "-", "session_id": "-", "timestamp": "2025-08-20T15:58:33.893737+00:00"}
{"asctime": "2025-08-20 17:58:42,991", "levelname": "ERROR", "name": "AresGlobal.StepOrchestrator", "message": "Failed to setup enhanced training manager: expected 'except' or 'finally' block (vectorized_advanced_feature_engineering.py, line 3548)", "correlation_id": "-", "session_id": "-", "exc_info": "Traceback (most recent call last):\n  File \"/Users/remyroche/Documents/Ares/src/training/step_orchestrator.py\", line 76, in _setup_enhanced_training_manager\n    from src.training.enhanced_training_manager import (\n  File \"/Users/remyroche/Documents/Ares/src/training/enhanced_training_manager.py\", line 70, in <module>\n    from src.training.vectorized_training_pipeline import VectorizedTrainingPipeline\n  File \"/Users/remyroche/Documents/Ares/src/training/vectorized_training_pipeline.py\", line 17, in <module>\n    from src.training.steps.vectorized_advanced_feature_engineering import (\n  File \"/Users/remyroche/Documents/Ares/src/training/steps/vectorized_advanced_feature_engineering.py\", line 3548\n    sanitized = self._handle_nan_values_robust(sanitized)\n                                                         ^\nSyntaxError: expected 'except' or 'finally' block", "timestamp": "2025-08-20T15:58:42.991846+00:00"}
{"asctime": "2025-08-20 17:58:42,993", "levelname": "INFO", "name": "AresGlobal.StepOrchestrator", "message": "\u001b[91m\u001b[1m❌\u001b[0m \u001b[91m\u001b[1mFailed to setup enhanced training manager: expected 'except' or 'finally' block (vectorized_advanced_feature_engineering.py, line 3548)\u001b[0m", "correlation_id": "-", "session_id": "-", "timestamp": "2025-08-20T15:58:42.993474+00:00"}
{"asctime": "2025-08-20 17:58:42,993", "levelname": "ERROR", "name": "AresGlobal.AresLauncher", "message": "❌ Step-based training pipeline failed", "correlation_id": "-", "session_id": "-", "timestamp": "2025-08-20T15:58:42.993837+00:00"}
{"asctime": "2025-08-20 17:58:42,994", "levelname": "INFO", "name": "AresGlobal", "message": "[SYSTEM] ================================================================================", "correlation_id": "-", "session_id": "-", "timestamp": "2025-08-20T15:58:42.994182+00:00"}
{"asctime": "2025-08-20 17:58:42,994", "levelname": "INFO", "name": "AresGlobal", "message": "[SYSTEM] 🛑 ARES LAUNCHER ENDED - Exit code: 1", "correlation_id": "-", "session_id": "-", "timestamp": "2025-08-20T15:58:42.994394+00:00"}
{"asctime": "2025-08-20 17:58:42,994", "levelname": "INFO", "name": "AresGlobal", "message": "[SYSTEM] End time: 2025-08-20 17:58:42", "correlation_id": "-", "session_id": "-", "timestamp": "2025-08-20T15:58:42.994577+00:00"}
{"asctime": "2025-08-20 17:58:42,994", "levelname": "INFO", "name": "AresGlobal", "message": "[SYSTEM] ================================================================================", "correlation_id": "-", "session_id": "-", "timestamp": "2025-08-20T15:58:42.994748+00:00"}
{"asctime": "2025-08-20 17:58:42,994", "levelname": "INFO", "name": "AresGlobal.AresLauncher", "message": "🧹 Cleaning up processes...", "correlation_id": "-", "session_id": "-", "timestamp": "2025-08-20T15:58:42.994845+00:00"}
{"asctime": "2025-08-20 17:58:42,994", "levelname": "INFO", "name": "AresGlobal.AresLauncher", "message": "✅ Cleanup completed", "correlation_id": "-", "session_id": "-", "timestamp": "2025-08-20T15:58:42.994954+00:00"}
