{"asctime": "2025-08-19 19:45:39,546", "levelname": "INFO", "name": "AresGlobal", "message": "================================================================================", "correlation_id": "-", "session_id": "-", "timestamp": "2025-08-19T17:45:39.546772+00:00"}
{"asctime": "2025-08-19 19:45:39,546", "levelname": "INFO", "name": "AresGlobal", "message": "📊 SESSION SUMMARY", "correlation_id": "-", "session_id": "-", "timestamp": "2025-08-19T17:45:39.546894+00:00"}
{"asctime": "2025-08-19 19:45:39,546", "levelname": "INFO", "name": "AresGlobal", "message": "Session started: 2025-08-19 19:45:39", "correlation_id": "-", "session_id": "-", "timestamp": "2025-08-19T17:45:39.546996+00:00"}
{"asctime": "2025-08-19 19:45:39,547", "levelname": "INFO", "name": "AresGlobal", "message": "This file contains ALL logs for this session", "correlation_id": "-", "session_id": "-", "timestamp": "2025-08-19T17:45:39.547078+00:00"}
{"asctime": "2025-08-19 19:45:39,547", "levelname": "INFO", "name": "AresGlobal", "message": "================================================================================", "correlation_id": "-", "session_id": "-", "timestamp": "2025-08-19T17:45:39.547155+00:00"}
{"asctime": "2025-08-19 19:45:39,547", "levelname": "INFO", "name": "AresSystem", "message": "================================================================================", "correlation_id": "-", "session_id": "-", "timestamp": "2025-08-19T17:45:39.547263+00:00"}
{"asctime": "2025-08-19 19:45:39,547", "levelname": "INFO", "name": "AresGlobal", "message": "[SYSTEM] ================================================================================", "correlation_id": "-", "session_id": "-", "timestamp": "2025-08-19T17:45:39.547351+00:00"}
{"asctime": "2025-08-19 19:45:39,547", "levelname": "INFO", "name": "AresSystem", "message": "🚀 ARES LAUNCHER STARTED - Mode: INITIALIZATION", "correlation_id": "-", "session_id": "-", "timestamp": "2025-08-19T17:45:39.547434+00:00"}
{"asctime": "2025-08-19 19:45:39,547", "levelname": "INFO", "name": "AresGlobal", "message": "[SYSTEM] 🚀 ARES LAUNCHER STARTED - Mode: INITIALIZATION", "correlation_id": "-", "session_id": "-", "timestamp": "2025-08-19T17:45:39.547516+00:00"}
{"asctime": "2025-08-19 19:45:39,547", "levelname": "INFO", "name": "AresSystem", "message": "Start time: 2025-08-19 19:45:39", "correlation_id": "-", "session_id": "-", "timestamp": "2025-08-19T17:45:39.547606+00:00"}
{"asctime": "2025-08-19 19:45:39,547", "levelname": "INFO", "name": "AresGlobal", "message": "[SYSTEM] Start time: 2025-08-19 19:45:39", "correlation_id": "-", "session_id": "-", "timestamp": "2025-08-19T17:45:39.547689+00:00"}
{"asctime": "2025-08-19 19:45:39,547", "levelname": "INFO", "name": "AresSystem", "message": "Log directory: log", "correlation_id": "-", "session_id": "-", "timestamp": "2025-08-19T17:45:39.547769+00:00"}
{"asctime": "2025-08-19 19:45:39,547", "levelname": "INFO", "name": "AresGlobal", "message": "[SYSTEM] Log directory: log", "correlation_id": "-", "session_id": "-", "timestamp": "2025-08-19T17:45:39.547845+00:00"}
{"asctime": "2025-08-19 19:45:39,547", "levelname": "INFO", "name": "AresSystem", "message": "================================================================================", "correlation_id": "-", "session_id": "-", "timestamp": "2025-08-19T17:45:39.547922+00:00"}
{"asctime": "2025-08-19 19:45:39,547", "levelname": "INFO", "name": "AresGlobal", "message": "[SYSTEM] ================================================================================", "correlation_id": "-", "session_id": "-", "timestamp": "2025-08-19T17:45:39.547999+00:00"}
{"asctime": "2025-08-19 19:45:39,548", "levelname": "INFO", "name": "AresGlobal.AresLauncher", "message": "================================================================================", "correlation_id": "-", "session_id": "-", "timestamp": "2025-08-19T17:45:39.548076+00:00"}
{"asctime": "2025-08-19 19:45:39,548", "levelname": "INFO", "name": "AresGlobal.AresLauncher", "message": "🚀 ARES COMPREHENSIVE LAUNCHER", "correlation_id": "-", "session_id": "-", "timestamp": "2025-08-19T17:45:39.548153+00:00"}
{"asctime": "2025-08-19 19:45:39,548", "levelname": "INFO", "name": "AresGlobal.AresLauncher", "message": "================================================================================", "correlation_id": "-", "session_id": "-", "timestamp": "2025-08-19T17:45:39.548240+00:00"}
{"asctime": "2025-08-19 19:45:39,548", "levelname": "INFO", "name": "AresGlobal.AresLauncher", "message": "Start time: 2025-08-19 19:45:39", "correlation_id": "-", "session_id": "-", "timestamp": "2025-08-19T17:45:39.548319+00:00"}
{"asctime": "2025-08-19 19:45:39,548", "levelname": "INFO", "name": "AresGlobal.AresLauncher", "message": "Log directory: log", "correlation_id": "-", "session_id": "-", "timestamp": "2025-08-19T17:45:39.548396+00:00"}
{"asctime": "2025-08-19 19:45:39,548", "levelname": "INFO", "name": "AresGlobal.AresLauncher", "message": "Log level: INFO", "correlation_id": "-", "session_id": "-", "timestamp": "2025-08-19T17:45:39.548475+00:00"}
{"asctime": "2025-08-19 19:45:39,548", "levelname": "INFO", "name": "AresGlobal.AresLauncher", "message": "Global log file: ares_global_20250819_194539.log", "correlation_id": "-", "session_id": "-", "timestamp": "2025-08-19T17:45:39.548555+00:00"}
{"asctime": "2025-08-19 19:45:39,548", "levelname": "INFO", "name": "AresGlobal.AresLauncher", "message": "Full run log: log/ares_full_20250819_194539.log", "correlation_id": "-", "session_id": "-", "timestamp": "2025-08-19T17:45:39.548638+00:00"}
{"asctime": "2025-08-19 19:45:39,548", "levelname": "INFO", "name": "AresGlobal.AresLauncher", "message": "Trades log: log/ares_trades_20250819_194539.log", "correlation_id": "-", "session_id": "-", "timestamp": "2025-08-19T17:45:39.548715+00:00"}
{"asctime": "2025-08-19 19:45:39,548", "levelname": "INFO", "name": "AresGlobal.AresLauncher", "message": "Backtest log: log/ares_backtest_20250819_194539.log", "correlation_id": "-", "session_id": "-", "timestamp": "2025-08-19T17:45:39.548789+00:00"}
{"asctime": "2025-08-19 19:45:39,548", "levelname": "INFO", "name": "AresGlobal.AresLauncher", "message": "================================================================================", "correlation_id": "-", "session_id": "-", "timestamp": "2025-08-19T17:45:39.548863+00:00"}
{"asctime": "2025-08-19 19:45:39,548", "levelname": "INFO", "name": "AresTradingSystem.System.SignalHandler", "message": "Shutdown callback registered", "correlation_id": "-", "session_id": "-", "timestamp": "2025-08-19T17:45:39.548945+00:00"}
{"asctime": "2025-08-19 19:45:39,549", "levelname": "INFO", "name": "AresSystem", "message": "================================================================================", "correlation_id": "-", "session_id": "-", "timestamp": "2025-08-19T17:45:39.549024+00:00"}
{"asctime": "2025-08-19 19:45:39,549", "levelname": "INFO", "name": "AresGlobal", "message": "[SYSTEM] ================================================================================", "correlation_id": "-", "session_id": "-", "timestamp": "2025-08-19T17:45:39.549104+00:00"}
{"asctime": "2025-08-19 19:45:39,549", "levelname": "INFO", "name": "AresSystem", "message": "🚀 ARES LAUNCHER STARTED - Mode: blank - Symbol: ETHUSDT - Exchange: BINANCE", "correlation_id": "-", "session_id": "-", "timestamp": "2025-08-19T17:45:39.549179+00:00"}
{"asctime": "2025-08-19 19:45:39,549", "levelname": "INFO", "name": "AresGlobal", "message": "[SYSTEM] 🚀 ARES LAUNCHER STARTED - Mode: blank - Symbol: ETHUSDT - Exchange: BINANCE", "correlation_id": "-", "session_id": "-", "timestamp": "2025-08-19T17:45:39.549262+00:00"}
{"asctime": "2025-08-19 19:45:39,549", "levelname": "INFO", "name": "AresSystem", "message": "Start time: 2025-08-19 19:45:39", "correlation_id": "-", "session_id": "-", "timestamp": "2025-08-19T17:45:39.549352+00:00"}
{"asctime": "2025-08-19 19:45:39,549", "levelname": "INFO", "name": "AresGlobal", "message": "[SYSTEM] Start time: 2025-08-19 19:45:39", "correlation_id": "-", "session_id": "-", "timestamp": "2025-08-19T17:45:39.549429+00:00"}
{"asctime": "2025-08-19 19:45:39,549", "levelname": "INFO", "name": "AresSystem", "message": "Log directory: log", "correlation_id": "-", "session_id": "-", "timestamp": "2025-08-19T17:45:39.549507+00:00"}
{"asctime": "2025-08-19 19:45:39,549", "levelname": "INFO", "name": "AresGlobal", "message": "[SYSTEM] Log directory: log", "correlation_id": "-", "session_id": "-", "timestamp": "2025-08-19T17:45:39.549587+00:00"}
{"asctime": "2025-08-19 19:45:39,549", "levelname": "INFO", "name": "AresSystem", "message": "================================================================================", "correlation_id": "-", "session_id": "-", "timestamp": "2025-08-19T17:45:39.549663+00:00"}
{"asctime": "2025-08-19 19:45:39,549", "levelname": "INFO", "name": "AresGlobal", "message": "[SYSTEM] ================================================================================", "correlation_id": "-", "session_id": "-", "timestamp": "2025-08-19T17:45:39.549741+00:00"}
{"asctime": "2025-08-19 19:45:39,549", "levelname": "INFO", "name": "AresGlobal.AresLauncher", "message": "🚀 Running enhanced 16-step training pipeline for ETHUSDT on BINANCE", "correlation_id": "-", "session_id": "-", "timestamp": "2025-08-19T17:45:39.549841+00:00"}
{"asctime": "2025-08-19 19:45:39,549", "levelname": "INFO", "name": "AresGlobal.AresLauncher", "message": "Starting from step: step2_feature_engineering", "correlation_id": "-", "session_id": "-", "timestamp": "2025-08-19T17:45:39.549926+00:00"}
{"asctime": "2025-08-19 19:45:39,551", "levelname": "INFO", "name": "AresGlobal.AresLauncher", "message": "🧪 BLANK TRAINING MODE: Set BLANK_TRAINING_MODE=1 for step-based training", "correlation_id": "-", "session_id": "-", "timestamp": "2025-08-19T17:45:39.551210+00:00"}
{"asctime": "2025-08-19 19:45:39,551", "levelname": "INFO", "name": "AresGlobal.ProgressManager", "message": "Initialized ProgressManager for ETHUSDT on BINANCE", "correlation_id": "-", "session_id": "-", "timestamp": "2025-08-19T17:45:39.551348+00:00"}
{"asctime": "2025-08-19 19:45:39,551", "levelname": "INFO", "name": "AresGlobal.ProgressManager", "message": "Progress directory: data/training/progress/BINANCE_ETHUSDT", "correlation_id": "-", "session_id": "-", "timestamp": "2025-08-19T17:45:39.551431+00:00"}
{"asctime": "2025-08-19 19:45:39,551", "levelname": "INFO", "name": "AresGlobal.StepOrchestrator", "message": "Initialized StepOrchestrator for ETHUSDT on BINANCE", "correlation_id": "-", "session_id": "-", "timestamp": "2025-08-19T17:45:39.551510+00:00"}
{"asctime": "2025-08-19 19:45:39,551", "levelname": "INFO", "name": "AresGlobal.ProgressManager", "message": "🗑️  Cleared progress for step2_feature_engineering", "correlation_id": "-", "session_id": "-", "timestamp": "2025-08-19T17:45:39.551694+00:00"}
{"asctime": "2025-08-19 19:45:39,551", "levelname": "INFO", "name": "AresGlobal.AresLauncher", "message": "🧹 Cleared progress for 'step2_feature_engineering' (force)", "correlation_id": "-", "session_id": "-", "timestamp": "2025-08-19T17:45:39.551810+00:00"}
{"asctime": "2025-08-19 19:45:39,551", "levelname": "INFO", "name": "AresGlobal.ProgressManager", "message": "🗑️  Cleared progress for step2_5_enhanced_matrix_operations", "correlation_id": "-", "session_id": "-", "timestamp": "2025-08-19T17:45:39.551937+00:00"}
{"asctime": "2025-08-19 19:45:39,552", "levelname": "INFO", "name": "AresGlobal.AresLauncher", "message": "🧹 Cleared progress for 'step2_5_enhanced_matrix_operations' (force)", "correlation_id": "-", "session_id": "-", "timestamp": "2025-08-19T17:45:39.552033+00:00"}
{"asctime": "2025-08-19 19:45:39,552", "levelname": "INFO", "name": "AresGlobal.ProgressManager", "message": "🗑️  Cleared progress for step3_hmm_regime_discovery", "correlation_id": "-", "session_id": "-", "timestamp": "2025-08-19T17:45:39.552136+00:00"}
{"asctime": "2025-08-19 19:45:39,552", "levelname": "INFO", "name": "AresGlobal.AresLauncher", "message": "🧹 Cleared progress for 'step3_hmm_regime_discovery' (force)", "correlation_id": "-", "session_id": "-", "timestamp": "2025-08-19T17:45:39.552221+00:00"}
{"asctime": "2025-08-19 19:45:39,552", "levelname": "INFO", "name": "AresGlobal.ProgressManager", "message": "🗑️  Cleared progress for step4_processing_labeling", "correlation_id": "-", "session_id": "-", "timestamp": "2025-08-19T17:45:39.552330+00:00"}
{"asctime": "2025-08-19 19:45:39,552", "levelname": "INFO", "name": "AresGlobal.AresLauncher", "message": "🧹 Cleared progress for 'step4_processing_labeling' (force)", "correlation_id": "-", "session_id": "-", "timestamp": "2025-08-19T17:45:39.552415+00:00"}
{"asctime": "2025-08-19 19:45:39,552", "levelname": "INFO", "name": "AresGlobal.ProgressManager", "message": "🗑️  Cleared progress for step5_regime_data_splitting", "correlation_id": "-", "session_id": "-", "timestamp": "2025-08-19T17:45:39.552511+00:00"}
{"asctime": "2025-08-19 19:45:39,552", "levelname": "INFO", "name": "AresGlobal.AresLauncher", "message": "🧹 Cleared progress for 'step5_regime_data_splitting' (force)", "correlation_id": "-", "session_id": "-", "timestamp": "2025-08-19T17:45:39.552595+00:00"}
{"asctime": "2025-08-19 19:45:39,552", "levelname": "INFO", "name": "AresGlobal.ProgressManager", "message": "🗑️  Cleared progress for step6_hmm_based_training", "correlation_id": "-", "session_id": "-", "timestamp": "2025-08-19T17:45:39.552697+00:00"}
{"asctime": "2025-08-19 19:45:39,552", "levelname": "INFO", "name": "AresGlobal.AresLauncher", "message": "🧹 Cleared progress for 'step6_hmm_based_training' (force)", "correlation_id": "-", "session_id": "-", "timestamp": "2025-08-19T17:45:39.552777+00:00"}
{"asctime": "2025-08-19 19:45:39,552", "levelname": "INFO", "name": "AresGlobal.ProgressManager", "message": "🗑️  Cleared progress for step6_5_unified_regime_intelligence", "correlation_id": "-", "session_id": "-", "timestamp": "2025-08-19T17:45:39.552876+00:00"}
{"asctime": "2025-08-19 19:45:39,552", "levelname": "INFO", "name": "AresGlobal.AresLauncher", "message": "🧹 Cleared progress for 'step6_5_unified_regime_intelligence' (force)", "correlation_id": "-", "session_id": "-", "timestamp": "2025-08-19T17:45:39.552957+00:00"}
{"asctime": "2025-08-19 19:45:39,553", "levelname": "INFO", "name": "AresGlobal.ProgressManager", "message": "🗑️  Cleared progress for step7_analyst_enhancement", "correlation_id": "-", "session_id": "-", "timestamp": "2025-08-19T17:45:39.553051+00:00"}
{"asctime": "2025-08-19 19:45:39,553", "levelname": "INFO", "name": "AresGlobal.AresLauncher", "message": "🧹 Cleared progress for 'step7_analyst_enhancement' (force)", "correlation_id": "-", "session_id": "-", "timestamp": "2025-08-19T17:45:39.553130+00:00"}
{"asctime": "2025-08-19 19:45:39,553", "levelname": "INFO", "name": "AresGlobal.ProgressManager", "message": "🗑️  Cleared progress for step8_tactician_labeling", "correlation_id": "-", "session_id": "-", "timestamp": "2025-08-19T17:45:39.553226+00:00"}
{"asctime": "2025-08-19 19:45:39,553", "levelname": "INFO", "name": "AresGlobal.AresLauncher", "message": "🧹 Cleared progress for 'step8_tactician_labeling' (force)", "correlation_id": "-", "session_id": "-", "timestamp": "2025-08-19T17:45:39.553311+00:00"}
{"asctime": "2025-08-19 19:45:39,553", "levelname": "INFO", "name": "AresGlobal.ProgressManager", "message": "🗑️  Cleared progress for step9_tactician_specialist_training", "correlation_id": "-", "session_id": "-", "timestamp": "2025-08-19T17:45:39.553407+00:00"}
{"asctime": "2025-08-19 19:45:39,553", "levelname": "INFO", "name": "AresGlobal.AresLauncher", "message": "🧹 Cleared progress for 'step9_tactician_specialist_training' (force)", "correlation_id": "-", "session_id": "-", "timestamp": "2025-08-19T17:45:39.553486+00:00"}
{"asctime": "2025-08-19 19:45:39,553", "levelname": "INFO", "name": "AresGlobal.ProgressManager", "message": "🗑️  Cleared progress for step10_confidence_calibration", "correlation_id": "-", "session_id": "-", "timestamp": "2025-08-19T17:45:39.553584+00:00"}
{"asctime": "2025-08-19 19:45:39,553", "levelname": "INFO", "name": "AresGlobal.AresLauncher", "message": "🧹 Cleared progress for 'step10_confidence_calibration' (force)", "correlation_id": "-", "session_id": "-", "timestamp": "2025-08-19T17:45:39.553665+00:00"}
{"asctime": "2025-08-19 19:45:39,553", "levelname": "INFO", "name": "AresGlobal.ProgressManager", "message": "🗑️  Cleared progress for step11_final_parameters_optimization", "correlation_id": "-", "session_id": "-", "timestamp": "2025-08-19T17:45:39.553769+00:00"}
{"asctime": "2025-08-19 19:45:39,553", "levelname": "INFO", "name": "AresGlobal.AresLauncher", "message": "🧹 Cleared progress for 'step11_final_parameters_optimization' (force)", "correlation_id": "-", "session_id": "-", "timestamp": "2025-08-19T17:45:39.553855+00:00"}
{"asctime": "2025-08-19 19:45:39,553", "levelname": "INFO", "name": "AresGlobal.ProgressManager", "message": "🗑️  Cleared progress for step12_walk_forward_validation", "correlation_id": "-", "session_id": "-", "timestamp": "2025-08-19T17:45:39.553956+00:00"}
{"asctime": "2025-08-19 19:45:39,554", "levelname": "INFO", "name": "AresGlobal.AresLauncher", "message": "🧹 Cleared progress for 'step12_walk_forward_validation' (force)", "correlation_id": "-", "session_id": "-", "timestamp": "2025-08-19T17:45:39.554038+00:00"}
{"asctime": "2025-08-19 19:45:39,554", "levelname": "INFO", "name": "AresGlobal.ProgressManager", "message": "🗑️  Cleared progress for step13_monte_carlo_validation", "correlation_id": "-", "session_id": "-", "timestamp": "2025-08-19T17:45:39.554135+00:00"}
{"asctime": "2025-08-19 19:45:39,554", "levelname": "INFO", "name": "AresGlobal.AresLauncher", "message": "🧹 Cleared progress for 'step13_monte_carlo_validation' (force)", "correlation_id": "-", "session_id": "-", "timestamp": "2025-08-19T17:45:39.554217+00:00"}
{"asctime": "2025-08-19 19:45:39,554", "levelname": "INFO", "name": "AresGlobal.ProgressManager", "message": "🗑️  Cleared progress for step14_ab_testing", "correlation_id": "-", "session_id": "-", "timestamp": "2025-08-19T17:45:39.554317+00:00"}
{"asctime": "2025-08-19 19:45:39,554", "levelname": "INFO", "name": "AresGlobal.AresLauncher", "message": "🧹 Cleared progress for 'step14_ab_testing' (force)", "correlation_id": "-", "session_id": "-", "timestamp": "2025-08-19T17:45:39.554410+00:00"}
{"asctime": "2025-08-19 19:45:39,554", "levelname": "INFO", "name": "AresGlobal.ProgressManager", "message": "🗑️  Cleared progress for step15_saving", "correlation_id": "-", "session_id": "-", "timestamp": "2025-08-19T17:45:39.554505+00:00"}
{"asctime": "2025-08-19 19:45:39,554", "levelname": "INFO", "name": "AresGlobal.AresLauncher", "message": "🧹 Cleared progress for 'step15_saving' (force)", "correlation_id": "-", "session_id": "-", "timestamp": "2025-08-19T17:45:39.554588+00:00"}
{"asctime": "2025-08-19 19:45:39,554", "levelname": "INFO", "name": "AresGlobal.AresLauncher", "message": "✅ Cleared progress for 16 steps: ['step2_feature_engineering', 'step2_5_enhanced_matrix_operations', 'step3_hmm_regime_discovery', 'step4_processing_labeling', 'step5_regime_data_splitting', 'step6_hmm_based_training', 'step6_5_unified_regime_intelligence', 'step7_analyst_enhancement', 'step8_tactician_labeling', 'step9_tactician_specialist_training', 'step10_confidence_calibration', 'step11_final_parameters_optimization', 'step12_walk_forward_validation', 'step13_monte_carlo_validation', 'step14_ab_testing', 'step15_saving']", "correlation_id": "-", "session_id": "-", "timestamp": "2025-08-19T17:45:39.554683+00:00"}
{"asctime": "2025-08-19 19:45:39,555", "levelname": "DEBUG", "name": "asyncio", "message": "Using selector: KqueueSelector", "correlation_id": "-", "session_id": "-", "timestamp": "2025-08-19T17:45:39.555018+00:00"}
{"asctime": "2025-08-19 19:45:39,555", "levelname": "INFO", "name": "AresGlobal.StepOrchestrator", "message": "🚀 Starting execution from step: step2_feature_engineering", "correlation_id": "-", "session_id": "-", "timestamp": "2025-08-19T17:45:39.555241+00:00"}
{"asctime": "2025-08-19 19:45:40,632", "levelname": "DEBUG", "name": "matplotlib", "message": "matplotlib data path: /opt/homebrew/Caskroom/miniforge/base/lib/python3.12/site-packages/matplotlib/mpl-data", "correlation_id": "-", "session_id": "-", "timestamp": "2025-08-19T17:45:40.632366+00:00"}
{"asctime": "2025-08-19 19:45:40,635", "levelname": "DEBUG", "name": "matplotlib", "message": "CONFIGDIR=/Users/remyroche/.matplotlib", "correlation_id": "-", "session_id": "-", "timestamp": "2025-08-19T17:45:40.635975+00:00"}
{"asctime": "2025-08-19 19:45:40,636", "levelname": "DEBUG", "name": "matplotlib", "message": "interactive is False", "correlation_id": "-", "session_id": "-", "timestamp": "2025-08-19T17:45:40.636610+00:00"}
{"asctime": "2025-08-19 19:45:40,636", "levelname": "DEBUG", "name": "matplotlib", "message": "platform is darwin", "correlation_id": "-", "session_id": "-", "timestamp": "2025-08-19T17:45:40.636701+00:00"}
{"asctime": "2025-08-19 19:45:40,649", "levelname": "DEBUG", "name": "graphviz._tools", "message": "deprecate positional args: graphviz.backend.piping.pipe(['renderer', 'formatter', 'neato_no_op', 'quiet'])", "correlation_id": "-", "session_id": "-", "timestamp": "2025-08-19T17:45:40.649609+00:00"}
{"asctime": "2025-08-19 19:45:40,650", "levelname": "DEBUG", "name": "graphviz._tools", "message": "deprecate positional args: graphviz.backend.rendering.render(['renderer', 'formatter', 'neato_no_op', 'quiet'])", "correlation_id": "-", "session_id": "-", "timestamp": "2025-08-19T17:45:40.650127+00:00"}
{"asctime": "2025-08-19 19:45:40,650", "levelname": "DEBUG", "name": "graphviz._tools", "message": "deprecate positional args: graphviz.backend.unflattening.unflatten(['stagger', 'fanout', 'chain', 'encoding'])", "correlation_id": "-", "session_id": "-", "timestamp": "2025-08-19T17:45:40.650638+00:00"}
{"asctime": "2025-08-19 19:45:40,650", "levelname": "DEBUG", "name": "graphviz._tools", "message": "deprecate positional args: graphviz.backend.viewing.view(['quiet'])", "correlation_id": "-", "session_id": "-", "timestamp": "2025-08-19T17:45:40.650869+00:00"}
{"asctime": "2025-08-19 19:45:40,652", "levelname": "DEBUG", "name": "graphviz._tools", "message": "deprecate positional args: graphviz.quoting.quote(['is_html_string', 'is_valid_id', 'dot_keywords', 'endswith_odd_number_of_backslashes', 'escape_unescaped_quotes'])", "correlation_id": "-", "session_id": "-", "timestamp": "2025-08-19T17:45:40.652752+00:00"}
{"asctime": "2025-08-19 19:45:40,652", "levelname": "DEBUG", "name": "graphviz._tools", "message": "deprecate positional args: graphviz.quoting.a_list(['kwargs', 'attributes'])", "correlation_id": "-", "session_id": "-", "timestamp": "2025-08-19T17:45:40.652857+00:00"}
{"asctime": "2025-08-19 19:45:40,652", "levelname": "DEBUG", "name": "graphviz._tools", "message": "deprecate positional args: graphviz.quoting.attr_list(['kwargs', 'attributes'])", "correlation_id": "-", "session_id": "-", "timestamp": "2025-08-19T17:45:40.652929+00:00"}
{"asctime": "2025-08-19 19:45:40,653", "levelname": "DEBUG", "name": "graphviz._tools", "message": "deprecate positional args: graphviz.dot.Dot.clear(['self', 'keep_attrs'])", "correlation_id": "-", "session_id": "-", "timestamp": "2025-08-19T17:45:40.653053+00:00"}
{"asctime": "2025-08-19 19:45:40,653", "levelname": "DEBUG", "name": "graphviz._tools", "message": "deprecate positional args: graphviz.dot.Dot.__iter__(['self', 'subgraph'])", "correlation_id": "-", "session_id": "-", "timestamp": "2025-08-19T17:45:40.653146+00:00"}
{"asctime": "2025-08-19 19:45:40,653", "levelname": "DEBUG", "name": "graphviz._tools", "message": "deprecate positional args: graphviz.dot.Dot.node(['label', '_attributes'])", "correlation_id": "-", "session_id": "-", "timestamp": "2025-08-19T17:45:40.653246+00:00"}
{"asctime": "2025-08-19 19:45:40,653", "levelname": "DEBUG", "name": "graphviz._tools", "message": "deprecate positional args: graphviz.dot.Dot.edge(['label', '_attributes'])", "correlation_id": "-", "session_id": "-", "timestamp": "2025-08-19T17:45:40.653347+00:00"}
{"asctime": "2025-08-19 19:45:40,653", "levelname": "DEBUG", "name": "graphviz._tools", "message": "deprecate positional args: graphviz.dot.Dot.attr(['kw', '_attributes'])", "correlation_id": "-", "session_id": "-", "timestamp": "2025-08-19T17:45:40.653477+00:00"}
{"asctime": "2025-08-19 19:45:40,653", "levelname": "DEBUG", "name": "graphviz._tools", "message": "deprecate positional args: graphviz.dot.Dot.subgraph(['graph', 'name', 'comment', 'graph_attr', 'node_attr', 'edge_attr', 'body'])", "correlation_id": "-", "session_id": "-", "timestamp": "2025-08-19T17:45:40.653655+00:00"}
{"asctime": "2025-08-19 19:45:40,654", "levelname": "DEBUG", "name": "graphviz._tools", "message": "deprecate positional args: graphviz.piping.Pipe._pipe_legacy(['format', 'renderer', 'formatter', 'neato_no_op', 'quiet'])", "correlation_id": "-", "session_id": "-", "timestamp": "2025-08-19T17:45:40.654589+00:00"}
{"asctime": "2025-08-19 19:45:40,656", "levelname": "DEBUG", "name": "graphviz._tools", "message": "deprecate positional args: graphviz.saving.Save.save(['filename', 'directory'])", "correlation_id": "-", "session_id": "-", "timestamp": "2025-08-19T17:45:40.656253+00:00"}
{"asctime": "2025-08-19 19:45:40,656", "levelname": "DEBUG", "name": "graphviz._tools", "message": "deprecate positional args: graphviz.rendering.Render.render(['filename', 'directory', 'view', 'cleanup', 'format', 'renderer', 'formatter', 'neato_no_op', 'quiet', 'quiet_view'])", "correlation_id": "-", "session_id": "-", "timestamp": "2025-08-19T17:45:40.656549+00:00"}
{"asctime": "2025-08-19 19:45:40,656", "levelname": "DEBUG", "name": "graphviz._tools", "message": "deprecate positional args: graphviz.rendering.Render.view(['filename', 'directory', 'cleanup', 'quiet', 'quiet_view'])", "correlation_id": "-", "session_id": "-", "timestamp": "2025-08-19T17:45:40.656660+00:00"}
{"asctime": "2025-08-19 19:45:40,656", "levelname": "DEBUG", "name": "graphviz._tools", "message": "deprecate positional args: graphviz.unflattening.Unflatten.unflatten(['self', 'stagger', 'fanout', 'chain'])", "correlation_id": "-", "session_id": "-", "timestamp": "2025-08-19T17:45:40.656959+00:00"}
{"asctime": "2025-08-19 19:45:40,657", "levelname": "DEBUG", "name": "graphviz._tools", "message": "deprecate positional args: graphviz.graphs.BaseGraph.__init__(['name', 'comment', 'filename', 'directory', 'format', 'engine', 'encoding', 'graph_attr', 'node_attr', 'edge_attr', 'body', 'strict'])", "correlation_id": "-", "session_id": "-", "timestamp": "2025-08-19T17:45:40.657100+00:00"}
{"asctime": "2025-08-19 19:45:40,657", "levelname": "DEBUG", "name": "graphviz._tools", "message": "deprecate positional args: graphviz.sources.Source.from_file(['filename', 'directory', 'format', 'engine', 'encoding', 'renderer', 'formatter'])", "correlation_id": "-", "session_id": "-", "timestamp": "2025-08-19T17:45:40.657494+00:00"}
{"asctime": "2025-08-19 19:45:40,657", "levelname": "DEBUG", "name": "graphviz._tools", "message": "deprecate positional args: graphviz.sources.Source.__init__(['source', 'filename', 'directory', 'format', 'engine', 'encoding'])", "correlation_id": "-", "session_id": "-", "timestamp": "2025-08-19T17:45:40.657625+00:00"}
{"asctime": "2025-08-19 19:45:40,657", "levelname": "DEBUG", "name": "graphviz._tools", "message": "deprecate positional args: graphviz.sources.Source.save(['filename', 'directory'])", "correlation_id": "-", "session_id": "-", "timestamp": "2025-08-19T17:45:40.657699+00:00"}
{"asctime": "2025-08-19 19:45:41,005", "levelname": "DEBUG", "name": "matplotlib", "message": "CACHEDIR=/Users/remyroche/.matplotlib", "correlation_id": "-", "session_id": "-", "timestamp": "2025-08-19T17:45:41.005595+00:00"}
{"asctime": "2025-08-19 19:45:41,007", "levelname": "DEBUG", "name": "matplotlib.font_manager", "message": "Using fontManager instance from /Users/remyroche/.matplotlib/fontlist-v390.json", "correlation_id": "-", "session_id": "-", "timestamp": "2025-08-19T17:45:41.007657+00:00"}
{"asctime": "2025-08-19 19:45:44,635", "levelname": "DEBUG", "name": "h5py._conv", "message": "Creating converter from 7 to 5", "correlation_id": "-", "session_id": "-", "timestamp": "2025-08-19T17:45:44.635063+00:00"}
{"asctime": "2025-08-19 19:45:44,635", "levelname": "DEBUG", "name": "h5py._conv", "message": "Creating converter from 5 to 7", "correlation_id": "-", "session_id": "-", "timestamp": "2025-08-19T17:45:44.635346+00:00"}
{"asctime": "2025-08-19 19:45:44,635", "levelname": "DEBUG", "name": "h5py._conv", "message": "Creating converter from 7 to 5", "correlation_id": "-", "session_id": "-", "timestamp": "2025-08-19T17:45:44.635422+00:00"}
{"asctime": "2025-08-19 19:45:44,635", "levelname": "DEBUG", "name": "h5py._conv", "message": "Creating converter from 5 to 7", "correlation_id": "-", "session_id": "-", "timestamp": "2025-08-19T17:45:44.635474+00:00"}
{"asctime": "2025-08-19 19:45:45,321", "levelname": "DEBUG", "name": "asyncio", "message": "Using selector: KqueueSelector", "correlation_id": "-", "session_id": "-", "timestamp": "2025-08-19T17:45:45.321506+00:00"}
{"asctime": "2025-08-19 19:45:45,352", "levelname": "INFO", "name": "src.utils.prometheus_metrics", "message": "Prometheus metrics server started on port 9000", "correlation_id": "-", "session_id": "-", "timestamp": "2025-08-19T17:45:45.352720+00:00"}
{"asctime": "2025-08-19 19:45:45,369", "levelname": "INFO", "name": "AresGlobal.M1GPUAcceleration", "message": "✅ MPS (Metal Performance Shaders) available and enabled", "correlation_id": "-", "session_id": "-", "timestamp": "2025-08-19T17:45:45.369115+00:00"}
{"asctime": "2025-08-19 19:45:45,372", "levelname": "INFO", "name": "AresGlobal.ComputationalOptimizationManager", "message": "Computational Optimization Manager initialized", "correlation_id": "-", "session_id": "-", "timestamp": "2025-08-19T17:45:45.372259+00:00"}
{"asctime": "2025-08-19 19:45:45,375", "levelname": "INFO", "name": "AresGlobal.StepOrchestrator", "message": "✅ Enhanced training manager setup successfully", "correlation_id": "-", "session_id": "-", "timestamp": "2025-08-19T17:45:45.375546+00:00"}
{"asctime": "2025-08-19 19:45:45,394", "levelname": "INFO", "name": "AresGlobal.Step2.FeatureEngineering", "message": "🔍 Checking for required multi-timeframe data...", "correlation_id": "-", "session_id": "-", "timestamp": "2025-08-19T17:45:45.394392+00:00"}
{"asctime": "2025-08-19 19:45:45,394", "levelname": "INFO", "name": "AresGlobal.Step2.FeatureEngineering", "message": "✅ Found 5m data: data_cache/klines_BINANCE_ETHUSDT_5m_consolidated.parquet", "correlation_id": "-", "session_id": "-", "timestamp": "2025-08-19T17:45:45.394504+00:00"}
{"asctime": "2025-08-19 19:45:45,394", "levelname": "INFO", "name": "AresGlobal.Step2.FeatureEngineering", "message": "✅ Found 15m data: data_cache/klines_BINANCE_ETHUSDT_15m_consolidated.parquet", "correlation_id": "-", "session_id": "-", "timestamp": "2025-08-19T17:45:45.394605+00:00"}
{"asctime": "2025-08-19 19:45:45,394", "levelname": "INFO", "name": "AresGlobal.Step2.FeatureEngineering", "message": "✅ Found 30m data: data_cache/klines_BINANCE_ETHUSDT_30m_consolidated.parquet", "correlation_id": "-", "session_id": "-", "timestamp": "2025-08-19T17:45:45.394692+00:00"}
{"asctime": "2025-08-19 19:45:45,394", "levelname": "INFO", "name": "AresGlobal.Step2.FeatureEngineering", "message": "✅ All required timeframes are available", "correlation_id": "-", "session_id": "-", "timestamp": "2025-08-19T17:45:45.394772+00:00"}
{"asctime": "2025-08-19 19:45:45,394", "levelname": "INFO", "name": "AresGlobal.Step2.FeatureEngineering", "message": "🔧 No existing artifacts found - generating features", "correlation_id": "-", "session_id": "-", "timestamp": "2025-08-19T17:45:45.394902+00:00"}
{"asctime": "2025-08-19 19:45:45,402", "levelname": "INFO", "name": "AresGlobal.Step2.FeatureEngineering", "message": "📦 Loaded labeled train: 169864 rows", "correlation_id": "-", "session_id": "-", "timestamp": "2025-08-19T17:45:45.402689+00:00"}
{"asctime": "2025-08-19 19:45:45,406", "levelname": "INFO", "name": "AresGlobal.Step2.FeatureEngineering", "message": "📦 Loaded labeled validation: 36400 rows", "correlation_id": "-", "session_id": "-", "timestamp": "2025-08-19T17:45:45.406362+00:00"}
{"asctime": "2025-08-19 19:45:45,410", "levelname": "INFO", "name": "AresGlobal.Step2.FeatureEngineering", "message": "📦 Loaded labeled test: 36400 rows", "correlation_id": "-", "session_id": "-", "timestamp": "2025-08-19T17:45:45.410387+00:00"}
{"asctime": "2025-08-19 19:45:45,431", "levelname": "INFO", "name": "src.training.steps.step2_feature_engineering", "message": "➡️ Step2._extract_inputs start", "correlation_id": "7eb8532df6a04517947e04bdce63e3c2", "session_id": "-", "timestamp": "2025-08-19T17:45:45.431537+00:00"}
{"asctime": "2025-08-19 19:45:45,437", "levelname": "INFO", "name": "src.training.steps.step2_feature_engineering", "message": "✅ Step2._extract_inputs done", "correlation_id": "7eb8532df6a04517947e04bdce63e3c2", "session_id": "-", "result_len": 2, "timestamp": "2025-08-19T17:45:45.437705+00:00"}
{"asctime": "2025-08-19 19:45:45,437", "levelname": "INFO", "name": "src.training.steps.step2_feature_engineering", "message": "➡️ Step2._extract_inputs start", "correlation_id": "7eb8532df6a04517947e04bdce63e3c2", "session_id": "-", "timestamp": "2025-08-19T17:45:45.437908+00:00"}
{"asctime": "2025-08-19 19:45:45,440", "levelname": "INFO", "name": "src.training.steps.step2_feature_engineering", "message": "✅ Step2._extract_inputs done", "correlation_id": "7eb8532df6a04517947e04bdce63e3c2", "session_id": "-", "result_len": 2, "timestamp": "2025-08-19T17:45:45.440198+00:00"}
{"asctime": "2025-08-19 19:45:45,440", "levelname": "INFO", "name": "src.training.steps.step2_feature_engineering", "message": "➡️ Step2._extract_inputs start", "correlation_id": "7eb8532df6a04517947e04bdce63e3c2", "session_id": "-", "timestamp": "2025-08-19T17:45:45.440443+00:00"}
{"asctime": "2025-08-19 19:45:45,442", "levelname": "INFO", "name": "src.training.steps.step2_feature_engineering", "message": "✅ Step2._extract_inputs done", "correlation_id": "7eb8532df6a04517947e04bdce63e3c2", "session_id": "-", "result_len": 2, "timestamp": "2025-08-19T17:45:45.442280+00:00"}
{"asctime": "2025-08-19 19:45:45,444", "levelname": "INFO", "name": "AresGlobal.Step2.FeatureEngineering", "message": "🎯 Starting parallel feature engineering", "correlation_id": "7eb8532df6a04517947e04bdce63e3c2", "session_id": "-", "timestamp": "2025-08-19T17:45:45.444504+00:00"}
{"asctime": "2025-08-19 19:45:45,444", "levelname": "INFO", "name": "src.training.steps.step2_feature_engineering", "message": "➡️ Step2._load_or_build_sr_levels start", "correlation_id": "7eb8532df6a04517947e04bdce63e3c2", "session_id": "-", "timestamp": "2025-08-19T17:45:45.444608+00:00"}
{"asctime": "2025-08-19 19:45:45,447", "levelname": "INFO", "name": "src.training.steps.step2_feature_engineering", "message": "✅ Step2._load_or_build_sr_levels done", "correlation_id": "7eb8532df6a04517947e04bdce63e3c2", "session_id": "-", "result_len": 2, "timestamp": "2025-08-19T17:45:45.447172+00:00"}
{"asctime": "2025-08-19 19:45:45,447", "levelname": "INFO", "name": "src.training.steps.step2_feature_engineering", "message": "➡️ Step2._load_or_build_sr_levels start", "correlation_id": "7eb8532df6a04517947e04bdce63e3c2", "session_id": "-", "timestamp": "2025-08-19T17:45:45.447270+00:00"}
{"asctime": "2025-08-19 19:45:45,449", "levelname": "INFO", "name": "src.training.steps.step2_feature_engineering", "message": "✅ Step2._load_or_build_sr_levels done", "correlation_id": "7eb8532df6a04517947e04bdce63e3c2", "session_id": "-", "result_len": 2, "timestamp": "2025-08-19T17:45:45.449202+00:00"}
{"asctime": "2025-08-19 19:45:45,449", "levelname": "INFO", "name": "src.training.steps.step2_feature_engineering", "message": "➡️ Step2._load_or_build_sr_levels start", "correlation_id": "7eb8532df6a04517947e04bdce63e3c2", "session_id": "-", "timestamp": "2025-08-19T17:45:45.449295+00:00"}
{"asctime": "2025-08-19 19:45:45,450", "levelname": "INFO", "name": "src.training.steps.step2_feature_engineering", "message": "✅ Step2._load_or_build_sr_levels done", "correlation_id": "7eb8532df6a04517947e04bdce63e3c2", "session_id": "-", "result_len": 2, "timestamp": "2025-08-19T17:45:45.450975+00:00"}
{"asctime": "2025-08-19 19:45:45,451", "levelname": "INFO", "name": "AresGlobal.Step2.FeatureEngineering", "message": "🔧 Engineering features for train", "correlation_id": "7eb8532df6a04517947e04bdce63e3c2", "session_id": "-", "timestamp": "2025-08-19T17:45:45.451129+00:00"}
{"asctime": "2025-08-19 19:45:45,454", "levelname": "INFO", "name": "AresGlobal.RawDataQualityChecker", "message": "🔧 Enhanced preprocessing for BINANCE ETHUSDT", "correlation_id": "7eb8532df6a04517947e04bdce63e3c2", "session_id": "-", "timestamp": "2025-08-19T17:45:45.454127+00:00"}
{"asctime": "2025-08-19 19:45:45,454", "levelname": "INFO", "name": "AresGlobal.RawDataQualityChecker", "message": "   Expected interval: 60s", "correlation_id": "7eb8532df6a04517947e04bdce63e3c2", "session_id": "-", "timestamp": "2025-08-19T17:45:45.454235+00:00"}
{"asctime": "2025-08-19 19:45:45,454", "levelname": "INFO", "name": "AresGlobal.RawDataQualityChecker", "message": "   Max forward-fill: 10s", "correlation_id": "7eb8532df6a04517947e04bdce63e3c2", "session_id": "-", "timestamp": "2025-08-19T17:45:45.454323+00:00"}
{"asctime": "2025-08-19 19:45:45,454", "levelname": "INFO", "name": "AresGlobal.RawDataQualityChecker", "message": "   Download missing: True", "correlation_id": "7eb8532df6a04517947e04bdce63e3c2", "session_id": "-", "timestamp": "2025-08-19T17:45:45.454407+00:00"}
{"asctime": "2025-08-19 19:45:45,454", "levelname": "INFO", "name": "AresGlobal.RawDataQualityChecker", "message": "🔧 Step 1: Resampling to 60S intervals", "correlation_id": "7eb8532df6a04517947e04bdce63e3c2", "session_id": "-", "timestamp": "2025-08-19T17:45:45.454508+00:00"}
{"asctime": "2025-08-19 19:45:45,463", "levelname": "INFO", "name": "AresGlobal.RawDataQualityChecker", "message": "🔧 Step 2: Re-adding original data to preserve accuracy", "correlation_id": "7eb8532df6a04517947e04bdce63e3c2", "session_id": "-", "timestamp": "2025-08-19T17:45:45.463155+00:00"}
{"asctime": "2025-08-19 19:45:55,136", "levelname": "INFO", "name": "AresGlobal.RawDataQualityChecker", "message": "🔧 Step 3: Analyzing gaps and applying intelligent handling", "correlation_id": "7eb8532df6a04517947e04bdce63e3c2", "session_id": "-", "timestamp": "2025-08-19T17:45:55.136205+00:00"}
{"asctime": "2025-08-19 19:45:55,140", "levelname": "INFO", "name": "AresGlobal.RawDataQualityChecker", "message": "🔧 Step 5: Final forward-fill for 12865 remaining nulls", "correlation_id": "7eb8532df6a04517947e04bdce63e3c2", "session_id": "-", "timestamp": "2025-08-19T17:45:55.140932+00:00"}
{"asctime": "2025-08-19 19:45:55,146", "levelname": "INFO", "name": "AresGlobal.RawDataQualityChecker", "message": "✅ Enhanced preprocessing completed:", "correlation_id": "7eb8532df6a04517947e04bdce63e3c2", "session_id": "-", "timestamp": "2025-08-19T17:45:55.146072+00:00"}
{"asctime": "2025-08-19 19:45:55,146", "levelname": "INFO", "name": "AresGlobal.RawDataQualityChecker", "message": "   Original shape: (169864, 5)", "correlation_id": "7eb8532df6a04517947e04bdce63e3c2", "session_id": "-", "timestamp": "2025-08-19T17:45:55.146276+00:00"}
{"asctime": "2025-08-19 19:45:55,146", "levelname": "INFO", "name": "AresGlobal.RawDataQualityChecker", "message": "   Final shape: (172437, 5)", "correlation_id": "7eb8532df6a04517947e04bdce63e3c2", "session_id": "-", "timestamp": "2025-08-19T17:45:55.146373+00:00"}
{"asctime": "2025-08-19 19:45:55,146", "levelname": "INFO", "name": "AresGlobal.RawDataQualityChecker", "message": "   Remaining large gaps: 0", "correlation_id": "7eb8532df6a04517947e04bdce63e3c2", "session_id": "-", "timestamp": "2025-08-19T17:45:55.146457+00:00"}
{"asctime": "2025-08-19 19:45:55,148", "levelname": "INFO", "name": "AresGlobal.RawDataQualityChecker", "message": "   Data completeness: 1.000", "correlation_id": "7eb8532df6a04517947e04bdce63e3c2", "session_id": "-", "timestamp": "2025-08-19T17:45:55.148783+00:00"}
{"asctime": "2025-08-19 19:45:55,149", "levelname": "INFO", "name": "AresGlobal.RawDataQualityChecker", "message": "🔧 Enhanced preprocessing for BINANCE ETHUSDT", "correlation_id": "7eb8532df6a04517947e04bdce63e3c2", "session_id": "-", "timestamp": "2025-08-19T17:45:55.149631+00:00"}
{"asctime": "2025-08-19 19:45:55,149", "levelname": "INFO", "name": "AresGlobal.RawDataQualityChecker", "message": "   Expected interval: 60s", "correlation_id": "7eb8532df6a04517947e04bdce63e3c2", "session_id": "-", "timestamp": "2025-08-19T17:45:55.149722+00:00"}
{"asctime": "2025-08-19 19:45:55,149", "levelname": "INFO", "name": "AresGlobal.RawDataQualityChecker", "message": "   Max forward-fill: 10s", "correlation_id": "7eb8532df6a04517947e04bdce63e3c2", "session_id": "-", "timestamp": "2025-08-19T17:45:55.149802+00:00"}
{"asctime": "2025-08-19 19:45:55,149", "levelname": "INFO", "name": "AresGlobal.RawDataQualityChecker", "message": "   Download missing: True", "correlation_id": "7eb8532df6a04517947e04bdce63e3c2", "session_id": "-", "timestamp": "2025-08-19T17:45:55.149885+00:00"}
{"asctime": "2025-08-19 19:45:55,149", "levelname": "INFO", "name": "AresGlobal.RawDataQualityChecker", "message": "🔧 Step 1: Resampling to 60S intervals", "correlation_id": "7eb8532df6a04517947e04bdce63e3c2", "session_id": "-", "timestamp": "2025-08-19T17:45:55.149980+00:00"}
{"asctime": "2025-08-19 19:45:55,153", "levelname": "INFO", "name": "AresGlobal.RawDataQualityChecker", "message": "🔧 Step 2: Re-adding original data to preserve accuracy", "correlation_id": "7eb8532df6a04517947e04bdce63e3c2", "session_id": "-", "timestamp": "2025-08-19T17:45:55.153201+00:00"}
{"asctime": "2025-08-19 19:46:05,389", "levelname": "INFO", "name": "AresGlobal.RawDataQualityChecker", "message": "🔧 Step 3: Analyzing gaps and applying intelligent handling", "correlation_id": "7eb8532df6a04517947e04bdce63e3c2", "session_id": "-", "timestamp": "2025-08-19T17:46:05.389247+00:00"}
{"asctime": "2025-08-19 19:46:05,392", "levelname": "INFO", "name": "AresGlobal.RawDataQualityChecker", "message": "🔧 Step 5: Final forward-fill for 2573 remaining nulls", "correlation_id": "7eb8532df6a04517947e04bdce63e3c2", "session_id": "-", "timestamp": "2025-08-19T17:46:05.392757+00:00"}
{"asctime": "2025-08-19 19:46:05,395", "levelname": "INFO", "name": "AresGlobal.RawDataQualityChecker", "message": "✅ Enhanced preprocessing completed:", "correlation_id": "7eb8532df6a04517947e04bdce63e3c2", "session_id": "-", "timestamp": "2025-08-19T17:46:05.395833+00:00"}
{"asctime": "2025-08-19 19:46:05,396", "levelname": "INFO", "name": "AresGlobal.RawDataQualityChecker", "message": "   Original shape: (169864, 1)", "correlation_id": "7eb8532df6a04517947e04bdce63e3c2", "session_id": "-", "timestamp": "2025-08-19T17:46:05.396026+00:00"}
{"asctime": "2025-08-19 19:46:05,396", "levelname": "INFO", "name": "AresGlobal.RawDataQualityChecker", "message": "   Final shape: (172437, 1)", "correlation_id": "7eb8532df6a04517947e04bdce63e3c2", "session_id": "-", "timestamp": "2025-08-19T17:46:05.396120+00:00"}
{"asctime": "2025-08-19 19:46:05,396", "levelname": "INFO", "name": "AresGlobal.RawDataQualityChecker", "message": "   Remaining large gaps: 0", "correlation_id": "7eb8532df6a04517947e04bdce63e3c2", "session_id": "-", "timestamp": "2025-08-19T17:46:05.396208+00:00"}
{"asctime": "2025-08-19 19:46:05,396", "levelname": "INFO", "name": "AresGlobal.RawDataQualityChecker", "message": "   Data completeness: 1.000", "correlation_id": "7eb8532df6a04517947e04bdce63e3c2", "session_id": "-", "timestamp": "2025-08-19T17:46:05.396529+00:00"}
{"asctime": "2025-08-19 19:49:30,860", "levelname": "INFO", "name": "AresGlobal.DataQualityDecorator", "message": "🔍 [DATA QUALITY] Starting validation for analyze_correlations_vectorized", "correlation_id": "7eb8532df6a04517947e04bdce63e3c2", "session_id": "-", "timestamp": "2025-08-19T17:49:30.860373+00:00"}
{"asctime": "2025-08-19 19:49:30,861", "levelname": "INFO", "name": "AresGlobal.DataQualityDecorator", "message": "📊 [DATA QUALITY] Data type validation result for analyze_correlations_vectorized: klines_ohlcv", "correlation_id": "7eb8532df6a04517947e04bdce63e3c2", "session_id": "-", "timestamp": "2025-08-19T17:49:30.861113+00:00"}
{"asctime": "2025-08-19 19:49:30,861", "levelname": "INFO", "name": "AresGlobal.DataQualityDecorator", "message": "📊 [DATA QUALITY] Data type detected: klines_ohlcv for analyze_correlations_vectorized", "correlation_id": "7eb8532df6a04517947e04bdce63e3c2", "session_id": "-", "timestamp": "2025-08-19T17:49:30.861371+00:00"}
{"asctime": "2025-08-19 19:49:30,861", "levelname": "INFO", "name": "AresGlobal.DataQualityDecorator", "message": "🔍 [DATA QUALITY] Checking cache for analyze_correlations_vectorized", "correlation_id": "7eb8532df6a04517947e04bdce63e3c2", "session_id": "-", "timestamp": "2025-08-19T17:49:30.861572+00:00"}
{"asctime": "2025-08-19 19:49:30,861", "levelname": "INFO", "name": "AresGlobal.DataQualityDecorator", "message": "🔄 [DATA QUALITY] No valid cached result found for analyze_correlations_vectorized, proceeding with validation", "correlation_id": "7eb8532df6a04517947e04bdce63e3c2", "session_id": "-", "timestamp": "2025-08-19T17:49:30.861772+00:00"}
{"asctime": "2025-08-19 19:49:30,861", "levelname": "INFO", "name": "AresGlobal.DataQualityDecorator", "message": "🔍 [DATA QUALITY] Extracting symbol and exchange for analyze_correlations_vectorized", "correlation_id": "7eb8532df6a04517947e04bdce63e3c2", "session_id": "-", "timestamp": "2025-08-19T17:49:30.861923+00:00"}
{"asctime": "2025-08-19 19:49:30,862", "levelname": "INFO", "name": "AresGlobal.DataQualityDecorator", "message": "📊 [DATA QUALITY] Symbol: ETHUSDT, Exchange: BINANCE", "correlation_id": "7eb8532df6a04517947e04bdce63e3c2", "session_id": "-", "timestamp": "2025-08-19T17:49:30.862028+00:00"}
{"asctime": "2025-08-19 19:49:30,862", "levelname": "INFO", "name": "AresGlobal.DataQualityDecorator", "message": "🔍 [DATA QUALITY] Getting validation configuration for analyze_correlations_vectorized", "correlation_id": "7eb8532df6a04517947e04bdce63e3c2", "session_id": "-", "timestamp": "2025-08-19T17:49:30.862121+00:00"}
{"asctime": "2025-08-19 19:49:30,862", "levelname": "INFO", "name": "AresGlobal.DataQualityDecorator", "message": "📊 [DATA QUALITY] Validation config loaded for analyze_correlations_vectorized", "correlation_id": "7eb8532df6a04517947e04bdce63e3c2", "session_id": "-", "timestamp": "2025-08-19T17:49:30.862226+00:00"}
{"asctime": "2025-08-19 19:49:30,862", "levelname": "INFO", "name": "AresGlobal.DataQualityDecorator", "message": "🔍 [DATA QUALITY] Starting data quality validation for analyze_correlations_vectorized (ETHUSDT on BINANCE)", "correlation_id": "7eb8532df6a04517947e04bdce63e3c2", "session_id": "-", "timestamp": "2025-08-19T17:49:30.862326+00:00"}
{"asctime": "2025-08-19 19:49:30,862", "levelname": "INFO", "name": "AresGlobal.RawDataQualityChecker", "message": "🚀 validate_raw_data: Starting validation...", "correlation_id": "7eb8532df6a04517947e04bdce63e3c2", "session_id": "-", "timestamp": "2025-08-19T17:49:30.862499+00:00"}
{"asctime": "2025-08-19 19:49:30,866", "levelname": "INFO", "name": "AresGlobal.RawDataQualityChecker", "message": "🔍 Starting raw data quality validation for BINANCE ETHUSDT", "correlation_id": "7eb8532df6a04517947e04bdce63e3c2", "session_id": "-", "timestamp": "2025-08-19T17:49:30.866894+00:00"}
{"asctime": "2025-08-19 19:49:30,867", "levelname": "INFO", "name": "AresGlobal.RawDataQualityChecker", "message": "Validating data structure...", "correlation_id": "7eb8532df6a04517947e04bdce63e3c2", "session_id": "-", "timestamp": "2025-08-19T17:49:30.867121+00:00"}
{"asctime": "2025-08-19 19:49:30,867", "levelname": "INFO", "name": "AresGlobal.RawDataQualityChecker", "message": "Validating data completeness...", "correlation_id": "7eb8532df6a04517947e04bdce63e3c2", "session_id": "-", "timestamp": "2025-08-19T17:49:30.867342+00:00"}
{"asctime": "2025-08-19 19:49:30,874", "levelname": "INFO", "name": "AresGlobal.RawDataQualityChecker", "message": "Validating data integrity...", "correlation_id": "7eb8532df6a04517947e04bdce63e3c2", "session_id": "-", "timestamp": "2025-08-19T17:49:30.874260+00:00"}
{"asctime": "2025-08-19 19:49:30,881", "levelname": "INFO", "name": "AresGlobal.RawDataQualityChecker", "message": "Validating market-specific issues...", "correlation_id": "7eb8532df6a04517947e04bdce63e3c2", "session_id": "-", "timestamp": "2025-08-19T17:49:30.881401+00:00"}
{"asctime": "2025-08-19 19:49:30,886", "levelname": "INFO", "name": "AresGlobal.RawDataQualityChecker", "message": "Validating feature engineering requirements...", "correlation_id": "7eb8532df6a04517947e04bdce63e3c2", "session_id": "-", "timestamp": "2025-08-19T17:49:30.886775+00:00"}
{"asctime": "2025-08-19 19:49:30,923", "levelname": "INFO", "name": "AresGlobal.RawDataQualityChecker", "message": "✅ No irregular intervals detected (ratio: 0.000)", "correlation_id": "7eb8532df6a04517947e04bdce63e3c2", "session_id": "-", "timestamp": "2025-08-19T17:49:30.923499+00:00"}
{"asctime": "2025-08-19 19:49:30,929", "levelname": "INFO", "name": "AresGlobal.RawDataQualityChecker", "message": "✅ No large gaps found - data is continuous", "correlation_id": "7eb8532df6a04517947e04bdce63e3c2", "session_id": "-", "timestamp": "2025-08-19T17:49:30.929545+00:00"}
{"asctime": "2025-08-19 19:49:30,929", "levelname": "INFO", "name": "AresGlobal.RawDataQualityChecker", "message": "✅ Raw data validation passed for ETHUSDT (Score: 1.00)", "correlation_id": "7eb8532df6a04517947e04bdce63e3c2", "session_id": "-", "timestamp": "2025-08-19T17:49:30.929834+00:00"}
{"asctime": "2025-08-19 19:49:30,929", "levelname": "INFO", "name": "AresGlobal.RawDataQualityChecker", "message": "✅ PASSED validate_raw_data: Completed in 0.07s", "correlation_id": "7eb8532df6a04517947e04bdce63e3c2", "session_id": "-", "timestamp": "2025-08-19T17:49:30.929988+00:00"}
{"asctime": "2025-08-19 19:49:30,930", "levelname": "INFO", "name": "AresGlobal.DataQualityCache", "message": "💾 [CACHE] Cached validation result for analyze_correlations_vectorized", "correlation_id": "7eb8532df6a04517947e04bdce63e3c2", "session_id": "-", "timestamp": "2025-08-19T17:49:30.930130+00:00"}
{"asctime": "2025-08-19 19:49:30,930", "levelname": "INFO", "name": "AresGlobal.DataQualityDecorator", "message": "📊 [DATA QUALITY] Processing validation results for analyze_correlations_vectorized", "correlation_id": "7eb8532df6a04517947e04bdce63e3c2", "session_id": "-", "timestamp": "2025-08-19T17:49:30.930262+00:00"}
{"asctime": "2025-08-19 19:49:30,930", "levelname": "INFO", "name": "AresGlobal.DataQualityDecorator", "message": "   📊 Validation level: warning", "correlation_id": "7eb8532df6a04517947e04bdce63e3c2", "session_id": "-", "timestamp": "2025-08-19T17:49:30.930422+00:00"}
{"asctime": "2025-08-19 19:49:30,930", "levelname": "INFO", "name": "AresGlobal.DataQualityDecorator", "message": "   📊 Validation passed: True", "correlation_id": "7eb8532df6a04517947e04bdce63e3c2", "session_id": "-", "timestamp": "2025-08-19T17:49:30.930556+00:00"}
{"asctime": "2025-08-19 19:49:30,930", "levelname": "INFO", "name": "AresGlobal.DataQualityDecorator", "message": "   📊 Quality score: 1.00", "correlation_id": "7eb8532df6a04517947e04bdce63e3c2", "session_id": "-", "timestamp": "2025-08-19T17:49:30.930646+00:00"}
{"asctime": "2025-08-19 19:49:30,930", "levelname": "INFO", "name": "AresGlobal.DataQualityDecorator", "message": "   📊 Critical issues: 0", "correlation_id": "7eb8532df6a04517947e04bdce63e3c2", "session_id": "-", "timestamp": "2025-08-19T17:49:30.930734+00:00"}
{"asctime": "2025-08-19 19:49:30,930", "levelname": "INFO", "name": "AresGlobal.DataQualityDecorator", "message": "   📊 Warnings: 0", "correlation_id": "7eb8532df6a04517947e04bdce63e3c2", "session_id": "-", "timestamp": "2025-08-19T17:49:30.930823+00:00"}
{"asctime": "2025-08-19 19:49:30,930", "levelname": "INFO", "name": "AresGlobal.DataQualityDecorator", "message": "✅ [DATA QUALITY] WARNING validation passed for analyze_correlations_vectorized", "correlation_id": "7eb8532df6a04517947e04bdce63e3c2", "session_id": "-", "timestamp": "2025-08-19T17:49:30.930908+00:00"}
{"asctime": "2025-08-19 19:49:30,931", "levelname": "INFO", "name": "AresGlobal.DataQualityDecorator", "message": "🚀 [DATA QUALITY] Executing original function analyze_correlations_vectorized", "correlation_id": "7eb8532df6a04517947e04bdce63e3c2", "session_id": "-", "timestamp": "2025-08-19T17:49:30.931016+00:00"}
{"asctime": "2025-08-19 19:49:31,083", "levelname": "INFO", "name": "AresGlobal.DataQualityDecorator", "message": "✅ [DATA QUALITY] Completed validation for analyze_correlations_vectorized", "correlation_id": "7eb8532df6a04517947e04bdce63e3c2", "session_id": "-", "timestamp": "2025-08-19T17:49:31.083330+00:00"}
{"asctime": "2025-08-19 19:49:31,083", "levelname": "INFO", "name": "AresGlobal.DataQualityDecorator", "message": "🔍 [DATA QUALITY] Starting validation for analyze_momentum_vectorized", "correlation_id": "7eb8532df6a04517947e04bdce63e3c2", "session_id": "-", "timestamp": "2025-08-19T17:49:31.083912+00:00"}
{"asctime": "2025-08-19 19:49:31,084", "levelname": "INFO", "name": "AresGlobal.DataQualityDecorator", "message": "📊 [DATA QUALITY] Data type validation result for analyze_momentum_vectorized: klines_ohlcv", "correlation_id": "7eb8532df6a04517947e04bdce63e3c2", "session_id": "-", "timestamp": "2025-08-19T17:49:31.084079+00:00"}
{"asctime": "2025-08-19 19:49:31,084", "levelname": "INFO", "name": "AresGlobal.DataQualityDecorator", "message": "📊 [DATA QUALITY] Data type detected: klines_ohlcv for analyze_momentum_vectorized", "correlation_id": "7eb8532df6a04517947e04bdce63e3c2", "session_id": "-", "timestamp": "2025-08-19T17:49:31.084183+00:00"}
{"asctime": "2025-08-19 19:49:31,084", "levelname": "INFO", "name": "AresGlobal.DataQualityDecorator", "message": "🔍 [DATA QUALITY] Checking cache for analyze_momentum_vectorized", "correlation_id": "7eb8532df6a04517947e04bdce63e3c2", "session_id": "-", "timestamp": "2025-08-19T17:49:31.084269+00:00"}
{"asctime": "2025-08-19 19:49:31,084", "levelname": "INFO", "name": "AresGlobal.DataQualityDecorator", "message": "🔄 [DATA QUALITY] No valid cached result found for analyze_momentum_vectorized, proceeding with validation", "correlation_id": "7eb8532df6a04517947e04bdce63e3c2", "session_id": "-", "timestamp": "2025-08-19T17:49:31.084384+00:00"}
{"asctime": "2025-08-19 19:49:31,084", "levelname": "INFO", "name": "AresGlobal.DataQualityDecorator", "message": "🔍 [DATA QUALITY] Extracting symbol and exchange for analyze_momentum_vectorized", "correlation_id": "7eb8532df6a04517947e04bdce63e3c2", "session_id": "-", "timestamp": "2025-08-19T17:49:31.084470+00:00"}
{"asctime": "2025-08-19 19:49:31,084", "levelname": "INFO", "name": "AresGlobal.DataQualityDecorator", "message": "📊 [DATA QUALITY] Symbol: ETHUSDT, Exchange: BINANCE", "correlation_id": "7eb8532df6a04517947e04bdce63e3c2", "session_id": "-", "timestamp": "2025-08-19T17:49:31.084558+00:00"}
{"asctime": "2025-08-19 19:49:31,084", "levelname": "INFO", "name": "AresGlobal.DataQualityDecorator", "message": "🔍 [DATA QUALITY] Getting validation configuration for analyze_momentum_vectorized", "correlation_id": "7eb8532df6a04517947e04bdce63e3c2", "session_id": "-", "timestamp": "2025-08-19T17:49:31.084641+00:00"}
{"asctime": "2025-08-19 19:49:31,084", "levelname": "INFO", "name": "AresGlobal.DataQualityDecorator", "message": "📊 [DATA QUALITY] Validation config loaded for analyze_momentum_vectorized", "correlation_id": "7eb8532df6a04517947e04bdce63e3c2", "session_id": "-", "timestamp": "2025-08-19T17:49:31.084770+00:00"}
{"asctime": "2025-08-19 19:49:31,084", "levelname": "INFO", "name": "AresGlobal.DataQualityDecorator", "message": "🔍 [DATA QUALITY] Starting data quality validation for analyze_momentum_vectorized (ETHUSDT on BINANCE)", "correlation_id": "7eb8532df6a04517947e04bdce63e3c2", "session_id": "-", "timestamp": "2025-08-19T17:49:31.084896+00:00"}
{"asctime": "2025-08-19 19:49:31,085", "levelname": "INFO", "name": "AresGlobal.RawDataQualityChecker", "message": "🚀 validate_raw_data: Starting validation...", "correlation_id": "7eb8532df6a04517947e04bdce63e3c2", "session_id": "-", "timestamp": "2025-08-19T17:49:31.085015+00:00"}
{"asctime": "2025-08-19 19:49:31,088", "levelname": "INFO", "name": "AresGlobal.RawDataQualityChecker", "message": "🔍 Starting raw data quality validation for BINANCE ETHUSDT", "correlation_id": "7eb8532df6a04517947e04bdce63e3c2", "session_id": "-", "timestamp": "2025-08-19T17:49:31.088773+00:00"}
{"asctime": "2025-08-19 19:49:31,088", "levelname": "INFO", "name": "AresGlobal.RawDataQualityChecker", "message": "Validating data structure...", "correlation_id": "7eb8532df6a04517947e04bdce63e3c2", "session_id": "-", "timestamp": "2025-08-19T17:49:31.088971+00:00"}
{"asctime": "2025-08-19 19:49:31,089", "levelname": "INFO", "name": "AresGlobal.RawDataQualityChecker", "message": "Validating data completeness...", "correlation_id": "7eb8532df6a04517947e04bdce63e3c2", "session_id": "-", "timestamp": "2025-08-19T17:49:31.089202+00:00"}
{"asctime": "2025-08-19 19:49:31,096", "levelname": "INFO", "name": "AresGlobal.RawDataQualityChecker", "message": "Validating data integrity...", "correlation_id": "7eb8532df6a04517947e04bdce63e3c2", "session_id": "-", "timestamp": "2025-08-19T17:49:31.096413+00:00"}
{"asctime": "2025-08-19 19:49:31,102", "levelname": "INFO", "name": "AresGlobal.RawDataQualityChecker", "message": "Validating market-specific issues...", "correlation_id": "7eb8532df6a04517947e04bdce63e3c2", "session_id": "-", "timestamp": "2025-08-19T17:49:31.102761+00:00"}
{"asctime": "2025-08-19 19:49:31,106", "levelname": "INFO", "name": "AresGlobal.RawDataQualityChecker", "message": "Validating feature engineering requirements...", "correlation_id": "7eb8532df6a04517947e04bdce63e3c2", "session_id": "-", "timestamp": "2025-08-19T17:49:31.106702+00:00"}
{"asctime": "2025-08-19 19:49:31,142", "levelname": "INFO", "name": "AresGlobal.RawDataQualityChecker", "message": "✅ No irregular intervals detected (ratio: 0.000)", "correlation_id": "7eb8532df6a04517947e04bdce63e3c2", "session_id": "-", "timestamp": "2025-08-19T17:49:31.142605+00:00"}
{"asctime": "2025-08-19 19:49:31,148", "levelname": "INFO", "name": "AresGlobal.RawDataQualityChecker", "message": "✅ No large gaps found - data is continuous", "correlation_id": "7eb8532df6a04517947e04bdce63e3c2", "session_id": "-", "timestamp": "2025-08-19T17:49:31.148535+00:00"}
{"asctime": "2025-08-19 19:49:31,148", "levelname": "INFO", "name": "AresGlobal.RawDataQualityChecker", "message": "✅ Raw data validation passed for ETHUSDT (Score: 1.00)", "correlation_id": "7eb8532df6a04517947e04bdce63e3c2", "session_id": "-", "timestamp": "2025-08-19T17:49:31.148749+00:00"}
{"asctime": "2025-08-19 19:49:31,148", "levelname": "INFO", "name": "AresGlobal.RawDataQualityChecker", "message": "✅ PASSED validate_raw_data: Completed in 0.06s", "correlation_id": "7eb8532df6a04517947e04bdce63e3c2", "session_id": "-", "timestamp": "2025-08-19T17:49:31.148855+00:00"}
{"asctime": "2025-08-19 19:49:31,149", "levelname": "INFO", "name": "AresGlobal.DataQualityCache", "message": "💾 [CACHE] Cached validation result for analyze_momentum_vectorized", "correlation_id": "7eb8532df6a04517947e04bdce63e3c2", "session_id": "-", "timestamp": "2025-08-19T17:49:31.149040+00:00"}
{"asctime": "2025-08-19 19:49:31,149", "levelname": "INFO", "name": "AresGlobal.DataQualityDecorator", "message": "📊 [DATA QUALITY] Processing validation results for analyze_momentum_vectorized", "correlation_id": "7eb8532df6a04517947e04bdce63e3c2", "session_id": "-", "timestamp": "2025-08-19T17:49:31.149149+00:00"}
{"asctime": "2025-08-19 19:49:31,149", "levelname": "INFO", "name": "AresGlobal.DataQualityDecorator", "message": "   📊 Validation level: warning", "correlation_id": "7eb8532df6a04517947e04bdce63e3c2", "session_id": "-", "timestamp": "2025-08-19T17:49:31.149245+00:00"}
{"asctime": "2025-08-19 19:49:31,149", "levelname": "INFO", "name": "AresGlobal.DataQualityDecorator", "message": "   📊 Validation passed: True", "correlation_id": "7eb8532df6a04517947e04bdce63e3c2", "session_id": "-", "timestamp": "2025-08-19T17:49:31.149336+00:00"}
{"asctime": "2025-08-19 19:49:31,149", "levelname": "INFO", "name": "AresGlobal.DataQualityDecorator", "message": "   📊 Quality score: 1.00", "correlation_id": "7eb8532df6a04517947e04bdce63e3c2", "session_id": "-", "timestamp": "2025-08-19T17:49:31.149435+00:00"}
{"asctime": "2025-08-19 19:49:31,149", "levelname": "INFO", "name": "AresGlobal.DataQualityDecorator", "message": "   📊 Critical issues: 0", "correlation_id": "7eb8532df6a04517947e04bdce63e3c2", "session_id": "-", "timestamp": "2025-08-19T17:49:31.149521+00:00"}
{"asctime": "2025-08-19 19:49:31,149", "levelname": "INFO", "name": "AresGlobal.DataQualityDecorator", "message": "   📊 Warnings: 0", "correlation_id": "7eb8532df6a04517947e04bdce63e3c2", "session_id": "-", "timestamp": "2025-08-19T17:49:31.149608+00:00"}
{"asctime": "2025-08-19 19:49:31,149", "levelname": "INFO", "name": "AresGlobal.DataQualityDecorator", "message": "✅ [DATA QUALITY] WARNING validation passed for analyze_momentum_vectorized", "correlation_id": "7eb8532df6a04517947e04bdce63e3c2", "session_id": "-", "timestamp": "2025-08-19T17:49:31.149697+00:00"}
{"asctime": "2025-08-19 19:49:31,149", "levelname": "INFO", "name": "AresGlobal.DataQualityDecorator", "message": "🚀 [DATA QUALITY] Executing original function analyze_momentum_vectorized", "correlation_id": "7eb8532df6a04517947e04bdce63e3c2", "session_id": "-", "timestamp": "2025-08-19T17:49:31.149784+00:00"}
{"asctime": "2025-08-19 19:49:31,196", "levelname": "INFO", "name": "AresGlobal.DataQualityDecorator", "message": "✅ [DATA QUALITY] Completed validation for analyze_momentum_vectorized", "correlation_id": "7eb8532df6a04517947e04bdce63e3c2", "session_id": "-", "timestamp": "2025-08-19T17:49:31.196439+00:00"}
{"asctime": "2025-08-19 19:49:31,230", "levelname": "INFO", "name": "AresGlobal.DataQualityDecorator", "message": "🔍 [DATA QUALITY] Starting validation for analyze_patterns", "correlation_id": "7eb8532df6a04517947e04bdce63e3c2", "session_id": "-", "timestamp": "2025-08-19T17:49:31.230182+00:00"}
{"asctime": "2025-08-19 19:49:31,230", "levelname": "INFO", "name": "AresGlobal.DataQualityDecorator", "message": "📊 [DATA QUALITY] Data type validation result for analyze_patterns: klines_ohlcv", "correlation_id": "7eb8532df6a04517947e04bdce63e3c2", "session_id": "-", "timestamp": "2025-08-19T17:49:31.230392+00:00"}
{"asctime": "2025-08-19 19:49:31,230", "levelname": "INFO", "name": "AresGlobal.DataQualityDecorator", "message": "📊 [DATA QUALITY] Data type detected: klines_ohlcv for analyze_patterns", "correlation_id": "7eb8532df6a04517947e04bdce63e3c2", "session_id": "-", "timestamp": "2025-08-19T17:49:31.230486+00:00"}
{"asctime": "2025-08-19 19:49:31,230", "levelname": "INFO", "name": "AresGlobal.DataQualityDecorator", "message": "🔍 [DATA QUALITY] Checking cache for analyze_patterns", "correlation_id": "7eb8532df6a04517947e04bdce63e3c2", "session_id": "-", "timestamp": "2025-08-19T17:49:31.230573+00:00"}
{"asctime": "2025-08-19 19:49:31,230", "levelname": "INFO", "name": "AresGlobal.DataQualityDecorator", "message": "🔄 [DATA QUALITY] No valid cached result found for analyze_patterns, proceeding with validation", "correlation_id": "7eb8532df6a04517947e04bdce63e3c2", "session_id": "-", "timestamp": "2025-08-19T17:49:31.230689+00:00"}
{"asctime": "2025-08-19 19:49:31,230", "levelname": "INFO", "name": "AresGlobal.DataQualityDecorator", "message": "🔍 [DATA QUALITY] Extracting symbol and exchange for analyze_patterns", "correlation_id": "7eb8532df6a04517947e04bdce63e3c2", "session_id": "-", "timestamp": "2025-08-19T17:49:31.230782+00:00"}
{"asctime": "2025-08-19 19:49:31,230", "levelname": "INFO", "name": "AresGlobal.DataQualityDecorator", "message": "📊 [DATA QUALITY] Symbol: ETHUSDT, Exchange: BINANCE", "correlation_id": "7eb8532df6a04517947e04bdce63e3c2", "session_id": "-", "timestamp": "2025-08-19T17:49:31.230871+00:00"}
{"asctime": "2025-08-19 19:49:31,230", "levelname": "INFO", "name": "AresGlobal.DataQualityDecorator", "message": "🔍 [DATA QUALITY] Getting validation configuration for analyze_patterns", "correlation_id": "7eb8532df6a04517947e04bdce63e3c2", "session_id": "-", "timestamp": "2025-08-19T17:49:31.230953+00:00"}
{"asctime": "2025-08-19 19:49:31,231", "levelname": "INFO", "name": "AresGlobal.DataQualityDecorator", "message": "📊 [DATA QUALITY] Validation config loaded for analyze_patterns", "correlation_id": "7eb8532df6a04517947e04bdce63e3c2", "session_id": "-", "timestamp": "2025-08-19T17:49:31.231059+00:00"}
{"asctime": "2025-08-19 19:49:31,231", "levelname": "INFO", "name": "AresGlobal.DataQualityDecorator", "message": "🔍 [DATA QUALITY] Starting data quality validation for analyze_patterns (ETHUSDT on BINANCE)", "correlation_id": "7eb8532df6a04517947e04bdce63e3c2", "session_id": "-", "timestamp": "2025-08-19T17:49:31.231150+00:00"}
{"asctime": "2025-08-19 19:49:31,231", "levelname": "INFO", "name": "AresGlobal.RawDataQualityChecker", "message": "🚀 validate_raw_data: Starting validation...", "correlation_id": "7eb8532df6a04517947e04bdce63e3c2", "session_id": "-", "timestamp": "2025-08-19T17:49:31.231256+00:00"}
{"asctime": "2025-08-19 19:49:31,233", "levelname": "INFO", "name": "AresGlobal.RawDataQualityChecker", "message": "🔍 Starting raw data quality validation for BINANCE ETHUSDT", "correlation_id": "7eb8532df6a04517947e04bdce63e3c2", "session_id": "-", "timestamp": "2025-08-19T17:49:31.233782+00:00"}
{"asctime": "2025-08-19 19:49:31,233", "levelname": "INFO", "name": "AresGlobal.RawDataQualityChecker", "message": "Validating data structure...", "correlation_id": "7eb8532df6a04517947e04bdce63e3c2", "session_id": "-", "timestamp": "2025-08-19T17:49:31.233967+00:00"}
{"asctime": "2025-08-19 19:49:31,234", "levelname": "INFO", "name": "AresGlobal.RawDataQualityChecker", "message": "Validating data completeness...", "correlation_id": "7eb8532df6a04517947e04bdce63e3c2", "session_id": "-", "timestamp": "2025-08-19T17:49:31.234156+00:00"}
{"asctime": "2025-08-19 19:49:31,237", "levelname": "INFO", "name": "AresGlobal.RawDataQualityChecker", "message": "Validating data integrity...", "correlation_id": "7eb8532df6a04517947e04bdce63e3c2", "session_id": "-", "timestamp": "2025-08-19T17:49:31.237995+00:00"}
{"asctime": "2025-08-19 19:49:31,242", "levelname": "INFO", "name": "AresGlobal.RawDataQualityChecker", "message": "Validating market-specific issues...", "correlation_id": "7eb8532df6a04517947e04bdce63e3c2", "session_id": "-", "timestamp": "2025-08-19T17:49:31.242067+00:00"}
{"asctime": "2025-08-19 19:49:31,246", "levelname": "INFO", "name": "AresGlobal.RawDataQualityChecker", "message": "Validating feature engineering requirements...", "correlation_id": "7eb8532df6a04517947e04bdce63e3c2", "session_id": "-", "timestamp": "2025-08-19T17:49:31.246696+00:00"}
{"asctime": "2025-08-19 19:49:31,274", "levelname": "INFO", "name": "AresGlobal.RawDataQualityChecker", "message": "✅ No irregular intervals detected (ratio: 0.000)", "correlation_id": "7eb8532df6a04517947e04bdce63e3c2", "session_id": "-", "timestamp": "2025-08-19T17:49:31.274434+00:00"}
{"asctime": "2025-08-19 19:49:31,278", "levelname": "INFO", "name": "AresGlobal.RawDataQualityChecker", "message": "✅ No large gaps found - data is continuous", "correlation_id": "7eb8532df6a04517947e04bdce63e3c2", "session_id": "-", "timestamp": "2025-08-19T17:49:31.278458+00:00"}
{"asctime": "2025-08-19 19:49:31,278", "levelname": "INFO", "name": "AresGlobal.RawDataQualityChecker", "message": "✅ Raw data validation passed for ETHUSDT (Score: 1.00)", "correlation_id": "7eb8532df6a04517947e04bdce63e3c2", "session_id": "-", "timestamp": "2025-08-19T17:49:31.278796+00:00"}
{"asctime": "2025-08-19 19:49:31,278", "levelname": "INFO", "name": "AresGlobal.RawDataQualityChecker", "message": "✅ PASSED validate_raw_data: Completed in 0.05s", "correlation_id": "7eb8532df6a04517947e04bdce63e3c2", "session_id": "-", "timestamp": "2025-08-19T17:49:31.278905+00:00"}
{"asctime": "2025-08-19 19:49:31,279", "levelname": "INFO", "name": "AresGlobal.DataQualityCache", "message": "💾 [CACHE] Cached validation result for analyze_patterns", "correlation_id": "7eb8532df6a04517947e04bdce63e3c2", "session_id": "-", "timestamp": "2025-08-19T17:49:31.279038+00:00"}
{"asctime": "2025-08-19 19:49:31,279", "levelname": "INFO", "name": "AresGlobal.DataQualityDecorator", "message": "📊 [DATA QUALITY] Processing validation results for analyze_patterns", "correlation_id": "7eb8532df6a04517947e04bdce63e3c2", "session_id": "-", "timestamp": "2025-08-19T17:49:31.279154+00:00"}
{"asctime": "2025-08-19 19:49:31,279", "levelname": "INFO", "name": "AresGlobal.DataQualityDecorator", "message": "   📊 Validation level: warning", "correlation_id": "7eb8532df6a04517947e04bdce63e3c2", "session_id": "-", "timestamp": "2025-08-19T17:49:31.279398+00:00"}
{"asctime": "2025-08-19 19:49:31,279", "levelname": "INFO", "name": "AresGlobal.DataQualityDecorator", "message": "   📊 Validation passed: True", "correlation_id": "7eb8532df6a04517947e04bdce63e3c2", "session_id": "-", "timestamp": "2025-08-19T17:49:31.279506+00:00"}
{"asctime": "2025-08-19 19:49:31,279", "levelname": "INFO", "name": "AresGlobal.DataQualityDecorator", "message": "   📊 Quality score: 1.00", "correlation_id": "7eb8532df6a04517947e04bdce63e3c2", "session_id": "-", "timestamp": "2025-08-19T17:49:31.279601+00:00"}
{"asctime": "2025-08-19 19:49:31,279", "levelname": "INFO", "name": "AresGlobal.DataQualityDecorator", "message": "   📊 Critical issues: 0", "correlation_id": "7eb8532df6a04517947e04bdce63e3c2", "session_id": "-", "timestamp": "2025-08-19T17:49:31.279689+00:00"}
{"asctime": "2025-08-19 19:49:31,279", "levelname": "INFO", "name": "AresGlobal.DataQualityDecorator", "message": "   📊 Warnings: 0", "correlation_id": "7eb8532df6a04517947e04bdce63e3c2", "session_id": "-", "timestamp": "2025-08-19T17:49:31.279777+00:00"}
{"asctime": "2025-08-19 19:49:31,279", "levelname": "INFO", "name": "AresGlobal.DataQualityDecorator", "message": "✅ [DATA QUALITY] WARNING validation passed for analyze_patterns", "correlation_id": "7eb8532df6a04517947e04bdce63e3c2", "session_id": "-", "timestamp": "2025-08-19T17:49:31.279867+00:00"}
{"asctime": "2025-08-19 19:49:31,279", "levelname": "INFO", "name": "AresGlobal.DataQualityDecorator", "message": "🚀 [DATA QUALITY] Executing original function analyze_patterns", "correlation_id": "7eb8532df6a04517947e04bdce63e3c2", "session_id": "-", "timestamp": "2025-08-19T17:49:31.279957+00:00"}
{"asctime": "2025-08-19 19:49:31,285", "levelname": "INFO", "name": "AresGlobal.DataQualityDecorator", "message": "✅ [DATA QUALITY] Completed validation for analyze_patterns", "correlation_id": "7eb8532df6a04517947e04bdce63e3c2", "session_id": "-", "timestamp": "2025-08-19T17:49:31.285993+00:00"}
{"asctime": "2025-08-19 19:49:58,793", "levelname": "INFO", "name": "AresGlobal.SRBreakoutPredictor", "message": "🚀 Initializing enhanced SR breakout predictor...", "correlation_id": "7eb8532df6a04517947e04bdce63e3c2", "session_id": "-", "timestamp": "2025-08-19T17:49:58.793990+00:00"}
{"asctime": "2025-08-19 19:49:58,794", "levelname": "INFO", "name": "AresGlobal.UnifiedRegimeClassifier", "message": "", "correlation_id": "7eb8532df6a04517947e04bdce63e3c2", "session_id": "-", "msg": "UnifiedRegimeClassifier configuration loaded", "exchange": "UNKNOWN", "symbol": "UNKNOWN", "n_states_configured": 3, "n_states_enforced_min": 3, "target_timeframe": "1h", "volatility_period": 10, "min_data_points_default": 1000, "timestamp": "2025-08-19T17:49:58.794247+00:00"}
{"asctime": "2025-08-19 19:49:58,794", "levelname": "INFO", "name": "AresGlobal.UnifiedRegimeClassifier", "message": "", "correlation_id": "7eb8532df6a04517947e04bdce63e3c2", "session_id": "-", "msg": "Regime classification thresholds", "thresholds": {"adx_sideways_threshold": 18, "volatility_threshold": 0.025, "atr_normalized_threshold": 0.035, "volatility_percentile_threshold": 0.8, "bb_width_volatility_threshold": 0.045}, "timestamp": "2025-08-19T17:49:58.794357+00:00"}
{"asctime": "2025-08-19 19:49:58,794", "levelname": "INFO", "name": "AresGlobal.UnifiedRegimeClassifier", "message": "🔧 BLANK MODE DETECTED: Using reduced minimum data points (50)", "correlation_id": "7eb8532df6a04517947e04bdce63e3c2", "session_id": "-", "timestamp": "2025-08-19T17:49:58.794480+00:00"}
{"asctime": "2025-08-19 19:49:58,794", "levelname": "INFO", "name": "AresGlobal.UnifiedRegimeClassifier", "message": "", "correlation_id": "7eb8532df6a04517947e04bdce63e3c2", "session_id": "-", "msg": "Model paths configured", "model_dir": "/Users/remyroche/Documents/Ares/checkpoints/analyst_models", "hmm_model_path": "/Users/remyroche/Documents/Ares/checkpoints/analyst_models/unified_hmm_model_UNKNOWN_UNKNOWN_1h.joblib", "ensemble_model_path": "/Users/remyroche/Documents/Ares/checkpoints/analyst_models/unified_ensemble_model_UNKNOWN_UNKNOWN_1h.joblib", "location_model_path": "/Users/remyroche/Documents/Ares/checkpoints/analyst_models/unified_location_model_UNKNOWN_UNKNOWN_1h.joblib", "timestamp": "2025-08-19T17:49:58.794680+00:00"}
{"asctime": "2025-08-19 19:49:58,794", "levelname": "INFO", "name": "AresGlobal.UnifiedRegimeClassifier", "message": "✅ UnifiedRegimeClassifier initialized successfully", "correlation_id": "7eb8532df6a04517947e04bdce63e3c2", "session_id": "-", "timestamp": "2025-08-19T17:49:58.794783+00:00"}
{"asctime": "2025-08-19 19:49:58,794", "levelname": "INFO", "name": "AresGlobal.SRBreakoutPredictor", "message": "✅ Enhanced SR breakout predictor initialized successfully", "correlation_id": "7eb8532df6a04517947e04bdce63e3c2", "session_id": "-", "timestamp": "2025-08-19T17:49:58.794875+00:00"}
{"asctime": "2025-08-19 19:49:58,795", "levelname": "WARNING", "name": "AresGlobal.SRBreakoutPredictor", "message": "⚠️ No S/R levels available, generating basic features", "correlation_id": "7eb8532df6a04517947e04bdce63e3c2", "session_id": "-", "timestamp": "2025-08-19T17:49:58.795395+00:00"}
{"asctime": "2025-08-19 19:51:03,667", "levelname": "INFO", "name": "src.utils.intelligent_feature_cache", "message": "🔧 Initialized IntelligentFeatureCache:", "correlation_id": "7eb8532df6a04517947e04bdce63e3c2", "session_id": "-", "timestamp": "2025-08-19T17:51:03.667970+00:00"}
{"asctime": "2025-08-19 19:51:03,668", "levelname": "INFO", "name": "src.utils.intelligent_feature_cache", "message": "   Cache directory: data_cache/feature_cache", "correlation_id": "7eb8532df6a04517947e04bdce63e3c2", "session_id": "-", "timestamp": "2025-08-19T17:51:03.668077+00:00"}
{"asctime": "2025-08-19 19:51:03,668", "levelname": "INFO", "name": "src.utils.intelligent_feature_cache", "message": "   Max memory: 2048 MB", "correlation_id": "7eb8532df6a04517947e04bdce63e3c2", "session_id": "-", "timestamp": "2025-08-19T17:51:03.668126+00:00"}
{"asctime": "2025-08-19 19:51:03,668", "levelname": "INFO", "name": "src.utils.intelligent_feature_cache", "message": "   Max cache size: 1024 MB", "correlation_id": "7eb8532df6a04517947e04bdce63e3c2", "session_id": "-", "timestamp": "2025-08-19T17:51:03.668166+00:00"}
{"asctime": "2025-08-19 19:51:03,668", "levelname": "INFO", "name": "src.utils.intelligent_feature_cache", "message": "   Compression: True", "correlation_id": "7eb8532df6a04517947e04bdce63e3c2", "session_id": "-", "timestamp": "2025-08-19T17:51:03.668204+00:00"}
{"asctime": "2025-08-19 19:51:03,688", "levelname": "INFO", "name": "src.utils.intelligent_feature_cache", "message": "🔄 Computing _engineer_multi_timeframe_features_vectorized (cache miss)", "correlation_id": "7eb8532df6a04517947e04bdce63e3c2", "session_id": "-", "timestamp": "2025-08-19T17:51:03.688725+00:00"}
{"asctime": "2025-08-19 19:51:03,719", "levelname": "INFO", "name": "src.utils.parallel_processing_optimizer", "message": "🍎 Detected Mac M1 - applying M1-specific optimizations", "correlation_id": "7eb8532df6a04517947e04bdce63e3c2", "session_id": "-", "timestamp": "2025-08-19T17:51:03.719089+00:00"}
{"asctime": "2025-08-19 19:51:03,719", "levelname": "INFO", "name": "src.utils.parallel_processing_optimizer", "message": "🔧 Initialized MacM1ParallelOptimizer:", "correlation_id": "7eb8532df6a04517947e04bdce63e3c2", "session_id": "-", "timestamp": "2025-08-19T17:51:03.719352+00:00"}
{"asctime": "2025-08-19 19:51:03,719", "levelname": "INFO", "name": "src.utils.parallel_processing_optimizer", "message": "   Max workers: 4", "correlation_id": "7eb8532df6a04517947e04bdce63e3c2", "session_id": "-", "timestamp": "2025-08-19T17:51:03.719404+00:00"}
{"asctime": "2025-08-19 19:51:03,719", "levelname": "INFO", "name": "src.utils.parallel_processing_optimizer", "message": "   Chunk size: 1000", "correlation_id": "7eb8532df6a04517947e04bdce63e3c2", "session_id": "-", "timestamp": "2025-08-19T17:51:03.719450+00:00"}
{"asctime": "2025-08-19 19:51:03,719", "levelname": "INFO", "name": "src.utils.parallel_processing_optimizer", "message": "   Pool type: Process", "correlation_id": "7eb8532df6a04517947e04bdce63e3c2", "session_id": "-", "timestamp": "2025-08-19T17:51:03.719487+00:00"}
{"asctime": "2025-08-19 19:51:03,719", "levelname": "INFO", "name": "src.utils.parallel_processing_optimizer", "message": "   Memory limit per worker: 4096 MB", "correlation_id": "7eb8532df6a04517947e04bdce63e3c2", "session_id": "-", "timestamp": "2025-08-19T17:51:03.719521+00:00"}
{"asctime": "2025-08-19 19:51:03,719", "levelname": "INFO", "name": "src.utils.parallel_processing_optimizer", "message": "   M1 Mac detected: True", "correlation_id": "7eb8532df6a04517947e04bdce63e3c2", "session_id": "-", "timestamp": "2025-08-19T17:51:03.719558+00:00"}
{"asctime": "2025-08-19 19:51:03,719", "levelname": "INFO", "name": "src.utils.parallel_processing_optimizer", "message": "💻 System Information:", "correlation_id": "7eb8532df6a04517947e04bdce63e3c2", "session_id": "-", "timestamp": "2025-08-19T17:51:03.719671+00:00"}
{"asctime": "2025-08-19 19:51:03,719", "levelname": "INFO", "name": "src.utils.parallel_processing_optimizer", "message": "   CPU cores: 8", "correlation_id": "7eb8532df6a04517947e04bdce63e3c2", "session_id": "-", "timestamp": "2025-08-19T17:51:03.719711+00:00"}
{"asctime": "2025-08-19 19:51:03,719", "levelname": "INFO", "name": "src.utils.parallel_processing_optimizer", "message": "   Total memory: 16.0 GB", "correlation_id": "7eb8532df6a04517947e04bdce63e3c2", "session_id": "-", "timestamp": "2025-08-19T17:51:03.719750+00:00"}
{"asctime": "2025-08-19 19:51:03,719", "levelname": "INFO", "name": "src.utils.parallel_processing_optimizer", "message": "   M1 Mac: True", "correlation_id": "7eb8532df6a04517947e04bdce63e3c2", "session_id": "-", "timestamp": "2025-08-19T17:51:03.719783+00:00"}
{"asctime": "2025-08-19 19:51:03,719", "levelname": "INFO", "name": "src.utils.parallel_processing_optimizer", "message": "   Max workers: 4", "correlation_id": "7eb8532df6a04517947e04bdce63e3c2", "session_id": "-", "timestamp": "2025-08-19T17:51:03.719815+00:00"}
{"asctime": "2025-08-19 19:51:03,719", "levelname": "INFO", "name": "src.utils.parallel_processing_optimizer", "message": "   Chunk size: 1000", "correlation_id": "7eb8532df6a04517947e04bdce63e3c2", "session_id": "-", "timestamp": "2025-08-19T17:51:03.719849+00:00"}
{"asctime": "2025-08-19 19:51:03,719", "levelname": "INFO", "name": "src.utils.parallel_processing_optimizer", "message": "   Memory limit per worker: 4096 MB", "correlation_id": "7eb8532df6a04517947e04bdce63e3c2", "session_id": "-", "timestamp": "2025-08-19T17:51:03.719880+00:00"}
{"asctime": "2025-08-19 19:51:03,719", "levelname": "INFO", "name": "src.utils.parallel_processing_optimizer", "message": "🍎 Applied Mac M1 specific optimizations", "correlation_id": "7eb8532df6a04517947e04bdce63e3c2", "session_id": "-", "timestamp": "2025-08-19T17:51:03.719940+00:00"}
{"asctime": "2025-08-19 19:51:03,719", "levelname": "INFO", "name": "src.utils.parallel_processing_optimizer", "message": "   Set OMP_NUM_THREADS=4", "correlation_id": "7eb8532df6a04517947e04bdce63e3c2", "session_id": "-", "timestamp": "2025-08-19T17:51:03.719977+00:00"}
{"asctime": "2025-08-19 19:51:03,720", "levelname": "INFO", "name": "src.utils.parallel_processing_optimizer", "message": "   Set MKL_NUM_THREADS=4", "correlation_id": "7eb8532df6a04517947e04bdce63e3c2", "session_id": "-", "timestamp": "2025-08-19T17:51:03.720009+00:00"}
{"asctime": "2025-08-19 19:51:03,720", "levelname": "INFO", "name": "src.utils.parallel_processing_optimizer", "message": "   Set OPENBLAS_NUM_THREADS=4", "correlation_id": "7eb8532df6a04517947e04bdce63e3c2", "session_id": "-", "timestamp": "2025-08-19T17:51:03.720041+00:00"}
{"asctime": "2025-08-19 19:51:03,736", "levelname": "INFO", "name": "src.utils.data_type_optimizer", "message": "🔧 Optimizing data types - Initial memory: 7.89 MB", "correlation_id": "7eb8532df6a04517947e04bdce63e3c2", "session_id": "-", "timestamp": "2025-08-19T17:51:03.736396+00:00"}
{"asctime": "2025-08-19 19:51:03,743", "levelname": "INFO", "name": "src.utils.data_type_optimizer", "message": "🔧 Data type optimization complete:", "correlation_id": "7eb8532df6a04517947e04bdce63e3c2", "session_id": "-", "timestamp": "2025-08-19T17:51:03.743029+00:00"}
{"asctime": "2025-08-19 19:51:03,743", "levelname": "INFO", "name": "src.utils.data_type_optimizer", "message": "   Initial memory: 7.89 MB", "correlation_id": "7eb8532df6a04517947e04bdce63e3c2", "session_id": "-", "timestamp": "2025-08-19T17:51:03.743207+00:00"}
{"asctime": "2025-08-19 19:51:03,743", "levelname": "INFO", "name": "src.utils.data_type_optimizer", "message": "   Final memory: 4.60 MB", "correlation_id": "7eb8532df6a04517947e04bdce63e3c2", "session_id": "-", "timestamp": "2025-08-19T17:51:03.743264+00:00"}
{"asctime": "2025-08-19 19:51:03,743", "levelname": "INFO", "name": "src.utils.data_type_optimizer", "message": "   Memory reduction: 41.7%", "correlation_id": "7eb8532df6a04517947e04bdce63e3c2", "session_id": "-", "timestamp": "2025-08-19T17:51:03.743309+00:00"}
{"asctime": "2025-08-19 19:51:03,743", "levelname": "INFO", "name": "src.utils.data_type_optimizer", "message": "🔧 Optimizing data types - Initial memory: 2.63 MB", "correlation_id": "7eb8532df6a04517947e04bdce63e3c2", "session_id": "-", "timestamp": "2025-08-19T17:51:03.743540+00:00"}
{"asctime": "2025-08-19 19:51:03,744", "levelname": "INFO", "name": "src.utils.data_type_optimizer", "message": "🔧 Data type optimization complete:", "correlation_id": "7eb8532df6a04517947e04bdce63e3c2", "session_id": "-", "timestamp": "2025-08-19T17:51:03.744793+00:00"}
{"asctime": "2025-08-19 19:51:03,744", "levelname": "INFO", "name": "src.utils.data_type_optimizer", "message": "   Initial memory: 2.63 MB", "correlation_id": "7eb8532df6a04517947e04bdce63e3c2", "session_id": "-", "timestamp": "2025-08-19T17:51:03.744941+00:00"}
{"asctime": "2025-08-19 19:51:03,744", "levelname": "INFO", "name": "src.utils.data_type_optimizer", "message": "   Final memory: 1.97 MB", "correlation_id": "7eb8532df6a04517947e04bdce63e3c2", "session_id": "-", "timestamp": "2025-08-19T17:51:03.744986+00:00"}
{"asctime": "2025-08-19 19:51:03,745", "levelname": "INFO", "name": "src.utils.data_type_optimizer", "message": "   Memory reduction: 25.0%", "correlation_id": "7eb8532df6a04517947e04bdce63e3c2", "session_id": "-", "timestamp": "2025-08-19T17:51:03.745024+00:00"}
{"asctime": "2025-08-19 19:51:04,055", "levelname": "DEBUG", "name": "src.utils.intelligent_feature_cache", "message": "💾 Saved to disk cache: 82caa7cb8e90ddd17f0a615d870bfa78", "correlation_id": "7eb8532df6a04517947e04bdce63e3c2", "session_id": "-", "timestamp": "2025-08-19T17:51:04.055320+00:00"}
{"asctime": "2025-08-19 19:52:30,881", "levelname": "INFO", "name": "src.training.steps.step2_feature_engineering", "message": "➡️ Step2._generate_comprehensive_sr_features start", "correlation_id": "7eb8532df6a04517947e04bdce63e3c2", "session_id": "-", "timestamp": "2025-08-19T17:52:30.881382+00:00"}
{"asctime": "2025-08-19 19:52:30,882", "levelname": "INFO", "name": "AresGlobal.SRBreakoutPredictor", "message": "🚀 Initializing enhanced SR breakout predictor...", "correlation_id": "7eb8532df6a04517947e04bdce63e3c2", "session_id": "-", "timestamp": "2025-08-19T17:52:30.882397+00:00"}
{"asctime": "2025-08-19 19:52:30,882", "levelname": "INFO", "name": "AresGlobal.UnifiedRegimeClassifier", "message": "", "correlation_id": "7eb8532df6a04517947e04bdce63e3c2", "session_id": "-", "msg": "UnifiedRegimeClassifier configuration loaded", "exchange": "UNKNOWN", "symbol": "UNKNOWN", "n_states_configured": 3, "n_states_enforced_min": 3, "target_timeframe": "1h", "volatility_period": 10, "min_data_points_default": 1000, "timestamp": "2025-08-19T17:52:30.882806+00:00"}
{"asctime": "2025-08-19 19:52:30,883", "levelname": "INFO", "name": "AresGlobal.UnifiedRegimeClassifier", "message": "", "correlation_id": "7eb8532df6a04517947e04bdce63e3c2", "session_id": "-", "msg": "Regime classification thresholds", "thresholds": {"adx_sideways_threshold": 18, "volatility_threshold": 0.025, "atr_normalized_threshold": 0.035, "volatility_percentile_threshold": 0.8, "bb_width_volatility_threshold": 0.045}, "timestamp": "2025-08-19T17:52:30.883161+00:00"}
{"asctime": "2025-08-19 19:52:30,883", "levelname": "INFO", "name": "AresGlobal.UnifiedRegimeClassifier", "message": "🔧 BLANK MODE DETECTED: Using reduced minimum data points (50)", "correlation_id": "7eb8532df6a04517947e04bdce63e3c2", "session_id": "-", "timestamp": "2025-08-19T17:52:30.883308+00:00"}
{"asctime": "2025-08-19 19:52:30,883", "levelname": "INFO", "name": "AresGlobal.UnifiedRegimeClassifier", "message": "", "correlation_id": "7eb8532df6a04517947e04bdce63e3c2", "session_id": "-", "msg": "Model paths configured", "model_dir": "/Users/remyroche/Documents/Ares/checkpoints/analyst_models", "hmm_model_path": "/Users/remyroche/Documents/Ares/checkpoints/analyst_models/unified_hmm_model_UNKNOWN_UNKNOWN_1h.joblib", "ensemble_model_path": "/Users/remyroche/Documents/Ares/checkpoints/analyst_models/unified_ensemble_model_UNKNOWN_UNKNOWN_1h.joblib", "location_model_path": "/Users/remyroche/Documents/Ares/checkpoints/analyst_models/unified_location_model_UNKNOWN_UNKNOWN_1h.joblib", "timestamp": "2025-08-19T17:52:30.883476+00:00"}
{"asctime": "2025-08-19 19:52:30,883", "levelname": "INFO", "name": "AresGlobal.UnifiedRegimeClassifier", "message": "✅ UnifiedRegimeClassifier initialized successfully", "correlation_id": "7eb8532df6a04517947e04bdce63e3c2", "session_id": "-", "timestamp": "2025-08-19T17:52:30.883598+00:00"}
{"asctime": "2025-08-19 19:52:30,883", "levelname": "INFO", "name": "AresGlobal.SRBreakoutPredictor", "message": "✅ Enhanced SR breakout predictor initialized successfully", "correlation_id": "7eb8532df6a04517947e04bdce63e3c2", "session_id": "-", "timestamp": "2025-08-19T17:52:30.883696+00:00"}
{"asctime": "2025-08-19 19:52:32,418", "levelname": "INFO", "name": "AresGlobal.SRBreakoutPredictor", "message": "✅ Generated 25 comprehensive SR features", "correlation_id": "7eb8532df6a04517947e04bdce63e3c2", "session_id": "-", "timestamp": "2025-08-19T17:52:32.418873+00:00"}
{"asctime": "2025-08-19 19:52:32,419", "levelname": "INFO", "name": "AresGlobal.Step2.FeatureEngineering", "message": "✅ Generated 25 comprehensive SR features", "correlation_id": "7eb8532df6a04517947e04bdce63e3c2", "session_id": "-", "timestamp": "2025-08-19T17:52:32.419168+00:00"}
{"asctime": "2025-08-19 19:52:32,419", "levelname": "INFO", "name": "AresGlobal.Step2.FeatureEngineering", "message": "🔍 Comprehensive SR features: ['distance_to_support', 'distance_to_resistance', 'normalized_distance_to_support', 'normalized_distance_to_resistance', 'sr_proximity_score', 'strength_score', 'support_strength', 'resistance_strength', 'support_clarity_factor', 'resistance_clarity_factor', 'directional_pressure', 'sr_score', 'delta_sr_score', 'isolation_score', 'sr_position_strength_weighted', 'sr_position_momentum_adjusted', 'sr_position_volatility_adjusted', 'sr_position_trend', 'sr_position_volatility', 'effective_support_level', 'effective_resistance_level', 'effective_level_strength', 'distance_to_effective_support', 'distance_to_effective_resistance', 'support_resistance_strength_ratio']", "correlation_id": "7eb8532df6a04517947e04bdce63e3c2", "session_id": "-", "timestamp": "2025-08-19T17:52:32.419281+00:00"}
{"asctime": "2025-08-19 19:52:32,419", "levelname": "INFO", "name": "src.training.steps.step2_feature_engineering", "message": "✅ Step2._generate_comprehensive_sr_features done", "correlation_id": "7eb8532df6a04517947e04bdce63e3c2", "session_id": "-", "result_len": 25, "timestamp": "2025-08-19T17:52:32.419542+00:00"}
{"asctime": "2025-08-19 19:52:32,419", "levelname": "INFO", "name": "AresGlobal.Step2.FeatureEngineering", "message": "✅ Completed feature engineering for train: 539 features", "correlation_id": "7eb8532df6a04517947e04bdce63e3c2", "session_id": "-", "timestamp": "2025-08-19T17:52:32.419612+00:00"}
{"asctime": "2025-08-19 19:52:32,522", "levelname": "INFO", "name": "AresGlobal.Step2.FeatureEngineering", "message": "🔧 Engineering features for validation", "correlation_id": "7eb8532df6a04517947e04bdce63e3c2", "session_id": "-", "timestamp": "2025-08-19T17:52:32.522931+00:00"}
{"asctime": "2025-08-19 19:52:32,525", "levelname": "INFO", "name": "AresGlobal.RawDataQualityChecker", "message": "🔧 Enhanced preprocessing for BINANCE ETHUSDT", "correlation_id": "7eb8532df6a04517947e04bdce63e3c2", "session_id": "-", "timestamp": "2025-08-19T17:52:32.525597+00:00"}
{"asctime": "2025-08-19 19:52:32,525", "levelname": "INFO", "name": "AresGlobal.RawDataQualityChecker", "message": "   Expected interval: 60s", "correlation_id": "7eb8532df6a04517947e04bdce63e3c2", "session_id": "-", "timestamp": "2025-08-19T17:52:32.525720+00:00"}
{"asctime": "2025-08-19 19:52:32,525", "levelname": "INFO", "name": "AresGlobal.RawDataQualityChecker", "message": "   Max forward-fill: 10s", "correlation_id": "7eb8532df6a04517947e04bdce63e3c2", "session_id": "-", "timestamp": "2025-08-19T17:52:32.525812+00:00"}
{"asctime": "2025-08-19 19:52:32,525", "levelname": "INFO", "name": "AresGlobal.RawDataQualityChecker", "message": "   Download missing: True", "correlation_id": "7eb8532df6a04517947e04bdce63e3c2", "session_id": "-", "timestamp": "2025-08-19T17:52:32.525899+00:00"}
{"asctime": "2025-08-19 19:52:32,526", "levelname": "INFO", "name": "AresGlobal.RawDataQualityChecker", "message": "🔧 Step 1: Resampling to 60S intervals", "correlation_id": "7eb8532df6a04517947e04bdce63e3c2", "session_id": "-", "timestamp": "2025-08-19T17:52:32.526002+00:00"}
{"asctime": "2025-08-19 19:52:32,528", "levelname": "INFO", "name": "AresGlobal.RawDataQualityChecker", "message": "🔧 Step 2: Re-adding original data to preserve accuracy", "correlation_id": "7eb8532df6a04517947e04bdce63e3c2", "session_id": "-", "timestamp": "2025-08-19T17:52:32.528937+00:00"}
{"asctime": "2025-08-19 19:52:34,640", "levelname": "INFO", "name": "AresGlobal.RawDataQualityChecker", "message": "🔧 Step 3: Analyzing gaps and applying intelligent handling", "correlation_id": "7eb8532df6a04517947e04bdce63e3c2", "session_id": "-", "timestamp": "2025-08-19T17:52:34.640516+00:00"}
{"asctime": "2025-08-19 19:52:34,641", "levelname": "INFO", "name": "AresGlobal.RawDataQualityChecker", "message": "🔧 Step 5: Final forward-fill for 10110 remaining nulls", "correlation_id": "7eb8532df6a04517947e04bdce63e3c2", "session_id": "-", "timestamp": "2025-08-19T17:52:34.641909+00:00"}
{"asctime": "2025-08-19 19:52:34,643", "levelname": "INFO", "name": "AresGlobal.RawDataQualityChecker", "message": "✅ Enhanced preprocessing completed:", "correlation_id": "7eb8532df6a04517947e04bdce63e3c2", "session_id": "-", "timestamp": "2025-08-19T17:52:34.643678+00:00"}
{"asctime": "2025-08-19 19:52:34,643", "levelname": "INFO", "name": "AresGlobal.RawDataQualityChecker", "message": "   Original shape: (36400, 5)", "correlation_id": "7eb8532df6a04517947e04bdce63e3c2", "session_id": "-", "timestamp": "2025-08-19T17:52:34.643939+00:00"}
{"asctime": "2025-08-19 19:52:34,644", "levelname": "INFO", "name": "AresGlobal.RawDataQualityChecker", "message": "   Final shape: (38422, 5)", "correlation_id": "7eb8532df6a04517947e04bdce63e3c2", "session_id": "-", "timestamp": "2025-08-19T17:52:34.644045+00:00"}
{"asctime": "2025-08-19 19:52:34,644", "levelname": "INFO", "name": "AresGlobal.RawDataQualityChecker", "message": "   Remaining large gaps: 0", "correlation_id": "7eb8532df6a04517947e04bdce63e3c2", "session_id": "-", "timestamp": "2025-08-19T17:52:34.644232+00:00"}
{"asctime": "2025-08-19 19:52:34,645", "levelname": "INFO", "name": "AresGlobal.RawDataQualityChecker", "message": "   Data completeness: 1.000", "correlation_id": "7eb8532df6a04517947e04bdce63e3c2", "session_id": "-", "timestamp": "2025-08-19T17:52:34.645107+00:00"}
{"asctime": "2025-08-19 19:52:34,645", "levelname": "INFO", "name": "AresGlobal.RawDataQualityChecker", "message": "🔧 Enhanced preprocessing for BINANCE ETHUSDT", "correlation_id": "7eb8532df6a04517947e04bdce63e3c2", "session_id": "-", "timestamp": "2025-08-19T17:52:34.645769+00:00"}
{"asctime": "2025-08-19 19:52:34,645", "levelname": "INFO", "name": "AresGlobal.RawDataQualityChecker", "message": "   Expected interval: 60s", "correlation_id": "7eb8532df6a04517947e04bdce63e3c2", "session_id": "-", "timestamp": "2025-08-19T17:52:34.645866+00:00"}
{"asctime": "2025-08-19 19:52:34,645", "levelname": "INFO", "name": "AresGlobal.RawDataQualityChecker", "message": "   Max forward-fill: 10s", "correlation_id": "7eb8532df6a04517947e04bdce63e3c2", "session_id": "-", "timestamp": "2025-08-19T17:52:34.645954+00:00"}
{"asctime": "2025-08-19 19:52:34,646", "levelname": "INFO", "name": "AresGlobal.RawDataQualityChecker", "message": "   Download missing: True", "correlation_id": "7eb8532df6a04517947e04bdce63e3c2", "session_id": "-", "timestamp": "2025-08-19T17:52:34.646036+00:00"}
{"asctime": "2025-08-19 19:52:34,646", "levelname": "INFO", "name": "AresGlobal.RawDataQualityChecker", "message": "🔧 Step 1: Resampling to 60S intervals", "correlation_id": "7eb8532df6a04517947e04bdce63e3c2", "session_id": "-", "timestamp": "2025-08-19T17:52:34.646133+00:00"}
{"asctime": "2025-08-19 19:52:34,647", "levelname": "INFO", "name": "AresGlobal.RawDataQualityChecker", "message": "🔧 Step 2: Re-adding original data to preserve accuracy", "correlation_id": "7eb8532df6a04517947e04bdce63e3c2", "session_id": "-", "timestamp": "2025-08-19T17:52:34.647324+00:00"}
{"asctime": "2025-08-19 19:52:36,780", "levelname": "INFO", "name": "AresGlobal.RawDataQualityChecker", "message": "🔧 Step 3: Analyzing gaps and applying intelligent handling", "correlation_id": "7eb8532df6a04517947e04bdce63e3c2", "session_id": "-", "timestamp": "2025-08-19T17:52:36.780163+00:00"}
{"asctime": "2025-08-19 19:52:36,781", "levelname": "INFO", "name": "AresGlobal.RawDataQualityChecker", "message": "🔧 Step 5: Final forward-fill for 2022 remaining nulls", "correlation_id": "7eb8532df6a04517947e04bdce63e3c2", "session_id": "-", "timestamp": "2025-08-19T17:52:36.781367+00:00"}
{"asctime": "2025-08-19 19:52:36,782", "levelname": "INFO", "name": "AresGlobal.RawDataQualityChecker", "message": "✅ Enhanced preprocessing completed:", "correlation_id": "7eb8532df6a04517947e04bdce63e3c2", "session_id": "-", "timestamp": "2025-08-19T17:52:36.782222+00:00"}
{"asctime": "2025-08-19 19:52:36,782", "levelname": "INFO", "name": "AresGlobal.RawDataQualityChecker", "message": "   Original shape: (36400, 1)", "correlation_id": "7eb8532df6a04517947e04bdce63e3c2", "session_id": "-", "timestamp": "2025-08-19T17:52:36.782338+00:00"}
{"asctime": "2025-08-19 19:52:36,782", "levelname": "INFO", "name": "AresGlobal.RawDataQualityChecker", "message": "   Final shape: (38422, 1)", "correlation_id": "7eb8532df6a04517947e04bdce63e3c2", "session_id": "-", "timestamp": "2025-08-19T17:52:36.782430+00:00"}
{"asctime": "2025-08-19 19:52:36,782", "levelname": "INFO", "name": "AresGlobal.RawDataQualityChecker", "message": "   Remaining large gaps: 0", "correlation_id": "7eb8532df6a04517947e04bdce63e3c2", "session_id": "-", "timestamp": "2025-08-19T17:52:36.782516+00:00"}
{"asctime": "2025-08-19 19:52:36,782", "levelname": "INFO", "name": "AresGlobal.RawDataQualityChecker", "message": "   Data completeness: 1.000", "correlation_id": "7eb8532df6a04517947e04bdce63e3c2", "session_id": "-", "timestamp": "2025-08-19T17:52:36.782743+00:00"}
