{"asctime": "2025-08-21 18:36:46,038", "levelname": "INFO", "name": "AresGlobal", "message": "================================================================================", "correlation_id": "-", "session_id": "-", "timestamp": "2025-08-21T16:36:46.038518+00:00"}
{"asctime": "2025-08-21 18:36:46,038", "levelname": "INFO", "name": "AresGlobal", "message": "📊 SESSION SUMMARY", "correlation_id": "-", "session_id": "-", "timestamp": "2025-08-21T16:36:46.038672+00:00"}
{"asctime": "2025-08-21 18:36:46,038", "levelname": "INFO", "name": "AresGlobal", "message": "Session started: 2025-08-21 18:36:46", "correlation_id": "-", "session_id": "-", "timestamp": "2025-08-21T16:36:46.038787+00:00"}
{"asctime": "2025-08-21 18:36:46,038", "levelname": "INFO", "name": "AresGlobal", "message": "This file contains ALL logs for this session", "correlation_id": "-", "session_id": "-", "timestamp": "2025-08-21T16:36:46.038878+00:00"}
{"asctime": "2025-08-21 18:36:46,038", "levelname": "INFO", "name": "AresGlobal", "message": "================================================================================", "correlation_id": "-", "session_id": "-", "timestamp": "2025-08-21T16:36:46.038981+00:00"}
{"asctime": "2025-08-21 18:36:46,039", "levelname": "INFO", "name": "AresGlobal", "message": "[SYSTEM] ================================================================================", "correlation_id": "-", "session_id": "-", "timestamp": "2025-08-21T16:36:46.039218+00:00"}
{"asctime": "2025-08-21 18:36:46,039", "levelname": "INFO", "name": "AresGlobal", "message": "[SYSTEM] 🚀 ARES LAUNCHER STARTED - Mode: INITIALIZATION", "correlation_id": "-", "session_id": "-", "timestamp": "2025-08-21T16:36:46.039391+00:00"}
{"asctime": "2025-08-21 18:36:46,039", "levelname": "INFO", "name": "AresGlobal", "message": "[SYSTEM] Start time: 2025-08-21 18:36:46", "correlation_id": "-", "session_id": "-", "timestamp": "2025-08-21T16:36:46.039579+00:00"}
{"asctime": "2025-08-21 18:36:46,039", "levelname": "INFO", "name": "AresGlobal", "message": "[SYSTEM] Log directory: log", "correlation_id": "-", "session_id": "-", "timestamp": "2025-08-21T16:36:46.039746+00:00"}
{"asctime": "2025-08-21 18:36:46,039", "levelname": "INFO", "name": "AresGlobal", "message": "[SYSTEM] ================================================================================", "correlation_id": "-", "session_id": "-", "timestamp": "2025-08-21T16:36:46.039902+00:00"}
{"asctime": "2025-08-21 18:36:46,039", "levelname": "INFO", "name": "AresGlobal.AresLauncher", "message": "================================================================================", "correlation_id": "-", "session_id": "-", "timestamp": "2025-08-21T16:36:46.039985+00:00"}
{"asctime": "2025-08-21 18:36:46,040", "levelname": "INFO", "name": "AresGlobal.AresLauncher", "message": "🚀 ARES COMPREHENSIVE LAUNCHER", "correlation_id": "-", "session_id": "-", "timestamp": "2025-08-21T16:36:46.040134+00:00"}
{"asctime": "2025-08-21 18:36:46,040", "levelname": "INFO", "name": "AresGlobal.AresLauncher", "message": "================================================================================", "correlation_id": "-", "session_id": "-", "timestamp": "2025-08-21T16:36:46.040269+00:00"}
{"asctime": "2025-08-21 18:36:46,040", "levelname": "INFO", "name": "AresGlobal.AresLauncher", "message": "Start time: 2025-08-21 18:36:46", "correlation_id": "-", "session_id": "-", "timestamp": "2025-08-21T16:36:46.040414+00:00"}
{"asctime": "2025-08-21 18:36:46,040", "levelname": "INFO", "name": "AresGlobal.AresLauncher", "message": "Log directory: log", "correlation_id": "-", "session_id": "-", "timestamp": "2025-08-21T16:36:46.040500+00:00"}
{"asctime": "2025-08-21 18:36:46,040", "levelname": "INFO", "name": "AresGlobal.AresLauncher", "message": "Log level: INFO", "correlation_id": "-", "session_id": "-", "timestamp": "2025-08-21T16:36:46.040592+00:00"}
{"asctime": "2025-08-21 18:36:46,040", "levelname": "INFO", "name": "AresGlobal.AresLauncher", "message": "Global log file: ares_global_20250821_183646.log", "correlation_id": "-", "session_id": "-", "timestamp": "2025-08-21T16:36:46.040762+00:00"}
{"asctime": "2025-08-21 18:36:46,040", "levelname": "INFO", "name": "AresGlobal.AresLauncher", "message": "Full run log: log/ares_full_20250821_183646.log", "correlation_id": "-", "session_id": "-", "timestamp": "2025-08-21T16:36:46.040926+00:00"}
{"asctime": "2025-08-21 18:36:46,041", "levelname": "INFO", "name": "AresGlobal.AresLauncher", "message": "Trades log: log/ares_trades_20250821_183646.log", "correlation_id": "-", "session_id": "-", "timestamp": "2025-08-21T16:36:46.041022+00:00"}
{"asctime": "2025-08-21 18:36:46,041", "levelname": "INFO", "name": "AresGlobal.AresLauncher", "message": "Backtest log: log/ares_backtest_20250821_183646.log", "correlation_id": "-", "session_id": "-", "timestamp": "2025-08-21T16:36:46.041109+00:00"}
{"asctime": "2025-08-21 18:36:46,041", "levelname": "INFO", "name": "AresGlobal.AresLauncher", "message": "================================================================================", "correlation_id": "-", "session_id": "-", "timestamp": "2025-08-21T16:36:46.041192+00:00"}
{"asctime": "2025-08-21 18:36:46,041", "levelname": "INFO", "name": "AresGlobal", "message": "[SYSTEM] ================================================================================", "correlation_id": "-", "session_id": "-", "timestamp": "2025-08-21T16:36:46.041464+00:00"}
{"asctime": "2025-08-21 18:36:46,041", "levelname": "INFO", "name": "AresGlobal", "message": "[SYSTEM] 🚀 ARES LAUNCHER STARTED - Mode: blank - Symbol: ETHUSDT - Exchange: BINANCE", "correlation_id": "-", "session_id": "-", "timestamp": "2025-08-21T16:36:46.041632+00:00"}
{"asctime": "2025-08-21 18:36:46,041", "levelname": "INFO", "name": "AresGlobal", "message": "[SYSTEM] Start time: 2025-08-21 18:36:46", "correlation_id": "-", "session_id": "-", "timestamp": "2025-08-21T16:36:46.041796+00:00"}
{"asctime": "2025-08-21 18:36:46,042", "levelname": "INFO", "name": "AresGlobal", "message": "[SYSTEM] Log directory: log", "correlation_id": "-", "session_id": "-", "timestamp": "2025-08-21T16:36:46.042063+00:00"}
{"asctime": "2025-08-21 18:36:46,042", "levelname": "INFO", "name": "AresGlobal", "message": "[SYSTEM] ================================================================================", "correlation_id": "-", "session_id": "-", "timestamp": "2025-08-21T16:36:46.042220+00:00"}
{"asctime": "2025-08-21 18:36:46,042", "levelname": "INFO", "name": "AresGlobal.AresLauncher", "message": "🚀 Running enhanced 16-step training pipeline for ETHUSDT on BINANCE", "correlation_id": "-", "session_id": "-", "timestamp": "2025-08-21T16:36:46.042329+00:00"}
{"asctime": "2025-08-21 18:36:46,042", "levelname": "INFO", "name": "AresGlobal.AresLauncher", "message": "Starting from step: step2_feature_engineering", "correlation_id": "-", "session_id": "-", "timestamp": "2025-08-21T16:36:46.042420+00:00"}
{"asctime": "2025-08-21 18:36:46,043", "levelname": "INFO", "name": "AresGlobal.AresLauncher", "message": "🧪 BLANK TRAINING MODE: Set BLANK_TRAINING_MODE=1 for step-based training", "correlation_id": "-", "session_id": "-", "timestamp": "2025-08-21T16:36:46.043567+00:00"}
{"asctime": "2025-08-21 18:36:46,043", "levelname": "INFO", "name": "AresGlobal.ProgressManager", "message": "Initialized ProgressManager for ETHUSDT on BINANCE", "correlation_id": "-", "session_id": "-", "timestamp": "2025-08-21T16:36:46.043800+00:00"}
{"asctime": "2025-08-21 18:36:46,044", "levelname": "INFO", "name": "AresGlobal.ProgressManager", "message": "Progress directory: data/training/progress/BINANCE_ETHUSDT", "correlation_id": "-", "session_id": "-", "timestamp": "2025-08-21T16:36:46.044254+00:00"}
{"asctime": "2025-08-21 18:36:46,044", "levelname": "INFO", "name": "AresGlobal.StepOrchestrator", "message": "Initialized StepOrchestrator for ETHUSDT on BINANCE", "correlation_id": "-", "session_id": "-", "timestamp": "2025-08-21T16:36:46.044626+00:00"}
{"asctime": "2025-08-21 18:36:46,044", "levelname": "INFO", "name": "AresGlobal.ProgressManager", "message": "🗑️  Cleared progress for step2_feature_engineering", "correlation_id": "-", "session_id": "-", "timestamp": "2025-08-21T16:36:46.044872+00:00"}
{"asctime": "2025-08-21 18:36:46,045", "levelname": "INFO", "name": "AresGlobal.AresLauncher", "message": "🧹 Cleared progress for 'step2_feature_engineering' (force)", "correlation_id": "-", "session_id": "-", "timestamp": "2025-08-21T16:36:46.045725+00:00"}
{"asctime": "2025-08-21 18:36:46,045", "levelname": "INFO", "name": "AresGlobal.ProgressManager", "message": "🗑️  Cleared progress for step3_hmm_regime_discovery", "correlation_id": "-", "session_id": "-", "timestamp": "2025-08-21T16:36:46.045954+00:00"}
{"asctime": "2025-08-21 18:36:46,046", "levelname": "INFO", "name": "AresGlobal.AresLauncher", "message": "🧹 Cleared progress for 'step3_hmm_regime_discovery' (force)", "correlation_id": "-", "session_id": "-", "timestamp": "2025-08-21T16:36:46.046064+00:00"}
{"asctime": "2025-08-21 18:36:46,046", "levelname": "INFO", "name": "AresGlobal.ProgressManager", "message": "🗑️  Cleared progress for step4_processing_labeling", "correlation_id": "-", "session_id": "-", "timestamp": "2025-08-21T16:36:46.046179+00:00"}
{"asctime": "2025-08-21 18:36:46,046", "levelname": "INFO", "name": "AresGlobal.AresLauncher", "message": "🧹 Cleared progress for 'step4_processing_labeling' (force)", "correlation_id": "-", "session_id": "-", "timestamp": "2025-08-21T16:36:46.046270+00:00"}
{"asctime": "2025-08-21 18:36:46,046", "levelname": "INFO", "name": "AresGlobal.ProgressManager", "message": "🗑️  Cleared progress for step5_regime_data_splitting", "correlation_id": "-", "session_id": "-", "timestamp": "2025-08-21T16:36:46.046374+00:00"}
{"asctime": "2025-08-21 18:36:46,046", "levelname": "INFO", "name": "AresGlobal.AresLauncher", "message": "🧹 Cleared progress for 'step5_regime_data_splitting' (force)", "correlation_id": "-", "session_id": "-", "timestamp": "2025-08-21T16:36:46.046485+00:00"}
{"asctime": "2025-08-21 18:36:46,046", "levelname": "INFO", "name": "AresGlobal.ProgressManager", "message": "🗑️  Cleared progress for step6_hmm_based_training", "correlation_id": "-", "session_id": "-", "timestamp": "2025-08-21T16:36:46.046594+00:00"}
{"asctime": "2025-08-21 18:36:46,046", "levelname": "INFO", "name": "AresGlobal.AresLauncher", "message": "🧹 Cleared progress for 'step6_hmm_based_training' (force)", "correlation_id": "-", "session_id": "-", "timestamp": "2025-08-21T16:36:46.046685+00:00"}
{"asctime": "2025-08-21 18:36:46,046", "levelname": "INFO", "name": "AresGlobal.ProgressManager", "message": "🗑️  Cleared progress for step6_5_unified_regime_intelligence", "correlation_id": "-", "session_id": "-", "timestamp": "2025-08-21T16:36:46.046788+00:00"}
{"asctime": "2025-08-21 18:36:46,046", "levelname": "INFO", "name": "AresGlobal.AresLauncher", "message": "🧹 Cleared progress for 'step6_5_unified_regime_intelligence' (force)", "correlation_id": "-", "session_id": "-", "timestamp": "2025-08-21T16:36:46.046966+00:00"}
{"asctime": "2025-08-21 18:36:46,047", "levelname": "INFO", "name": "AresGlobal.ProgressManager", "message": "🗑️  Cleared progress for step7_analyst_enhancement", "correlation_id": "-", "session_id": "-", "timestamp": "2025-08-21T16:36:46.047141+00:00"}
{"asctime": "2025-08-21 18:36:46,047", "levelname": "INFO", "name": "AresGlobal.AresLauncher", "message": "🧹 Cleared progress for 'step7_analyst_enhancement' (force)", "correlation_id": "-", "session_id": "-", "timestamp": "2025-08-21T16:36:46.047245+00:00"}
{"asctime": "2025-08-21 18:36:46,047", "levelname": "INFO", "name": "AresGlobal.ProgressManager", "message": "🗑️  Cleared progress for step8_tactician_labeling", "correlation_id": "-", "session_id": "-", "timestamp": "2025-08-21T16:36:46.047358+00:00"}
{"asctime": "2025-08-21 18:36:46,047", "levelname": "INFO", "name": "AresGlobal.AresLauncher", "message": "🧹 Cleared progress for 'step8_tactician_labeling' (force)", "correlation_id": "-", "session_id": "-", "timestamp": "2025-08-21T16:36:46.047446+00:00"}
{"asctime": "2025-08-21 18:36:46,047", "levelname": "INFO", "name": "AresGlobal.ProgressManager", "message": "🗑️  Cleared progress for step9_tactician_specialist_training", "correlation_id": "-", "session_id": "-", "timestamp": "2025-08-21T16:36:46.047552+00:00"}
{"asctime": "2025-08-21 18:36:46,047", "levelname": "INFO", "name": "AresGlobal.AresLauncher", "message": "🧹 Cleared progress for 'step9_tactician_specialist_training' (force)", "correlation_id": "-", "session_id": "-", "timestamp": "2025-08-21T16:36:46.047648+00:00"}
{"asctime": "2025-08-21 18:36:46,047", "levelname": "INFO", "name": "AresGlobal.ProgressManager", "message": "🗑️  Cleared progress for step10_confidence_calibration", "correlation_id": "-", "session_id": "-", "timestamp": "2025-08-21T16:36:46.047831+00:00"}
{"asctime": "2025-08-21 18:36:46,047", "levelname": "INFO", "name": "AresGlobal.AresLauncher", "message": "🧹 Cleared progress for 'step10_confidence_calibration' (force)", "correlation_id": "-", "session_id": "-", "timestamp": "2025-08-21T16:36:46.047914+00:00"}
{"asctime": "2025-08-21 18:36:46,048", "levelname": "INFO", "name": "AresGlobal.ProgressManager", "message": "🗑️  Cleared progress for step11_final_parameters_optimization", "correlation_id": "-", "session_id": "-", "timestamp": "2025-08-21T16:36:46.048019+00:00"}
{"asctime": "2025-08-21 18:36:46,048", "levelname": "INFO", "name": "AresGlobal.AresLauncher", "message": "🧹 Cleared progress for 'step11_final_parameters_optimization' (force)", "correlation_id": "-", "session_id": "-", "timestamp": "2025-08-21T16:36:46.048102+00:00"}
{"asctime": "2025-08-21 18:36:46,048", "levelname": "INFO", "name": "AresGlobal.ProgressManager", "message": "🗑️  Cleared progress for step12_walk_forward_validation", "correlation_id": "-", "session_id": "-", "timestamp": "2025-08-21T16:36:46.048213+00:00"}
{"asctime": "2025-08-21 18:36:46,048", "levelname": "INFO", "name": "AresGlobal.AresLauncher", "message": "🧹 Cleared progress for 'step12_walk_forward_validation' (force)", "correlation_id": "-", "session_id": "-", "timestamp": "2025-08-21T16:36:46.048296+00:00"}
{"asctime": "2025-08-21 18:36:46,048", "levelname": "INFO", "name": "AresGlobal.ProgressManager", "message": "🗑️  Cleared progress for step13_monte_carlo_validation", "correlation_id": "-", "session_id": "-", "timestamp": "2025-08-21T16:36:46.048395+00:00"}
{"asctime": "2025-08-21 18:36:46,048", "levelname": "INFO", "name": "AresGlobal.AresLauncher", "message": "🧹 Cleared progress for 'step13_monte_carlo_validation' (force)", "correlation_id": "-", "session_id": "-", "timestamp": "2025-08-21T16:36:46.048478+00:00"}
{"asctime": "2025-08-21 18:36:46,048", "levelname": "INFO", "name": "AresGlobal.ProgressManager", "message": "🗑️  Cleared progress for step14_ab_testing", "correlation_id": "-", "session_id": "-", "timestamp": "2025-08-21T16:36:46.048579+00:00"}
{"asctime": "2025-08-21 18:36:46,048", "levelname": "INFO", "name": "AresGlobal.AresLauncher", "message": "🧹 Cleared progress for 'step14_ab_testing' (force)", "correlation_id": "-", "session_id": "-", "timestamp": "2025-08-21T16:36:46.048669+00:00"}
{"asctime": "2025-08-21 18:36:46,048", "levelname": "INFO", "name": "AresGlobal.ProgressManager", "message": "🗑️  Cleared progress for step15_saving", "correlation_id": "-", "session_id": "-", "timestamp": "2025-08-21T16:36:46.048773+00:00"}
{"asctime": "2025-08-21 18:36:46,048", "levelname": "INFO", "name": "AresGlobal.AresLauncher", "message": "🧹 Cleared progress for 'step15_saving' (force)", "correlation_id": "-", "session_id": "-", "timestamp": "2025-08-21T16:36:46.048858+00:00"}
{"asctime": "2025-08-21 18:36:46,048", "levelname": "INFO", "name": "AresGlobal.AresLauncher", "message": "✅ Cleared progress for 15 steps: ['step2_feature_engineering', 'step3_hmm_regime_discovery', 'step4_processing_labeling', 'step5_regime_data_splitting', 'step6_hmm_based_training', 'step6_5_unified_regime_intelligence', 'step7_analyst_enhancement', 'step8_tactician_labeling', 'step9_tactician_specialist_training', 'step10_confidence_calibration', 'step11_final_parameters_optimization', 'step12_walk_forward_validation', 'step13_monte_carlo_validation', 'step14_ab_testing', 'step15_saving']", "correlation_id": "-", "session_id": "-", "timestamp": "2025-08-21T16:36:46.048948+00:00"}
{"asctime": "2025-08-21 18:36:46,049", "levelname": "INFO", "name": "AresGlobal.StepOrchestrator", "message": "🚀 Starting execution from step: step2_feature_engineering", "correlation_id": "-", "session_id": "-", "timestamp": "2025-08-21T16:36:46.049793+00:00"}
{"asctime": "2025-08-21 18:36:48,639", "levelname": "ERROR", "name": "AresGlobal.StepOrchestrator", "message": "Failed to setup enhanced training manager: cannot import name 'ensure_data_integrity' from 'src.utils.training_pipeline_decorators' (/Users/remyroche/Documents/Ares/src/utils/training_pipeline_decorators.py)", "correlation_id": "-", "session_id": "-", "exc_info": "Traceback (most recent call last):\n  File \"/Users/remyroche/Documents/Ares/src/training/step_orchestrator.py\", line 74, in _setup_enhanced_training_manager\n    from src.training.enhanced_training_manager import (\n  File \"/Users/remyroche/Documents/Ares/src/training/enhanced_training_manager.py\", line 64, in <module>\n    from src.utils.training_pipeline_decorators import (\nImportError: cannot import name 'ensure_data_integrity' from 'src.utils.training_pipeline_decorators' (/Users/remyroche/Documents/Ares/src/utils/training_pipeline_decorators.py)", "timestamp": "2025-08-21T16:36:48.639835+00:00"}
{"asctime": "2025-08-21 18:36:48,641", "levelname": "INFO", "name": "AresGlobal.StepOrchestrator", "message": "\u001b[91m\u001b[1m🚫\u001b[0m \u001b[91m\u001b[1mFailed to setup enhanced training manager: cannot import name 'ensure_data_integrity' from 'src.utils.training_pipeline_decorators' (/Users/remyroche/Documents/Ares/src/utils/training_pipeline_decorators.py)\u001b[0m", "correlation_id": "-", "session_id": "-", "timestamp": "2025-08-21T16:36:48.641184+00:00"}
{"asctime": "2025-08-21 18:36:48,641", "levelname": "ERROR", "name": "AresGlobal.AresLauncher", "message": "❌ Step-based training pipeline failed", "correlation_id": "-", "session_id": "-", "timestamp": "2025-08-21T16:36:48.641461+00:00"}
{"asctime": "2025-08-21 18:36:48,641", "levelname": "INFO", "name": "AresGlobal", "message": "[SYSTEM] ================================================================================", "correlation_id": "-", "session_id": "-", "timestamp": "2025-08-21T16:36:48.641674+00:00"}
{"asctime": "2025-08-21 18:36:48,641", "levelname": "INFO", "name": "AresGlobal", "message": "[SYSTEM] 🛑 ARES LAUNCHER ENDED - Exit code: 1", "correlation_id": "-", "session_id": "-", "timestamp": "2025-08-21T16:36:48.641843+00:00"}
{"asctime": "2025-08-21 18:36:48,642", "levelname": "INFO", "name": "AresGlobal", "message": "[SYSTEM] End time: 2025-08-21 18:36:48", "correlation_id": "-", "session_id": "-", "timestamp": "2025-08-21T16:36:48.642015+00:00"}
{"asctime": "2025-08-21 18:36:48,642", "levelname": "INFO", "name": "AresGlobal", "message": "[SYSTEM] ================================================================================", "correlation_id": "-", "session_id": "-", "timestamp": "2025-08-21T16:36:48.642173+00:00"}
{"asctime": "2025-08-21 18:36:48,642", "levelname": "INFO", "name": "AresGlobal.AresLauncher", "message": "🧹 Cleaning up processes...", "correlation_id": "-", "session_id": "-", "timestamp": "2025-08-21T16:36:48.642253+00:00"}
{"asctime": "2025-08-21 18:36:48,642", "levelname": "INFO", "name": "AresGlobal.AresLauncher", "message": "✅ Cleanup completed", "correlation_id": "-", "session_id": "-", "timestamp": "2025-08-21T16:36:48.642343+00:00"}
