{"asctime": "2025-08-22 23:32:30,067", "levelname": "INFO", "name": "AresGlobal", "message": "================================================================================", "correlation_id": "-", "session_id": "-", "timestamp": "2025-08-22T21:32:30.067018+00:00"}
{"asctime": "2025-08-22 23:32:30,067", "levelname": "INFO", "name": "AresGlobal", "message": "📊 SESSION SUMMARY", "correlation_id": "-", "session_id": "-", "timestamp": "2025-08-22T21:32:30.067276+00:00"}
{"asctime": "2025-08-22 23:32:30,067", "levelname": "INFO", "name": "AresGlobal", "message": "Session started: 2025-08-22 23:32:30", "correlation_id": "-", "session_id": "-", "timestamp": "2025-08-22T21:32:30.067521+00:00"}
{"asctime": "2025-08-22 23:32:30,067", "levelname": "INFO", "name": "AresGlobal", "message": "This file contains ALL logs for this session", "correlation_id": "-", "session_id": "-", "timestamp": "2025-08-22T21:32:30.067665+00:00"}
{"asctime": "2025-08-22 23:32:30,067", "levelname": "INFO", "name": "AresGlobal", "message": "================================================================================", "correlation_id": "-", "session_id": "-", "timestamp": "2025-08-22T21:32:30.067799+00:00"}
{"asctime": "2025-08-22 23:32:30,067", "levelname": "INFO", "name": "AresSystem", "message": "================================================================================", "correlation_id": "-", "session_id": "-", "timestamp": "2025-08-22T21:32:30.067985+00:00"}
{"asctime": "2025-08-22 23:32:30,068", "levelname": "INFO", "name": "AresGlobal", "message": "[SYSTEM] ================================================================================", "correlation_id": "-", "session_id": "-", "timestamp": "2025-08-22T21:32:30.068129+00:00"}
{"asctime": "2025-08-22 23:32:30,068", "levelname": "INFO", "name": "AresSystem", "message": "🚀 ARES LAUNCHER STARTED - Mode: INITIALIZATION", "correlation_id": "-", "session_id": "-", "timestamp": "2025-08-22T21:32:30.068257+00:00"}
{"asctime": "2025-08-22 23:32:30,068", "levelname": "INFO", "name": "AresGlobal", "message": "[SYSTEM] 🚀 ARES LAUNCHER STARTED - Mode: INITIALIZATION", "correlation_id": "-", "session_id": "-", "timestamp": "2025-08-22T21:32:30.068397+00:00"}
{"asctime": "2025-08-22 23:32:30,068", "levelname": "INFO", "name": "AresSystem", "message": "Start time: 2025-08-22 23:32:30", "correlation_id": "-", "session_id": "-", "timestamp": "2025-08-22T21:32:30.068538+00:00"}
{"asctime": "2025-08-22 23:32:30,068", "levelname": "INFO", "name": "AresGlobal", "message": "[SYSTEM] Start time: 2025-08-22 23:32:30", "correlation_id": "-", "session_id": "-", "timestamp": "2025-08-22T21:32:30.068660+00:00"}
{"asctime": "2025-08-22 23:32:30,068", "levelname": "INFO", "name": "AresSystem", "message": "Log directory: log", "correlation_id": "-", "session_id": "-", "timestamp": "2025-08-22T21:32:30.068785+00:00"}
{"asctime": "2025-08-22 23:32:30,068", "levelname": "INFO", "name": "AresGlobal", "message": "[SYSTEM] Log directory: log", "correlation_id": "-", "session_id": "-", "timestamp": "2025-08-22T21:32:30.068910+00:00"}
{"asctime": "2025-08-22 23:32:30,069", "levelname": "INFO", "name": "AresSystem", "message": "================================================================================", "correlation_id": "-", "session_id": "-", "timestamp": "2025-08-22T21:32:30.069075+00:00"}
{"asctime": "2025-08-22 23:32:30,069", "levelname": "INFO", "name": "AresGlobal", "message": "[SYSTEM] ================================================================================", "correlation_id": "-", "session_id": "-", "timestamp": "2025-08-22T21:32:30.069266+00:00"}
{"asctime": "2025-08-22 23:32:30,069", "levelname": "INFO", "name": "AresGlobal.AresLauncher", "message": "================================================================================", "correlation_id": "-", "session_id": "-", "timestamp": "2025-08-22T21:32:30.069388+00:00"}
{"asctime": "2025-08-22 23:32:30,069", "levelname": "INFO", "name": "AresGlobal.AresLauncher", "message": "🚀 ARES COMPREHENSIVE LAUNCHER", "correlation_id": "-", "session_id": "-", "timestamp": "2025-08-22T21:32:30.069506+00:00"}
{"asctime": "2025-08-22 23:32:30,069", "levelname": "INFO", "name": "AresGlobal.AresLauncher", "message": "================================================================================", "correlation_id": "-", "session_id": "-", "timestamp": "2025-08-22T21:32:30.069815+00:00"}
{"asctime": "2025-08-22 23:32:30,069", "levelname": "INFO", "name": "AresGlobal.AresLauncher", "message": "Start time: 2025-08-22 23:32:30", "correlation_id": "-", "session_id": "-", "timestamp": "2025-08-22T21:32:30.069972+00:00"}
{"asctime": "2025-08-22 23:32:30,070", "levelname": "INFO", "name": "AresGlobal.AresLauncher", "message": "Log directory: log", "correlation_id": "-", "session_id": "-", "timestamp": "2025-08-22T21:32:30.070102+00:00"}
{"asctime": "2025-08-22 23:32:30,070", "levelname": "INFO", "name": "AresGlobal.AresLauncher", "message": "Log level: INFO", "correlation_id": "-", "session_id": "-", "timestamp": "2025-08-22T21:32:30.070226+00:00"}
{"asctime": "2025-08-22 23:32:30,070", "levelname": "INFO", "name": "AresGlobal.AresLauncher", "message": "Global log file: ares_global_20250822_233230.log", "correlation_id": "-", "session_id": "-", "timestamp": "2025-08-22T21:32:30.070362+00:00"}
{"asctime": "2025-08-22 23:32:30,070", "levelname": "INFO", "name": "AresGlobal.AresLauncher", "message": "Full run log: log/ares_full_20250822_233230.log", "correlation_id": "-", "session_id": "-", "timestamp": "2025-08-22T21:32:30.070498+00:00"}
{"asctime": "2025-08-22 23:32:30,070", "levelname": "INFO", "name": "AresGlobal.AresLauncher", "message": "Trades log: log/ares_trades_20250822_233230.log", "correlation_id": "-", "session_id": "-", "timestamp": "2025-08-22T21:32:30.070616+00:00"}
{"asctime": "2025-08-22 23:32:30,070", "levelname": "INFO", "name": "AresGlobal.AresLauncher", "message": "Backtest log: log/ares_backtest_20250822_233230.log", "correlation_id": "-", "session_id": "-", "timestamp": "2025-08-22T21:32:30.070735+00:00"}
{"asctime": "2025-08-22 23:32:30,070", "levelname": "INFO", "name": "AresGlobal.AresLauncher", "message": "================================================================================", "correlation_id": "-", "session_id": "-", "timestamp": "2025-08-22T21:32:30.070850+00:00"}
{"asctime": "2025-08-22 23:32:30,070", "levelname": "INFO", "name": "AresTradingSystem.System.SignalHandler", "message": "Shutdown callback registered", "correlation_id": "-", "session_id": "-", "timestamp": "2025-08-22T21:32:30.070973+00:00"}
{"asctime": "2025-08-22 23:32:30,071", "levelname": "INFO", "name": "AresSystem", "message": "================================================================================", "correlation_id": "-", "session_id": "-", "timestamp": "2025-08-22T21:32:30.071103+00:00"}
{"asctime": "2025-08-22 23:32:30,071", "levelname": "INFO", "name": "AresGlobal", "message": "[SYSTEM] ================================================================================", "correlation_id": "-", "session_id": "-", "timestamp": "2025-08-22T21:32:30.071222+00:00"}
{"asctime": "2025-08-22 23:32:30,071", "levelname": "INFO", "name": "AresSystem", "message": "🚀 ARES LAUNCHER STARTED - Mode: blank - Symbol: ETHUSDT - Exchange: BINANCE", "correlation_id": "-", "session_id": "-", "timestamp": "2025-08-22T21:32:30.071337+00:00"}
{"asctime": "2025-08-22 23:32:30,071", "levelname": "INFO", "name": "AresGlobal", "message": "[SYSTEM] 🚀 ARES LAUNCHER STARTED - Mode: blank - Symbol: ETHUSDT - Exchange: BINANCE", "correlation_id": "-", "session_id": "-", "timestamp": "2025-08-22T21:32:30.071462+00:00"}
{"asctime": "2025-08-22 23:32:30,071", "levelname": "INFO", "name": "AresSystem", "message": "Start time: 2025-08-22 23:32:30", "correlation_id": "-", "session_id": "-", "timestamp": "2025-08-22T21:32:30.071594+00:00"}
{"asctime": "2025-08-22 23:32:30,071", "levelname": "INFO", "name": "AresGlobal", "message": "[SYSTEM] Start time: 2025-08-22 23:32:30", "correlation_id": "-", "session_id": "-", "timestamp": "2025-08-22T21:32:30.071710+00:00"}
{"asctime": "2025-08-22 23:32:30,071", "levelname": "INFO", "name": "AresSystem", "message": "Log directory: log", "correlation_id": "-", "session_id": "-", "timestamp": "2025-08-22T21:32:30.071825+00:00"}
{"asctime": "2025-08-22 23:32:30,071", "levelname": "INFO", "name": "AresGlobal", "message": "[SYSTEM] Log directory: log", "correlation_id": "-", "session_id": "-", "timestamp": "2025-08-22T21:32:30.071949+00:00"}
{"asctime": "2025-08-22 23:32:30,072", "levelname": "INFO", "name": "AresSystem", "message": "================================================================================", "correlation_id": "-", "session_id": "-", "timestamp": "2025-08-22T21:32:30.072065+00:00"}
{"asctime": "2025-08-22 23:32:30,072", "levelname": "INFO", "name": "AresGlobal", "message": "[SYSTEM] ================================================================================", "correlation_id": "-", "session_id": "-", "timestamp": "2025-08-22T21:32:30.072184+00:00"}
{"asctime": "2025-08-22 23:32:30,072", "levelname": "INFO", "name": "AresGlobal.AresLauncher", "message": "🚀 Running enhanced 16-step training pipeline for ETHUSDT on BINANCE", "correlation_id": "-", "session_id": "-", "timestamp": "2025-08-22T21:32:30.072340+00:00"}
{"asctime": "2025-08-22 23:32:30,072", "levelname": "INFO", "name": "AresGlobal.AresLauncher", "message": "Starting from step: step2_feature_engineering", "correlation_id": "-", "session_id": "-", "timestamp": "2025-08-22T21:32:30.072578+00:00"}
{"asctime": "2025-08-22 23:32:30,074", "levelname": "INFO", "name": "AresGlobal.AresLauncher", "message": "🧪 BLANK TRAINING MODE: Set BLANK_TRAINING_MODE=1 for step-based training", "correlation_id": "-", "session_id": "-", "timestamp": "2025-08-22T21:32:30.074316+00:00"}
{"asctime": "2025-08-22 23:32:30,074", "levelname": "INFO", "name": "AresGlobal.ProgressManager", "message": "Initialized ProgressManager for ETHUSDT on BINANCE", "correlation_id": "-", "session_id": "-", "timestamp": "2025-08-22T21:32:30.074579+00:00"}
{"asctime": "2025-08-22 23:32:30,074", "levelname": "INFO", "name": "AresGlobal.ProgressManager", "message": "Progress directory: data/training/progress/BINANCE_ETHUSDT", "correlation_id": "-", "session_id": "-", "timestamp": "2025-08-22T21:32:30.074770+00:00"}
{"asctime": "2025-08-22 23:32:30,074", "levelname": "INFO", "name": "AresGlobal.StepOrchestrator", "message": "Initialized StepOrchestrator for ETHUSDT on BINANCE", "correlation_id": "-", "session_id": "-", "timestamp": "2025-08-22T21:32:30.074893+00:00"}
{"asctime": "2025-08-22 23:32:30,075", "levelname": "DEBUG", "name": "asyncio", "message": "Using selector: KqueueSelector", "correlation_id": "-", "session_id": "-", "timestamp": "2025-08-22T21:32:30.075054+00:00"}
{"asctime": "2025-08-22 23:32:30,075", "levelname": "INFO", "name": "AresGlobal.StepOrchestrator", "message": "🚀 Starting execution from step: step2_feature_engineering", "correlation_id": "-", "session_id": "-", "timestamp": "2025-08-22T21:32:30.075298+00:00"}
{"asctime": "2025-08-22 23:32:31,928", "levelname": "INFO", "name": "src.utils.prometheus_metrics", "message": "Prometheus metrics server started on port 9000", "correlation_id": "-", "session_id": "-", "timestamp": "2025-08-22T21:32:31.928480+00:00"}
{"asctime": "2025-08-22 23:32:31,976", "levelname": "INFO", "name": "AresGlobal.EnhancedTrainingManager", "message": "Loaded optimization configuration", "correlation_id": "-", "session_id": "-", "timestamp": "2025-08-22T21:32:31.976236+00:00"}
{"asctime": "2025-08-22 23:32:31,976", "levelname": "INFO", "name": "AresGlobal.EnhancedTrainingManagerOptimized", "message": "Loaded optimization configuration", "correlation_id": "-", "session_id": "-", "timestamp": "2025-08-22T21:32:31.976595+00:00"}
{"asctime": "2025-08-22 23:32:31,976", "levelname": "INFO", "name": "AresGlobal.EnhancedTrainingManager", "message": "Loaded optimization configuration", "correlation_id": "-", "session_id": "-", "timestamp": "2025-08-22T21:32:31.976973+00:00"}
{"asctime": "2025-08-22 23:32:31,977", "levelname": "INFO", "name": "AresGlobal.EnhancedTrainingManager", "message": "🚀 Initializing Enhanced Training Manager...", "correlation_id": "-", "session_id": "-", "timestamp": "2025-08-22T21:32:31.977134+00:00"}
{"asctime": "2025-08-22 23:32:31,977", "levelname": "INFO", "name": "AresGlobal.EnhancedTrainingManager", "message": "📊 Blank training mode: True", "correlation_id": "-", "session_id": "-", "timestamp": "2025-08-22T21:32:31.977315+00:00"}
{"asctime": "2025-08-22 23:32:31,977", "levelname": "INFO", "name": "AresGlobal.EnhancedTrainingManager", "message": "🔧 Max trials: 200", "correlation_id": "-", "session_id": "-", "timestamp": "2025-08-22T21:32:31.977469+00:00"}
{"asctime": "2025-08-22 23:32:31,977", "levelname": "INFO", "name": "AresGlobal.EnhancedTrainingManager", "message": "🔧 N trials: 100", "correlation_id": "-", "session_id": "-", "timestamp": "2025-08-22T21:32:31.977614+00:00"}
{"asctime": "2025-08-22 23:32:31,977", "levelname": "INFO", "name": "AresGlobal.EnhancedTrainingManager", "message": "📈 Lookback days: 180", "correlation_id": "-", "session_id": "-", "timestamp": "2025-08-22T21:32:31.977859+00:00"}
{"asctime": "2025-08-22 23:32:31,978", "levelname": "INFO", "name": "AresGlobal.EnhancedTrainingManager", "message": "🚀 Computational optimization: True", "correlation_id": "-", "session_id": "-", "timestamp": "2025-08-22T21:32:31.978003+00:00"}
{"asctime": "2025-08-22 23:32:31,978", "levelname": "INFO", "name": "AresGlobal.EnhancedTrainingManager", "message": "📊 Resource Analysis:", "correlation_id": "-", "session_id": "-", "timestamp": "2025-08-22T21:32:31.978204+00:00"}
{"asctime": "2025-08-22 23:32:31,978", "levelname": "INFO", "name": "AresGlobal.EnhancedTrainingManager", "message": "   💾 System Memory: 16.0 GB", "correlation_id": "-", "session_id": "-", "timestamp": "2025-08-22T21:32:31.978355+00:00"}
{"asctime": "2025-08-22 23:32:31,978", "levelname": "INFO", "name": "AresGlobal.EnhancedTrainingManager", "message": "   🖥️ CPU Cores: 8", "correlation_id": "-", "session_id": "-", "timestamp": "2025-08-22T21:32:31.978495+00:00"}
{"asctime": "2025-08-22 23:32:31,978", "levelname": "INFO", "name": "AresGlobal.EnhancedTrainingManager", "message": "   📈 Estimated Memory Usage: 4.0 GB", "correlation_id": "-", "session_id": "-", "timestamp": "2025-08-22T21:32:31.978712+00:00"}
{"asctime": "2025-08-22 23:32:31,978", "levelname": "INFO", "name": "AresGlobal.EnhancedTrainingManager", "message": "   ⏱️ Estimated Time: 90 minutes (1.5 hours)", "correlation_id": "-", "session_id": "-", "timestamp": "2025-08-22T21:32:31.978862+00:00"}
{"asctime": "2025-08-22 23:32:31,979", "levelname": "INFO", "name": "AresGlobal.EnhancedTrainingManager", "message": "   🤖 Models to Train: 4", "correlation_id": "-", "session_id": "-", "timestamp": "2025-08-22T21:32:31.979089+00:00"}
{"asctime": "2025-08-22 23:32:31,979", "levelname": "INFO", "name": "AresGlobal.EnhancedTrainingManager", "message": "   🔧 Optimization Trials: 50", "correlation_id": "-", "session_id": "-", "timestamp": "2025-08-22T21:32:31.979236+00:00"}
{"asctime": "2025-08-22 23:32:31,979", "levelname": "INFO", "name": "AresGlobal.EnhancedTrainingManager", "message": "📋 Step-by-Step Time Estimates:", "correlation_id": "-", "session_id": "-", "timestamp": "2025-08-22T21:32:31.979384+00:00"}
{"asctime": "2025-08-22 23:32:31,979", "levelname": "INFO", "name": "AresGlobal.EnhancedTrainingManager", "message": "   step1_data_collection: 5 min (4.2%)", "correlation_id": "-", "session_id": "-", "timestamp": "2025-08-22T21:32:31.979613+00:00"}
{"asctime": "2025-08-22 23:32:31,979", "levelname": "INFO", "name": "AresGlobal.EnhancedTrainingManager", "message": "   step1_5_data_converter: 3 min (2.5%)", "correlation_id": "-", "session_id": "-", "timestamp": "2025-08-22T21:32:31.979755+00:00"}
{"asctime": "2025-08-22 23:32:31,979", "levelname": "INFO", "name": "AresGlobal.EnhancedTrainingManager", "message": "   step2_feature_engineering: 15 min (12.7%)", "correlation_id": "-", "session_id": "-", "timestamp": "2025-08-22T21:32:31.979959+00:00"}
{"asctime": "2025-08-22 23:32:31,980", "levelname": "INFO", "name": "AresGlobal.EnhancedTrainingManager", "message": "   step3_hmm_regime_discovery: 3 min (2.5%)", "correlation_id": "-", "session_id": "-", "timestamp": "2025-08-22T21:32:31.980091+00:00"}
{"asctime": "2025-08-22 23:32:31,980", "levelname": "INFO", "name": "AresGlobal.EnhancedTrainingManager", "message": "   step4_processing_labeling: 8 min (6.8%)", "correlation_id": "-", "session_id": "-", "timestamp": "2025-08-22T21:32:31.980234+00:00"}
{"asctime": "2025-08-22 23:32:31,980", "levelname": "INFO", "name": "AresGlobal.EnhancedTrainingManager", "message": "   step5_regime_data_splitting: 2 min (1.7%)", "correlation_id": "-", "session_id": "-", "timestamp": "2025-08-22T21:32:31.980360+00:00"}
{"asctime": "2025-08-22 23:32:31,982", "levelname": "INFO", "name": "AresGlobal.EnhancedTrainingManager", "message": "   step6_hmm_based_training: 10 min (8.5%)", "correlation_id": "-", "session_id": "-", "timestamp": "2025-08-22T21:32:31.982115+00:00"}
{"asctime": "2025-08-22 23:32:31,982", "levelname": "INFO", "name": "AresGlobal.EnhancedTrainingManager", "message": "   step6_5_unified_regime_intelligence: 8 min (6.8%)", "correlation_id": "-", "session_id": "-", "timestamp": "2025-08-22T21:32:31.982353+00:00"}
{"asctime": "2025-08-22 23:32:31,982", "levelname": "INFO", "name": "AresGlobal.EnhancedTrainingManager", "message": "   step7_analyst_enhancement: 8 min (6.8%)", "correlation_id": "-", "session_id": "-", "timestamp": "2025-08-22T21:32:31.982512+00:00"}
{"asctime": "2025-08-22 23:32:31,982", "levelname": "INFO", "name": "AresGlobal.EnhancedTrainingManager", "message": "   step8_tactician_labeling: 5 min (4.2%)", "correlation_id": "-", "session_id": "-", "timestamp": "2025-08-22T21:32:31.982675+00:00"}
{"asctime": "2025-08-22 23:32:31,983", "levelname": "INFO", "name": "AresGlobal.EnhancedTrainingManager", "message": "   step9_tactician_specialist_training: 10 min (8.5%)", "correlation_id": "-", "session_id": "-", "timestamp": "2025-08-22T21:32:31.983037+00:00"}
{"asctime": "2025-08-22 23:32:31,983", "levelname": "INFO", "name": "AresGlobal.EnhancedTrainingManager", "message": "   step10_confidence_calibration: 3 min (2.5%)", "correlation_id": "-", "session_id": "-", "timestamp": "2025-08-22T21:32:31.983399+00:00"}
{"asctime": "2025-08-22 23:32:31,983", "levelname": "INFO", "name": "AresGlobal.EnhancedTrainingManager", "message": "   step11_final_parameters_optimization: 15 min (12.7%)", "correlation_id": "-", "session_id": "-", "timestamp": "2025-08-22T21:32:31.983584+00:00"}
{"asctime": "2025-08-22 23:32:31,983", "levelname": "INFO", "name": "AresGlobal.EnhancedTrainingManager", "message": "   step12_walk_forward_validation: 8 min (6.8%)", "correlation_id": "-", "session_id": "-", "timestamp": "2025-08-22T21:32:31.983737+00:00"}
{"asctime": "2025-08-22 23:32:31,983", "levelname": "INFO", "name": "AresGlobal.EnhancedTrainingManager", "message": "   step13_monte_carlo_validation: 8 min (6.8%)", "correlation_id": "-", "session_id": "-", "timestamp": "2025-08-22T21:32:31.983895+00:00"}
{"asctime": "2025-08-22 23:32:31,984", "levelname": "INFO", "name": "AresGlobal.EnhancedTrainingManager", "message": "   step14_ab_testing: 5 min (4.2%)", "correlation_id": "-", "session_id": "-", "timestamp": "2025-08-22T21:32:31.984037+00:00"}
{"asctime": "2025-08-22 23:32:31,984", "levelname": "INFO", "name": "AresGlobal.EnhancedTrainingManager", "message": "   step15_saving: 2 min (1.7%)", "correlation_id": "-", "session_id": "-", "timestamp": "2025-08-22T21:32:31.984203+00:00"}
{"asctime": "2025-08-22 23:32:31,984", "levelname": "INFO", "name": "AresGlobal.EnhancedTrainingManager", "message": "💡 Recommendations:", "correlation_id": "-", "session_id": "-", "timestamp": "2025-08-22T21:32:31.984491+00:00"}
{"asctime": "2025-08-22 23:32:31,984", "levelname": "INFO", "name": "AresGlobal.EnhancedTrainingManager", "message": "   ✅ Blank training mode is suitable for your system", "correlation_id": "-", "session_id": "-", "timestamp": "2025-08-22T21:32:31.984793+00:00"}
{"asctime": "2025-08-22 23:32:31,985", "levelname": "INFO", "name": "AresGlobal.EnhancedTrainingManager", "message": "🚀 Initializing computational optimization components...", "correlation_id": "-", "session_id": "-", "timestamp": "2025-08-22T21:32:31.985093+00:00"}
{"asctime": "2025-08-22 23:32:31,985", "levelname": "INFO", "name": "AresGlobal.ComputationalOptimizationManager", "message": "Computational Optimization Manager initialized", "correlation_id": "-", "session_id": "-", "timestamp": "2025-08-22T21:32:31.985651+00:00"}
{"asctime": "2025-08-22 23:32:31,985", "levelname": "INFO", "name": "AresGlobal.EnhancedTrainingManager", "message": "✅ Computational optimization components initialized successfully", "correlation_id": "-", "session_id": "-", "timestamp": "2025-08-22T21:32:31.985821+00:00"}
{"asctime": "2025-08-22 23:32:31,985", "levelname": "INFO", "name": "AresGlobal.EnhancedTrainingManager", "message": "✅ Enhanced Training Manager initialized successfully", "correlation_id": "-", "session_id": "-", "timestamp": "2025-08-22T21:32:31.985976+00:00"}
{"asctime": "2025-08-22 23:32:31,986", "levelname": "INFO", "name": "AresGlobal.StepOrchestrator", "message": "✅ Enhanced training manager setup successfully", "correlation_id": "-", "session_id": "-", "timestamp": "2025-08-22T21:32:31.986130+00:00"}
{"asctime": "2025-08-22 23:32:31,986", "levelname": "INFO", "name": "AresGlobal.EnhancedTrainingManager", "message": "================================================================================", "correlation_id": "-", "session_id": "-", "timestamp": "2025-08-22T21:32:31.986287+00:00"}
{"asctime": "2025-08-22 23:32:31,986", "levelname": "INFO", "name": "AresGlobal.EnhancedTrainingManager", "message": "🚀 COMPREHENSIVE 15-STEP ENHANCED TRAINING PIPELINE START", "correlation_id": "-", "session_id": "-", "timestamp": "2025-08-22T21:32:31.986424+00:00"}
{"asctime": "2025-08-22 23:32:31,986", "levelname": "INFO", "name": "AresGlobal.EnhancedTrainingManager", "message": "================================================================================", "correlation_id": "-", "session_id": "-", "timestamp": "2025-08-22T21:32:31.986839+00:00"}
{"asctime": "2025-08-22 23:32:31,987", "levelname": "INFO", "name": "AresGlobal.EnhancedTrainingManager", "message": "📅 Started at: 2025-08-22 23:32:31", "correlation_id": "-", "session_id": "-", "timestamp": "2025-08-22T21:32:31.987302+00:00"}
{"asctime": "2025-08-22 23:32:31,987", "levelname": "INFO", "name": "AresGlobal.EnhancedTrainingManager", "message": "🎯 Symbol: ETHUSDT", "correlation_id": "-", "session_id": "-", "timestamp": "2025-08-22T21:32:31.987925+00:00"}
{"asctime": "2025-08-22 23:32:31,988", "levelname": "INFO", "name": "AresGlobal.EnhancedTrainingManager", "message": "🏢 Exchange: BINANCE", "correlation_id": "-", "session_id": "-", "timestamp": "2025-08-22T21:32:31.988423+00:00"}
{"asctime": "2025-08-22 23:32:31,988", "levelname": "INFO", "name": "AresGlobal.EnhancedTrainingManager", "message": "📊 Training Mode: N/A", "correlation_id": "-", "session_id": "-", "timestamp": "2025-08-22T21:32:31.988601+00:00"}
{"asctime": "2025-08-22 23:32:31,988", "levelname": "INFO", "name": "AresGlobal.EnhancedTrainingManager", "message": "📈 Lookback Days: 180", "correlation_id": "-", "session_id": "-", "timestamp": "2025-08-22T21:32:31.988751+00:00"}
{"asctime": "2025-08-22 23:32:31,989", "levelname": "INFO", "name": "AresGlobal.EnhancedTrainingManager", "message": "🔧 Blank Training Mode: True", "correlation_id": "-", "session_id": "-", "timestamp": "2025-08-22T21:32:31.989127+00:00"}
{"asctime": "2025-08-22 23:32:31,989", "levelname": "INFO", "name": "AresGlobal.EnhancedTrainingManager", "message": "🔧 Max Trials: 200", "correlation_id": "-", "session_id": "-", "timestamp": "2025-08-22T21:32:31.989424+00:00"}
{"asctime": "2025-08-22 23:32:31,989", "levelname": "INFO", "name": "AresGlobal.EnhancedTrainingManager", "message": "🔧 N Trials: 100", "correlation_id": "-", "session_id": "-", "timestamp": "2025-08-22T21:32:31.989600+00:00"}
{"asctime": "2025-08-22 23:32:31,989", "levelname": "INFO", "name": "AresGlobal.EnhancedTrainingManager", "message": "🚀 Initializing optimized tools...", "correlation_id": "-", "session_id": "-", "timestamp": "2025-08-22T21:32:31.989788+00:00"}
{"asctime": "2025-08-22 23:32:31,989", "levelname": "INFO", "name": "AresGlobal.EnhancedTrainingManagerOptimized", "message": "🚀 Initializing Enhanced Training Manager with Optimizations...", "correlation_id": "-", "session_id": "-", "timestamp": "2025-08-22T21:32:31.989958+00:00"}
{"asctime": "2025-08-22 23:32:31,998", "levelname": "INFO", "name": "AresGlobal.EnhancedTrainingManagerOptimized", "message": "✅ Parallel backtester initialized with 8 workers", "correlation_id": "-", "session_id": "-", "timestamp": "2025-08-22T21:32:31.998398+00:00"}
{"asctime": "2025-08-22 23:32:31,999", "levelname": "INFO", "name": "AresGlobal.EnhancedTrainingManagerOptimized", "message": "✅ All optimization components initialized successfully", "correlation_id": "-", "session_id": "-", "timestamp": "2025-08-22T21:32:31.999552+00:00"}
{"asctime": "2025-08-22 23:32:31,999", "levelname": "INFO", "name": "AresGlobal.EnhancedTrainingManager", "message": "   ✅ Optimized training manager initialized", "correlation_id": "-", "session_id": "-", "timestamp": "2025-08-22T21:32:31.999881+00:00"}
{"asctime": "2025-08-22 23:32:32,000", "levelname": "INFO", "name": "AresGlobal.EnhancedTrainingManager", "message": "   ✅ Streaming processor initialized", "correlation_id": "-", "session_id": "-", "timestamp": "2025-08-22T21:32:32.000098+00:00"}
{"asctime": "2025-08-22 23:32:32,000", "levelname": "INFO", "name": "AresGlobal.EnhancedTrainingManager", "message": "   ✅ Parallel backtester initialized with 8 workers", "correlation_id": "-", "session_id": "-", "timestamp": "2025-08-22T21:32:32.000931+00:00"}
{"asctime": "2025-08-22 23:32:32,001", "levelname": "INFO", "name": "AresGlobal.EnhancedTrainingManager", "message": "   ✅ Adaptive sampler initialized", "correlation_id": "-", "session_id": "-", "timestamp": "2025-08-22T21:32:32.001125+00:00"}
{"asctime": "2025-08-22 23:32:32,001", "levelname": "INFO", "name": "AresGlobal.EnhancedTrainingManager", "message": "   ✅ Incremental trainer initialized", "correlation_id": "-", "session_id": "-", "timestamp": "2025-08-22T21:32:32.001301+00:00"}
{"asctime": "2025-08-22 23:32:32,001", "levelname": "INFO", "name": "AresGlobal.EnhancedTrainingManager", "message": "✅ All optimized tools initialized successfully", "correlation_id": "-", "session_id": "-", "timestamp": "2025-08-22T21:32:32.001764+00:00"}
{"asctime": "2025-08-22 23:32:32,002", "levelname": "INFO", "name": "AresGlobal.EnhancedTrainingManager", "message": "🚀 Starting fresh training...", "correlation_id": "-", "session_id": "-", "timestamp": "2025-08-22T21:32:32.002336+00:00"}
{"asctime": "2025-08-22 23:32:32,002", "levelname": "INFO", "name": "AresGlobal.EnhancedTrainingManager", "message": "====================================================================================================", "correlation_id": "-", "session_id": "-", "timestamp": "2025-08-22T21:32:32.002542+00:00"}
{"asctime": "2025-08-22 23:32:32,002", "levelname": "INFO", "name": "AresGlobal.EnhancedTrainingManager", "message": "🚀 COMPREHENSIVE 15-STEP TRAINING PIPELINE START", "correlation_id": "-", "session_id": "-", "timestamp": "2025-08-22T21:32:32.002732+00:00"}
{"asctime": "2025-08-22 23:32:32,002", "levelname": "INFO", "name": "AresGlobal.EnhancedTrainingManager", "message": "====================================================================================================", "correlation_id": "-", "session_id": "-", "timestamp": "2025-08-22T21:32:32.002954+00:00"}
{"asctime": "2025-08-22 23:32:32,003", "levelname": "INFO", "name": "AresGlobal.EnhancedTrainingManager", "message": "📅 Started at: 2025-08-22 23:32:32", "correlation_id": "-", "session_id": "-", "timestamp": "2025-08-22T21:32:32.003197+00:00"}
{"asctime": "2025-08-22 23:32:32,003", "levelname": "INFO", "name": "AresGlobal.EnhancedTrainingManager", "message": "🎯 Symbol: ETHUSDT", "correlation_id": "-", "session_id": "-", "timestamp": "2025-08-22T21:32:32.003641+00:00"}
{"asctime": "2025-08-22 23:32:32,004", "levelname": "INFO", "name": "AresGlobal.EnhancedTrainingManager", "message": "🏢 Exchange: BINANCE", "correlation_id": "-", "session_id": "-", "timestamp": "2025-08-22T21:32:32.004044+00:00"}
{"asctime": "2025-08-22 23:32:32,004", "levelname": "INFO", "name": "AresGlobal.EnhancedTrainingManager", "message": "📊 Timeframe: 1m", "correlation_id": "-", "session_id": "-", "timestamp": "2025-08-22T21:32:32.004306+00:00"}
{"asctime": "2025-08-22 23:32:32,004", "levelname": "INFO", "name": "AresGlobal.EnhancedTrainingManager", "message": "🧠 Training Mode: Blank", "correlation_id": "-", "session_id": "-", "timestamp": "2025-08-22T21:32:32.004471+00:00"}
{"asctime": "2025-08-22 23:32:32,004", "levelname": "INFO", "name": "AresGlobal.EnhancedTrainingManager", "message": "🔧 Max Trials: 200", "correlation_id": "-", "session_id": "-", "timestamp": "2025-08-22T21:32:32.004839+00:00"}
{"asctime": "2025-08-22 23:32:32,005", "levelname": "INFO", "name": "AresGlobal.EnhancedTrainingManager", "message": "📈 Lookback Days: 180", "correlation_id": "-", "session_id": "-", "timestamp": "2025-08-22T21:32:32.005281+00:00"}
{"asctime": "2025-08-22 23:32:32,005", "levelname": "INFO", "name": "AresGlobal.EnhancedTrainingManager", "message": "💾 Memory Optimization: Enabled", "correlation_id": "-", "session_id": "-", "timestamp": "2025-08-22T21:32:32.005658+00:00"}
{"asctime": "2025-08-22 23:32:32,005", "levelname": "INFO", "name": "AresGlobal.EnhancedTrainingManager", "message": "🚀 Starting from step: step2_feature_engineering", "correlation_id": "-", "session_id": "-", "timestamp": "2025-08-22T21:32:32.005891+00:00"}
{"asctime": "2025-08-22 23:32:32,006", "levelname": "INFO", "name": "AresGlobal.EnhancedTrainingManager", "message": "====================================================================================================", "correlation_id": "-", "session_id": "-", "timestamp": "2025-08-22T21:32:32.006076+00:00"}
{"asctime": "2025-08-22 23:32:32,007", "levelname": "ERROR", "name": "AresGlobal.EnhancedTrainingManager", "message": "❌ Enhanced training pipeline failed", "correlation_id": "-", "session_id": "-", "timestamp": "2025-08-22T21:32:32.007745+00:00"}
{"asctime": "2025-08-22 23:32:32,008", "levelname": "INFO", "name": "AresGlobal.StepOrchestrator", "message": "\u001b[91m\u001b[1m🚫\u001b[0m \u001b[91m\u001b[1m❌ Enhanced 16-step training pipeline failed\u001b[0m", "correlation_id": "-", "session_id": "-", "timestamp": "2025-08-22T21:32:32.008305+00:00"}
{"asctime": "2025-08-22 23:32:32,009", "levelname": "ERROR", "name": "AresGlobal.AresLauncher", "message": "❌ Step-based training pipeline failed", "correlation_id": "-", "session_id": "-", "timestamp": "2025-08-22T21:32:32.009492+00:00"}
{"asctime": "2025-08-22 23:32:32,010", "levelname": "INFO", "name": "AresSystem", "message": "================================================================================", "correlation_id": "-", "session_id": "-", "timestamp": "2025-08-22T21:32:32.010054+00:00"}
{"asctime": "2025-08-22 23:32:32,010", "levelname": "INFO", "name": "AresGlobal", "message": "[SYSTEM] ================================================================================", "correlation_id": "-", "session_id": "-", "timestamp": "2025-08-22T21:32:32.010399+00:00"}
{"asctime": "2025-08-22 23:32:32,010", "levelname": "INFO", "name": "AresSystem", "message": "🛑 ARES LAUNCHER ENDED - Exit code: 1", "correlation_id": "-", "session_id": "-", "timestamp": "2025-08-22T21:32:32.010695+00:00"}
{"asctime": "2025-08-22 23:32:32,011", "levelname": "INFO", "name": "AresGlobal", "message": "[SYSTEM] 🛑 ARES LAUNCHER ENDED - Exit code: 1", "correlation_id": "-", "session_id": "-", "timestamp": "2025-08-22T21:32:32.011046+00:00"}
{"asctime": "2025-08-22 23:32:32,011", "levelname": "INFO", "name": "AresSystem", "message": "End time: 2025-08-22 23:32:32", "correlation_id": "-", "session_id": "-", "timestamp": "2025-08-22T21:32:32.011533+00:00"}
{"asctime": "2025-08-22 23:32:32,011", "levelname": "INFO", "name": "AresGlobal", "message": "[SYSTEM] End time: 2025-08-22 23:32:32", "correlation_id": "-", "session_id": "-", "timestamp": "2025-08-22T21:32:32.011928+00:00"}
{"asctime": "2025-08-22 23:32:32,012", "levelname": "INFO", "name": "AresSystem", "message": "================================================================================", "correlation_id": "-", "session_id": "-", "timestamp": "2025-08-22T21:32:32.012314+00:00"}
{"asctime": "2025-08-22 23:32:32,012", "levelname": "INFO", "name": "AresGlobal", "message": "[SYSTEM] ================================================================================", "correlation_id": "-", "session_id": "-", "timestamp": "2025-08-22T21:32:32.012603+00:00"}
{"asctime": "2025-08-22 23:32:32,012", "levelname": "INFO", "name": "AresGlobal.AresLauncher", "message": "🧹 Cleaning up processes...", "correlation_id": "-", "session_id": "-", "timestamp": "2025-08-22T21:32:32.012920+00:00"}
{"asctime": "2025-08-22 23:32:32,013", "levelname": "INFO", "name": "AresGlobal.AresLauncher", "message": "✅ Cleanup completed", "correlation_id": "-", "session_id": "-", "timestamp": "2025-08-22T21:32:32.013962+00:00"}
