{"asctime": "2025-08-22 23:32:39,110", "levelname": "INFO", "name": "AresGlobal", "message": "================================================================================", "correlation_id": "-", "session_id": "-", "timestamp": "2025-08-22T21:32:39.110761+00:00"}
{"asctime": "2025-08-22 23:32:39,110", "levelname": "INFO", "name": "AresGlobal", "message": "📊 SESSION SUMMARY", "correlation_id": "-", "session_id": "-", "timestamp": "2025-08-22T21:32:39.110924+00:00"}
{"asctime": "2025-08-22 23:32:39,111", "levelname": "INFO", "name": "AresGlobal", "message": "Session started: 2025-08-22 23:32:39", "correlation_id": "-", "session_id": "-", "timestamp": "2025-08-22T21:32:39.111081+00:00"}
{"asctime": "2025-08-22 23:32:39,111", "levelname": "INFO", "name": "AresGlobal", "message": "This file contains ALL logs for this session", "correlation_id": "-", "session_id": "-", "timestamp": "2025-08-22T21:32:39.111209+00:00"}
{"asctime": "2025-08-22 23:32:39,111", "levelname": "INFO", "name": "AresGlobal", "message": "================================================================================", "correlation_id": "-", "session_id": "-", "timestamp": "2025-08-22T21:32:39.111332+00:00"}
{"asctime": "2025-08-22 23:32:39,111", "levelname": "INFO", "name": "AresSystem", "message": "================================================================================", "correlation_id": "-", "session_id": "-", "timestamp": "2025-08-22T21:32:39.111497+00:00"}
{"asctime": "2025-08-22 23:32:39,111", "levelname": "INFO", "name": "AresGlobal", "message": "[SYSTEM] ================================================================================", "correlation_id": "-", "session_id": "-", "timestamp": "2025-08-22T21:32:39.111908+00:00"}
{"asctime": "2025-08-22 23:32:39,112", "levelname": "INFO", "name": "AresSystem", "message": "🚀 ARES LAUNCHER STARTED - Mode: INITIALIZATION", "correlation_id": "-", "session_id": "-", "timestamp": "2025-08-22T21:32:39.112076+00:00"}
{"asctime": "2025-08-22 23:32:39,112", "levelname": "INFO", "name": "AresGlobal", "message": "[SYSTEM] 🚀 ARES LAUNCHER STARTED - Mode: INITIALIZATION", "correlation_id": "-", "session_id": "-", "timestamp": "2025-08-22T21:32:39.112231+00:00"}
{"asctime": "2025-08-22 23:32:39,112", "levelname": "INFO", "name": "AresSystem", "message": "Start time: 2025-08-22 23:32:39", "correlation_id": "-", "session_id": "-", "timestamp": "2025-08-22T21:32:39.112382+00:00"}
{"asctime": "2025-08-22 23:32:39,112", "levelname": "INFO", "name": "AresGlobal", "message": "[SYSTEM] Start time: 2025-08-22 23:32:39", "correlation_id": "-", "session_id": "-", "timestamp": "2025-08-22T21:32:39.112507+00:00"}
{"asctime": "2025-08-22 23:32:39,112", "levelname": "INFO", "name": "AresSystem", "message": "Log directory: log", "correlation_id": "-", "session_id": "-", "timestamp": "2025-08-22T21:32:39.112632+00:00"}
{"asctime": "2025-08-22 23:32:39,112", "levelname": "INFO", "name": "AresGlobal", "message": "[SYSTEM] Log directory: log", "correlation_id": "-", "session_id": "-", "timestamp": "2025-08-22T21:32:39.112751+00:00"}
{"asctime": "2025-08-22 23:32:39,112", "levelname": "INFO", "name": "AresSystem", "message": "================================================================================", "correlation_id": "-", "session_id": "-", "timestamp": "2025-08-22T21:32:39.112871+00:00"}
{"asctime": "2025-08-22 23:32:39,112", "levelname": "INFO", "name": "AresGlobal", "message": "[SYSTEM] ================================================================================", "correlation_id": "-", "session_id": "-", "timestamp": "2025-08-22T21:32:39.112992+00:00"}
{"asctime": "2025-08-22 23:32:39,113", "levelname": "INFO", "name": "AresGlobal.AresLauncher", "message": "================================================================================", "correlation_id": "-", "session_id": "-", "timestamp": "2025-08-22T21:32:39.113114+00:00"}
{"asctime": "2025-08-22 23:32:39,113", "levelname": "INFO", "name": "AresGlobal.AresLauncher", "message": "🚀 ARES COMPREHENSIVE LAUNCHER", "correlation_id": "-", "session_id": "-", "timestamp": "2025-08-22T21:32:39.113261+00:00"}
{"asctime": "2025-08-22 23:32:39,113", "levelname": "INFO", "name": "AresGlobal.AresLauncher", "message": "================================================================================", "correlation_id": "-", "session_id": "-", "timestamp": "2025-08-22T21:32:39.113403+00:00"}
{"asctime": "2025-08-22 23:32:39,113", "levelname": "INFO", "name": "AresGlobal.AresLauncher", "message": "Start time: 2025-08-22 23:32:39", "correlation_id": "-", "session_id": "-", "timestamp": "2025-08-22T21:32:39.113533+00:00"}
{"asctime": "2025-08-22 23:32:39,113", "levelname": "INFO", "name": "AresGlobal.AresLauncher", "message": "Log directory: log", "correlation_id": "-", "session_id": "-", "timestamp": "2025-08-22T21:32:39.113652+00:00"}
{"asctime": "2025-08-22 23:32:39,113", "levelname": "INFO", "name": "AresGlobal.AresLauncher", "message": "Log level: INFO", "correlation_id": "-", "session_id": "-", "timestamp": "2025-08-22T21:32:39.113774+00:00"}
{"asctime": "2025-08-22 23:32:39,113", "levelname": "INFO", "name": "AresGlobal.AresLauncher", "message": "Global log file: ares_global_20250822_233239.log", "correlation_id": "-", "session_id": "-", "timestamp": "2025-08-22T21:32:39.113898+00:00"}
{"asctime": "2025-08-22 23:32:39,114", "levelname": "INFO", "name": "AresGlobal.AresLauncher", "message": "Full run log: log/ares_full_20250822_233239.log", "correlation_id": "-", "session_id": "-", "timestamp": "2025-08-22T21:32:39.114028+00:00"}
{"asctime": "2025-08-22 23:32:39,114", "levelname": "INFO", "name": "AresGlobal.AresLauncher", "message": "Trades log: log/ares_trades_20250822_233239.log", "correlation_id": "-", "session_id": "-", "timestamp": "2025-08-22T21:32:39.114138+00:00"}
{"asctime": "2025-08-22 23:32:39,114", "levelname": "INFO", "name": "AresGlobal.AresLauncher", "message": "Backtest log: log/ares_backtest_20250822_233239.log", "correlation_id": "-", "session_id": "-", "timestamp": "2025-08-22T21:32:39.114249+00:00"}
{"asctime": "2025-08-22 23:32:39,114", "levelname": "INFO", "name": "AresGlobal.AresLauncher", "message": "================================================================================", "correlation_id": "-", "session_id": "-", "timestamp": "2025-08-22T21:32:39.114360+00:00"}
{"asctime": "2025-08-22 23:32:39,114", "levelname": "INFO", "name": "AresTradingSystem.System.SignalHandler", "message": "Shutdown callback registered", "correlation_id": "-", "session_id": "-", "timestamp": "2025-08-22T21:32:39.114477+00:00"}
{"asctime": "2025-08-22 23:32:39,114", "levelname": "INFO", "name": "AresSystem", "message": "================================================================================", "correlation_id": "-", "session_id": "-", "timestamp": "2025-08-22T21:32:39.114597+00:00"}
{"asctime": "2025-08-22 23:32:39,114", "levelname": "INFO", "name": "AresGlobal", "message": "[SYSTEM] ================================================================================", "correlation_id": "-", "session_id": "-", "timestamp": "2025-08-22T21:32:39.114715+00:00"}
{"asctime": "2025-08-22 23:32:39,114", "levelname": "INFO", "name": "AresSystem", "message": "🚀 ARES LAUNCHER STARTED - Mode: blank - Symbol: ETHUSDT - Exchange: BINANCE", "correlation_id": "-", "session_id": "-", "timestamp": "2025-08-22T21:32:39.114828+00:00"}
{"asctime": "2025-08-22 23:32:39,114", "levelname": "INFO", "name": "AresGlobal", "message": "[SYSTEM] 🚀 ARES LAUNCHER STARTED - Mode: blank - Symbol: ETHUSDT - Exchange: BINANCE", "correlation_id": "-", "session_id": "-", "timestamp": "2025-08-22T21:32:39.114950+00:00"}
{"asctime": "2025-08-22 23:32:39,115", "levelname": "INFO", "name": "AresSystem", "message": "Start time: 2025-08-22 23:32:39", "correlation_id": "-", "session_id": "-", "timestamp": "2025-08-22T21:32:39.115077+00:00"}
{"asctime": "2025-08-22 23:32:39,115", "levelname": "INFO", "name": "AresGlobal", "message": "[SYSTEM] Start time: 2025-08-22 23:32:39", "correlation_id": "-", "session_id": "-", "timestamp": "2025-08-22T21:32:39.115190+00:00"}
{"asctime": "2025-08-22 23:32:39,115", "levelname": "INFO", "name": "AresSystem", "message": "Log directory: log", "correlation_id": "-", "session_id": "-", "timestamp": "2025-08-22T21:32:39.115307+00:00"}
{"asctime": "2025-08-22 23:32:39,115", "levelname": "INFO", "name": "AresGlobal", "message": "[SYSTEM] Log directory: log", "correlation_id": "-", "session_id": "-", "timestamp": "2025-08-22T21:32:39.115430+00:00"}
{"asctime": "2025-08-22 23:32:39,115", "levelname": "INFO", "name": "AresSystem", "message": "================================================================================", "correlation_id": "-", "session_id": "-", "timestamp": "2025-08-22T21:32:39.115544+00:00"}
{"asctime": "2025-08-22 23:32:39,115", "levelname": "INFO", "name": "AresGlobal", "message": "[SYSTEM] ================================================================================", "correlation_id": "-", "session_id": "-", "timestamp": "2025-08-22T21:32:39.115659+00:00"}
{"asctime": "2025-08-22 23:32:39,115", "levelname": "INFO", "name": "AresGlobal.AresLauncher", "message": "🚀 Running enhanced 16-step training pipeline for ETHUSDT on BINANCE", "correlation_id": "-", "session_id": "-", "timestamp": "2025-08-22T21:32:39.115808+00:00"}
{"asctime": "2025-08-22 23:32:39,115", "levelname": "INFO", "name": "AresGlobal.AresLauncher", "message": "Starting from step: step2_processing_labeling_feature_engineering", "correlation_id": "-", "session_id": "-", "timestamp": "2025-08-22T21:32:39.115937+00:00"}
{"asctime": "2025-08-22 23:32:39,116", "levelname": "INFO", "name": "AresGlobal.AresLauncher", "message": "🧪 BLANK TRAINING MODE: Set BLANK_TRAINING_MODE=1 for step-based training", "correlation_id": "-", "session_id": "-", "timestamp": "2025-08-22T21:32:39.116868+00:00"}
{"asctime": "2025-08-22 23:32:39,117", "levelname": "INFO", "name": "AresGlobal.ProgressManager", "message": "Initialized ProgressManager for ETHUSDT on BINANCE", "correlation_id": "-", "session_id": "-", "timestamp": "2025-08-22T21:32:39.117076+00:00"}
{"asctime": "2025-08-22 23:32:39,117", "levelname": "INFO", "name": "AresGlobal.ProgressManager", "message": "Progress directory: data/training/progress/BINANCE_ETHUSDT", "correlation_id": "-", "session_id": "-", "timestamp": "2025-08-22T21:32:39.117201+00:00"}
{"asctime": "2025-08-22 23:32:39,117", "levelname": "INFO", "name": "AresGlobal.StepOrchestrator", "message": "Initialized StepOrchestrator for ETHUSDT on BINANCE", "correlation_id": "-", "session_id": "-", "timestamp": "2025-08-22T21:32:39.117320+00:00"}
{"asctime": "2025-08-22 23:32:39,117", "levelname": "INFO", "name": "AresGlobal.AresLauncher", "message": "📁 Using pre-consolidated data for step02", "correlation_id": "-", "session_id": "-", "timestamp": "2025-08-22T21:32:39.117435+00:00"}
{"asctime": "2025-08-22 23:32:39,117", "levelname": "ERROR", "name": "AresGlobal.AresLauncher", "message": "❌ Consolidated data file not found: data_cache/aggtrades_BINANCE_ETHUSDT_consolidated.parquet", "correlation_id": "-", "session_id": "-", "timestamp": "2025-08-22T21:32:39.117587+00:00"}
{"asctime": "2025-08-22 23:32:39,117", "levelname": "ERROR", "name": "AresGlobal.AresLauncher", "message": "Please run data loading first or ensure consolidated data exists", "correlation_id": "-", "session_id": "-", "timestamp": "2025-08-22T21:32:39.117715+00:00"}
{"asctime": "2025-08-22 23:32:39,117", "levelname": "INFO", "name": "AresSystem", "message": "================================================================================", "correlation_id": "-", "session_id": "-", "timestamp": "2025-08-22T21:32:39.117853+00:00"}
{"asctime": "2025-08-22 23:32:39,117", "levelname": "INFO", "name": "AresGlobal", "message": "[SYSTEM] ================================================================================", "correlation_id": "-", "session_id": "-", "timestamp": "2025-08-22T21:32:39.117977+00:00"}
{"asctime": "2025-08-22 23:32:39,118", "levelname": "INFO", "name": "AresSystem", "message": "🛑 ARES LAUNCHER ENDED - Exit code: 1", "correlation_id": "-", "session_id": "-", "timestamp": "2025-08-22T21:32:39.118095+00:00"}
{"asctime": "2025-08-22 23:32:39,118", "levelname": "INFO", "name": "AresGlobal", "message": "[SYSTEM] 🛑 ARES LAUNCHER ENDED - Exit code: 1", "correlation_id": "-", "session_id": "-", "timestamp": "2025-08-22T21:32:39.118224+00:00"}
{"asctime": "2025-08-22 23:32:39,118", "levelname": "INFO", "name": "AresSystem", "message": "End time: 2025-08-22 23:32:39", "correlation_id": "-", "session_id": "-", "timestamp": "2025-08-22T21:32:39.118538+00:00"}
{"asctime": "2025-08-22 23:32:39,118", "levelname": "INFO", "name": "AresGlobal", "message": "[SYSTEM] End time: 2025-08-22 23:32:39", "correlation_id": "-", "session_id": "-", "timestamp": "2025-08-22T21:32:39.118696+00:00"}
{"asctime": "2025-08-22 23:32:39,118", "levelname": "INFO", "name": "AresSystem", "message": "================================================================================", "correlation_id": "-", "session_id": "-", "timestamp": "2025-08-22T21:32:39.118827+00:00"}
{"asctime": "2025-08-22 23:32:39,118", "levelname": "INFO", "name": "AresGlobal", "message": "[SYSTEM] ================================================================================", "correlation_id": "-", "session_id": "-", "timestamp": "2025-08-22T21:32:39.118951+00:00"}
{"asctime": "2025-08-22 23:32:39,119", "levelname": "INFO", "name": "AresGlobal.AresLauncher", "message": "🧹 Cleaning up processes...", "correlation_id": "-", "session_id": "-", "timestamp": "2025-08-22T21:32:39.119075+00:00"}
{"asctime": "2025-08-22 23:32:39,119", "levelname": "INFO", "name": "AresGlobal.AresLauncher", "message": "✅ Cleanup completed", "correlation_id": "-", "session_id": "-", "timestamp": "2025-08-22T21:32:39.119206+00:00"}
