{"asctime": "2025-09-04 22:21:51,581", "levelname": "INFO", "name": "AresTradingSystem", "message": "✅ Enhanced Logger initialization completed successfully", "correlation_id": "-", "session_id": "-", "timestamp": "2025-09-04T20:21:51.581618+00:00"}
{"asctime": "2025-09-04 22:21:51,858", "levelname": "INFO", "name": "AresTradingSystem", "message": "🚀 Launcher started: INITIALIZATION", "correlation_id": "-", "session_id": "-", "timestamp": "2025-09-04T20:21:51.858794+00:00"}
{"asctime": "2025-09-04 22:21:51,859", "levelname": "INFO", "name": "AresTradingSystem", "message": "🚀 Launcher started: step02", "correlation_id": "-", "session_id": "-", "timestamp": "2025-09-04T20:21:51.859457+00:00"}
{"asctime": "2025-09-04 22:21:51,859", "levelname": "INFO", "name": "AresTradingSystem", "message": "📊 Symbol: ETHUSDT, Exchange: BINANCE", "correlation_id": "-", "session_id": "-", "timestamp": "2025-09-04T20:21:51.859578+00:00"}
{"asctime": "2025-09-04 22:21:51,888", "levelname": "INFO", "name": "AresTradingSystem.System.ProgressManager", "message": "Initialized ProgressManager for ETHUSDT on BINANCE", "correlation_id": "-", "session_id": "-", "timestamp": "2025-09-04T20:21:51.888968+00:00"}
{"asctime": "2025-09-04 22:21:51,889", "levelname": "INFO", "name": "AresTradingSystem.System.ProgressManager", "message": "Progress directory: data/training/progress/BINANCE_ETHUSDT", "correlation_id": "-", "session_id": "-", "timestamp": "2025-09-04T20:21:51.889140+00:00"}
{"asctime": "2025-09-04 22:21:51,889", "levelname": "INFO", "name": "AresTradingSystem.System.StepOrchestrator", "message": "Initialized StepOrchestrator for ETHUSDT on BINANCE", "correlation_id": "-", "session_id": "-", "timestamp": "2025-09-04T20:21:51.889253+00:00"}
{"asctime": "2025-09-04 22:21:51,889", "levelname": "INFO", "name": "AresTradingSystem.System.StepOrchestrator", "message": "🚀 Starting execution from step: step02_data_reading", "correlation_id": "-", "session_id": "-", "timestamp": "2025-09-04T20:21:51.889394+00:00"}
{"asctime": "2025-09-04 22:21:51,891", "levelname": "INFO", "name": "AresTradingSystem.System.ProgressManager", "message": "Initialized ProgressManager for BTCUSDT on binance", "correlation_id": "-", "session_id": "-", "timestamp": "2025-09-04T20:21:51.891708+00:00"}
{"asctime": "2025-09-04 22:21:51,891", "levelname": "INFO", "name": "AresTradingSystem.System.ProgressManager", "message": "Progress directory: data/progress/binance_BTCUSDT", "correlation_id": "-", "session_id": "-", "timestamp": "2025-09-04T20:21:51.891883+00:00"}
{"asctime": "2025-09-04 22:21:51,892", "levelname": "INFO", "name": "AresTradingSystem.System.SimplifiedTrainingManager", "message": "Initialized SimplifiedTrainingManager for BTCUSDT on binance", "correlation_id": "-", "session_id": "-", "timestamp": "2025-09-04T20:21:51.892005+00:00"}
{"asctime": "2025-09-04 22:21:51,892", "levelname": "INFO", "name": "AresTradingSystem.System.TrainingManager", "message": "🔧 Initializing Training Manager...", "correlation_id": "-", "session_id": "-", "timestamp": "2025-09-04T20:21:51.892108+00:00"}
{"asctime": "2025-09-04 22:21:51,892", "levelname": "INFO", "name": "AresTradingSystem.System.SimplifiedTrainingManager", "message": "🔧 Initializing training manager...", "correlation_id": "-", "session_id": "-", "timestamp": "2025-09-04T20:21:51.892219+00:00"}
{"asctime": "2025-09-04 22:21:51,892", "levelname": "INFO", "name": "AresTradingSystem.System.SimplifiedTrainingManager", "message": "✅ Step sequence validated: 23 steps, 23 enabled", "correlation_id": "-", "session_id": "-", "timestamp": "2025-09-04T20:21:51.892437+00:00"}
{"asctime": "2025-09-04 22:21:51,892", "levelname": "INFO", "name": "AresTradingSystem.System.SimplifiedTrainingManager", "message": "✅ Training manager initialized successfully", "correlation_id": "-", "session_id": "-", "timestamp": "2025-09-04T20:21:51.892792+00:00"}
{"asctime": "2025-09-04 22:21:51,892", "levelname": "INFO", "name": "AresTradingSystem.System.TrainingManager", "message": "✅ Training Manager initialized successfully", "correlation_id": "-", "session_id": "-", "timestamp": "2025-09-04T20:21:51.892936+00:00"}
{"asctime": "2025-09-04 22:21:51,893", "levelname": "INFO", "name": "AresTradingSystem.System.StepOrchestrator", "message": "✅ Enhanced training manager setup successfully", "correlation_id": "-", "session_id": "-", "timestamp": "2025-09-04T20:21:51.893055+00:00"}
{"asctime": "2025-09-04 22:21:51,893", "levelname": "INFO", "name": "AresTradingSystem.System.TrainingManager", "message": "🚀 Starting training for ETHUSDT on BINANCE", "correlation_id": "-", "session_id": "-", "timestamp": "2025-09-04T20:21:51.893407+00:00"}
{"asctime": "2025-09-04 22:21:51,893", "levelname": "INFO", "name": "AresTradingSystem.System.SimplifiedTrainingManager", "message": "🚀 Starting pipeline execution...", "correlation_id": "-", "session_id": "-", "timestamp": "2025-09-04T20:21:51.893535+00:00"}
{"asctime": "2025-09-04 22:21:51,893", "levelname": "INFO", "name": "AresTradingSystem.System.SimplifiedTrainingManager", "message": "🔄 Executing step: step02_data_reading", "correlation_id": "-", "session_id": "-", "timestamp": "2025-09-04T20:21:51.893899+00:00"}
{"asctime": "2025-09-04 22:21:51,897", "levelname": "ERROR", "name": "AresTradingSystem.System.SimplifiedTrainingManager", "message": "Failed to load step step02_data_reading: No module named 'src.training.steps.training'", "correlation_id": "-", "session_id": "-", "timestamp": "2025-09-04T20:21:51.897760+00:00"}
{"asctime": "2025-09-04 22:21:51,898", "levelname": "ERROR", "name": "AresTradingSystem.System.TrainingManager", "message": "❌ Training failed: Required step failed: step02_data_reading", "correlation_id": "-", "session_id": "-", "timestamp": "2025-09-04T20:21:51.898383+00:00"}
{"asctime": "2025-09-04 22:21:51,898", "levelname": "INFO", "name": "AresTradingSystem.System.StepOrchestrator", "message": "\u001b[91m\u001b[1m🚫\u001b[0m \u001b[91m\u001b[1m❌ Enhanced 16-step training pipeline failed\u001b[0m", "correlation_id": "-", "session_id": "-", "timestamp": "2025-09-04T20:21:51.898725+00:00"}
{"asctime": "2025-09-04 22:21:51,899", "levelname": "INFO", "name": "AresTradingSystem", "message": "🏁 Launcher ended: FAILED (exit code: 1)", "correlation_id": "-", "session_id": "-", "timestamp": "2025-09-04T20:21:51.899460+00:00"}
