{"asctime": "2025-08-17 21:46:03,183", "levelname": "INFO", "name": "AresGlobal", "message": "================================================================================", "correlation_id": "-", "session_id": "-", "timestamp": "2025-08-17T19:46:03.183465+00:00"}
{"asctime": "2025-08-17 21:46:03,183", "levelname": "INFO", "name": "AresGlobal", "message": "📊 SESSION SUMMARY", "correlation_id": "-", "session_id": "-", "timestamp": "2025-08-17T19:46:03.183615+00:00"}
{"asctime": "2025-08-17 21:46:03,183", "levelname": "INFO", "name": "AresGlobal", "message": "Session started: 2025-08-17 21:46:03", "correlation_id": "-", "session_id": "-", "timestamp": "2025-08-17T19:46:03.183729+00:00"}
{"asctime": "2025-08-17 21:46:03,183", "levelname": "INFO", "name": "AresGlobal", "message": "This file contains ALL logs for this session", "correlation_id": "-", "session_id": "-", "timestamp": "2025-08-17T19:46:03.183817+00:00"}
{"asctime": "2025-08-17 21:46:03,183", "levelname": "INFO", "name": "AresGlobal", "message": "================================================================================", "correlation_id": "-", "session_id": "-", "timestamp": "2025-08-17T19:46:03.183900+00:00"}
{"asctime": "2025-08-17 21:46:03,184", "levelname": "INFO", "name": "AresGlobal", "message": "[SYSTEM] ================================================================================", "correlation_id": "-", "session_id": "-", "timestamp": "2025-08-17T19:46:03.184102+00:00"}
{"asctime": "2025-08-17 21:46:03,184", "levelname": "INFO", "name": "AresGlobal", "message": "[SYSTEM] 🚀 ARES LAUNCHER STARTED - Mode: INITIALIZATION", "correlation_id": "-", "session_id": "-", "timestamp": "2025-08-17T19:46:03.184275+00:00"}
{"asctime": "2025-08-17 21:46:03,184", "levelname": "INFO", "name": "AresGlobal", "message": "[SYSTEM] Start time: 2025-08-17 21:46:03", "correlation_id": "-", "session_id": "-", "timestamp": "2025-08-17T19:46:03.184446+00:00"}
{"asctime": "2025-08-17 21:46:03,184", "levelname": "INFO", "name": "AresGlobal", "message": "[SYSTEM] Log directory: log", "correlation_id": "-", "session_id": "-", "timestamp": "2025-08-17T19:46:03.184605+00:00"}
{"asctime": "2025-08-17 21:46:03,184", "levelname": "INFO", "name": "AresGlobal", "message": "[SYSTEM] ================================================================================", "correlation_id": "-", "session_id": "-", "timestamp": "2025-08-17T19:46:03.184766+00:00"}
{"asctime": "2025-08-17 21:46:03,184", "levelname": "INFO", "name": "AresGlobal.AresLauncher", "message": "================================================================================", "correlation_id": "-", "session_id": "-", "timestamp": "2025-08-17T19:46:03.184847+00:00"}
{"asctime": "2025-08-17 21:46:03,184", "levelname": "INFO", "name": "AresGlobal.AresLauncher", "message": "🚀 ARES COMPREHENSIVE LAUNCHER", "correlation_id": "-", "session_id": "-", "timestamp": "2025-08-17T19:46:03.184928+00:00"}
{"asctime": "2025-08-17 21:46:03,185", "levelname": "INFO", "name": "AresGlobal.AresLauncher", "message": "================================================================================", "correlation_id": "-", "session_id": "-", "timestamp": "2025-08-17T19:46:03.185017+00:00"}
{"asctime": "2025-08-17 21:46:03,185", "levelname": "INFO", "name": "AresGlobal.AresLauncher", "message": "Start time: 2025-08-17 21:46:03", "correlation_id": "-", "session_id": "-", "timestamp": "2025-08-17T19:46:03.185099+00:00"}
{"asctime": "2025-08-17 21:46:03,185", "levelname": "INFO", "name": "AresGlobal.AresLauncher", "message": "Log directory: log", "correlation_id": "-", "session_id": "-", "timestamp": "2025-08-17T19:46:03.185177+00:00"}
{"asctime": "2025-08-17 21:46:03,185", "levelname": "INFO", "name": "AresGlobal.AresLauncher", "message": "Log level: INFO", "correlation_id": "-", "session_id": "-", "timestamp": "2025-08-17T19:46:03.185257+00:00"}
{"asctime": "2025-08-17 21:46:03,185", "levelname": "INFO", "name": "AresGlobal.AresLauncher", "message": "Global log file: ares_global_20250817_214603.log", "correlation_id": "-", "session_id": "-", "timestamp": "2025-08-17T19:46:03.185340+00:00"}
{"asctime": "2025-08-17 21:46:03,185", "levelname": "INFO", "name": "AresGlobal.AresLauncher", "message": "Full run log: log/ares_full_20250817_214603.log", "correlation_id": "-", "session_id": "-", "timestamp": "2025-08-17T19:46:03.185425+00:00"}
{"asctime": "2025-08-17 21:46:03,185", "levelname": "INFO", "name": "AresGlobal.AresLauncher", "message": "Trades log: log/ares_trades_20250817_214603.log", "correlation_id": "-", "session_id": "-", "timestamp": "2025-08-17T19:46:03.185502+00:00"}
{"asctime": "2025-08-17 21:46:03,185", "levelname": "INFO", "name": "AresGlobal.AresLauncher", "message": "Backtest log: log/ares_backtest_20250817_214603.log", "correlation_id": "-", "session_id": "-", "timestamp": "2025-08-17T19:46:03.185580+00:00"}
{"asctime": "2025-08-17 21:46:03,185", "levelname": "INFO", "name": "AresGlobal.AresLauncher", "message": "================================================================================", "correlation_id": "-", "session_id": "-", "timestamp": "2025-08-17T19:46:03.185658+00:00"}
{"asctime": "2025-08-17 21:46:03,185", "levelname": "INFO", "name": "AresGlobal", "message": "[SYSTEM] ================================================================================", "correlation_id": "-", "session_id": "-", "timestamp": "2025-08-17T19:46:03.185902+00:00"}
{"asctime": "2025-08-17 21:46:03,186", "levelname": "INFO", "name": "AresGlobal", "message": "[SYSTEM] 🚀 ARES LAUNCHER STARTED - Mode: blank - Symbol: ETHUSDT - Exchange: BINANCE", "correlation_id": "-", "session_id": "-", "timestamp": "2025-08-17T19:46:03.186065+00:00"}
{"asctime": "2025-08-17 21:46:03,186", "levelname": "INFO", "name": "AresGlobal", "message": "[SYSTEM] Start time: 2025-08-17 21:46:03", "correlation_id": "-", "session_id": "-", "timestamp": "2025-08-17T19:46:03.186223+00:00"}
{"asctime": "2025-08-17 21:46:03,186", "levelname": "INFO", "name": "AresGlobal", "message": "[SYSTEM] Log directory: log", "correlation_id": "-", "session_id": "-", "timestamp": "2025-08-17T19:46:03.186384+00:00"}
{"asctime": "2025-08-17 21:46:03,186", "levelname": "INFO", "name": "AresGlobal", "message": "[SYSTEM] ================================================================================", "correlation_id": "-", "session_id": "-", "timestamp": "2025-08-17T19:46:03.186533+00:00"}
{"asctime": "2025-08-17 21:46:03,186", "levelname": "INFO", "name": "AresGlobal.AresLauncher", "message": "🚀 Running enhanced 16-step training pipeline for ETHUSDT on BINANCE", "correlation_id": "-", "session_id": "-", "timestamp": "2025-08-17T19:46:03.186631+00:00"}
{"asctime": "2025-08-17 21:46:03,186", "levelname": "INFO", "name": "AresGlobal.AresLauncher", "message": "Starting from step: step2_feature_engineering", "correlation_id": "-", "session_id": "-", "timestamp": "2025-08-17T19:46:03.186769+00:00"}
{"asctime": "2025-08-17 21:46:03,187", "levelname": "INFO", "name": "AresGlobal.AresLauncher", "message": "🧪 BLANK TRAINING MODE: Set BLANK_TRAINING_MODE=1 for step-based training", "correlation_id": "-", "session_id": "-", "timestamp": "2025-08-17T19:46:03.187419+00:00"}
{"asctime": "2025-08-17 21:46:03,187", "levelname": "INFO", "name": "AresGlobal.ProgressManager", "message": "Initialized ProgressManager for ETHUSDT on BINANCE", "correlation_id": "-", "session_id": "-", "timestamp": "2025-08-17T19:46:03.187579+00:00"}
{"asctime": "2025-08-17 21:46:03,187", "levelname": "INFO", "name": "AresGlobal.ProgressManager", "message": "Progress directory: data/training/progress/BINANCE_ETHUSDT", "correlation_id": "-", "session_id": "-", "timestamp": "2025-08-17T19:46:03.187679+00:00"}
{"asctime": "2025-08-17 21:46:03,187", "levelname": "INFO", "name": "AresGlobal.StepOrchestrator", "message": "Initialized StepOrchestrator for ETHUSDT on BINANCE", "correlation_id": "-", "session_id": "-", "timestamp": "2025-08-17T19:46:03.187770+00:00"}
{"asctime": "2025-08-17 21:46:03,187", "levelname": "INFO", "name": "AresGlobal.ProgressManager", "message": "🗑️  Cleared progress for step2_feature_engineering", "correlation_id": "-", "session_id": "-", "timestamp": "2025-08-17T19:46:03.187883+00:00"}
{"asctime": "2025-08-17 21:46:03,188", "levelname": "INFO", "name": "AresGlobal.AresLauncher", "message": "🧹 Cleared progress for 'step2_feature_engineering' only (force)", "correlation_id": "-", "session_id": "-", "timestamp": "2025-08-17T19:46:03.188029+00:00"}
{"asctime": "2025-08-17 21:46:03,188", "levelname": "INFO", "name": "AresGlobal.StepOrchestrator", "message": "🚀 Starting execution from step: step2_feature_engineering", "correlation_id": "-", "session_id": "-", "timestamp": "2025-08-17T19:46:03.188380+00:00"}
{"asctime": "2025-08-17 21:46:03,230", "levelname": "ERROR", "name": "AresGlobal.StepOrchestrator", "message": "Failed to setup enhanced training manager: 'continue' not properly in loop (step_dependency_validator.py, line 222)", "correlation_id": "-", "session_id": "-", "exc_info": "Traceback (most recent call last):\n  File \"/Users/remyroche/Documents/Ares/src/training/step_orchestrator.py\", line 74, in _setup_enhanced_training_manager\n    from src.training.enhanced_training_manager import (\n  File \"/Users/remyroche/Documents/Ares/src/training/enhanced_training_manager.py\", line 38, in <module>\n    from src.utils.step_dependency_validator import step_dependency_validator\n  File \"/Users/remyroche/Documents/Ares/src/utils/step_dependency_validator.py\", line 222\n    continue\n    ^^^^^^^^\nSyntaxError: 'continue' not properly in loop", "timestamp": "2025-08-17T19:46:03.230891+00:00"}
{"asctime": "2025-08-17 21:46:03,232", "levelname": "INFO", "name": "AresGlobal.StepOrchestrator", "message": "\u001b[91m\u001b[1m❌\u001b[0m \u001b[91m\u001b[1mFailed to setup enhanced training manager: 'continue' not properly in loop (step_dependency_validator.py, line 222)\u001b[0m", "correlation_id": "-", "session_id": "-", "timestamp": "2025-08-17T19:46:03.232187+00:00"}
{"asctime": "2025-08-17 21:46:03,232", "levelname": "ERROR", "name": "AresGlobal.AresLauncher", "message": "❌ Step-based training pipeline failed", "correlation_id": "-", "session_id": "-", "timestamp": "2025-08-17T19:46:03.232496+00:00"}
{"asctime": "2025-08-17 21:46:03,232", "levelname": "INFO", "name": "AresGlobal", "message": "[SYSTEM] ================================================================================", "correlation_id": "-", "session_id": "-", "timestamp": "2025-08-17T19:46:03.232711+00:00"}
{"asctime": "2025-08-17 21:46:03,232", "levelname": "INFO", "name": "AresGlobal", "message": "[SYSTEM] 🛑 ARES LAUNCHER ENDED - Exit code: 1", "correlation_id": "-", "session_id": "-", "timestamp": "2025-08-17T19:46:03.232885+00:00"}
{"asctime": "2025-08-17 21:46:03,233", "levelname": "INFO", "name": "AresGlobal", "message": "[SYSTEM] End time: 2025-08-17 21:46:03", "correlation_id": "-", "session_id": "-", "timestamp": "2025-08-17T19:46:03.233061+00:00"}
{"asctime": "2025-08-17 21:46:03,233", "levelname": "INFO", "name": "AresGlobal", "message": "[SYSTEM] ================================================================================", "correlation_id": "-", "session_id": "-", "timestamp": "2025-08-17T19:46:03.233219+00:00"}
{"asctime": "2025-08-17 21:46:03,233", "levelname": "INFO", "name": "AresGlobal.AresLauncher", "message": "🧹 Cleaning up processes...", "correlation_id": "-", "session_id": "-", "timestamp": "2025-08-17T19:46:03.233301+00:00"}
{"asctime": "2025-08-17 21:46:03,233", "levelname": "INFO", "name": "AresGlobal.AresLauncher", "message": "✅ Cleanup completed", "correlation_id": "-", "session_id": "-", "timestamp": "2025-08-17T19:46:03.233392+00:00"}
