{"asctime": "2025-08-19 10:29:32,383", "levelname": "INFO", "name": "AresGlobal", "message": "================================================================================", "correlation_id": "-", "session_id": "-", "timestamp": "2025-08-19T08:29:32.383519+00:00"}
{"asctime": "2025-08-19 10:29:32,383", "levelname": "INFO", "name": "AresGlobal", "message": "📊 SESSION SUMMARY", "correlation_id": "-", "session_id": "-", "timestamp": "2025-08-19T08:29:32.383636+00:00"}
{"asctime": "2025-08-19 10:29:32,383", "levelname": "INFO", "name": "AresGlobal", "message": "Session started: 2025-08-19 10:29:32", "correlation_id": "-", "session_id": "-", "timestamp": "2025-08-19T08:29:32.383739+00:00"}
{"asctime": "2025-08-19 10:29:32,383", "levelname": "INFO", "name": "AresGlobal", "message": "This file contains ALL logs for this session", "correlation_id": "-", "session_id": "-", "timestamp": "2025-08-19T08:29:32.383822+00:00"}
{"asctime": "2025-08-19 10:29:32,383", "levelname": "INFO", "name": "AresGlobal", "message": "================================================================================", "correlation_id": "-", "session_id": "-", "timestamp": "2025-08-19T08:29:32.383903+00:00"}
{"asctime": "2025-08-19 10:29:32,384", "levelname": "INFO", "name": "AresGlobal", "message": "[SYSTEM] ================================================================================", "correlation_id": "-", "session_id": "-", "timestamp": "2025-08-19T08:29:32.384104+00:00"}
{"asctime": "2025-08-19 10:29:32,384", "levelname": "INFO", "name": "AresGlobal", "message": "[SYSTEM] 🚀 ARES LAUNCHER STARTED - Mode: INITIALIZATION", "correlation_id": "-", "session_id": "-", "timestamp": "2025-08-19T08:29:32.384279+00:00"}
{"asctime": "2025-08-19 10:29:32,384", "levelname": "INFO", "name": "AresGlobal", "message": "[SYSTEM] Start time: 2025-08-19 10:29:32", "correlation_id": "-", "session_id": "-", "timestamp": "2025-08-19T08:29:32.384450+00:00"}
{"asctime": "2025-08-19 10:29:32,384", "levelname": "INFO", "name": "AresGlobal", "message": "[SYSTEM] Log directory: log", "correlation_id": "-", "session_id": "-", "timestamp": "2025-08-19T08:29:32.384607+00:00"}
{"asctime": "2025-08-19 10:29:32,384", "levelname": "INFO", "name": "AresGlobal", "message": "[SYSTEM] ================================================================================", "correlation_id": "-", "session_id": "-", "timestamp": "2025-08-19T08:29:32.384763+00:00"}
{"asctime": "2025-08-19 10:29:32,384", "levelname": "INFO", "name": "AresGlobal.AresLauncher", "message": "================================================================================", "correlation_id": "-", "session_id": "-", "timestamp": "2025-08-19T08:29:32.384844+00:00"}
{"asctime": "2025-08-19 10:29:32,384", "levelname": "INFO", "name": "AresGlobal.AresLauncher", "message": "🚀 ARES COMPREHENSIVE LAUNCHER", "correlation_id": "-", "session_id": "-", "timestamp": "2025-08-19T08:29:32.384925+00:00"}
{"asctime": "2025-08-19 10:29:32,385", "levelname": "INFO", "name": "AresGlobal.AresLauncher", "message": "================================================================================", "correlation_id": "-", "session_id": "-", "timestamp": "2025-08-19T08:29:32.385015+00:00"}
{"asctime": "2025-08-19 10:29:32,385", "levelname": "INFO", "name": "AresGlobal.AresLauncher", "message": "Start time: 2025-08-19 10:29:32", "correlation_id": "-", "session_id": "-", "timestamp": "2025-08-19T08:29:32.385174+00:00"}
{"asctime": "2025-08-19 10:29:32,385", "levelname": "INFO", "name": "AresGlobal.AresLauncher", "message": "Log directory: log", "correlation_id": "-", "session_id": "-", "timestamp": "2025-08-19T08:29:32.385273+00:00"}
{"asctime": "2025-08-19 10:29:32,385", "levelname": "INFO", "name": "AresGlobal.AresLauncher", "message": "Log level: INFO", "correlation_id": "-", "session_id": "-", "timestamp": "2025-08-19T08:29:32.385367+00:00"}
{"asctime": "2025-08-19 10:29:32,385", "levelname": "INFO", "name": "AresGlobal.AresLauncher", "message": "Global log file: ares_global_20250819_102932.log", "correlation_id": "-", "session_id": "-", "timestamp": "2025-08-19T08:29:32.385459+00:00"}
{"asctime": "2025-08-19 10:29:32,385", "levelname": "INFO", "name": "AresGlobal.AresLauncher", "message": "Full run log: log/ares_full_20250819_102932.log", "correlation_id": "-", "session_id": "-", "timestamp": "2025-08-19T08:29:32.385549+00:00"}
{"asctime": "2025-08-19 10:29:32,385", "levelname": "INFO", "name": "AresGlobal.AresLauncher", "message": "Trades log: log/ares_trades_20250819_102932.log", "correlation_id": "-", "session_id": "-", "timestamp": "2025-08-19T08:29:32.385626+00:00"}
{"asctime": "2025-08-19 10:29:32,385", "levelname": "INFO", "name": "AresGlobal.AresLauncher", "message": "Backtest log: log/ares_backtest_20250819_102932.log", "correlation_id": "-", "session_id": "-", "timestamp": "2025-08-19T08:29:32.385703+00:00"}
{"asctime": "2025-08-19 10:29:32,385", "levelname": "INFO", "name": "AresGlobal.AresLauncher", "message": "================================================================================", "correlation_id": "-", "session_id": "-", "timestamp": "2025-08-19T08:29:32.385779+00:00"}
{"asctime": "2025-08-19 10:29:32,386", "levelname": "INFO", "name": "AresGlobal", "message": "[SYSTEM] ================================================================================", "correlation_id": "-", "session_id": "-", "timestamp": "2025-08-19T08:29:32.386128+00:00"}
{"asctime": "2025-08-19 10:29:32,386", "levelname": "INFO", "name": "AresGlobal", "message": "[SYSTEM] 🚀 ARES LAUNCHER STARTED - Mode: blank - Symbol: ETHUSDT - Exchange: BINANCE", "correlation_id": "-", "session_id": "-", "timestamp": "2025-08-19T08:29:32.386331+00:00"}
{"asctime": "2025-08-19 10:29:32,386", "levelname": "INFO", "name": "AresGlobal", "message": "[SYSTEM] Start time: 2025-08-19 10:29:32", "correlation_id": "-", "session_id": "-", "timestamp": "2025-08-19T08:29:32.386503+00:00"}
{"asctime": "2025-08-19 10:29:32,386", "levelname": "INFO", "name": "AresGlobal", "message": "[SYSTEM] Log directory: log", "correlation_id": "-", "session_id": "-", "timestamp": "2025-08-19T08:29:32.386667+00:00"}
{"asctime": "2025-08-19 10:29:32,386", "levelname": "INFO", "name": "AresGlobal", "message": "[SYSTEM] ================================================================================", "correlation_id": "-", "session_id": "-", "timestamp": "2025-08-19T08:29:32.386841+00:00"}
{"asctime": "2025-08-19 10:29:32,386", "levelname": "INFO", "name": "AresGlobal.AresLauncher", "message": "🚀 Running enhanced 16-step training pipeline for ETHUSDT on BINANCE", "correlation_id": "-", "session_id": "-", "timestamp": "2025-08-19T08:29:32.386964+00:00"}
{"asctime": "2025-08-19 10:29:32,387", "levelname": "INFO", "name": "AresGlobal.AresLauncher", "message": "Starting from step: step2_feature_engineering", "correlation_id": "-", "session_id": "-", "timestamp": "2025-08-19T08:29:32.387062+00:00"}
{"asctime": "2025-08-19 10:29:32,387", "levelname": "INFO", "name": "AresGlobal.AresLauncher", "message": "🧪 BLANK TRAINING MODE: Set BLANK_TRAINING_MODE=1 for step-based training", "correlation_id": "-", "session_id": "-", "timestamp": "2025-08-19T08:29:32.387738+00:00"}
{"asctime": "2025-08-19 10:29:32,387", "levelname": "INFO", "name": "AresGlobal.ProgressManager", "message": "Initialized ProgressManager for ETHUSDT on BINANCE", "correlation_id": "-", "session_id": "-", "timestamp": "2025-08-19T08:29:32.387890+00:00"}
{"asctime": "2025-08-19 10:29:32,388", "levelname": "INFO", "name": "AresGlobal.ProgressManager", "message": "Progress directory: data/training/progress/BINANCE_ETHUSDT", "correlation_id": "-", "session_id": "-", "timestamp": "2025-08-19T08:29:32.388032+00:00"}
{"asctime": "2025-08-19 10:29:32,388", "levelname": "INFO", "name": "AresGlobal.StepOrchestrator", "message": "Initialized StepOrchestrator for ETHUSDT on BINANCE", "correlation_id": "-", "session_id": "-", "timestamp": "2025-08-19T08:29:32.388145+00:00"}
{"asctime": "2025-08-19 10:29:32,388", "levelname": "INFO", "name": "AresGlobal.ProgressManager", "message": "🗑️  Cleared progress for step2_feature_engineering", "correlation_id": "-", "session_id": "-", "timestamp": "2025-08-19T08:29:32.388266+00:00"}
{"asctime": "2025-08-19 10:29:32,388", "levelname": "INFO", "name": "AresGlobal.AresLauncher", "message": "🧹 Cleared progress for 'step2_feature_engineering' (force)", "correlation_id": "-", "session_id": "-", "timestamp": "2025-08-19T08:29:32.388359+00:00"}
{"asctime": "2025-08-19 10:29:32,388", "levelname": "INFO", "name": "AresGlobal.ProgressManager", "message": "🗑️  Cleared progress for step3_hmm_regime_discovery", "correlation_id": "-", "session_id": "-", "timestamp": "2025-08-19T08:29:32.388471+00:00"}
{"asctime": "2025-08-19 10:29:32,388", "levelname": "INFO", "name": "AresGlobal.AresLauncher", "message": "🧹 Cleared progress for 'step3_hmm_regime_discovery' (force)", "correlation_id": "-", "session_id": "-", "timestamp": "2025-08-19T08:29:32.388562+00:00"}
{"asctime": "2025-08-19 10:29:32,388", "levelname": "INFO", "name": "AresGlobal.ProgressManager", "message": "🗑️  Cleared progress for step4_processing_labeling", "correlation_id": "-", "session_id": "-", "timestamp": "2025-08-19T08:29:32.388665+00:00"}
{"asctime": "2025-08-19 10:29:32,388", "levelname": "INFO", "name": "AresGlobal.AresLauncher", "message": "🧹 Cleared progress for 'step4_processing_labeling' (force)", "correlation_id": "-", "session_id": "-", "timestamp": "2025-08-19T08:29:32.388750+00:00"}
{"asctime": "2025-08-19 10:29:32,388", "levelname": "INFO", "name": "AresGlobal.ProgressManager", "message": "🗑️  Cleared progress for step5_regime_data_splitting", "correlation_id": "-", "session_id": "-", "timestamp": "2025-08-19T08:29:32.388893+00:00"}
{"asctime": "2025-08-19 10:29:32,389", "levelname": "INFO", "name": "AresGlobal.AresLauncher", "message": "🧹 Cleared progress for 'step5_regime_data_splitting' (force)", "correlation_id": "-", "session_id": "-", "timestamp": "2025-08-19T08:29:32.389038+00:00"}
{"asctime": "2025-08-19 10:29:32,389", "levelname": "INFO", "name": "AresGlobal.ProgressManager", "message": "🗑️  Cleared progress for step6_hmm_based_training", "correlation_id": "-", "session_id": "-", "timestamp": "2025-08-19T08:29:32.389158+00:00"}
{"asctime": "2025-08-19 10:29:32,389", "levelname": "INFO", "name": "AresGlobal.AresLauncher", "message": "🧹 Cleared progress for 'step6_hmm_based_training' (force)", "correlation_id": "-", "session_id": "-", "timestamp": "2025-08-19T08:29:32.389249+00:00"}
{"asctime": "2025-08-19 10:29:32,389", "levelname": "INFO", "name": "AresGlobal.ProgressManager", "message": "🗑️  Cleared progress for step6_5_unified_regime_intelligence", "correlation_id": "-", "session_id": "-", "timestamp": "2025-08-19T08:29:32.389353+00:00"}
{"asctime": "2025-08-19 10:29:32,389", "levelname": "INFO", "name": "AresGlobal.AresLauncher", "message": "🧹 Cleared progress for 'step6_5_unified_regime_intelligence' (force)", "correlation_id": "-", "session_id": "-", "timestamp": "2025-08-19T08:29:32.389440+00:00"}
{"asctime": "2025-08-19 10:29:32,389", "levelname": "INFO", "name": "AresGlobal.ProgressManager", "message": "🗑️  Cleared progress for step7_analyst_enhancement", "correlation_id": "-", "session_id": "-", "timestamp": "2025-08-19T08:29:32.389547+00:00"}
{"asctime": "2025-08-19 10:29:32,389", "levelname": "INFO", "name": "AresGlobal.AresLauncher", "message": "🧹 Cleared progress for 'step7_analyst_enhancement' (force)", "correlation_id": "-", "session_id": "-", "timestamp": "2025-08-19T08:29:32.389633+00:00"}
{"asctime": "2025-08-19 10:29:32,389", "levelname": "INFO", "name": "AresGlobal.ProgressManager", "message": "🗑️  Cleared progress for step8_tactician_labeling", "correlation_id": "-", "session_id": "-", "timestamp": "2025-08-19T08:29:32.389733+00:00"}
{"asctime": "2025-08-19 10:29:32,389", "levelname": "INFO", "name": "AresGlobal.AresLauncher", "message": "🧹 Cleared progress for 'step8_tactician_labeling' (force)", "correlation_id": "-", "session_id": "-", "timestamp": "2025-08-19T08:29:32.389818+00:00"}
{"asctime": "2025-08-19 10:29:32,389", "levelname": "INFO", "name": "AresGlobal.ProgressManager", "message": "🗑️  Cleared progress for step9_tactician_specialist_training", "correlation_id": "-", "session_id": "-", "timestamp": "2025-08-19T08:29:32.389917+00:00"}
{"asctime": "2025-08-19 10:29:32,390", "levelname": "INFO", "name": "AresGlobal.AresLauncher", "message": "🧹 Cleared progress for 'step9_tactician_specialist_training' (force)", "correlation_id": "-", "session_id": "-", "timestamp": "2025-08-19T08:29:32.390007+00:00"}
{"asctime": "2025-08-19 10:29:32,390", "levelname": "INFO", "name": "AresGlobal.ProgressManager", "message": "🗑️  Cleared progress for step10_confidence_calibration", "correlation_id": "-", "session_id": "-", "timestamp": "2025-08-19T08:29:32.390105+00:00"}
{"asctime": "2025-08-19 10:29:32,390", "levelname": "INFO", "name": "AresGlobal.AresLauncher", "message": "🧹 Cleared progress for 'step10_confidence_calibration' (force)", "correlation_id": "-", "session_id": "-", "timestamp": "2025-08-19T08:29:32.390189+00:00"}
{"asctime": "2025-08-19 10:29:32,390", "levelname": "INFO", "name": "AresGlobal.ProgressManager", "message": "🗑️  Cleared progress for step11_final_parameters_optimization", "correlation_id": "-", "session_id": "-", "timestamp": "2025-08-19T08:29:32.390285+00:00"}
{"asctime": "2025-08-19 10:29:32,390", "levelname": "INFO", "name": "AresGlobal.AresLauncher", "message": "🧹 Cleared progress for 'step11_final_parameters_optimization' (force)", "correlation_id": "-", "session_id": "-", "timestamp": "2025-08-19T08:29:32.390371+00:00"}
{"asctime": "2025-08-19 10:29:32,390", "levelname": "INFO", "name": "AresGlobal.ProgressManager", "message": "🗑️  Cleared progress for step12_walk_forward_validation", "correlation_id": "-", "session_id": "-", "timestamp": "2025-08-19T08:29:32.390474+00:00"}
{"asctime": "2025-08-19 10:29:32,390", "levelname": "INFO", "name": "AresGlobal.AresLauncher", "message": "🧹 Cleared progress for 'step12_walk_forward_validation' (force)", "correlation_id": "-", "session_id": "-", "timestamp": "2025-08-19T08:29:32.390554+00:00"}
{"asctime": "2025-08-19 10:29:32,390", "levelname": "INFO", "name": "AresGlobal.ProgressManager", "message": "🗑️  Cleared progress for step13_monte_carlo_validation", "correlation_id": "-", "session_id": "-", "timestamp": "2025-08-19T08:29:32.390649+00:00"}
{"asctime": "2025-08-19 10:29:32,390", "levelname": "INFO", "name": "AresGlobal.AresLauncher", "message": "🧹 Cleared progress for 'step13_monte_carlo_validation' (force)", "correlation_id": "-", "session_id": "-", "timestamp": "2025-08-19T08:29:32.390729+00:00"}
{"asctime": "2025-08-19 10:29:32,390", "levelname": "INFO", "name": "AresGlobal.ProgressManager", "message": "🗑️  Cleared progress for step14_ab_testing", "correlation_id": "-", "session_id": "-", "timestamp": "2025-08-19T08:29:32.390825+00:00"}
{"asctime": "2025-08-19 10:29:32,390", "levelname": "INFO", "name": "AresGlobal.AresLauncher", "message": "🧹 Cleared progress for 'step14_ab_testing' (force)", "correlation_id": "-", "session_id": "-", "timestamp": "2025-08-19T08:29:32.390907+00:00"}
{"asctime": "2025-08-19 10:29:32,391", "levelname": "INFO", "name": "AresGlobal.ProgressManager", "message": "🗑️  Cleared progress for step15_saving", "correlation_id": "-", "session_id": "-", "timestamp": "2025-08-19T08:29:32.391007+00:00"}
{"asctime": "2025-08-19 10:29:32,391", "levelname": "INFO", "name": "AresGlobal.AresLauncher", "message": "🧹 Cleared progress for 'step15_saving' (force)", "correlation_id": "-", "session_id": "-", "timestamp": "2025-08-19T08:29:32.391094+00:00"}
{"asctime": "2025-08-19 10:29:32,391", "levelname": "INFO", "name": "AresGlobal.AresLauncher", "message": "✅ Cleared progress for 15 steps: ['step2_feature_engineering', 'step3_hmm_regime_discovery', 'step4_processing_labeling', 'step5_regime_data_splitting', 'step6_hmm_based_training', 'step6_5_unified_regime_intelligence', 'step7_analyst_enhancement', 'step8_tactician_labeling', 'step9_tactician_specialist_training', 'step10_confidence_calibration', 'step11_final_parameters_optimization', 'step12_walk_forward_validation', 'step13_monte_carlo_validation', 'step14_ab_testing', 'step15_saving']", "correlation_id": "-", "session_id": "-", "timestamp": "2025-08-19T08:29:32.391182+00:00"}
{"asctime": "2025-08-19 10:29:32,391", "levelname": "INFO", "name": "AresGlobal.StepOrchestrator", "message": "🚀 Starting execution from step: step2_feature_engineering", "correlation_id": "-", "session_id": "-", "timestamp": "2025-08-19T08:29:32.391670+00:00"}
{"asctime": "2025-08-19 10:29:38,995", "levelname": "ERROR", "name": "AresGlobal.StepOrchestrator", "message": "Failed to setup enhanced training manager: secure_data_processing() got an unexpected keyword argument 'encryption_level'", "correlation_id": "-", "session_id": "-", "exc_info": "Traceback (most recent call last):\n  File \"/Users/remyroche/Documents/Ares/src/training/step_orchestrator.py\", line 74, in _setup_enhanced_training_manager\n    from src.training.enhanced_training_manager import (\n  File \"/Users/remyroche/Documents/Ares/src/training/enhanced_training_manager.py\", line 73, in <module>\n    from src.training.enhanced_matrix_operations import EnhancedMatrixOperations\n  File \"/Users/remyroche/Documents/Ares/src/training/enhanced_matrix_operations.py\", line 76, in <module>\n    class EnhancedMatrixOperations:\n  File \"/Users/remyroche/Documents/Ares/src/training/enhanced_matrix_operations.py\", line 99, in EnhancedMatrixOperations\n    @secure_data_processing(encryption_level=\"high\", data_validation=True)\n     ^^^^^^^^^^^^^^^^^^^^^^^^^^^^^^^^^^^^^^^^^^^^^^^^^^^^^^^^^^^^^^^^^^^^^\nTypeError: secure_data_processing() got an unexpected keyword argument 'encryption_level'", "timestamp": "2025-08-19T08:29:38.995474+00:00"}
{"asctime": "2025-08-19 10:29:38,996", "levelname": "INFO", "name": "AresGlobal.StepOrchestrator", "message": "\u001b[91m\u001b[1m❌\u001b[0m \u001b[91m\u001b[1mFailed to setup enhanced training manager: secure_data_processing() got an unexpected keyword argument 'encryption_level'\u001b[0m", "correlation_id": "-", "session_id": "-", "timestamp": "2025-08-19T08:29:38.996811+00:00"}
{"asctime": "2025-08-19 10:29:38,997", "levelname": "ERROR", "name": "AresGlobal.AresLauncher", "message": "❌ Step-based training pipeline failed", "correlation_id": "-", "session_id": "-", "timestamp": "2025-08-19T08:29:38.997144+00:00"}
{"asctime": "2025-08-19 10:29:38,997", "levelname": "INFO", "name": "AresGlobal", "message": "[SYSTEM] ================================================================================", "correlation_id": "-", "session_id": "-", "timestamp": "2025-08-19T08:29:38.997403+00:00"}
{"asctime": "2025-08-19 10:29:38,997", "levelname": "INFO", "name": "AresGlobal", "message": "[SYSTEM] 🛑 ARES LAUNCHER ENDED - Exit code: 1", "correlation_id": "-", "session_id": "-", "timestamp": "2025-08-19T08:29:38.997593+00:00"}
{"asctime": "2025-08-19 10:29:38,997", "levelname": "INFO", "name": "AresGlobal", "message": "[SYSTEM] End time: 2025-08-19 10:29:38", "correlation_id": "-", "session_id": "-", "timestamp": "2025-08-19T08:29:38.997784+00:00"}
{"asctime": "2025-08-19 10:29:38,997", "levelname": "INFO", "name": "AresGlobal", "message": "[SYSTEM] ================================================================================", "correlation_id": "-", "session_id": "-", "timestamp": "2025-08-19T08:29:38.997958+00:00"}
{"asctime": "2025-08-19 10:29:38,998", "levelname": "INFO", "name": "AresGlobal.AresLauncher", "message": "🧹 Cleaning up processes...", "correlation_id": "-", "session_id": "-", "timestamp": "2025-08-19T08:29:38.998058+00:00"}
{"asctime": "2025-08-19 10:29:38,998", "levelname": "INFO", "name": "AresGlobal.AresLauncher", "message": "✅ Cleanup completed", "correlation_id": "-", "session_id": "-", "timestamp": "2025-08-19T08:29:38.998155+00:00"}
