{"asctime": "2025-08-20 18:04:43,092", "levelname": "INFO", "name": "AresTradingSystem", "message": "✅ Enhanced Logger initialization completed successfully", "correlation_id": "-", "session_id": "-", "timestamp": "2025-08-20T16:04:43.092480+00:00"}
{"asctime": "2025-08-20 18:04:43,169", "levelname": "INFO", "name": "AresTradingSystem.System.VectorizedAdvancedFeatureEngineering", "message": "✅ Subsampling disabled for blank/short-blank horizon (<=180d)", "correlation_id": "-", "session_id": "-", "timestamp": "2025-08-20T16:04:43.169743+00:00"}
{"asctime": "2025-08-20 18:04:43,169", "levelname": "INFO", "name": "AresTradingSystem.System.VectorizedAdvancedFeatureEngineering", "message": "✅ Configured joblib memory cache: data/joblib_cache", "correlation_id": "-", "session_id": "-", "timestamp": "2025-08-20T16:04:43.169989+00:00"}
{"asctime": "2025-08-20 18:04:43,204", "levelname": "INFO", "name": "AresTradingSystem.System.EnhancedTrainingManager", "message": "✅ Enhanced matrix operations and GPU acceleration initialized", "correlation_id": "-", "session_id": "-", "timestamp": "2025-08-20T16:04:43.204373+00:00"}
{"asctime": "2025-08-20 18:04:43,204", "levelname": "INFO", "name": "AresTradingSystem.System.EnhancedTrainingManager", "message": "🚀 Initializing Enhanced Training Manager...", "correlation_id": "-", "session_id": "-", "timestamp": "2025-08-20T16:04:43.204719+00:00"}
{"asctime": "2025-08-20 18:04:43,204", "levelname": "INFO", "name": "AresTradingSystem.System.EnhancedTrainingManager", "message": "📊 Blank training mode: True", "correlation_id": "-", "session_id": "-", "timestamp": "2025-08-20T16:04:43.204835+00:00"}
{"asctime": "2025-08-20 18:04:43,204", "levelname": "INFO", "name": "AresTradingSystem.System.EnhancedTrainingManager", "message": "🔧 Max trials: 200", "correlation_id": "-", "session_id": "-", "timestamp": "2025-08-20T16:04:43.204951+00:00"}
{"asctime": "2025-08-20 18:04:43,205", "levelname": "INFO", "name": "AresTradingSystem.System.EnhancedTrainingManager", "message": "🔧 N trials: 100", "correlation_id": "-", "session_id": "-", "timestamp": "2025-08-20T16:04:43.205197+00:00"}
{"asctime": "2025-08-20 18:04:43,205", "levelname": "INFO", "name": "AresTradingSystem.System.EnhancedTrainingManager", "message": "📈 Lookback days: 180", "correlation_id": "-", "session_id": "-", "timestamp": "2025-08-20T16:04:43.205360+00:00"}
{"asctime": "2025-08-20 18:04:43,205", "levelname": "INFO", "name": "AresTradingSystem.System.EnhancedTrainingManager", "message": "🚀 Computational optimization: True", "correlation_id": "-", "session_id": "-", "timestamp": "2025-08-20T16:04:43.205461+00:00"}
{"asctime": "2025-08-20 18:04:43,205", "levelname": "INFO", "name": "AresTradingSystem.System.EnhancedTrainingManager", "message": "📊 Resource Analysis:", "correlation_id": "-", "session_id": "-", "timestamp": "2025-08-20T16:04:43.205627+00:00"}
{"asctime": "2025-08-20 18:04:43,205", "levelname": "INFO", "name": "AresTradingSystem.System.EnhancedTrainingManager", "message": "   💾 System Memory: 16.0 GB", "correlation_id": "-", "session_id": "-", "timestamp": "2025-08-20T16:04:43.205716+00:00"}
{"asctime": "2025-08-20 18:04:43,205", "levelname": "INFO", "name": "AresTradingSystem.System.EnhancedTrainingManager", "message": "   🖥️ CPU Cores: 8", "correlation_id": "-", "session_id": "-", "timestamp": "2025-08-20T16:04:43.205797+00:00"}
{"asctime": "2025-08-20 18:04:43,206", "levelname": "INFO", "name": "AresTradingSystem.System.EnhancedTrainingManager", "message": "   📈 Estimated Memory Usage: 4.0 GB", "correlation_id": "-", "session_id": "-", "timestamp": "2025-08-20T16:04:43.206807+00:00"}
{"asctime": "2025-08-20 18:04:43,206", "levelname": "INFO", "name": "AresTradingSystem.System.EnhancedTrainingManager", "message": "   ⏱️ Estimated Time: 90 minutes (1.5 hours)", "correlation_id": "-", "session_id": "-", "timestamp": "2025-08-20T16:04:43.206911+00:00"}
{"asctime": "2025-08-20 18:04:43,207", "levelname": "INFO", "name": "AresTradingSystem.System.EnhancedTrainingManager", "message": "   🤖 Models to Train: 4", "correlation_id": "-", "session_id": "-", "timestamp": "2025-08-20T16:04:43.207032+00:00"}
{"asctime": "2025-08-20 18:04:43,207", "levelname": "INFO", "name": "AresTradingSystem.System.EnhancedTrainingManager", "message": "   🔧 Optimization Trials: 50", "correlation_id": "-", "session_id": "-", "timestamp": "2025-08-20T16:04:43.207135+00:00"}
{"asctime": "2025-08-20 18:04:43,207", "levelname": "INFO", "name": "AresTradingSystem.System.EnhancedTrainingManager", "message": "📋 Step-by-Step Time Estimates:", "correlation_id": "-", "session_id": "-", "timestamp": "2025-08-20T16:04:43.207212+00:00"}
{"asctime": "2025-08-20 18:04:43,207", "levelname": "INFO", "name": "AresTradingSystem.System.EnhancedTrainingManager", "message": "   step1_data_collection: 5 min (4.0%)", "correlation_id": "-", "session_id": "-", "timestamp": "2025-08-20T16:04:43.207622+00:00"}
{"asctime": "2025-08-20 18:04:43,207", "levelname": "INFO", "name": "AresTradingSystem.System.EnhancedTrainingManager", "message": "   step1_5_data_converter: 10 min (8.0%)", "correlation_id": "-", "session_id": "-", "timestamp": "2025-08-20T16:04:43.207727+00:00"}
{"asctime": "2025-08-20 18:04:43,207", "levelname": "INFO", "name": "AresTradingSystem.System.EnhancedTrainingManager", "message": "   step2_feature_engineering: 15 min (12.0%)", "correlation_id": "-", "session_id": "-", "timestamp": "2025-08-20T16:04:43.207997+00:00"}
{"asctime": "2025-08-20 18:04:43,208", "levelname": "INFO", "name": "AresTradingSystem.System.EnhancedTrainingManager", "message": "   step3_hmm_regime_discovery: 3 min (2.4%)", "correlation_id": "-", "session_id": "-", "timestamp": "2025-08-20T16:04:43.208102+00:00"}
{"asctime": "2025-08-20 18:04:43,208", "levelname": "INFO", "name": "AresTradingSystem.System.EnhancedTrainingManager", "message": "   step4_processing_labeling: 8 min (6.4%)", "correlation_id": "-", "session_id": "-", "timestamp": "2025-08-20T16:04:43.208183+00:00"}
{"asctime": "2025-08-20 18:04:43,208", "levelname": "INFO", "name": "AresTradingSystem.System.EnhancedTrainingManager", "message": "   step5_regime_data_splitting: 2 min (1.6%)", "correlation_id": "-", "session_id": "-", "timestamp": "2025-08-20T16:04:43.208351+00:00"}
{"asctime": "2025-08-20 18:04:43,208", "levelname": "INFO", "name": "AresTradingSystem.System.EnhancedTrainingManager", "message": "   step6_hmm_based_training: 10 min (8.0%)", "correlation_id": "-", "session_id": "-", "timestamp": "2025-08-20T16:04:43.208487+00:00"}
{"asctime": "2025-08-20 18:04:43,208", "levelname": "INFO", "name": "AresTradingSystem.System.EnhancedTrainingManager", "message": "   step6_5_unified_regime_intelligence: 8 min (6.4%)", "correlation_id": "-", "session_id": "-", "timestamp": "2025-08-20T16:04:43.208564+00:00"}
{"asctime": "2025-08-20 18:04:43,208", "levelname": "INFO", "name": "AresTradingSystem.System.EnhancedTrainingManager", "message": "   step7_analyst_enhancement: 8 min (6.4%)", "correlation_id": "-", "session_id": "-", "timestamp": "2025-08-20T16:04:43.208644+00:00"}
{"asctime": "2025-08-20 18:04:43,208", "levelname": "INFO", "name": "AresTradingSystem.System.EnhancedTrainingManager", "message": "   step8_tactician_labeling: 5 min (4.0%)", "correlation_id": "-", "session_id": "-", "timestamp": "2025-08-20T16:04:43.208783+00:00"}
{"asctime": "2025-08-20 18:04:43,209", "levelname": "INFO", "name": "AresTradingSystem.System.EnhancedTrainingManager", "message": "   step9_tactician_specialist_training: 10 min (8.0%)", "correlation_id": "-", "session_id": "-", "timestamp": "2025-08-20T16:04:43.209192+00:00"}
{"asctime": "2025-08-20 18:04:43,209", "levelname": "INFO", "name": "AresTradingSystem.System.EnhancedTrainingManager", "message": "   step10_confidence_calibration: 3 min (2.4%)", "correlation_id": "-", "session_id": "-", "timestamp": "2025-08-20T16:04:43.209412+00:00"}
{"asctime": "2025-08-20 18:04:43,209", "levelname": "INFO", "name": "AresTradingSystem.System.EnhancedTrainingManager", "message": "   step11_final_parameters_optimization: 15 min (12.0%)", "correlation_id": "-", "session_id": "-", "timestamp": "2025-08-20T16:04:43.209520+00:00"}
{"asctime": "2025-08-20 18:04:43,210", "levelname": "INFO", "name": "AresTradingSystem.System.EnhancedTrainingManager", "message": "   step12_walk_forward_validation: 8 min (6.4%)", "correlation_id": "-", "session_id": "-", "timestamp": "2025-08-20T16:04:43.210525+00:00"}
{"asctime": "2025-08-20 18:04:43,210", "levelname": "INFO", "name": "AresTradingSystem.System.EnhancedTrainingManager", "message": "   step13_monte_carlo_validation: 8 min (6.4%)", "correlation_id": "-", "session_id": "-", "timestamp": "2025-08-20T16:04:43.210969+00:00"}
{"asctime": "2025-08-20 18:04:43,211", "levelname": "INFO", "name": "AresTradingSystem.System.EnhancedTrainingManager", "message": "   step14_ab_testing: 5 min (4.0%)", "correlation_id": "-", "session_id": "-", "timestamp": "2025-08-20T16:04:43.211709+00:00"}
{"asctime": "2025-08-20 18:04:43,212", "levelname": "INFO", "name": "AresTradingSystem.System.EnhancedTrainingManager", "message": "   step15_saving: 2 min (1.6%)", "correlation_id": "-", "session_id": "-", "timestamp": "2025-08-20T16:04:43.212028+00:00"}
{"asctime": "2025-08-20 18:04:43,212", "levelname": "INFO", "name": "AresTradingSystem.System.EnhancedTrainingManager", "message": "💡 Recommendations:", "correlation_id": "-", "session_id": "-", "timestamp": "2025-08-20T16:04:43.212139+00:00"}
{"asctime": "2025-08-20 18:04:43,212", "levelname": "INFO", "name": "AresTradingSystem.System.EnhancedTrainingManager", "message": "   ✅ Blank training mode is suitable for your system", "correlation_id": "-", "session_id": "-", "timestamp": "2025-08-20T16:04:43.212451+00:00"}
{"asctime": "2025-08-20 18:04:43,212", "levelname": "INFO", "name": "AresTradingSystem.System.EnhancedTrainingManager", "message": "🚀 Initializing computational optimization components...", "correlation_id": "-", "session_id": "-", "timestamp": "2025-08-20T16:04:43.212559+00:00"}
{"asctime": "2025-08-20 18:04:43,215", "levelname": "INFO", "name": "AresTradingSystem.System.EnhancedTrainingManager", "message": "✅ Computational optimization components initialized successfully", "correlation_id": "-", "session_id": "-", "timestamp": "2025-08-20T16:04:43.215427+00:00"}
{"asctime": "2025-08-20 18:04:43,215", "levelname": "INFO", "name": "AresTradingSystem.System.VectorizedTrainingPipeline", "message": "🚀 Initializing Vectorized Training Pipeline...", "correlation_id": "-", "session_id": "-", "timestamp": "2025-08-20T16:04:43.215549+00:00"}
{"asctime": "2025-08-20 18:04:43,215", "levelname": "INFO", "name": "AresTradingSystem.System.VectorizedTrainingPipeline", "message": "📊 Initializing matrix enhancement components...", "correlation_id": "-", "session_id": "-", "timestamp": "2025-08-20T16:04:43.215638+00:00"}
{"asctime": "2025-08-20 18:04:43,215", "levelname": "INFO", "name": "AresTradingSystem.System.VectorizedAdvancedFeatureEngineering", "message": "🚀 Initializing vectorized advanced feature engineering...", "correlation_id": "-", "session_id": "-", "timestamp": "2025-08-20T16:04:43.215724+00:00"}
{"asctime": "2025-08-20 18:04:43,215", "levelname": "INFO", "name": "AresTradingSystem.System.WaveletFeatureCache", "message": "✅ Cache directory initialized: data/wavelet_cache", "correlation_id": "-", "session_id": "-", "timestamp": "2025-08-20T16:04:43.215992+00:00"}
{"asctime": "2025-08-20 18:04:43,216", "levelname": "INFO", "name": "AresTradingSystem.System.VectorizedVolatilityRegimeModel", "message": "🚀 Initializing VectorizedVolatilityRegimeModel...", "correlation_id": "-", "session_id": "-", "timestamp": "2025-08-20T16:04:43.216144+00:00"}
{"asctime": "2025-08-20 18:04:43,216", "levelname": "INFO", "name": "AresTradingSystem.System.VectorizedVolatilityRegimeModel", "message": "✅ VectorizedVolatilityRegimeModel initialized successfully", "correlation_id": "-", "session_id": "-", "timestamp": "2025-08-20T16:04:43.216243+00:00"}
{"asctime": "2025-08-20 18:04:43,216", "levelname": "INFO", "name": "AresTradingSystem.System.VectorizedCorrelationAnalyzer", "message": "🚀 Initializing VectorizedCorrelationAnalyzer...", "correlation_id": "-", "session_id": "-", "timestamp": "2025-08-20T16:04:43.216347+00:00"}
{"asctime": "2025-08-20 18:04:43,216", "levelname": "INFO", "name": "AresTradingSystem.System.VectorizedCorrelationAnalyzer", "message": "✅ VectorizedCorrelationAnalyzer initialized successfully", "correlation_id": "-", "session_id": "-", "timestamp": "2025-08-20T16:04:43.216442+00:00"}
{"asctime": "2025-08-20 18:04:43,216", "levelname": "INFO", "name": "AresTradingSystem.System.VectorizedMomentumAnalyzer", "message": "🚀 Initializing VectorizedMomentumAnalyzer...", "correlation_id": "-", "session_id": "-", "timestamp": "2025-08-20T16:04:43.216528+00:00"}
{"asctime": "2025-08-20 18:04:43,216", "levelname": "INFO", "name": "AresTradingSystem.System.VectorizedMomentumAnalyzer", "message": "✅ VectorizedMomentumAnalyzer initialized successfully", "correlation_id": "-", "session_id": "-", "timestamp": "2025-08-20T16:04:43.216603+00:00"}
{"asctime": "2025-08-20 18:04:43,216", "levelname": "INFO", "name": "AresTradingSystem.System.VectorizedAdvancedFeatureEngineering", "message": "🔍 Creating VectorizedLiquidityAnalyzer...", "correlation_id": "-", "session_id": "-", "timestamp": "2025-08-20T16:04:43.216678+00:00"}
{"asctime": "2025-08-20 18:04:43,216", "levelname": "INFO", "name": "AresTradingSystem.System.VectorizedAdvancedFeatureEngineering", "message": "🔍 VectorizedLiquidityAnalyzer created, initializing...", "correlation_id": "-", "session_id": "-", "timestamp": "2025-08-20T16:04:43.216870+00:00"}
{"asctime": "2025-08-20 18:04:43,216", "levelname": "INFO", "name": "AresTradingSystem.System.VectorizedLiquidityAnalyzer", "message": "🚀 Initializing VectorizedLiquidityAnalyzer...", "correlation_id": "-", "session_id": "-", "timestamp": "2025-08-20T16:04:43.216971+00:00"}
{"asctime": "2025-08-20 18:04:43,217", "levelname": "INFO", "name": "AresTradingSystem.System.VectorizedLiquidityAnalyzer", "message": "✅ VectorizedLiquidityAnalyzer initialized successfully", "correlation_id": "-", "session_id": "-", "timestamp": "2025-08-20T16:04:43.217055+00:00"}
{"asctime": "2025-08-20 18:04:43,217", "levelname": "INFO", "name": "AresTradingSystem.System.VectorizedAdvancedFeatureEngineering", "message": "✅ Liquidity analyzer initialized successfully", "correlation_id": "-", "session_id": "-", "timestamp": "2025-08-20T16:04:43.217139+00:00"}
{"asctime": "2025-08-20 18:04:43,217", "levelname": "INFO", "name": "AresTradingSystem.System.VectorizedAdvancedFeatureEngineering", "message": "🔍 Creating VectorizedCandlestickPatternAnalyzer...", "correlation_id": "-", "session_id": "-", "timestamp": "2025-08-20T16:04:43.217218+00:00"}
{"asctime": "2025-08-20 18:04:43,217", "levelname": "INFO", "name": "AresTradingSystem.System.VectorizedAdvancedFeatureEngineering", "message": "🔍 VectorizedCandlestickPatternAnalyzer created, initializing...", "correlation_id": "-", "session_id": "-", "timestamp": "2025-08-20T16:04:43.217309+00:00"}
{"asctime": "2025-08-20 18:04:43,217", "levelname": "INFO", "name": "AresTradingSystem.System.VectorizedCandlestickPatternAnalyzer", "message": "🚀 Initializing VectorizedCandlestickPatternAnalyzer...", "correlation_id": "-", "session_id": "-", "timestamp": "2025-08-20T16:04:43.217389+00:00"}
{"asctime": "2025-08-20 18:04:43,217", "levelname": "INFO", "name": "AresTradingSystem.System.VectorizedCandlestickPatternAnalyzer", "message": "🔍 Config keys: ['environment', 'system', 'trading', 'training', 'trading_symbol', 'exchange_name', 'trading_interval', 'initial_equity', 'taker_fee', 'maker_fee', 'state_file', 'lookback_years', 'exchanges', 'risk_management', 'position_management', 'pipeline', 'analyst', 'logging', 'database', 'data', 'checkpointing', 'reporting', 'mlflow', 'version', 'training_pipeline', 'MODEL_TRAINING', 'DATA_CONFIG', 'ENHANCED_TRAINING', 'HMM_LM', 'vectorized_labelling_orchestrator', 'method_a_mixture_of_experts', 'feature_reduction', 'MULTI_TIMEFRAME_TRAINING', 'TIMEFRAMES', 'TIMEFRAME_SETS', 'DEFAULT_TIMEFRAME_SET', 'TWO_TIER_DECISION', 'ENHANCED_ENSEMBLE', 'meta_labeling', 'multi_timeframe_regime_integration', 'regime_specific_tpsl_optimizer', 'TRANSITION_MODELING', 'CHECKPOINT_DIR']", "correlation_id": "-", "session_id": "-", "timestamp": "2025-08-20T16:04:43.217483+00:00"}
{"asctime": "2025-08-20 18:04:43,217", "levelname": "INFO", "name": "AresTradingSystem.System.VectorizedCandlestickPatternAnalyzer", "message": "✅ VectorizedCandlestickPatternAnalyzer initialized successfully", "correlation_id": "-", "session_id": "-", "timestamp": "2025-08-20T16:04:43.217882+00:00"}
{"asctime": "2025-08-20 18:04:43,218", "levelname": "INFO", "name": "AresTradingSystem.System.VectorizedAdvancedFeatureEngineering", "message": "✅ Candlestick analyzer initialized successfully", "correlation_id": "-", "session_id": "-", "timestamp": "2025-08-20T16:04:43.218003+00:00"}
{"asctime": "2025-08-20 18:04:43,218", "levelname": "INFO", "name": "AresTradingSystem.System.VectorizedAdvancedFeatureEngineering", "message": "🔍 Creating VectorizedSRDistanceCalculator...", "correlation_id": "-", "session_id": "-", "timestamp": "2025-08-20T16:04:43.218085+00:00"}
{"asctime": "2025-08-20 18:04:43,218", "levelname": "INFO", "name": "AresTradingSystem.System.VectorizedAdvancedFeatureEngineering", "message": "🔍 VectorizedSRDistanceCalculator created, initializing...", "correlation_id": "-", "session_id": "-", "timestamp": "2025-08-20T16:04:43.218177+00:00"}
{"asctime": "2025-08-20 18:04:43,218", "levelname": "INFO", "name": "AresTradingSystem.System.VectorizedSRDistanceCalculator", "message": "🚀 Initializing VectorizedSRDistanceCalculator...", "correlation_id": "-", "session_id": "-", "timestamp": "2025-08-20T16:04:43.218329+00:00"}
{"asctime": "2025-08-20 18:04:43,218", "levelname": "INFO", "name": "AresTradingSystem.System.VectorizedSRDistanceCalculator", "message": "✅ VectorizedSRDistanceCalculator initialized successfully", "correlation_id": "-", "session_id": "-", "timestamp": "2025-08-20T16:04:43.218456+00:00"}
{"asctime": "2025-08-20 18:04:43,218", "levelname": "INFO", "name": "AresTradingSystem.System.VectorizedAdvancedFeatureEngineering", "message": "✅ S/R distance calculator initialized successfully", "correlation_id": "-", "session_id": "-", "timestamp": "2025-08-20T16:04:43.218557+00:00"}
{"asctime": "2025-08-20 18:04:43,218", "levelname": "INFO", "name": "AresTradingSystem.System.VectorizedAdvancedFeatureEngineering", "message": "🔍 Creating VectorizedWaveletTransformAnalyzer...", "correlation_id": "-", "session_id": "-", "timestamp": "2025-08-20T16:04:43.218634+00:00"}
{"asctime": "2025-08-20 18:04:43,218", "levelname": "INFO", "name": "AresTradingSystem.System.VectorizedAdvancedFeatureEngineering", "message": "🔍 VectorizedWaveletTransformAnalyzer created, initializing...", "correlation_id": "-", "session_id": "-", "timestamp": "2025-08-20T16:04:43.218721+00:00"}
{"asctime": "2025-08-20 18:04:43,218", "levelname": "INFO", "name": "AresTradingSystem.System.VectorizedWaveletTransformAnalyzer", "message": "🚀 Initializing VectorizedWaveletTransformAnalyzer...", "correlation_id": "-", "session_id": "-", "timestamp": "2025-08-20T16:04:43.218797+00:00"}
{"asctime": "2025-08-20 18:04:43,218", "levelname": "INFO", "name": "AresTradingSystem.System.VectorizedWaveletTransformAnalyzer", "message": "✅ VectorizedWaveletTransformAnalyzer initialized successfully", "correlation_id": "-", "session_id": "-", "timestamp": "2025-08-20T16:04:43.218869+00:00"}
{"asctime": "2025-08-20 18:04:43,218", "levelname": "INFO", "name": "AresTradingSystem.System.VectorizedAdvancedFeatureEngineering", "message": "✅ Wavelet analyzer initialized successfully", "correlation_id": "-", "session_id": "-", "timestamp": "2025-08-20T16:04:43.218943+00:00"}
{"asctime": "2025-08-20 18:04:43,219", "levelname": "INFO", "name": "AresTradingSystem.System.VectorizedAdvancedFeatureEngineering", "message": "ℹ️ Meta-labeling system removed - using only HMM market regimes for labeling", "correlation_id": "-", "session_id": "-", "timestamp": "2025-08-20T16:04:43.219013+00:00"}
{"asctime": "2025-08-20 18:04:43,219", "levelname": "INFO", "name": "AresTradingSystem.System.VectorizedAdvancedFeatureEngineering", "message": "✅ Vectorized advanced feature engineering initialized successfully", "correlation_id": "-", "session_id": "-", "timestamp": "2025-08-20T16:04:43.219090+00:00"}
{"asctime": "2025-08-20 18:04:43,219", "levelname": "INFO", "name": "AresTradingSystem.System.VectorizedTrainingPipeline", "message": "🔧 Initialized vectorized feature engineering", "correlation_id": "-", "session_id": "-", "timestamp": "2025-08-20T16:04:43.219176+00:00"}
{"asctime": "2025-08-20 18:04:43,219", "levelname": "INFO", "name": "AresTradingSystem.System.VectorizedTrainingPipeline", "message": "✅ Vectorized Training Pipeline initialized successfully", "correlation_id": "-", "session_id": "-", "timestamp": "2025-08-20T16:04:43.219297+00:00"}
{"asctime": "2025-08-20 18:04:43,219", "levelname": "INFO", "name": "AresTradingSystem.System.EnhancedTrainingManager", "message": "✅ Vectorized Training Pipeline initialized", "correlation_id": "-", "session_id": "-", "timestamp": "2025-08-20T16:04:43.219382+00:00"}
{"asctime": "2025-08-20 18:04:43,219", "levelname": "INFO", "name": "AresTradingSystem.System.EnhancedTrainingManager", "message": "✅ Enhanced Training Manager initialized successfully", "correlation_id": "-", "session_id": "-", "timestamp": "2025-08-20T16:04:43.219460+00:00"}
{"asctime": "2025-08-20 18:04:43,219", "levelname": "INFO", "name": "AresTradingSystem.System.EnhancedTrainingManager", "message": "================================================================================", "correlation_id": "-", "session_id": "-", "timestamp": "2025-08-20T16:04:43.219800+00:00"}
{"asctime": "2025-08-20 18:04:43,219", "levelname": "INFO", "name": "AresTradingSystem.System.EnhancedTrainingManager", "message": "🚀 COMPREHENSIVE 15-STEP ENHANCED TRAINING PIPELINE START", "correlation_id": "-", "session_id": "-", "timestamp": "2025-08-20T16:04:43.219881+00:00"}
{"asctime": "2025-08-20 18:04:43,220", "levelname": "INFO", "name": "AresTradingSystem.System.EnhancedTrainingManager", "message": "================================================================================", "correlation_id": "-", "session_id": "-", "timestamp": "2025-08-20T16:04:43.220052+00:00"}
{"asctime": "2025-08-20 18:04:43,220", "levelname": "INFO", "name": "AresTradingSystem.System.EnhancedTrainingManager", "message": "📅 Started at: 2025-08-20 18:04:43", "correlation_id": "-", "session_id": "-", "timestamp": "2025-08-20T16:04:43.220142+00:00"}
{"asctime": "2025-08-20 18:04:43,220", "levelname": "INFO", "name": "AresTradingSystem.System.EnhancedTrainingManager", "message": "🎯 Symbol: ETHUSDT", "correlation_id": "-", "session_id": "-", "timestamp": "2025-08-20T16:04:43.220218+00:00"}
{"asctime": "2025-08-20 18:04:43,220", "levelname": "INFO", "name": "AresTradingSystem.System.EnhancedTrainingManager", "message": "🏢 Exchange: BINANCE", "correlation_id": "-", "session_id": "-", "timestamp": "2025-08-20T16:04:43.220293+00:00"}
{"asctime": "2025-08-20 18:04:43,220", "levelname": "INFO", "name": "AresTradingSystem.System.EnhancedTrainingManager", "message": "📊 Training Mode: N/A", "correlation_id": "-", "session_id": "-", "timestamp": "2025-08-20T16:04:43.220458+00:00"}
{"asctime": "2025-08-20 18:04:43,220", "levelname": "INFO", "name": "AresTradingSystem.System.EnhancedTrainingManager", "message": "📈 Lookback Days: 180", "correlation_id": "-", "session_id": "-", "timestamp": "2025-08-20T16:04:43.220985+00:00"}
{"asctime": "2025-08-20 18:04:43,221", "levelname": "INFO", "name": "AresTradingSystem.System.EnhancedTrainingManager", "message": "🔧 Blank Training Mode: True", "correlation_id": "-", "session_id": "-", "timestamp": "2025-08-20T16:04:43.221644+00:00"}
{"asctime": "2025-08-20 18:04:43,221", "levelname": "INFO", "name": "AresTradingSystem.System.EnhancedTrainingManager", "message": "🔧 Max Trials: 200", "correlation_id": "-", "session_id": "-", "timestamp": "2025-08-20T16:04:43.221976+00:00"}
{"asctime": "2025-08-20 18:04:43,222", "levelname": "INFO", "name": "AresTradingSystem.System.EnhancedTrainingManager", "message": "🔧 N Trials: 100", "correlation_id": "-", "session_id": "-", "timestamp": "2025-08-20T16:04:43.222340+00:00"}
{"asctime": "2025-08-20 18:04:43,222", "levelname": "INFO", "name": "AresTradingSystem.System.EnhancedTrainingManager", "message": "🚀 Initializing optimized tools...", "correlation_id": "-", "session_id": "-", "timestamp": "2025-08-20T16:04:43.222523+00:00"}
{"asctime": "2025-08-20 18:04:43,222", "levelname": "ERROR", "name": "AresTradingSystem.System.EnhancedTrainingManager", "message": "❌ Failed to initialize optimized tools: 'EnhancedTrainingManager' object has no attribute 'optimized_manager'", "correlation_id": "-", "session_id": "-", "exc_info": "Traceback (most recent call last):\n  File \"/Users/remyroche/Documents/Ares/src/training/enhanced_training_manager.py\", line 3850, in _initialize_optimized_tools\n    await self.optimized_manager.initialize()\n          ^^^^^^^^^^^^^^^^^^^^^^\nAttributeError: 'EnhancedTrainingManager' object has no attribute 'optimized_manager'. Did you mean: 'get_optimized_manager'?", "timestamp": "2025-08-20T16:04:43.222636+00:00"}
{"asctime": "2025-08-20 18:04:43,235", "levelname": "INFO", "name": "AresTradingSystem.System.EnhancedTrainingManager", "message": "🚀 Starting fresh training...", "correlation_id": "-", "session_id": "-", "timestamp": "2025-08-20T16:04:43.235199+00:00"}
{"asctime": "2025-08-20 18:04:43,235", "levelname": "INFO", "name": "AresTradingSystem.System.EnhancedTrainingManager", "message": "🧹 Force rerun enabled - clearing artifacts from step2_feature_engineering and subsequent steps", "correlation_id": "-", "session_id": "-", "timestamp": "2025-08-20T16:04:43.235352+00:00"}
{"asctime": "2025-08-20 18:04:43,235", "levelname": "INFO", "name": "AresTradingSystem.System.EnhancedTrainingManager", "message": "🧹 Clearing artifacts from step2_feature_engineering onward", "correlation_id": "-", "session_id": "-", "timestamp": "2025-08-20T16:04:43.235444+00:00"}
{"asctime": "2025-08-20 18:04:43,257", "levelname": "INFO", "name": "AresTradingSystem.System.EnhancedTrainingManager", "message": "✅ Cleared artifacts for 17 steps: ['step2_feature_engineering', 'step2_5_enhanced_matrix_operations', 'step3_hmm_regime_discovery', 'step4_processing_labeling', 'step5_regime_data_splitting', 'step5_5_enhanced_model_training_operations', 'step6_hmm_based_training', 'step6_5_unified_regime_intelligence', 'step7_analyst_enhancement', 'step8_tactician_labeling', 'step9_tactician_specialist_training', 'step10_confidence_calibration', 'step11_final_parameters_optimization', 'step12_walk_forward_validation', 'step13_monte_carlo_validation', 'step14_ab_testing', 'step15_saving']", "correlation_id": "-", "session_id": "-", "timestamp": "2025-08-20T16:04:43.257149+00:00"}
{"asctime": "2025-08-20 18:04:43,257", "levelname": "INFO", "name": "AresTradingSystem.System.EnhancedTrainingManager", "message": "✅ Cleared artifacts and checkpoints from step2_feature_engineering onward", "correlation_id": "-", "session_id": "-", "timestamp": "2025-08-20T16:04:43.257974+00:00"}
{"asctime": "2025-08-20 18:04:43,265", "levelname": "INFO", "name": "AresTradingSystem.System.EnhancedTrainingManager", "message": "====================================================================================================", "correlation_id": "-", "session_id": "-", "timestamp": "2025-08-20T16:04:43.265395+00:00"}
{"asctime": "2025-08-20 18:04:43,265", "levelname": "INFO", "name": "AresTradingSystem.System.EnhancedTrainingManager", "message": "🚀 COMPREHENSIVE 15-STEP TRAINING PIPELINE START", "correlation_id": "-", "session_id": "-", "timestamp": "2025-08-20T16:04:43.265539+00:00"}
{"asctime": "2025-08-20 18:04:43,265", "levelname": "INFO", "name": "AresTradingSystem.System.EnhancedTrainingManager", "message": "====================================================================================================", "correlation_id": "-", "session_id": "-", "timestamp": "2025-08-20T16:04:43.265646+00:00"}
{"asctime": "2025-08-20 18:04:43,266", "levelname": "INFO", "name": "AresTradingSystem.System.EnhancedTrainingManager", "message": "📅 Started at: 2025-08-20 18:04:43", "correlation_id": "-", "session_id": "-", "timestamp": "2025-08-20T16:04:43.266073+00:00"}
{"asctime": "2025-08-20 18:04:43,268", "levelname": "INFO", "name": "AresTradingSystem.System.EnhancedTrainingManager", "message": "🎯 Symbol: ETHUSDT", "correlation_id": "-", "session_id": "-", "timestamp": "2025-08-20T16:04:43.268642+00:00"}
{"asctime": "2025-08-20 18:04:43,268", "levelname": "INFO", "name": "AresTradingSystem.System.EnhancedTrainingManager", "message": "🏢 Exchange: BINANCE", "correlation_id": "-", "session_id": "-", "timestamp": "2025-08-20T16:04:43.268887+00:00"}
{"asctime": "2025-08-20 18:04:43,269", "levelname": "INFO", "name": "AresTradingSystem.System.EnhancedTrainingManager", "message": "📊 Timeframe: 1m", "correlation_id": "-", "session_id": "-", "timestamp": "2025-08-20T16:04:43.269076+00:00"}
{"asctime": "2025-08-20 18:04:43,269", "levelname": "INFO", "name": "AresTradingSystem.System.EnhancedTrainingManager", "message": "🧠 Training Mode: Blank", "correlation_id": "-", "session_id": "-", "timestamp": "2025-08-20T16:04:43.269304+00:00"}
{"asctime": "2025-08-20 18:04:43,269", "levelname": "INFO", "name": "AresTradingSystem.System.EnhancedTrainingManager", "message": "🔧 Max Trials: 200", "correlation_id": "-", "session_id": "-", "timestamp": "2025-08-20T16:04:43.269413+00:00"}
{"asctime": "2025-08-20 18:04:43,269", "levelname": "INFO", "name": "AresTradingSystem.System.EnhancedTrainingManager", "message": "📈 Lookback Days: 180", "correlation_id": "-", "session_id": "-", "timestamp": "2025-08-20T16:04:43.269842+00:00"}
{"asctime": "2025-08-20 18:04:43,269", "levelname": "INFO", "name": "AresTradingSystem.System.EnhancedTrainingManager", "message": "💾 Memory Optimization: Enabled", "correlation_id": "-", "session_id": "-", "timestamp": "2025-08-20T16:04:43.269970+00:00"}
{"asctime": "2025-08-20 18:04:43,270", "levelname": "INFO", "name": "AresTradingSystem.System.EnhancedTrainingManager", "message": "🚀 Starting from step: step2_feature_engineering", "correlation_id": "-", "session_id": "-", "timestamp": "2025-08-20T16:04:43.270067+00:00"}
{"asctime": "2025-08-20 18:04:43,271", "levelname": "INFO", "name": "AresTradingSystem.System.EnhancedTrainingManager", "message": "====================================================================================================", "correlation_id": "-", "session_id": "-", "timestamp": "2025-08-20T16:04:43.271235+00:00"}
{"asctime": "2025-08-20 18:04:43,271", "levelname": "INFO", "name": "AresTradingSystem.System.EnhancedTrainingManager", "message": "⏭️  Skipping Step 1: Data Collection (using pre-consolidated data)", "correlation_id": "-", "session_id": "-", "timestamp": "2025-08-20T16:04:43.271854+00:00"}
{"asctime": "2025-08-20 18:04:43,272", "levelname": "INFO", "name": "AresTradingSystem.System.EnhancedTrainingManager", "message": "💓 Step 1.5: Data Converter", "correlation_id": "-", "session_id": "-", "timestamp": "2025-08-20T16:04:43.272675+00:00"}
{"asctime": "2025-08-20 18:04:43,272", "levelname": "INFO", "name": "AresTradingSystem.System.EnhancedTrainingManager", "message": "⏭️ Skipping Step 1.5: Data Converter (starting from 'step2_feature_engineering')", "correlation_id": "-", "session_id": "-", "timestamp": "2025-08-20T16:04:43.272910+00:00"}
{"asctime": "2025-08-20 18:04:43,273", "levelname": "INFO", "name": "AresTradingSystem.System.EnhancedTrainingManager", "message": "💓 Step 2: Feature Engineering", "correlation_id": "-", "session_id": "-", "timestamp": "2025-08-20T16:04:43.273353+00:00"}
{"asctime": "2025-08-20 18:04:43,273", "levelname": "INFO", "name": "AresTradingSystem.System.EnhancedTrainingManager", "message": "🔍 Validating dependencies for step2_feature_engineering", "correlation_id": "-", "session_id": "-", "timestamp": "2025-08-20T16:04:43.273652+00:00"}
{"asctime": "2025-08-20 18:04:43,273", "levelname": "INFO", "name": "AresTradingSystem.System.EnhancedTrainingManager", "message": "✅ Force rerun enabled for step2_feature_engineering, skipping dependency validation", "correlation_id": "-", "session_id": "-", "timestamp": "2025-08-20T16:04:43.273895+00:00"}
{"asctime": "2025-08-20 18:04:43,390", "levelname": "INFO", "name": "AresTradingSystem.System.EnhancedTrainingManager", "message": "❌ Step 2: Feature Engineering: failed in 0.01s", "correlation_id": "-", "session_id": "-", "timestamp": "2025-08-20T16:04:43.390140+00:00"}
{"asctime": "2025-08-20 18:04:43,390", "levelname": "INFO", "name": "AresTradingSystem.System.EnhancedTrainingManager", "message": "💾 Process Memory: 704.2 MB | CPU: 0.1%", "correlation_id": "-", "session_id": "-", "timestamp": "2025-08-20T16:04:43.390662+00:00"}
{"asctime": "2025-08-20 18:04:43,391", "levelname": "INFO", "name": "AresTradingSystem.System.EnhancedTrainingManager", "message": "🖥️ System Memory: 70.9% | Available: 4.7 GB", "correlation_id": "-", "session_id": "-", "timestamp": "2025-08-20T16:04:43.391144+00:00"}
{"asctime": "2025-08-20 18:04:43,392", "levelname": "INFO", "name": "AresTradingSystem.System.EnhancedTrainingManager", "message": "📊 Progress: 6.2% (1/16)", "correlation_id": "-", "session_id": "-", "timestamp": "2025-08-20T16:04:43.392036+00:00"}
{"asctime": "2025-08-20 18:04:43,392", "levelname": "ERROR", "name": "AresTradingSystem.System.EnhancedTrainingManager", "message": "❌ Enhanced training pipeline failed", "correlation_id": "-", "session_id": "-", "timestamp": "2025-08-20T16:04:43.392248+00:00"}
{"asctime": "2025-08-20 18:04:43,392", "levelname": "INFO", "name": "AresTradingSystem.System.EnhancedTrainingManager", "message": "🧹 GPU memory cleared after training", "correlation_id": "-", "session_id": "-", "timestamp": "2025-08-20T16:04:43.392546+00:00"}
