{"asctime": "2025-08-17 21:47:42,267", "levelname": "INFO", "name": "AresGlobal", "message": "================================================================================", "correlation_id": "-", "session_id": "-", "timestamp": "2025-08-17T19:47:42.267396+00:00"}
{"asctime": "2025-08-17 21:47:42,267", "levelname": "INFO", "name": "AresGlobal", "message": "📊 SESSION SUMMARY", "correlation_id": "-", "session_id": "-", "timestamp": "2025-08-17T19:47:42.267540+00:00"}
{"asctime": "2025-08-17 21:47:42,267", "levelname": "INFO", "name": "AresGlobal", "message": "Session started: 2025-08-17 21:47:42", "correlation_id": "-", "session_id": "-", "timestamp": "2025-08-17T19:47:42.267663+00:00"}
{"asctime": "2025-08-17 21:47:42,267", "levelname": "INFO", "name": "AresGlobal", "message": "This file contains ALL logs for this session", "correlation_id": "-", "session_id": "-", "timestamp": "2025-08-17T19:47:42.267750+00:00"}
{"asctime": "2025-08-17 21:47:42,267", "levelname": "INFO", "name": "AresGlobal", "message": "================================================================================", "correlation_id": "-", "session_id": "-", "timestamp": "2025-08-17T19:47:42.267836+00:00"}
{"asctime": "2025-08-17 21:47:42,267", "levelname": "INFO", "name": "AresSystem", "message": "================================================================================", "correlation_id": "-", "session_id": "-", "timestamp": "2025-08-17T19:47:42.267955+00:00"}
{"asctime": "2025-08-17 21:47:42,268", "levelname": "INFO", "name": "AresGlobal", "message": "[SYSTEM] ================================================================================", "correlation_id": "-", "session_id": "-", "timestamp": "2025-08-17T19:47:42.268043+00:00"}
{"asctime": "2025-08-17 21:47:42,268", "levelname": "INFO", "name": "AresSystem", "message": "🚀 ARES LAUNCHER STARTED - Mode: INITIALIZATION", "correlation_id": "-", "session_id": "-", "timestamp": "2025-08-17T19:47:42.268128+00:00"}
{"asctime": "2025-08-17 21:47:42,268", "levelname": "INFO", "name": "AresGlobal", "message": "[SYSTEM] 🚀 ARES LAUNCHER STARTED - Mode: INITIALIZATION", "correlation_id": "-", "session_id": "-", "timestamp": "2025-08-17T19:47:42.268216+00:00"}
{"asctime": "2025-08-17 21:47:42,268", "levelname": "INFO", "name": "AresSystem", "message": "Start time: 2025-08-17 21:47:42", "correlation_id": "-", "session_id": "-", "timestamp": "2025-08-17T19:47:42.268309+00:00"}
{"asctime": "2025-08-17 21:47:42,268", "levelname": "INFO", "name": "AresGlobal", "message": "[SYSTEM] Start time: 2025-08-17 21:47:42", "correlation_id": "-", "session_id": "-", "timestamp": "2025-08-17T19:47:42.268390+00:00"}
{"asctime": "2025-08-17 21:47:42,268", "levelname": "INFO", "name": "AresSystem", "message": "Log directory: log", "correlation_id": "-", "session_id": "-", "timestamp": "2025-08-17T19:47:42.268471+00:00"}
{"asctime": "2025-08-17 21:47:42,268", "levelname": "INFO", "name": "AresGlobal", "message": "[SYSTEM] Log directory: log", "correlation_id": "-", "session_id": "-", "timestamp": "2025-08-17T19:47:42.268550+00:00"}
{"asctime": "2025-08-17 21:47:42,268", "levelname": "INFO", "name": "AresSystem", "message": "================================================================================", "correlation_id": "-", "session_id": "-", "timestamp": "2025-08-17T19:47:42.268719+00:00"}
{"asctime": "2025-08-17 21:47:42,268", "levelname": "INFO", "name": "AresGlobal", "message": "[SYSTEM] ================================================================================", "correlation_id": "-", "session_id": "-", "timestamp": "2025-08-17T19:47:42.268804+00:00"}
{"asctime": "2025-08-17 21:47:42,268", "levelname": "INFO", "name": "AresGlobal.AresLauncher", "message": "================================================================================", "correlation_id": "-", "session_id": "-", "timestamp": "2025-08-17T19:47:42.268891+00:00"}
{"asctime": "2025-08-17 21:47:42,268", "levelname": "INFO", "name": "AresGlobal.AresLauncher", "message": "🚀 ARES COMPREHENSIVE LAUNCHER", "correlation_id": "-", "session_id": "-", "timestamp": "2025-08-17T19:47:42.268973+00:00"}
{"asctime": "2025-08-17 21:47:42,269", "levelname": "INFO", "name": "AresGlobal.AresLauncher", "message": "================================================================================", "correlation_id": "-", "session_id": "-", "timestamp": "2025-08-17T19:47:42.269062+00:00"}
{"asctime": "2025-08-17 21:47:42,269", "levelname": "INFO", "name": "AresGlobal.AresLauncher", "message": "Start time: 2025-08-17 21:47:42", "correlation_id": "-", "session_id": "-", "timestamp": "2025-08-17T19:47:42.269147+00:00"}
{"asctime": "2025-08-17 21:47:42,269", "levelname": "INFO", "name": "AresGlobal.AresLauncher", "message": "Log directory: log", "correlation_id": "-", "session_id": "-", "timestamp": "2025-08-17T19:47:42.269227+00:00"}
{"asctime": "2025-08-17 21:47:42,269", "levelname": "INFO", "name": "AresGlobal.AresLauncher", "message": "Log level: INFO", "correlation_id": "-", "session_id": "-", "timestamp": "2025-08-17T19:47:42.269307+00:00"}
{"asctime": "2025-08-17 21:47:42,269", "levelname": "INFO", "name": "AresGlobal.AresLauncher", "message": "Global log file: ares_global_20250817_214742.log", "correlation_id": "-", "session_id": "-", "timestamp": "2025-08-17T19:47:42.269390+00:00"}
{"asctime": "2025-08-17 21:47:42,269", "levelname": "INFO", "name": "AresGlobal.AresLauncher", "message": "Full run log: log/ares_full_20250817_214742.log", "correlation_id": "-", "session_id": "-", "timestamp": "2025-08-17T19:47:42.269476+00:00"}
{"asctime": "2025-08-17 21:47:42,269", "levelname": "INFO", "name": "AresGlobal.AresLauncher", "message": "Trades log: log/ares_trades_20250817_214742.log", "correlation_id": "-", "session_id": "-", "timestamp": "2025-08-17T19:47:42.269553+00:00"}
{"asctime": "2025-08-17 21:47:42,269", "levelname": "INFO", "name": "AresGlobal.AresLauncher", "message": "Backtest log: log/ares_backtest_20250817_214742.log", "correlation_id": "-", "session_id": "-", "timestamp": "2025-08-17T19:47:42.269629+00:00"}
{"asctime": "2025-08-17 21:47:42,269", "levelname": "INFO", "name": "AresGlobal.AresLauncher", "message": "================================================================================", "correlation_id": "-", "session_id": "-", "timestamp": "2025-08-17T19:47:42.269706+00:00"}
{"asctime": "2025-08-17 21:47:42,269", "levelname": "INFO", "name": "AresTradingSystem.System.SignalHandler", "message": "Shutdown callback registered", "correlation_id": "-", "session_id": "-", "timestamp": "2025-08-17T19:47:42.269786+00:00"}
{"asctime": "2025-08-17 21:47:42,269", "levelname": "INFO", "name": "AresSystem", "message": "================================================================================", "correlation_id": "-", "session_id": "-", "timestamp": "2025-08-17T19:47:42.269867+00:00"}
{"asctime": "2025-08-17 21:47:42,269", "levelname": "INFO", "name": "AresGlobal", "message": "[SYSTEM] ================================================================================", "correlation_id": "-", "session_id": "-", "timestamp": "2025-08-17T19:47:42.269947+00:00"}
{"asctime": "2025-08-17 21:47:42,270", "levelname": "INFO", "name": "AresSystem", "message": "🚀 ARES LAUNCHER STARTED - Mode: blank - Symbol: ETHUSDT - Exchange: BINANCE", "correlation_id": "-", "session_id": "-", "timestamp": "2025-08-17T19:47:42.270024+00:00"}
{"asctime": "2025-08-17 21:47:42,270", "levelname": "INFO", "name": "AresGlobal", "message": "[SYSTEM] 🚀 ARES LAUNCHER STARTED - Mode: blank - Symbol: ETHUSDT - Exchange: BINANCE", "correlation_id": "-", "session_id": "-", "timestamp": "2025-08-17T19:47:42.270109+00:00"}
{"asctime": "2025-08-17 21:47:42,270", "levelname": "INFO", "name": "AresSystem", "message": "Start time: 2025-08-17 21:47:42", "correlation_id": "-", "session_id": "-", "timestamp": "2025-08-17T19:47:42.270195+00:00"}
{"asctime": "2025-08-17 21:47:42,270", "levelname": "INFO", "name": "AresGlobal", "message": "[SYSTEM] Start time: 2025-08-17 21:47:42", "correlation_id": "-", "session_id": "-", "timestamp": "2025-08-17T19:47:42.270274+00:00"}
{"asctime": "2025-08-17 21:47:42,270", "levelname": "INFO", "name": "AresSystem", "message": "Log directory: log", "correlation_id": "-", "session_id": "-", "timestamp": "2025-08-17T19:47:42.270350+00:00"}
{"asctime": "2025-08-17 21:47:42,270", "levelname": "INFO", "name": "AresGlobal", "message": "[SYSTEM] Log directory: log", "correlation_id": "-", "session_id": "-", "timestamp": "2025-08-17T19:47:42.270476+00:00"}
{"asctime": "2025-08-17 21:47:42,270", "levelname": "INFO", "name": "AresSystem", "message": "================================================================================", "correlation_id": "-", "session_id": "-", "timestamp": "2025-08-17T19:47:42.270667+00:00"}
{"asctime": "2025-08-17 21:47:42,270", "levelname": "INFO", "name": "AresGlobal", "message": "[SYSTEM] ================================================================================", "correlation_id": "-", "session_id": "-", "timestamp": "2025-08-17T19:47:42.270751+00:00"}
{"asctime": "2025-08-17 21:47:42,270", "levelname": "INFO", "name": "AresGlobal.AresLauncher", "message": "🚀 Running enhanced 16-step training pipeline for ETHUSDT on BINANCE", "correlation_id": "-", "session_id": "-", "timestamp": "2025-08-17T19:47:42.270856+00:00"}
{"asctime": "2025-08-17 21:47:42,270", "levelname": "INFO", "name": "AresGlobal.AresLauncher", "message": "Starting from step: step3_hmm_regime_discovery", "correlation_id": "-", "session_id": "-", "timestamp": "2025-08-17T19:47:42.270943+00:00"}
{"asctime": "2025-08-17 21:47:42,271", "levelname": "INFO", "name": "AresGlobal.AresLauncher", "message": "🧪 BLANK TRAINING MODE: Set BLANK_TRAINING_MODE=1 for step-based training", "correlation_id": "-", "session_id": "-", "timestamp": "2025-08-17T19:47:42.271791+00:00"}
{"asctime": "2025-08-17 21:47:42,272", "levelname": "INFO", "name": "AresGlobal.ProgressManager", "message": "Initialized ProgressManager for ETHUSDT on BINANCE", "correlation_id": "-", "session_id": "-", "timestamp": "2025-08-17T19:47:42.272074+00:00"}
{"asctime": "2025-08-17 21:47:42,272", "levelname": "INFO", "name": "AresGlobal.ProgressManager", "message": "Progress directory: data/training/progress/BINANCE_ETHUSDT", "correlation_id": "-", "session_id": "-", "timestamp": "2025-08-17T19:47:42.272184+00:00"}
{"asctime": "2025-08-17 21:47:42,272", "levelname": "INFO", "name": "AresGlobal.StepOrchestrator", "message": "Initialized StepOrchestrator for ETHUSDT on BINANCE", "correlation_id": "-", "session_id": "-", "timestamp": "2025-08-17T19:47:42.272263+00:00"}
{"asctime": "2025-08-17 21:47:42,272", "levelname": "INFO", "name": "AresGlobal.ProgressManager", "message": "🗑️  Cleared progress for step3_hmm_regime_discovery", "correlation_id": "-", "session_id": "-", "timestamp": "2025-08-17T19:47:42.272396+00:00"}
{"asctime": "2025-08-17 21:47:42,273", "levelname": "INFO", "name": "AresGlobal.AresLauncher", "message": "🧹 Cleared progress for 'step3_hmm_regime_discovery' only (force)", "correlation_id": "-", "session_id": "-", "timestamp": "2025-08-17T19:47:42.273245+00:00"}
{"asctime": "2025-08-17 21:47:42,273", "levelname": "DEBUG", "name": "asyncio", "message": "Using selector: KqueueSelector", "correlation_id": "-", "session_id": "-", "timestamp": "2025-08-17T19:47:42.273413+00:00"}
{"asctime": "2025-08-17 21:47:42,273", "levelname": "INFO", "name": "AresGlobal.StepOrchestrator", "message": "🚀 Starting execution from step: step3_hmm_regime_discovery", "correlation_id": "-", "session_id": "-", "timestamp": "2025-08-17T19:47:42.273607+00:00"}
{"asctime": "2025-08-17 21:47:42,311", "levelname": "INFO", "name": "src.utils.prometheus_metrics", "message": "Prometheus metrics server started on port 9000", "correlation_id": "-", "session_id": "-", "timestamp": "2025-08-17T19:47:42.311450+00:00"}
{"asctime": "2025-08-17 21:47:42,313", "levelname": "ERROR", "name": "AresGlobal.StepOrchestrator", "message": "Failed to setup enhanced training manager: 'continue' not properly in loop (step_dependency_validator.py, line 222)", "correlation_id": "-", "session_id": "-", "exc_info": "Traceback (most recent call last):\n  File \"/Users/remyroche/Documents/Ares/src/training/step_orchestrator.py\", line 74, in _setup_enhanced_training_manager\n    from src.training.enhanced_training_manager import (\n  File \"/Users/remyroche/Documents/Ares/src/training/enhanced_training_manager.py\", line 38, in <module>\n    from src.utils.step_dependency_validator import step_dependency_validator\n  File \"/Users/remyroche/Documents/Ares/src/utils/step_dependency_validator.py\", line 222\n    continue\n    ^^^^^^^^\nSyntaxError: 'continue' not properly in loop", "timestamp": "2025-08-17T19:47:42.313010+00:00"}
{"asctime": "2025-08-17 21:47:42,314", "levelname": "INFO", "name": "AresGlobal.StepOrchestrator", "message": "\u001b[91m\u001b[1m❌\u001b[0m \u001b[91m\u001b[1mFailed to setup enhanced training manager: 'continue' not properly in loop (step_dependency_validator.py, line 222)\u001b[0m", "correlation_id": "-", "session_id": "-", "timestamp": "2025-08-17T19:47:42.314080+00:00"}
{"asctime": "2025-08-17 21:47:42,314", "levelname": "ERROR", "name": "AresGlobal.AresLauncher", "message": "❌ Step-based training pipeline failed", "correlation_id": "-", "session_id": "-", "timestamp": "2025-08-17T19:47:42.314382+00:00"}
{"asctime": "2025-08-17 21:47:42,314", "levelname": "INFO", "name": "AresSystem", "message": "================================================================================", "correlation_id": "-", "session_id": "-", "timestamp": "2025-08-17T19:47:42.314497+00:00"}
{"asctime": "2025-08-17 21:47:42,314", "levelname": "INFO", "name": "AresGlobal", "message": "[SYSTEM] ================================================================================", "correlation_id": "-", "session_id": "-", "timestamp": "2025-08-17T19:47:42.314593+00:00"}
{"asctime": "2025-08-17 21:47:42,314", "levelname": "INFO", "name": "AresSystem", "message": "🛑 ARES LAUNCHER ENDED - Exit code: 1", "correlation_id": "-", "session_id": "-", "timestamp": "2025-08-17T19:47:42.314675+00:00"}
{"asctime": "2025-08-17 21:47:42,314", "levelname": "INFO", "name": "AresGlobal", "message": "[SYSTEM] 🛑 ARES LAUNCHER ENDED - Exit code: 1", "correlation_id": "-", "session_id": "-", "timestamp": "2025-08-17T19:47:42.314765+00:00"}
{"asctime": "2025-08-17 21:47:42,314", "levelname": "INFO", "name": "AresSystem", "message": "End time: 2025-08-17 21:47:42", "correlation_id": "-", "session_id": "-", "timestamp": "2025-08-17T19:47:42.314860+00:00"}
{"asctime": "2025-08-17 21:47:42,314", "levelname": "INFO", "name": "AresGlobal", "message": "[SYSTEM] End time: 2025-08-17 21:47:42", "correlation_id": "-", "session_id": "-", "timestamp": "2025-08-17T19:47:42.314944+00:00"}
{"asctime": "2025-08-17 21:47:42,315", "levelname": "INFO", "name": "AresSystem", "message": "================================================================================", "correlation_id": "-", "session_id": "-", "timestamp": "2025-08-17T19:47:42.315025+00:00"}
{"asctime": "2025-08-17 21:47:42,315", "levelname": "INFO", "name": "AresGlobal", "message": "[SYSTEM] ================================================================================", "correlation_id": "-", "session_id": "-", "timestamp": "2025-08-17T19:47:42.315106+00:00"}
{"asctime": "2025-08-17 21:47:42,315", "levelname": "INFO", "name": "AresGlobal.AresLauncher", "message": "🧹 Cleaning up processes...", "correlation_id": "-", "session_id": "-", "timestamp": "2025-08-17T19:47:42.315190+00:00"}
{"asctime": "2025-08-17 21:47:42,315", "levelname": "INFO", "name": "AresGlobal.AresLauncher", "message": "✅ Cleanup completed", "correlation_id": "-", "session_id": "-", "timestamp": "2025-08-17T19:47:42.315275+00:00"}
