{"asctime": "2025-08-17 21:52:45,991", "levelname": "INFO", "name": "AresTradingSystem", "message": "✅ Enhanced Logger initialization completed successfully", "correlation_id": "-", "session_id": "-", "timestamp": "2025-08-17T19:52:45.991867+00:00"}
{"asctime": "2025-08-17 21:52:45,999", "levelname": "INFO", "name": "AresTradingSystem.System", "message": "Environment configuration loaded successfully. Trading Environment: PAPER, Exchange: BINANCE", "correlation_id": "-", "session_id": "-", "timestamp": "2025-08-17T19:52:45.999477+00:00"}
{"asctime": "2025-08-17 21:52:48,223", "levelname": "INFO", "name": "AresTradingSystem.System.RawDataQualityChecker", "message": "🔍 Starting raw data quality validation for BINANCE TEST", "correlation_id": "-", "session_id": "-", "timestamp": "2025-08-17T19:52:48.223243+00:00"}
{"asctime": "2025-08-17 21:52:48,223", "levelname": "INFO", "name": "AresTradingSystem.System.RawDataQualityChecker", "message": "Validating data structure...", "correlation_id": "-", "session_id": "-", "timestamp": "2025-08-17T19:52:48.223402+00:00"}
{"asctime": "2025-08-17 21:52:48,223", "levelname": "INFO", "name": "AresTradingSystem.System.RawDataQualityChecker", "message": "Validating data completeness...", "correlation_id": "-", "session_id": "-", "timestamp": "2025-08-17T19:52:48.223749+00:00"}
{"asctime": "2025-08-17 21:52:48,225", "levelname": "INFO", "name": "AresTradingSystem.System.RawDataQualityChecker", "message": "🔧 Preprocessing market data using method: forward_fill", "correlation_id": "-", "session_id": "-", "timestamp": "2025-08-17T19:52:48.225104+00:00"}
{"asctime": "2025-08-17 21:52:48,225", "levelname": "INFO", "name": "AresTradingSystem.System.RawDataQualityChecker", "message": "🔧 Preprocessing irregular intervals using method: forward_fill", "correlation_id": "-", "session_id": "-", "timestamp": "2025-08-17T19:52:48.225192+00:00"}
{"asctime": "2025-08-17 21:52:48,225", "levelname": "WARNING", "name": "AresTradingSystem.System.RawDataQualityChecker", "message": "⚠️ Found 9 duplicate timestamps, removing duplicates", "correlation_id": "-", "session_id": "-", "timestamp": "2025-08-17T19:52:48.225420+00:00"}
{"asctime": "2025-08-17 21:52:48,226", "levelname": "INFO", "name": "AresTradingSystem.System.RawDataQualityChecker", "message": "🔧 Using frequency: 1T (expected interval: 0 days 00:01:00)", "correlation_id": "-", "session_id": "-", "timestamp": "2025-08-17T19:52:48.226180+00:00"}
{"asctime": "2025-08-17 21:52:48,226", "levelname": "INFO", "name": "AresTradingSystem.System.RawDataQualityChecker", "message": "✅ Forward-filled 0 missing intervals", "correlation_id": "-", "session_id": "-", "timestamp": "2025-08-17T19:52:48.226707+00:00"}
{"asctime": "2025-08-17 21:52:48,226", "levelname": "INFO", "name": "AresTradingSystem.System.RawDataQualityChecker", "message": "🔍 Starting raw data quality validation for BINANCE TEST", "correlation_id": "-", "session_id": "-", "timestamp": "2025-08-17T19:52:48.226796+00:00"}
{"asctime": "2025-08-17 21:52:48,226", "levelname": "INFO", "name": "AresTradingSystem.System.RawDataQualityChecker", "message": "Validating data structure...", "correlation_id": "-", "session_id": "-", "timestamp": "2025-08-17T19:52:48.226865+00:00"}
{"asctime": "2025-08-17 21:52:48,226", "levelname": "INFO", "name": "AresTradingSystem.System.RawDataQualityChecker", "message": "Validating data completeness...", "correlation_id": "-", "session_id": "-", "timestamp": "2025-08-17T19:52:48.226979+00:00"}
{"asctime": "2025-08-17 21:52:48,227", "levelname": "INFO", "name": "AresTradingSystem.System.RawDataQualityChecker", "message": "🔧 Preprocessing market data using method: interpolate", "correlation_id": "-", "session_id": "-", "timestamp": "2025-08-17T19:52:48.227919+00:00"}
{"asctime": "2025-08-17 21:52:48,228", "levelname": "INFO", "name": "AresTradingSystem.System.RawDataQualityChecker", "message": "🔧 Preprocessing irregular intervals using method: interpolate", "correlation_id": "-", "session_id": "-", "timestamp": "2025-08-17T19:52:48.228004+00:00"}
{"asctime": "2025-08-17 21:52:48,228", "levelname": "WARNING", "name": "AresTradingSystem.System.RawDataQualityChecker", "message": "⚠️ Found 9 duplicate timestamps, removing duplicates", "correlation_id": "-", "session_id": "-", "timestamp": "2025-08-17T19:52:48.228136+00:00"}
{"asctime": "2025-08-17 21:52:48,228", "levelname": "INFO", "name": "AresTradingSystem.System.RawDataQualityChecker", "message": "🔧 Using frequency: 1T (expected interval: 0 days 00:01:00)", "correlation_id": "-", "session_id": "-", "timestamp": "2025-08-17T19:52:48.228547+00:00"}
{"asctime": "2025-08-17 21:52:48,229", "levelname": "INFO", "name": "AresTradingSystem.System.RawDataQualityChecker", "message": "✅ Interpolated 0 missing intervals", "correlation_id": "-", "session_id": "-", "timestamp": "2025-08-17T19:52:48.229337+00:00"}
{"asctime": "2025-08-17 21:52:48,229", "levelname": "INFO", "name": "AresTradingSystem.System.RawDataQualityChecker", "message": "🔍 Starting raw data quality validation for BINANCE TEST", "correlation_id": "-", "session_id": "-", "timestamp": "2025-08-17T19:52:48.229467+00:00"}
{"asctime": "2025-08-17 21:52:48,229", "levelname": "INFO", "name": "AresTradingSystem.System.RawDataQualityChecker", "message": "Validating data structure...", "correlation_id": "-", "session_id": "-", "timestamp": "2025-08-17T19:52:48.229556+00:00"}
{"asctime": "2025-08-17 21:52:48,229", "levelname": "INFO", "name": "AresTradingSystem.System.RawDataQualityChecker", "message": "Validating data completeness...", "correlation_id": "-", "session_id": "-", "timestamp": "2025-08-17T19:52:48.229809+00:00"}
{"asctime": "2025-08-17 21:52:48,230", "levelname": "INFO", "name": "AresTradingSystem.System.RawDataQualityChecker", "message": "🔧 Preprocessing market data using method: resample", "correlation_id": "-", "session_id": "-", "timestamp": "2025-08-17T19:52:48.230834+00:00"}
{"asctime": "2025-08-17 21:52:48,230", "levelname": "INFO", "name": "AresTradingSystem.System.RawDataQualityChecker", "message": "🔧 Preprocessing irregular intervals using method: resample", "correlation_id": "-", "session_id": "-", "timestamp": "2025-08-17T19:52:48.230947+00:00"}
{"asctime": "2025-08-17 21:52:48,231", "levelname": "WARNING", "name": "AresTradingSystem.System.RawDataQualityChecker", "message": "⚠️ Found 9 duplicate timestamps, removing duplicates", "correlation_id": "-", "session_id": "-", "timestamp": "2025-08-17T19:52:48.231094+00:00"}
{"asctime": "2025-08-17 21:52:48,231", "levelname": "INFO", "name": "AresTradingSystem.System.RawDataQualityChecker", "message": "🔧 Using frequency: 1T (expected interval: 0 days 00:01:00)", "correlation_id": "-", "session_id": "-", "timestamp": "2025-08-17T19:52:48.231534+00:00"}
{"asctime": "2025-08-17 21:52:48,234", "levelname": "INFO", "name": "AresTradingSystem.System.RawDataQualityChecker", "message": "✅ Resampled to regular intervals, removed 0 irregular intervals", "correlation_id": "-", "session_id": "-", "timestamp": "2025-08-17T19:52:48.234126+00:00"}
{"asctime": "2025-08-17 21:52:48,234", "levelname": "INFO", "name": "AresTradingSystem.System.RawDataQualityChecker", "message": "🔍 Starting raw data quality validation for BINANCE TEST", "correlation_id": "-", "session_id": "-", "timestamp": "2025-08-17T19:52:48.234240+00:00"}
{"asctime": "2025-08-17 21:52:48,234", "levelname": "INFO", "name": "AresTradingSystem.System.RawDataQualityChecker", "message": "Validating data structure...", "correlation_id": "-", "session_id": "-", "timestamp": "2025-08-17T19:52:48.234313+00:00"}
{"asctime": "2025-08-17 21:52:48,234", "levelname": "INFO", "name": "AresTradingSystem.System.RawDataQualityChecker", "message": "Validating data completeness...", "correlation_id": "-", "session_id": "-", "timestamp": "2025-08-17T19:52:48.234427+00:00"}
{"asctime": "2025-08-17 21:52:48,235", "levelname": "INFO", "name": "AresTradingSystem.System.RawDataQualityChecker", "message": "🔧 Preprocessing market data using method: auto", "correlation_id": "-", "session_id": "-", "timestamp": "2025-08-17T19:52:48.235482+00:00"}
{"asctime": "2025-08-17 21:52:48,235", "levelname": "INFO", "name": "AresTradingSystem.System.RawDataQualityChecker", "message": "🔧 Auto-selected method 'interpolate' based on 0.018 irregular ratio", "correlation_id": "-", "session_id": "-", "timestamp": "2025-08-17T19:52:48.235924+00:00"}
{"asctime": "2025-08-17 21:52:48,236", "levelname": "INFO", "name": "AresTradingSystem.System.RawDataQualityChecker", "message": "🔧 Preprocessing irregular intervals using method: interpolate", "correlation_id": "-", "session_id": "-", "timestamp": "2025-08-17T19:52:48.236012+00:00"}
{"asctime": "2025-08-17 21:52:48,236", "levelname": "WARNING", "name": "AresTradingSystem.System.RawDataQualityChecker", "message": "⚠️ Found 9 duplicate timestamps, removing duplicates", "correlation_id": "-", "session_id": "-", "timestamp": "2025-08-17T19:52:48.236151+00:00"}
{"asctime": "2025-08-17 21:52:48,236", "levelname": "INFO", "name": "AresTradingSystem.System.RawDataQualityChecker", "message": "🔧 Using frequency: 1T (expected interval: 0 days 00:01:00)", "correlation_id": "-", "session_id": "-", "timestamp": "2025-08-17T19:52:48.236547+00:00"}
{"asctime": "2025-08-17 21:52:48,237", "levelname": "INFO", "name": "AresTradingSystem.System.RawDataQualityChecker", "message": "✅ Interpolated 0 missing intervals", "correlation_id": "-", "session_id": "-", "timestamp": "2025-08-17T19:52:48.237165+00:00"}
{"asctime": "2025-08-17 21:52:48,237", "levelname": "INFO", "name": "AresTradingSystem.System.RawDataQualityChecker", "message": "🔍 Starting raw data quality validation for BINANCE TEST", "correlation_id": "-", "session_id": "-", "timestamp": "2025-08-17T19:52:48.237250+00:00"}
{"asctime": "2025-08-17 21:52:48,237", "levelname": "INFO", "name": "AresTradingSystem.System.RawDataQualityChecker", "message": "Validating data structure...", "correlation_id": "-", "session_id": "-", "timestamp": "2025-08-17T19:52:48.237322+00:00"}
{"asctime": "2025-08-17 21:52:48,237", "levelname": "INFO", "name": "AresTradingSystem.System.RawDataQualityChecker", "message": "Validating data completeness...", "correlation_id": "-", "session_id": "-", "timestamp": "2025-08-17T19:52:48.237431+00:00"}
{"asctime": "2025-08-17 21:52:48,238", "levelname": "INFO", "name": "AresTradingSystem.System.RawDataQualityChecker", "message": "🔍 Starting raw data quality validation for BINANCE TEST", "correlation_id": "-", "session_id": "-", "timestamp": "2025-08-17T19:52:48.238248+00:00"}
{"asctime": "2025-08-17 21:52:48,238", "levelname": "INFO", "name": "AresTradingSystem.System.RawDataQualityChecker", "message": "Validating data structure...", "correlation_id": "-", "session_id": "-", "timestamp": "2025-08-17T19:52:48.238326+00:00"}
{"asctime": "2025-08-17 21:52:48,238", "levelname": "INFO", "name": "AresTradingSystem.System.RawDataQualityChecker", "message": "Validating data completeness...", "correlation_id": "-", "session_id": "-", "timestamp": "2025-08-17T19:52:48.238483+00:00"}
{"asctime": "2025-08-17 21:52:48,238", "levelname": "INFO", "name": "AresTradingSystem.System.RawDataQualityChecker", "message": "✅ No preprocessing needed - data intervals are regular", "correlation_id": "-", "session_id": "-", "timestamp": "2025-08-17T19:52:48.238800+00:00"}
