{"asctime": "2025-08-19 19:32:25,147", "levelname": "INFO", "name": "AresGlobal", "message": "================================================================================", "correlation_id": "-", "session_id": "-", "timestamp": "2025-08-19T17:32:25.147315+00:00"}
{"asctime": "2025-08-19 19:32:25,147", "levelname": "INFO", "name": "AresGlobal", "message": "📊 SESSION SUMMARY", "correlation_id": "-", "session_id": "-", "timestamp": "2025-08-19T17:32:25.147437+00:00"}
{"asctime": "2025-08-19 19:32:25,147", "levelname": "INFO", "name": "AresGlobal", "message": "Session started: 2025-08-19 19:32:25", "correlation_id": "-", "session_id": "-", "timestamp": "2025-08-19T17:32:25.147538+00:00"}
{"asctime": "2025-08-19 19:32:25,147", "levelname": "INFO", "name": "AresGlobal", "message": "This file contains ALL logs for this session", "correlation_id": "-", "session_id": "-", "timestamp": "2025-08-19T17:32:25.147620+00:00"}
{"asctime": "2025-08-19 19:32:25,147", "levelname": "INFO", "name": "AresGlobal", "message": "================================================================================", "correlation_id": "-", "session_id": "-", "timestamp": "2025-08-19T17:32:25.147698+00:00"}
{"asctime": "2025-08-19 19:32:25,147", "levelname": "INFO", "name": "AresGlobal", "message": "[SYSTEM] ================================================================================", "correlation_id": "-", "session_id": "-", "timestamp": "2025-08-19T17:32:25.147889+00:00"}
{"asctime": "2025-08-19 19:32:25,148", "levelname": "INFO", "name": "AresGlobal", "message": "[SYSTEM] 🚀 ARES LAUNCHER STARTED - Mode: INITIALIZATION", "correlation_id": "-", "session_id": "-", "timestamp": "2025-08-19T17:32:25.148061+00:00"}
{"asctime": "2025-08-19 19:32:25,148", "levelname": "INFO", "name": "AresGlobal", "message": "[SYSTEM] Start time: 2025-08-19 19:32:25", "correlation_id": "-", "session_id": "-", "timestamp": "2025-08-19T17:32:25.148233+00:00"}
{"asctime": "2025-08-19 19:32:25,148", "levelname": "INFO", "name": "AresGlobal", "message": "[SYSTEM] Log directory: log", "correlation_id": "-", "session_id": "-", "timestamp": "2025-08-19T17:32:25.148394+00:00"}
{"asctime": "2025-08-19 19:32:25,148", "levelname": "INFO", "name": "AresGlobal", "message": "[SYSTEM] ================================================================================", "correlation_id": "-", "session_id": "-", "timestamp": "2025-08-19T17:32:25.148551+00:00"}
{"asctime": "2025-08-19 19:32:25,148", "levelname": "INFO", "name": "AresGlobal.AresLauncher", "message": "================================================================================", "correlation_id": "-", "session_id": "-", "timestamp": "2025-08-19T17:32:25.148632+00:00"}
{"asctime": "2025-08-19 19:32:25,148", "levelname": "INFO", "name": "AresGlobal.AresLauncher", "message": "🚀 ARES COMPREHENSIVE LAUNCHER", "correlation_id": "-", "session_id": "-", "timestamp": "2025-08-19T17:32:25.148713+00:00"}
{"asctime": "2025-08-19 19:32:25,148", "levelname": "INFO", "name": "AresGlobal.AresLauncher", "message": "================================================================================", "correlation_id": "-", "session_id": "-", "timestamp": "2025-08-19T17:32:25.148803+00:00"}
{"asctime": "2025-08-19 19:32:25,148", "levelname": "INFO", "name": "AresGlobal.AresLauncher", "message": "Start time: 2025-08-19 19:32:25", "correlation_id": "-", "session_id": "-", "timestamp": "2025-08-19T17:32:25.148888+00:00"}
{"asctime": "2025-08-19 19:32:25,148", "levelname": "INFO", "name": "AresGlobal.AresLauncher", "message": "Log directory: log", "correlation_id": "-", "session_id": "-", "timestamp": "2025-08-19T17:32:25.148966+00:00"}
{"asctime": "2025-08-19 19:32:25,149", "levelname": "INFO", "name": "AresGlobal.AresLauncher", "message": "Log level: INFO", "correlation_id": "-", "session_id": "-", "timestamp": "2025-08-19T17:32:25.149047+00:00"}
{"asctime": "2025-08-19 19:32:25,149", "levelname": "INFO", "name": "AresGlobal.AresLauncher", "message": "Global log file: ares_global_20250819_193225.log", "correlation_id": "-", "session_id": "-", "timestamp": "2025-08-19T17:32:25.149130+00:00"}
{"asctime": "2025-08-19 19:32:25,149", "levelname": "INFO", "name": "AresGlobal.AresLauncher", "message": "Full run log: log/ares_full_20250819_193225.log", "correlation_id": "-", "session_id": "-", "timestamp": "2025-08-19T17:32:25.149216+00:00"}
{"asctime": "2025-08-19 19:32:25,149", "levelname": "INFO", "name": "AresGlobal.AresLauncher", "message": "Trades log: log/ares_trades_20250819_193225.log", "correlation_id": "-", "session_id": "-", "timestamp": "2025-08-19T17:32:25.149294+00:00"}
{"asctime": "2025-08-19 19:32:25,149", "levelname": "INFO", "name": "AresGlobal.AresLauncher", "message": "Backtest log: log/ares_backtest_20250819_193225.log", "correlation_id": "-", "session_id": "-", "timestamp": "2025-08-19T17:32:25.149371+00:00"}
{"asctime": "2025-08-19 19:32:25,149", "levelname": "INFO", "name": "AresGlobal.AresLauncher", "message": "================================================================================", "correlation_id": "-", "session_id": "-", "timestamp": "2025-08-19T17:32:25.149447+00:00"}
{"asctime": "2025-08-19 19:32:25,149", "levelname": "INFO", "name": "AresGlobal", "message": "[SYSTEM] ================================================================================", "correlation_id": "-", "session_id": "-", "timestamp": "2025-08-19T17:32:25.149691+00:00"}
{"asctime": "2025-08-19 19:32:25,149", "levelname": "INFO", "name": "AresGlobal", "message": "[SYSTEM] 🚀 ARES LAUNCHER STARTED - Mode: blank - Symbol: ETHUSDT - Exchange: BINANCE", "correlation_id": "-", "session_id": "-", "timestamp": "2025-08-19T17:32:25.149853+00:00"}
{"asctime": "2025-08-19 19:32:25,150", "levelname": "INFO", "name": "AresGlobal", "message": "[SYSTEM] Start time: 2025-08-19 19:32:25", "correlation_id": "-", "session_id": "-", "timestamp": "2025-08-19T17:32:25.150020+00:00"}
{"asctime": "2025-08-19 19:32:25,150", "levelname": "INFO", "name": "AresGlobal", "message": "[SYSTEM] Log directory: log", "correlation_id": "-", "session_id": "-", "timestamp": "2025-08-19T17:32:25.150188+00:00"}
{"asctime": "2025-08-19 19:32:25,150", "levelname": "INFO", "name": "AresGlobal", "message": "[SYSTEM] ================================================================================", "correlation_id": "-", "session_id": "-", "timestamp": "2025-08-19T17:32:25.150349+00:00"}
{"asctime": "2025-08-19 19:32:25,150", "levelname": "INFO", "name": "AresGlobal.AresLauncher", "message": "🚀 Running enhanced 16-step training pipeline for ETHUSDT on BINANCE", "correlation_id": "-", "session_id": "-", "timestamp": "2025-08-19T17:32:25.150459+00:00"}
{"asctime": "2025-08-19 19:32:25,150", "levelname": "INFO", "name": "AresGlobal.AresLauncher", "message": "Starting from step: step2_feature_engineering", "correlation_id": "-", "session_id": "-", "timestamp": "2025-08-19T17:32:25.150560+00:00"}
{"asctime": "2025-08-19 19:32:25,152", "levelname": "INFO", "name": "AresGlobal.AresLauncher", "message": "🧪 BLANK TRAINING MODE: Set BLANK_TRAINING_MODE=1 for step-based training", "correlation_id": "-", "session_id": "-", "timestamp": "2025-08-19T17:32:25.152013+00:00"}
{"asctime": "2025-08-19 19:32:25,152", "levelname": "INFO", "name": "AresGlobal.ProgressManager", "message": "Initialized ProgressManager for ETHUSDT on BINANCE", "correlation_id": "-", "session_id": "-", "timestamp": "2025-08-19T17:32:25.152270+00:00"}
{"asctime": "2025-08-19 19:32:25,152", "levelname": "INFO", "name": "AresGlobal.ProgressManager", "message": "Progress directory: data/training/progress/BINANCE_ETHUSDT", "correlation_id": "-", "session_id": "-", "timestamp": "2025-08-19T17:32:25.152410+00:00"}
{"asctime": "2025-08-19 19:32:25,152", "levelname": "INFO", "name": "AresGlobal.StepOrchestrator", "message": "Initialized StepOrchestrator for ETHUSDT on BINANCE", "correlation_id": "-", "session_id": "-", "timestamp": "2025-08-19T17:32:25.152511+00:00"}
{"asctime": "2025-08-19 19:32:25,152", "levelname": "INFO", "name": "AresGlobal.ProgressManager", "message": "🗑️  Cleared progress for step2_feature_engineering", "correlation_id": "-", "session_id": "-", "timestamp": "2025-08-19T17:32:25.152636+00:00"}
{"asctime": "2025-08-19 19:32:25,152", "levelname": "INFO", "name": "AresGlobal.AresLauncher", "message": "🧹 Cleared progress for 'step2_feature_engineering' (force)", "correlation_id": "-", "session_id": "-", "timestamp": "2025-08-19T17:32:25.152740+00:00"}
{"asctime": "2025-08-19 19:32:25,152", "levelname": "INFO", "name": "AresGlobal.ProgressManager", "message": "🗑️  Cleared progress for step2_5_enhanced_matrix_operations", "correlation_id": "-", "session_id": "-", "timestamp": "2025-08-19T17:32:25.152860+00:00"}
{"asctime": "2025-08-19 19:32:25,152", "levelname": "INFO", "name": "AresGlobal.AresLauncher", "message": "🧹 Cleared progress for 'step2_5_enhanced_matrix_operations' (force)", "correlation_id": "-", "session_id": "-", "timestamp": "2025-08-19T17:32:25.152954+00:00"}
{"asctime": "2025-08-19 19:32:25,153", "levelname": "INFO", "name": "AresGlobal.ProgressManager", "message": "🗑️  Cleared progress for step3_hmm_regime_discovery", "correlation_id": "-", "session_id": "-", "timestamp": "2025-08-19T17:32:25.153055+00:00"}
{"asctime": "2025-08-19 19:32:25,153", "levelname": "INFO", "name": "AresGlobal.AresLauncher", "message": "🧹 Cleared progress for 'step3_hmm_regime_discovery' (force)", "correlation_id": "-", "session_id": "-", "timestamp": "2025-08-19T17:32:25.153245+00:00"}
{"asctime": "2025-08-19 19:32:25,153", "levelname": "INFO", "name": "AresGlobal.ProgressManager", "message": "🗑️  Cleared progress for step4_processing_labeling", "correlation_id": "-", "session_id": "-", "timestamp": "2025-08-19T17:32:25.153368+00:00"}
{"asctime": "2025-08-19 19:32:25,153", "levelname": "INFO", "name": "AresGlobal.AresLauncher", "message": "🧹 Cleared progress for 'step4_processing_labeling' (force)", "correlation_id": "-", "session_id": "-", "timestamp": "2025-08-19T17:32:25.153461+00:00"}
{"asctime": "2025-08-19 19:32:25,153", "levelname": "INFO", "name": "AresGlobal.ProgressManager", "message": "🗑️  Cleared progress for step5_regime_data_splitting", "correlation_id": "-", "session_id": "-", "timestamp": "2025-08-19T17:32:25.153567+00:00"}
{"asctime": "2025-08-19 19:32:25,153", "levelname": "INFO", "name": "AresGlobal.AresLauncher", "message": "🧹 Cleared progress for 'step5_regime_data_splitting' (force)", "correlation_id": "-", "session_id": "-", "timestamp": "2025-08-19T17:32:25.153650+00:00"}
{"asctime": "2025-08-19 19:32:25,153", "levelname": "INFO", "name": "AresGlobal.ProgressManager", "message": "🗑️  Cleared progress for step6_hmm_based_training", "correlation_id": "-", "session_id": "-", "timestamp": "2025-08-19T17:32:25.153765+00:00"}
{"asctime": "2025-08-19 19:32:25,153", "levelname": "INFO", "name": "AresGlobal.AresLauncher", "message": "🧹 Cleared progress for 'step6_hmm_based_training' (force)", "correlation_id": "-", "session_id": "-", "timestamp": "2025-08-19T17:32:25.153858+00:00"}
{"asctime": "2025-08-19 19:32:25,153", "levelname": "INFO", "name": "AresGlobal.ProgressManager", "message": "🗑️  Cleared progress for step6_5_unified_regime_intelligence", "correlation_id": "-", "session_id": "-", "timestamp": "2025-08-19T17:32:25.153973+00:00"}
{"asctime": "2025-08-19 19:32:25,154", "levelname": "INFO", "name": "AresGlobal.AresLauncher", "message": "🧹 Cleared progress for 'step6_5_unified_regime_intelligence' (force)", "correlation_id": "-", "session_id": "-", "timestamp": "2025-08-19T17:32:25.154061+00:00"}
{"asctime": "2025-08-19 19:32:25,154", "levelname": "INFO", "name": "AresGlobal.ProgressManager", "message": "🗑️  Cleared progress for step7_analyst_enhancement", "correlation_id": "-", "session_id": "-", "timestamp": "2025-08-19T17:32:25.154162+00:00"}
{"asctime": "2025-08-19 19:32:25,154", "levelname": "INFO", "name": "AresGlobal.AresLauncher", "message": "🧹 Cleared progress for 'step7_analyst_enhancement' (force)", "correlation_id": "-", "session_id": "-", "timestamp": "2025-08-19T17:32:25.154255+00:00"}
{"asctime": "2025-08-19 19:32:25,154", "levelname": "INFO", "name": "AresGlobal.ProgressManager", "message": "🗑️  Cleared progress for step8_tactician_labeling", "correlation_id": "-", "session_id": "-", "timestamp": "2025-08-19T17:32:25.154362+00:00"}
{"asctime": "2025-08-19 19:32:25,154", "levelname": "INFO", "name": "AresGlobal.AresLauncher", "message": "🧹 Cleared progress for 'step8_tactician_labeling' (force)", "correlation_id": "-", "session_id": "-", "timestamp": "2025-08-19T17:32:25.154463+00:00"}
{"asctime": "2025-08-19 19:32:25,154", "levelname": "INFO", "name": "AresGlobal.ProgressManager", "message": "🗑️  Cleared progress for step9_tactician_specialist_training", "correlation_id": "-", "session_id": "-", "timestamp": "2025-08-19T17:32:25.154616+00:00"}
{"asctime": "2025-08-19 19:32:25,154", "levelname": "INFO", "name": "AresGlobal.AresLauncher", "message": "🧹 Cleared progress for 'step9_tactician_specialist_training' (force)", "correlation_id": "-", "session_id": "-", "timestamp": "2025-08-19T17:32:25.154702+00:00"}
{"asctime": "2025-08-19 19:32:25,154", "levelname": "INFO", "name": "AresGlobal.ProgressManager", "message": "🗑️  Cleared progress for step10_confidence_calibration", "correlation_id": "-", "session_id": "-", "timestamp": "2025-08-19T17:32:25.154811+00:00"}
{"asctime": "2025-08-19 19:32:25,154", "levelname": "INFO", "name": "AresGlobal.AresLauncher", "message": "🧹 Cleared progress for 'step10_confidence_calibration' (force)", "correlation_id": "-", "session_id": "-", "timestamp": "2025-08-19T17:32:25.154897+00:00"}
{"asctime": "2025-08-19 19:32:25,155", "levelname": "INFO", "name": "AresGlobal.ProgressManager", "message": "🗑️  Cleared progress for step11_final_parameters_optimization", "correlation_id": "-", "session_id": "-", "timestamp": "2025-08-19T17:32:25.155009+00:00"}
{"asctime": "2025-08-19 19:32:25,155", "levelname": "INFO", "name": "AresGlobal.AresLauncher", "message": "🧹 Cleared progress for 'step11_final_parameters_optimization' (force)", "correlation_id": "-", "session_id": "-", "timestamp": "2025-08-19T17:32:25.155089+00:00"}
{"asctime": "2025-08-19 19:32:25,155", "levelname": "INFO", "name": "AresGlobal.ProgressManager", "message": "🗑️  Cleared progress for step12_walk_forward_validation", "correlation_id": "-", "session_id": "-", "timestamp": "2025-08-19T17:32:25.155189+00:00"}
{"asctime": "2025-08-19 19:32:25,155", "levelname": "INFO", "name": "AresGlobal.AresLauncher", "message": "🧹 Cleared progress for 'step12_walk_forward_validation' (force)", "correlation_id": "-", "session_id": "-", "timestamp": "2025-08-19T17:32:25.155267+00:00"}
{"asctime": "2025-08-19 19:32:25,155", "levelname": "INFO", "name": "AresGlobal.ProgressManager", "message": "🗑️  Cleared progress for step13_monte_carlo_validation", "correlation_id": "-", "session_id": "-", "timestamp": "2025-08-19T17:32:25.155367+00:00"}
{"asctime": "2025-08-19 19:32:25,155", "levelname": "INFO", "name": "AresGlobal.AresLauncher", "message": "🧹 Cleared progress for 'step13_monte_carlo_validation' (force)", "correlation_id": "-", "session_id": "-", "timestamp": "2025-08-19T17:32:25.155448+00:00"}
{"asctime": "2025-08-19 19:32:25,155", "levelname": "INFO", "name": "AresGlobal.ProgressManager", "message": "🗑️  Cleared progress for step14_ab_testing", "correlation_id": "-", "session_id": "-", "timestamp": "2025-08-19T17:32:25.155548+00:00"}
{"asctime": "2025-08-19 19:32:25,155", "levelname": "INFO", "name": "AresGlobal.AresLauncher", "message": "🧹 Cleared progress for 'step14_ab_testing' (force)", "correlation_id": "-", "session_id": "-", "timestamp": "2025-08-19T17:32:25.155639+00:00"}
{"asctime": "2025-08-19 19:32:25,155", "levelname": "INFO", "name": "AresGlobal.ProgressManager", "message": "🗑️  Cleared progress for step15_saving", "correlation_id": "-", "session_id": "-", "timestamp": "2025-08-19T17:32:25.155736+00:00"}
{"asctime": "2025-08-19 19:32:25,155", "levelname": "INFO", "name": "AresGlobal.AresLauncher", "message": "🧹 Cleared progress for 'step15_saving' (force)", "correlation_id": "-", "session_id": "-", "timestamp": "2025-08-19T17:32:25.155819+00:00"}
{"asctime": "2025-08-19 19:32:25,155", "levelname": "INFO", "name": "AresGlobal.AresLauncher", "message": "✅ Cleared progress for 16 steps: ['step2_feature_engineering', 'step2_5_enhanced_matrix_operations', 'step3_hmm_regime_discovery', 'step4_processing_labeling', 'step5_regime_data_splitting', 'step6_hmm_based_training', 'step6_5_unified_regime_intelligence', 'step7_analyst_enhancement', 'step8_tactician_labeling', 'step9_tactician_specialist_training', 'step10_confidence_calibration', 'step11_final_parameters_optimization', 'step12_walk_forward_validation', 'step13_monte_carlo_validation', 'step14_ab_testing', 'step15_saving']", "correlation_id": "-", "session_id": "-", "timestamp": "2025-08-19T17:32:25.155912+00:00"}
{"asctime": "2025-08-19 19:32:25,156", "levelname": "INFO", "name": "AresGlobal.StepOrchestrator", "message": "🚀 Starting execution from step: step2_feature_engineering", "correlation_id": "-", "session_id": "-", "timestamp": "2025-08-19T17:32:25.156381+00:00"}
{"asctime": "2025-08-19 19:32:31,334", "levelname": "INFO", "name": "AresGlobal.M1GPUAcceleration", "message": "✅ MPS (Metal Performance Shaders) available and enabled", "correlation_id": "-", "session_id": "-", "timestamp": "2025-08-19T17:32:31.334765+00:00"}
{"asctime": "2025-08-19 19:32:31,338", "levelname": "INFO", "name": "AresGlobal.ComputationalOptimizationManager", "message": "Computational Optimization Manager initialized", "correlation_id": "-", "session_id": "-", "timestamp": "2025-08-19T17:32:31.338158+00:00"}
{"asctime": "2025-08-19 19:32:31,340", "levelname": "INFO", "name": "AresGlobal.StepOrchestrator", "message": "✅ Enhanced training manager setup successfully", "correlation_id": "-", "session_id": "-", "timestamp": "2025-08-19T17:32:31.340917+00:00"}
{"asctime": "2025-08-19 19:32:31,360", "levelname": "INFO", "name": "AresGlobal.Step2.FeatureEngineering", "message": "🔍 Checking for required multi-timeframe data...", "correlation_id": "-", "session_id": "-", "timestamp": "2025-08-19T17:32:31.360207+00:00"}
{"asctime": "2025-08-19 19:32:31,360", "levelname": "INFO", "name": "AresGlobal.Step2.FeatureEngineering", "message": "✅ Found 5m data: data_cache/klines_BINANCE_ETHUSDT_5m_consolidated.parquet", "correlation_id": "-", "session_id": "-", "timestamp": "2025-08-19T17:32:31.360321+00:00"}
{"asctime": "2025-08-19 19:32:31,360", "levelname": "INFO", "name": "AresGlobal.Step2.FeatureEngineering", "message": "✅ Found 15m data: data_cache/klines_BINANCE_ETHUSDT_15m_consolidated.parquet", "correlation_id": "-", "session_id": "-", "timestamp": "2025-08-19T17:32:31.360415+00:00"}
{"asctime": "2025-08-19 19:32:31,360", "levelname": "INFO", "name": "AresGlobal.Step2.FeatureEngineering", "message": "✅ Found 30m data: data_cache/klines_BINANCE_ETHUSDT_30m_consolidated.parquet", "correlation_id": "-", "session_id": "-", "timestamp": "2025-08-19T17:32:31.360504+00:00"}
{"asctime": "2025-08-19 19:32:31,360", "levelname": "INFO", "name": "AresGlobal.Step2.FeatureEngineering", "message": "✅ All required timeframes are available", "correlation_id": "-", "session_id": "-", "timestamp": "2025-08-19T17:32:31.360586+00:00"}
{"asctime": "2025-08-19 19:32:31,360", "levelname": "INFO", "name": "AresGlobal.Step2.FeatureEngineering", "message": "🔧 No existing artifacts found - generating features", "correlation_id": "-", "session_id": "-", "timestamp": "2025-08-19T17:32:31.360725+00:00"}
{"asctime": "2025-08-19 19:32:31,369", "levelname": "INFO", "name": "AresGlobal.Step2.FeatureEngineering", "message": "📦 Loaded labeled train: 169864 rows", "correlation_id": "-", "session_id": "-", "timestamp": "2025-08-19T17:32:31.369574+00:00"}
{"asctime": "2025-08-19 19:32:31,372", "levelname": "INFO", "name": "AresGlobal.Step2.FeatureEngineering", "message": "📦 Loaded labeled validation: 36400 rows", "correlation_id": "-", "session_id": "-", "timestamp": "2025-08-19T17:32:31.372948+00:00"}
{"asctime": "2025-08-19 19:32:31,377", "levelname": "INFO", "name": "AresGlobal.Step2.FeatureEngineering", "message": "📦 Loaded labeled test: 36400 rows", "correlation_id": "-", "session_id": "-", "timestamp": "2025-08-19T17:32:31.377403+00:00"}
{"asctime": "2025-08-19 19:32:31,418", "levelname": "INFO", "name": "AresGlobal.Step2.FeatureEngineering", "message": "🎯 Starting parallel feature engineering", "correlation_id": "179e617daca446fc96646cf61b596489", "session_id": "-", "timestamp": "2025-08-19T17:32:31.418835+00:00"}
{"asctime": "2025-08-19 19:32:31,426", "levelname": "INFO", "name": "AresGlobal.Step2.FeatureEngineering", "message": "🔧 Engineering features for train", "correlation_id": "179e617daca446fc96646cf61b596489", "session_id": "-", "timestamp": "2025-08-19T17:32:31.426658+00:00"}
{"asctime": "2025-08-19 19:32:31,431", "levelname": "INFO", "name": "AresGlobal.RawDataQualityChecker", "message": "🔧 Enhanced preprocessing for BINANCE ETHUSDT", "correlation_id": "179e617daca446fc96646cf61b596489", "session_id": "-", "timestamp": "2025-08-19T17:32:31.431499+00:00"}
{"asctime": "2025-08-19 19:32:31,431", "levelname": "INFO", "name": "AresGlobal.RawDataQualityChecker", "message": "   Expected interval: 60s", "correlation_id": "179e617daca446fc96646cf61b596489", "session_id": "-", "timestamp": "2025-08-19T17:32:31.431638+00:00"}
{"asctime": "2025-08-19 19:32:31,431", "levelname": "INFO", "name": "AresGlobal.RawDataQualityChecker", "message": "   Max forward-fill: 10s", "correlation_id": "179e617daca446fc96646cf61b596489", "session_id": "-", "timestamp": "2025-08-19T17:32:31.431923+00:00"}
{"asctime": "2025-08-19 19:32:31,432", "levelname": "INFO", "name": "AresGlobal.RawDataQualityChecker", "message": "   Download missing: True", "correlation_id": "179e617daca446fc96646cf61b596489", "session_id": "-", "timestamp": "2025-08-19T17:32:31.432503+00:00"}
{"asctime": "2025-08-19 19:32:31,432", "levelname": "INFO", "name": "AresGlobal.RawDataQualityChecker", "message": "🔧 Step 1: Resampling to 60S intervals", "correlation_id": "179e617daca446fc96646cf61b596489", "session_id": "-", "timestamp": "2025-08-19T17:32:31.432738+00:00"}
{"asctime": "2025-08-19 19:32:31,440", "levelname": "INFO", "name": "AresGlobal.RawDataQualityChecker", "message": "🔧 Step 2: Re-adding original data to preserve accuracy", "correlation_id": "179e617daca446fc96646cf61b596489", "session_id": "-", "timestamp": "2025-08-19T17:32:31.440919+00:00"}
{"asctime": "2025-08-19 19:32:41,096", "levelname": "INFO", "name": "AresGlobal.RawDataQualityChecker", "message": "🔧 Step 3: Analyzing gaps and applying intelligent handling", "correlation_id": "179e617daca446fc96646cf61b596489", "session_id": "-", "timestamp": "2025-08-19T17:32:41.096481+00:00"}
{"asctime": "2025-08-19 19:32:41,100", "levelname": "INFO", "name": "AresGlobal.RawDataQualityChecker", "message": "🔧 Step 5: Final forward-fill for 12865 remaining nulls", "correlation_id": "179e617daca446fc96646cf61b596489", "session_id": "-", "timestamp": "2025-08-19T17:32:41.100206+00:00"}
{"asctime": "2025-08-19 19:32:41,105", "levelname": "INFO", "name": "AresGlobal.RawDataQualityChecker", "message": "✅ Enhanced preprocessing completed:", "correlation_id": "179e617daca446fc96646cf61b596489", "session_id": "-", "timestamp": "2025-08-19T17:32:41.105259+00:00"}
{"asctime": "2025-08-19 19:32:41,105", "levelname": "INFO", "name": "AresGlobal.RawDataQualityChecker", "message": "   Original shape: (169864, 5)", "correlation_id": "179e617daca446fc96646cf61b596489", "session_id": "-", "timestamp": "2025-08-19T17:32:41.105457+00:00"}
{"asctime": "2025-08-19 19:32:41,105", "levelname": "INFO", "name": "AresGlobal.RawDataQualityChecker", "message": "   Final shape: (172437, 5)", "correlation_id": "179e617daca446fc96646cf61b596489", "session_id": "-", "timestamp": "2025-08-19T17:32:41.105555+00:00"}
{"asctime": "2025-08-19 19:32:41,105", "levelname": "INFO", "name": "AresGlobal.RawDataQualityChecker", "message": "   Remaining large gaps: 0", "correlation_id": "179e617daca446fc96646cf61b596489", "session_id": "-", "timestamp": "2025-08-19T17:32:41.105641+00:00"}
{"asctime": "2025-08-19 19:32:41,107", "levelname": "INFO", "name": "AresGlobal.RawDataQualityChecker", "message": "   Data completeness: 1.000", "correlation_id": "179e617daca446fc96646cf61b596489", "session_id": "-", "timestamp": "2025-08-19T17:32:41.107925+00:00"}
{"asctime": "2025-08-19 19:32:41,108", "levelname": "INFO", "name": "AresGlobal.RawDataQualityChecker", "message": "🔧 Enhanced preprocessing for BINANCE ETHUSDT", "correlation_id": "179e617daca446fc96646cf61b596489", "session_id": "-", "timestamp": "2025-08-19T17:32:41.108721+00:00"}
{"asctime": "2025-08-19 19:32:41,108", "levelname": "INFO", "name": "AresGlobal.RawDataQualityChecker", "message": "   Expected interval: 60s", "correlation_id": "179e617daca446fc96646cf61b596489", "session_id": "-", "timestamp": "2025-08-19T17:32:41.108816+00:00"}
{"asctime": "2025-08-19 19:32:41,108", "levelname": "INFO", "name": "AresGlobal.RawDataQualityChecker", "message": "   Max forward-fill: 10s", "correlation_id": "179e617daca446fc96646cf61b596489", "session_id": "-", "timestamp": "2025-08-19T17:32:41.108903+00:00"}
{"asctime": "2025-08-19 19:32:41,108", "levelname": "INFO", "name": "AresGlobal.RawDataQualityChecker", "message": "   Download missing: True", "correlation_id": "179e617daca446fc96646cf61b596489", "session_id": "-", "timestamp": "2025-08-19T17:32:41.108980+00:00"}
{"asctime": "2025-08-19 19:32:41,109", "levelname": "INFO", "name": "AresGlobal.RawDataQualityChecker", "message": "🔧 Step 1: Resampling to 60S intervals", "correlation_id": "179e617daca446fc96646cf61b596489", "session_id": "-", "timestamp": "2025-08-19T17:32:41.109151+00:00"}
{"asctime": "2025-08-19 19:32:41,112", "levelname": "INFO", "name": "AresGlobal.RawDataQualityChecker", "message": "🔧 Step 2: Re-adding original data to preserve accuracy", "correlation_id": "179e617daca446fc96646cf61b596489", "session_id": "-", "timestamp": "2025-08-19T17:32:41.112529+00:00"}
{"asctime": "2025-08-19 19:32:51,635", "levelname": "INFO", "name": "AresGlobal.AresLauncher", "message": "🧹 Cleaning up processes...", "correlation_id": "-", "session_id": "-", "timestamp": "2025-08-19T17:32:51.635995+00:00"}
{"asctime": "2025-08-19 19:32:51,636", "levelname": "INFO", "name": "AresGlobal.AresLauncher", "message": "✅ Cleanup completed", "correlation_id": "-", "session_id": "-", "timestamp": "2025-08-19T17:32:51.636312+00:00"}
