{"asctime": "2025-08-20 18:06:26,677", "levelname": "INFO", "name": "AresTradingSystem", "message": "✅ Enhanced Logger initialization completed successfully", "correlation_id": "-", "session_id": "-", "timestamp": "2025-08-20T16:06:26.677508+00:00"}
{"asctime": "2025-08-20 18:06:26,710", "levelname": "INFO", "name": "AresTradingSystem.System.VectorizedAdvancedFeatureEngineering", "message": "✅ Subsampling disabled for blank/short-blank horizon (<=180d)", "correlation_id": "-", "session_id": "-", "timestamp": "2025-08-20T16:06:26.710018+00:00"}
{"asctime": "2025-08-20 18:06:26,710", "levelname": "INFO", "name": "AresTradingSystem.System.VectorizedAdvancedFeatureEngineering", "message": "✅ Configured joblib memory cache: data/joblib_cache", "correlation_id": "-", "session_id": "-", "timestamp": "2025-08-20T16:06:26.710166+00:00"}
{"asctime": "2025-08-20 18:06:26,728", "levelname": "INFO", "name": "AresTradingSystem.System.EnhancedTrainingManager", "message": "✅ Enhanced matrix operations and GPU acceleration initialized", "correlation_id": "-", "session_id": "-", "timestamp": "2025-08-20T16:06:26.728078+00:00"}
{"asctime": "2025-08-20 18:06:26,728", "levelname": "INFO", "name": "AresTradingSystem.System.EnhancedTrainingManager", "message": "🚀 Initializing Enhanced Training Manager...", "correlation_id": "-", "session_id": "-", "timestamp": "2025-08-20T16:06:26.728192+00:00"}
{"asctime": "2025-08-20 18:06:26,728", "levelname": "INFO", "name": "AresTradingSystem.System.EnhancedTrainingManager", "message": "📊 Blank training mode: True", "correlation_id": "-", "session_id": "-", "timestamp": "2025-08-20T16:06:26.728263+00:00"}
{"asctime": "2025-08-20 18:06:26,728", "levelname": "INFO", "name": "AresTradingSystem.System.EnhancedTrainingManager", "message": "🔧 Max trials: 200", "correlation_id": "-", "session_id": "-", "timestamp": "2025-08-20T16:06:26.728324+00:00"}
{"asctime": "2025-08-20 18:06:26,728", "levelname": "INFO", "name": "AresTradingSystem.System.EnhancedTrainingManager", "message": "🔧 N trials: 100", "correlation_id": "-", "session_id": "-", "timestamp": "2025-08-20T16:06:26.728384+00:00"}
{"asctime": "2025-08-20 18:06:26,728", "levelname": "INFO", "name": "AresTradingSystem.System.EnhancedTrainingManager", "message": "📈 Lookback days: 180", "correlation_id": "-", "session_id": "-", "timestamp": "2025-08-20T16:06:26.728444+00:00"}
{"asctime": "2025-08-20 18:06:26,728", "levelname": "INFO", "name": "AresTradingSystem.System.EnhancedTrainingManager", "message": "🚀 Computational optimization: True", "correlation_id": "-", "session_id": "-", "timestamp": "2025-08-20T16:06:26.728500+00:00"}
{"asctime": "2025-08-20 18:06:26,728", "levelname": "INFO", "name": "AresTradingSystem.System.EnhancedTrainingManager", "message": "📊 Resource Analysis:", "correlation_id": "-", "session_id": "-", "timestamp": "2025-08-20T16:06:26.728589+00:00"}
{"asctime": "2025-08-20 18:06:26,728", "levelname": "INFO", "name": "AresTradingSystem.System.EnhancedTrainingManager", "message": "   💾 System Memory: 16.0 GB", "correlation_id": "-", "session_id": "-", "timestamp": "2025-08-20T16:06:26.728650+00:00"}
{"asctime": "2025-08-20 18:06:26,728", "levelname": "INFO", "name": "AresTradingSystem.System.EnhancedTrainingManager", "message": "   🖥️ CPU Cores: 8", "correlation_id": "-", "session_id": "-", "timestamp": "2025-08-20T16:06:26.728704+00:00"}
{"asctime": "2025-08-20 18:06:26,728", "levelname": "INFO", "name": "AresTradingSystem.System.EnhancedTrainingManager", "message": "   📈 Estimated Memory Usage: 4.0 GB", "correlation_id": "-", "session_id": "-", "timestamp": "2025-08-20T16:06:26.728758+00:00"}
{"asctime": "2025-08-20 18:06:26,728", "levelname": "INFO", "name": "AresTradingSystem.System.EnhancedTrainingManager", "message": "   ⏱️ Estimated Time: 90 minutes (1.5 hours)", "correlation_id": "-", "session_id": "-", "timestamp": "2025-08-20T16:06:26.728815+00:00"}
{"asctime": "2025-08-20 18:06:26,728", "levelname": "INFO", "name": "AresTradingSystem.System.EnhancedTrainingManager", "message": "   🤖 Models to Train: 4", "correlation_id": "-", "session_id": "-", "timestamp": "2025-08-20T16:06:26.728870+00:00"}
{"asctime": "2025-08-20 18:06:26,728", "levelname": "INFO", "name": "AresTradingSystem.System.EnhancedTrainingManager", "message": "   🔧 Optimization Trials: 50", "correlation_id": "-", "session_id": "-", "timestamp": "2025-08-20T16:06:26.728935+00:00"}
{"asctime": "2025-08-20 18:06:26,728", "levelname": "INFO", "name": "AresTradingSystem.System.EnhancedTrainingManager", "message": "📋 Step-by-Step Time Estimates:", "correlation_id": "-", "session_id": "-", "timestamp": "2025-08-20T16:06:26.728988+00:00"}
{"asctime": "2025-08-20 18:06:26,729", "levelname": "INFO", "name": "AresTradingSystem.System.EnhancedTrainingManager", "message": "   step1_data_collection: 5 min (4.0%)", "correlation_id": "-", "session_id": "-", "timestamp": "2025-08-20T16:06:26.729044+00:00"}
{"asctime": "2025-08-20 18:06:26,729", "levelname": "INFO", "name": "AresTradingSystem.System.EnhancedTrainingManager", "message": "   step1_5_data_converter: 10 min (8.0%)", "correlation_id": "-", "session_id": "-", "timestamp": "2025-08-20T16:06:26.729101+00:00"}
{"asctime": "2025-08-20 18:06:26,729", "levelname": "INFO", "name": "AresTradingSystem.System.EnhancedTrainingManager", "message": "   step2_feature_engineering: 15 min (12.0%)", "correlation_id": "-", "session_id": "-", "timestamp": "2025-08-20T16:06:26.729155+00:00"}
{"asctime": "2025-08-20 18:06:26,729", "levelname": "INFO", "name": "AresTradingSystem.System.EnhancedTrainingManager", "message": "   step3_hmm_regime_discovery: 3 min (2.4%)", "correlation_id": "-", "session_id": "-", "timestamp": "2025-08-20T16:06:26.729207+00:00"}
{"asctime": "2025-08-20 18:06:26,729", "levelname": "INFO", "name": "AresTradingSystem.System.EnhancedTrainingManager", "message": "   step4_processing_labeling: 8 min (6.4%)", "correlation_id": "-", "session_id": "-", "timestamp": "2025-08-20T16:06:26.729259+00:00"}
{"asctime": "2025-08-20 18:06:26,729", "levelname": "INFO", "name": "AresTradingSystem.System.EnhancedTrainingManager", "message": "   step5_regime_data_splitting: 2 min (1.6%)", "correlation_id": "-", "session_id": "-", "timestamp": "2025-08-20T16:06:26.729310+00:00"}
{"asctime": "2025-08-20 18:06:26,729", "levelname": "INFO", "name": "AresTradingSystem.System.EnhancedTrainingManager", "message": "   step6_hmm_based_training: 10 min (8.0%)", "correlation_id": "-", "session_id": "-", "timestamp": "2025-08-20T16:06:26.729360+00:00"}
{"asctime": "2025-08-20 18:06:26,729", "levelname": "INFO", "name": "AresTradingSystem.System.EnhancedTrainingManager", "message": "   step6_5_unified_regime_intelligence: 8 min (6.4%)", "correlation_id": "-", "session_id": "-", "timestamp": "2025-08-20T16:06:26.729411+00:00"}
{"asctime": "2025-08-20 18:06:26,729", "levelname": "INFO", "name": "AresTradingSystem.System.EnhancedTrainingManager", "message": "   step7_analyst_enhancement: 8 min (6.4%)", "correlation_id": "-", "session_id": "-", "timestamp": "2025-08-20T16:06:26.729464+00:00"}
{"asctime": "2025-08-20 18:06:26,729", "levelname": "INFO", "name": "AresTradingSystem.System.EnhancedTrainingManager", "message": "   step8_tactician_labeling: 5 min (4.0%)", "correlation_id": "-", "session_id": "-", "timestamp": "2025-08-20T16:06:26.729514+00:00"}
{"asctime": "2025-08-20 18:06:26,729", "levelname": "INFO", "name": "AresTradingSystem.System.EnhancedTrainingManager", "message": "   step9_tactician_specialist_training: 10 min (8.0%)", "correlation_id": "-", "session_id": "-", "timestamp": "2025-08-20T16:06:26.729564+00:00"}
{"asctime": "2025-08-20 18:06:26,729", "levelname": "INFO", "name": "AresTradingSystem.System.EnhancedTrainingManager", "message": "   step10_confidence_calibration: 3 min (2.4%)", "correlation_id": "-", "session_id": "-", "timestamp": "2025-08-20T16:06:26.729615+00:00"}
{"asctime": "2025-08-20 18:06:26,729", "levelname": "INFO", "name": "AresTradingSystem.System.EnhancedTrainingManager", "message": "   step11_final_parameters_optimization: 15 min (12.0%)", "correlation_id": "-", "session_id": "-", "timestamp": "2025-08-20T16:06:26.729667+00:00"}
{"asctime": "2025-08-20 18:06:26,729", "levelname": "INFO", "name": "AresTradingSystem.System.EnhancedTrainingManager", "message": "   step12_walk_forward_validation: 8 min (6.4%)", "correlation_id": "-", "session_id": "-", "timestamp": "2025-08-20T16:06:26.729723+00:00"}
{"asctime": "2025-08-20 18:06:26,729", "levelname": "INFO", "name": "AresTradingSystem.System.EnhancedTrainingManager", "message": "   step13_monte_carlo_validation: 8 min (6.4%)", "correlation_id": "-", "session_id": "-", "timestamp": "2025-08-20T16:06:26.729772+00:00"}
{"asctime": "2025-08-20 18:06:26,729", "levelname": "INFO", "name": "AresTradingSystem.System.EnhancedTrainingManager", "message": "   step14_ab_testing: 5 min (4.0%)", "correlation_id": "-", "session_id": "-", "timestamp": "2025-08-20T16:06:26.729823+00:00"}
{"asctime": "2025-08-20 18:06:26,729", "levelname": "INFO", "name": "AresTradingSystem.System.EnhancedTrainingManager", "message": "   step15_saving: 2 min (1.6%)", "correlation_id": "-", "session_id": "-", "timestamp": "2025-08-20T16:06:26.729872+00:00"}
{"asctime": "2025-08-20 18:06:26,729", "levelname": "INFO", "name": "AresTradingSystem.System.EnhancedTrainingManager", "message": "💡 Recommendations:", "correlation_id": "-", "session_id": "-", "timestamp": "2025-08-20T16:06:26.729922+00:00"}
{"asctime": "2025-08-20 18:06:26,729", "levelname": "INFO", "name": "AresTradingSystem.System.EnhancedTrainingManager", "message": "   ✅ Blank training mode is suitable for your system", "correlation_id": "-", "session_id": "-", "timestamp": "2025-08-20T16:06:26.729975+00:00"}
{"asctime": "2025-08-20 18:06:26,730", "levelname": "INFO", "name": "AresTradingSystem.System.EnhancedTrainingManager", "message": "🚀 Initializing computational optimization components...", "correlation_id": "-", "session_id": "-", "timestamp": "2025-08-20T16:06:26.730032+00:00"}
{"asctime": "2025-08-20 18:06:26,730", "levelname": "INFO", "name": "AresTradingSystem.System.EnhancedTrainingManager", "message": "✅ Computational optimization components initialized successfully", "correlation_id": "-", "session_id": "-", "timestamp": "2025-08-20T16:06:26.730437+00:00"}
{"asctime": "2025-08-20 18:06:26,730", "levelname": "INFO", "name": "AresTradingSystem.System.VectorizedTrainingPipeline", "message": "🚀 Initializing Vectorized Training Pipeline...", "correlation_id": "-", "session_id": "-", "timestamp": "2025-08-20T16:06:26.730499+00:00"}
{"asctime": "2025-08-20 18:06:26,730", "levelname": "INFO", "name": "AresTradingSystem.System.VectorizedTrainingPipeline", "message": "📊 Initializing matrix enhancement components...", "correlation_id": "-", "session_id": "-", "timestamp": "2025-08-20T16:06:26.730553+00:00"}
{"asctime": "2025-08-20 18:06:26,730", "levelname": "INFO", "name": "AresTradingSystem.System.VectorizedAdvancedFeatureEngineering", "message": "🚀 Initializing vectorized advanced feature engineering...", "correlation_id": "-", "session_id": "-", "timestamp": "2025-08-20T16:06:26.730607+00:00"}
{"asctime": "2025-08-20 18:06:26,730", "levelname": "INFO", "name": "AresTradingSystem.System.WaveletFeatureCache", "message": "✅ Cache directory initialized: data/wavelet_cache", "correlation_id": "-", "session_id": "-", "timestamp": "2025-08-20T16:06:26.730740+00:00"}
{"asctime": "2025-08-20 18:06:26,730", "levelname": "INFO", "name": "AresTradingSystem.System.VectorizedVolatilityRegimeModel", "message": "🚀 Initializing VectorizedVolatilityRegimeModel...", "correlation_id": "-", "session_id": "-", "timestamp": "2025-08-20T16:06:26.730806+00:00"}
{"asctime": "2025-08-20 18:06:26,730", "levelname": "INFO", "name": "AresTradingSystem.System.VectorizedVolatilityRegimeModel", "message": "✅ VectorizedVolatilityRegimeModel initialized successfully", "correlation_id": "-", "session_id": "-", "timestamp": "2025-08-20T16:06:26.730861+00:00"}
{"asctime": "2025-08-20 18:06:26,730", "levelname": "INFO", "name": "AresTradingSystem.System.VectorizedCorrelationAnalyzer", "message": "🚀 Initializing VectorizedCorrelationAnalyzer...", "correlation_id": "-", "session_id": "-", "timestamp": "2025-08-20T16:06:26.730924+00:00"}
{"asctime": "2025-08-20 18:06:26,730", "levelname": "INFO", "name": "AresTradingSystem.System.VectorizedCorrelationAnalyzer", "message": "✅ VectorizedCorrelationAnalyzer initialized successfully", "correlation_id": "-", "session_id": "-", "timestamp": "2025-08-20T16:06:26.730981+00:00"}
{"asctime": "2025-08-20 18:06:26,731", "levelname": "INFO", "name": "AresTradingSystem.System.VectorizedMomentumAnalyzer", "message": "🚀 Initializing VectorizedMomentumAnalyzer...", "correlation_id": "-", "session_id": "-", "timestamp": "2025-08-20T16:06:26.731037+00:00"}
{"asctime": "2025-08-20 18:06:26,731", "levelname": "INFO", "name": "AresTradingSystem.System.VectorizedMomentumAnalyzer", "message": "✅ VectorizedMomentumAnalyzer initialized successfully", "correlation_id": "-", "session_id": "-", "timestamp": "2025-08-20T16:06:26.731089+00:00"}
{"asctime": "2025-08-20 18:06:26,731", "levelname": "INFO", "name": "AresTradingSystem.System.VectorizedAdvancedFeatureEngineering", "message": "🔍 Creating VectorizedLiquidityAnalyzer...", "correlation_id": "-", "session_id": "-", "timestamp": "2025-08-20T16:06:26.731139+00:00"}
{"asctime": "2025-08-20 18:06:26,731", "levelname": "INFO", "name": "AresTradingSystem.System.VectorizedAdvancedFeatureEngineering", "message": "🔍 VectorizedLiquidityAnalyzer created, initializing...", "correlation_id": "-", "session_id": "-", "timestamp": "2025-08-20T16:06:26.731194+00:00"}
{"asctime": "2025-08-20 18:06:26,731", "levelname": "INFO", "name": "AresTradingSystem.System.VectorizedLiquidityAnalyzer", "message": "🚀 Initializing VectorizedLiquidityAnalyzer...", "correlation_id": "-", "session_id": "-", "timestamp": "2025-08-20T16:06:26.731247+00:00"}
{"asctime": "2025-08-20 18:06:26,731", "levelname": "INFO", "name": "AresTradingSystem.System.VectorizedLiquidityAnalyzer", "message": "✅ VectorizedLiquidityAnalyzer initialized successfully", "correlation_id": "-", "session_id": "-", "timestamp": "2025-08-20T16:06:26.731298+00:00"}
{"asctime": "2025-08-20 18:06:26,731", "levelname": "INFO", "name": "AresTradingSystem.System.VectorizedAdvancedFeatureEngineering", "message": "✅ Liquidity analyzer initialized successfully", "correlation_id": "-", "session_id": "-", "timestamp": "2025-08-20T16:06:26.731349+00:00"}
{"asctime": "2025-08-20 18:06:26,731", "levelname": "INFO", "name": "AresTradingSystem.System.VectorizedAdvancedFeatureEngineering", "message": "🔍 Creating VectorizedCandlestickPatternAnalyzer...", "correlation_id": "-", "session_id": "-", "timestamp": "2025-08-20T16:06:26.731401+00:00"}
{"asctime": "2025-08-20 18:06:26,731", "levelname": "INFO", "name": "AresTradingSystem.System.VectorizedAdvancedFeatureEngineering", "message": "🔍 VectorizedCandlestickPatternAnalyzer created, initializing...", "correlation_id": "-", "session_id": "-", "timestamp": "2025-08-20T16:06:26.731457+00:00"}
{"asctime": "2025-08-20 18:06:26,731", "levelname": "INFO", "name": "AresTradingSystem.System.VectorizedCandlestickPatternAnalyzer", "message": "🚀 Initializing VectorizedCandlestickPatternAnalyzer...", "correlation_id": "-", "session_id": "-", "timestamp": "2025-08-20T16:06:26.731509+00:00"}
{"asctime": "2025-08-20 18:06:26,731", "levelname": "INFO", "name": "AresTradingSystem.System.VectorizedCandlestickPatternAnalyzer", "message": "🔍 Config keys: ['environment', 'system', 'trading', 'training', 'trading_symbol', 'exchange_name', 'trading_interval', 'initial_equity', 'taker_fee', 'maker_fee', 'state_file', 'lookback_years', 'exchanges', 'risk_management', 'position_management', 'pipeline', 'analyst', 'logging', 'database', 'data', 'checkpointing', 'reporting', 'mlflow', 'version', 'training_pipeline', 'MODEL_TRAINING', 'DATA_CONFIG', 'ENHANCED_TRAINING', 'HMM_LM', 'vectorized_labelling_orchestrator', 'method_a_mixture_of_experts', 'feature_reduction', 'MULTI_TIMEFRAME_TRAINING', 'TIMEFRAMES', 'TIMEFRAME_SETS', 'DEFAULT_TIMEFRAME_SET', 'TWO_TIER_DECISION', 'ENHANCED_ENSEMBLE', 'meta_labeling', 'multi_timeframe_regime_integration', 'regime_specific_tpsl_optimizer', 'TRANSITION_MODELING', 'CHECKPOINT_DIR']", "correlation_id": "-", "session_id": "-", "timestamp": "2025-08-20T16:06:26.731569+00:00"}
{"asctime": "2025-08-20 18:06:26,731", "levelname": "INFO", "name": "AresTradingSystem.System.VectorizedCandlestickPatternAnalyzer", "message": "✅ VectorizedCandlestickPatternAnalyzer initialized successfully", "correlation_id": "-", "session_id": "-", "timestamp": "2025-08-20T16:06:26.731645+00:00"}
{"asctime": "2025-08-20 18:06:26,731", "levelname": "INFO", "name": "AresTradingSystem.System.VectorizedAdvancedFeatureEngineering", "message": "✅ Candlestick analyzer initialized successfully", "correlation_id": "-", "session_id": "-", "timestamp": "2025-08-20T16:06:26.731698+00:00"}
{"asctime": "2025-08-20 18:06:26,731", "levelname": "INFO", "name": "AresTradingSystem.System.VectorizedAdvancedFeatureEngineering", "message": "🔍 Creating VectorizedSRDistanceCalculator...", "correlation_id": "-", "session_id": "-", "timestamp": "2025-08-20T16:06:26.731748+00:00"}
{"asctime": "2025-08-20 18:06:26,731", "levelname": "INFO", "name": "AresTradingSystem.System.VectorizedAdvancedFeatureEngineering", "message": "🔍 VectorizedSRDistanceCalculator created, initializing...", "correlation_id": "-", "session_id": "-", "timestamp": "2025-08-20T16:06:26.731803+00:00"}
{"asctime": "2025-08-20 18:06:26,731", "levelname": "INFO", "name": "AresTradingSystem.System.VectorizedSRDistanceCalculator", "message": "🚀 Initializing VectorizedSRDistanceCalculator...", "correlation_id": "-", "session_id": "-", "timestamp": "2025-08-20T16:06:26.731854+00:00"}
{"asctime": "2025-08-20 18:06:26,732", "levelname": "INFO", "name": "AresTradingSystem.System.VectorizedSRDistanceCalculator", "message": "✅ VectorizedSRDistanceCalculator initialized successfully", "correlation_id": "-", "session_id": "-", "timestamp": "2025-08-20T16:06:26.732067+00:00"}
{"asctime": "2025-08-20 18:06:26,732", "levelname": "INFO", "name": "AresTradingSystem.System.VectorizedAdvancedFeatureEngineering", "message": "✅ S/R distance calculator initialized successfully", "correlation_id": "-", "session_id": "-", "timestamp": "2025-08-20T16:06:26.732122+00:00"}
{"asctime": "2025-08-20 18:06:26,732", "levelname": "INFO", "name": "AresTradingSystem.System.VectorizedAdvancedFeatureEngineering", "message": "🔍 Creating VectorizedWaveletTransformAnalyzer...", "correlation_id": "-", "session_id": "-", "timestamp": "2025-08-20T16:06:26.732175+00:00"}
{"asctime": "2025-08-20 18:06:26,732", "levelname": "INFO", "name": "AresTradingSystem.System.VectorizedAdvancedFeatureEngineering", "message": "🔍 VectorizedWaveletTransformAnalyzer created, initializing...", "correlation_id": "-", "session_id": "-", "timestamp": "2025-08-20T16:06:26.732230+00:00"}
{"asctime": "2025-08-20 18:06:26,732", "levelname": "INFO", "name": "AresTradingSystem.System.VectorizedWaveletTransformAnalyzer", "message": "🚀 Initializing VectorizedWaveletTransformAnalyzer...", "correlation_id": "-", "session_id": "-", "timestamp": "2025-08-20T16:06:26.732281+00:00"}
{"asctime": "2025-08-20 18:06:26,732", "levelname": "INFO", "name": "AresTradingSystem.System.VectorizedWaveletTransformAnalyzer", "message": "✅ VectorizedWaveletTransformAnalyzer initialized successfully", "correlation_id": "-", "session_id": "-", "timestamp": "2025-08-20T16:06:26.732330+00:00"}
{"asctime": "2025-08-20 18:06:26,732", "levelname": "INFO", "name": "AresTradingSystem.System.VectorizedAdvancedFeatureEngineering", "message": "✅ Wavelet analyzer initialized successfully", "correlation_id": "-", "session_id": "-", "timestamp": "2025-08-20T16:06:26.732381+00:00"}
{"asctime": "2025-08-20 18:06:26,732", "levelname": "INFO", "name": "AresTradingSystem.System.VectorizedAdvancedFeatureEngineering", "message": "ℹ️ Meta-labeling system removed - using only HMM market regimes for labeling", "correlation_id": "-", "session_id": "-", "timestamp": "2025-08-20T16:06:26.732431+00:00"}
{"asctime": "2025-08-20 18:06:26,732", "levelname": "INFO", "name": "AresTradingSystem.System.VectorizedAdvancedFeatureEngineering", "message": "✅ Vectorized advanced feature engineering initialized successfully", "correlation_id": "-", "session_id": "-", "timestamp": "2025-08-20T16:06:26.732485+00:00"}
{"asctime": "2025-08-20 18:06:26,732", "levelname": "INFO", "name": "AresTradingSystem.System.VectorizedTrainingPipeline", "message": "🔧 Initialized vectorized feature engineering", "correlation_id": "-", "session_id": "-", "timestamp": "2025-08-20T16:06:26.732539+00:00"}
{"asctime": "2025-08-20 18:06:26,732", "levelname": "INFO", "name": "AresTradingSystem.System.VectorizedTrainingPipeline", "message": "✅ Vectorized Training Pipeline initialized successfully", "correlation_id": "-", "session_id": "-", "timestamp": "2025-08-20T16:06:26.732590+00:00"}
{"asctime": "2025-08-20 18:06:26,732", "levelname": "INFO", "name": "AresTradingSystem.System.EnhancedTrainingManager", "message": "✅ Vectorized Training Pipeline initialized", "correlation_id": "-", "session_id": "-", "timestamp": "2025-08-20T16:06:26.732642+00:00"}
{"asctime": "2025-08-20 18:06:26,732", "levelname": "INFO", "name": "AresTradingSystem.System.EnhancedTrainingManager", "message": "✅ Enhanced Training Manager initialized successfully", "correlation_id": "-", "session_id": "-", "timestamp": "2025-08-20T16:06:26.732693+00:00"}
{"asctime": "2025-08-20 18:06:26,732", "levelname": "INFO", "name": "AresTradingSystem.System.EnhancedTrainingManager", "message": "================================================================================", "correlation_id": "-", "session_id": "-", "timestamp": "2025-08-20T16:06:26.732848+00:00"}
{"asctime": "2025-08-20 18:06:26,732", "levelname": "INFO", "name": "AresTradingSystem.System.EnhancedTrainingManager", "message": "🚀 COMPREHENSIVE 15-STEP ENHANCED TRAINING PIPELINE START", "correlation_id": "-", "session_id": "-", "timestamp": "2025-08-20T16:06:26.732899+00:00"}
{"asctime": "2025-08-20 18:06:26,733", "levelname": "INFO", "name": "AresTradingSystem.System.EnhancedTrainingManager", "message": "================================================================================", "correlation_id": "-", "session_id": "-", "timestamp": "2025-08-20T16:06:26.733113+00:00"}
{"asctime": "2025-08-20 18:06:26,733", "levelname": "INFO", "name": "AresTradingSystem.System.EnhancedTrainingManager", "message": "📅 Started at: 2025-08-20 18:06:26", "correlation_id": "-", "session_id": "-", "timestamp": "2025-08-20T16:06:26.733172+00:00"}
{"asctime": "2025-08-20 18:06:26,733", "levelname": "INFO", "name": "AresTradingSystem.System.EnhancedTrainingManager", "message": "🎯 Symbol: ETHUSDT", "correlation_id": "-", "session_id": "-", "timestamp": "2025-08-20T16:06:26.733222+00:00"}
{"asctime": "2025-08-20 18:06:26,733", "levelname": "INFO", "name": "AresTradingSystem.System.EnhancedTrainingManager", "message": "🏢 Exchange: BINANCE", "correlation_id": "-", "session_id": "-", "timestamp": "2025-08-20T16:06:26.733273+00:00"}
{"asctime": "2025-08-20 18:06:26,733", "levelname": "INFO", "name": "AresTradingSystem.System.EnhancedTrainingManager", "message": "📊 Training Mode: N/A", "correlation_id": "-", "session_id": "-", "timestamp": "2025-08-20T16:06:26.733324+00:00"}
{"asctime": "2025-08-20 18:06:26,733", "levelname": "INFO", "name": "AresTradingSystem.System.EnhancedTrainingManager", "message": "📈 Lookback Days: 180", "correlation_id": "-", "session_id": "-", "timestamp": "2025-08-20T16:06:26.733374+00:00"}
{"asctime": "2025-08-20 18:06:26,733", "levelname": "INFO", "name": "AresTradingSystem.System.EnhancedTrainingManager", "message": "🔧 Blank Training Mode: True", "correlation_id": "-", "session_id": "-", "timestamp": "2025-08-20T16:06:26.733424+00:00"}
{"asctime": "2025-08-20 18:06:26,733", "levelname": "INFO", "name": "AresTradingSystem.System.EnhancedTrainingManager", "message": "🔧 Max Trials: 200", "correlation_id": "-", "session_id": "-", "timestamp": "2025-08-20T16:06:26.733474+00:00"}
{"asctime": "2025-08-20 18:06:26,733", "levelname": "INFO", "name": "AresTradingSystem.System.EnhancedTrainingManager", "message": "🔧 N Trials: 100", "correlation_id": "-", "session_id": "-", "timestamp": "2025-08-20T16:06:26.733524+00:00"}
{"asctime": "2025-08-20 18:06:26,733", "levelname": "INFO", "name": "AresTradingSystem.System.EnhancedTrainingManager", "message": "🚀 Initializing optimized tools...", "correlation_id": "-", "session_id": "-", "timestamp": "2025-08-20T16:06:26.733593+00:00"}
{"asctime": "2025-08-20 18:06:26,733", "levelname": "ERROR", "name": "AresTradingSystem.System.EnhancedTrainingManager", "message": "❌ Failed to initialize optimized tools: 'EnhancedTrainingManager' object has no attribute 'optimized_manager'", "correlation_id": "-", "session_id": "-", "exc_info": "Traceback (most recent call last):\n  File \"/Users/remyroche/Documents/Ares/src/training/enhanced_training_manager.py\", line 3850, in _initialize_optimized_tools\n    await self.optimized_manager.initialize()\n          ^^^^^^^^^^^^^^^^^^^^^^\nAttributeError: 'EnhancedTrainingManager' object has no attribute 'optimized_manager'. Did you mean: 'get_optimized_manager'?", "timestamp": "2025-08-20T16:06:26.733654+00:00"}
{"asctime": "2025-08-20 18:06:26,740", "levelname": "INFO", "name": "AresTradingSystem.System.EnhancedTrainingManager", "message": "🚀 Starting fresh training...", "correlation_id": "-", "session_id": "-", "timestamp": "2025-08-20T16:06:26.740722+00:00"}
{"asctime": "2025-08-20 18:06:26,740", "levelname": "INFO", "name": "AresTradingSystem.System.EnhancedTrainingManager", "message": "🧹 Force rerun enabled - clearing artifacts from step2_feature_engineering and subsequent steps", "correlation_id": "-", "session_id": "-", "timestamp": "2025-08-20T16:06:26.740815+00:00"}
{"asctime": "2025-08-20 18:06:26,740", "levelname": "INFO", "name": "AresTradingSystem.System.EnhancedTrainingManager", "message": "🧹 Clearing artifacts from step2_feature_engineering onward", "correlation_id": "-", "session_id": "-", "timestamp": "2025-08-20T16:06:26.740875+00:00"}
{"asctime": "2025-08-20 18:06:26,750", "levelname": "INFO", "name": "AresTradingSystem.System.EnhancedTrainingManager", "message": "✅ Cleared artifacts for 17 steps: ['step2_feature_engineering', 'step2_5_enhanced_matrix_operations', 'step3_hmm_regime_discovery', 'step4_processing_labeling', 'step5_regime_data_splitting', 'step5_5_enhanced_model_training_operations', 'step6_hmm_based_training', 'step6_5_unified_regime_intelligence', 'step7_analyst_enhancement', 'step8_tactician_labeling', 'step9_tactician_specialist_training', 'step10_confidence_calibration', 'step11_final_parameters_optimization', 'step12_walk_forward_validation', 'step13_monte_carlo_validation', 'step14_ab_testing', 'step15_saving']", "correlation_id": "-", "session_id": "-", "timestamp": "2025-08-20T16:06:26.750360+00:00"}
{"asctime": "2025-08-20 18:06:26,750", "levelname": "INFO", "name": "AresTradingSystem.System.EnhancedTrainingManager", "message": "✅ Cleared artifacts and checkpoints from step2_feature_engineering onward", "correlation_id": "-", "session_id": "-", "timestamp": "2025-08-20T16:06:26.750524+00:00"}
{"asctime": "2025-08-20 18:06:26,750", "levelname": "INFO", "name": "AresTradingSystem.System.EnhancedTrainingManager", "message": "====================================================================================================", "correlation_id": "-", "session_id": "-", "timestamp": "2025-08-20T16:06:26.750603+00:00"}
{"asctime": "2025-08-20 18:06:26,750", "levelname": "INFO", "name": "AresTradingSystem.System.EnhancedTrainingManager", "message": "🚀 COMPREHENSIVE 15-STEP TRAINING PIPELINE START", "correlation_id": "-", "session_id": "-", "timestamp": "2025-08-20T16:06:26.750670+00:00"}
{"asctime": "2025-08-20 18:06:26,750", "levelname": "INFO", "name": "AresTradingSystem.System.EnhancedTrainingManager", "message": "====================================================================================================", "correlation_id": "-", "session_id": "-", "timestamp": "2025-08-20T16:06:26.750769+00:00"}
{"asctime": "2025-08-20 18:06:26,750", "levelname": "INFO", "name": "AresTradingSystem.System.EnhancedTrainingManager", "message": "📅 Started at: 2025-08-20 18:06:26", "correlation_id": "-", "session_id": "-", "timestamp": "2025-08-20T16:06:26.750849+00:00"}
{"asctime": "2025-08-20 18:06:26,750", "levelname": "INFO", "name": "AresTradingSystem.System.EnhancedTrainingManager", "message": "🎯 Symbol: ETHUSDT", "correlation_id": "-", "session_id": "-", "timestamp": "2025-08-20T16:06:26.750920+00:00"}
{"asctime": "2025-08-20 18:06:26,750", "levelname": "INFO", "name": "AresTradingSystem.System.EnhancedTrainingManager", "message": "🏢 Exchange: BINANCE", "correlation_id": "-", "session_id": "-", "timestamp": "2025-08-20T16:06:26.750978+00:00"}
{"asctime": "2025-08-20 18:06:26,751", "levelname": "INFO", "name": "AresTradingSystem.System.EnhancedTrainingManager", "message": "📊 Timeframe: 1m", "correlation_id": "-", "session_id": "-", "timestamp": "2025-08-20T16:06:26.751031+00:00"}
{"asctime": "2025-08-20 18:06:26,751", "levelname": "INFO", "name": "AresTradingSystem.System.EnhancedTrainingManager", "message": "🧠 Training Mode: Blank", "correlation_id": "-", "session_id": "-", "timestamp": "2025-08-20T16:06:26.751085+00:00"}
{"asctime": "2025-08-20 18:06:26,751", "levelname": "INFO", "name": "AresTradingSystem.System.EnhancedTrainingManager", "message": "🔧 Max Trials: 200", "correlation_id": "-", "session_id": "-", "timestamp": "2025-08-20T16:06:26.751138+00:00"}
{"asctime": "2025-08-20 18:06:26,751", "levelname": "INFO", "name": "AresTradingSystem.System.EnhancedTrainingManager", "message": "📈 Lookback Days: 180", "correlation_id": "-", "session_id": "-", "timestamp": "2025-08-20T16:06:26.751190+00:00"}
{"asctime": "2025-08-20 18:06:26,751", "levelname": "INFO", "name": "AresTradingSystem.System.EnhancedTrainingManager", "message": "💾 Memory Optimization: Enabled", "correlation_id": "-", "session_id": "-", "timestamp": "2025-08-20T16:06:26.751241+00:00"}
{"asctime": "2025-08-20 18:06:26,751", "levelname": "INFO", "name": "AresTradingSystem.System.EnhancedTrainingManager", "message": "🚀 Starting from step: step2_feature_engineering", "correlation_id": "-", "session_id": "-", "timestamp": "2025-08-20T16:06:26.751293+00:00"}
{"asctime": "2025-08-20 18:06:26,751", "levelname": "INFO", "name": "AresTradingSystem.System.EnhancedTrainingManager", "message": "====================================================================================================", "correlation_id": "-", "session_id": "-", "timestamp": "2025-08-20T16:06:26.751344+00:00"}
{"asctime": "2025-08-20 18:06:26,751", "levelname": "INFO", "name": "AresTradingSystem.System.EnhancedTrainingManager", "message": "⏭️  Skipping Step 1: Data Collection (using pre-consolidated data)", "correlation_id": "-", "session_id": "-", "timestamp": "2025-08-20T16:06:26.751398+00:00"}
{"asctime": "2025-08-20 18:06:26,751", "levelname": "INFO", "name": "AresTradingSystem.System.EnhancedTrainingManager", "message": "💓 Step 1.5: Data Converter", "correlation_id": "-", "session_id": "-", "timestamp": "2025-08-20T16:06:26.751452+00:00"}
{"asctime": "2025-08-20 18:06:26,751", "levelname": "INFO", "name": "AresTradingSystem.System.EnhancedTrainingManager", "message": "⏭️ Skipping Step 1.5: Data Converter (starting from 'step2_feature_engineering')", "correlation_id": "-", "session_id": "-", "timestamp": "2025-08-20T16:06:26.751544+00:00"}
{"asctime": "2025-08-20 18:06:26,751", "levelname": "INFO", "name": "AresTradingSystem.System.EnhancedTrainingManager", "message": "💓 Step 2: Feature Engineering", "correlation_id": "-", "session_id": "-", "timestamp": "2025-08-20T16:06:26.751744+00:00"}
{"asctime": "2025-08-20 18:06:26,751", "levelname": "INFO", "name": "AresTradingSystem.System.EnhancedTrainingManager", "message": "🔍 Validating dependencies for step2_feature_engineering", "correlation_id": "-", "session_id": "-", "timestamp": "2025-08-20T16:06:26.751831+00:00"}
{"asctime": "2025-08-20 18:06:26,751", "levelname": "INFO", "name": "AresTradingSystem.System.EnhancedTrainingManager", "message": "✅ Force rerun enabled for step2_feature_engineering, skipping dependency validation", "correlation_id": "-", "session_id": "-", "timestamp": "2025-08-20T16:06:26.751898+00:00"}
{"asctime": "2025-08-20 18:06:26,800", "levelname": "INFO", "name": "AresTradingSystem.System.VectorizedAdvancedFeatureEngineering", "message": "✅ Subsampling disabled for blank/short-blank horizon (<=180d)", "correlation_id": "9e8ec77c832547e29650758b6335cb79", "session_id": "-", "timestamp": "2025-08-20T16:06:26.800960+00:00"}
{"asctime": "2025-08-20 18:06:26,801", "levelname": "INFO", "name": "AresTradingSystem.System.VectorizedAdvancedFeatureEngineering", "message": "✅ Configured joblib memory cache: data/joblib_cache", "correlation_id": "9e8ec77c832547e29650758b6335cb79", "session_id": "-", "timestamp": "2025-08-20T16:06:26.801110+00:00"}
{"asctime": "2025-08-20 18:06:26,801", "levelname": "INFO", "name": "AresTradingSystem.System.VectorizedAdvancedFeatureEngineering", "message": "🚀 Initializing vectorized advanced feature engineering...", "correlation_id": "9e8ec77c832547e29650758b6335cb79", "session_id": "-", "timestamp": "2025-08-20T16:06:26.801176+00:00"}
{"asctime": "2025-08-20 18:06:26,801", "levelname": "INFO", "name": "AresTradingSystem.System.WaveletFeatureCache", "message": "✅ Cache directory initialized: data/wavelet_cache", "correlation_id": "9e8ec77c832547e29650758b6335cb79", "session_id": "-", "timestamp": "2025-08-20T16:06:26.801320+00:00"}
{"asctime": "2025-08-20 18:06:26,801", "levelname": "INFO", "name": "AresTradingSystem.System.VectorizedVolatilityRegimeModel", "message": "🚀 Initializing VectorizedVolatilityRegimeModel...", "correlation_id": "9e8ec77c832547e29650758b6335cb79", "session_id": "-", "timestamp": "2025-08-20T16:06:26.801428+00:00"}
{"asctime": "2025-08-20 18:06:26,801", "levelname": "INFO", "name": "AresTradingSystem.System.VectorizedVolatilityRegimeModel", "message": "✅ VectorizedVolatilityRegimeModel initialized successfully", "correlation_id": "9e8ec77c832547e29650758b6335cb79", "session_id": "-", "timestamp": "2025-08-20T16:06:26.801535+00:00"}
{"asctime": "2025-08-20 18:06:26,801", "levelname": "INFO", "name": "AresTradingSystem.System.VectorizedCorrelationAnalyzer", "message": "🚀 Initializing VectorizedCorrelationAnalyzer...", "correlation_id": "9e8ec77c832547e29650758b6335cb79", "session_id": "-", "timestamp": "2025-08-20T16:06:26.801609+00:00"}
{"asctime": "2025-08-20 18:06:26,801", "levelname": "INFO", "name": "AresTradingSystem.System.VectorizedCorrelationAnalyzer", "message": "✅ VectorizedCorrelationAnalyzer initialized successfully", "correlation_id": "9e8ec77c832547e29650758b6335cb79", "session_id": "-", "timestamp": "2025-08-20T16:06:26.801669+00:00"}
{"asctime": "2025-08-20 18:06:26,801", "levelname": "INFO", "name": "AresTradingSystem.System.VectorizedMomentumAnalyzer", "message": "🚀 Initializing VectorizedMomentumAnalyzer...", "correlation_id": "9e8ec77c832547e29650758b6335cb79", "session_id": "-", "timestamp": "2025-08-20T16:06:26.801730+00:00"}
{"asctime": "2025-08-20 18:06:26,801", "levelname": "INFO", "name": "AresTradingSystem.System.VectorizedMomentumAnalyzer", "message": "✅ VectorizedMomentumAnalyzer initialized successfully", "correlation_id": "9e8ec77c832547e29650758b6335cb79", "session_id": "-", "timestamp": "2025-08-20T16:06:26.801787+00:00"}
{"asctime": "2025-08-20 18:06:26,801", "levelname": "INFO", "name": "AresTradingSystem.System.VectorizedAdvancedFeatureEngineering", "message": "🔍 Creating VectorizedLiquidityAnalyzer...", "correlation_id": "9e8ec77c832547e29650758b6335cb79", "session_id": "-", "timestamp": "2025-08-20T16:06:26.801850+00:00"}
{"asctime": "2025-08-20 18:06:26,801", "levelname": "INFO", "name": "AresTradingSystem.System.VectorizedAdvancedFeatureEngineering", "message": "🔍 VectorizedLiquidityAnalyzer created, initializing...", "correlation_id": "9e8ec77c832547e29650758b6335cb79", "session_id": "-", "timestamp": "2025-08-20T16:06:26.801908+00:00"}
{"asctime": "2025-08-20 18:06:26,801", "levelname": "INFO", "name": "AresTradingSystem.System.VectorizedLiquidityAnalyzer", "message": "🚀 Initializing VectorizedLiquidityAnalyzer...", "correlation_id": "9e8ec77c832547e29650758b6335cb79", "session_id": "-", "timestamp": "2025-08-20T16:06:26.801963+00:00"}
{"asctime": "2025-08-20 18:06:26,802", "levelname": "INFO", "name": "AresTradingSystem.System.VectorizedLiquidityAnalyzer", "message": "✅ VectorizedLiquidityAnalyzer initialized successfully", "correlation_id": "9e8ec77c832547e29650758b6335cb79", "session_id": "-", "timestamp": "2025-08-20T16:06:26.802031+00:00"}
{"asctime": "2025-08-20 18:06:26,802", "levelname": "INFO", "name": "AresTradingSystem.System.VectorizedAdvancedFeatureEngineering", "message": "✅ Liquidity analyzer initialized successfully", "correlation_id": "9e8ec77c832547e29650758b6335cb79", "session_id": "-", "timestamp": "2025-08-20T16:06:26.802089+00:00"}
{"asctime": "2025-08-20 18:06:26,802", "levelname": "INFO", "name": "AresTradingSystem.System.VectorizedAdvancedFeatureEngineering", "message": "🔍 Creating VectorizedCandlestickPatternAnalyzer...", "correlation_id": "9e8ec77c832547e29650758b6335cb79", "session_id": "-", "timestamp": "2025-08-20T16:06:26.802143+00:00"}
{"asctime": "2025-08-20 18:06:26,802", "levelname": "INFO", "name": "AresTradingSystem.System.VectorizedAdvancedFeatureEngineering", "message": "🔍 VectorizedCandlestickPatternAnalyzer created, initializing...", "correlation_id": "9e8ec77c832547e29650758b6335cb79", "session_id": "-", "timestamp": "2025-08-20T16:06:26.802200+00:00"}
{"asctime": "2025-08-20 18:06:26,802", "levelname": "INFO", "name": "AresTradingSystem.System.VectorizedCandlestickPatternAnalyzer", "message": "🚀 Initializing VectorizedCandlestickPatternAnalyzer...", "correlation_id": "9e8ec77c832547e29650758b6335cb79", "session_id": "-", "timestamp": "2025-08-20T16:06:26.802284+00:00"}
{"asctime": "2025-08-20 18:06:26,802", "levelname": "INFO", "name": "AresTradingSystem.System.VectorizedCandlestickPatternAnalyzer", "message": "🔍 Config keys: ['vectorized_advanced_features', 'symbol', 'exchange']", "correlation_id": "9e8ec77c832547e29650758b6335cb79", "session_id": "-", "timestamp": "2025-08-20T16:06:26.802345+00:00"}
{"asctime": "2025-08-20 18:06:26,802", "levelname": "INFO", "name": "AresTradingSystem.System.VectorizedCandlestickPatternAnalyzer", "message": "✅ VectorizedCandlestickPatternAnalyzer initialized successfully", "correlation_id": "9e8ec77c832547e29650758b6335cb79", "session_id": "-", "timestamp": "2025-08-20T16:06:26.802425+00:00"}
{"asctime": "2025-08-20 18:06:26,802", "levelname": "INFO", "name": "AresTradingSystem.System.VectorizedAdvancedFeatureEngineering", "message": "✅ Candlestick analyzer initialized successfully", "correlation_id": "9e8ec77c832547e29650758b6335cb79", "session_id": "-", "timestamp": "2025-08-20T16:06:26.802480+00:00"}
{"asctime": "2025-08-20 18:06:26,802", "levelname": "INFO", "name": "AresTradingSystem.System.VectorizedAdvancedFeatureEngineering", "message": "🔍 Creating VectorizedSRDistanceCalculator...", "correlation_id": "9e8ec77c832547e29650758b6335cb79", "session_id": "-", "timestamp": "2025-08-20T16:06:26.802568+00:00"}
{"asctime": "2025-08-20 18:06:26,802", "levelname": "INFO", "name": "AresTradingSystem.System.VectorizedAdvancedFeatureEngineering", "message": "🔍 VectorizedSRDistanceCalculator created, initializing...", "correlation_id": "9e8ec77c832547e29650758b6335cb79", "session_id": "-", "timestamp": "2025-08-20T16:06:26.802651+00:00"}
{"asctime": "2025-08-20 18:06:26,802", "levelname": "INFO", "name": "AresTradingSystem.System.VectorizedSRDistanceCalculator", "message": "🚀 Initializing VectorizedSRDistanceCalculator...", "correlation_id": "9e8ec77c832547e29650758b6335cb79", "session_id": "-", "timestamp": "2025-08-20T16:06:26.802716+00:00"}
{"asctime": "2025-08-20 18:06:26,802", "levelname": "INFO", "name": "AresTradingSystem.System.VectorizedSRDistanceCalculator", "message": "✅ VectorizedSRDistanceCalculator initialized successfully", "correlation_id": "9e8ec77c832547e29650758b6335cb79", "session_id": "-", "timestamp": "2025-08-20T16:06:26.802772+00:00"}
{"asctime": "2025-08-20 18:06:26,802", "levelname": "INFO", "name": "AresTradingSystem.System.VectorizedAdvancedFeatureEngineering", "message": "✅ S/R distance calculator initialized successfully", "correlation_id": "9e8ec77c832547e29650758b6335cb79", "session_id": "-", "timestamp": "2025-08-20T16:06:26.802835+00:00"}
{"asctime": "2025-08-20 18:06:26,802", "levelname": "INFO", "name": "AresTradingSystem.System.VectorizedAdvancedFeatureEngineering", "message": "🔍 Creating VectorizedWaveletTransformAnalyzer...", "correlation_id": "9e8ec77c832547e29650758b6335cb79", "session_id": "-", "timestamp": "2025-08-20T16:06:26.802891+00:00"}
{"asctime": "2025-08-20 18:06:26,802", "levelname": "INFO", "name": "AresTradingSystem.System.VectorizedAdvancedFeatureEngineering", "message": "🔍 VectorizedWaveletTransformAnalyzer created, initializing...", "correlation_id": "9e8ec77c832547e29650758b6335cb79", "session_id": "-", "timestamp": "2025-08-20T16:06:26.802968+00:00"}
{"asctime": "2025-08-20 18:06:26,803", "levelname": "INFO", "name": "AresTradingSystem.System.VectorizedWaveletTransformAnalyzer", "message": "🚀 Initializing VectorizedWaveletTransformAnalyzer...", "correlation_id": "9e8ec77c832547e29650758b6335cb79", "session_id": "-", "timestamp": "2025-08-20T16:06:26.803032+00:00"}
{"asctime": "2025-08-20 18:06:26,803", "levelname": "INFO", "name": "AresTradingSystem.System.VectorizedWaveletTransformAnalyzer", "message": "✅ VectorizedWaveletTransformAnalyzer initialized successfully", "correlation_id": "9e8ec77c832547e29650758b6335cb79", "session_id": "-", "timestamp": "2025-08-20T16:06:26.803083+00:00"}
{"asctime": "2025-08-20 18:06:26,803", "levelname": "INFO", "name": "AresTradingSystem.System.VectorizedAdvancedFeatureEngineering", "message": "✅ Wavelet analyzer initialized successfully", "correlation_id": "9e8ec77c832547e29650758b6335cb79", "session_id": "-", "timestamp": "2025-08-20T16:06:26.803139+00:00"}
{"asctime": "2025-08-20 18:06:26,803", "levelname": "INFO", "name": "AresTradingSystem.System.VectorizedAdvancedFeatureEngineering", "message": "ℹ️ Meta-labeling system removed - using only HMM market regimes for labeling", "correlation_id": "9e8ec77c832547e29650758b6335cb79", "session_id": "-", "timestamp": "2025-08-20T16:06:26.803191+00:00"}
{"asctime": "2025-08-20 18:06:26,803", "levelname": "INFO", "name": "AresTradingSystem.System.VectorizedAdvancedFeatureEngineering", "message": "✅ Vectorized advanced feature engineering initialized successfully", "correlation_id": "9e8ec77c832547e29650758b6335cb79", "session_id": "-", "timestamp": "2025-08-20T16:06:26.803246+00:00"}
{"asctime": "2025-08-20 18:06:26,810", "levelname": "INFO", "name": "AresTradingSystem.System.VectorizedAdvancedFeatureEngineering", "message": "🔍 Data quality validation will be performed automatically by decorators", "correlation_id": "9e8ec77c832547e29650758b6335cb79", "session_id": "-", "timestamp": "2025-08-20T16:06:26.810865+00:00"}
{"asctime": "2025-08-20 18:06:26,810", "levelname": "INFO", "name": "AresTradingSystem.System.VectorizedAdvancedFeatureEngineering", "message": "🔍 Input price_data shape: (169864, 5)", "correlation_id": "9e8ec77c832547e29650758b6335cb79", "session_id": "-", "timestamp": "2025-08-20T16:06:26.810935+00:00"}
{"asctime": "2025-08-20 18:06:26,810", "levelname": "INFO", "name": "AresTradingSystem.System.VectorizedAdvancedFeatureEngineering", "message": "🔍 Input price_data columns: ['open', 'high', 'low', 'close', 'volume']", "correlation_id": "9e8ec77c832547e29650758b6335cb79", "session_id": "-", "timestamp": "2025-08-20T16:06:26.810997+00:00"}
{"asctime": "2025-08-20 18:06:26,811", "levelname": "INFO", "name": "AresTradingSystem.System.VectorizedAdvancedFeatureEngineering", "message": "🔍 Input volume_data shape: (169864, 1)", "correlation_id": "9e8ec77c832547e29650758b6335cb79", "session_id": "-", "timestamp": "2025-08-20T16:06:26.811054+00:00"}
{"asctime": "2025-08-20 18:06:26,811", "levelname": "INFO", "name": "AresTradingSystem.System.VectorizedAdvancedFeatureEngineering", "message": "🔍 Input volume_data columns: ['volume']", "correlation_id": "9e8ec77c832547e29650758b6335cb79", "session_id": "-", "timestamp": "2025-08-20T16:06:26.811110+00:00"}
{"asctime": "2025-08-20 18:06:26,812", "levelname": "INFO", "name": "AresTradingSystem.System.VectorizedAdvancedFeatureEngineering", "message": "🔍 Price data range: 54.727000 to 325265.823000", "correlation_id": "9e8ec77c832547e29650758b6335cb79", "session_id": "-", "timestamp": "2025-08-20T16:06:26.812339+00:00"}
{"asctime": "2025-08-20 18:06:26,812", "levelname": "INFO", "name": "AresTradingSystem.System.VectorizedAdvancedFeatureEngineering", "message": "🔍 Price data NaN count: 0", "correlation_id": "9e8ec77c832547e29650758b6335cb79", "session_id": "-", "timestamp": "2025-08-20T16:06:26.812940+00:00"}
{"asctime": "2025-08-20 18:06:26,813", "levelname": "INFO", "name": "AresTradingSystem.System.VectorizedAdvancedFeatureEngineering", "message": "🔍 Volume data range: 54.727000 to 325265.823000", "correlation_id": "9e8ec77c832547e29650758b6335cb79", "session_id": "-", "timestamp": "2025-08-20T16:06:26.813441+00:00"}
{"asctime": "2025-08-20 18:06:26,813", "levelname": "INFO", "name": "AresTradingSystem.System.VectorizedAdvancedFeatureEngineering", "message": "🔍 Volume data NaN count: 0", "correlation_id": "9e8ec77c832547e29650758b6335cb79", "session_id": "-", "timestamp": "2025-08-20T16:06:26.813637+00:00"}
{"asctime": "2025-08-20 18:06:26,813", "levelname": "INFO", "name": "AresTradingSystem.System.VectorizedAdvancedFeatureEngineering", "message": "🔍 No order flow data provided", "correlation_id": "9e8ec77c832547e29650758b6335cb79", "session_id": "-", "timestamp": "2025-08-20T16:06:26.813695+00:00"}
{"asctime": "2025-08-20 18:06:26,813", "levelname": "INFO", "name": "AresTradingSystem.System.VectorizedAdvancedFeatureEngineering", "message": "🔧 Preprocessing price data for irregular intervals...", "correlation_id": "9e8ec77c832547e29650758b6335cb79", "session_id": "-", "timestamp": "2025-08-20T16:06:26.813778+00:00"}
{"asctime": "2025-08-20 18:06:42,371", "levelname": "INFO", "name": "AresTradingSystem.System.VectorizedAdvancedFeatureEngineering", "message": "✅ Price data preprocessing completed:", "correlation_id": "9e8ec77c832547e29650758b6335cb79", "session_id": "-", "timestamp": "2025-08-20T16:06:42.371740+00:00"}
{"asctime": "2025-08-20 18:06:42,372", "levelname": "INFO", "name": "AresTradingSystem.System.VectorizedAdvancedFeatureEngineering", "message": "   Method: enhanced", "correlation_id": "9e8ec77c832547e29650758b6335cb79", "session_id": "-", "timestamp": "2025-08-20T16:06:42.372153+00:00"}
{"asctime": "2025-08-20 18:06:42,372", "levelname": "INFO", "name": "AresTradingSystem.System.VectorizedAdvancedFeatureEngineering", "message": "   Original shape: (169864, 5)", "correlation_id": "9e8ec77c832547e29650758b6335cb79", "session_id": "-", "timestamp": "2025-08-20T16:06:42.372290+00:00"}
{"asctime": "2025-08-20 18:06:42,372", "levelname": "INFO", "name": "AresTradingSystem.System.VectorizedAdvancedFeatureEngineering", "message": "   Preprocessed shape: (172437, 5)", "correlation_id": "9e8ec77c832547e29650758b6335cb79", "session_id": "-", "timestamp": "2025-08-20T16:06:42.372370+00:00"}
{"asctime": "2025-08-20 18:06:42,372", "levelname": "INFO", "name": "AresTradingSystem.System.VectorizedAdvancedFeatureEngineering", "message": "   Quality improvement: 0.000", "correlation_id": "9e8ec77c832547e29650758b6335cb79", "session_id": "-", "timestamp": "2025-08-20T16:06:42.372447+00:00"}
{"asctime": "2025-08-20 18:06:42,372", "levelname": "INFO", "name": "AresTradingSystem.System.VectorizedAdvancedFeatureEngineering", "message": "🔧 Enhanced preprocessing for volume data...", "correlation_id": "9e8ec77c832547e29650758b6335cb79", "session_id": "-", "timestamp": "2025-08-20T16:06:42.372521+00:00"}
{"asctime": "2025-08-20 18:07:02,398", "levelname": "INFO", "name": "AresTradingSystem.System.VectorizedAdvancedFeatureEngineering", "message": "✅ Volume data enhanced preprocessing completed", "correlation_id": "9e8ec77c832547e29650758b6335cb79", "session_id": "-", "timestamp": "2025-08-20T16:07:02.398092+00:00"}
{"asctime": "2025-08-20 18:07:02,398", "levelname": "INFO", "name": "AresTradingSystem.System.VectorizedAdvancedFeatureEngineering", "message": "🔍 Input price_data columns: ['open', 'high', 'low', 'close', 'volume']", "correlation_id": "9e8ec77c832547e29650758b6335cb79", "session_id": "-", "timestamp": "2025-08-20T16:07:02.398460+00:00"}
{"asctime": "2025-08-20 18:07:02,398", "levelname": "INFO", "name": "AresTradingSystem.System.VectorizedAdvancedFeatureEngineering", "message": "🔍 Input price_data shape: (172437, 5)", "correlation_id": "9e8ec77c832547e29650758b6335cb79", "session_id": "-", "timestamp": "2025-08-20T16:07:02.398613+00:00"}
{"asctime": "2025-08-20 18:07:02,398", "levelname": "INFO", "name": "AresTradingSystem.System.VectorizedAdvancedFeatureEngineering", "message": "🔍 Input volume_data columns: ['volume']", "correlation_id": "9e8ec77c832547e29650758b6335cb79", "session_id": "-", "timestamp": "2025-08-20T16:07:02.398716+00:00"}
{"asctime": "2025-08-20 18:07:02,398", "levelname": "INFO", "name": "AresTradingSystem.System.VectorizedAdvancedFeatureEngineering", "message": "🔍 Input volume_data shape: (172437, 1)", "correlation_id": "9e8ec77c832547e29650758b6335cb79", "session_id": "-", "timestamp": "2025-08-20T16:07:02.398804+00:00"}
{"asctime": "2025-08-20 18:07:02,407", "levelname": "INFO", "name": "AresTradingSystem.System.VectorizedAdvancedFeatureEngineering", "message": "🔍 Output price_data columns: ['open', 'high', 'low', 'close', 'volume']", "correlation_id": "9e8ec77c832547e29650758b6335cb79", "session_id": "-", "timestamp": "2025-08-20T16:07:02.407405+00:00"}
{"asctime": "2025-08-20 18:07:02,407", "levelname": "INFO", "name": "AresTradingSystem.System.VectorizedAdvancedFeatureEngineering", "message": "🔍 Output price_data shape: (172437, 5)", "correlation_id": "9e8ec77c832547e29650758b6335cb79", "session_id": "-", "timestamp": "2025-08-20T16:07:02.407635+00:00"}
{"asctime": "2025-08-20 18:07:02,407", "levelname": "INFO", "name": "AresTradingSystem.System.VectorizedAdvancedFeatureEngineering", "message": "🔍 Output volume_data columns: ['volume']", "correlation_id": "9e8ec77c832547e29650758b6335cb79", "session_id": "-", "timestamp": "2025-08-20T16:07:02.407735+00:00"}
{"asctime": "2025-08-20 18:07:02,407", "levelname": "INFO", "name": "AresTradingSystem.System.VectorizedAdvancedFeatureEngineering", "message": "🔍 Output volume_data shape: (172437, 1)", "correlation_id": "9e8ec77c832547e29650758b6335cb79", "session_id": "-", "timestamp": "2025-08-20T16:07:02.407820+00:00"}
{"asctime": "2025-08-20 18:07:02,407", "levelname": "ERROR", "name": "AresTradingSystem.System.VectorizedAdvancedFeatureEngineering", "message": "Error engineering advanced features: 'VectorizedAdvancedFeatureEngineering' object has no attribute '_track_nan_origins'", "correlation_id": "9e8ec77c832547e29650758b6335cb79", "session_id": "-", "timestamp": "2025-08-20T16:07:02.407937+00:00"}
{"asctime": "2025-08-20 18:07:02,409", "levelname": "INFO", "name": "AresTradingSystem.System", "message": "Applied NumPy RNG unpickle compatibility shim (URC)", "correlation_id": "9e8ec77c832547e29650758b6335cb79", "session_id": "-", "timestamp": "2025-08-20T16:07:02.409482+00:00"}
{"asctime": "2025-08-20 18:07:05,423", "levelname": "INFO", "name": "AresTradingSystem.System.VectorizedAdvancedFeatureEngineering", "message": "🔍 Data quality validation will be performed automatically by decorators", "correlation_id": "9e8ec77c832547e29650758b6335cb79", "session_id": "-", "timestamp": "2025-08-20T16:07:05.423269+00:00"}
{"asctime": "2025-08-20 18:07:05,423", "levelname": "INFO", "name": "AresTradingSystem.System.VectorizedAdvancedFeatureEngineering", "message": "🔍 Input price_data shape: (36400, 5)", "correlation_id": "9e8ec77c832547e29650758b6335cb79", "session_id": "-", "timestamp": "2025-08-20T16:07:05.423404+00:00"}
{"asctime": "2025-08-20 18:07:05,423", "levelname": "INFO", "name": "AresTradingSystem.System.VectorizedAdvancedFeatureEngineering", "message": "🔍 Input price_data columns: ['open', 'high', 'low', 'close', 'volume']", "correlation_id": "9e8ec77c832547e29650758b6335cb79", "session_id": "-", "timestamp": "2025-08-20T16:07:05.423501+00:00"}
{"asctime": "2025-08-20 18:07:05,423", "levelname": "INFO", "name": "AresTradingSystem.System.VectorizedAdvancedFeatureEngineering", "message": "🔍 Input volume_data shape: (36400, 1)", "correlation_id": "9e8ec77c832547e29650758b6335cb79", "session_id": "-", "timestamp": "2025-08-20T16:07:05.423601+00:00"}
{"asctime": "2025-08-20 18:07:05,424", "levelname": "INFO", "name": "AresTradingSystem.System.VectorizedAdvancedFeatureEngineering", "message": "🔍 Input volume_data columns: ['volume']", "correlation_id": "9e8ec77c832547e29650758b6335cb79", "session_id": "-", "timestamp": "2025-08-20T16:07:05.424255+00:00"}
{"asctime": "2025-08-20 18:07:05,425", "levelname": "INFO", "name": "AresTradingSystem.System.VectorizedAdvancedFeatureEngineering", "message": "🔍 Price data range: 33.973000 to 206123.418000", "correlation_id": "9e8ec77c832547e29650758b6335cb79", "session_id": "-", "timestamp": "2025-08-20T16:07:05.425535+00:00"}
{"asctime": "2025-08-20 18:07:05,433", "levelname": "INFO", "name": "AresTradingSystem.System.VectorizedAdvancedFeatureEngineering", "message": "🔍 Price data NaN count: 0", "correlation_id": "9e8ec77c832547e29650758b6335cb79", "session_id": "-", "timestamp": "2025-08-20T16:07:05.433257+00:00"}
{"asctime": "2025-08-20 18:07:05,436", "levelname": "INFO", "name": "AresTradingSystem.System.VectorizedAdvancedFeatureEngineering", "message": "🔍 Volume data range: 33.973000 to 206123.418000", "correlation_id": "9e8ec77c832547e29650758b6335cb79", "session_id": "-", "timestamp": "2025-08-20T16:07:05.436324+00:00"}
{"asctime": "2025-08-20 18:07:05,438", "levelname": "INFO", "name": "AresTradingSystem.System.VectorizedAdvancedFeatureEngineering", "message": "🔍 Volume data NaN count: 0", "correlation_id": "9e8ec77c832547e29650758b6335cb79", "session_id": "-", "timestamp": "2025-08-20T16:07:05.438078+00:00"}
{"asctime": "2025-08-20 18:07:05,438", "levelname": "INFO", "name": "AresTradingSystem.System.VectorizedAdvancedFeatureEngineering", "message": "🔍 No order flow data provided", "correlation_id": "9e8ec77c832547e29650758b6335cb79", "session_id": "-", "timestamp": "2025-08-20T16:07:05.438333+00:00"}
{"asctime": "2025-08-20 18:07:05,438", "levelname": "INFO", "name": "AresTradingSystem.System.VectorizedAdvancedFeatureEngineering", "message": "🔧 Preprocessing price data for irregular intervals...", "correlation_id": "9e8ec77c832547e29650758b6335cb79", "session_id": "-", "timestamp": "2025-08-20T16:07:05.438455+00:00"}
{"asctime": "2025-08-20 18:07:10,575", "levelname": "INFO", "name": "AresTradingSystem.System.VectorizedAdvancedFeatureEngineering", "message": "✅ Price data preprocessing completed:", "correlation_id": "9e8ec77c832547e29650758b6335cb79", "session_id": "-", "timestamp": "2025-08-20T16:07:10.575088+00:00"}
{"asctime": "2025-08-20 18:07:10,575", "levelname": "INFO", "name": "AresTradingSystem.System.VectorizedAdvancedFeatureEngineering", "message": "   Method: enhanced", "correlation_id": "9e8ec77c832547e29650758b6335cb79", "session_id": "-", "timestamp": "2025-08-20T16:07:10.575426+00:00"}
{"asctime": "2025-08-20 18:07:10,575", "levelname": "INFO", "name": "AresTradingSystem.System.VectorizedAdvancedFeatureEngineering", "message": "   Original shape: (36400, 5)", "correlation_id": "9e8ec77c832547e29650758b6335cb79", "session_id": "-", "timestamp": "2025-08-20T16:07:10.575540+00:00"}
{"asctime": "2025-08-20 18:07:10,575", "levelname": "INFO", "name": "AresTradingSystem.System.VectorizedAdvancedFeatureEngineering", "message": "   Preprocessed shape: (38422, 5)", "correlation_id": "9e8ec77c832547e29650758b6335cb79", "session_id": "-", "timestamp": "2025-08-20T16:07:10.575759+00:00"}
{"asctime": "2025-08-20 18:07:10,575", "levelname": "INFO", "name": "AresTradingSystem.System.VectorizedAdvancedFeatureEngineering", "message": "   Quality improvement: 0.000", "correlation_id": "9e8ec77c832547e29650758b6335cb79", "session_id": "-", "timestamp": "2025-08-20T16:07:10.575880+00:00"}
{"asctime": "2025-08-20 18:07:10,575", "levelname": "INFO", "name": "AresTradingSystem.System.VectorizedAdvancedFeatureEngineering", "message": "🔧 Enhanced preprocessing for volume data...", "correlation_id": "9e8ec77c832547e29650758b6335cb79", "session_id": "-", "timestamp": "2025-08-20T16:07:10.576000+00:00"}
{"asctime": "2025-08-20 18:07:17,089", "levelname": "INFO", "name": "AresTradingSystem.System.VectorizedAdvancedFeatureEngineering", "message": "✅ Volume data enhanced preprocessing completed", "correlation_id": "9e8ec77c832547e29650758b6335cb79", "session_id": "-", "timestamp": "2025-08-20T16:07:17.089620+00:00"}
{"asctime": "2025-08-20 18:07:17,089", "levelname": "INFO", "name": "AresTradingSystem.System.VectorizedAdvancedFeatureEngineering", "message": "🔍 Input price_data columns: ['open', 'high', 'low', 'close', 'volume']", "correlation_id": "9e8ec77c832547e29650758b6335cb79", "session_id": "-", "timestamp": "2025-08-20T16:07:17.089873+00:00"}
{"asctime": "2025-08-20 18:07:17,090", "levelname": "INFO", "name": "AresTradingSystem.System.VectorizedAdvancedFeatureEngineering", "message": "🔍 Input price_data shape: (38422, 5)", "correlation_id": "9e8ec77c832547e29650758b6335cb79", "session_id": "-", "timestamp": "2025-08-20T16:07:17.090100+00:00"}
{"asctime": "2025-08-20 18:07:17,090", "levelname": "INFO", "name": "AresTradingSystem.System.VectorizedAdvancedFeatureEngineering", "message": "🔍 Input volume_data columns: ['volume']", "correlation_id": "9e8ec77c832547e29650758b6335cb79", "session_id": "-", "timestamp": "2025-08-20T16:07:17.090240+00:00"}
{"asctime": "2025-08-20 18:07:17,090", "levelname": "INFO", "name": "AresTradingSystem.System.VectorizedAdvancedFeatureEngineering", "message": "🔍 Input volume_data shape: (38422, 1)", "correlation_id": "9e8ec77c832547e29650758b6335cb79", "session_id": "-", "timestamp": "2025-08-20T16:07:17.090349+00:00"}
{"asctime": "2025-08-20 18:07:17,092", "levelname": "INFO", "name": "AresTradingSystem.System.VectorizedAdvancedFeatureEngineering", "message": "🔍 Output price_data columns: ['open', 'high', 'low', 'close', 'volume']", "correlation_id": "9e8ec77c832547e29650758b6335cb79", "session_id": "-", "timestamp": "2025-08-20T16:07:17.092689+00:00"}
{"asctime": "2025-08-20 18:07:17,093", "levelname": "INFO", "name": "AresTradingSystem.System.VectorizedAdvancedFeatureEngineering", "message": "🔍 Output price_data shape: (38422, 5)", "correlation_id": "9e8ec77c832547e29650758b6335cb79", "session_id": "-", "timestamp": "2025-08-20T16:07:17.093079+00:00"}
{"asctime": "2025-08-20 18:07:17,093", "levelname": "INFO", "name": "AresTradingSystem.System.VectorizedAdvancedFeatureEngineering", "message": "🔍 Output volume_data columns: ['volume']", "correlation_id": "9e8ec77c832547e29650758b6335cb79", "session_id": "-", "timestamp": "2025-08-20T16:07:17.093210+00:00"}
{"asctime": "2025-08-20 18:07:17,093", "levelname": "INFO", "name": "AresTradingSystem.System.VectorizedAdvancedFeatureEngineering", "message": "🔍 Output volume_data shape: (38422, 1)", "correlation_id": "9e8ec77c832547e29650758b6335cb79", "session_id": "-", "timestamp": "2025-08-20T16:07:17.093315+00:00"}
{"asctime": "2025-08-20 18:07:17,093", "levelname": "ERROR", "name": "AresTradingSystem.System.VectorizedAdvancedFeatureEngineering", "message": "Error engineering advanced features: 'VectorizedAdvancedFeatureEngineering' object has no attribute '_track_nan_origins'", "correlation_id": "9e8ec77c832547e29650758b6335cb79", "session_id": "-", "timestamp": "2025-08-20T16:07:17.093688+00:00"}
{"asctime": "2025-08-20 18:07:19,414", "levelname": "INFO", "name": "AresTradingSystem.System.VectorizedAdvancedFeatureEngineering", "message": "🔍 Data quality validation will be performed automatically by decorators", "correlation_id": "9e8ec77c832547e29650758b6335cb79", "session_id": "-", "timestamp": "2025-08-20T16:07:19.414066+00:00"}
{"asctime": "2025-08-20 18:07:19,415", "levelname": "INFO", "name": "AresTradingSystem.System.VectorizedAdvancedFeatureEngineering", "message": "🔍 Input price_data shape: (36400, 5)", "correlation_id": "9e8ec77c832547e29650758b6335cb79", "session_id": "-", "timestamp": "2025-08-20T16:07:19.415673+00:00"}
{"asctime": "2025-08-20 18:07:19,416", "levelname": "INFO", "name": "AresTradingSystem.System.VectorizedAdvancedFeatureEngineering", "message": "🔍 Input price_data columns: ['open', 'high', 'low', 'close', 'volume']", "correlation_id": "9e8ec77c832547e29650758b6335cb79", "session_id": "-", "timestamp": "2025-08-20T16:07:19.416024+00:00"}
{"asctime": "2025-08-20 18:07:19,416", "levelname": "INFO", "name": "AresTradingSystem.System.VectorizedAdvancedFeatureEngineering", "message": "🔍 Input volume_data shape: (36400, 1)", "correlation_id": "9e8ec77c832547e29650758b6335cb79", "session_id": "-", "timestamp": "2025-08-20T16:07:19.416150+00:00"}
{"asctime": "2025-08-20 18:07:19,420", "levelname": "INFO", "name": "AresTradingSystem.System.VectorizedAdvancedFeatureEngineering", "message": "🔍 Input volume_data columns: ['volume']", "correlation_id": "9e8ec77c832547e29650758b6335cb79", "session_id": "-", "timestamp": "2025-08-20T16:07:19.420214+00:00"}
{"asctime": "2025-08-20 18:07:19,428", "levelname": "INFO", "name": "AresTradingSystem.System.VectorizedAdvancedFeatureEngineering", "message": "🔍 Price data range: 2.543000 to 212969.444000", "correlation_id": "9e8ec77c832547e29650758b6335cb79", "session_id": "-", "timestamp": "2025-08-20T16:07:19.428602+00:00"}
{"asctime": "2025-08-20 18:07:19,431", "levelname": "INFO", "name": "AresTradingSystem.System.VectorizedAdvancedFeatureEngineering", "message": "🔍 Price data NaN count: 0", "correlation_id": "9e8ec77c832547e29650758b6335cb79", "session_id": "-", "timestamp": "2025-08-20T16:07:19.431222+00:00"}
{"asctime": "2025-08-20 18:07:19,448", "levelname": "INFO", "name": "AresTradingSystem.System.VectorizedAdvancedFeatureEngineering", "message": "🔍 Volume data range: 2.543000 to 212969.444000", "correlation_id": "9e8ec77c832547e29650758b6335cb79", "session_id": "-", "timestamp": "2025-08-20T16:07:19.448429+00:00"}
{"asctime": "2025-08-20 18:07:19,450", "levelname": "INFO", "name": "AresTradingSystem.System.VectorizedAdvancedFeatureEngineering", "message": "🔍 Volume data NaN count: 0", "correlation_id": "9e8ec77c832547e29650758b6335cb79", "session_id": "-", "timestamp": "2025-08-20T16:07:19.450347+00:00"}
{"asctime": "2025-08-20 18:07:19,451", "levelname": "INFO", "name": "AresTradingSystem.System.VectorizedAdvancedFeatureEngineering", "message": "🔍 No order flow data provided", "correlation_id": "9e8ec77c832547e29650758b6335cb79", "session_id": "-", "timestamp": "2025-08-20T16:07:19.451608+00:00"}
{"asctime": "2025-08-20 18:07:19,452", "levelname": "INFO", "name": "AresTradingSystem.System.VectorizedAdvancedFeatureEngineering", "message": "🔧 Preprocessing price data for irregular intervals...", "correlation_id": "9e8ec77c832547e29650758b6335cb79", "session_id": "-", "timestamp": "2025-08-20T16:07:19.452461+00:00"}
{"asctime": "2025-08-20 18:07:27,337", "levelname": "INFO", "name": "AresTradingSystem.System.VectorizedAdvancedFeatureEngineering", "message": "✅ Price data preprocessing completed:", "correlation_id": "9e8ec77c832547e29650758b6335cb79", "session_id": "-", "timestamp": "2025-08-20T16:07:27.337610+00:00"}
{"asctime": "2025-08-20 18:07:27,337", "levelname": "INFO", "name": "AresTradingSystem.System.VectorizedAdvancedFeatureEngineering", "message": "   Method: enhanced", "correlation_id": "9e8ec77c832547e29650758b6335cb79", "session_id": "-", "timestamp": "2025-08-20T16:07:27.337965+00:00"}
{"asctime": "2025-08-20 18:07:27,338", "levelname": "INFO", "name": "AresTradingSystem.System.VectorizedAdvancedFeatureEngineering", "message": "   Original shape: (36400, 5)", "correlation_id": "9e8ec77c832547e29650758b6335cb79", "session_id": "-", "timestamp": "2025-08-20T16:07:27.338177+00:00"}
{"asctime": "2025-08-20 18:07:27,338", "levelname": "INFO", "name": "AresTradingSystem.System.VectorizedAdvancedFeatureEngineering", "message": "   Preprocessed shape: (36626, 5)", "correlation_id": "9e8ec77c832547e29650758b6335cb79", "session_id": "-", "timestamp": "2025-08-20T16:07:27.338338+00:00"}
{"asctime": "2025-08-20 18:07:27,338", "levelname": "INFO", "name": "AresTradingSystem.System.VectorizedAdvancedFeatureEngineering", "message": "   Quality improvement: 0.000", "correlation_id": "9e8ec77c832547e29650758b6335cb79", "session_id": "-", "timestamp": "2025-08-20T16:07:27.338485+00:00"}
{"asctime": "2025-08-20 18:07:27,338", "levelname": "INFO", "name": "AresTradingSystem.System.VectorizedAdvancedFeatureEngineering", "message": "🔧 Enhanced preprocessing for volume data...", "correlation_id": "9e8ec77c832547e29650758b6335cb79", "session_id": "-", "timestamp": "2025-08-20T16:07:27.338711+00:00"}
{"asctime": "2025-08-20 18:07:36,606", "levelname": "INFO", "name": "AresTradingSystem.System.VectorizedAdvancedFeatureEngineering", "message": "✅ Volume data enhanced preprocessing completed", "correlation_id": "9e8ec77c832547e29650758b6335cb79", "session_id": "-", "timestamp": "2025-08-20T16:07:36.606260+00:00"}
{"asctime": "2025-08-20 18:07:36,607", "levelname": "INFO", "name": "AresTradingSystem.System.VectorizedAdvancedFeatureEngineering", "message": "🔍 Input price_data columns: ['open', 'high', 'low', 'close', 'volume']", "correlation_id": "9e8ec77c832547e29650758b6335cb79", "session_id": "-", "timestamp": "2025-08-20T16:07:36.607767+00:00"}
{"asctime": "2025-08-20 18:07:36,608", "levelname": "INFO", "name": "AresTradingSystem.System.VectorizedAdvancedFeatureEngineering", "message": "🔍 Input price_data shape: (36626, 5)", "correlation_id": "9e8ec77c832547e29650758b6335cb79", "session_id": "-", "timestamp": "2025-08-20T16:07:36.608376+00:00"}
{"asctime": "2025-08-20 18:07:36,608", "levelname": "INFO", "name": "AresTradingSystem.System.VectorizedAdvancedFeatureEngineering", "message": "🔍 Input volume_data columns: ['volume']", "correlation_id": "9e8ec77c832547e29650758b6335cb79", "session_id": "-", "timestamp": "2025-08-20T16:07:36.608556+00:00"}
{"asctime": "2025-08-20 18:07:36,608", "levelname": "INFO", "name": "AresTradingSystem.System.VectorizedAdvancedFeatureEngineering", "message": "🔍 Input volume_data shape: (36626, 1)", "correlation_id": "9e8ec77c832547e29650758b6335cb79", "session_id": "-", "timestamp": "2025-08-20T16:07:36.608678+00:00"}
{"asctime": "2025-08-20 18:07:36,613", "levelname": "INFO", "name": "AresTradingSystem.System.VectorizedAdvancedFeatureEngineering", "message": "🔍 Output price_data columns: ['open', 'high', 'low', 'close', 'volume']", "correlation_id": "9e8ec77c832547e29650758b6335cb79", "session_id": "-", "timestamp": "2025-08-20T16:07:36.613146+00:00"}
{"asctime": "2025-08-20 18:07:36,614", "levelname": "INFO", "name": "AresTradingSystem.System.VectorizedAdvancedFeatureEngineering", "message": "🔍 Output price_data shape: (36626, 5)", "correlation_id": "9e8ec77c832547e29650758b6335cb79", "session_id": "-", "timestamp": "2025-08-20T16:07:36.614566+00:00"}
{"asctime": "2025-08-20 18:07:36,615", "levelname": "INFO", "name": "AresTradingSystem.System.VectorizedAdvancedFeatureEngineering", "message": "🔍 Output volume_data columns: ['volume']", "correlation_id": "9e8ec77c832547e29650758b6335cb79", "session_id": "-", "timestamp": "2025-08-20T16:07:36.615617+00:00"}
{"asctime": "2025-08-20 18:07:36,616", "levelname": "INFO", "name": "AresTradingSystem.System.VectorizedAdvancedFeatureEngineering", "message": "🔍 Output volume_data shape: (36626, 1)", "correlation_id": "9e8ec77c832547e29650758b6335cb79", "session_id": "-", "timestamp": "2025-08-20T16:07:36.616338+00:00"}
{"asctime": "2025-08-20 18:07:36,616", "levelname": "ERROR", "name": "AresTradingSystem.System.VectorizedAdvancedFeatureEngineering", "message": "Error engineering advanced features: 'VectorizedAdvancedFeatureEngineering' object has no attribute '_track_nan_origins'", "correlation_id": "9e8ec77c832547e29650758b6335cb79", "session_id": "-", "timestamp": "2025-08-20T16:07:36.616676+00:00"}
{"asctime": "2025-08-20 18:07:38,352", "levelname": "INFO", "name": "AresTradingSystem.System.ConfigLoader", "message": "Successfully loaded config from: src/config/feature_selection_config.yaml", "correlation_id": "9e8ec77c832547e29650758b6335cb79", "session_id": "-", "timestamp": "2025-08-20T16:07:38.352605+00:00"}
{"asctime": "2025-08-20 18:07:51,709", "levelname": "INFO", "name": "AresTradingSystem.System.ConfigLoader", "message": "Successfully loaded config from: src/config/feature_selection_config.yaml", "correlation_id": "9e8ec77c832547e29650758b6335cb79", "session_id": "-", "timestamp": "2025-08-20T16:07:51.709993+00:00"}
{"asctime": "2025-08-20 18:07:56,640", "levelname": "INFO", "name": "AresTradingSystem.System", "message": "Received signal 2, cleaning up...", "correlation_id": "9e8ec77c832547e29650758b6335cb79", "session_id": "-", "timestamp": "2025-08-20T16:07:56.640818+00:00"}
