{"asctime": "2025-08-21 18:41:04,973", "levelname": "INFO", "name": "AresGlobal", "message": "================================================================================", "correlation_id": "-", "session_id": "-", "timestamp": "2025-08-21T16:41:04.973753+00:00"}
{"asctime": "2025-08-21 18:41:04,973", "levelname": "INFO", "name": "AresGlobal", "message": "📊 SESSION SUMMARY", "correlation_id": "-", "session_id": "-", "timestamp": "2025-08-21T16:41:04.973931+00:00"}
{"asctime": "2025-08-21 18:41:04,974", "levelname": "INFO", "name": "AresGlobal", "message": "Session started: 2025-08-21 18:41:04", "correlation_id": "-", "session_id": "-", "timestamp": "2025-08-21T16:41:04.974062+00:00"}
{"asctime": "2025-08-21 18:41:04,974", "levelname": "INFO", "name": "AresGlobal", "message": "This file contains ALL logs for this session", "correlation_id": "-", "session_id": "-", "timestamp": "2025-08-21T16:41:04.974152+00:00"}
{"asctime": "2025-08-21 18:41:04,974", "levelname": "INFO", "name": "AresGlobal", "message": "================================================================================", "correlation_id": "-", "session_id": "-", "timestamp": "2025-08-21T16:41:04.974238+00:00"}
{"asctime": "2025-08-21 18:41:04,974", "levelname": "INFO", "name": "AresGlobal", "message": "[SYSTEM] ================================================================================", "correlation_id": "-", "session_id": "-", "timestamp": "2025-08-21T16:41:04.974638+00:00"}
{"asctime": "2025-08-21 18:41:04,974", "levelname": "INFO", "name": "AresGlobal", "message": "[SYSTEM] 🚀 ARES LAUNCHER STARTED - Mode: INITIALIZATION", "correlation_id": "-", "session_id": "-", "timestamp": "2025-08-21T16:41:04.974889+00:00"}
{"asctime": "2025-08-21 18:41:04,975", "levelname": "INFO", "name": "AresGlobal", "message": "[SYSTEM] Start time: 2025-08-21 18:41:04", "correlation_id": "-", "session_id": "-", "timestamp": "2025-08-21T16:41:04.975105+00:00"}
{"asctime": "2025-08-21 18:41:04,975", "levelname": "INFO", "name": "AresGlobal", "message": "[SYSTEM] Log directory: log", "correlation_id": "-", "session_id": "-", "timestamp": "2025-08-21T16:41:04.975278+00:00"}
{"asctime": "2025-08-21 18:41:04,975", "levelname": "INFO", "name": "AresGlobal", "message": "[SYSTEM] ================================================================================", "correlation_id": "-", "session_id": "-", "timestamp": "2025-08-21T16:41:04.975445+00:00"}
{"asctime": "2025-08-21 18:41:04,975", "levelname": "INFO", "name": "AresGlobal.AresLauncher", "message": "================================================================================", "correlation_id": "-", "session_id": "-", "timestamp": "2025-08-21T16:41:04.975531+00:00"}
{"asctime": "2025-08-21 18:41:04,975", "levelname": "INFO", "name": "AresGlobal.AresLauncher", "message": "🚀 ARES COMPREHENSIVE LAUNCHER", "correlation_id": "-", "session_id": "-", "timestamp": "2025-08-21T16:41:04.975612+00:00"}
{"asctime": "2025-08-21 18:41:04,975", "levelname": "INFO", "name": "AresGlobal.AresLauncher", "message": "================================================================================", "correlation_id": "-", "session_id": "-", "timestamp": "2025-08-21T16:41:04.975704+00:00"}
{"asctime": "2025-08-21 18:41:04,975", "levelname": "INFO", "name": "AresGlobal.AresLauncher", "message": "Start time: 2025-08-21 18:41:04", "correlation_id": "-", "session_id": "-", "timestamp": "2025-08-21T16:41:04.975792+00:00"}
{"asctime": "2025-08-21 18:41:04,975", "levelname": "INFO", "name": "AresGlobal.AresLauncher", "message": "Log directory: log", "correlation_id": "-", "session_id": "-", "timestamp": "2025-08-21T16:41:04.975873+00:00"}
{"asctime": "2025-08-21 18:41:04,975", "levelname": "INFO", "name": "AresGlobal.AresLauncher", "message": "Log level: INFO", "correlation_id": "-", "session_id": "-", "timestamp": "2025-08-21T16:41:04.975953+00:00"}
{"asctime": "2025-08-21 18:41:04,976", "levelname": "INFO", "name": "AresGlobal.AresLauncher", "message": "Global log file: ares_global_20250821_184104.log", "correlation_id": "-", "session_id": "-", "timestamp": "2025-08-21T16:41:04.976037+00:00"}
{"asctime": "2025-08-21 18:41:04,976", "levelname": "INFO", "name": "AresGlobal.AresLauncher", "message": "Full run log: log/ares_full_20250821_184104.log", "correlation_id": "-", "session_id": "-", "timestamp": "2025-08-21T16:41:04.976128+00:00"}
{"asctime": "2025-08-21 18:41:04,976", "levelname": "INFO", "name": "AresGlobal.AresLauncher", "message": "Trades log: log/ares_trades_20250821_184104.log", "correlation_id": "-", "session_id": "-", "timestamp": "2025-08-21T16:41:04.976209+00:00"}
{"asctime": "2025-08-21 18:41:04,976", "levelname": "INFO", "name": "AresGlobal.AresLauncher", "message": "Backtest log: log/ares_backtest_20250821_184104.log", "correlation_id": "-", "session_id": "-", "timestamp": "2025-08-21T16:41:04.976286+00:00"}
{"asctime": "2025-08-21 18:41:04,976", "levelname": "INFO", "name": "AresGlobal.AresLauncher", "message": "================================================================================", "correlation_id": "-", "session_id": "-", "timestamp": "2025-08-21T16:41:04.976363+00:00"}
{"asctime": "2025-08-21 18:41:04,976", "levelname": "INFO", "name": "AresGlobal", "message": "[SYSTEM] ================================================================================", "correlation_id": "-", "session_id": "-", "timestamp": "2025-08-21T16:41:04.976621+00:00"}
{"asctime": "2025-08-21 18:41:04,977", "levelname": "INFO", "name": "AresGlobal", "message": "[SYSTEM] 🚀 ARES LAUNCHER STARTED - Mode: blank - Symbol: ETHUSDT - Exchange: BINANCE", "correlation_id": "-", "session_id": "-", "timestamp": "2025-08-21T16:41:04.977170+00:00"}
{"asctime": "2025-08-21 18:41:04,977", "levelname": "INFO", "name": "AresGlobal", "message": "[SYSTEM] Start time: 2025-08-21 18:41:04", "correlation_id": "-", "session_id": "-", "timestamp": "2025-08-21T16:41:04.977352+00:00"}
{"asctime": "2025-08-21 18:41:04,977", "levelname": "INFO", "name": "AresGlobal", "message": "[SYSTEM] Log directory: log", "correlation_id": "-", "session_id": "-", "timestamp": "2025-08-21T16:41:04.977513+00:00"}
{"asctime": "2025-08-21 18:41:04,977", "levelname": "INFO", "name": "AresGlobal", "message": "[SYSTEM] ================================================================================", "correlation_id": "-", "session_id": "-", "timestamp": "2025-08-21T16:41:04.977666+00:00"}
{"asctime": "2025-08-21 18:41:04,977", "levelname": "INFO", "name": "AresGlobal.AresLauncher", "message": "🚀 Running enhanced 16-step training pipeline for ETHUSDT on BINANCE", "correlation_id": "-", "session_id": "-", "timestamp": "2025-08-21T16:41:04.977785+00:00"}
{"asctime": "2025-08-21 18:41:04,977", "levelname": "INFO", "name": "AresGlobal.AresLauncher", "message": "Starting from step: step2_feature_engineering", "correlation_id": "-", "session_id": "-", "timestamp": "2025-08-21T16:41:04.977873+00:00"}
{"asctime": "2025-08-21 18:41:04,979", "levelname": "INFO", "name": "AresGlobal.AresLauncher", "message": "🧪 BLANK TRAINING MODE: Set BLANK_TRAINING_MODE=1 for step-based training", "correlation_id": "-", "session_id": "-", "timestamp": "2025-08-21T16:41:04.979167+00:00"}
{"asctime": "2025-08-21 18:41:04,979", "levelname": "INFO", "name": "AresGlobal.ProgressManager", "message": "Initialized ProgressManager for ETHUSDT on BINANCE", "correlation_id": "-", "session_id": "-", "timestamp": "2025-08-21T16:41:04.979423+00:00"}
{"asctime": "2025-08-21 18:41:04,979", "levelname": "INFO", "name": "AresGlobal.ProgressManager", "message": "Progress directory: data/training/progress/BINANCE_ETHUSDT", "correlation_id": "-", "session_id": "-", "timestamp": "2025-08-21T16:41:04.979516+00:00"}
{"asctime": "2025-08-21 18:41:04,979", "levelname": "INFO", "name": "AresGlobal.StepOrchestrator", "message": "Initialized StepOrchestrator for ETHUSDT on BINANCE", "correlation_id": "-", "session_id": "-", "timestamp": "2025-08-21T16:41:04.979635+00:00"}
{"asctime": "2025-08-21 18:41:04,979", "levelname": "INFO", "name": "AresGlobal.ProgressManager", "message": "🗑️  Cleared progress for step2_feature_engineering", "correlation_id": "-", "session_id": "-", "timestamp": "2025-08-21T16:41:04.979783+00:00"}
{"asctime": "2025-08-21 18:41:04,979", "levelname": "INFO", "name": "AresGlobal.AresLauncher", "message": "🧹 Cleared progress for 'step2_feature_engineering' (force)", "correlation_id": "-", "session_id": "-", "timestamp": "2025-08-21T16:41:04.979896+00:00"}
{"asctime": "2025-08-21 18:41:04,980", "levelname": "INFO", "name": "AresGlobal.ProgressManager", "message": "🗑️  Cleared progress for step3_hmm_regime_discovery", "correlation_id": "-", "session_id": "-", "timestamp": "2025-08-21T16:41:04.980006+00:00"}
{"asctime": "2025-08-21 18:41:04,980", "levelname": "INFO", "name": "AresGlobal.AresLauncher", "message": "🧹 Cleared progress for 'step3_hmm_regime_discovery' (force)", "correlation_id": "-", "session_id": "-", "timestamp": "2025-08-21T16:41:04.980099+00:00"}
{"asctime": "2025-08-21 18:41:04,980", "levelname": "INFO", "name": "AresGlobal.ProgressManager", "message": "🗑️  Cleared progress for step4_processing_labeling", "correlation_id": "-", "session_id": "-", "timestamp": "2025-08-21T16:41:04.980204+00:00"}
{"asctime": "2025-08-21 18:41:04,980", "levelname": "INFO", "name": "AresGlobal.AresLauncher", "message": "🧹 Cleared progress for 'step4_processing_labeling' (force)", "correlation_id": "-", "session_id": "-", "timestamp": "2025-08-21T16:41:04.980288+00:00"}
{"asctime": "2025-08-21 18:41:04,980", "levelname": "INFO", "name": "AresGlobal.ProgressManager", "message": "🗑️  Cleared progress for step5_regime_data_splitting", "correlation_id": "-", "session_id": "-", "timestamp": "2025-08-21T16:41:04.980393+00:00"}
{"asctime": "2025-08-21 18:41:04,980", "levelname": "INFO", "name": "AresGlobal.AresLauncher", "message": "🧹 Cleared progress for 'step5_regime_data_splitting' (force)", "correlation_id": "-", "session_id": "-", "timestamp": "2025-08-21T16:41:04.980483+00:00"}
{"asctime": "2025-08-21 18:41:04,980", "levelname": "INFO", "name": "AresGlobal.ProgressManager", "message": "🗑️  Cleared progress for step6_hmm_based_training", "correlation_id": "-", "session_id": "-", "timestamp": "2025-08-21T16:41:04.980583+00:00"}
{"asctime": "2025-08-21 18:41:04,980", "levelname": "INFO", "name": "AresGlobal.AresLauncher", "message": "🧹 Cleared progress for 'step6_hmm_based_training' (force)", "correlation_id": "-", "session_id": "-", "timestamp": "2025-08-21T16:41:04.980668+00:00"}
{"asctime": "2025-08-21 18:41:04,980", "levelname": "INFO", "name": "AresGlobal.ProgressManager", "message": "🗑️  Cleared progress for step6_5_unified_regime_intelligence", "correlation_id": "-", "session_id": "-", "timestamp": "2025-08-21T16:41:04.980767+00:00"}
{"asctime": "2025-08-21 18:41:04,980", "levelname": "INFO", "name": "AresGlobal.AresLauncher", "message": "🧹 Cleared progress for 'step6_5_unified_regime_intelligence' (force)", "correlation_id": "-", "session_id": "-", "timestamp": "2025-08-21T16:41:04.980848+00:00"}
{"asctime": "2025-08-21 18:41:04,980", "levelname": "INFO", "name": "AresGlobal.ProgressManager", "message": "🗑️  Cleared progress for step7_analyst_enhancement", "correlation_id": "-", "session_id": "-", "timestamp": "2025-08-21T16:41:04.980946+00:00"}
{"asctime": "2025-08-21 18:41:04,981", "levelname": "INFO", "name": "AresGlobal.AresLauncher", "message": "🧹 Cleared progress for 'step7_analyst_enhancement' (force)", "correlation_id": "-", "session_id": "-", "timestamp": "2025-08-21T16:41:04.981025+00:00"}
{"asctime": "2025-08-21 18:41:04,981", "levelname": "INFO", "name": "AresGlobal.ProgressManager", "message": "🗑️  Cleared progress for step8_tactician_labeling", "correlation_id": "-", "session_id": "-", "timestamp": "2025-08-21T16:41:04.981121+00:00"}
{"asctime": "2025-08-21 18:41:04,981", "levelname": "INFO", "name": "AresGlobal.AresLauncher", "message": "🧹 Cleared progress for 'step8_tactician_labeling' (force)", "correlation_id": "-", "session_id": "-", "timestamp": "2025-08-21T16:41:04.981487+00:00"}
{"asctime": "2025-08-21 18:41:04,982", "levelname": "INFO", "name": "AresGlobal.ProgressManager", "message": "🗑️  Cleared progress for step9_tactician_specialist_training", "correlation_id": "-", "session_id": "-", "timestamp": "2025-08-21T16:41:04.982340+00:00"}
{"asctime": "2025-08-21 18:41:04,982", "levelname": "INFO", "name": "AresGlobal.AresLauncher", "message": "🧹 Cleared progress for 'step9_tactician_specialist_training' (force)", "correlation_id": "-", "session_id": "-", "timestamp": "2025-08-21T16:41:04.982604+00:00"}
{"asctime": "2025-08-21 18:41:04,982", "levelname": "INFO", "name": "AresGlobal.ProgressManager", "message": "🗑️  Cleared progress for step10_confidence_calibration", "correlation_id": "-", "session_id": "-", "timestamp": "2025-08-21T16:41:04.982722+00:00"}
{"asctime": "2025-08-21 18:41:04,982", "levelname": "INFO", "name": "AresGlobal.AresLauncher", "message": "🧹 Cleared progress for 'step10_confidence_calibration' (force)", "correlation_id": "-", "session_id": "-", "timestamp": "2025-08-21T16:41:04.982817+00:00"}
{"asctime": "2025-08-21 18:41:04,982", "levelname": "INFO", "name": "AresGlobal.ProgressManager", "message": "🗑️  Cleared progress for step11_final_parameters_optimization", "correlation_id": "-", "session_id": "-", "timestamp": "2025-08-21T16:41:04.982925+00:00"}
{"asctime": "2025-08-21 18:41:04,983", "levelname": "INFO", "name": "AresGlobal.AresLauncher", "message": "🧹 Cleared progress for 'step11_final_parameters_optimization' (force)", "correlation_id": "-", "session_id": "-", "timestamp": "2025-08-21T16:41:04.983165+00:00"}
{"asctime": "2025-08-21 18:41:04,983", "levelname": "INFO", "name": "AresGlobal.ProgressManager", "message": "🗑️  Cleared progress for step12_walk_forward_validation", "correlation_id": "-", "session_id": "-", "timestamp": "2025-08-21T16:41:04.983360+00:00"}
{"asctime": "2025-08-21 18:41:04,983", "levelname": "INFO", "name": "AresGlobal.AresLauncher", "message": "🧹 Cleared progress for 'step12_walk_forward_validation' (force)", "correlation_id": "-", "session_id": "-", "timestamp": "2025-08-21T16:41:04.983447+00:00"}
{"asctime": "2025-08-21 18:41:04,983", "levelname": "INFO", "name": "AresGlobal.ProgressManager", "message": "🗑️  Cleared progress for step13_monte_carlo_validation", "correlation_id": "-", "session_id": "-", "timestamp": "2025-08-21T16:41:04.983577+00:00"}
{"asctime": "2025-08-21 18:41:04,983", "levelname": "INFO", "name": "AresGlobal.AresLauncher", "message": "🧹 Cleared progress for 'step13_monte_carlo_validation' (force)", "correlation_id": "-", "session_id": "-", "timestamp": "2025-08-21T16:41:04.983681+00:00"}
{"asctime": "2025-08-21 18:41:04,983", "levelname": "INFO", "name": "AresGlobal.ProgressManager", "message": "🗑️  Cleared progress for step14_ab_testing", "correlation_id": "-", "session_id": "-", "timestamp": "2025-08-21T16:41:04.983968+00:00"}
{"asctime": "2025-08-21 18:41:04,984", "levelname": "INFO", "name": "AresGlobal.AresLauncher", "message": "🧹 Cleared progress for 'step14_ab_testing' (force)", "correlation_id": "-", "session_id": "-", "timestamp": "2025-08-21T16:41:04.984090+00:00"}
{"asctime": "2025-08-21 18:41:04,984", "levelname": "INFO", "name": "AresGlobal.ProgressManager", "message": "🗑️  Cleared progress for step15_saving", "correlation_id": "-", "session_id": "-", "timestamp": "2025-08-21T16:41:04.984211+00:00"}
{"asctime": "2025-08-21 18:41:04,984", "levelname": "INFO", "name": "AresGlobal.AresLauncher", "message": "🧹 Cleared progress for 'step15_saving' (force)", "correlation_id": "-", "session_id": "-", "timestamp": "2025-08-21T16:41:04.984305+00:00"}
{"asctime": "2025-08-21 18:41:04,984", "levelname": "INFO", "name": "AresGlobal.AresLauncher", "message": "✅ Cleared progress for 15 steps: ['step2_feature_engineering', 'step3_hmm_regime_discovery', 'step4_processing_labeling', 'step5_regime_data_splitting', 'step6_hmm_based_training', 'step6_5_unified_regime_intelligence', 'step7_analyst_enhancement', 'step8_tactician_labeling', 'step9_tactician_specialist_training', 'step10_confidence_calibration', 'step11_final_parameters_optimization', 'step12_walk_forward_validation', 'step13_monte_carlo_validation', 'step14_ab_testing', 'step15_saving']", "correlation_id": "-", "session_id": "-", "timestamp": "2025-08-21T16:41:04.984403+00:00"}
{"asctime": "2025-08-21 18:41:04,984", "levelname": "INFO", "name": "AresGlobal.StepOrchestrator", "message": "🚀 Starting execution from step: step2_feature_engineering", "correlation_id": "-", "session_id": "-", "timestamp": "2025-08-21T16:41:04.984971+00:00"}
{"asctime": "2025-08-21 18:41:07,083", "levelname": "ERROR", "name": "AresGlobal.StepOrchestrator", "message": "Failed to setup enhanced training manager: ensure_data_integrity() got an unexpected keyword argument 'check_schema'", "correlation_id": "-", "session_id": "-", "exc_info": "Traceback (most recent call last):\n  File \"/Users/remyroche/Documents/Ares/src/training/step_orchestrator.py\", line 74, in _setup_enhanced_training_manager\n    from src.training.enhanced_training_manager import (\n  File \"/Users/remyroche/Documents/Ares/src/training/enhanced_training_manager.py\", line 120, in <module>\n    class EnhancedTrainingManager:\n  File \"/Users/remyroche/Documents/Ares/src/training/enhanced_training_manager.py\", line 1470, in EnhancedTrainingManager\n    @ensure_data_integrity(\n     ^^^^^^^^^^^^^^^^^^^^^^\nTypeError: ensure_data_integrity() got an unexpected keyword argument 'check_schema'", "timestamp": "2025-08-21T16:41:07.083771+00:00"}
{"asctime": "2025-08-21 18:41:07,086", "levelname": "INFO", "name": "AresGlobal.StepOrchestrator", "message": "\u001b[91m\u001b[1m🚫\u001b[0m \u001b[91m\u001b[1mFailed to setup enhanced training manager: ensure_data_integrity() got an unexpected keyword argument 'check_schema'\u001b[0m", "correlation_id": "-", "session_id": "-", "timestamp": "2025-08-21T16:41:07.086219+00:00"}
{"asctime": "2025-08-21 18:41:07,086", "levelname": "ERROR", "name": "AresGlobal.AresLauncher", "message": "❌ Step-based training pipeline failed", "correlation_id": "-", "session_id": "-", "timestamp": "2025-08-21T16:41:07.086605+00:00"}
{"asctime": "2025-08-21 18:41:07,087", "levelname": "INFO", "name": "AresGlobal", "message": "[SYSTEM] ================================================================================", "correlation_id": "-", "session_id": "-", "timestamp": "2025-08-21T16:41:07.087004+00:00"}
{"asctime": "2025-08-21 18:41:07,087", "levelname": "INFO", "name": "AresGlobal", "message": "[SYSTEM] 🛑 ARES LAUNCHER ENDED - Exit code: 1", "correlation_id": "-", "session_id": "-", "timestamp": "2025-08-21T16:41:07.087267+00:00"}
{"asctime": "2025-08-21 18:41:07,087", "levelname": "INFO", "name": "AresGlobal", "message": "[SYSTEM] End time: 2025-08-21 18:41:07", "correlation_id": "-", "session_id": "-", "timestamp": "2025-08-21T16:41:07.087484+00:00"}
{"asctime": "2025-08-21 18:41:07,087", "levelname": "INFO", "name": "AresGlobal", "message": "[SYSTEM] ================================================================================", "correlation_id": "-", "session_id": "-", "timestamp": "2025-08-21T16:41:07.087725+00:00"}
{"asctime": "2025-08-21 18:41:07,087", "levelname": "INFO", "name": "AresGlobal.AresLauncher", "message": "🧹 Cleaning up processes...", "correlation_id": "-", "session_id": "-", "timestamp": "2025-08-21T16:41:07.087815+00:00"}
{"asctime": "2025-08-21 18:41:07,087", "levelname": "INFO", "name": "AresGlobal.AresLauncher", "message": "✅ Cleanup completed", "correlation_id": "-", "session_id": "-", "timestamp": "2025-08-21T16:41:07.087910+00:00"}
