{"asctime": "2025-08-20 18:02:08,917", "levelname": "INFO", "name": "AresGlobal", "message": "================================================================================", "correlation_id": "-", "session_id": "-", "timestamp": "2025-08-20T16:02:08.917964+00:00"}
{"asctime": "2025-08-20 18:02:08,918", "levelname": "INFO", "name": "AresGlobal", "message": "📊 SESSION SUMMARY", "correlation_id": "-", "session_id": "-", "timestamp": "2025-08-20T16:02:08.918080+00:00"}
{"asctime": "2025-08-20 18:02:08,918", "levelname": "INFO", "name": "AresGlobal", "message": "Session started: 2025-08-20 18:02:08", "correlation_id": "-", "session_id": "-", "timestamp": "2025-08-20T16:02:08.918182+00:00"}
{"asctime": "2025-08-20 18:02:08,918", "levelname": "INFO", "name": "AresGlobal", "message": "This file contains ALL logs for this session", "correlation_id": "-", "session_id": "-", "timestamp": "2025-08-20T16:02:08.918265+00:00"}
{"asctime": "2025-08-20 18:02:08,918", "levelname": "INFO", "name": "AresGlobal", "message": "================================================================================", "correlation_id": "-", "session_id": "-", "timestamp": "2025-08-20T16:02:08.918345+00:00"}
{"asctime": "2025-08-20 18:02:08,918", "levelname": "INFO", "name": "AresSystem", "message": "================================================================================", "correlation_id": "-", "session_id": "-", "timestamp": "2025-08-20T16:02:08.918454+00:00"}
{"asctime": "2025-08-20 18:02:08,918", "levelname": "INFO", "name": "AresGlobal", "message": "[SYSTEM] ================================================================================", "correlation_id": "-", "session_id": "-", "timestamp": "2025-08-20T16:02:08.918540+00:00"}
{"asctime": "2025-08-20 18:02:08,918", "levelname": "INFO", "name": "AresSystem", "message": "🚀 ARES LAUNCHER STARTED - Mode: INITIALIZATION", "correlation_id": "-", "session_id": "-", "timestamp": "2025-08-20T16:02:08.918627+00:00"}
{"asctime": "2025-08-20 18:02:08,918", "levelname": "INFO", "name": "AresGlobal", "message": "[SYSTEM] 🚀 ARES LAUNCHER STARTED - Mode: INITIALIZATION", "correlation_id": "-", "session_id": "-", "timestamp": "2025-08-20T16:02:08.918713+00:00"}
{"asctime": "2025-08-20 18:02:08,918", "levelname": "INFO", "name": "AresSystem", "message": "Start time: 2025-08-20 18:02:08", "correlation_id": "-", "session_id": "-", "timestamp": "2025-08-20T16:02:08.918805+00:00"}
{"asctime": "2025-08-20 18:02:08,918", "levelname": "INFO", "name": "AresGlobal", "message": "[SYSTEM] Start time: 2025-08-20 18:02:08", "correlation_id": "-", "session_id": "-", "timestamp": "2025-08-20T16:02:08.918885+00:00"}
{"asctime": "2025-08-20 18:02:08,918", "levelname": "INFO", "name": "AresSystem", "message": "Log directory: log", "correlation_id": "-", "session_id": "-", "timestamp": "2025-08-20T16:02:08.918965+00:00"}
{"asctime": "2025-08-20 18:02:08,919", "levelname": "INFO", "name": "AresGlobal", "message": "[SYSTEM] Log directory: log", "correlation_id": "-", "session_id": "-", "timestamp": "2025-08-20T16:02:08.919044+00:00"}
{"asctime": "2025-08-20 18:02:08,919", "levelname": "INFO", "name": "AresSystem", "message": "================================================================================", "correlation_id": "-", "session_id": "-", "timestamp": "2025-08-20T16:02:08.919121+00:00"}
{"asctime": "2025-08-20 18:02:08,919", "levelname": "INFO", "name": "AresGlobal", "message": "[SYSTEM] ================================================================================", "correlation_id": "-", "session_id": "-", "timestamp": "2025-08-20T16:02:08.919199+00:00"}
{"asctime": "2025-08-20 18:02:08,919", "levelname": "INFO", "name": "AresGlobal.AresLauncher", "message": "================================================================================", "correlation_id": "-", "session_id": "-", "timestamp": "2025-08-20T16:02:08.919279+00:00"}
{"asctime": "2025-08-20 18:02:08,919", "levelname": "INFO", "name": "AresGlobal.AresLauncher", "message": "🚀 ARES COMPREHENSIVE LAUNCHER", "correlation_id": "-", "session_id": "-", "timestamp": "2025-08-20T16:02:08.919359+00:00"}
{"asctime": "2025-08-20 18:02:08,919", "levelname": "INFO", "name": "AresGlobal.AresLauncher", "message": "================================================================================", "correlation_id": "-", "session_id": "-", "timestamp": "2025-08-20T16:02:08.919447+00:00"}
{"asctime": "2025-08-20 18:02:08,919", "levelname": "INFO", "name": "AresGlobal.AresLauncher", "message": "Start time: 2025-08-20 18:02:08", "correlation_id": "-", "session_id": "-", "timestamp": "2025-08-20T16:02:08.919529+00:00"}
{"asctime": "2025-08-20 18:02:08,919", "levelname": "INFO", "name": "AresGlobal.AresLauncher", "message": "Log directory: log", "correlation_id": "-", "session_id": "-", "timestamp": "2025-08-20T16:02:08.919605+00:00"}
{"asctime": "2025-08-20 18:02:08,919", "levelname": "INFO", "name": "AresGlobal.AresLauncher", "message": "Log level: INFO", "correlation_id": "-", "session_id": "-", "timestamp": "2025-08-20T16:02:08.919685+00:00"}
{"asctime": "2025-08-20 18:02:08,919", "levelname": "INFO", "name": "AresGlobal.AresLauncher", "message": "Global log file: ares_global_20250820_180208.log", "correlation_id": "-", "session_id": "-", "timestamp": "2025-08-20T16:02:08.919767+00:00"}
{"asctime": "2025-08-20 18:02:08,919", "levelname": "INFO", "name": "AresGlobal.AresLauncher", "message": "Full run log: log/ares_full_20250820_180208.log", "correlation_id": "-", "session_id": "-", "timestamp": "2025-08-20T16:02:08.919852+00:00"}
{"asctime": "2025-08-20 18:02:08,919", "levelname": "INFO", "name": "AresGlobal.AresLauncher", "message": "Trades log: log/ares_trades_20250820_180208.log", "correlation_id": "-", "session_id": "-", "timestamp": "2025-08-20T16:02:08.919929+00:00"}
{"asctime": "2025-08-20 18:02:08,920", "levelname": "INFO", "name": "AresGlobal.AresLauncher", "message": "Backtest log: log/ares_backtest_20250820_180208.log", "correlation_id": "-", "session_id": "-", "timestamp": "2025-08-20T16:02:08.920002+00:00"}
{"asctime": "2025-08-20 18:02:08,920", "levelname": "INFO", "name": "AresGlobal.AresLauncher", "message": "================================================================================", "correlation_id": "-", "session_id": "-", "timestamp": "2025-08-20T16:02:08.920078+00:00"}
{"asctime": "2025-08-20 18:02:08,920", "levelname": "INFO", "name": "AresTradingSystem.System.SignalHandler", "message": "Shutdown callback registered", "correlation_id": "-", "session_id": "-", "timestamp": "2025-08-20T16:02:08.920156+00:00"}
{"asctime": "2025-08-20 18:02:08,920", "levelname": "INFO", "name": "AresSystem", "message": "================================================================================", "correlation_id": "-", "session_id": "-", "timestamp": "2025-08-20T16:02:08.920236+00:00"}
{"asctime": "2025-08-20 18:02:08,920", "levelname": "INFO", "name": "AresGlobal", "message": "[SYSTEM] ================================================================================", "correlation_id": "-", "session_id": "-", "timestamp": "2025-08-20T16:02:08.920316+00:00"}
{"asctime": "2025-08-20 18:02:08,920", "levelname": "INFO", "name": "AresSystem", "message": "🚀 ARES LAUNCHER STARTED - Mode: blank - Symbol: ETHUSDT - Exchange: BINANCE", "correlation_id": "-", "session_id": "-", "timestamp": "2025-08-20T16:02:08.920391+00:00"}
{"asctime": "2025-08-20 18:02:08,920", "levelname": "INFO", "name": "AresGlobal", "message": "[SYSTEM] 🚀 ARES LAUNCHER STARTED - Mode: blank - Symbol: ETHUSDT - Exchange: BINANCE", "correlation_id": "-", "session_id": "-", "timestamp": "2025-08-20T16:02:08.920473+00:00"}
{"asctime": "2025-08-20 18:02:08,920", "levelname": "INFO", "name": "AresSystem", "message": "Start time: 2025-08-20 18:02:08", "correlation_id": "-", "session_id": "-", "timestamp": "2025-08-20T16:02:08.920558+00:00"}
{"asctime": "2025-08-20 18:02:08,920", "levelname": "INFO", "name": "AresGlobal", "message": "[SYSTEM] Start time: 2025-08-20 18:02:08", "correlation_id": "-", "session_id": "-", "timestamp": "2025-08-20T16:02:08.920632+00:00"}
{"asctime": "2025-08-20 18:02:08,920", "levelname": "INFO", "name": "AresSystem", "message": "Log directory: log", "correlation_id": "-", "session_id": "-", "timestamp": "2025-08-20T16:02:08.920709+00:00"}
{"asctime": "2025-08-20 18:02:08,920", "levelname": "INFO", "name": "AresGlobal", "message": "[SYSTEM] Log directory: log", "correlation_id": "-", "session_id": "-", "timestamp": "2025-08-20T16:02:08.920789+00:00"}
{"asctime": "2025-08-20 18:02:08,920", "levelname": "INFO", "name": "AresSystem", "message": "================================================================================", "correlation_id": "-", "session_id": "-", "timestamp": "2025-08-20T16:02:08.920862+00:00"}
{"asctime": "2025-08-20 18:02:08,920", "levelname": "INFO", "name": "AresGlobal", "message": "[SYSTEM] ================================================================================", "correlation_id": "-", "session_id": "-", "timestamp": "2025-08-20T16:02:08.920937+00:00"}
{"asctime": "2025-08-20 18:02:08,921", "levelname": "INFO", "name": "AresGlobal.AresLauncher", "message": "🚀 Running enhanced 16-step training pipeline for ETHUSDT on BINANCE", "correlation_id": "-", "session_id": "-", "timestamp": "2025-08-20T16:02:08.921068+00:00"}
{"asctime": "2025-08-20 18:02:08,921", "levelname": "INFO", "name": "AresGlobal.AresLauncher", "message": "Starting from step: step2_feature_engineering", "correlation_id": "-", "session_id": "-", "timestamp": "2025-08-20T16:02:08.921262+00:00"}
{"asctime": "2025-08-20 18:02:08,922", "levelname": "INFO", "name": "AresGlobal.AresLauncher", "message": "🧪 BLANK TRAINING MODE: Set BLANK_TRAINING_MODE=1 for step-based training", "correlation_id": "-", "session_id": "-", "timestamp": "2025-08-20T16:02:08.922503+00:00"}
{"asctime": "2025-08-20 18:02:08,922", "levelname": "INFO", "name": "AresGlobal.ProgressManager", "message": "Initialized ProgressManager for ETHUSDT on BINANCE", "correlation_id": "-", "session_id": "-", "timestamp": "2025-08-20T16:02:08.922661+00:00"}
{"asctime": "2025-08-20 18:02:08,922", "levelname": "INFO", "name": "AresGlobal.ProgressManager", "message": "Progress directory: data/training/progress/BINANCE_ETHUSDT", "correlation_id": "-", "session_id": "-", "timestamp": "2025-08-20T16:02:08.922756+00:00"}
{"asctime": "2025-08-20 18:02:08,922", "levelname": "INFO", "name": "AresGlobal.StepOrchestrator", "message": "Initialized StepOrchestrator for ETHUSDT on BINANCE", "correlation_id": "-", "session_id": "-", "timestamp": "2025-08-20T16:02:08.922840+00:00"}
{"asctime": "2025-08-20 18:02:08,922", "levelname": "INFO", "name": "AresGlobal.ProgressManager", "message": "🗑️  Cleared progress for step2_feature_engineering", "correlation_id": "-", "session_id": "-", "timestamp": "2025-08-20T16:02:08.922953+00:00"}
{"asctime": "2025-08-20 18:02:08,923", "levelname": "INFO", "name": "AresGlobal.AresLauncher", "message": "🧹 Cleared progress for 'step2_feature_engineering' (force)", "correlation_id": "-", "session_id": "-", "timestamp": "2025-08-20T16:02:08.923048+00:00"}
{"asctime": "2025-08-20 18:02:08,923", "levelname": "INFO", "name": "AresGlobal.ProgressManager", "message": "🗑️  Cleared progress for step2_5_enhanced_matrix_operations", "correlation_id": "-", "session_id": "-", "timestamp": "2025-08-20T16:02:08.923156+00:00"}
{"asctime": "2025-08-20 18:02:08,923", "levelname": "INFO", "name": "AresGlobal.AresLauncher", "message": "🧹 Cleared progress for 'step2_5_enhanced_matrix_operations' (force)", "correlation_id": "-", "session_id": "-", "timestamp": "2025-08-20T16:02:08.923242+00:00"}
{"asctime": "2025-08-20 18:02:08,923", "levelname": "INFO", "name": "AresGlobal.ProgressManager", "message": "🗑️  Cleared progress for step3_hmm_regime_discovery", "correlation_id": "-", "session_id": "-", "timestamp": "2025-08-20T16:02:08.923342+00:00"}
{"asctime": "2025-08-20 18:02:08,923", "levelname": "INFO", "name": "AresGlobal.AresLauncher", "message": "🧹 Cleared progress for 'step3_hmm_regime_discovery' (force)", "correlation_id": "-", "session_id": "-", "timestamp": "2025-08-20T16:02:08.923424+00:00"}
{"asctime": "2025-08-20 18:02:08,923", "levelname": "INFO", "name": "AresGlobal.ProgressManager", "message": "🗑️  Cleared progress for step4_processing_labeling", "correlation_id": "-", "session_id": "-", "timestamp": "2025-08-20T16:02:08.923522+00:00"}
{"asctime": "2025-08-20 18:02:08,923", "levelname": "INFO", "name": "AresGlobal.AresLauncher", "message": "🧹 Cleared progress for 'step4_processing_labeling' (force)", "correlation_id": "-", "session_id": "-", "timestamp": "2025-08-20T16:02:08.923607+00:00"}
{"asctime": "2025-08-20 18:02:08,923", "levelname": "INFO", "name": "AresGlobal.ProgressManager", "message": "🗑️  Cleared progress for step5_regime_data_splitting", "correlation_id": "-", "session_id": "-", "timestamp": "2025-08-20T16:02:08.923702+00:00"}
{"asctime": "2025-08-20 18:02:08,923", "levelname": "INFO", "name": "AresGlobal.AresLauncher", "message": "🧹 Cleared progress for 'step5_regime_data_splitting' (force)", "correlation_id": "-", "session_id": "-", "timestamp": "2025-08-20T16:02:08.923781+00:00"}
{"asctime": "2025-08-20 18:02:08,923", "levelname": "INFO", "name": "AresGlobal.ProgressManager", "message": "🗑️  Cleared progress for step6_hmm_based_training", "correlation_id": "-", "session_id": "-", "timestamp": "2025-08-20T16:02:08.923874+00:00"}
{"asctime": "2025-08-20 18:02:08,923", "levelname": "INFO", "name": "AresGlobal.AresLauncher", "message": "🧹 Cleared progress for 'step6_hmm_based_training' (force)", "correlation_id": "-", "session_id": "-", "timestamp": "2025-08-20T16:02:08.923957+00:00"}
{"asctime": "2025-08-20 18:02:08,924", "levelname": "INFO", "name": "AresGlobal.ProgressManager", "message": "🗑️  Cleared progress for step6_5_unified_regime_intelligence", "correlation_id": "-", "session_id": "-", "timestamp": "2025-08-20T16:02:08.924058+00:00"}
{"asctime": "2025-08-20 18:02:08,924", "levelname": "INFO", "name": "AresGlobal.AresLauncher", "message": "🧹 Cleared progress for 'step6_5_unified_regime_intelligence' (force)", "correlation_id": "-", "session_id": "-", "timestamp": "2025-08-20T16:02:08.924139+00:00"}
{"asctime": "2025-08-20 18:02:08,924", "levelname": "INFO", "name": "AresGlobal.ProgressManager", "message": "🗑️  Cleared progress for step7_analyst_enhancement", "correlation_id": "-", "session_id": "-", "timestamp": "2025-08-20T16:02:08.924235+00:00"}
{"asctime": "2025-08-20 18:02:08,924", "levelname": "INFO", "name": "AresGlobal.AresLauncher", "message": "🧹 Cleared progress for 'step7_analyst_enhancement' (force)", "correlation_id": "-", "session_id": "-", "timestamp": "2025-08-20T16:02:08.924314+00:00"}
{"asctime": "2025-08-20 18:02:08,924", "levelname": "INFO", "name": "AresGlobal.ProgressManager", "message": "🗑️  Cleared progress for step8_tactician_labeling", "correlation_id": "-", "session_id": "-", "timestamp": "2025-08-20T16:02:08.924412+00:00"}
{"asctime": "2025-08-20 18:02:08,924", "levelname": "INFO", "name": "AresGlobal.AresLauncher", "message": "🧹 Cleared progress for 'step8_tactician_labeling' (force)", "correlation_id": "-", "session_id": "-", "timestamp": "2025-08-20T16:02:08.924495+00:00"}
{"asctime": "2025-08-20 18:02:08,924", "levelname": "INFO", "name": "AresGlobal.ProgressManager", "message": "🗑️  Cleared progress for step9_tactician_specialist_training", "correlation_id": "-", "session_id": "-", "timestamp": "2025-08-20T16:02:08.924589+00:00"}
{"asctime": "2025-08-20 18:02:08,924", "levelname": "INFO", "name": "AresGlobal.AresLauncher", "message": "🧹 Cleared progress for 'step9_tactician_specialist_training' (force)", "correlation_id": "-", "session_id": "-", "timestamp": "2025-08-20T16:02:08.924669+00:00"}
{"asctime": "2025-08-20 18:02:08,924", "levelname": "INFO", "name": "AresGlobal.ProgressManager", "message": "🗑️  Cleared progress for step10_confidence_calibration", "correlation_id": "-", "session_id": "-", "timestamp": "2025-08-20T16:02:08.924765+00:00"}
{"asctime": "2025-08-20 18:02:08,924", "levelname": "INFO", "name": "AresGlobal.AresLauncher", "message": "🧹 Cleared progress for 'step10_confidence_calibration' (force)", "correlation_id": "-", "session_id": "-", "timestamp": "2025-08-20T16:02:08.924845+00:00"}
{"asctime": "2025-08-20 18:02:08,924", "levelname": "INFO", "name": "AresGlobal.ProgressManager", "message": "🗑️  Cleared progress for step11_final_parameters_optimization", "correlation_id": "-", "session_id": "-", "timestamp": "2025-08-20T16:02:08.924944+00:00"}
{"asctime": "2025-08-20 18:02:08,925", "levelname": "INFO", "name": "AresGlobal.AresLauncher", "message": "🧹 Cleared progress for 'step11_final_parameters_optimization' (force)", "correlation_id": "-", "session_id": "-", "timestamp": "2025-08-20T16:02:08.925022+00:00"}
{"asctime": "2025-08-20 18:02:08,925", "levelname": "INFO", "name": "AresGlobal.ProgressManager", "message": "🗑️  Cleared progress for step12_walk_forward_validation", "correlation_id": "-", "session_id": "-", "timestamp": "2025-08-20T16:02:08.925115+00:00"}
{"asctime": "2025-08-20 18:02:08,925", "levelname": "INFO", "name": "AresGlobal.AresLauncher", "message": "🧹 Cleared progress for 'step12_walk_forward_validation' (force)", "correlation_id": "-", "session_id": "-", "timestamp": "2025-08-20T16:02:08.925192+00:00"}
{"asctime": "2025-08-20 18:02:08,925", "levelname": "INFO", "name": "AresGlobal.ProgressManager", "message": "🗑️  Cleared progress for step13_monte_carlo_validation", "correlation_id": "-", "session_id": "-", "timestamp": "2025-08-20T16:02:08.925283+00:00"}
{"asctime": "2025-08-20 18:02:08,925", "levelname": "INFO", "name": "AresGlobal.AresLauncher", "message": "🧹 Cleared progress for 'step13_monte_carlo_validation' (force)", "correlation_id": "-", "session_id": "-", "timestamp": "2025-08-20T16:02:08.925361+00:00"}
{"asctime": "2025-08-20 18:02:08,925", "levelname": "INFO", "name": "AresGlobal.ProgressManager", "message": "🗑️  Cleared progress for step14_ab_testing", "correlation_id": "-", "session_id": "-", "timestamp": "2025-08-20T16:02:08.925455+00:00"}
{"asctime": "2025-08-20 18:02:08,925", "levelname": "INFO", "name": "AresGlobal.AresLauncher", "message": "🧹 Cleared progress for 'step14_ab_testing' (force)", "correlation_id": "-", "session_id": "-", "timestamp": "2025-08-20T16:02:08.925538+00:00"}
{"asctime": "2025-08-20 18:02:08,925", "levelname": "INFO", "name": "AresGlobal.ProgressManager", "message": "🗑️  Cleared progress for step15_saving", "correlation_id": "-", "session_id": "-", "timestamp": "2025-08-20T16:02:08.925632+00:00"}
{"asctime": "2025-08-20 18:02:08,925", "levelname": "INFO", "name": "AresGlobal.AresLauncher", "message": "🧹 Cleared progress for 'step15_saving' (force)", "correlation_id": "-", "session_id": "-", "timestamp": "2025-08-20T16:02:08.925715+00:00"}
{"asctime": "2025-08-20 18:02:08,925", "levelname": "INFO", "name": "AresGlobal.AresLauncher", "message": "✅ Cleared progress for 16 steps: ['step2_feature_engineering', 'step2_5_enhanced_matrix_operations', 'step3_hmm_regime_discovery', 'step4_processing_labeling', 'step5_regime_data_splitting', 'step6_hmm_based_training', 'step6_5_unified_regime_intelligence', 'step7_analyst_enhancement', 'step8_tactician_labeling', 'step9_tactician_specialist_training', 'step10_confidence_calibration', 'step11_final_parameters_optimization', 'step12_walk_forward_validation', 'step13_monte_carlo_validation', 'step14_ab_testing', 'step15_saving']", "correlation_id": "-", "session_id": "-", "timestamp": "2025-08-20T16:02:08.925806+00:00"}
{"asctime": "2025-08-20 18:02:08,926", "levelname": "DEBUG", "name": "asyncio", "message": "Using selector: KqueueSelector", "correlation_id": "-", "session_id": "-", "timestamp": "2025-08-20T16:02:08.926090+00:00"}
{"asctime": "2025-08-20 18:02:08,926", "levelname": "INFO", "name": "AresGlobal.StepOrchestrator", "message": "🚀 Starting execution from step: step2_feature_engineering", "correlation_id": "-", "session_id": "-", "timestamp": "2025-08-20T16:02:08.926296+00:00"}
{"asctime": "2025-08-20 18:02:10,104", "levelname": "DEBUG", "name": "matplotlib", "message": "matplotlib data path: /opt/homebrew/Caskroom/miniforge/base/lib/python3.12/site-packages/matplotlib/mpl-data", "correlation_id": "-", "session_id": "-", "timestamp": "2025-08-20T16:02:10.104379+00:00"}
{"asctime": "2025-08-20 18:02:10,139", "levelname": "DEBUG", "name": "matplotlib", "message": "CONFIGDIR=/Users/remyroche/.matplotlib", "correlation_id": "-", "session_id": "-", "timestamp": "2025-08-20T16:02:10.139547+00:00"}
{"asctime": "2025-08-20 18:02:10,140", "levelname": "DEBUG", "name": "matplotlib", "message": "interactive is False", "correlation_id": "-", "session_id": "-", "timestamp": "2025-08-20T16:02:10.140349+00:00"}
{"asctime": "2025-08-20 18:02:10,140", "levelname": "DEBUG", "name": "matplotlib", "message": "platform is darwin", "correlation_id": "-", "session_id": "-", "timestamp": "2025-08-20T16:02:10.140496+00:00"}
{"asctime": "2025-08-20 18:02:10,158", "levelname": "DEBUG", "name": "graphviz._tools", "message": "deprecate positional args: graphviz.backend.piping.pipe(['renderer', 'formatter', 'neato_no_op', 'quiet'])", "correlation_id": "-", "session_id": "-", "timestamp": "2025-08-20T16:02:10.158181+00:00"}
{"asctime": "2025-08-20 18:02:10,158", "levelname": "DEBUG", "name": "graphviz._tools", "message": "deprecate positional args: graphviz.backend.rendering.render(['renderer', 'formatter', 'neato_no_op', 'quiet'])", "correlation_id": "-", "session_id": "-", "timestamp": "2025-08-20T16:02:10.158617+00:00"}
{"asctime": "2025-08-20 18:02:10,159", "levelname": "DEBUG", "name": "graphviz._tools", "message": "deprecate positional args: graphviz.backend.unflattening.unflatten(['stagger', 'fanout', 'chain', 'encoding'])", "correlation_id": "-", "session_id": "-", "timestamp": "2025-08-20T16:02:10.159210+00:00"}
{"asctime": "2025-08-20 18:02:10,159", "levelname": "DEBUG", "name": "graphviz._tools", "message": "deprecate positional args: graphviz.backend.viewing.view(['quiet'])", "correlation_id": "-", "session_id": "-", "timestamp": "2025-08-20T16:02:10.159534+00:00"}
{"asctime": "2025-08-20 18:02:10,161", "levelname": "DEBUG", "name": "graphviz._tools", "message": "deprecate positional args: graphviz.quoting.quote(['is_html_string', 'is_valid_id', 'dot_keywords', 'endswith_odd_number_of_backslashes', 'escape_unescaped_quotes'])", "correlation_id": "-", "session_id": "-", "timestamp": "2025-08-20T16:02:10.161311+00:00"}
{"asctime": "2025-08-20 18:02:10,161", "levelname": "DEBUG", "name": "graphviz._tools", "message": "deprecate positional args: graphviz.quoting.a_list(['kwargs', 'attributes'])", "correlation_id": "-", "session_id": "-", "timestamp": "2025-08-20T16:02:10.161405+00:00"}
{"asctime": "2025-08-20 18:02:10,161", "levelname": "DEBUG", "name": "graphviz._tools", "message": "deprecate positional args: graphviz.quoting.attr_list(['kwargs', 'attributes'])", "correlation_id": "-", "session_id": "-", "timestamp": "2025-08-20T16:02:10.161478+00:00"}
{"asctime": "2025-08-20 18:02:10,161", "levelname": "DEBUG", "name": "graphviz._tools", "message": "deprecate positional args: graphviz.dot.Dot.clear(['self', 'keep_attrs'])", "correlation_id": "-", "session_id": "-", "timestamp": "2025-08-20T16:02:10.161605+00:00"}
{"asctime": "2025-08-20 18:02:10,161", "levelname": "DEBUG", "name": "graphviz._tools", "message": "deprecate positional args: graphviz.dot.Dot.__iter__(['self', 'subgraph'])", "correlation_id": "-", "session_id": "-", "timestamp": "2025-08-20T16:02:10.161699+00:00"}
{"asctime": "2025-08-20 18:02:10,161", "levelname": "DEBUG", "name": "graphviz._tools", "message": "deprecate positional args: graphviz.dot.Dot.node(['label', '_attributes'])", "correlation_id": "-", "session_id": "-", "timestamp": "2025-08-20T16:02:10.161804+00:00"}
{"asctime": "2025-08-20 18:02:10,161", "levelname": "DEBUG", "name": "graphviz._tools", "message": "deprecate positional args: graphviz.dot.Dot.edge(['label', '_attributes'])", "correlation_id": "-", "session_id": "-", "timestamp": "2025-08-20T16:02:10.161900+00:00"}
{"asctime": "2025-08-20 18:02:10,161", "levelname": "DEBUG", "name": "graphviz._tools", "message": "deprecate positional args: graphviz.dot.Dot.attr(['kw', '_attributes'])", "correlation_id": "-", "session_id": "-", "timestamp": "2025-08-20T16:02:10.161994+00:00"}
{"asctime": "2025-08-20 18:02:10,162", "levelname": "DEBUG", "name": "graphviz._tools", "message": "deprecate positional args: graphviz.dot.Dot.subgraph(['graph', 'name', 'comment', 'graph_attr', 'node_attr', 'edge_attr', 'body'])", "correlation_id": "-", "session_id": "-", "timestamp": "2025-08-20T16:02:10.162179+00:00"}
{"asctime": "2025-08-20 18:02:10,163", "levelname": "DEBUG", "name": "graphviz._tools", "message": "deprecate positional args: graphviz.piping.Pipe._pipe_legacy(['format', 'renderer', 'formatter', 'neato_no_op', 'quiet'])", "correlation_id": "-", "session_id": "-", "timestamp": "2025-08-20T16:02:10.163277+00:00"}
{"asctime": "2025-08-20 18:02:10,164", "levelname": "DEBUG", "name": "graphviz._tools", "message": "deprecate positional args: graphviz.saving.Save.save(['filename', 'directory'])", "correlation_id": "-", "session_id": "-", "timestamp": "2025-08-20T16:02:10.164126+00:00"}
{"asctime": "2025-08-20 18:02:10,164", "levelname": "DEBUG", "name": "graphviz._tools", "message": "deprecate positional args: graphviz.rendering.Render.render(['filename', 'directory', 'view', 'cleanup', 'format', 'renderer', 'formatter', 'neato_no_op', 'quiet', 'quiet_view'])", "correlation_id": "-", "session_id": "-", "timestamp": "2025-08-20T16:02:10.164311+00:00"}
{"asctime": "2025-08-20 18:02:10,164", "levelname": "DEBUG", "name": "graphviz._tools", "message": "deprecate positional args: graphviz.rendering.Render.view(['filename', 'directory', 'cleanup', 'quiet', 'quiet_view'])", "correlation_id": "-", "session_id": "-", "timestamp": "2025-08-20T16:02:10.164429+00:00"}
{"asctime": "2025-08-20 18:02:10,164", "levelname": "DEBUG", "name": "graphviz._tools", "message": "deprecate positional args: graphviz.unflattening.Unflatten.unflatten(['self', 'stagger', 'fanout', 'chain'])", "correlation_id": "-", "session_id": "-", "timestamp": "2025-08-20T16:02:10.164855+00:00"}
{"asctime": "2025-08-20 18:02:10,164", "levelname": "DEBUG", "name": "graphviz._tools", "message": "deprecate positional args: graphviz.graphs.BaseGraph.__init__(['name', 'comment', 'filename', 'directory', 'format', 'engine', 'encoding', 'graph_attr', 'node_attr', 'edge_attr', 'body', 'strict'])", "correlation_id": "-", "session_id": "-", "timestamp": "2025-08-20T16:02:10.164989+00:00"}
{"asctime": "2025-08-20 18:02:10,165", "levelname": "DEBUG", "name": "graphviz._tools", "message": "deprecate positional args: graphviz.sources.Source.from_file(['filename', 'directory', 'format', 'engine', 'encoding', 'renderer', 'formatter'])", "correlation_id": "-", "session_id": "-", "timestamp": "2025-08-20T16:02:10.165365+00:00"}
{"asctime": "2025-08-20 18:02:10,165", "levelname": "DEBUG", "name": "graphviz._tools", "message": "deprecate positional args: graphviz.sources.Source.__init__(['source', 'filename', 'directory', 'format', 'engine', 'encoding'])", "correlation_id": "-", "session_id": "-", "timestamp": "2025-08-20T16:02:10.165470+00:00"}
{"asctime": "2025-08-20 18:02:10,165", "levelname": "DEBUG", "name": "graphviz._tools", "message": "deprecate positional args: graphviz.sources.Source.save(['filename', 'directory'])", "correlation_id": "-", "session_id": "-", "timestamp": "2025-08-20T16:02:10.165540+00:00"}
{"asctime": "2025-08-20 18:02:10,561", "levelname": "DEBUG", "name": "matplotlib", "message": "CACHEDIR=/Users/remyroche/.matplotlib", "correlation_id": "-", "session_id": "-", "timestamp": "2025-08-20T16:02:10.561504+00:00"}
{"asctime": "2025-08-20 18:02:10,563", "levelname": "DEBUG", "name": "matplotlib.font_manager", "message": "Using fontManager instance from /Users/remyroche/.matplotlib/fontlist-v390.json", "correlation_id": "-", "session_id": "-", "timestamp": "2025-08-20T16:02:10.563545+00:00"}
{"asctime": "2025-08-20 18:02:14,501", "levelname": "DEBUG", "name": "h5py._conv", "message": "Creating converter from 7 to 5", "correlation_id": "-", "session_id": "-", "timestamp": "2025-08-20T16:02:14.501584+00:00"}
{"asctime": "2025-08-20 18:02:14,501", "levelname": "DEBUG", "name": "h5py._conv", "message": "Creating converter from 5 to 7", "correlation_id": "-", "session_id": "-", "timestamp": "2025-08-20T16:02:14.501858+00:00"}
{"asctime": "2025-08-20 18:02:14,501", "levelname": "DEBUG", "name": "h5py._conv", "message": "Creating converter from 7 to 5", "correlation_id": "-", "session_id": "-", "timestamp": "2025-08-20T16:02:14.501931+00:00"}
{"asctime": "2025-08-20 18:02:14,501", "levelname": "DEBUG", "name": "h5py._conv", "message": "Creating converter from 5 to 7", "correlation_id": "-", "session_id": "-", "timestamp": "2025-08-20T16:02:14.501986+00:00"}
{"asctime": "2025-08-20 18:02:15,269", "levelname": "DEBUG", "name": "asyncio", "message": "Using selector: KqueueSelector", "correlation_id": "-", "session_id": "-", "timestamp": "2025-08-20T16:02:15.269978+00:00"}
{"asctime": "2025-08-20 18:02:15,324", "levelname": "INFO", "name": "src.utils.prometheus_metrics", "message": "Prometheus metrics server started on port 9000", "correlation_id": "-", "session_id": "-", "timestamp": "2025-08-20T16:02:15.324820+00:00"}
{"asctime": "2025-08-20 18:02:15,346", "levelname": "INFO", "name": "AresGlobal.M1GPUAcceleration", "message": "✅ MPS (Metal Performance Shaders) available and enabled", "correlation_id": "-", "session_id": "-", "timestamp": "2025-08-20T16:02:15.346620+00:00"}
{"asctime": "2025-08-20 18:02:15,350", "levelname": "INFO", "name": "AresGlobal.ComputationalOptimizationManager", "message": "Computational Optimization Manager initialized", "correlation_id": "-", "session_id": "-", "timestamp": "2025-08-20T16:02:15.350112+00:00"}
{"asctime": "2025-08-20 18:02:15,352", "levelname": "INFO", "name": "AresGlobal.StepOrchestrator", "message": "✅ Enhanced training manager setup successfully", "correlation_id": "-", "session_id": "-", "timestamp": "2025-08-20T16:02:15.352969+00:00"}
{"asctime": "2025-08-20 18:02:15,483", "levelname": "INFO", "name": "AresGlobal.M1GPUAcceleration", "message": "🧹 GPU memory cleared", "correlation_id": "-", "session_id": "-", "timestamp": "2025-08-20T16:02:15.483588+00:00"}
{"asctime": "2025-08-20 18:02:15,483", "levelname": "INFO", "name": "AresGlobal.StepOrchestrator", "message": "\u001b[91m\u001b[1m❌\u001b[0m \u001b[91m\u001b[1m❌ Enhanced 16-step training pipeline failed\u001b[0m", "correlation_id": "-", "session_id": "-", "timestamp": "2025-08-20T16:02:15.483758+00:00"}
{"asctime": "2025-08-20 18:02:15,484", "levelname": "ERROR", "name": "AresGlobal.AresLauncher", "message": "❌ Step-based training pipeline failed", "correlation_id": "-", "session_id": "-", "timestamp": "2025-08-20T16:02:15.484042+00:00"}
{"asctime": "2025-08-20 18:02:15,484", "levelname": "INFO", "name": "AresSystem", "message": "================================================================================", "correlation_id": "-", "session_id": "-", "timestamp": "2025-08-20T16:02:15.484155+00:00"}
{"asctime": "2025-08-20 18:02:15,484", "levelname": "INFO", "name": "AresGlobal", "message": "[SYSTEM] ================================================================================", "correlation_id": "-", "session_id": "-", "timestamp": "2025-08-20T16:02:15.484310+00:00"}
{"asctime": "2025-08-20 18:02:15,484", "levelname": "INFO", "name": "AresSystem", "message": "🛑 ARES LAUNCHER ENDED - Exit code: 1", "correlation_id": "-", "session_id": "-", "timestamp": "2025-08-20T16:02:15.484415+00:00"}
{"asctime": "2025-08-20 18:02:15,484", "levelname": "INFO", "name": "AresGlobal", "message": "[SYSTEM] 🛑 ARES LAUNCHER ENDED - Exit code: 1", "correlation_id": "-", "session_id": "-", "timestamp": "2025-08-20T16:02:15.484513+00:00"}
{"asctime": "2025-08-20 18:02:15,484", "levelname": "INFO", "name": "AresSystem", "message": "End time: 2025-08-20 18:02:15", "correlation_id": "-", "session_id": "-", "timestamp": "2025-08-20T16:02:15.484611+00:00"}
{"asctime": "2025-08-20 18:02:15,484", "levelname": "INFO", "name": "AresGlobal", "message": "[SYSTEM] End time: 2025-08-20 18:02:15", "correlation_id": "-", "session_id": "-", "timestamp": "2025-08-20T16:02:15.484697+00:00"}
{"asctime": "2025-08-20 18:02:15,484", "levelname": "INFO", "name": "AresSystem", "message": "================================================================================", "correlation_id": "-", "session_id": "-", "timestamp": "2025-08-20T16:02:15.484778+00:00"}
{"asctime": "2025-08-20 18:02:15,484", "levelname": "INFO", "name": "AresGlobal", "message": "[SYSTEM] ================================================================================", "correlation_id": "-", "session_id": "-", "timestamp": "2025-08-20T16:02:15.484870+00:00"}
{"asctime": "2025-08-20 18:02:15,484", "levelname": "INFO", "name": "AresGlobal.AresLauncher", "message": "🧹 Cleaning up processes...", "correlation_id": "-", "session_id": "-", "timestamp": "2025-08-20T16:02:15.484955+00:00"}
{"asctime": "2025-08-20 18:02:15,485", "levelname": "INFO", "name": "AresGlobal.AresLauncher", "message": "✅ Cleanup completed", "correlation_id": "-", "session_id": "-", "timestamp": "2025-08-20T16:02:15.485041+00:00"}
