{"asctime": "2025-08-20 11:04:04,325", "levelname": "INFO", "name": "AresTradingSystem", "message": "✅ Enhanced Logger initialization completed successfully", "correlation_id": "-", "session_id": "-", "timestamp": "2025-08-20T09:04:04.325344+00:00"}
{"asctime": "2025-08-20 11:04:04,332", "levelname": "INFO", "name": "AresTradingSystem.System", "message": "Environment configuration loaded successfully. Trading Environment: PAPER, Exchange: BINANCE", "correlation_id": "-", "session_id": "-", "timestamp": "2025-08-20T09:04:04.332936+00:00"}
{"asctime": "2025-08-20 11:04:04,800", "levelname": "INFO", "name": "AresTradingSystem.System.OptimizedDataDownloader", "message": "🔧 STEP 1: Initializing optimized downloader...", "correlation_id": "-", "session_id": "-", "timestamp": "2025-08-20T09:04:04.800031+00:00"}
{"asctime": "2025-08-20 11:04:04,800", "levelname": "INFO", "name": "AresTradingSystem.System.OptimizedDataDownloader", "message": "📊 Configuration: exchange=BINANCE, symbol=ETHUSDT, interval=1m, lookback_years=2", "correlation_id": "-", "session_id": "-", "timestamp": "2025-08-20T09:04:04.800346+00:00"}
{"asctime": "2025-08-20 11:04:04,800", "levelname": "INFO", "name": "AresTradingSystem.System.OptimizedDataDownloader", "message": "🔌 Creating exchange client...", "correlation_id": "-", "session_id": "-", "timestamp": "2025-08-20T09:04:04.800489+00:00"}
{"asctime": "2025-08-20 11:04:04,800", "levelname": "INFO", "name": "AresTradingSystem.System.OptimizedDataDownloader", "message": "✅ Exchange client created: BinanceExchange", "correlation_id": "-", "session_id": "-", "timestamp": "2025-08-20T09:04:04.800744+00:00"}
{"asctime": "2025-08-20 11:04:04,800", "levelname": "INFO", "name": "AresTradingSystem.System.OptimizedDataDownloader", "message": "🌐 Setting up HTTP session...", "correlation_id": "-", "session_id": "-", "timestamp": "2025-08-20T09:04:04.800827+00:00"}
{"asctime": "2025-08-20 11:04:04,801", "levelname": "INFO", "name": "AresTradingSystem.System.OptimizedDataDownloader", "message": "✅ HTTP session configured", "correlation_id": "-", "session_id": "-", "timestamp": "2025-08-20T09:04:04.801358+00:00"}
{"asctime": "2025-08-20 11:04:04,801", "levelname": "INFO", "name": "AresTradingSystem.System.OptimizedDataDownloader", "message": "📁 Ensuring cache directory exists...", "correlation_id": "-", "session_id": "-", "timestamp": "2025-08-20T09:04:04.801445+00:00"}
{"asctime": "2025-08-20 11:04:04,801", "levelname": "INFO", "name": "AresTradingSystem.System.OptimizedDataDownloader", "message": "✅ Cache directory ready: data_cache", "correlation_id": "-", "session_id": "-", "timestamp": "2025-08-20T09:04:04.801522+00:00"}
{"asctime": "2025-08-20 11:04:04,801", "levelname": "INFO", "name": "AresTradingSystem.System.OptimizedDataDownloader", "message": "✅ STEP 1 COMPLETED: Optimized downloader initialized successfully", "correlation_id": "-", "session_id": "-", "timestamp": "2025-08-20T09:04:04.801589+00:00"}
{"asctime": "2025-08-20 11:04:04,801", "levelname": "INFO", "name": "AresTradingSystem.System.OptimizedDataDownloader", "message": "🚀 STEP 3B: Starting parallel aggtrades download...", "correlation_id": "-", "session_id": "-", "timestamp": "2025-08-20T09:04:04.801650+00:00"}
{"asctime": "2025-08-20 11:04:04,801", "levelname": "INFO", "name": "AresTradingSystem.System.OptimizedDataDownloader", "message": "📅 STEP 2: Calculating time periods for aggtrades...", "correlation_id": "-", "session_id": "-", "timestamp": "2025-08-20T09:04:04.801717+00:00"}
{"asctime": "2025-08-20 11:04:04,802", "levelname": "INFO", "name": "AresTradingSystem.System.OptimizedDataDownloader", "message": "📊 Date range: 2025-02-04 to 2025-02-05", "correlation_id": "-", "session_id": "-", "timestamp": "2025-08-20T09:04:04.802001+00:00"}
{"asctime": "2025-08-20 11:04:04,802", "levelname": "INFO", "name": "AresTradingSystem.System.OptimizedDataDownloader", "message": "📊 Total days: 1", "correlation_id": "-", "session_id": "-", "timestamp": "2025-08-20T09:04:04.802068+00:00"}
{"asctime": "2025-08-20 11:04:04,802", "levelname": "INFO", "name": "AresTradingSystem.System.OptimizedDataDownloader", "message": "📊 Processing aggtrades (daily periods)...", "correlation_id": "-", "session_id": "-", "timestamp": "2025-08-20T09:04:04.802131+00:00"}
{"asctime": "2025-08-20 11:04:04,802", "levelname": "INFO", "name": "AresTradingSystem.System.OptimizedDataDownloader", "message": "📥 Will download: aggtrades_BINANCE_ETHUSDT_2025-02-04.csv", "correlation_id": "-", "session_id": "-", "timestamp": "2025-08-20T09:04:04.802219+00:00"}
{"asctime": "2025-08-20 11:04:04,802", "levelname": "INFO", "name": "AresTradingSystem.System.OptimizedDataDownloader", "message": "📊 Summary: 1 periods to download, 0 days fully covered", "correlation_id": "-", "session_id": "-", "timestamp": "2025-08-20T09:04:04.802282+00:00"}
{"asctime": "2025-08-20 11:04:04,802", "levelname": "INFO", "name": "AresTradingSystem.System.OptimizedDataDownloader", "message": "📊 Found 1 daily periods to download", "correlation_id": "-", "session_id": "-", "timestamp": "2025-08-20T09:04:04.802348+00:00"}
{"asctime": "2025-08-20 11:04:04,802", "levelname": "INFO", "name": "AresTradingSystem.System.OptimizedDataDownloader", "message": "🔄 Creating 1 parallel download tasks...", "correlation_id": "-", "session_id": "-", "timestamp": "2025-08-20T09:04:04.802406+00:00"}
{"asctime": "2025-08-20 11:04:04,802", "levelname": "INFO", "name": "AresTradingSystem.System.OptimizedDataDownloader", "message": "📋 Task 1: 2025-02-04 to 2025-02-05", "correlation_id": "-", "session_id": "-", "timestamp": "2025-08-20T09:04:04.802481+00:00"}
{"asctime": "2025-08-20 11:04:04,802", "levelname": "INFO", "name": "AresTradingSystem.System.OptimizedDataDownloader", "message": "📊 Created 1 aggtrades download tasks", "correlation_id": "-", "session_id": "-", "timestamp": "2025-08-20T09:04:04.802557+00:00"}
{"asctime": "2025-08-20 11:04:04,802", "levelname": "INFO", "name": "AresTradingSystem.System.OptimizedDataDownloader", "message": "📅 Date range: 2025-02-04 to 2025-02-05", "correlation_id": "-", "session_id": "-", "timestamp": "2025-08-20T09:04:04.802613+00:00"}
{"asctime": "2025-08-20 11:04:04,802", "levelname": "INFO", "name": "AresTradingSystem.System.OptimizedDataDownloader", "message": "📈 Total days to download: 1", "correlation_id": "-", "session_id": "-", "timestamp": "2025-08-20T09:04:04.802671+00:00"}
{"asctime": "2025-08-20 11:04:04,802", "levelname": "INFO", "name": "AresTradingSystem.System.OptimizedDataDownloader", "message": "⏳ Executing 1 tasks concurrently...", "correlation_id": "-", "session_id": "-", "timestamp": "2025-08-20T09:04:04.802727+00:00"}
{"asctime": "2025-08-20 11:04:04,802", "levelname": "INFO", "name": "AresTradingSystem.System.OptimizedDataDownloader", "message": "📥 Downloading aggtrades for 2025-02-04", "correlation_id": "-", "session_id": "-", "timestamp": "2025-08-20T09:04:04.802834+00:00"}
{"asctime": "2025-08-20 11:04:12,959", "levelname": "INFO", "name": "AresTradingSystem.System.OptimizedDataDownloader", "message": "⏰ Time range: 2025-02-04 01:00:00 to 2025-02-05 01:00:00", "correlation_id": "-", "session_id": "-", "timestamp": "2025-08-20T09:04:12.959892+00:00"}
{"asctime": "2025-08-20 11:04:12,960", "levelname": "INFO", "name": "AresTradingSystem.System.OptimizedDataDownloader", "message": "🔢 Timestamps: 1738627200000 to 1738713600000", "correlation_id": "-", "session_id": "-", "timestamp": "2025-08-20T09:04:12.960073+00:00"}
{"asctime": "2025-08-20 11:04:12,960", "levelname": "INFO", "name": "AresTradingSystem.System.OptimizedDataDownloader", "message": "🔌 Making API call to BINANCE", "correlation_id": "-", "session_id": "-", "timestamp": "2025-08-20T09:04:12.960170+00:00"}
{"asctime": "2025-08-20 11:04:56,519", "levelname": "INFO", "name": "AresTradingSystem.System.OptimizedDataDownloader", "message": "🧩 Saved Parquet sibling: data_cache/aggtrades_BINANCE_ETHUSDT_2025-02-04.parquet", "correlation_id": "-", "session_id": "-", "timestamp": "2025-08-20T09:04:56.519212+00:00"}
{"asctime": "2025-08-20 11:04:56,519", "levelname": "INFO", "name": "AresTradingSystem.System.OptimizedDataDownloader", "message": "✅ CSV FILE UPDATED (archive-first): aggtrades_BINANCE_ETHUSDT_2025-02-04.csv", "correlation_id": "-", "session_id": "-", "timestamp": "2025-08-20T09:04:56.519601+00:00"}
{"asctime": "2025-08-20 11:04:56,519", "levelname": "INFO", "name": "AresTradingSystem.System.OptimizedDataDownloader", "message": "📊 Size: 323,336,382 bytes", "correlation_id": "-", "session_id": "-", "timestamp": "2025-08-20T09:04:56.519717+00:00"}
{"asctime": "2025-08-20 11:04:56,519", "levelname": "INFO", "name": "AresTradingSystem.System.OptimizedDataDownloader", "message": "📈 Records: 3931393 aggtrades", "correlation_id": "-", "session_id": "-", "timestamp": "2025-08-20T09:04:56.519865+00:00"}
{"asctime": "2025-08-20 11:04:56,520", "levelname": "INFO", "name": "AresTradingSystem.System.OptimizedDataDownloader", "message": "📅 Period: 2025-02-04 (daily)", "correlation_id": "-", "session_id": "-", "timestamp": "2025-08-20T09:04:56.520055+00:00"}
{"asctime": "2025-08-20 11:04:56,853", "levelname": "INFO", "name": "AresTradingSystem.System.OptimizedDataDownloader", "message": "📊 Processing results...", "correlation_id": "-", "session_id": "-", "timestamp": "2025-08-20T09:04:56.853413+00:00"}
{"asctime": "2025-08-20 11:04:56,853", "levelname": "INFO", "name": "AresTradingSystem.System.OptimizedDataDownloader", "message": "✅ Task 1 completed successfully", "correlation_id": "-", "session_id": "-", "timestamp": "2025-08-20T09:04:56.853782+00:00"}
{"asctime": "2025-08-20 11:04:56,854", "levelname": "INFO", "name": "AresTradingSystem.System.OptimizedDataDownloader", "message": "✅ STEP 3B COMPLETED: Aggtrades download finished - 1/1 periods successful, 0 errors", "correlation_id": "-", "session_id": "-", "timestamp": "2025-08-20T09:04:56.854113+00:00"}
{"asctime": "2025-08-20 11:04:56,854", "levelname": "INFO", "name": "AresTradingSystem.System.OptimizedDataDownloader", "message": "📁 CSV Files: 1 daily aggtrades files created", "correlation_id": "-", "session_id": "-", "timestamp": "2025-08-20T09:04:56.854211+00:00"}
