{"asctime": "2025-08-20 17:59:56,939", "levelname": "INFO", "name": "AresGlobal", "message": "================================================================================", "correlation_id": "-", "session_id": "-", "timestamp": "2025-08-20T15:59:56.939454+00:00"}
{"asctime": "2025-08-20 17:59:56,939", "levelname": "INFO", "name": "AresGlobal", "message": "📊 SESSION SUMMARY", "correlation_id": "-", "session_id": "-", "timestamp": "2025-08-20T15:59:56.939608+00:00"}
{"asctime": "2025-08-20 17:59:56,939", "levelname": "INFO", "name": "AresGlobal", "message": "Session started: 2025-08-20 17:59:56", "correlation_id": "-", "session_id": "-", "timestamp": "2025-08-20T15:59:56.939720+00:00"}
{"asctime": "2025-08-20 17:59:56,939", "levelname": "INFO", "name": "AresGlobal", "message": "This file contains ALL logs for this session", "correlation_id": "-", "session_id": "-", "timestamp": "2025-08-20T15:59:56.939810+00:00"}
{"asctime": "2025-08-20 17:59:56,939", "levelname": "INFO", "name": "AresGlobal", "message": "================================================================================", "correlation_id": "-", "session_id": "-", "timestamp": "2025-08-20T15:59:56.939899+00:00"}
{"asctime": "2025-08-20 17:59:56,940", "levelname": "INFO", "name": "AresGlobal", "message": "[SYSTEM] ================================================================================", "correlation_id": "-", "session_id": "-", "timestamp": "2025-08-20T15:59:56.940126+00:00"}
{"asctime": "2025-08-20 17:59:56,940", "levelname": "INFO", "name": "AresGlobal", "message": "[SYSTEM] 🚀 ARES LAUNCHER STARTED - Mode: INITIALIZATION", "correlation_id": "-", "session_id": "-", "timestamp": "2025-08-20T15:59:56.940313+00:00"}
{"asctime": "2025-08-20 17:59:56,940", "levelname": "INFO", "name": "AresGlobal", "message": "[SYSTEM] Start time: 2025-08-20 17:59:56", "correlation_id": "-", "session_id": "-", "timestamp": "2025-08-20T15:59:56.940498+00:00"}
{"asctime": "2025-08-20 17:59:56,940", "levelname": "INFO", "name": "AresGlobal", "message": "[SYSTEM] Log directory: log", "correlation_id": "-", "session_id": "-", "timestamp": "2025-08-20T15:59:56.940669+00:00"}
{"asctime": "2025-08-20 17:59:56,940", "levelname": "INFO", "name": "AresGlobal", "message": "[SYSTEM] ================================================================================", "correlation_id": "-", "session_id": "-", "timestamp": "2025-08-20T15:59:56.940839+00:00"}
{"asctime": "2025-08-20 17:59:56,940", "levelname": "INFO", "name": "AresGlobal.AresLauncher", "message": "================================================================================", "correlation_id": "-", "session_id": "-", "timestamp": "2025-08-20T15:59:56.940924+00:00"}
{"asctime": "2025-08-20 17:59:56,941", "levelname": "INFO", "name": "AresGlobal.AresLauncher", "message": "🚀 ARES COMPREHENSIVE LAUNCHER", "correlation_id": "-", "session_id": "-", "timestamp": "2025-08-20T15:59:56.941006+00:00"}
{"asctime": "2025-08-20 17:59:56,941", "levelname": "INFO", "name": "AresGlobal.AresLauncher", "message": "================================================================================", "correlation_id": "-", "session_id": "-", "timestamp": "2025-08-20T15:59:56.941102+00:00"}
{"asctime": "2025-08-20 17:59:56,941", "levelname": "INFO", "name": "AresGlobal.AresLauncher", "message": "Start time: 2025-08-20 17:59:56", "correlation_id": "-", "session_id": "-", "timestamp": "2025-08-20T15:59:56.941196+00:00"}
{"asctime": "2025-08-20 17:59:56,941", "levelname": "INFO", "name": "AresGlobal.AresLauncher", "message": "Log directory: log", "correlation_id": "-", "session_id": "-", "timestamp": "2025-08-20T15:59:56.941287+00:00"}
{"asctime": "2025-08-20 17:59:56,941", "levelname": "INFO", "name": "AresGlobal.AresLauncher", "message": "Log level: INFO", "correlation_id": "-", "session_id": "-", "timestamp": "2025-08-20T15:59:56.941377+00:00"}
{"asctime": "2025-08-20 17:59:56,941", "levelname": "INFO", "name": "AresGlobal.AresLauncher", "message": "Global log file: ares_global_20250820_175956.log", "correlation_id": "-", "session_id": "-", "timestamp": "2025-08-20T15:59:56.941467+00:00"}
{"asctime": "2025-08-20 17:59:56,941", "levelname": "INFO", "name": "AresGlobal.AresLauncher", "message": "Full run log: log/ares_full_20250820_175956.log", "correlation_id": "-", "session_id": "-", "timestamp": "2025-08-20T15:59:56.941556+00:00"}
{"asctime": "2025-08-20 17:59:56,941", "levelname": "INFO", "name": "AresGlobal.AresLauncher", "message": "Trades log: log/ares_trades_20250820_175956.log", "correlation_id": "-", "session_id": "-", "timestamp": "2025-08-20T15:59:56.941638+00:00"}
{"asctime": "2025-08-20 17:59:56,941", "levelname": "INFO", "name": "AresGlobal.AresLauncher", "message": "Backtest log: log/ares_backtest_20250820_175956.log", "correlation_id": "-", "session_id": "-", "timestamp": "2025-08-20T15:59:56.941719+00:00"}
{"asctime": "2025-08-20 17:59:56,941", "levelname": "INFO", "name": "AresGlobal.AresLauncher", "message": "================================================================================", "correlation_id": "-", "session_id": "-", "timestamp": "2025-08-20T15:59:56.941800+00:00"}
{"asctime": "2025-08-20 17:59:56,942", "levelname": "INFO", "name": "AresGlobal", "message": "[SYSTEM] ================================================================================", "correlation_id": "-", "session_id": "-", "timestamp": "2025-08-20T15:59:56.942067+00:00"}
{"asctime": "2025-08-20 17:59:56,942", "levelname": "INFO", "name": "AresGlobal", "message": "[SYSTEM] 🚀 ARES LAUNCHER STARTED - Mode: blank - Symbol: ETHUSDT - Exchange: BINANCE", "correlation_id": "-", "session_id": "-", "timestamp": "2025-08-20T15:59:56.942378+00:00"}
{"asctime": "2025-08-20 17:59:56,942", "levelname": "INFO", "name": "AresGlobal", "message": "[SYSTEM] Start time: 2025-08-20 17:59:56", "correlation_id": "-", "session_id": "-", "timestamp": "2025-08-20T15:59:56.942711+00:00"}
{"asctime": "2025-08-20 17:59:56,942", "levelname": "INFO", "name": "AresGlobal", "message": "[SYSTEM] Log directory: log", "correlation_id": "-", "session_id": "-", "timestamp": "2025-08-20T15:59:56.942900+00:00"}
{"asctime": "2025-08-20 17:59:56,943", "levelname": "INFO", "name": "AresGlobal", "message": "[SYSTEM] ================================================================================", "correlation_id": "-", "session_id": "-", "timestamp": "2025-08-20T15:59:56.943711+00:00"}
{"asctime": "2025-08-20 17:59:56,944", "levelname": "INFO", "name": "AresGlobal.AresLauncher", "message": "🚀 Running enhanced 16-step training pipeline for ETHUSDT on BINANCE", "correlation_id": "-", "session_id": "-", "timestamp": "2025-08-20T15:59:56.944513+00:00"}
{"asctime": "2025-08-20 17:59:56,950", "levelname": "INFO", "name": "AresGlobal.AresLauncher", "message": "Starting from step: step2_feature_engineering", "correlation_id": "-", "session_id": "-", "timestamp": "2025-08-20T15:59:56.950866+00:00"}
{"asctime": "2025-08-20 17:59:56,953", "levelname": "INFO", "name": "AresGlobal.AresLauncher", "message": "🧪 BLANK TRAINING MODE: Set BLANK_TRAINING_MODE=1 for step-based training", "correlation_id": "-", "session_id": "-", "timestamp": "2025-08-20T15:59:56.953157+00:00"}
{"asctime": "2025-08-20 17:59:56,953", "levelname": "INFO", "name": "AresGlobal.ProgressManager", "message": "Initialized ProgressManager for ETHUSDT on BINANCE", "correlation_id": "-", "session_id": "-", "timestamp": "2025-08-20T15:59:56.953515+00:00"}
{"asctime": "2025-08-20 17:59:56,953", "levelname": "INFO", "name": "AresGlobal.ProgressManager", "message": "Progress directory: data/training/progress/BINANCE_ETHUSDT", "correlation_id": "-", "session_id": "-", "timestamp": "2025-08-20T15:59:56.953701+00:00"}
{"asctime": "2025-08-20 17:59:56,954", "levelname": "INFO", "name": "AresGlobal.StepOrchestrator", "message": "Initialized StepOrchestrator for ETHUSDT on BINANCE", "correlation_id": "-", "session_id": "-", "timestamp": "2025-08-20T15:59:56.954241+00:00"}
{"asctime": "2025-08-20 17:59:56,954", "levelname": "INFO", "name": "AresGlobal.ProgressManager", "message": "🗑️  Cleared progress for step2_feature_engineering", "correlation_id": "-", "session_id": "-", "timestamp": "2025-08-20T15:59:56.954562+00:00"}
{"asctime": "2025-08-20 17:59:56,954", "levelname": "INFO", "name": "AresGlobal.AresLauncher", "message": "🧹 Cleared progress for 'step2_feature_engineering' (force)", "correlation_id": "-", "session_id": "-", "timestamp": "2025-08-20T15:59:56.954708+00:00"}
{"asctime": "2025-08-20 17:59:56,954", "levelname": "INFO", "name": "AresGlobal.ProgressManager", "message": "🗑️  Cleared progress for step2_5_enhanced_matrix_operations", "correlation_id": "-", "session_id": "-", "timestamp": "2025-08-20T15:59:56.954961+00:00"}
{"asctime": "2025-08-20 17:59:56,955", "levelname": "INFO", "name": "AresGlobal.AresLauncher", "message": "🧹 Cleared progress for 'step2_5_enhanced_matrix_operations' (force)", "correlation_id": "-", "session_id": "-", "timestamp": "2025-08-20T15:59:56.955087+00:00"}
{"asctime": "2025-08-20 17:59:56,955", "levelname": "INFO", "name": "AresGlobal.ProgressManager", "message": "🗑️  Cleared progress for step3_hmm_regime_discovery", "correlation_id": "-", "session_id": "-", "timestamp": "2025-08-20T15:59:56.955567+00:00"}
{"asctime": "2025-08-20 17:59:56,955", "levelname": "INFO", "name": "AresGlobal.AresLauncher", "message": "🧹 Cleared progress for 'step3_hmm_regime_discovery' (force)", "correlation_id": "-", "session_id": "-", "timestamp": "2025-08-20T15:59:56.955918+00:00"}
{"asctime": "2025-08-20 17:59:56,956", "levelname": "INFO", "name": "AresGlobal.ProgressManager", "message": "🗑️  Cleared progress for step4_processing_labeling", "correlation_id": "-", "session_id": "-", "timestamp": "2025-08-20T15:59:56.956067+00:00"}
{"asctime": "2025-08-20 17:59:56,956", "levelname": "INFO", "name": "AresGlobal.AresLauncher", "message": "🧹 Cleared progress for 'step4_processing_labeling' (force)", "correlation_id": "-", "session_id": "-", "timestamp": "2025-08-20T15:59:56.956173+00:00"}
{"asctime": "2025-08-20 17:59:56,956", "levelname": "INFO", "name": "AresGlobal.ProgressManager", "message": "🗑️  Cleared progress for step5_regime_data_splitting", "correlation_id": "-", "session_id": "-", "timestamp": "2025-08-20T15:59:56.956288+00:00"}
{"asctime": "2025-08-20 17:59:56,956", "levelname": "INFO", "name": "AresGlobal.AresLauncher", "message": "🧹 Cleared progress for 'step5_regime_data_splitting' (force)", "correlation_id": "-", "session_id": "-", "timestamp": "2025-08-20T15:59:56.956380+00:00"}
{"asctime": "2025-08-20 17:59:56,956", "levelname": "INFO", "name": "AresGlobal.ProgressManager", "message": "🗑️  Cleared progress for step6_hmm_based_training", "correlation_id": "-", "session_id": "-", "timestamp": "2025-08-20T15:59:56.956492+00:00"}
{"asctime": "2025-08-20 17:59:56,956", "levelname": "INFO", "name": "AresGlobal.AresLauncher", "message": "🧹 Cleared progress for 'step6_hmm_based_training' (force)", "correlation_id": "-", "session_id": "-", "timestamp": "2025-08-20T15:59:56.956609+00:00"}
{"asctime": "2025-08-20 17:59:56,956", "levelname": "INFO", "name": "AresGlobal.ProgressManager", "message": "🗑️  Cleared progress for step6_5_unified_regime_intelligence", "correlation_id": "-", "session_id": "-", "timestamp": "2025-08-20T15:59:56.956726+00:00"}
{"asctime": "2025-08-20 17:59:56,956", "levelname": "INFO", "name": "AresGlobal.AresLauncher", "message": "🧹 Cleared progress for 'step6_5_unified_regime_intelligence' (force)", "correlation_id": "-", "session_id": "-", "timestamp": "2025-08-20T15:59:56.956818+00:00"}
{"asctime": "2025-08-20 17:59:56,957", "levelname": "INFO", "name": "AresGlobal.ProgressManager", "message": "🗑️  Cleared progress for step7_analyst_enhancement", "correlation_id": "-", "session_id": "-", "timestamp": "2025-08-20T15:59:56.957126+00:00"}
{"asctime": "2025-08-20 17:59:56,957", "levelname": "INFO", "name": "AresGlobal.AresLauncher", "message": "🧹 Cleared progress for 'step7_analyst_enhancement' (force)", "correlation_id": "-", "session_id": "-", "timestamp": "2025-08-20T15:59:56.957239+00:00"}
{"asctime": "2025-08-20 17:59:56,957", "levelname": "INFO", "name": "AresGlobal.ProgressManager", "message": "🗑️  Cleared progress for step8_tactician_labeling", "correlation_id": "-", "session_id": "-", "timestamp": "2025-08-20T15:59:56.957484+00:00"}
{"asctime": "2025-08-20 17:59:56,957", "levelname": "INFO", "name": "AresGlobal.AresLauncher", "message": "🧹 Cleared progress for 'step8_tactician_labeling' (force)", "correlation_id": "-", "session_id": "-", "timestamp": "2025-08-20T15:59:56.957745+00:00"}
{"asctime": "2025-08-20 17:59:56,957", "levelname": "INFO", "name": "AresGlobal.ProgressManager", "message": "🗑️  Cleared progress for step9_tactician_specialist_training", "correlation_id": "-", "session_id": "-", "timestamp": "2025-08-20T15:59:56.957960+00:00"}
{"asctime": "2025-08-20 17:59:56,958", "levelname": "INFO", "name": "AresGlobal.AresLauncher", "message": "🧹 Cleared progress for 'step9_tactician_specialist_training' (force)", "correlation_id": "-", "session_id": "-", "timestamp": "2025-08-20T15:59:56.958066+00:00"}
{"asctime": "2025-08-20 17:59:56,958", "levelname": "INFO", "name": "AresGlobal.ProgressManager", "message": "🗑️  Cleared progress for step10_confidence_calibration", "correlation_id": "-", "session_id": "-", "timestamp": "2025-08-20T15:59:56.958187+00:00"}
{"asctime": "2025-08-20 17:59:56,958", "levelname": "INFO", "name": "AresGlobal.AresLauncher", "message": "🧹 Cleared progress for 'step10_confidence_calibration' (force)", "correlation_id": "-", "session_id": "-", "timestamp": "2025-08-20T15:59:56.958284+00:00"}
{"asctime": "2025-08-20 17:59:56,958", "levelname": "INFO", "name": "AresGlobal.ProgressManager", "message": "🗑️  Cleared progress for step11_final_parameters_optimization", "correlation_id": "-", "session_id": "-", "timestamp": "2025-08-20T15:59:56.958407+00:00"}
{"asctime": "2025-08-20 17:59:56,958", "levelname": "INFO", "name": "AresGlobal.AresLauncher", "message": "🧹 Cleared progress for 'step11_final_parameters_optimization' (force)", "correlation_id": "-", "session_id": "-", "timestamp": "2025-08-20T15:59:56.958504+00:00"}
{"asctime": "2025-08-20 17:59:56,958", "levelname": "INFO", "name": "AresGlobal.ProgressManager", "message": "🗑️  Cleared progress for step12_walk_forward_validation", "correlation_id": "-", "session_id": "-", "timestamp": "2025-08-20T15:59:56.958615+00:00"}
{"asctime": "2025-08-20 17:59:56,958", "levelname": "INFO", "name": "AresGlobal.AresLauncher", "message": "🧹 Cleared progress for 'step12_walk_forward_validation' (force)", "correlation_id": "-", "session_id": "-", "timestamp": "2025-08-20T15:59:56.958707+00:00"}
{"asctime": "2025-08-20 17:59:56,958", "levelname": "INFO", "name": "AresGlobal.ProgressManager", "message": "🗑️  Cleared progress for step13_monte_carlo_validation", "correlation_id": "-", "session_id": "-", "timestamp": "2025-08-20T15:59:56.958817+00:00"}
{"asctime": "2025-08-20 17:59:56,958", "levelname": "INFO", "name": "AresGlobal.AresLauncher", "message": "🧹 Cleared progress for 'step13_monte_carlo_validation' (force)", "correlation_id": "-", "session_id": "-", "timestamp": "2025-08-20T15:59:56.958908+00:00"}
{"asctime": "2025-08-20 17:59:56,959", "levelname": "INFO", "name": "AresGlobal.ProgressManager", "message": "🗑️  Cleared progress for step14_ab_testing", "correlation_id": "-", "session_id": "-", "timestamp": "2025-08-20T15:59:56.959019+00:00"}
{"asctime": "2025-08-20 17:59:56,959", "levelname": "INFO", "name": "AresGlobal.AresLauncher", "message": "🧹 Cleared progress for 'step14_ab_testing' (force)", "correlation_id": "-", "session_id": "-", "timestamp": "2025-08-20T15:59:56.959118+00:00"}
{"asctime": "2025-08-20 17:59:56,959", "levelname": "INFO", "name": "AresGlobal.ProgressManager", "message": "🗑️  Cleared progress for step15_saving", "correlation_id": "-", "session_id": "-", "timestamp": "2025-08-20T15:59:56.959232+00:00"}
{"asctime": "2025-08-20 17:59:56,959", "levelname": "INFO", "name": "AresGlobal.AresLauncher", "message": "🧹 Cleared progress for 'step15_saving' (force)", "correlation_id": "-", "session_id": "-", "timestamp": "2025-08-20T15:59:56.959329+00:00"}
{"asctime": "2025-08-20 17:59:56,959", "levelname": "INFO", "name": "AresGlobal.AresLauncher", "message": "✅ Cleared progress for 16 steps: ['step2_feature_engineering', 'step2_5_enhanced_matrix_operations', 'step3_hmm_regime_discovery', 'step4_processing_labeling', 'step5_regime_data_splitting', 'step6_hmm_based_training', 'step6_5_unified_regime_intelligence', 'step7_analyst_enhancement', 'step8_tactician_labeling', 'step9_tactician_specialist_training', 'step10_confidence_calibration', 'step11_final_parameters_optimization', 'step12_walk_forward_validation', 'step13_monte_carlo_validation', 'step14_ab_testing', 'step15_saving']", "correlation_id": "-", "session_id": "-", "timestamp": "2025-08-20T15:59:56.959456+00:00"}
{"asctime": "2025-08-20 17:59:56,960", "levelname": "INFO", "name": "AresGlobal.StepOrchestrator", "message": "🚀 Starting execution from step: step2_feature_engineering", "correlation_id": "-", "session_id": "-", "timestamp": "2025-08-20T15:59:56.960712+00:00"}
{"asctime": "2025-08-20 18:00:08,286", "levelname": "INFO", "name": "AresGlobal.M1GPUAcceleration", "message": "✅ MPS (Metal Performance Shaders) available and enabled", "correlation_id": "-", "session_id": "-", "timestamp": "2025-08-20T16:00:08.286788+00:00"}
{"asctime": "2025-08-20 18:00:08,295", "levelname": "INFO", "name": "AresGlobal.ComputationalOptimizationManager", "message": "Computational Optimization Manager initialized", "correlation_id": "-", "session_id": "-", "timestamp": "2025-08-20T16:00:08.295182+00:00"}
{"asctime": "2025-08-20 18:00:08,298", "levelname": "INFO", "name": "AresGlobal.StepOrchestrator", "message": "✅ Enhanced training manager setup successfully", "correlation_id": "-", "session_id": "-", "timestamp": "2025-08-20T16:00:08.298552+00:00"}
{"asctime": "2025-08-20 18:00:08,324", "levelname": "INFO", "name": "AresGlobal.M1GPUAcceleration", "message": "🧹 GPU memory cleared", "correlation_id": "-", "session_id": "-", "timestamp": "2025-08-20T16:00:08.324426+00:00"}
{"asctime": "2025-08-20 18:00:08,324", "levelname": "INFO", "name": "AresGlobal.StepOrchestrator", "message": "\u001b[91m\u001b[1m❌\u001b[0m \u001b[91m\u001b[1m❌ Enhanced 16-step training pipeline failed\u001b[0m", "correlation_id": "-", "session_id": "-", "timestamp": "2025-08-20T16:00:08.324618+00:00"}
{"asctime": "2025-08-20 18:00:08,324", "levelname": "ERROR", "name": "AresGlobal.AresLauncher", "message": "❌ Step-based training pipeline failed", "correlation_id": "-", "session_id": "-", "timestamp": "2025-08-20T16:00:08.324929+00:00"}
{"asctime": "2025-08-20 18:00:08,325", "levelname": "INFO", "name": "AresGlobal", "message": "[SYSTEM] ================================================================================", "correlation_id": "-", "session_id": "-", "timestamp": "2025-08-20T16:00:08.325246+00:00"}
{"asctime": "2025-08-20 18:00:08,325", "levelname": "INFO", "name": "AresGlobal", "message": "[SYSTEM] 🛑 ARES LAUNCHER ENDED - Exit code: 1", "correlation_id": "-", "session_id": "-", "timestamp": "2025-08-20T16:00:08.325472+00:00"}
{"asctime": "2025-08-20 18:00:08,325", "levelname": "INFO", "name": "AresGlobal", "message": "[SYSTEM] End time: 2025-08-20 18:00:08", "correlation_id": "-", "session_id": "-", "timestamp": "2025-08-20T16:00:08.325677+00:00"}
{"asctime": "2025-08-20 18:00:08,326", "levelname": "INFO", "name": "AresGlobal", "message": "[SYSTEM] ================================================================================", "correlation_id": "-", "session_id": "-", "timestamp": "2025-08-20T16:00:08.326005+00:00"}
{"asctime": "2025-08-20 18:00:08,326", "levelname": "INFO", "name": "AresGlobal.AresLauncher", "message": "🧹 Cleaning up processes...", "correlation_id": "-", "session_id": "-", "timestamp": "2025-08-20T16:00:08.326121+00:00"}
{"asctime": "2025-08-20 18:00:08,326", "levelname": "INFO", "name": "AresGlobal.AresLauncher", "message": "✅ Cleanup completed", "correlation_id": "-", "session_id": "-", "timestamp": "2025-08-20T16:00:08.326236+00:00"}
