{"asctime": "2025-08-17 22:08:32,632", "levelname": "INFO", "name": "AresTradingSystem", "message": "✅ Enhanced Logger initialization completed successfully", "correlation_id": "-", "session_id": "-", "timestamp": "2025-08-17T20:08:32.632165+00:00"}
{"asctime": "2025-08-17 22:08:32,640", "levelname": "INFO", "name": "AresTradingSystem.System", "message": "Environment configuration loaded successfully. Trading Environment: PAPER, Exchange: BINANCE", "correlation_id": "-", "session_id": "-", "timestamp": "2025-08-17T20:08:32.640722+00:00"}
{"asctime": "2025-08-17 22:08:35,130", "levelname": "INFO", "name": "AresTradingSystem.System.TestRawDataQualityChecker", "message": "🚀 Starting enhanced raw data quality checker tests...", "correlation_id": "-", "session_id": "-", "timestamp": "2025-08-17T20:08:35.130510+00:00"}
{"asctime": "2025-08-17 22:08:35,130", "levelname": "INFO", "name": "AresTradingSystem.System.TestRawDataQualityChecker", "message": "🧪 Testing timeframe detection...", "correlation_id": "-", "session_id": "-", "timestamp": "2025-08-17T20:08:35.130703+00:00"}
{"asctime": "2025-08-17 22:08:35,130", "levelname": "INFO", "name": "AresTradingSystem.System.TestRawDataQualityChecker", "message": "🔧 Creating test data with 1m timeframe and 100 records", "correlation_id": "-", "session_id": "-", "timestamp": "2025-08-17T20:08:35.130790+00:00"}
{"asctime": "2025-08-17 22:08:35,131", "levelname": "INFO", "name": "AresTradingSystem.System.TestRawDataQualityChecker", "message": "✅ Created test data with 100 records and 5 gaps", "correlation_id": "-", "session_id": "-", "timestamp": "2025-08-17T20:08:35.131954+00:00"}
{"asctime": "2025-08-17 22:08:35,132", "levelname": "INFO", "name": "AresTradingSystem.System.TestRawDataQualityChecker", "message": "   Time range: 2024-01-01 00:00:00 to 2024-01-01 01:39:00", "correlation_id": "-", "session_id": "-", "timestamp": "2025-08-17T20:08:35.132209+00:00"}
{"asctime": "2025-08-17 22:08:35,132", "levelname": "INFO", "name": "AresTradingSystem.System.TestRawDataQualityChecker", "message": "   Expected interval: 0:01:00", "correlation_id": "-", "session_id": "-", "timestamp": "2025-08-17T20:08:35.132294+00:00"}
{"asctime": "2025-08-17 22:08:35,133", "levelname": "INFO", "name": "AresTradingSystem.System.TestRawDataQualityChecker", "message": "   1m: detected as 1m", "correlation_id": "-", "session_id": "-", "timestamp": "2025-08-17T20:08:35.133086+00:00"}
{"asctime": "2025-08-17 22:08:35,133", "levelname": "INFO", "name": "AresTradingSystem.System.TestRawDataQualityChecker", "message": "   ✅ 1m correctly detected", "correlation_id": "-", "session_id": "-", "timestamp": "2025-08-17T20:08:35.133184+00:00"}
{"asctime": "2025-08-17 22:08:35,133", "levelname": "INFO", "name": "AresTradingSystem.System.TestRawDataQualityChecker", "message": "🔧 Creating test data with 5m timeframe and 100 records", "correlation_id": "-", "session_id": "-", "timestamp": "2025-08-17T20:08:35.133260+00:00"}
{"asctime": "2025-08-17 22:08:35,134", "levelname": "INFO", "name": "AresTradingSystem.System.TestRawDataQualityChecker", "message": "✅ Created test data with 100 records and 5 gaps", "correlation_id": "-", "session_id": "-", "timestamp": "2025-08-17T20:08:35.134167+00:00"}
{"asctime": "2025-08-17 22:08:35,134", "levelname": "INFO", "name": "AresTradingSystem.System.TestRawDataQualityChecker", "message": "   Time range: 2024-01-01 00:00:00 to 2024-01-01 08:15:00", "correlation_id": "-", "session_id": "-", "timestamp": "2025-08-17T20:08:35.134383+00:00"}
{"asctime": "2025-08-17 22:08:35,134", "levelname": "INFO", "name": "AresTradingSystem.System.TestRawDataQualityChecker", "message": "   Expected interval: 0:05:00", "correlation_id": "-", "session_id": "-", "timestamp": "2025-08-17T20:08:35.134450+00:00"}
{"asctime": "2025-08-17 22:08:35,134", "levelname": "INFO", "name": "AresTradingSystem.System.TestRawDataQualityChecker", "message": "   5m: detected as 5m", "correlation_id": "-", "session_id": "-", "timestamp": "2025-08-17T20:08:35.134876+00:00"}
{"asctime": "2025-08-17 22:08:35,134", "levelname": "INFO", "name": "AresTradingSystem.System.TestRawDataQualityChecker", "message": "   ✅ 5m correctly detected", "correlation_id": "-", "session_id": "-", "timestamp": "2025-08-17T20:08:35.134960+00:00"}
{"asctime": "2025-08-17 22:08:35,135", "levelname": "INFO", "name": "AresTradingSystem.System.TestRawDataQualityChecker", "message": "🔧 Creating test data with 15m timeframe and 100 records", "correlation_id": "-", "session_id": "-", "timestamp": "2025-08-17T20:08:35.135047+00:00"}
{"asctime": "2025-08-17 22:08:35,135", "levelname": "INFO", "name": "AresTradingSystem.System.TestRawDataQualityChecker", "message": "✅ Created test data with 100 records and 5 gaps", "correlation_id": "-", "session_id": "-", "timestamp": "2025-08-17T20:08:35.135915+00:00"}
{"asctime": "2025-08-17 22:08:35,136", "levelname": "INFO", "name": "AresTradingSystem.System.TestRawDataQualityChecker", "message": "   Time range: 2024-01-01 00:00:00 to 2024-01-02 00:45:00", "correlation_id": "-", "session_id": "-", "timestamp": "2025-08-17T20:08:35.136078+00:00"}
{"asctime": "2025-08-17 22:08:35,136", "levelname": "INFO", "name": "AresTradingSystem.System.TestRawDataQualityChecker", "message": "   Expected interval: 0:15:00", "correlation_id": "-", "session_id": "-", "timestamp": "2025-08-17T20:08:35.136147+00:00"}
{"asctime": "2025-08-17 22:08:35,137", "levelname": "INFO", "name": "AresTradingSystem.System.TestRawDataQualityChecker", "message": "   15m: detected as 15m", "correlation_id": "-", "session_id": "-", "timestamp": "2025-08-17T20:08:35.137257+00:00"}
{"asctime": "2025-08-17 22:08:35,137", "levelname": "INFO", "name": "AresTradingSystem.System.TestRawDataQualityChecker", "message": "   ✅ 15m correctly detected", "correlation_id": "-", "session_id": "-", "timestamp": "2025-08-17T20:08:35.137397+00:00"}
{"asctime": "2025-08-17 22:08:35,137", "levelname": "INFO", "name": "AresTradingSystem.System.TestRawDataQualityChecker", "message": "🔧 Creating test data with 30m timeframe and 100 records", "correlation_id": "-", "session_id": "-", "timestamp": "2025-08-17T20:08:35.137473+00:00"}
{"asctime": "2025-08-17 22:08:35,138", "levelname": "INFO", "name": "AresTradingSystem.System.TestRawDataQualityChecker", "message": "✅ Created test data with 100 records and 5 gaps", "correlation_id": "-", "session_id": "-", "timestamp": "2025-08-17T20:08:35.138830+00:00"}
{"asctime": "2025-08-17 22:08:35,139", "levelname": "INFO", "name": "AresTradingSystem.System.TestRawDataQualityChecker", "message": "   Time range: 2024-01-01 00:00:00 to 2024-01-03 01:30:00", "correlation_id": "-", "session_id": "-", "timestamp": "2025-08-17T20:08:35.139043+00:00"}
{"asctime": "2025-08-17 22:08:35,139", "levelname": "INFO", "name": "AresTradingSystem.System.TestRawDataQualityChecker", "message": "   Expected interval: 0:30:00", "correlation_id": "-", "session_id": "-", "timestamp": "2025-08-17T20:08:35.139222+00:00"}
{"asctime": "2025-08-17 22:08:35,139", "levelname": "INFO", "name": "AresTradingSystem.System.TestRawDataQualityChecker", "message": "   30m: detected as 30m", "correlation_id": "-", "session_id": "-", "timestamp": "2025-08-17T20:08:35.139993+00:00"}
{"asctime": "2025-08-17 22:08:35,140", "levelname": "INFO", "name": "AresTradingSystem.System.TestRawDataQualityChecker", "message": "   ✅ 30m correctly detected", "correlation_id": "-", "session_id": "-", "timestamp": "2025-08-17T20:08:35.140113+00:00"}
{"asctime": "2025-08-17 22:08:35,140", "levelname": "INFO", "name": "AresTradingSystem.System.TestRawDataQualityChecker", "message": "🔧 Creating test data with 1h timeframe and 100 records", "correlation_id": "-", "session_id": "-", "timestamp": "2025-08-17T20:08:35.140187+00:00"}
{"asctime": "2025-08-17 22:08:35,141", "levelname": "INFO", "name": "AresTradingSystem.System.TestRawDataQualityChecker", "message": "✅ Created test data with 100 records and 5 gaps", "correlation_id": "-", "session_id": "-", "timestamp": "2025-08-17T20:08:35.141312+00:00"}
{"asctime": "2025-08-17 22:08:35,141", "levelname": "INFO", "name": "AresTradingSystem.System.TestRawDataQualityChecker", "message": "   Time range: 2024-01-01 00:00:00 to 2024-01-05 03:00:00", "correlation_id": "-", "session_id": "-", "timestamp": "2025-08-17T20:08:35.141560+00:00"}
{"asctime": "2025-08-17 22:08:35,141", "levelname": "INFO", "name": "AresTradingSystem.System.TestRawDataQualityChecker", "message": "   Expected interval: 1:00:00", "correlation_id": "-", "session_id": "-", "timestamp": "2025-08-17T20:08:35.141651+00:00"}
{"asctime": "2025-08-17 22:08:35,142", "levelname": "INFO", "name": "AresTradingSystem.System.TestRawDataQualityChecker", "message": "   1h: detected as 1h", "correlation_id": "-", "session_id": "-", "timestamp": "2025-08-17T20:08:35.142254+00:00"}
{"asctime": "2025-08-17 22:08:35,142", "levelname": "INFO", "name": "AresTradingSystem.System.TestRawDataQualityChecker", "message": "   ✅ 1h correctly detected", "correlation_id": "-", "session_id": "-", "timestamp": "2025-08-17T20:08:35.142332+00:00"}
{"asctime": "2025-08-17 22:08:35,142", "levelname": "INFO", "name": "AresTradingSystem.System.TestRawDataQualityChecker", "message": "🔧 Creating test data with 4h timeframe and 100 records", "correlation_id": "-", "session_id": "-", "timestamp": "2025-08-17T20:08:35.142396+00:00"}
{"asctime": "2025-08-17 22:08:35,143", "levelname": "INFO", "name": "AresTradingSystem.System.TestRawDataQualityChecker", "message": "✅ Created test data with 100 records and 5 gaps", "correlation_id": "-", "session_id": "-", "timestamp": "2025-08-17T20:08:35.143380+00:00"}
{"asctime": "2025-08-17 22:08:35,143", "levelname": "INFO", "name": "AresTradingSystem.System.TestRawDataQualityChecker", "message": "   Time range: 2024-01-01 00:00:00 to 2024-01-17 12:00:00", "correlation_id": "-", "session_id": "-", "timestamp": "2025-08-17T20:08:35.143537+00:00"}
{"asctime": "2025-08-17 22:08:35,143", "levelname": "INFO", "name": "AresTradingSystem.System.TestRawDataQualityChecker", "message": "   Expected interval: 4:00:00", "correlation_id": "-", "session_id": "-", "timestamp": "2025-08-17T20:08:35.143604+00:00"}
{"asctime": "2025-08-17 22:08:35,144", "levelname": "INFO", "name": "AresTradingSystem.System.TestRawDataQualityChecker", "message": "   4h: detected as 4h", "correlation_id": "-", "session_id": "-", "timestamp": "2025-08-17T20:08:35.144159+00:00"}
{"asctime": "2025-08-17 22:08:35,144", "levelname": "INFO", "name": "AresTradingSystem.System.TestRawDataQualityChecker", "message": "   ✅ 4h correctly detected", "correlation_id": "-", "session_id": "-", "timestamp": "2025-08-17T20:08:35.144312+00:00"}
{"asctime": "2025-08-17 22:08:35,144", "levelname": "INFO", "name": "AresTradingSystem.System.TestRawDataQualityChecker", "message": "🔧 Creating test data with 1d timeframe and 100 records", "correlation_id": "-", "session_id": "-", "timestamp": "2025-08-17T20:08:35.144376+00:00"}
{"asctime": "2025-08-17 22:08:35,145", "levelname": "INFO", "name": "AresTradingSystem.System.TestRawDataQualityChecker", "message": "✅ Created test data with 100 records and 5 gaps", "correlation_id": "-", "session_id": "-", "timestamp": "2025-08-17T20:08:35.145207+00:00"}
{"asctime": "2025-08-17 22:08:35,145", "levelname": "INFO", "name": "AresTradingSystem.System.TestRawDataQualityChecker", "message": "   Time range: 2024-01-01 00:00:00 to 2024-04-09 00:00:00", "correlation_id": "-", "session_id": "-", "timestamp": "2025-08-17T20:08:35.145329+00:00"}
{"asctime": "2025-08-17 22:08:35,145", "levelname": "INFO", "name": "AresTradingSystem.System.TestRawDataQualityChecker", "message": "   Expected interval: 1 day, 0:00:00", "correlation_id": "-", "session_id": "-", "timestamp": "2025-08-17T20:08:35.145392+00:00"}
{"asctime": "2025-08-17 22:08:35,145", "levelname": "INFO", "name": "AresTradingSystem.System.TestRawDataQualityChecker", "message": "   1d: detected as 1d", "correlation_id": "-", "session_id": "-", "timestamp": "2025-08-17T20:08:35.145768+00:00"}
{"asctime": "2025-08-17 22:08:35,145", "levelname": "INFO", "name": "AresTradingSystem.System.TestRawDataQualityChecker", "message": "   ✅ 1d correctly detected", "correlation_id": "-", "session_id": "-", "timestamp": "2025-08-17T20:08:35.145839+00:00"}
{"asctime": "2025-08-17 22:08:35,146", "levelname": "INFO", "name": "AresTradingSystem.System.TestRawDataQualityChecker", "message": "🧪 Testing data quality validation...", "correlation_id": "-", "session_id": "-", "timestamp": "2025-08-17T20:08:35.146105+00:00"}
{"asctime": "2025-08-17 22:08:35,146", "levelname": "INFO", "name": "AresTradingSystem.System.TestRawDataQualityChecker", "message": "🔧 Creating test data with 1m timeframe and 500 records", "correlation_id": "-", "session_id": "-", "timestamp": "2025-08-17T20:08:35.146270+00:00"}
{"asctime": "2025-08-17 22:08:35,149", "levelname": "INFO", "name": "AresTradingSystem.System.TestRawDataQualityChecker", "message": "✅ Created test data with 496 records and 5 gaps", "correlation_id": "-", "session_id": "-", "timestamp": "2025-08-17T20:08:35.149631+00:00"}
{"asctime": "2025-08-17 22:08:35,149", "levelname": "INFO", "name": "AresTradingSystem.System.TestRawDataQualityChecker", "message": "   Time range: 2024-01-01 00:00:00 to 2024-01-01 08:19:00", "correlation_id": "-", "session_id": "-", "timestamp": "2025-08-17T20:08:35.149866+00:00"}
{"asctime": "2025-08-17 22:08:35,149", "levelname": "INFO", "name": "AresTradingSystem.System.TestRawDataQualityChecker", "message": "   Expected interval: 0:01:00", "correlation_id": "-", "session_id": "-", "timestamp": "2025-08-17T20:08:35.149939+00:00"}
{"asctime": "2025-08-17 22:08:35,150", "levelname": "INFO", "name": "AresTradingSystem.System.RawDataQualityChecker", "message": "🔍 Starting raw data quality validation for BINANCE ETHUSDT", "correlation_id": "-", "session_id": "-", "timestamp": "2025-08-17T20:08:35.150090+00:00"}
{"asctime": "2025-08-17 22:08:35,150", "levelname": "INFO", "name": "AresTradingSystem.System.RawDataQualityChecker", "message": "Validating data structure...", "correlation_id": "-", "session_id": "-", "timestamp": "2025-08-17T20:08:35.150177+00:00"}
{"asctime": "2025-08-17 22:08:35,150", "levelname": "INFO", "name": "AresTradingSystem.System.TestRawDataQualityChecker", "message": "📊 Validation results:", "correlation_id": "-", "session_id": "-", "timestamp": "2025-08-17T20:08:35.150292+00:00"}
{"asctime": "2025-08-17 22:08:35,150", "levelname": "INFO", "name": "AresTradingSystem.System.TestRawDataQualityChecker", "message": "   Validation passed: False", "correlation_id": "-", "session_id": "-", "timestamp": "2025-08-17T20:08:35.150381+00:00"}
{"asctime": "2025-08-17 22:08:35,150", "levelname": "INFO", "name": "AresTradingSystem.System.TestRawDataQualityChecker", "message": "   Quality score: 0.000", "correlation_id": "-", "session_id": "-", "timestamp": "2025-08-17T20:08:35.150458+00:00"}
{"asctime": "2025-08-17 22:08:35,150", "levelname": "INFO", "name": "AresTradingSystem.System.TestRawDataQualityChecker", "message": "   Critical issues: 1", "correlation_id": "-", "session_id": "-", "timestamp": "2025-08-17T20:08:35.150544+00:00"}
{"asctime": "2025-08-17 22:08:35,150", "levelname": "INFO", "name": "AresTradingSystem.System.TestRawDataQualityChecker", "message": "   Warnings: 0", "correlation_id": "-", "session_id": "-", "timestamp": "2025-08-17T20:08:35.150610+00:00"}
{"asctime": "2025-08-17 22:08:35,150", "levelname": "INFO", "name": "AresTradingSystem.System.TestRawDataQualityChecker", "message": "   Data shape: (496, 5)", "correlation_id": "-", "session_id": "-", "timestamp": "2025-08-17T20:08:35.150668+00:00"}
{"asctime": "2025-08-17 22:08:35,150", "levelname": "WARNING", "name": "AresTradingSystem.System.TestRawDataQualityChecker", "message": "⚠️ Data quality validation failed", "correlation_id": "-", "session_id": "-", "timestamp": "2025-08-17T20:08:35.150725+00:00"}
{"asctime": "2025-08-17 22:08:35,150", "levelname": "ERROR", "name": "AresTradingSystem.System.TestRawDataQualityChecker", "message": "   Critical: Insufficient data: 496 records (minimum: 1000)", "correlation_id": "-", "session_id": "-", "timestamp": "2025-08-17T20:08:35.150817+00:00"}
{"asctime": "2025-08-17 22:08:35,150", "levelname": "INFO", "name": "AresTradingSystem.System.TestRawDataQualityChecker", "message": "🧪 Testing gap detection...", "correlation_id": "-", "session_id": "-", "timestamp": "2025-08-17T20:08:35.150916+00:00"}
{"asctime": "2025-08-17 22:08:35,151", "levelname": "INFO", "name": "AresTradingSystem.System.TestRawDataQualityChecker", "message": "🔧 Creating test data with 1m timeframe and 1000 records", "correlation_id": "-", "session_id": "-", "timestamp": "2025-08-17T20:08:35.151004+00:00"}
{"asctime": "2025-08-17 22:08:35,157", "levelname": "INFO", "name": "AresTradingSystem.System.TestRawDataQualityChecker", "message": "✅ Created test data with 995 records and 5 gaps", "correlation_id": "-", "session_id": "-", "timestamp": "2025-08-17T20:08:35.157749+00:00"}
{"asctime": "2025-08-17 22:08:35,158", "levelname": "INFO", "name": "AresTradingSystem.System.TestRawDataQualityChecker", "message": "   Time range: 2024-01-01 00:00:00 to 2024-01-01 16:39:00", "correlation_id": "-", "session_id": "-", "timestamp": "2025-08-17T20:08:35.158032+00:00"}
{"asctime": "2025-08-17 22:08:35,158", "levelname": "INFO", "name": "AresTradingSystem.System.TestRawDataQualityChecker", "message": "   Expected interval: 0:01:00", "correlation_id": "-", "session_id": "-", "timestamp": "2025-08-17T20:08:35.158108+00:00"}
{"asctime": "2025-08-17 22:08:35,158", "levelname": "INFO", "name": "AresTradingSystem.System.TestRawDataQualityChecker", "message": "📊 Gap analysis:", "correlation_id": "-", "session_id": "-", "timestamp": "2025-08-17T20:08:35.158887+00:00"}
{"asctime": "2025-08-17 22:08:35,159", "levelname": "INFO", "name": "AresTradingSystem.System.TestRawDataQualityChecker", "message": "   Total intervals: 994", "correlation_id": "-", "session_id": "-", "timestamp": "2025-08-17T20:08:35.159027+00:00"}
{"asctime": "2025-08-17 22:08:35,159", "levelname": "INFO", "name": "AresTradingSystem.System.TestRawDataQualityChecker", "message": "   Expected interval: 0 days 00:01:00", "correlation_id": "-", "session_id": "-", "timestamp": "2025-08-17T20:08:35.159108+00:00"}
{"asctime": "2025-08-17 22:08:35,159", "levelname": "INFO", "name": "AresTradingSystem.System.TestRawDataQualityChecker", "message": "   Gap threshold: 0 days 00:03:00", "correlation_id": "-", "session_id": "-", "timestamp": "2025-08-17T20:08:35.159173+00:00"}
{"asctime": "2025-08-17 22:08:35,159", "levelname": "INFO", "name": "AresTradingSystem.System.TestRawDataQualityChecker", "message": "   Large gaps found: 0", "correlation_id": "-", "session_id": "-", "timestamp": "2025-08-17T20:08:35.159228+00:00"}
{"asctime": "2025-08-17 22:08:35,159", "levelname": "WARNING", "name": "AresTradingSystem.System.TestRawDataQualityChecker", "message": "⚠️ No gaps detected - test data may not have gaps", "correlation_id": "-", "session_id": "-", "timestamp": "2025-08-17T20:08:35.159315+00:00"}
{"asctime": "2025-08-17 22:08:35,159", "levelname": "INFO", "name": "AresTradingSystem.System.TestRawDataQualityChecker", "message": "🧪 Testing data downloader integration...", "correlation_id": "-", "session_id": "-", "timestamp": "2025-08-17T20:08:35.159408+00:00"}
{"asctime": "2025-08-17 22:08:35,159", "levelname": "INFO", "name": "AresTradingSystem.System.RawDataQualityChecker", "message": "🔧 Downloading 1m data for ETHUSDT on BINANCE", "correlation_id": "-", "session_id": "-", "timestamp": "2025-08-17T20:08:35.159485+00:00"}
{"asctime": "2025-08-17 22:08:35,159", "levelname": "INFO", "name": "AresTradingSystem.System.RawDataQualityChecker", "message": "   Time range: 2024-01-01 00:00:00 to 2024-01-02 00:00:00", "correlation_id": "-", "session_id": "-", "timestamp": "2025-08-17T20:08:35.159550+00:00"}
{"asctime": "2025-08-17 22:08:35,159", "levelname": "ERROR", "name": "AresTradingSystem.System.RawDataQualityChecker", "message": "❌ Error downloading 1m data: asyncio.run() cannot be called from a running event loop", "correlation_id": "-", "session_id": "-", "timestamp": "2025-08-17T20:08:35.159662+00:00"}
{"asctime": "2025-08-17 22:08:35,159", "levelname": "INFO", "name": "AresTradingSystem.System.TestRawDataQualityChecker", "message": "ℹ️ Data download returned None (expected if no data available)", "correlation_id": "-", "session_id": "-", "timestamp": "2025-08-17T20:08:35.159739+00:00"}
{"asctime": "2025-08-17 22:08:35,159", "levelname": "INFO", "name": "AresTradingSystem.System.TestRawDataQualityChecker", "message": "🧪 Testing enhanced preprocessing...", "correlation_id": "-", "session_id": "-", "timestamp": "2025-08-17T20:08:35.159838+00:00"}
{"asctime": "2025-08-17 22:08:35,159", "levelname": "INFO", "name": "AresTradingSystem.System.TestRawDataQualityChecker", "message": "🔧 Creating test data with 1m timeframe and 500 records", "correlation_id": "-", "session_id": "-", "timestamp": "2025-08-17T20:08:35.159921+00:00"}
{"asctime": "2025-08-17 22:08:35,163", "levelname": "INFO", "name": "AresTradingSystem.System.TestRawDataQualityChecker", "message": "✅ Created test data with 496 records and 5 gaps", "correlation_id": "-", "session_id": "-", "timestamp": "2025-08-17T20:08:35.163195+00:00"}
{"asctime": "2025-08-17 22:08:35,163", "levelname": "INFO", "name": "AresTradingSystem.System.TestRawDataQualityChecker", "message": "   Time range: 2024-01-01 00:00:00 to 2024-01-01 08:19:00", "correlation_id": "-", "session_id": "-", "timestamp": "2025-08-17T20:08:35.163407+00:00"}
{"asctime": "2025-08-17 22:08:35,163", "levelname": "INFO", "name": "AresTradingSystem.System.TestRawDataQualityChecker", "message": "   Expected interval: 0:01:00", "correlation_id": "-", "session_id": "-", "timestamp": "2025-08-17T20:08:35.163592+00:00"}
{"asctime": "2025-08-17 22:08:35,163", "levelname": "INFO", "name": "AresTradingSystem.System.RawDataQualityChecker", "message": "🔧 Enhanced preprocessing for BINANCE ETHUSDT", "correlation_id": "-", "session_id": "-", "timestamp": "2025-08-17T20:08:35.163716+00:00"}
{"asctime": "2025-08-17 22:08:35,163", "levelname": "INFO", "name": "AresTradingSystem.System.RawDataQualityChecker", "message": "   Expected interval: 60s", "correlation_id": "-", "session_id": "-", "timestamp": "2025-08-17T20:08:35.163787+00:00"}
{"asctime": "2025-08-17 22:08:35,163", "levelname": "INFO", "name": "AresTradingSystem.System.RawDataQualityChecker", "message": "   Max forward-fill: 10s", "correlation_id": "-", "session_id": "-", "timestamp": "2025-08-17T20:08:35.163848+00:00"}
{"asctime": "2025-08-17 22:08:35,163", "levelname": "INFO", "name": "AresTradingSystem.System.RawDataQualityChecker", "message": "   Download missing: False", "correlation_id": "-", "session_id": "-", "timestamp": "2025-08-17T20:08:35.163951+00:00"}
{"asctime": "2025-08-17 22:08:35,164", "levelname": "INFO", "name": "AresTradingSystem.System.RawDataQualityChecker", "message": "🔧 Step 1: Resampling to 60S intervals", "correlation_id": "-", "session_id": "-", "timestamp": "2025-08-17T20:08:35.164059+00:00"}
{"asctime": "2025-08-17 22:08:35,164", "levelname": "INFO", "name": "AresTradingSystem.System.RawDataQualityChecker", "message": "🔧 Step 2: Re-adding original data to preserve accuracy", "correlation_id": "-", "session_id": "-", "timestamp": "2025-08-17T20:08:35.164926+00:00"}
{"asctime": "2025-08-17 22:08:35,198", "levelname": "INFO", "name": "AresTradingSystem.System.RawDataQualityChecker", "message": "🔧 Step 3: Analyzing gaps and applying intelligent handling", "correlation_id": "-", "session_id": "-", "timestamp": "2025-08-17T20:08:35.198370+00:00"}
{"asctime": "2025-08-17 22:08:35,199", "levelname": "INFO", "name": "AresTradingSystem.System.RawDataQualityChecker", "message": "🔧 Step 5: Final forward-fill for 20 remaining nulls", "correlation_id": "-", "session_id": "-", "timestamp": "2025-08-17T20:08:35.199200+00:00"}
{"asctime": "2025-08-17 22:08:35,199", "levelname": "INFO", "name": "AresTradingSystem.System.RawDataQualityChecker", "message": "✅ Enhanced preprocessing completed:", "correlation_id": "-", "session_id": "-", "timestamp": "2025-08-17T20:08:35.199659+00:00"}
{"asctime": "2025-08-17 22:08:35,199", "levelname": "INFO", "name": "AresTradingSystem.System.RawDataQualityChecker", "message": "   Original shape: (496, 5)", "correlation_id": "-", "session_id": "-", "timestamp": "2025-08-17T20:08:35.199747+00:00"}
{"asctime": "2025-08-17 22:08:35,199", "levelname": "INFO", "name": "AresTradingSystem.System.RawDataQualityChecker", "message": "   Final shape: (500, 5)", "correlation_id": "-", "session_id": "-", "timestamp": "2025-08-17T20:08:35.199823+00:00"}
{"asctime": "2025-08-17 22:08:35,199", "levelname": "INFO", "name": "AresTradingSystem.System.RawDataQualityChecker", "message": "   Remaining large gaps: 0", "correlation_id": "-", "session_id": "-", "timestamp": "2025-08-17T20:08:35.199881+00:00"}
{"asctime": "2025-08-17 22:08:35,200", "levelname": "INFO", "name": "AresTradingSystem.System.RawDataQualityChecker", "message": "   Data completeness: 1.000", "correlation_id": "-", "session_id": "-", "timestamp": "2025-08-17T20:08:35.200091+00:00"}
{"asctime": "2025-08-17 22:08:35,200", "levelname": "INFO", "name": "AresTradingSystem.System.TestRawDataQualityChecker", "message": "📊 Preprocessing results:", "correlation_id": "-", "session_id": "-", "timestamp": "2025-08-17T20:08:35.200164+00:00"}
{"asctime": "2025-08-17 22:08:35,200", "levelname": "INFO", "name": "AresTradingSystem.System.TestRawDataQualityChecker", "message": "   Original shape: (496, 5)", "correlation_id": "-", "session_id": "-", "timestamp": "2025-08-17T20:08:35.200228+00:00"}
{"asctime": "2025-08-17 22:08:35,200", "levelname": "INFO", "name": "AresTradingSystem.System.TestRawDataQualityChecker", "message": "   Preprocessed shape: (500, 5)", "correlation_id": "-", "session_id": "-", "timestamp": "2025-08-17T20:08:35.200284+00:00"}
{"asctime": "2025-08-17 22:08:35,200", "levelname": "INFO", "name": "AresTradingSystem.System.TestRawDataQualityChecker", "message": "   Records added: 4", "correlation_id": "-", "session_id": "-", "timestamp": "2025-08-17T20:08:35.200338+00:00"}
{"asctime": "2025-08-17 22:08:35,200", "levelname": "INFO", "name": "AresTradingSystem.System.TestRawDataQualityChecker", "message": "   Remaining large gaps: 0", "correlation_id": "-", "session_id": "-", "timestamp": "2025-08-17T20:08:35.200880+00:00"}
{"asctime": "2025-08-17 22:08:35,200", "levelname": "INFO", "name": "AresTradingSystem.System.TestRawDataQualityChecker", "message": "✅ Enhanced preprocessing working correctly", "correlation_id": "-", "session_id": "-", "timestamp": "2025-08-17T20:08:35.200980+00:00"}
{"asctime": "2025-08-17 22:08:35,201", "levelname": "INFO", "name": "AresTradingSystem.System.TestRawDataQualityChecker", "message": "✅ All tests completed successfully!", "correlation_id": "-", "session_id": "-", "timestamp": "2025-08-17T20:08:35.201076+00:00"}
