{"asctime": "2025-08-22 23:32:47,650", "levelname": "INFO", "name": "AresGlobal", "message": "================================================================================", "correlation_id": "-", "session_id": "-", "timestamp": "2025-08-22T21:32:47.650608+00:00"}
{"asctime": "2025-08-22 23:32:47,650", "levelname": "INFO", "name": "AresGlobal", "message": "📊 SESSION SUMMARY", "correlation_id": "-", "session_id": "-", "timestamp": "2025-08-22T21:32:47.650824+00:00"}
{"asctime": "2025-08-22 23:32:47,650", "levelname": "INFO", "name": "AresGlobal", "message": "Session started: 2025-08-22 23:32:47", "correlation_id": "-", "session_id": "-", "timestamp": "2025-08-22T21:32:47.650995+00:00"}
{"asctime": "2025-08-22 23:32:47,651", "levelname": "INFO", "name": "AresGlobal", "message": "This file contains ALL logs for this session", "correlation_id": "-", "session_id": "-", "timestamp": "2025-08-22T21:32:47.651132+00:00"}
{"asctime": "2025-08-22 23:32:47,651", "levelname": "INFO", "name": "AresGlobal", "message": "================================================================================", "correlation_id": "-", "session_id": "-", "timestamp": "2025-08-22T21:32:47.651264+00:00"}
{"asctime": "2025-08-22 23:32:47,651", "levelname": "INFO", "name": "AresSystem", "message": "================================================================================", "correlation_id": "-", "session_id": "-", "timestamp": "2025-08-22T21:32:47.651447+00:00"}
{"asctime": "2025-08-22 23:32:47,651", "levelname": "INFO", "name": "AresGlobal", "message": "[SYSTEM] ================================================================================", "correlation_id": "-", "session_id": "-", "timestamp": "2025-08-22T21:32:47.651580+00:00"}
{"asctime": "2025-08-22 23:32:47,651", "levelname": "INFO", "name": "AresSystem", "message": "🚀 ARES LAUNCHER STARTED - Mode: INITIALIZATION", "correlation_id": "-", "session_id": "-", "timestamp": "2025-08-22T21:32:47.651705+00:00"}
{"asctime": "2025-08-22 23:32:47,651", "levelname": "INFO", "name": "AresGlobal", "message": "[SYSTEM] 🚀 ARES LAUNCHER STARTED - Mode: INITIALIZATION", "correlation_id": "-", "session_id": "-", "timestamp": "2025-08-22T21:32:47.651837+00:00"}
{"asctime": "2025-08-22 23:32:47,651", "levelname": "INFO", "name": "AresSystem", "message": "Start time: 2025-08-22 23:32:47", "correlation_id": "-", "session_id": "-", "timestamp": "2025-08-22T21:32:47.651981+00:00"}
{"asctime": "2025-08-22 23:32:47,652", "levelname": "INFO", "name": "AresGlobal", "message": "[SYSTEM] Start time: 2025-08-22 23:32:47", "correlation_id": "-", "session_id": "-", "timestamp": "2025-08-22T21:32:47.652107+00:00"}
{"asctime": "2025-08-22 23:32:47,652", "levelname": "INFO", "name": "AresSystem", "message": "Log directory: log", "correlation_id": "-", "session_id": "-", "timestamp": "2025-08-22T21:32:47.652240+00:00"}
{"asctime": "2025-08-22 23:32:47,652", "levelname": "INFO", "name": "AresGlobal", "message": "[SYSTEM] Log directory: log", "correlation_id": "-", "session_id": "-", "timestamp": "2025-08-22T21:32:47.652365+00:00"}
{"asctime": "2025-08-22 23:32:47,652", "levelname": "INFO", "name": "AresSystem", "message": "================================================================================", "correlation_id": "-", "session_id": "-", "timestamp": "2025-08-22T21:32:47.652484+00:00"}
{"asctime": "2025-08-22 23:32:47,652", "levelname": "INFO", "name": "AresGlobal", "message": "[SYSTEM] ================================================================================", "correlation_id": "-", "session_id": "-", "timestamp": "2025-08-22T21:32:47.652605+00:00"}
{"asctime": "2025-08-22 23:32:47,652", "levelname": "INFO", "name": "AresGlobal.AresLauncher", "message": "================================================================================", "correlation_id": "-", "session_id": "-", "timestamp": "2025-08-22T21:32:47.652727+00:00"}
{"asctime": "2025-08-22 23:32:47,652", "levelname": "INFO", "name": "AresGlobal.AresLauncher", "message": "🚀 ARES COMPREHENSIVE LAUNCHER", "correlation_id": "-", "session_id": "-", "timestamp": "2025-08-22T21:32:47.652848+00:00"}
{"asctime": "2025-08-22 23:32:47,653", "levelname": "INFO", "name": "AresGlobal.AresLauncher", "message": "================================================================================", "correlation_id": "-", "session_id": "-", "timestamp": "2025-08-22T21:32:47.653106+00:00"}
{"asctime": "2025-08-22 23:32:47,653", "levelname": "INFO", "name": "AresGlobal.AresLauncher", "message": "Start time: 2025-08-22 23:32:47", "correlation_id": "-", "session_id": "-", "timestamp": "2025-08-22T21:32:47.653282+00:00"}
{"asctime": "2025-08-22 23:32:47,653", "levelname": "INFO", "name": "AresGlobal.AresLauncher", "message": "Log directory: log", "correlation_id": "-", "session_id": "-", "timestamp": "2025-08-22T21:32:47.653423+00:00"}
{"asctime": "2025-08-22 23:32:47,653", "levelname": "INFO", "name": "AresGlobal.AresLauncher", "message": "Log level: INFO", "correlation_id": "-", "session_id": "-", "timestamp": "2025-08-22T21:32:47.653558+00:00"}
{"asctime": "2025-08-22 23:32:47,653", "levelname": "INFO", "name": "AresGlobal.AresLauncher", "message": "Global log file: ares_global_20250822_233247.log", "correlation_id": "-", "session_id": "-", "timestamp": "2025-08-22T21:32:47.653696+00:00"}
{"asctime": "2025-08-22 23:32:47,653", "levelname": "INFO", "name": "AresGlobal.AresLauncher", "message": "Full run log: log/ares_full_20250822_233247.log", "correlation_id": "-", "session_id": "-", "timestamp": "2025-08-22T21:32:47.653828+00:00"}
{"asctime": "2025-08-22 23:32:47,653", "levelname": "INFO", "name": "AresGlobal.AresLauncher", "message": "Trades log: log/ares_trades_20250822_233247.log", "correlation_id": "-", "session_id": "-", "timestamp": "2025-08-22T21:32:47.653943+00:00"}
{"asctime": "2025-08-22 23:32:47,654", "levelname": "INFO", "name": "AresGlobal.AresLauncher", "message": "Backtest log: log/ares_backtest_20250822_233247.log", "correlation_id": "-", "session_id": "-", "timestamp": "2025-08-22T21:32:47.654064+00:00"}
{"asctime": "2025-08-22 23:32:47,654", "levelname": "INFO", "name": "AresGlobal.AresLauncher", "message": "================================================================================", "correlation_id": "-", "session_id": "-", "timestamp": "2025-08-22T21:32:47.654184+00:00"}
{"asctime": "2025-08-22 23:32:47,654", "levelname": "INFO", "name": "AresTradingSystem.System.SignalHandler", "message": "Shutdown callback registered", "correlation_id": "-", "session_id": "-", "timestamp": "2025-08-22T21:32:47.654310+00:00"}
{"asctime": "2025-08-22 23:32:47,654", "levelname": "INFO", "name": "AresSystem", "message": "================================================================================", "correlation_id": "-", "session_id": "-", "timestamp": "2025-08-22T21:32:47.654440+00:00"}
{"asctime": "2025-08-22 23:32:47,654", "levelname": "INFO", "name": "AresGlobal", "message": "[SYSTEM] ================================================================================", "correlation_id": "-", "session_id": "-", "timestamp": "2025-08-22T21:32:47.654564+00:00"}
{"asctime": "2025-08-22 23:32:47,654", "levelname": "INFO", "name": "AresSystem", "message": "🚀 ARES LAUNCHER STARTED - Mode: load - Symbol: ETHUSDT - Exchange: BINANCE", "correlation_id": "-", "session_id": "-", "timestamp": "2025-08-22T21:32:47.654682+00:00"}
{"asctime": "2025-08-22 23:32:47,654", "levelname": "INFO", "name": "AresGlobal", "message": "[SYSTEM] 🚀 ARES LAUNCHER STARTED - Mode: load - Symbol: ETHUSDT - Exchange: BINANCE", "correlation_id": "-", "session_id": "-", "timestamp": "2025-08-22T21:32:47.654816+00:00"}
{"asctime": "2025-08-22 23:32:47,654", "levelname": "INFO", "name": "AresSystem", "message": "Start time: 2025-08-22 23:32:47", "correlation_id": "-", "session_id": "-", "timestamp": "2025-08-22T21:32:47.654953+00:00"}
{"asctime": "2025-08-22 23:32:47,655", "levelname": "INFO", "name": "AresGlobal", "message": "[SYSTEM] Start time: 2025-08-22 23:32:47", "correlation_id": "-", "session_id": "-", "timestamp": "2025-08-22T21:32:47.655079+00:00"}
{"asctime": "2025-08-22 23:32:47,655", "levelname": "INFO", "name": "AresSystem", "message": "Log directory: log", "correlation_id": "-", "session_id": "-", "timestamp": "2025-08-22T21:32:47.655197+00:00"}
{"asctime": "2025-08-22 23:32:47,655", "levelname": "INFO", "name": "AresGlobal", "message": "[SYSTEM] Log directory: log", "correlation_id": "-", "session_id": "-", "timestamp": "2025-08-22T21:32:47.655324+00:00"}
{"asctime": "2025-08-22 23:32:47,655", "levelname": "INFO", "name": "AresSystem", "message": "================================================================================", "correlation_id": "-", "session_id": "-", "timestamp": "2025-08-22T21:32:47.655440+00:00"}
{"asctime": "2025-08-22 23:32:47,655", "levelname": "INFO", "name": "AresGlobal", "message": "[SYSTEM] ================================================================================", "correlation_id": "-", "session_id": "-", "timestamp": "2025-08-22T21:32:47.655559+00:00"}
{"asctime": "2025-08-22 23:32:47,655", "levelname": "INFO", "name": "AresGlobal.AresLauncher", "message": "🔄 Starting data loading for ETHUSDT on BINANCE", "correlation_id": "-", "session_id": "-", "timestamp": "2025-08-22T21:32:47.655717+00:00"}
{"asctime": "2025-08-22 23:32:47,655", "levelname": "INFO", "name": "AresGlobal.AresLauncher", "message": "📥 Step 1: Downloading data...", "correlation_id": "-", "session_id": "-", "timestamp": "2025-08-22T21:32:47.655857+00:00"}
{"asctime": "2025-08-22 23:32:47,655", "levelname": "INFO", "name": "AresGlobal.AresLauncher", "message": "🔧 Running download command: /opt/homebrew/Caskroom/miniforge/base/bin/python backtesting/ares_data_downloader_optimized.py --symbol ETHUSDT --exchange BINANCE --lookback-years 2", "correlation_id": "-", "session_id": "-", "timestamp": "2025-08-22T21:32:47.656000+00:00"}
{"asctime": "2025-08-22 23:32:47,728", "levelname": "ERROR", "name": "AresGlobal.AresLauncher", "message": "❌ Download failed: None", "correlation_id": "-", "session_id": "-", "timestamp": "2025-08-22T21:32:47.728056+00:00"}
{"asctime": "2025-08-22 23:32:47,728", "levelname": "INFO", "name": "AresSystem", "message": "================================================================================", "correlation_id": "-", "session_id": "-", "timestamp": "2025-08-22T21:32:47.728742+00:00"}
{"asctime": "2025-08-22 23:32:47,728", "levelname": "INFO", "name": "AresGlobal", "message": "[SYSTEM] ================================================================================", "correlation_id": "-", "session_id": "-", "timestamp": "2025-08-22T21:32:47.728974+00:00"}
{"asctime": "2025-08-22 23:32:47,729", "levelname": "INFO", "name": "AresSystem", "message": "🛑 ARES LAUNCHER ENDED - Exit code: 1", "correlation_id": "-", "session_id": "-", "timestamp": "2025-08-22T21:32:47.729109+00:00"}
{"asctime": "2025-08-22 23:32:47,729", "levelname": "INFO", "name": "AresGlobal", "message": "[SYSTEM] 🛑 ARES LAUNCHER ENDED - Exit code: 1", "correlation_id": "-", "session_id": "-", "timestamp": "2025-08-22T21:32:47.729259+00:00"}
{"asctime": "2025-08-22 23:32:47,729", "levelname": "INFO", "name": "AresSystem", "message": "End time: 2025-08-22 23:32:47", "correlation_id": "-", "session_id": "-", "timestamp": "2025-08-22T21:32:47.729404+00:00"}
{"asctime": "2025-08-22 23:32:47,729", "levelname": "INFO", "name": "AresGlobal", "message": "[SYSTEM] End time: 2025-08-22 23:32:47", "correlation_id": "-", "session_id": "-", "timestamp": "2025-08-22T21:32:47.729536+00:00"}
{"asctime": "2025-08-22 23:32:47,729", "levelname": "INFO", "name": "AresSystem", "message": "================================================================================", "correlation_id": "-", "session_id": "-", "timestamp": "2025-08-22T21:32:47.729669+00:00"}
{"asctime": "2025-08-22 23:32:47,729", "levelname": "INFO", "name": "AresGlobal", "message": "[SYSTEM] ================================================================================", "correlation_id": "-", "session_id": "-", "timestamp": "2025-08-22T21:32:47.729801+00:00"}
{"asctime": "2025-08-22 23:32:47,730", "levelname": "INFO", "name": "AresGlobal.AresLauncher", "message": "🧹 Cleaning up processes...", "correlation_id": "-", "session_id": "-", "timestamp": "2025-08-22T21:32:47.730009+00:00"}
{"asctime": "2025-08-22 23:32:47,730", "levelname": "INFO", "name": "AresGlobal.AresLauncher", "message": "✅ Cleanup completed", "correlation_id": "-", "session_id": "-", "timestamp": "2025-08-22T21:32:47.730152+00:00"}
