{"asctime": "2025-08-20 23:01:01,861", "name": "AresGlobal", "levelname": "INFO", "message": "================================================================================", "correlation_id": "-", "session_id": "-"}
{"asctime": "2025-08-20 23:01:01,862", "name": "AresGlobal", "levelname": "INFO", "message": "\ud83d\udcca SESSION SUMMARY", "correlation_id": "-", "session_id": "-"}
{"asctime": "2025-08-20 23:01:01,862", "name": "AresGlobal", "levelname": "INFO", "message": "Session started: 2025-08-20 23:01:01", "correlation_id": "-", "session_id": "-"}
{"asctime": "2025-08-20 23:01:01,862", "name": "AresGlobal", "levelname": "INFO", "message": "This file contains ALL logs for this session", "correlation_id": "-", "session_id": "-"}
{"asctime": "2025-08-20 23:01:01,862", "name": "AresGlobal", "levelname": "INFO", "message": "================================================================================", "correlation_id": "-", "session_id": "-"}
{"asctime": "2025-08-20 23:01:01,862", "name": "AresSystem", "levelname": "INFO", "message": "================================================================================", "correlation_id": "-", "session_id": "-"}
{"asctime": "2025-08-20 23:01:01,862", "name": "AresGlobal", "levelname": "INFO", "message": "[SYSTEM] ================================================================================", "correlation_id": "-", "session_id": "-"}
{"asctime": "2025-08-20 23:01:01,862", "name": "AresSystem", "levelname": "INFO", "message": "\ud83d\ude80 ARES LAUNCHER STARTED - Mode: INITIALIZATION", "correlation_id": "-", "session_id": "-"}
{"asctime": "2025-08-20 23:01:01,862", "name": "AresGlobal", "levelname": "INFO", "message": "[SYSTEM] \ud83d\ude80 ARES LAUNCHER STARTED - Mode: INITIALIZATION", "correlation_id": "-", "session_id": "-"}
{"asctime": "2025-08-20 23:01:01,862", "name": "AresSystem", "levelname": "INFO", "message": "Start time: 2025-08-20 23:01:01", "correlation_id": "-", "session_id": "-"}
{"asctime": "2025-08-20 23:01:01,862", "name": "AresGlobal", "levelname": "INFO", "message": "[SYSTEM] Start time: 2025-08-20 23:01:01", "correlation_id": "-", "session_id": "-"}
{"asctime": "2025-08-20 23:01:01,863", "name": "AresSystem", "levelname": "INFO", "message": "Log directory: log", "correlation_id": "-", "session_id": "-"}
{"asctime": "2025-08-20 23:01:01,863", "name": "AresGlobal", "levelname": "INFO", "message": "[SYSTEM] Log directory: log", "correlation_id": "-", "session_id": "-"}
{"asctime": "2025-08-20 23:01:01,863", "name": "AresSystem", "levelname": "INFO", "message": "================================================================================", "correlation_id": "-", "session_id": "-"}
{"asctime": "2025-08-20 23:01:01,863", "name": "AresGlobal", "levelname": "INFO", "message": "[SYSTEM] ================================================================================", "correlation_id": "-", "session_id": "-"}
{"asctime": "2025-08-20 23:01:01,863", "name": "AresGlobal.AresLauncher", "levelname": "INFO", "message": "================================================================================", "correlation_id": "-", "session_id": "-"}
{"asctime": "2025-08-20 23:01:01,863", "name": "AresGlobal.AresLauncher", "levelname": "INFO", "message": "\ud83d\ude80 ARES COMPREHENSIVE LAUNCHER", "correlation_id": "-", "session_id": "-"}
{"asctime": "2025-08-20 23:01:01,863", "name": "AresGlobal.AresLauncher", "levelname": "INFO", "message": "================================================================================", "correlation_id": "-", "session_id": "-"}
{"asctime": "2025-08-20 23:01:01,863", "name": "AresGlobal.AresLauncher", "levelname": "INFO", "message": "Start time: 2025-08-20 23:01:01", "correlation_id": "-", "session_id": "-"}
{"asctime": "2025-08-20 23:01:01,863", "name": "AresGlobal.AresLauncher", "levelname": "INFO", "message": "Log directory: log", "correlation_id": "-", "session_id": "-"}
{"asctime": "2025-08-20 23:01:01,863", "name": "AresGlobal.AresLauncher", "levelname": "INFO", "message": "Log level: INFO", "correlation_id": "-", "session_id": "-"}
{"asctime": "2025-08-20 23:01:01,863", "name": "AresGlobal.AresLauncher", "levelname": "INFO", "message": "Global log file: ares_global_20250820_230101.log", "correlation_id": "-", "session_id": "-"}
{"asctime": "2025-08-20 23:01:01,863", "name": "AresGlobal.AresLauncher", "levelname": "INFO", "message": "Full run log: log/ares_full_20250820_230101.log", "correlation_id": "-", "session_id": "-"}
{"asctime": "2025-08-20 23:01:01,863", "name": "AresGlobal.AresLauncher", "levelname": "INFO", "message": "Trades log: log/ares_trades_20250820_230101.log", "correlation_id": "-", "session_id": "-"}
{"asctime": "2025-08-20 23:01:01,864", "name": "AresGlobal.AresLauncher", "levelname": "INFO", "message": "Backtest log: log/ares_backtest_20250820_230101.log", "correlation_id": "-", "session_id": "-"}
{"asctime": "2025-08-20 23:01:01,864", "name": "AresGlobal.AresLauncher", "levelname": "INFO", "message": "================================================================================", "correlation_id": "-", "session_id": "-"}
{"asctime": "2025-08-20 23:01:01,864", "name": "ares.SignalHandler", "levelname": "INFO", "message": "Shutdown callback registered", "correlation_id": "-", "session_id": "-"}
{"asctime": "2025-08-20 23:01:01,864", "name": "AresSystem", "levelname": "INFO", "message": "================================================================================", "correlation_id": "-", "session_id": "-"}
{"asctime": "2025-08-20 23:01:01,864", "name": "AresGlobal", "levelname": "INFO", "message": "[SYSTEM] ================================================================================", "correlation_id": "-", "session_id": "-"}
{"asctime": "2025-08-20 23:01:01,864", "name": "AresSystem", "levelname": "INFO", "message": "\ud83d\ude80 ARES LAUNCHER STARTED - Mode: blank - Symbol: ETHUSDT - Exchange: BINANCE", "correlation_id": "-", "session_id": "-"}
{"asctime": "2025-08-20 23:01:01,864", "name": "AresGlobal", "levelname": "INFO", "message": "[SYSTEM] \ud83d\ude80 ARES LAUNCHER STARTED - Mode: blank - Symbol: ETHUSDT - Exchange: BINANCE", "correlation_id": "-", "session_id": "-"}
{"asctime": "2025-08-20 23:01:01,864", "name": "AresSystem", "levelname": "INFO", "message": "Start time: 2025-08-20 23:01:01", "correlation_id": "-", "session_id": "-"}
{"asctime": "2025-08-20 23:01:01,864", "name": "AresGlobal", "levelname": "INFO", "message": "[SYSTEM] Start time: 2025-08-20 23:01:01", "correlation_id": "-", "session_id": "-"}
{"asctime": "2025-08-20 23:01:01,864", "name": "AresSystem", "levelname": "INFO", "message": "Log directory: log", "correlation_id": "-", "session_id": "-"}
{"asctime": "2025-08-20 23:01:01,864", "name": "AresGlobal", "levelname": "INFO", "message": "[SYSTEM] Log directory: log", "correlation_id": "-", "session_id": "-"}
{"asctime": "2025-08-20 23:01:01,864", "name": "AresSystem", "levelname": "INFO", "message": "================================================================================", "correlation_id": "-", "session_id": "-"}
{"asctime": "2025-08-20 23:01:01,865", "name": "AresGlobal", "levelname": "INFO", "message": "[SYSTEM] ================================================================================", "correlation_id": "-", "session_id": "-"}
{"asctime": "2025-08-20 23:01:01,865", "name": "AresGlobal.AresLauncher", "levelname": "INFO", "message": "\ud83d\ude80 Running enhanced 16-step training pipeline for ETHUSDT on BINANCE", "correlation_id": "-", "session_id": "-"}
{"asctime": "2025-08-20 23:01:01,865", "name": "AresGlobal.AresLauncher", "levelname": "INFO", "message": "Starting from step: step2_feature_engineering", "correlation_id": "-", "session_id": "-"}
{"asctime": "2025-08-20 23:01:01,866", "name": "AresGlobal.AresLauncher", "levelname": "INFO", "message": "\ud83e\uddea BLANK TRAINING MODE: Set BLANK_TRAINING_MODE=1 for step-based training", "correlation_id": "-", "session_id": "-"}
{"asctime": "2025-08-20 23:01:01,866", "name": "ares.ProgressManager", "levelname": "INFO", "message": "Initialized ProgressManager for ETHUSDT on BINANCE", "correlation_id": "-", "session_id": "-"}
{"asctime": "2025-08-20 23:01:01,866", "name": "ares.ProgressManager", "levelname": "INFO", "message": "Progress directory: data/training/progress/BINANCE_ETHUSDT", "correlation_id": "-", "session_id": "-"}
{"asctime": "2025-08-20 23:01:01,866", "name": "ares.StepOrchestrator", "levelname": "INFO", "message": "Initialized StepOrchestrator for ETHUSDT on BINANCE", "correlation_id": "-", "session_id": "-"}
{"asctime": "2025-08-20 23:01:01,867", "name": "ares.ProgressManager", "levelname": "INFO", "message": "\ud83d\uddd1\ufe0f  Cleared progress for step2_feature_engineering", "correlation_id": "-", "session_id": "-"}
{"asctime": "2025-08-20 23:01:01,867", "name": "AresGlobal.AresLauncher", "levelname": "INFO", "message": "\ud83e\uddf9 Cleared progress for 'step2_feature_engineering' (force)", "correlation_id": "-", "session_id": "-"}
{"asctime": "2025-08-20 23:01:01,867", "name": "ares.ProgressManager", "levelname": "INFO", "message": "\ud83d\uddd1\ufe0f  Cleared progress for step3_hmm_regime_discovery", "correlation_id": "-", "session_id": "-"}
{"asctime": "2025-08-20 23:01:01,867", "name": "AresGlobal.AresLauncher", "levelname": "INFO", "message": "\ud83e\uddf9 Cleared progress for 'step3_hmm_regime_discovery' (force)", "correlation_id": "-", "session_id": "-"}
{"asctime": "2025-08-20 23:01:01,867", "name": "ares.ProgressManager", "levelname": "INFO", "message": "\ud83d\uddd1\ufe0f  Cleared progress for step4_processing_labeling", "correlation_id": "-", "session_id": "-"}
{"asctime": "2025-08-20 23:01:01,867", "name": "AresGlobal.AresLauncher", "levelname": "INFO", "message": "\ud83e\uddf9 Cleared progress for 'step4_processing_labeling' (force)", "correlation_id": "-", "session_id": "-"}
{"asctime": "2025-08-20 23:01:01,867", "name": "ares.ProgressManager", "levelname": "INFO", "message": "\ud83d\uddd1\ufe0f  Cleared progress for step5_regime_data_splitting", "correlation_id": "-", "session_id": "-"}
{"asctime": "2025-08-20 23:01:01,867", "name": "AresGlobal.AresLauncher", "levelname": "INFO", "message": "\ud83e\uddf9 Cleared progress for 'step5_regime_data_splitting' (force)", "correlation_id": "-", "session_id": "-"}
{"asctime": "2025-08-20 23:01:01,867", "name": "ares.ProgressManager", "levelname": "INFO", "message": "\ud83d\uddd1\ufe0f  Cleared progress for step6_hmm_based_training", "correlation_id": "-", "session_id": "-"}
{"asctime": "2025-08-20 23:01:01,867", "name": "AresGlobal.AresLauncher", "levelname": "INFO", "message": "\ud83e\uddf9 Cleared progress for 'step6_hmm_based_training' (force)", "correlation_id": "-", "session_id": "-"}
{"asctime": "2025-08-20 23:01:01,867", "name": "ares.ProgressManager", "levelname": "INFO", "message": "\ud83d\uddd1\ufe0f  Cleared progress for step6_5_unified_regime_intelligence", "correlation_id": "-", "session_id": "-"}
{"asctime": "2025-08-20 23:01:01,867", "name": "AresGlobal.AresLauncher", "levelname": "INFO", "message": "\ud83e\uddf9 Cleared progress for 'step6_5_unified_regime_intelligence' (force)", "correlation_id": "-", "session_id": "-"}
{"asctime": "2025-08-20 23:01:01,867", "name": "ares.ProgressManager", "levelname": "INFO", "message": "\ud83d\uddd1\ufe0f  Cleared progress for step7_analyst_enhancement", "correlation_id": "-", "session_id": "-"}
{"asctime": "2025-08-20 23:01:01,868", "name": "AresGlobal.AresLauncher", "levelname": "INFO", "message": "\ud83e\uddf9 Cleared progress for 'step7_analyst_enhancement' (force)", "correlation_id": "-", "session_id": "-"}
{"asctime": "2025-08-20 23:01:01,868", "name": "ares.ProgressManager", "levelname": "INFO", "message": "\ud83d\uddd1\ufe0f  Cleared progress for step8_tactician_labeling", "correlation_id": "-", "session_id": "-"}
{"asctime": "2025-08-20 23:01:01,868", "name": "AresGlobal.AresLauncher", "levelname": "INFO", "message": "\ud83e\uddf9 Cleared progress for 'step8_tactician_labeling' (force)", "correlation_id": "-", "session_id": "-"}
{"asctime": "2025-08-20 23:01:01,868", "name": "ares.ProgressManager", "levelname": "INFO", "message": "\ud83d\uddd1\ufe0f  Cleared progress for step9_tactician_specialist_training", "correlation_id": "-", "session_id": "-"}
{"asctime": "2025-08-20 23:01:01,868", "name": "AresGlobal.AresLauncher", "levelname": "INFO", "message": "\ud83e\uddf9 Cleared progress for 'step9_tactician_specialist_training' (force)", "correlation_id": "-", "session_id": "-"}
{"asctime": "2025-08-20 23:01:01,868", "name": "ares.ProgressManager", "levelname": "INFO", "message": "\ud83d\uddd1\ufe0f  Cleared progress for step10_confidence_calibration", "correlation_id": "-", "session_id": "-"}
{"asctime": "2025-08-20 23:01:01,868", "name": "AresGlobal.AresLauncher", "levelname": "INFO", "message": "\ud83e\uddf9 Cleared progress for 'step10_confidence_calibration' (force)", "correlation_id": "-", "session_id": "-"}
{"asctime": "2025-08-20 23:01:01,868", "name": "ares.ProgressManager", "levelname": "INFO", "message": "\ud83d\uddd1\ufe0f  Cleared progress for step11_final_parameters_optimization", "correlation_id": "-", "session_id": "-"}
{"asctime": "2025-08-20 23:01:01,868", "name": "AresGlobal.AresLauncher", "levelname": "INFO", "message": "\ud83e\uddf9 Cleared progress for 'step11_final_parameters_optimization' (force)", "correlation_id": "-", "session_id": "-"}
{"asctime": "2025-08-20 23:01:01,868", "name": "ares.ProgressManager", "levelname": "INFO", "message": "\ud83d\uddd1\ufe0f  Cleared progress for step12_walk_forward_validation", "correlation_id": "-", "session_id": "-"}
{"asctime": "2025-08-20 23:01:01,868", "name": "AresGlobal.AresLauncher", "levelname": "INFO", "message": "\ud83e\uddf9 Cleared progress for 'step12_walk_forward_validation' (force)", "correlation_id": "-", "session_id": "-"}
{"asctime": "2025-08-20 23:01:01,868", "name": "ares.ProgressManager", "levelname": "INFO", "message": "\ud83d\uddd1\ufe0f  Cleared progress for step13_monte_carlo_validation", "correlation_id": "-", "session_id": "-"}
{"asctime": "2025-08-20 23:01:01,868", "name": "AresGlobal.AresLauncher", "levelname": "INFO", "message": "\ud83e\uddf9 Cleared progress for 'step13_monte_carlo_validation' (force)", "correlation_id": "-", "session_id": "-"}
{"asctime": "2025-08-20 23:01:01,868", "name": "ares.ProgressManager", "levelname": "INFO", "message": "\ud83d\uddd1\ufe0f  Cleared progress for step14_ab_testing", "correlation_id": "-", "session_id": "-"}
{"asctime": "2025-08-20 23:01:01,868", "name": "AresGlobal.AresLauncher", "levelname": "INFO", "message": "\ud83e\uddf9 Cleared progress for 'step14_ab_testing' (force)", "correlation_id": "-", "session_id": "-"}
{"asctime": "2025-08-20 23:01:01,869", "name": "ares.ProgressManager", "levelname": "INFO", "message": "\ud83d\uddd1\ufe0f  Cleared progress for step15_saving", "correlation_id": "-", "session_id": "-"}
{"asctime": "2025-08-20 23:01:01,869", "name": "AresGlobal.AresLauncher", "levelname": "INFO", "message": "\ud83e\uddf9 Cleared progress for 'step15_saving' (force)", "correlation_id": "-", "session_id": "-"}
{"asctime": "2025-08-20 23:01:01,869", "name": "AresGlobal.AresLauncher", "levelname": "INFO", "message": "\u2705 Cleared progress for 15 steps: ['step2_feature_engineering', 'step3_hmm_regime_discovery', 'step4_processing_labeling', 'step5_regime_data_splitting', 'step6_hmm_based_training', 'step6_5_unified_regime_intelligence', 'step7_analyst_enhancement', 'step8_tactician_labeling', 'step9_tactician_specialist_training', 'step10_confidence_calibration', 'step11_final_parameters_optimization', 'step12_walk_forward_validation', 'step13_monte_carlo_validation', 'step14_ab_testing', 'step15_saving']", "correlation_id": "-", "session_id": "-"}
{"asctime": "2025-08-20 23:01:01,869", "name": "asyncio", "levelname": "DEBUG", "message": "Using selector: KqueueSelector", "correlation_id": "-", "session_id": "-"}
{"asctime": "2025-08-20 23:01:01,869", "name": "ares.StepOrchestrator", "levelname": "INFO", "message": "\ud83d\ude80 Starting execution from step: step2_feature_engineering", "correlation_id": "-", "session_id": "-"}
{"asctime": "2025-08-20 23:01:01,925", "name": "src.utils.prometheus_metrics", "levelname": "INFO", "message": "Prometheus metrics server started on port 9000", "correlation_id": "-", "session_id": "-"}
{"asctime": "2025-08-20 23:01:03,547", "name": "matplotlib", "levelname": "DEBUG", "message": "matplotlib data path: /opt/homebrew/Caskroom/miniforge/base/lib/python3.12/site-packages/matplotlib/mpl-data", "correlation_id": "-", "session_id": "-"}
{"asctime": "2025-08-20 23:01:03,550", "name": "matplotlib", "levelname": "DEBUG", "message": "CONFIGDIR=/Users/remyroche/.matplotlib", "correlation_id": "-", "session_id": "-"}
{"asctime": "2025-08-20 23:01:03,551", "name": "matplotlib", "levelname": "DEBUG", "message": "interactive is False", "correlation_id": "-", "session_id": "-"}
{"asctime": "2025-08-20 23:01:03,551", "name": "matplotlib", "levelname": "DEBUG", "message": "platform is darwin", "correlation_id": "-", "session_id": "-"}
{"asctime": "2025-08-20 23:01:03,591", "name": "matplotlib", "levelname": "DEBUG", "message": "CACHEDIR=/Users/remyroche/.matplotlib", "correlation_id": "-", "session_id": "-"}
{"asctime": "2025-08-20 23:01:03,593", "name": "matplotlib.font_manager", "levelname": "DEBUG", "message": "Using fontManager instance from /Users/remyroche/.matplotlib/fontlist-v390.json", "correlation_id": "-", "session_id": "-"}
{"asctime": "2025-08-20 23:01:04,812", "name": "ares.StepOrchestrator", "levelname": "ERROR", "message": "Failed to setup enhanced training manager: expected an indented block after 'try' statement on line 274 (trading_decorators.py, line 275)", "correlation_id": "-", "session_id": "-", "exc_info": "Traceback (most recent call last):\n  File \"/Users/remyroche/Documents/Ares/src/training/step_orchestrator.py\", line 74, in _setup_enhanced_training_manager\n    from src.training.enhanced_training_manager import (\n  File \"/Users/remyroche/Documents/Ares/src/training/enhanced_training_manager.py\", line 67, in <module>\n    from src.training.model_trainer import setup_model_trainer\n  File \"/Users/remyroche/Documents/Ares/src/training/model_trainer.py\", line 62, in <module>\n    from src.utils.trading_decorators import (\n  File \"/Users/remyroche/Documents/Ares/src/utils/trading_decorators.py\", line 275\n    pass\nIndentationError: expected an indented block after 'try' statement on line 274"}
{"asctime": "2025-08-20 23:01:04,814", "name": "ares.StepOrchestrator", "levelname": "INFO", "message": "\u001b[91m\u001b[1m\ud83d\udeab\u001b[0m \u001b[91m\u001b[1mFailed to setup enhanced training manager: expected an indented block after 'try' statement on line 274 (trading_decorators.py, line 275)\u001b[0m", "correlation_id": "-", "session_id": "-"}
{"asctime": "2025-08-20 23:01:04,814", "name": "AresGlobal.AresLauncher", "levelname": "ERROR", "message": "\u274c Step-based training pipeline failed", "correlation_id": "-", "session_id": "-"}
{"asctime": "2025-08-20 23:01:04,814", "name": "AresSystem", "levelname": "INFO", "message": "================================================================================", "correlation_id": "-", "session_id": "-"}
{"asctime": "2025-08-20 23:01:04,814", "name": "AresGlobal", "levelname": "INFO", "message": "[SYSTEM] ================================================================================", "correlation_id": "-", "session_id": "-"}
{"asctime": "2025-08-20 23:01:04,814", "name": "AresSystem", "levelname": "INFO", "message": "\ud83d\uded1 ARES LAUNCHER ENDED - Exit code: 1", "correlation_id": "-", "session_id": "-"}
{"asctime": "2025-08-20 23:01:04,814", "name": "AresGlobal", "levelname": "INFO", "message": "[SYSTEM] \ud83d\uded1 ARES LAUNCHER ENDED - Exit code: 1", "correlation_id": "-", "session_id": "-"}
{"asctime": "2025-08-20 23:01:04,815", "name": "AresSystem", "levelname": "INFO", "message": "End time: 2025-08-20 23:01:04", "correlation_id": "-", "session_id": "-"}
{"asctime": "2025-08-20 23:01:04,815", "name": "AresGlobal", "levelname": "INFO", "message": "[SYSTEM] End time: 2025-08-20 23:01:04", "correlation_id": "-", "session_id": "-"}
{"asctime": "2025-08-20 23:01:04,815", "name": "AresSystem", "levelname": "INFO", "message": "================================================================================", "correlation_id": "-", "session_id": "-"}
{"asctime": "2025-08-20 23:01:04,815", "name": "AresGlobal", "levelname": "INFO", "message": "[SYSTEM] ================================================================================", "correlation_id": "-", "session_id": "-"}
