{"asctime": "2025-08-19 17:40:57,929", "levelname": "INFO", "name": "AresTradingSystem", "message": "✅ Enhanced Logger initialization completed successfully", "correlation_id": "-", "session_id": "-", "timestamp": "2025-08-19T15:40:57.929452+00:00"}
{"asctime": "2025-08-19 17:40:58,045", "levelname": "INFO", "name": "AresTradingSystem.System.VectorizedAdvancedFeatureEngineering", "message": "✅ Subsampling disabled for blank/short-blank horizon (<=180d)", "correlation_id": "-", "session_id": "-", "timestamp": "2025-08-19T15:40:58.045673+00:00"}
{"asctime": "2025-08-19 17:40:58,045", "levelname": "INFO", "name": "AresTradingSystem.System.VectorizedAdvancedFeatureEngineering", "message": "✅ Configured joblib memory cache: data/joblib_cache", "correlation_id": "-", "session_id": "-", "timestamp": "2025-08-19T15:40:58.045861+00:00"}
{"asctime": "2025-08-19 17:40:58,067", "levelname": "INFO", "name": "AresTradingSystem.System.EnhancedTrainingManager", "message": "✅ Enhanced matrix operations and GPU acceleration initialized", "correlation_id": "-", "session_id": "-", "timestamp": "2025-08-19T15:40:58.067418+00:00"}
{"asctime": "2025-08-19 17:40:58,067", "levelname": "INFO", "name": "AresTradingSystem.System.EnhancedTrainingManager", "message": "🚀 Initializing Enhanced Training Manager...", "correlation_id": "-", "session_id": "-", "timestamp": "2025-08-19T15:40:58.067538+00:00"}
{"asctime": "2025-08-19 17:40:58,067", "levelname": "INFO", "name": "AresTradingSystem.System.EnhancedTrainingManager", "message": "📊 Blank training mode: True", "correlation_id": "-", "session_id": "-", "timestamp": "2025-08-19T15:40:58.067615+00:00"}
{"asctime": "2025-08-19 17:40:58,067", "levelname": "INFO", "name": "AresTradingSystem.System.EnhancedTrainingManager", "message": "🔧 Max trials: 200", "correlation_id": "-", "session_id": "-", "timestamp": "2025-08-19T15:40:58.067680+00:00"}
{"asctime": "2025-08-19 17:40:58,067", "levelname": "INFO", "name": "AresTradingSystem.System.EnhancedTrainingManager", "message": "🔧 N trials: 100", "correlation_id": "-", "session_id": "-", "timestamp": "2025-08-19T15:40:58.067744+00:00"}
{"asctime": "2025-08-19 17:40:58,067", "levelname": "INFO", "name": "AresTradingSystem.System.EnhancedTrainingManager", "message": "📈 Lookback days: 180", "correlation_id": "-", "session_id": "-", "timestamp": "2025-08-19T15:40:58.067807+00:00"}
{"asctime": "2025-08-19 17:40:58,067", "levelname": "INFO", "name": "AresTradingSystem.System.EnhancedTrainingManager", "message": "🚀 Computational optimization: True", "correlation_id": "-", "session_id": "-", "timestamp": "2025-08-19T15:40:58.067868+00:00"}
{"asctime": "2025-08-19 17:40:58,067", "levelname": "INFO", "name": "AresTradingSystem.System.EnhancedTrainingManager", "message": "📊 Resource Analysis:", "correlation_id": "-", "session_id": "-", "timestamp": "2025-08-19T15:40:58.067963+00:00"}
{"asctime": "2025-08-19 17:40:58,068", "levelname": "INFO", "name": "AresTradingSystem.System.EnhancedTrainingManager", "message": "   💾 System Memory: 16.0 GB", "correlation_id": "-", "session_id": "-", "timestamp": "2025-08-19T15:40:58.068026+00:00"}
{"asctime": "2025-08-19 17:40:58,068", "levelname": "INFO", "name": "AresTradingSystem.System.EnhancedTrainingManager", "message": "   🖥️ CPU Cores: 8", "correlation_id": "-", "session_id": "-", "timestamp": "2025-08-19T15:40:58.068085+00:00"}
{"asctime": "2025-08-19 17:40:58,068", "levelname": "INFO", "name": "AresTradingSystem.System.EnhancedTrainingManager", "message": "   📈 Estimated Memory Usage: 4.0 GB", "correlation_id": "-", "session_id": "-", "timestamp": "2025-08-19T15:40:58.068148+00:00"}
{"asctime": "2025-08-19 17:40:58,068", "levelname": "INFO", "name": "AresTradingSystem.System.EnhancedTrainingManager", "message": "   ⏱️ Estimated Time: 90 minutes (1.5 hours)", "correlation_id": "-", "session_id": "-", "timestamp": "2025-08-19T15:40:58.068207+00:00"}
{"asctime": "2025-08-19 17:40:58,068", "levelname": "INFO", "name": "AresTradingSystem.System.EnhancedTrainingManager", "message": "   🤖 Models to Train: 4", "correlation_id": "-", "session_id": "-", "timestamp": "2025-08-19T15:40:58.068267+00:00"}
{"asctime": "2025-08-19 17:40:58,068", "levelname": "INFO", "name": "AresTradingSystem.System.EnhancedTrainingManager", "message": "   🔧 Optimization Trials: 50", "correlation_id": "-", "session_id": "-", "timestamp": "2025-08-19T15:40:58.068332+00:00"}
{"asctime": "2025-08-19 17:40:58,068", "levelname": "INFO", "name": "AresTradingSystem.System.EnhancedTrainingManager", "message": "📋 Step-by-Step Time Estimates:", "correlation_id": "-", "session_id": "-", "timestamp": "2025-08-19T15:40:58.068389+00:00"}
{"asctime": "2025-08-19 17:40:58,068", "levelname": "INFO", "name": "AresTradingSystem.System.EnhancedTrainingManager", "message": "   step1_data_collection: 5 min (4.3%)", "correlation_id": "-", "session_id": "-", "timestamp": "2025-08-19T15:40:58.068449+00:00"}
{"asctime": "2025-08-19 17:40:58,068", "levelname": "INFO", "name": "AresTradingSystem.System.EnhancedTrainingManager", "message": "   step2_feature_engineering: 15 min (13.0%)", "correlation_id": "-", "session_id": "-", "timestamp": "2025-08-19T15:40:58.068507+00:00"}
{"asctime": "2025-08-19 17:40:58,068", "levelname": "INFO", "name": "AresTradingSystem.System.EnhancedTrainingManager", "message": "   step3_hmm_regime_discovery: 3 min (2.6%)", "correlation_id": "-", "session_id": "-", "timestamp": "2025-08-19T15:40:58.068565+00:00"}
{"asctime": "2025-08-19 17:40:58,068", "levelname": "INFO", "name": "AresTradingSystem.System.EnhancedTrainingManager", "message": "   step4_processing_labeling: 8 min (7.0%)", "correlation_id": "-", "session_id": "-", "timestamp": "2025-08-19T15:40:58.068621+00:00"}
{"asctime": "2025-08-19 17:40:58,068", "levelname": "INFO", "name": "AresTradingSystem.System.EnhancedTrainingManager", "message": "   step5_regime_data_splitting: 2 min (1.7%)", "correlation_id": "-", "session_id": "-", "timestamp": "2025-08-19T15:40:58.068675+00:00"}
{"asctime": "2025-08-19 17:40:58,068", "levelname": "INFO", "name": "AresTradingSystem.System.EnhancedTrainingManager", "message": "   step6_hmm_based_training: 10 min (8.7%)", "correlation_id": "-", "session_id": "-", "timestamp": "2025-08-19T15:40:58.068730+00:00"}
{"asctime": "2025-08-19 17:40:58,068", "levelname": "INFO", "name": "AresTradingSystem.System.EnhancedTrainingManager", "message": "   step6_5_unified_regime_intelligence: 8 min (7.0%)", "correlation_id": "-", "session_id": "-", "timestamp": "2025-08-19T15:40:58.068784+00:00"}
{"asctime": "2025-08-19 17:40:58,068", "levelname": "INFO", "name": "AresTradingSystem.System.EnhancedTrainingManager", "message": "   step7_analyst_enhancement: 8 min (7.0%)", "correlation_id": "-", "session_id": "-", "timestamp": "2025-08-19T15:40:58.068838+00:00"}
{"asctime": "2025-08-19 17:40:58,068", "levelname": "INFO", "name": "AresTradingSystem.System.EnhancedTrainingManager", "message": "   step8_tactician_labeling: 5 min (4.3%)", "correlation_id": "-", "session_id": "-", "timestamp": "2025-08-19T15:40:58.068891+00:00"}
{"asctime": "2025-08-19 17:40:58,068", "levelname": "INFO", "name": "AresTradingSystem.System.EnhancedTrainingManager", "message": "   step9_tactician_specialist_training: 10 min (8.7%)", "correlation_id": "-", "session_id": "-", "timestamp": "2025-08-19T15:40:58.068944+00:00"}
{"asctime": "2025-08-19 17:40:58,068", "levelname": "INFO", "name": "AresTradingSystem.System.EnhancedTrainingManager", "message": "   step10_confidence_calibration: 3 min (2.6%)", "correlation_id": "-", "session_id": "-", "timestamp": "2025-08-19T15:40:58.068996+00:00"}
{"asctime": "2025-08-19 17:40:58,069", "levelname": "INFO", "name": "AresTradingSystem.System.EnhancedTrainingManager", "message": "   step11_final_parameters_optimization: 15 min (13.0%)", "correlation_id": "-", "session_id": "-", "timestamp": "2025-08-19T15:40:58.069048+00:00"}
{"asctime": "2025-08-19 17:40:58,069", "levelname": "INFO", "name": "AresTradingSystem.System.EnhancedTrainingManager", "message": "   step12_walk_forward_validation: 8 min (7.0%)", "correlation_id": "-", "session_id": "-", "timestamp": "2025-08-19T15:40:58.069101+00:00"}
{"asctime": "2025-08-19 17:40:58,069", "levelname": "INFO", "name": "AresTradingSystem.System.EnhancedTrainingManager", "message": "   step13_monte_carlo_validation: 8 min (7.0%)", "correlation_id": "-", "session_id": "-", "timestamp": "2025-08-19T15:40:58.069158+00:00"}
{"asctime": "2025-08-19 17:40:58,069", "levelname": "INFO", "name": "AresTradingSystem.System.EnhancedTrainingManager", "message": "   step14_ab_testing: 5 min (4.3%)", "correlation_id": "-", "session_id": "-", "timestamp": "2025-08-19T15:40:58.069210+00:00"}
{"asctime": "2025-08-19 17:40:58,069", "levelname": "INFO", "name": "AresTradingSystem.System.EnhancedTrainingManager", "message": "   step15_saving: 2 min (1.7%)", "correlation_id": "-", "session_id": "-", "timestamp": "2025-08-19T15:40:58.069266+00:00"}
{"asctime": "2025-08-19 17:40:58,069", "levelname": "INFO", "name": "AresTradingSystem.System.EnhancedTrainingManager", "message": "💡 Recommendations:", "correlation_id": "-", "session_id": "-", "timestamp": "2025-08-19T15:40:58.069319+00:00"}
{"asctime": "2025-08-19 17:40:58,069", "levelname": "INFO", "name": "AresTradingSystem.System.EnhancedTrainingManager", "message": "   ✅ Blank training mode is suitable for your system", "correlation_id": "-", "session_id": "-", "timestamp": "2025-08-19T15:40:58.069376+00:00"}
{"asctime": "2025-08-19 17:40:58,069", "levelname": "INFO", "name": "AresTradingSystem.System.EnhancedTrainingManager", "message": "🚀 Initializing computational optimization components...", "correlation_id": "-", "session_id": "-", "timestamp": "2025-08-19T15:40:58.069437+00:00"}
{"asctime": "2025-08-19 17:40:58,069", "levelname": "INFO", "name": "AresTradingSystem.System.EnhancedTrainingManager", "message": "✅ Computational optimization components initialized successfully", "correlation_id": "-", "session_id": "-", "timestamp": "2025-08-19T15:40:58.069843+00:00"}
{"asctime": "2025-08-19 17:40:58,069", "levelname": "INFO", "name": "AresTradingSystem.System.VectorizedTrainingPipeline", "message": "🚀 Initializing Vectorized Training Pipeline...", "correlation_id": "-", "session_id": "-", "timestamp": "2025-08-19T15:40:58.069909+00:00"}
{"asctime": "2025-08-19 17:40:58,069", "levelname": "INFO", "name": "AresTradingSystem.System.VectorizedTrainingPipeline", "message": "📊 Initializing matrix enhancement components...", "correlation_id": "-", "session_id": "-", "timestamp": "2025-08-19T15:40:58.069967+00:00"}
{"asctime": "2025-08-19 17:40:58,070", "levelname": "INFO", "name": "AresTradingSystem.System.VectorizedAdvancedFeatureEngineering", "message": "🚀 Initializing vectorized advanced feature engineering...", "correlation_id": "-", "session_id": "-", "timestamp": "2025-08-19T15:40:58.070023+00:00"}
{"asctime": "2025-08-19 17:40:58,070", "levelname": "INFO", "name": "AresTradingSystem.System.WaveletFeatureCache", "message": "✅ Cache directory initialized: data/wavelet_cache", "correlation_id": "-", "session_id": "-", "timestamp": "2025-08-19T15:40:58.070161+00:00"}
{"asctime": "2025-08-19 17:40:58,070", "levelname": "INFO", "name": "AresTradingSystem.System.VectorizedVolatilityRegimeModel", "message": "🚀 Initializing VectorizedVolatilityRegimeModel...", "correlation_id": "-", "session_id": "-", "timestamp": "2025-08-19T15:40:58.070228+00:00"}
{"asctime": "2025-08-19 17:40:58,070", "levelname": "INFO", "name": "AresTradingSystem.System.VectorizedVolatilityRegimeModel", "message": "✅ VectorizedVolatilityRegimeModel initialized successfully", "correlation_id": "-", "session_id": "-", "timestamp": "2025-08-19T15:40:58.070284+00:00"}
{"asctime": "2025-08-19 17:40:58,070", "levelname": "INFO", "name": "AresTradingSystem.System.VectorizedCorrelationAnalyzer", "message": "🚀 Initializing VectorizedCorrelationAnalyzer...", "correlation_id": "-", "session_id": "-", "timestamp": "2025-08-19T15:40:58.070346+00:00"}
{"asctime": "2025-08-19 17:40:58,070", "levelname": "INFO", "name": "AresTradingSystem.System.VectorizedCorrelationAnalyzer", "message": "✅ VectorizedCorrelationAnalyzer initialized successfully", "correlation_id": "-", "session_id": "-", "timestamp": "2025-08-19T15:40:58.070406+00:00"}
{"asctime": "2025-08-19 17:40:58,070", "levelname": "INFO", "name": "AresTradingSystem.System.VectorizedMomentumAnalyzer", "message": "🚀 Initializing VectorizedMomentumAnalyzer...", "correlation_id": "-", "session_id": "-", "timestamp": "2025-08-19T15:40:58.070470+00:00"}
{"asctime": "2025-08-19 17:40:58,070", "levelname": "INFO", "name": "AresTradingSystem.System.VectorizedMomentumAnalyzer", "message": "✅ VectorizedMomentumAnalyzer initialized successfully", "correlation_id": "-", "session_id": "-", "timestamp": "2025-08-19T15:40:58.070526+00:00"}
{"asctime": "2025-08-19 17:40:58,070", "levelname": "INFO", "name": "AresTradingSystem.System.VectorizedAdvancedFeatureEngineering", "message": "🔍 Creating VectorizedLiquidityAnalyzer...", "correlation_id": "-", "session_id": "-", "timestamp": "2025-08-19T15:40:58.070581+00:00"}
{"asctime": "2025-08-19 17:40:58,070", "levelname": "INFO", "name": "AresTradingSystem.System.VectorizedAdvancedFeatureEngineering", "message": "🔍 VectorizedLiquidityAnalyzer created, initializing...", "correlation_id": "-", "session_id": "-", "timestamp": "2025-08-19T15:40:58.070640+00:00"}
{"asctime": "2025-08-19 17:40:58,070", "levelname": "INFO", "name": "AresTradingSystem.System.VectorizedLiquidityAnalyzer", "message": "🚀 Initializing VectorizedLiquidityAnalyzer...", "correlation_id": "-", "session_id": "-", "timestamp": "2025-08-19T15:40:58.070696+00:00"}
{"asctime": "2025-08-19 17:40:58,070", "levelname": "INFO", "name": "AresTradingSystem.System.VectorizedLiquidityAnalyzer", "message": "✅ VectorizedLiquidityAnalyzer initialized successfully", "correlation_id": "-", "session_id": "-", "timestamp": "2025-08-19T15:40:58.070751+00:00"}
{"asctime": "2025-08-19 17:40:58,070", "levelname": "INFO", "name": "AresTradingSystem.System.VectorizedAdvancedFeatureEngineering", "message": "✅ Liquidity analyzer initialized successfully", "correlation_id": "-", "session_id": "-", "timestamp": "2025-08-19T15:40:58.070808+00:00"}
{"asctime": "2025-08-19 17:40:58,070", "levelname": "INFO", "name": "AresTradingSystem.System.VectorizedAdvancedFeatureEngineering", "message": "🔍 Creating VectorizedCandlestickPatternAnalyzer...", "correlation_id": "-", "session_id": "-", "timestamp": "2025-08-19T15:40:58.070863+00:00"}
{"asctime": "2025-08-19 17:40:58,070", "levelname": "INFO", "name": "AresTradingSystem.System.VectorizedAdvancedFeatureEngineering", "message": "🔍 VectorizedCandlestickPatternAnalyzer created, initializing...", "correlation_id": "-", "session_id": "-", "timestamp": "2025-08-19T15:40:58.070922+00:00"}
{"asctime": "2025-08-19 17:40:58,070", "levelname": "INFO", "name": "AresTradingSystem.System.VectorizedCandlestickPatternAnalyzer", "message": "🚀 Initializing VectorizedCandlestickPatternAnalyzer...", "correlation_id": "-", "session_id": "-", "timestamp": "2025-08-19T15:40:58.070979+00:00"}
{"asctime": "2025-08-19 17:40:58,071", "levelname": "INFO", "name": "AresTradingSystem.System.VectorizedCandlestickPatternAnalyzer", "message": "🔍 Config keys: ['environment', 'system', 'trading', 'training', 'trading_symbol', 'exchange_name', 'trading_interval', 'initial_equity', 'taker_fee', 'maker_fee', 'state_file', 'lookback_years', 'exchanges', 'risk_management', 'position_management', 'pipeline', 'analyst', 'logging', 'database', 'data', 'checkpointing', 'reporting', 'mlflow', 'version', 'training_pipeline', 'MODEL_TRAINING', 'DATA_CONFIG', 'ENHANCED_TRAINING', 'HMM_LM', 'vectorized_labelling_orchestrator', 'method_a_mixture_of_experts', 'feature_reduction', 'MULTI_TIMEFRAME_TRAINING', 'TIMEFRAMES', 'TIMEFRAME_SETS', 'DEFAULT_TIMEFRAME_SET', 'TWO_TIER_DECISION', 'ENHANCED_ENSEMBLE', 'meta_labeling', 'multi_timeframe_regime_integration', 'regime_specific_tpsl_optimizer', 'TRANSITION_MODELING', 'CHECKPOINT_DIR']", "correlation_id": "-", "session_id": "-", "timestamp": "2025-08-19T15:40:58.071044+00:00"}
{"asctime": "2025-08-19 17:40:58,071", "levelname": "INFO", "name": "AresTradingSystem.System.VectorizedCandlestickPatternAnalyzer", "message": "✅ VectorizedCandlestickPatternAnalyzer initialized successfully", "correlation_id": "-", "session_id": "-", "timestamp": "2025-08-19T15:40:58.071314+00:00"}
{"asctime": "2025-08-19 17:40:58,071", "levelname": "INFO", "name": "AresTradingSystem.System.VectorizedAdvancedFeatureEngineering", "message": "✅ Candlestick analyzer initialized successfully", "correlation_id": "-", "session_id": "-", "timestamp": "2025-08-19T15:40:58.071415+00:00"}
{"asctime": "2025-08-19 17:40:58,071", "levelname": "INFO", "name": "AresTradingSystem.System.VectorizedAdvancedFeatureEngineering", "message": "🔍 Creating VectorizedSRDistanceCalculator...", "correlation_id": "-", "session_id": "-", "timestamp": "2025-08-19T15:40:58.071490+00:00"}
{"asctime": "2025-08-19 17:40:58,071", "levelname": "INFO", "name": "AresTradingSystem.System.VectorizedAdvancedFeatureEngineering", "message": "🔍 VectorizedSRDistanceCalculator created, initializing...", "correlation_id": "-", "session_id": "-", "timestamp": "2025-08-19T15:40:58.071592+00:00"}
{"asctime": "2025-08-19 17:40:58,071", "levelname": "INFO", "name": "AresTradingSystem.System.VectorizedSRDistanceCalculator", "message": "🚀 Initializing VectorizedSRDistanceCalculator...", "correlation_id": "-", "session_id": "-", "timestamp": "2025-08-19T15:40:58.071659+00:00"}
{"asctime": "2025-08-19 17:40:58,071", "levelname": "INFO", "name": "AresTradingSystem.System.VectorizedSRDistanceCalculator", "message": "✅ VectorizedSRDistanceCalculator initialized successfully", "correlation_id": "-", "session_id": "-", "timestamp": "2025-08-19T15:40:58.071720+00:00"}
{"asctime": "2025-08-19 17:40:58,071", "levelname": "INFO", "name": "AresTradingSystem.System.VectorizedAdvancedFeatureEngineering", "message": "✅ S/R distance calculator initialized successfully", "correlation_id": "-", "session_id": "-", "timestamp": "2025-08-19T15:40:58.071781+00:00"}
{"asctime": "2025-08-19 17:40:58,071", "levelname": "INFO", "name": "AresTradingSystem.System.VectorizedAdvancedFeatureEngineering", "message": "🔍 Creating VectorizedWaveletTransformAnalyzer...", "correlation_id": "-", "session_id": "-", "timestamp": "2025-08-19T15:40:58.071840+00:00"}
{"asctime": "2025-08-19 17:40:58,071", "levelname": "INFO", "name": "AresTradingSystem.System.VectorizedAdvancedFeatureEngineering", "message": "🔍 VectorizedWaveletTransformAnalyzer created, initializing...", "correlation_id": "-", "session_id": "-", "timestamp": "2025-08-19T15:40:58.071904+00:00"}
{"asctime": "2025-08-19 17:40:58,071", "levelname": "INFO", "name": "AresTradingSystem.System.VectorizedWaveletTransformAnalyzer", "message": "🚀 Initializing VectorizedWaveletTransformAnalyzer...", "correlation_id": "-", "session_id": "-", "timestamp": "2025-08-19T15:40:58.071965+00:00"}
{"asctime": "2025-08-19 17:40:58,072", "levelname": "INFO", "name": "AresTradingSystem.System.VectorizedWaveletTransformAnalyzer", "message": "✅ VectorizedWaveletTransformAnalyzer initialized successfully", "correlation_id": "-", "session_id": "-", "timestamp": "2025-08-19T15:40:58.072020+00:00"}
{"asctime": "2025-08-19 17:40:58,072", "levelname": "INFO", "name": "AresTradingSystem.System.VectorizedAdvancedFeatureEngineering", "message": "✅ Wavelet analyzer initialized successfully", "correlation_id": "-", "session_id": "-", "timestamp": "2025-08-19T15:40:58.072076+00:00"}
{"asctime": "2025-08-19 17:40:58,072", "levelname": "INFO", "name": "AresTradingSystem.System.VectorizedAdvancedFeatureEngineering", "message": "ℹ️ Meta-labeling system removed - using only HMM market regimes for labeling", "correlation_id": "-", "session_id": "-", "timestamp": "2025-08-19T15:40:58.072131+00:00"}
{"asctime": "2025-08-19 17:40:58,072", "levelname": "INFO", "name": "AresTradingSystem.System.VectorizedAdvancedFeatureEngineering", "message": "✅ Vectorized advanced feature engineering initialized successfully", "correlation_id": "-", "session_id": "-", "timestamp": "2025-08-19T15:40:58.072315+00:00"}
{"asctime": "2025-08-19 17:40:58,072", "levelname": "INFO", "name": "AresTradingSystem.System.VectorizedTrainingPipeline", "message": "🔧 Initialized vectorized feature engineering", "correlation_id": "-", "session_id": "-", "timestamp": "2025-08-19T15:40:58.072462+00:00"}
{"asctime": "2025-08-19 17:40:58,072", "levelname": "INFO", "name": "AresTradingSystem.System.VectorizedTrainingPipeline", "message": "✅ Vectorized Training Pipeline initialized successfully", "correlation_id": "-", "session_id": "-", "timestamp": "2025-08-19T15:40:58.072533+00:00"}
{"asctime": "2025-08-19 17:40:58,072", "levelname": "INFO", "name": "AresTradingSystem.System.EnhancedTrainingManager", "message": "✅ Vectorized Training Pipeline initialized", "correlation_id": "-", "session_id": "-", "timestamp": "2025-08-19T15:40:58.072593+00:00"}
{"asctime": "2025-08-19 17:40:58,072", "levelname": "INFO", "name": "AresTradingSystem.System.EnhancedTrainingManager", "message": "✅ Enhanced Training Manager initialized successfully", "correlation_id": "-", "session_id": "-", "timestamp": "2025-08-19T15:40:58.072650+00:00"}
{"asctime": "2025-08-19 17:40:58,072", "levelname": "INFO", "name": "AresTradingSystem.System.EnhancedTrainingManager", "message": "================================================================================", "correlation_id": "-", "session_id": "-", "timestamp": "2025-08-19T15:40:58.072816+00:00"}
{"asctime": "2025-08-19 17:40:58,072", "levelname": "INFO", "name": "AresTradingSystem.System.EnhancedTrainingManager", "message": "🚀 COMPREHENSIVE 15-STEP ENHANCED TRAINING PIPELINE START", "correlation_id": "-", "session_id": "-", "timestamp": "2025-08-19T15:40:58.072872+00:00"}
{"asctime": "2025-08-19 17:40:58,072", "levelname": "INFO", "name": "AresTradingSystem.System.EnhancedTrainingManager", "message": "================================================================================", "correlation_id": "-", "session_id": "-", "timestamp": "2025-08-19T15:40:58.072928+00:00"}
{"asctime": "2025-08-19 17:40:58,072", "levelname": "INFO", "name": "AresTradingSystem.System.EnhancedTrainingManager", "message": "📅 Started at: 2025-08-19 17:40:58", "correlation_id": "-", "session_id": "-", "timestamp": "2025-08-19T15:40:58.072993+00:00"}
{"asctime": "2025-08-19 17:40:58,073", "levelname": "INFO", "name": "AresTradingSystem.System.EnhancedTrainingManager", "message": "🎯 Symbol: ETHUSDT", "correlation_id": "-", "session_id": "-", "timestamp": "2025-08-19T15:40:58.073049+00:00"}
{"asctime": "2025-08-19 17:40:58,073", "levelname": "INFO", "name": "AresTradingSystem.System.EnhancedTrainingManager", "message": "🏢 Exchange: BINANCE", "correlation_id": "-", "session_id": "-", "timestamp": "2025-08-19T15:40:58.073200+00:00"}
{"asctime": "2025-08-19 17:40:58,073", "levelname": "INFO", "name": "AresTradingSystem.System.EnhancedTrainingManager", "message": "📊 Training Mode: N/A", "correlation_id": "-", "session_id": "-", "timestamp": "2025-08-19T15:40:58.073305+00:00"}
{"asctime": "2025-08-19 17:40:58,073", "levelname": "INFO", "name": "AresTradingSystem.System.EnhancedTrainingManager", "message": "📈 Lookback Days: 180", "correlation_id": "-", "session_id": "-", "timestamp": "2025-08-19T15:40:58.073366+00:00"}
{"asctime": "2025-08-19 17:40:58,073", "levelname": "INFO", "name": "AresTradingSystem.System.EnhancedTrainingManager", "message": "🔧 Blank Training Mode: True", "correlation_id": "-", "session_id": "-", "timestamp": "2025-08-19T15:40:58.073474+00:00"}
{"asctime": "2025-08-19 17:40:58,073", "levelname": "INFO", "name": "AresTradingSystem.System.EnhancedTrainingManager", "message": "🔧 Max Trials: 200", "correlation_id": "-", "session_id": "-", "timestamp": "2025-08-19T15:40:58.073561+00:00"}
{"asctime": "2025-08-19 17:40:58,073", "levelname": "INFO", "name": "AresTradingSystem.System.EnhancedTrainingManager", "message": "🔧 N Trials: 100", "correlation_id": "-", "session_id": "-", "timestamp": "2025-08-19T15:40:58.073622+00:00"}
{"asctime": "2025-08-19 17:40:58,073", "levelname": "INFO", "name": "AresTradingSystem.System.EnhancedTrainingManager", "message": "🚀 Initializing optimized tools...", "correlation_id": "-", "session_id": "-", "timestamp": "2025-08-19T15:40:58.073696+00:00"}
{"asctime": "2025-08-19 17:40:58,073", "levelname": "ERROR", "name": "AresTradingSystem.System.EnhancedTrainingManager", "message": "❌ Failed to initialize optimized tools: 'EnhancedTrainingManager' object has no attribute 'optimized_manager'", "correlation_id": "-", "session_id": "-", "exc_info": "Traceback (most recent call last):\n  File \"/Users/remyroche/Documents/Ares/src/training/enhanced_training_manager.py\", line 3660, in _initialize_optimized_tools\n    await self.optimized_manager.initialize()\n          ^^^^^^^^^^^^^^^^^^^^^^\nAttributeError: 'EnhancedTrainingManager' object has no attribute 'optimized_manager'. Did you mean: 'get_optimized_manager'?", "timestamp": "2025-08-19T15:40:58.073825+00:00"}
{"asctime": "2025-08-19 17:40:58,080", "levelname": "INFO", "name": "AresTradingSystem.System.EnhancedTrainingManager", "message": "🚀 Starting fresh training...", "correlation_id": "-", "session_id": "-", "timestamp": "2025-08-19T15:40:58.080416+00:00"}
{"asctime": "2025-08-19 17:40:58,080", "levelname": "INFO", "name": "AresTradingSystem.System.EnhancedTrainingManager", "message": "🧹 Force rerun enabled - clearing artifacts from step2_feature_engineering and subsequent steps", "correlation_id": "-", "session_id": "-", "timestamp": "2025-08-19T15:40:58.080501+00:00"}
{"asctime": "2025-08-19 17:40:58,080", "levelname": "INFO", "name": "AresTradingSystem.System.EnhancedTrainingManager", "message": "🧹 Clearing artifacts from step2_feature_engineering onward", "correlation_id": "-", "session_id": "-", "timestamp": "2025-08-19T15:40:58.080568+00:00"}
{"asctime": "2025-08-19 17:40:58,099", "levelname": "INFO", "name": "AresTradingSystem.System.EnhancedTrainingManager", "message": "   🧹 Cleared 10 artifacts for step2_feature_engineering", "correlation_id": "-", "session_id": "-", "timestamp": "2025-08-19T15:40:58.099641+00:00"}
{"asctime": "2025-08-19 17:40:58,109", "levelname": "INFO", "name": "AresTradingSystem.System.EnhancedTrainingManager", "message": "✅ Cleared artifacts for 17 steps: ['step2_feature_engineering', 'step2_5_enhanced_matrix_operations', 'step3_hmm_regime_discovery', 'step4_processing_labeling', 'step5_regime_data_splitting', 'step5_5_enhanced_model_training_operations', 'step6_hmm_based_training', 'step6_5_unified_regime_intelligence', 'step7_analyst_enhancement', 'step8_tactician_labeling', 'step9_tactician_specialist_training', 'step10_confidence_calibration', 'step11_final_parameters_optimization', 'step12_walk_forward_validation', 'step13_monte_carlo_validation', 'step14_ab_testing', 'step15_saving']", "correlation_id": "-", "session_id": "-", "timestamp": "2025-08-19T15:40:58.109004+00:00"}
{"asctime": "2025-08-19 17:40:58,109", "levelname": "INFO", "name": "AresTradingSystem.System.EnhancedTrainingManager", "message": "✅ Cleared artifacts and checkpoints from step2_feature_engineering onward", "correlation_id": "-", "session_id": "-", "timestamp": "2025-08-19T15:40:58.109265+00:00"}
{"asctime": "2025-08-19 17:40:58,109", "levelname": "INFO", "name": "AresTradingSystem.System.EnhancedTrainingManager", "message": "====================================================================================================", "correlation_id": "-", "session_id": "-", "timestamp": "2025-08-19T15:40:58.109338+00:00"}
{"asctime": "2025-08-19 17:40:58,109", "levelname": "INFO", "name": "AresTradingSystem.System.EnhancedTrainingManager", "message": "🚀 COMPREHENSIVE 15-STEP TRAINING PIPELINE START", "correlation_id": "-", "session_id": "-", "timestamp": "2025-08-19T15:40:58.109399+00:00"}
{"asctime": "2025-08-19 17:40:58,109", "levelname": "INFO", "name": "AresTradingSystem.System.EnhancedTrainingManager", "message": "====================================================================================================", "correlation_id": "-", "session_id": "-", "timestamp": "2025-08-19T15:40:58.109458+00:00"}
{"asctime": "2025-08-19 17:40:58,109", "levelname": "INFO", "name": "AresTradingSystem.System.EnhancedTrainingManager", "message": "📅 Started at: 2025-08-19 17:40:58", "correlation_id": "-", "session_id": "-", "timestamp": "2025-08-19T15:40:58.109524+00:00"}
{"asctime": "2025-08-19 17:40:58,109", "levelname": "INFO", "name": "AresTradingSystem.System.EnhancedTrainingManager", "message": "🎯 Symbol: ETHUSDT", "correlation_id": "-", "session_id": "-", "timestamp": "2025-08-19T15:40:58.109589+00:00"}
{"asctime": "2025-08-19 17:40:58,109", "levelname": "INFO", "name": "AresTradingSystem.System.EnhancedTrainingManager", "message": "🏢 Exchange: BINANCE", "correlation_id": "-", "session_id": "-", "timestamp": "2025-08-19T15:40:58.109643+00:00"}
{"asctime": "2025-08-19 17:40:58,109", "levelname": "INFO", "name": "AresTradingSystem.System.EnhancedTrainingManager", "message": "📊 Timeframe: 1m", "correlation_id": "-", "session_id": "-", "timestamp": "2025-08-19T15:40:58.109697+00:00"}
{"asctime": "2025-08-19 17:40:58,109", "levelname": "INFO", "name": "AresTradingSystem.System.EnhancedTrainingManager", "message": "🧠 Training Mode: Blank", "correlation_id": "-", "session_id": "-", "timestamp": "2025-08-19T15:40:58.109750+00:00"}
{"asctime": "2025-08-19 17:40:58,109", "levelname": "INFO", "name": "AresTradingSystem.System.EnhancedTrainingManager", "message": "🔧 Max Trials: 200", "correlation_id": "-", "session_id": "-", "timestamp": "2025-08-19T15:40:58.109804+00:00"}
{"asctime": "2025-08-19 17:40:58,109", "levelname": "INFO", "name": "AresTradingSystem.System.EnhancedTrainingManager", "message": "📈 Lookback Days: 180", "correlation_id": "-", "session_id": "-", "timestamp": "2025-08-19T15:40:58.109856+00:00"}
{"asctime": "2025-08-19 17:40:58,109", "levelname": "INFO", "name": "AresTradingSystem.System.EnhancedTrainingManager", "message": "💾 Memory Optimization: Enabled", "correlation_id": "-", "session_id": "-", "timestamp": "2025-08-19T15:40:58.109909+00:00"}
{"asctime": "2025-08-19 17:40:58,109", "levelname": "INFO", "name": "AresTradingSystem.System.EnhancedTrainingManager", "message": "🚀 Starting from step: step2_feature_engineering", "correlation_id": "-", "session_id": "-", "timestamp": "2025-08-19T15:40:58.109964+00:00"}
{"asctime": "2025-08-19 17:40:58,110", "levelname": "INFO", "name": "AresTradingSystem.System.EnhancedTrainingManager", "message": "====================================================================================================", "correlation_id": "-", "session_id": "-", "timestamp": "2025-08-19T15:40:58.110015+00:00"}
{"asctime": "2025-08-19 17:40:58,110", "levelname": "INFO", "name": "AresTradingSystem.System.EnhancedTrainingManager", "message": "⏭️  Skipping Step 1: Data Collection (using pre-consolidated data)", "correlation_id": "-", "session_id": "-", "timestamp": "2025-08-19T15:40:58.110072+00:00"}
{"asctime": "2025-08-19 17:40:58,110", "levelname": "INFO", "name": "AresTradingSystem.System.EnhancedTrainingManager", "message": "💓 Step 2: Feature Engineering", "correlation_id": "-", "session_id": "-", "timestamp": "2025-08-19T15:40:58.110126+00:00"}
{"asctime": "2025-08-19 17:40:58,110", "levelname": "INFO", "name": "AresTradingSystem.System.EnhancedTrainingManager", "message": "🔍 Validating dependencies for step2_feature_engineering", "correlation_id": "-", "session_id": "-", "timestamp": "2025-08-19T15:40:58.110184+00:00"}
{"asctime": "2025-08-19 17:40:58,110", "levelname": "INFO", "name": "AresTradingSystem.System.EnhancedTrainingManager", "message": "✅ Force rerun enabled for step2_feature_engineering, skipping dependency validation", "correlation_id": "-", "session_id": "-", "timestamp": "2025-08-19T15:40:58.110241+00:00"}
{"asctime": "2025-08-19 17:40:58,495", "levelname": "INFO", "name": "AresTradingSystem.System.VectorizedAdvancedFeatureEngineering", "message": "✅ Subsampling disabled for blank/short-blank horizon (<=180d)", "correlation_id": "5964a7926cca4e6fbc3242f48b4dbd5c", "session_id": "-", "timestamp": "2025-08-19T15:40:58.495732+00:00"}
{"asctime": "2025-08-19 17:40:58,495", "levelname": "INFO", "name": "AresTradingSystem.System.VectorizedAdvancedFeatureEngineering", "message": "✅ Configured joblib memory cache: data/joblib_cache", "correlation_id": "5964a7926cca4e6fbc3242f48b4dbd5c", "session_id": "-", "timestamp": "2025-08-19T15:40:58.495887+00:00"}
{"asctime": "2025-08-19 17:40:58,495", "levelname": "INFO", "name": "AresTradingSystem.System.VectorizedAdvancedFeatureEngineering", "message": "🚀 Initializing vectorized advanced feature engineering...", "correlation_id": "5964a7926cca4e6fbc3242f48b4dbd5c", "session_id": "-", "timestamp": "2025-08-19T15:40:58.495980+00:00"}
{"asctime": "2025-08-19 17:40:58,496", "levelname": "INFO", "name": "AresTradingSystem.System.WaveletFeatureCache", "message": "✅ Cache directory initialized: data/wavelet_cache", "correlation_id": "5964a7926cca4e6fbc3242f48b4dbd5c", "session_id": "-", "timestamp": "2025-08-19T15:40:58.496117+00:00"}
{"asctime": "2025-08-19 17:40:58,496", "levelname": "INFO", "name": "AresTradingSystem.System.VectorizedVolatilityRegimeModel", "message": "🚀 Initializing VectorizedVolatilityRegimeModel...", "correlation_id": "5964a7926cca4e6fbc3242f48b4dbd5c", "session_id": "-", "timestamp": "2025-08-19T15:40:58.496187+00:00"}
{"asctime": "2025-08-19 17:40:58,496", "levelname": "INFO", "name": "AresTradingSystem.System.VectorizedVolatilityRegimeModel", "message": "✅ VectorizedVolatilityRegimeModel initialized successfully", "correlation_id": "5964a7926cca4e6fbc3242f48b4dbd5c", "session_id": "-", "timestamp": "2025-08-19T15:40:58.496247+00:00"}
{"asctime": "2025-08-19 17:40:58,496", "levelname": "INFO", "name": "AresTradingSystem.System.VectorizedCorrelationAnalyzer", "message": "🚀 Initializing VectorizedCorrelationAnalyzer...", "correlation_id": "5964a7926cca4e6fbc3242f48b4dbd5c", "session_id": "-", "timestamp": "2025-08-19T15:40:58.496306+00:00"}
{"asctime": "2025-08-19 17:40:58,496", "levelname": "INFO", "name": "AresTradingSystem.System.VectorizedCorrelationAnalyzer", "message": "✅ VectorizedCorrelationAnalyzer initialized successfully", "correlation_id": "5964a7926cca4e6fbc3242f48b4dbd5c", "session_id": "-", "timestamp": "2025-08-19T15:40:58.496361+00:00"}
{"asctime": "2025-08-19 17:40:58,496", "levelname": "INFO", "name": "AresTradingSystem.System.VectorizedMomentumAnalyzer", "message": "🚀 Initializing VectorizedMomentumAnalyzer...", "correlation_id": "5964a7926cca4e6fbc3242f48b4dbd5c", "session_id": "-", "timestamp": "2025-08-19T15:40:58.496415+00:00"}
{"asctime": "2025-08-19 17:40:58,496", "levelname": "INFO", "name": "AresTradingSystem.System.VectorizedMomentumAnalyzer", "message": "✅ VectorizedMomentumAnalyzer initialized successfully", "correlation_id": "5964a7926cca4e6fbc3242f48b4dbd5c", "session_id": "-", "timestamp": "2025-08-19T15:40:58.496466+00:00"}
{"asctime": "2025-08-19 17:40:58,496", "levelname": "INFO", "name": "AresTradingSystem.System.VectorizedAdvancedFeatureEngineering", "message": "🔍 Creating VectorizedLiquidityAnalyzer...", "correlation_id": "5964a7926cca4e6fbc3242f48b4dbd5c", "session_id": "-", "timestamp": "2025-08-19T15:40:58.496517+00:00"}
{"asctime": "2025-08-19 17:40:58,496", "levelname": "INFO", "name": "AresTradingSystem.System.VectorizedAdvancedFeatureEngineering", "message": "🔍 VectorizedLiquidityAnalyzer created, initializing...", "correlation_id": "5964a7926cca4e6fbc3242f48b4dbd5c", "session_id": "-", "timestamp": "2025-08-19T15:40:58.496571+00:00"}
{"asctime": "2025-08-19 17:40:58,496", "levelname": "INFO", "name": "AresTradingSystem.System.VectorizedLiquidityAnalyzer", "message": "🚀 Initializing VectorizedLiquidityAnalyzer...", "correlation_id": "5964a7926cca4e6fbc3242f48b4dbd5c", "session_id": "-", "timestamp": "2025-08-19T15:40:58.496623+00:00"}
{"asctime": "2025-08-19 17:40:58,496", "levelname": "INFO", "name": "AresTradingSystem.System.VectorizedLiquidityAnalyzer", "message": "✅ VectorizedLiquidityAnalyzer initialized successfully", "correlation_id": "5964a7926cca4e6fbc3242f48b4dbd5c", "session_id": "-", "timestamp": "2025-08-19T15:40:58.496673+00:00"}
{"asctime": "2025-08-19 17:40:58,496", "levelname": "INFO", "name": "AresTradingSystem.System.VectorizedAdvancedFeatureEngineering", "message": "✅ Liquidity analyzer initialized successfully", "correlation_id": "5964a7926cca4e6fbc3242f48b4dbd5c", "session_id": "-", "timestamp": "2025-08-19T15:40:58.496729+00:00"}
{"asctime": "2025-08-19 17:40:58,496", "levelname": "INFO", "name": "AresTradingSystem.System.VectorizedAdvancedFeatureEngineering", "message": "🔍 Creating VectorizedCandlestickPatternAnalyzer...", "correlation_id": "5964a7926cca4e6fbc3242f48b4dbd5c", "session_id": "-", "timestamp": "2025-08-19T15:40:58.496779+00:00"}
{"asctime": "2025-08-19 17:40:58,496", "levelname": "INFO", "name": "AresTradingSystem.System.VectorizedAdvancedFeatureEngineering", "message": "🔍 VectorizedCandlestickPatternAnalyzer created, initializing...", "correlation_id": "5964a7926cca4e6fbc3242f48b4dbd5c", "session_id": "-", "timestamp": "2025-08-19T15:40:58.496832+00:00"}
{"asctime": "2025-08-19 17:40:58,496", "levelname": "INFO", "name": "AresTradingSystem.System.VectorizedCandlestickPatternAnalyzer", "message": "🚀 Initializing VectorizedCandlestickPatternAnalyzer...", "correlation_id": "5964a7926cca4e6fbc3242f48b4dbd5c", "session_id": "-", "timestamp": "2025-08-19T15:40:58.496883+00:00"}
{"asctime": "2025-08-19 17:40:58,496", "levelname": "INFO", "name": "AresTradingSystem.System.VectorizedCandlestickPatternAnalyzer", "message": "🔍 Config keys: ['vectorized_advanced_features', 'symbol', 'exchange']", "correlation_id": "5964a7926cca4e6fbc3242f48b4dbd5c", "session_id": "-", "timestamp": "2025-08-19T15:40:58.496938+00:00"}
{"asctime": "2025-08-19 17:40:58,496", "levelname": "INFO", "name": "AresTradingSystem.System.VectorizedCandlestickPatternAnalyzer", "message": "✅ VectorizedCandlestickPatternAnalyzer initialized successfully", "correlation_id": "5964a7926cca4e6fbc3242f48b4dbd5c", "session_id": "-", "timestamp": "2025-08-19T15:40:58.496989+00:00"}
{"asctime": "2025-08-19 17:40:58,497", "levelname": "INFO", "name": "AresTradingSystem.System.VectorizedAdvancedFeatureEngineering", "message": "✅ Candlestick analyzer initialized successfully", "correlation_id": "5964a7926cca4e6fbc3242f48b4dbd5c", "session_id": "-", "timestamp": "2025-08-19T15:40:58.497041+00:00"}
{"asctime": "2025-08-19 17:40:58,497", "levelname": "INFO", "name": "AresTradingSystem.System.VectorizedAdvancedFeatureEngineering", "message": "🔍 Creating VectorizedSRDistanceCalculator...", "correlation_id": "5964a7926cca4e6fbc3242f48b4dbd5c", "session_id": "-", "timestamp": "2025-08-19T15:40:58.497092+00:00"}
{"asctime": "2025-08-19 17:40:58,497", "levelname": "INFO", "name": "AresTradingSystem.System.VectorizedAdvancedFeatureEngineering", "message": "🔍 VectorizedSRDistanceCalculator created, initializing...", "correlation_id": "5964a7926cca4e6fbc3242f48b4dbd5c", "session_id": "-", "timestamp": "2025-08-19T15:40:58.497149+00:00"}
{"asctime": "2025-08-19 17:40:58,497", "levelname": "INFO", "name": "AresTradingSystem.System.VectorizedSRDistanceCalculator", "message": "🚀 Initializing VectorizedSRDistanceCalculator...", "correlation_id": "5964a7926cca4e6fbc3242f48b4dbd5c", "session_id": "-", "timestamp": "2025-08-19T15:40:58.497202+00:00"}
{"asctime": "2025-08-19 17:40:58,497", "levelname": "INFO", "name": "AresTradingSystem.System.VectorizedSRDistanceCalculator", "message": "✅ VectorizedSRDistanceCalculator initialized successfully", "correlation_id": "5964a7926cca4e6fbc3242f48b4dbd5c", "session_id": "-", "timestamp": "2025-08-19T15:40:58.497253+00:00"}
{"asctime": "2025-08-19 17:40:58,497", "levelname": "INFO", "name": "AresTradingSystem.System.VectorizedAdvancedFeatureEngineering", "message": "✅ S/R distance calculator initialized successfully", "correlation_id": "5964a7926cca4e6fbc3242f48b4dbd5c", "session_id": "-", "timestamp": "2025-08-19T15:40:58.497305+00:00"}
{"asctime": "2025-08-19 17:40:58,497", "levelname": "INFO", "name": "AresTradingSystem.System.VectorizedAdvancedFeatureEngineering", "message": "🔍 Creating VectorizedWaveletTransformAnalyzer...", "correlation_id": "5964a7926cca4e6fbc3242f48b4dbd5c", "session_id": "-", "timestamp": "2025-08-19T15:40:58.497358+00:00"}
{"asctime": "2025-08-19 17:40:58,497", "levelname": "INFO", "name": "AresTradingSystem.System.VectorizedAdvancedFeatureEngineering", "message": "🔍 VectorizedWaveletTransformAnalyzer created, initializing...", "correlation_id": "5964a7926cca4e6fbc3242f48b4dbd5c", "session_id": "-", "timestamp": "2025-08-19T15:40:58.497418+00:00"}
{"asctime": "2025-08-19 17:40:58,497", "levelname": "INFO", "name": "AresTradingSystem.System.VectorizedWaveletTransformAnalyzer", "message": "🚀 Initializing VectorizedWaveletTransformAnalyzer...", "correlation_id": "5964a7926cca4e6fbc3242f48b4dbd5c", "session_id": "-", "timestamp": "2025-08-19T15:40:58.497470+00:00"}
{"asctime": "2025-08-19 17:40:58,497", "levelname": "INFO", "name": "AresTradingSystem.System.VectorizedWaveletTransformAnalyzer", "message": "✅ VectorizedWaveletTransformAnalyzer initialized successfully", "correlation_id": "5964a7926cca4e6fbc3242f48b4dbd5c", "session_id": "-", "timestamp": "2025-08-19T15:40:58.497521+00:00"}
{"asctime": "2025-08-19 17:40:58,497", "levelname": "INFO", "name": "AresTradingSystem.System.VectorizedAdvancedFeatureEngineering", "message": "✅ Wavelet analyzer initialized successfully", "correlation_id": "5964a7926cca4e6fbc3242f48b4dbd5c", "session_id": "-", "timestamp": "2025-08-19T15:40:58.497574+00:00"}
{"asctime": "2025-08-19 17:40:58,497", "levelname": "INFO", "name": "AresTradingSystem.System.VectorizedAdvancedFeatureEngineering", "message": "ℹ️ Meta-labeling system removed - using only HMM market regimes for labeling", "correlation_id": "5964a7926cca4e6fbc3242f48b4dbd5c", "session_id": "-", "timestamp": "2025-08-19T15:40:58.497624+00:00"}
{"asctime": "2025-08-19 17:40:58,497", "levelname": "INFO", "name": "AresTradingSystem.System.VectorizedAdvancedFeatureEngineering", "message": "✅ Vectorized advanced feature engineering initialized successfully", "correlation_id": "5964a7926cca4e6fbc3242f48b4dbd5c", "session_id": "-", "timestamp": "2025-08-19T15:40:58.497675+00:00"}
{"asctime": "2025-08-19 17:40:58,509", "levelname": "INFO", "name": "AresTradingSystem.System.VectorizedAdvancedFeatureEngineering", "message": "🔍 Data quality validation will be performed automatically by decorators", "correlation_id": "5964a7926cca4e6fbc3242f48b4dbd5c", "session_id": "-", "timestamp": "2025-08-19T15:40:58.509760+00:00"}
{"asctime": "2025-08-19 17:40:58,509", "levelname": "INFO", "name": "AresTradingSystem.System.VectorizedAdvancedFeatureEngineering", "message": "🔍 Input price_data shape: (169864, 5)", "correlation_id": "5964a7926cca4e6fbc3242f48b4dbd5c", "session_id": "-", "timestamp": "2025-08-19T15:40:58.509842+00:00"}
{"asctime": "2025-08-19 17:40:58,509", "levelname": "INFO", "name": "AresTradingSystem.System.VectorizedAdvancedFeatureEngineering", "message": "🔍 Input price_data columns: ['open', 'high', 'low', 'close', 'volume']", "correlation_id": "5964a7926cca4e6fbc3242f48b4dbd5c", "session_id": "-", "timestamp": "2025-08-19T15:40:58.509908+00:00"}
{"asctime": "2025-08-19 17:40:58,509", "levelname": "INFO", "name": "AresTradingSystem.System.VectorizedAdvancedFeatureEngineering", "message": "🔍 Input volume_data shape: (169864, 1)", "correlation_id": "5964a7926cca4e6fbc3242f48b4dbd5c", "session_id": "-", "timestamp": "2025-08-19T15:40:58.509975+00:00"}
{"asctime": "2025-08-19 17:40:58,510", "levelname": "INFO", "name": "AresTradingSystem.System.VectorizedAdvancedFeatureEngineering", "message": "🔍 Input volume_data columns: ['volume']", "correlation_id": "5964a7926cca4e6fbc3242f48b4dbd5c", "session_id": "-", "timestamp": "2025-08-19T15:40:58.510035+00:00"}
{"asctime": "2025-08-19 17:40:58,511", "levelname": "INFO", "name": "AresTradingSystem.System.VectorizedAdvancedFeatureEngineering", "message": "🔍 Price data range: 54.727000 to 325265.823000", "correlation_id": "5964a7926cca4e6fbc3242f48b4dbd5c", "session_id": "-", "timestamp": "2025-08-19T15:40:58.511515+00:00"}
{"asctime": "2025-08-19 17:40:58,512", "levelname": "INFO", "name": "AresTradingSystem.System.VectorizedAdvancedFeatureEngineering", "message": "🔍 Price data NaN count: 0", "correlation_id": "5964a7926cca4e6fbc3242f48b4dbd5c", "session_id": "-", "timestamp": "2025-08-19T15:40:58.512278+00:00"}
{"asctime": "2025-08-19 17:40:58,512", "levelname": "INFO", "name": "AresTradingSystem.System.VectorizedAdvancedFeatureEngineering", "message": "🔍 Volume data range: 54.727000 to 325265.823000", "correlation_id": "5964a7926cca4e6fbc3242f48b4dbd5c", "session_id": "-", "timestamp": "2025-08-19T15:40:58.512949+00:00"}
{"asctime": "2025-08-19 17:40:58,513", "levelname": "INFO", "name": "AresTradingSystem.System.VectorizedAdvancedFeatureEngineering", "message": "🔍 Volume data NaN count: 0", "correlation_id": "5964a7926cca4e6fbc3242f48b4dbd5c", "session_id": "-", "timestamp": "2025-08-19T15:40:58.513193+00:00"}
{"asctime": "2025-08-19 17:40:58,513", "levelname": "INFO", "name": "AresTradingSystem.System.VectorizedAdvancedFeatureEngineering", "message": "🔍 No order flow data provided", "correlation_id": "5964a7926cca4e6fbc3242f48b4dbd5c", "session_id": "-", "timestamp": "2025-08-19T15:40:58.513263+00:00"}
{"asctime": "2025-08-19 17:40:58,513", "levelname": "INFO", "name": "AresTradingSystem.System.VectorizedAdvancedFeatureEngineering", "message": "🔧 Preprocessing price data for irregular intervals...", "correlation_id": "5964a7926cca4e6fbc3242f48b4dbd5c", "session_id": "-", "timestamp": "2025-08-19T15:40:58.513351+00:00"}
{"asctime": "2025-08-19 17:41:03,017", "levelname": "INFO", "name": "AresTradingSystem.System", "message": "Received signal 2, cleaning up...", "correlation_id": "5964a7926cca4e6fbc3242f48b4dbd5c", "session_id": "-", "timestamp": "2025-08-19T15:41:03.017065+00:00"}
