2025-09-05 07:35:24,863 INFO AresTradingSystem ✅ Enhanced Logger initialization completed successfully - -
2025-09-05 07:35:24,865 INFO AresTradingSystem.System.Step01ComprehensiveMonitoring ================================================================================ - -
2025-09-05 07:35:24,865 INFO AresTradingSystem.System.Step01ComprehensiveMonitoring 🚀 COMPREHENSIVE STEP 1: Data Collection with Full Monitoring - -
2025-09-05 07:35:24,865 INFO AresTradingSystem.System.Step01ComprehensiveMonitoring ================================================================================ - -
2025-09-05 07:35:24,865 INFO AresTradingSystem.System.Step01ComprehensiveMonitoring 🎯 Symbol: ETHUSDT - -
2025-09-05 07:35:24,865 INFO AresTradingSystem.System.Step01ComprehensiveMonitoring 🏢 Exchange: BINANCE - -
2025-09-05 07:35:24,865 INFO AresTradingSystem.System.Step01ComprehensiveMonitoring 📊 Timeframe: 1m - -
2025-09-05 07:35:24,865 INFO AresTradingSystem.System.Step01ComprehensiveMonitoring 📁 Data directory: test_data - -
2025-09-05 07:35:24,865 INFO AresTradingSystem.System.Step01ComprehensiveMonitoring 🔄 Force rerun: True - -
2025-09-05 07:35:24,865 INFO AresTradingSystem.System.Step01ComprehensiveMonitoring 📊 Monitoring: Function calls, validation, error tracking, performance - -
2025-09-05 07:35:24,865 INFO AresTradingSystem.System.Step01ComprehensiveMonitoring ================================================================================ - -
2025-09-05 07:35:24,866 INFO AresTradingSystem.System.Step01ComprehensiveMonitoring.Step01ComprehensiveMonitoring 🔍 Validating environment with comprehensive monitoring... - -
2025-09-05 07:35:24,870 WARNING AresTradingSystem.System.Step01ComprehensiveMonitoring.Step01ComprehensiveMonitoring ⚠️ Missing optional modules: ['pandas', 'numpy', 'src.training.steps.data_downloader', 'src.utils.enhanced_mlflow_integration', 'src.utils.centralized_decorators'] - -
2025-09-05 07:35:24,870 INFO AresTradingSystem.System.Step01ComprehensiveMonitoring.Step01ComprehensiveMonitoring 📝 Pipeline will continue with fallback implementations - -
2025-09-05 07:35:24,870 INFO AresTradingSystem.System.Step01ComprehensiveMonitoring.Step01ComprehensiveMonitoring 📊 COMPREHENSIVE MONITORING SUMMARY: - -
2025-09-05 07:35:24,870 INFO AresTradingSystem.System.Step01ComprehensiveMonitoring.Step01ComprehensiveMonitoring 📊 FUNCTION CALL SUMMARY: - -
2025-09-05 07:35:24,870 INFO AresTradingSystem.System.Step01ComprehensiveMonitoring.Step01ComprehensiveMonitoring    Total calls: 1 - -
2025-09-05 07:35:24,870 INFO AresTradingSystem.System.Step01ComprehensiveMonitoring.Step01ComprehensiveMonitoring    Successful: 1 - -
2025-09-05 07:35:24,870 INFO AresTradingSystem.System.Step01ComprehensiveMonitoring.Step01ComprehensiveMonitoring    Failed: 0 - -
2025-09-05 07:35:24,870 INFO AresTradingSystem.System.Step01ComprehensiveMonitoring.Step01ComprehensiveMonitoring    Success rate: 100.0% - -
2025-09-05 07:35:24,870 INFO AresTradingSystem.System.Step01ComprehensiveMonitoring.Step01ComprehensiveMonitoring    Average duration: 0.000s - -
2025-09-05 07:35:24,870 INFO AresTradingSystem.System.Step01ComprehensiveMonitoring.Step01ComprehensiveMonitoring    Active calls: 1 - -
2025-09-05 07:35:24,870 INFO AresTradingSystem.System.Step01ComprehensiveMonitoring.Step01ComprehensiveMonitoring    Call stack depth: 1 - -
2025-09-05 07:35:24,870 INFO AresTradingSystem.System.Step01ComprehensiveMonitoring.Step01ComprehensiveMonitoring 📊 ERROR SUMMARY: - -
2025-09-05 07:35:24,870 INFO AresTradingSystem.System.Step01ComprehensiveMonitoring.Step01ComprehensiveMonitoring    Total errors: 0 - -
2025-09-05 07:35:24,870 INFO AresTradingSystem.System.Step01ComprehensiveMonitoring.Step01ComprehensiveMonitoring 📊 Validation checks: 3 - -
2025-09-05 07:35:24,870 INFO AresTradingSystem.System.Step01ComprehensiveMonitoring.Step01ComprehensiveMonitoring 📊 Total errors handled: 0 - -
2025-09-05 07:35:24,871 INFO AresTradingSystem.System.Step01ComprehensiveMonitoring.Step01ComprehensiveMonitoring 🚀 Initializing Step01 with Comprehensive Monitoring... - -
2025-09-05 07:35:24,871 INFO AresTradingSystem.System.Step01ComprehensiveMonitoring.Step01ComprehensiveMonitoring 📋 Comprehensive Monitoring Configuration: - -
2025-09-05 07:35:24,871 INFO AresTradingSystem.System.Step01ComprehensiveMonitoring.Step01ComprehensiveMonitoring    - Config keys: ['SYMBOL', 'EXCHANGE', 'TIMEFRAME', 'DATA_DIR'] - -
2025-09-05 07:35:24,871 INFO AresTradingSystem.System.Step01ComprehensiveMonitoring.Step01ComprehensiveMonitoring    - Function monitoring: Active - -
2025-09-05 07:35:24,871 INFO AresTradingSystem.System.Step01ComprehensiveMonitoring.Step01ComprehensiveMonitoring    - Validation framework: Active - -
2025-09-05 07:35:24,871 INFO AresTradingSystem.System.Step01ComprehensiveMonitoring.Step01ComprehensiveMonitoring    - Error tracking: Active - -
2025-09-05 07:35:24,871 INFO AresTradingSystem.System.Step01ComprehensiveMonitoring.Step01ComprehensiveMonitoring ✅ Step01 Comprehensive Monitoring initialized successfully - -
2025-09-05 07:35:24,871 INFO AresTradingSystem.System.Step01ComprehensiveMonitoring.Step01ComprehensiveMonitoring 📊 COMPREHENSIVE MONITORING SUMMARY: - -
2025-09-05 07:35:24,871 INFO AresTradingSystem.System.Step01ComprehensiveMonitoring.Step01ComprehensiveMonitoring 📊 FUNCTION CALL SUMMARY: - -
2025-09-05 07:35:24,871 INFO AresTradingSystem.System.Step01ComprehensiveMonitoring.Step01ComprehensiveMonitoring    Total calls: 3 - -
2025-09-05 07:35:24,871 INFO AresTradingSystem.System.Step01ComprehensiveMonitoring.Step01ComprehensiveMonitoring    Successful: 3 - -
2025-09-05 07:35:24,871 INFO AresTradingSystem.System.Step01ComprehensiveMonitoring.Step01ComprehensiveMonitoring    Failed: 0 - -
2025-09-05 07:35:24,871 INFO AresTradingSystem.System.Step01ComprehensiveMonitoring.Step01ComprehensiveMonitoring    Success rate: 100.0% - -
2025-09-05 07:35:24,871 INFO AresTradingSystem.System.Step01ComprehensiveMonitoring.Step01ComprehensiveMonitoring    Average duration: 0.002s - -
2025-09-05 07:35:24,871 INFO AresTradingSystem.System.Step01ComprehensiveMonitoring.Step01ComprehensiveMonitoring    Active calls: 0 - -
2025-09-05 07:35:24,871 INFO AresTradingSystem.System.Step01ComprehensiveMonitoring.Step01ComprehensiveMonitoring    Call stack depth: 0 - -
2025-09-05 07:35:24,871 INFO AresTradingSystem.System.Step01ComprehensiveMonitoring.Step01ComprehensiveMonitoring 📊 ERROR SUMMARY: - -
2025-09-05 07:35:24,871 INFO AresTradingSystem.System.Step01ComprehensiveMonitoring.Step01ComprehensiveMonitoring    Total errors: 0 - -
2025-09-05 07:35:24,871 INFO AresTradingSystem.System.Step01ComprehensiveMonitoring.Step01ComprehensiveMonitoring 📊 Validation checks: 3 - -
2025-09-05 07:35:24,871 INFO AresTradingSystem.System.Step01ComprehensiveMonitoring.Step01ComprehensiveMonitoring 📊 Total errors handled: 0 - -
2025-09-05 07:35:24,871 INFO AresTradingSystem.System.Step01ComprehensiveMonitoring.Step01ComprehensiveMonitoring 🚀 Starting comprehensive data collection with full monitoring... - -
2025-09-05 07:35:24,871 INFO AresTradingSystem.System.Step01ComprehensiveMonitoring.Step01ComprehensiveMonitoring 📊 Processing with comprehensive monitoring: BINANCE_ETHUSDT_1m - -
2025-09-05 07:35:24,871 INFO AresTradingSystem.System.Step01ComprehensiveMonitoring.Step01ComprehensiveMonitoring 📁 Using standardized data directory: data_cache/binance/ethusdt - -
2025-09-05 07:35:24,872 INFO AresTradingSystem.System.Step01ComprehensiveMonitoring.Step01ComprehensiveMonitoring 📊 Starting comprehensive data collection for BINANCE_ETHUSDT_1m - -
2025-09-05 07:35:24,872 WARNING AresTradingSystem.System.Step01ComprehensiveMonitoring.Step01ComprehensiveMonitoring ⚠️ Data downloader not available - -
2025-09-05 07:35:24,872 WARNING AresTradingSystem.System.Step01ComprehensiveMonitoring.Step01ComprehensiveMonitoring ⚠️ Data download failed, using fallback method - -
2025-09-05 07:35:24,873 INFO AresTradingSystem.System.Step01ComprehensiveMonitoring.Step01ComprehensiveMonitoring 🔄 Running comprehensive fallback data collection... - -
2025-09-05 07:35:24,873 INFO AresTradingSystem.System.Step01ComprehensiveMonitoring.Step01ComprehensiveMonitoring 📊 Creating mock data for comprehensive fallback collection... - -
2025-09-05 07:35:24,873 ERROR AresTradingSystem.System.Step01ComprehensiveMonitoring.Step01ComprehensiveMonitoring ❌ Error generating comprehensive mock data: <lambda>() got multiple values for argument 'start' - -
Traceback (most recent call last):
  File "/workspace/src/training/steps/data_collection/step01_comprehensive_monitoring.py", line 477, in _generate_comprehensive_mock_data
    timestamps = pd.date_range(start=start_date, end=end_date, freq='1min')
TypeError: <lambda>() got multiple values for argument 'start'
2025-09-05 07:35:24,873 ERROR AresTradingSystem.System.Step01ComprehensiveMonitoring.Step01ComprehensiveMonitoring ❌ Mock data generation failed - -
2025-09-05 07:35:24,873 ERROR AresTradingSystem.System.Step01ComprehensiveMonitoring.Step01ComprehensiveMonitoring ❌ Data collection failed - -
2025-09-05 07:35:24,874 INFO AresTradingSystem.System.Step01ComprehensiveMonitoring.Step01ComprehensiveMonitoring ✅ Comprehensive Step 1 artifacts and reports logged successfully - -
2025-09-05 07:35:24,874 INFO AresTradingSystem.System.Step01ComprehensiveMonitoring.Step01ComprehensiveMonitoring 📊 Function calls monitored: 8 - -
2025-09-05 07:35:24,874 INFO AresTradingSystem.System.Step01ComprehensiveMonitoring.Step01ComprehensiveMonitoring 📊 Function call success rate: 100.0% - -
2025-09-05 07:35:24,874 INFO AresTradingSystem.System.Step01ComprehensiveMonitoring.Step01ComprehensiveMonitoring 📊 Validation checks performed: 3 - -
2025-09-05 07:35:24,874 INFO AresTradingSystem.System.Step01ComprehensiveMonitoring.Step01ComprehensiveMonitoring 📊 Validation success rate: 100.0% - -
2025-09-05 07:35:24,874 INFO AresTradingSystem.System.Step01ComprehensiveMonitoring.Step01ComprehensiveMonitoring 📊 Errors handled: 0 - -
2025-09-05 07:35:24,874 INFO AresTradingSystem.System.Step01ComprehensiveMonitoring.Step01ComprehensiveMonitoring 📊 Error recovery rate: 0.0% - -
2025-09-05 07:35:24,874 INFO AresTradingSystem.System.Step01ComprehensiveMonitoring.Step01ComprehensiveMonitoring 📊 COMPREHENSIVE MONITORING SUMMARY: - -
2025-09-05 07:35:24,874 INFO AresTradingSystem.System.Step01ComprehensiveMonitoring.Step01ComprehensiveMonitoring 📊 FUNCTION CALL SUMMARY: - -
2025-09-05 07:35:24,874 INFO AresTradingSystem.System.Step01ComprehensiveMonitoring.Step01ComprehensiveMonitoring    Total calls: 9 - -
2025-09-05 07:35:24,874 INFO AresTradingSystem.System.Step01ComprehensiveMonitoring.Step01ComprehensiveMonitoring    Successful: 9 - -
2025-09-05 07:35:24,874 INFO AresTradingSystem.System.Step01ComprehensiveMonitoring.Step01ComprehensiveMonitoring    Failed: 0 - -
2025-09-05 07:35:24,874 INFO AresTradingSystem.System.Step01ComprehensiveMonitoring.Step01ComprehensiveMonitoring    Success rate: 100.0% - -
2025-09-05 07:35:24,874 INFO AresTradingSystem.System.Step01ComprehensiveMonitoring.Step01ComprehensiveMonitoring    Average duration: 0.001s - -
2025-09-05 07:35:24,874 INFO AresTradingSystem.System.Step01ComprehensiveMonitoring.Step01ComprehensiveMonitoring    Active calls: 0 - -
2025-09-05 07:35:24,874 INFO AresTradingSystem.System.Step01ComprehensiveMonitoring.Step01ComprehensiveMonitoring    Call stack depth: 0 - -
2025-09-05 07:35:24,874 INFO AresTradingSystem.System.Step01ComprehensiveMonitoring.Step01ComprehensiveMonitoring 📊 ERROR SUMMARY: - -
2025-09-05 07:35:24,874 INFO AresTradingSystem.System.Step01ComprehensiveMonitoring.Step01ComprehensiveMonitoring    Total errors: 0 - -
2025-09-05 07:35:24,874 INFO AresTradingSystem.System.Step01ComprehensiveMonitoring.Step01ComprehensiveMonitoring 📊 Validation checks: 3 - -
2025-09-05 07:35:24,874 INFO AresTradingSystem.System.Step01ComprehensiveMonitoring.Step01ComprehensiveMonitoring 📊 Total errors handled: 0 - -
2025-09-05 07:35:24,874 ERROR AresTradingSystem.System.Step01ComprehensiveMonitoring ❌ Comprehensive Step 1: Data Collection failed - -
2025-09-05 07:35:24,874 INFO AresTradingSystem.System.Step01ComprehensiveMonitoring.Step01ComprehensiveMonitoring 📊 COMPREHENSIVE MONITORING SUMMARY: - -
2025-09-05 07:35:24,874 INFO AresTradingSystem.System.Step01ComprehensiveMonitoring.Step01ComprehensiveMonitoring 📊 FUNCTION CALL SUMMARY: - -
2025-09-05 07:35:24,874 INFO AresTradingSystem.System.Step01ComprehensiveMonitoring.Step01ComprehensiveMonitoring    Total calls: 9 - -
2025-09-05 07:35:24,874 INFO AresTradingSystem.System.Step01ComprehensiveMonitoring.Step01ComprehensiveMonitoring    Successful: 9 - -
2025-09-05 07:35:24,874 INFO AresTradingSystem.System.Step01ComprehensiveMonitoring.Step01ComprehensiveMonitoring    Failed: 0 - -
2025-09-05 07:35:24,874 INFO AresTradingSystem.System.Step01ComprehensiveMonitoring.Step01ComprehensiveMonitoring    Success rate: 100.0% - -
2025-09-05 07:35:24,874 INFO AresTradingSystem.System.Step01ComprehensiveMonitoring.Step01ComprehensiveMonitoring    Average duration: 0.001s - -
2025-09-05 07:35:24,874 INFO AresTradingSystem.System.Step01ComprehensiveMonitoring.Step01ComprehensiveMonitoring    Active calls: 0 - -
2025-09-05 07:35:24,874 INFO AresTradingSystem.System.Step01ComprehensiveMonitoring.Step01ComprehensiveMonitoring    Call stack depth: 0 - -
2025-09-05 07:35:24,874 INFO AresTradingSystem.System.Step01ComprehensiveMonitoring.Step01ComprehensiveMonitoring 📊 ERROR SUMMARY: - -
2025-09-05 07:35:24,874 INFO AresTradingSystem.System.Step01ComprehensiveMonitoring.Step01ComprehensiveMonitoring    Total errors: 0 - -
2025-09-05 07:35:24,874 INFO AresTradingSystem.System.Step01ComprehensiveMonitoring.Step01ComprehensiveMonitoring 📊 Validation checks: 3 - -
2025-09-05 07:35:24,875 INFO AresTradingSystem.System.Step01ComprehensiveMonitoring.Step01ComprehensiveMonitoring 📊 Total errors handled: 0 - -
