{"asctime": "2025-09-04 23:57:11,173", "levelname": "INFO", "name": "AresTradingSystem", "message": "✅ Enhanced Logger initialization completed successfully", "correlation_id": "-", "session_id": "-", "timestamp": "2025-09-04T21:57:11.173519+00:00"}
{"asctime": "2025-09-04 23:57:11,547", "levelname": "INFO", "name": "AresTradingSystem", "message": "🚀 Launcher started: INITIALIZATION", "correlation_id": "-", "session_id": "-", "timestamp": "2025-09-04T21:57:11.547181+00:00"}
{"asctime": "2025-09-04 23:57:11,547", "levelname": "INFO", "name": "AresTradingSystem", "message": "🚀 Launcher started: step02", "correlation_id": "-", "session_id": "-", "timestamp": "2025-09-04T21:57:11.547881+00:00"}
{"asctime": "2025-09-04 23:57:11,548", "levelname": "INFO", "name": "AresTradingSystem", "message": "📊 Symbol: ETHUSDT, Exchange: BINANCE", "correlation_id": "-", "session_id": "-", "timestamp": "2025-09-04T21:57:11.548084+00:00"}
{"asctime": "2025-09-04 23:57:11,551", "levelname": "INFO", "name": "AresTradingSystem.System.ValidatorOrchestrator", "message": "🔍 Running CRITICAL validator for step1_data_collection", "correlation_id": "-", "session_id": "-", "timestamp": "2025-09-04T21:57:11.551971+00:00"}
{"asctime": "2025-09-04 23:57:11,553", "levelname": "WARNING", "name": "AresTradingSystem.System.ValidatorOrchestrator", "message": "❓ ⚠️ Validator module not found for step1_data_collection: No module named 'src.training.steps.step01_data_collection_validator'", "correlation_id": "-", "session_id": "-", "timestamp": "2025-09-04T21:57:11.553446+00:00"}
{"asctime": "2025-09-04 23:57:11,553", "levelname": "ERROR", "name": "AresTradingSystem.System.ValidatorOrchestrator", "message": "❌ Exception while running validator for step1_data_collection: name 'metrics' is not defined", "correlation_id": "-", "session_id": "-", "exc_info": "Traceback (most recent call last):\n  File \"/Users/remyroche/Documents/Ares/src/utils/validator_orchestrator.py\", line 63, in run_step_validator\n    metrics.record_validation_result(step_name=step_name, validation_type='step_validation', passed=True, reason='Step validation completed successfully')\n    ^^^^^^^\nNameError: name 'metrics' is not defined", "timestamp": "2025-09-04T21:57:11.553623+00:00"}
{"asctime": "2025-09-04 23:57:11,595", "levelname": "INFO", "name": "AresTradingSystem.System.ProgressManager", "message": "Initialized ProgressManager for ETHUSDT on BINANCE", "correlation_id": "-", "session_id": "-", "timestamp": "2025-09-04T21:57:11.595423+00:00"}
{"asctime": "2025-09-04 23:57:11,595", "levelname": "INFO", "name": "AresTradingSystem.System.ProgressManager", "message": "Progress directory: data/training/progress/BINANCE_ETHUSDT", "correlation_id": "-", "session_id": "-", "timestamp": "2025-09-04T21:57:11.595630+00:00"}
{"asctime": "2025-09-04 23:57:11,595", "levelname": "INFO", "name": "AresTradingSystem.System.StepOrchestrator", "message": "Initialized StepOrchestrator for ETHUSDT on BINANCE", "correlation_id": "-", "session_id": "-", "timestamp": "2025-09-04T21:57:11.595980+00:00"}
{"asctime": "2025-09-04 23:57:11,596", "levelname": "INFO", "name": "AresTradingSystem.System.StepOrchestrator", "message": "🚀 Starting execution from step: step02_data_reading", "correlation_id": "-", "session_id": "-", "timestamp": "2025-09-04T21:57:11.596200+00:00"}
{"asctime": "2025-09-04 23:57:11,598", "levelname": "INFO", "name": "AresTradingSystem.System.ProgressManager", "message": "Initialized ProgressManager for BTCUSDT on binance", "correlation_id": "-", "session_id": "-", "timestamp": "2025-09-04T21:57:11.598940+00:00"}
{"asctime": "2025-09-04 23:57:11,599", "levelname": "INFO", "name": "AresTradingSystem.System.ProgressManager", "message": "Progress directory: data/progress/binance_BTCUSDT", "correlation_id": "-", "session_id": "-", "timestamp": "2025-09-04T21:57:11.599113+00:00"}
{"asctime": "2025-09-04 23:57:11,599", "levelname": "INFO", "name": "AresTradingSystem.System.SimplifiedTrainingManager", "message": "Initialized SimplifiedTrainingManager for BTCUSDT on binance", "correlation_id": "-", "session_id": "-", "timestamp": "2025-09-04T21:57:11.599209+00:00"}
{"asctime": "2025-09-04 23:57:11,599", "levelname": "INFO", "name": "AresTradingSystem.System.TrainingManager", "message": "🔧 Initializing Training Manager...", "correlation_id": "-", "session_id": "-", "timestamp": "2025-09-04T21:57:11.599311+00:00"}
{"asctime": "2025-09-04 23:57:11,599", "levelname": "INFO", "name": "AresTradingSystem.System.SimplifiedTrainingManager", "message": "🔧 Initializing training manager...", "correlation_id": "-", "session_id": "-", "timestamp": "2025-09-04T21:57:11.599407+00:00"}
{"asctime": "2025-09-04 23:57:11,599", "levelname": "INFO", "name": "AresTradingSystem.System.SimplifiedTrainingManager", "message": "✅ Step sequence validated: 23 steps, 23 enabled", "correlation_id": "-", "session_id": "-", "timestamp": "2025-09-04T21:57:11.599662+00:00"}
{"asctime": "2025-09-04 23:57:11,600", "levelname": "INFO", "name": "AresTradingSystem.System.ProgressManager", "message": "📋 Latest completed step: step02_data_reading", "correlation_id": "-", "session_id": "-", "timestamp": "2025-09-04T21:57:11.600111+00:00"}
{"asctime": "2025-09-04 23:57:11,600", "levelname": "INFO", "name": "AresTradingSystem.System.SimplifiedTrainingManager", "message": "📂 Found previous execution, latest step: step02_data_reading", "correlation_id": "-", "session_id": "-", "timestamp": "2025-09-04T21:57:11.600342+00:00"}
{"asctime": "2025-09-04 23:57:11,600", "levelname": "INFO", "name": "AresTradingSystem.System.SimplifiedTrainingManager", "message": "✅ Training manager initialized successfully", "correlation_id": "-", "session_id": "-", "timestamp": "2025-09-04T21:57:11.600507+00:00"}
{"asctime": "2025-09-04 23:57:11,600", "levelname": "INFO", "name": "AresTradingSystem.System.TrainingManager", "message": "✅ Training Manager initialized successfully", "correlation_id": "-", "session_id": "-", "timestamp": "2025-09-04T21:57:11.600623+00:00"}
{"asctime": "2025-09-04 23:57:11,600", "levelname": "INFO", "name": "AresTradingSystem.System.StepOrchestrator", "message": "✅ Enhanced training manager setup successfully", "correlation_id": "-", "session_id": "-", "timestamp": "2025-09-04T21:57:11.600702+00:00"}
{"asctime": "2025-09-04 23:57:11,600", "levelname": "INFO", "name": "AresTradingSystem.System.TrainingManager", "message": "🚀 Starting training for ETHUSDT on BINANCE", "correlation_id": "-", "session_id": "-", "timestamp": "2025-09-04T21:57:11.600785+00:00"}
{"asctime": "2025-09-04 23:57:11,600", "levelname": "INFO", "name": "AresTradingSystem.System.SimplifiedTrainingManager", "message": "🚀 Starting pipeline execution...", "correlation_id": "-", "session_id": "-", "timestamp": "2025-09-04T21:57:11.600873+00:00"}
{"asctime": "2025-09-04 23:57:11,601", "levelname": "INFO", "name": "AresTradingSystem.System.SimplifiedTrainingManager", "message": "✓ Step already completed: step02_data_reading", "correlation_id": "-", "session_id": "-", "timestamp": "2025-09-04T21:57:11.601146+00:00"}
{"asctime": "2025-09-04 23:57:11,601", "levelname": "INFO", "name": "AresTradingSystem.System.SimplifiedTrainingManager", "message": "🔄 Executing step: step2_5_sr_optimization", "correlation_id": "-", "session_id": "-", "timestamp": "2025-09-04T21:57:11.601357+00:00"}
{"asctime": "2025-09-04 23:57:11,604", "levelname": "INFO", "name": "AresTradingSystem.System.SROptimizationStep", "message": "✅ SR optimization step initialized", "correlation_id": "-", "session_id": "-", "timestamp": "2025-09-04T21:57:11.604239+00:00"}
{"asctime": "2025-09-04 23:57:11,604", "levelname": "INFO", "name": "AresTradingSystem.System.SROptimizationStep", "message": "🎯 Starting S/R detection optimization...", "correlation_id": "-", "session_id": "-", "timestamp": "2025-09-04T21:57:11.604440+00:00"}
{"asctime": "2025-09-04 23:57:12,605", "levelname": "INFO", "name": "AresTradingSystem.System.SROptimizationStep", "message": "✅ SR optimization completed in 1.00 seconds", "correlation_id": "-", "session_id": "-", "timestamp": "2025-09-04T21:57:12.605678+00:00"}
{"asctime": "2025-09-04 23:57:12,606", "levelname": "INFO", "name": "AresTradingSystem.System.ProgressManager", "message": "✅ Saved progress for step2_5_sr_optimization", "correlation_id": "-", "session_id": "-", "timestamp": "2025-09-04T21:57:12.606625+00:00"}
{"asctime": "2025-09-04 23:57:12,606", "levelname": "INFO", "name": "AresTradingSystem.System.SimplifiedTrainingManager", "message": "✅ Step completed successfully: step2_5_sr_optimization (1.01s)", "correlation_id": "-", "session_id": "-", "timestamp": "2025-09-04T21:57:12.606763+00:00"}
{"asctime": "2025-09-04 23:57:12,606", "levelname": "INFO", "name": "AresTradingSystem.System.SimplifiedTrainingManager", "message": "🔄 Executing step: step03_hmm_regime_discovery", "correlation_id": "-", "session_id": "-", "timestamp": "2025-09-04T21:57:12.606905+00:00"}
{"asctime": "2025-09-04 23:57:12,607", "levelname": "INFO", "name": "AresTradingSystem.System.HMMRegimeDiscoveryStep", "message": "✅ HMM regime discovery step initialized", "correlation_id": "-", "session_id": "-", "timestamp": "2025-09-04T21:57:12.607535+00:00"}
{"asctime": "2025-09-04 23:57:12,607", "levelname": "INFO", "name": "AresTradingSystem.System.HMMRegimeDiscoveryStep", "message": "🎯 Starting HMM regime discovery...", "correlation_id": "-", "session_id": "-", "timestamp": "2025-09-04T21:57:12.607663+00:00"}
{"asctime": "2025-09-04 23:57:14,608", "levelname": "INFO", "name": "AresTradingSystem.System.HMMRegimeDiscoveryStep", "message": "✅ HMM regime discovery completed in 2.00 seconds", "correlation_id": "-", "session_id": "-", "timestamp": "2025-09-04T21:57:14.608976+00:00"}
{"asctime": "2025-09-04 23:57:14,609", "levelname": "ERROR", "name": "AresTradingSystem.System.SimplifiedTrainingManager", "message": "❌ Step failed: step03_hmm_regime_discovery - Unknown error", "correlation_id": "-", "session_id": "-", "timestamp": "2025-09-04T21:57:14.609224+00:00"}
{"asctime": "2025-09-04 23:57:14,609", "levelname": "ERROR", "name": "AresTradingSystem.System.TrainingManager", "message": "❌ Training failed: Required step failed: step03_hmm_regime_discovery", "correlation_id": "-", "session_id": "-", "timestamp": "2025-09-04T21:57:14.609439+00:00"}
{"asctime": "2025-09-04 23:57:14,609", "levelname": "INFO", "name": "AresTradingSystem.System.StepOrchestrator", "message": "💥 ❌ Enhanced 16-step training pipeline failed", "correlation_id": "-", "session_id": "-", "timestamp": "2025-09-04T21:57:14.609571+00:00"}
{"asctime": "2025-09-04 23:57:14,610", "levelname": "INFO", "name": "AresTradingSystem", "message": "🏁 Launcher ended: FAILED (exit code: 1)", "correlation_id": "-", "session_id": "-", "timestamp": "2025-09-04T21:57:14.610255+00:00"}
