{"asctime": "2025-08-20 18:04:28,117", "levelname": "INFO", "name": "AresGlobal", "message": "================================================================================", "correlation_id": "-", "session_id": "-", "timestamp": "2025-08-20T16:04:28.117142+00:00"}
{"asctime": "2025-08-20 18:04:28,117", "levelname": "INFO", "name": "AresGlobal", "message": "📊 SESSION SUMMARY", "correlation_id": "-", "session_id": "-", "timestamp": "2025-08-20T16:04:28.117404+00:00"}
{"asctime": "2025-08-20 18:04:28,117", "levelname": "INFO", "name": "AresGlobal", "message": "Session started: 2025-08-20 18:04:28", "correlation_id": "-", "session_id": "-", "timestamp": "2025-08-20T16:04:28.117572+00:00"}
{"asctime": "2025-08-20 18:04:28,117", "levelname": "INFO", "name": "AresGlobal", "message": "This file contains ALL logs for this session", "correlation_id": "-", "session_id": "-", "timestamp": "2025-08-20T16:04:28.117694+00:00"}
{"asctime": "2025-08-20 18:04:28,117", "levelname": "INFO", "name": "AresGlobal", "message": "================================================================================", "correlation_id": "-", "session_id": "-", "timestamp": "2025-08-20T16:04:28.117819+00:00"}
{"asctime": "2025-08-20 18:04:28,118", "levelname": "INFO", "name": "AresGlobal", "message": "[SYSTEM] ================================================================================", "correlation_id": "-", "session_id": "-", "timestamp": "2025-08-20T16:04:28.118117+00:00"}
{"asctime": "2025-08-20 18:04:28,118", "levelname": "INFO", "name": "AresGlobal", "message": "[SYSTEM] 🚀 ARES LAUNCHER STARTED - Mode: INITIALIZATION", "correlation_id": "-", "session_id": "-", "timestamp": "2025-08-20T16:04:28.118411+00:00"}
{"asctime": "2025-08-20 18:04:28,118", "levelname": "INFO", "name": "AresGlobal", "message": "[SYSTEM] Start time: 2025-08-20 18:04:28", "correlation_id": "-", "session_id": "-", "timestamp": "2025-08-20T16:04:28.118677+00:00"}
{"asctime": "2025-08-20 18:04:28,118", "levelname": "INFO", "name": "AresGlobal", "message": "[SYSTEM] Log directory: log", "correlation_id": "-", "session_id": "-", "timestamp": "2025-08-20T16:04:28.118901+00:00"}
{"asctime": "2025-08-20 18:04:28,119", "levelname": "INFO", "name": "AresGlobal", "message": "[SYSTEM] ================================================================================", "correlation_id": "-", "session_id": "-", "timestamp": "2025-08-20T16:04:28.119255+00:00"}
{"asctime": "2025-08-20 18:04:28,119", "levelname": "INFO", "name": "AresGlobal.AresLauncher", "message": "================================================================================", "correlation_id": "-", "session_id": "-", "timestamp": "2025-08-20T16:04:28.119381+00:00"}
{"asctime": "2025-08-20 18:04:28,119", "levelname": "INFO", "name": "AresGlobal.AresLauncher", "message": "🚀 ARES COMPREHENSIVE LAUNCHER", "correlation_id": "-", "session_id": "-", "timestamp": "2025-08-20T16:04:28.119500+00:00"}
{"asctime": "2025-08-20 18:04:28,119", "levelname": "INFO", "name": "AresGlobal.AresLauncher", "message": "================================================================================", "correlation_id": "-", "session_id": "-", "timestamp": "2025-08-20T16:04:28.119635+00:00"}
{"asctime": "2025-08-20 18:04:28,119", "levelname": "INFO", "name": "AresGlobal.AresLauncher", "message": "Start time: 2025-08-20 18:04:28", "correlation_id": "-", "session_id": "-", "timestamp": "2025-08-20T16:04:28.119787+00:00"}
{"asctime": "2025-08-20 18:04:28,119", "levelname": "INFO", "name": "AresGlobal.AresLauncher", "message": "Log directory: log", "correlation_id": "-", "session_id": "-", "timestamp": "2025-08-20T16:04:28.119911+00:00"}
{"asctime": "2025-08-20 18:04:28,120", "levelname": "INFO", "name": "AresGlobal.AresLauncher", "message": "Log level: INFO", "correlation_id": "-", "session_id": "-", "timestamp": "2025-08-20T16:04:28.120032+00:00"}
{"asctime": "2025-08-20 18:04:28,120", "levelname": "INFO", "name": "AresGlobal.AresLauncher", "message": "Global log file: ares_global_20250820_180428.log", "correlation_id": "-", "session_id": "-", "timestamp": "2025-08-20T16:04:28.120156+00:00"}
{"asctime": "2025-08-20 18:04:28,120", "levelname": "INFO", "name": "AresGlobal.AresLauncher", "message": "Full run log: log/ares_full_20250820_180428.log", "correlation_id": "-", "session_id": "-", "timestamp": "2025-08-20T16:04:28.120377+00:00"}
{"asctime": "2025-08-20 18:04:28,120", "levelname": "INFO", "name": "AresGlobal.AresLauncher", "message": "Trades log: log/ares_trades_20250820_180428.log", "correlation_id": "-", "session_id": "-", "timestamp": "2025-08-20T16:04:28.120525+00:00"}
{"asctime": "2025-08-20 18:04:28,120", "levelname": "INFO", "name": "AresGlobal.AresLauncher", "message": "Backtest log: log/ares_backtest_20250820_180428.log", "correlation_id": "-", "session_id": "-", "timestamp": "2025-08-20T16:04:28.120641+00:00"}
{"asctime": "2025-08-20 18:04:28,120", "levelname": "INFO", "name": "AresGlobal.AresLauncher", "message": "================================================================================", "correlation_id": "-", "session_id": "-", "timestamp": "2025-08-20T16:04:28.120763+00:00"}
{"asctime": "2025-08-20 18:04:28,121", "levelname": "INFO", "name": "AresGlobal", "message": "[SYSTEM] ================================================================================", "correlation_id": "-", "session_id": "-", "timestamp": "2025-08-20T16:04:28.121400+00:00"}
{"asctime": "2025-08-20 18:04:28,121", "levelname": "INFO", "name": "AresGlobal", "message": "[SYSTEM] 🚀 ARES LAUNCHER STARTED - Mode: blank - Symbol: ETHUSDT - Exchange: BINANCE", "correlation_id": "-", "session_id": "-", "timestamp": "2025-08-20T16:04:28.121733+00:00"}
{"asctime": "2025-08-20 18:04:28,121", "levelname": "INFO", "name": "AresGlobal", "message": "[SYSTEM] Start time: 2025-08-20 18:04:28", "correlation_id": "-", "session_id": "-", "timestamp": "2025-08-20T16:04:28.121965+00:00"}
{"asctime": "2025-08-20 18:04:28,122", "levelname": "INFO", "name": "AresGlobal", "message": "[SYSTEM] Log directory: log", "correlation_id": "-", "session_id": "-", "timestamp": "2025-08-20T16:04:28.122195+00:00"}
{"asctime": "2025-08-20 18:04:28,122", "levelname": "INFO", "name": "AresGlobal", "message": "[SYSTEM] ================================================================================", "correlation_id": "-", "session_id": "-", "timestamp": "2025-08-20T16:04:28.122436+00:00"}
{"asctime": "2025-08-20 18:04:28,122", "levelname": "INFO", "name": "AresGlobal.AresLauncher", "message": "🚀 Running enhanced 16-step training pipeline for ETHUSDT on BINANCE", "correlation_id": "-", "session_id": "-", "timestamp": "2025-08-20T16:04:28.122655+00:00"}
{"asctime": "2025-08-20 18:04:28,122", "levelname": "INFO", "name": "AresGlobal.AresLauncher", "message": "Starting from step: step2_feature_engineering", "correlation_id": "-", "session_id": "-", "timestamp": "2025-08-20T16:04:28.122807+00:00"}
{"asctime": "2025-08-20 18:04:28,124", "levelname": "INFO", "name": "AresGlobal.AresLauncher", "message": "🧪 BLANK TRAINING MODE: Set BLANK_TRAINING_MODE=1 for step-based training", "correlation_id": "-", "session_id": "-", "timestamp": "2025-08-20T16:04:28.124818+00:00"}
{"asctime": "2025-08-20 18:04:28,125", "levelname": "INFO", "name": "AresGlobal.ProgressManager", "message": "Initialized ProgressManager for ETHUSDT on BINANCE", "correlation_id": "-", "session_id": "-", "timestamp": "2025-08-20T16:04:28.125106+00:00"}
{"asctime": "2025-08-20 18:04:28,125", "levelname": "INFO", "name": "AresGlobal.ProgressManager", "message": "Progress directory: data/training/progress/BINANCE_ETHUSDT", "correlation_id": "-", "session_id": "-", "timestamp": "2025-08-20T16:04:28.125230+00:00"}
{"asctime": "2025-08-20 18:04:28,125", "levelname": "INFO", "name": "AresGlobal.StepOrchestrator", "message": "Initialized StepOrchestrator for ETHUSDT on BINANCE", "correlation_id": "-", "session_id": "-", "timestamp": "2025-08-20T16:04:28.125583+00:00"}
{"asctime": "2025-08-20 18:04:28,125", "levelname": "INFO", "name": "AresGlobal.ProgressManager", "message": "🗑️  Cleared progress for step2_feature_engineering", "correlation_id": "-", "session_id": "-", "timestamp": "2025-08-20T16:04:28.125785+00:00"}
{"asctime": "2025-08-20 18:04:28,126", "levelname": "INFO", "name": "AresGlobal.AresLauncher", "message": "🧹 Cleared progress for 'step2_feature_engineering' (force)", "correlation_id": "-", "session_id": "-", "timestamp": "2025-08-20T16:04:28.126010+00:00"}
{"asctime": "2025-08-20 18:04:28,126", "levelname": "INFO", "name": "AresGlobal.ProgressManager", "message": "🗑️  Cleared progress for step2_5_enhanced_matrix_operations", "correlation_id": "-", "session_id": "-", "timestamp": "2025-08-20T16:04:28.126280+00:00"}
{"asctime": "2025-08-20 18:04:28,126", "levelname": "INFO", "name": "AresGlobal.AresLauncher", "message": "🧹 Cleared progress for 'step2_5_enhanced_matrix_operations' (force)", "correlation_id": "-", "session_id": "-", "timestamp": "2025-08-20T16:04:28.126497+00:00"}
{"asctime": "2025-08-20 18:04:28,126", "levelname": "INFO", "name": "AresGlobal.ProgressManager", "message": "🗑️  Cleared progress for step3_hmm_regime_discovery", "correlation_id": "-", "session_id": "-", "timestamp": "2025-08-20T16:04:28.126768+00:00"}
{"asctime": "2025-08-20 18:04:28,126", "levelname": "INFO", "name": "AresGlobal.AresLauncher", "message": "🧹 Cleared progress for 'step3_hmm_regime_discovery' (force)", "correlation_id": "-", "session_id": "-", "timestamp": "2025-08-20T16:04:28.126896+00:00"}
{"asctime": "2025-08-20 18:04:28,127", "levelname": "INFO", "name": "AresGlobal.ProgressManager", "message": "🗑️  Cleared progress for step4_processing_labeling", "correlation_id": "-", "session_id": "-", "timestamp": "2025-08-20T16:04:28.127046+00:00"}
{"asctime": "2025-08-20 18:04:28,127", "levelname": "INFO", "name": "AresGlobal.AresLauncher", "message": "🧹 Cleared progress for 'step4_processing_labeling' (force)", "correlation_id": "-", "session_id": "-", "timestamp": "2025-08-20T16:04:28.127177+00:00"}
{"asctime": "2025-08-20 18:04:28,127", "levelname": "INFO", "name": "AresGlobal.ProgressManager", "message": "🗑️  Cleared progress for step5_regime_data_splitting", "correlation_id": "-", "session_id": "-", "timestamp": "2025-08-20T16:04:28.127494+00:00"}
{"asctime": "2025-08-20 18:04:28,127", "levelname": "INFO", "name": "AresGlobal.AresLauncher", "message": "🧹 Cleared progress for 'step5_regime_data_splitting' (force)", "correlation_id": "-", "session_id": "-", "timestamp": "2025-08-20T16:04:28.127700+00:00"}
{"asctime": "2025-08-20 18:04:28,128", "levelname": "INFO", "name": "AresGlobal.ProgressManager", "message": "🗑️  Cleared progress for step6_hmm_based_training", "correlation_id": "-", "session_id": "-", "timestamp": "2025-08-20T16:04:28.128015+00:00"}
{"asctime": "2025-08-20 18:04:28,128", "levelname": "INFO", "name": "AresGlobal.AresLauncher", "message": "🧹 Cleared progress for 'step6_hmm_based_training' (force)", "correlation_id": "-", "session_id": "-", "timestamp": "2025-08-20T16:04:28.128273+00:00"}
{"asctime": "2025-08-20 18:04:28,128", "levelname": "INFO", "name": "AresGlobal.ProgressManager", "message": "🗑️  Cleared progress for step6_5_unified_regime_intelligence", "correlation_id": "-", "session_id": "-", "timestamp": "2025-08-20T16:04:28.128910+00:00"}
{"asctime": "2025-08-20 18:04:28,129", "levelname": "INFO", "name": "AresGlobal.AresLauncher", "message": "🧹 Cleared progress for 'step6_5_unified_regime_intelligence' (force)", "correlation_id": "-", "session_id": "-", "timestamp": "2025-08-20T16:04:28.129134+00:00"}
{"asctime": "2025-08-20 18:04:28,129", "levelname": "INFO", "name": "AresGlobal.ProgressManager", "message": "🗑️  Cleared progress for step7_analyst_enhancement", "correlation_id": "-", "session_id": "-", "timestamp": "2025-08-20T16:04:28.129310+00:00"}
{"asctime": "2025-08-20 18:04:28,129", "levelname": "INFO", "name": "AresGlobal.AresLauncher", "message": "🧹 Cleared progress for 'step7_analyst_enhancement' (force)", "correlation_id": "-", "session_id": "-", "timestamp": "2025-08-20T16:04:28.129438+00:00"}
{"asctime": "2025-08-20 18:04:28,129", "levelname": "INFO", "name": "AresGlobal.ProgressManager", "message": "🗑️  Cleared progress for step8_tactician_labeling", "correlation_id": "-", "session_id": "-", "timestamp": "2025-08-20T16:04:28.129581+00:00"}
{"asctime": "2025-08-20 18:04:28,129", "levelname": "INFO", "name": "AresGlobal.AresLauncher", "message": "🧹 Cleared progress for 'step8_tactician_labeling' (force)", "correlation_id": "-", "session_id": "-", "timestamp": "2025-08-20T16:04:28.129713+00:00"}
{"asctime": "2025-08-20 18:04:28,129", "levelname": "INFO", "name": "AresGlobal.ProgressManager", "message": "🗑️  Cleared progress for step9_tactician_specialist_training", "correlation_id": "-", "session_id": "-", "timestamp": "2025-08-20T16:04:28.129850+00:00"}
{"asctime": "2025-08-20 18:04:28,129", "levelname": "INFO", "name": "AresGlobal.AresLauncher", "message": "🧹 Cleared progress for 'step9_tactician_specialist_training' (force)", "correlation_id": "-", "session_id": "-", "timestamp": "2025-08-20T16:04:28.129997+00:00"}
{"asctime": "2025-08-20 18:04:28,130", "levelname": "INFO", "name": "AresGlobal.ProgressManager", "message": "🗑️  Cleared progress for step10_confidence_calibration", "correlation_id": "-", "session_id": "-", "timestamp": "2025-08-20T16:04:28.130135+00:00"}
{"asctime": "2025-08-20 18:04:28,130", "levelname": "INFO", "name": "AresGlobal.AresLauncher", "message": "🧹 Cleared progress for 'step10_confidence_calibration' (force)", "correlation_id": "-", "session_id": "-", "timestamp": "2025-08-20T16:04:28.130476+00:00"}
{"asctime": "2025-08-20 18:04:28,130", "levelname": "INFO", "name": "AresGlobal.ProgressManager", "message": "🗑️  Cleared progress for step11_final_parameters_optimization", "correlation_id": "-", "session_id": "-", "timestamp": "2025-08-20T16:04:28.130755+00:00"}
{"asctime": "2025-08-20 18:04:28,130", "levelname": "INFO", "name": "AresGlobal.AresLauncher", "message": "🧹 Cleared progress for 'step11_final_parameters_optimization' (force)", "correlation_id": "-", "session_id": "-", "timestamp": "2025-08-20T16:04:28.130919+00:00"}
{"asctime": "2025-08-20 18:04:28,131", "levelname": "INFO", "name": "AresGlobal.ProgressManager", "message": "🗑️  Cleared progress for step12_walk_forward_validation", "correlation_id": "-", "session_id": "-", "timestamp": "2025-08-20T16:04:28.131093+00:00"}
{"asctime": "2025-08-20 18:04:28,131", "levelname": "INFO", "name": "AresGlobal.AresLauncher", "message": "🧹 Cleared progress for 'step12_walk_forward_validation' (force)", "correlation_id": "-", "session_id": "-", "timestamp": "2025-08-20T16:04:28.131219+00:00"}
{"asctime": "2025-08-20 18:04:28,131", "levelname": "INFO", "name": "AresGlobal.ProgressManager", "message": "🗑️  Cleared progress for step13_monte_carlo_validation", "correlation_id": "-", "session_id": "-", "timestamp": "2025-08-20T16:04:28.131390+00:00"}
{"asctime": "2025-08-20 18:04:28,131", "levelname": "INFO", "name": "AresGlobal.AresLauncher", "message": "🧹 Cleared progress for 'step13_monte_carlo_validation' (force)", "correlation_id": "-", "session_id": "-", "timestamp": "2025-08-20T16:04:28.131516+00:00"}
{"asctime": "2025-08-20 18:04:28,131", "levelname": "INFO", "name": "AresGlobal.ProgressManager", "message": "🗑️  Cleared progress for step14_ab_testing", "correlation_id": "-", "session_id": "-", "timestamp": "2025-08-20T16:04:28.131812+00:00"}
{"asctime": "2025-08-20 18:04:28,132", "levelname": "INFO", "name": "AresGlobal.AresLauncher", "message": "🧹 Cleared progress for 'step14_ab_testing' (force)", "correlation_id": "-", "session_id": "-", "timestamp": "2025-08-20T16:04:28.132060+00:00"}
{"asctime": "2025-08-20 18:04:28,132", "levelname": "INFO", "name": "AresGlobal.ProgressManager", "message": "🗑️  Cleared progress for step15_saving", "correlation_id": "-", "session_id": "-", "timestamp": "2025-08-20T16:04:28.132198+00:00"}
{"asctime": "2025-08-20 18:04:28,132", "levelname": "INFO", "name": "AresGlobal.AresLauncher", "message": "🧹 Cleared progress for 'step15_saving' (force)", "correlation_id": "-", "session_id": "-", "timestamp": "2025-08-20T16:04:28.132468+00:00"}
{"asctime": "2025-08-20 18:04:28,132", "levelname": "INFO", "name": "AresGlobal.AresLauncher", "message": "✅ Cleared progress for 16 steps: ['step2_feature_engineering', 'step2_5_enhanced_matrix_operations', 'step3_hmm_regime_discovery', 'step4_processing_labeling', 'step5_regime_data_splitting', 'step6_hmm_based_training', 'step6_5_unified_regime_intelligence', 'step7_analyst_enhancement', 'step8_tactician_labeling', 'step9_tactician_specialist_training', 'step10_confidence_calibration', 'step11_final_parameters_optimization', 'step12_walk_forward_validation', 'step13_monte_carlo_validation', 'step14_ab_testing', 'step15_saving']", "correlation_id": "-", "session_id": "-", "timestamp": "2025-08-20T16:04:28.132980+00:00"}
{"asctime": "2025-08-20 18:04:28,133", "levelname": "INFO", "name": "AresGlobal.StepOrchestrator", "message": "🚀 Starting execution from step: step2_feature_engineering", "correlation_id": "-", "session_id": "-", "timestamp": "2025-08-20T16:04:28.133938+00:00"}
{"asctime": "2025-08-20 18:04:43,202", "levelname": "INFO", "name": "AresGlobal.M1GPUAcceleration", "message": "✅ MPS (Metal Performance Shaders) available and enabled", "correlation_id": "-", "session_id": "-", "timestamp": "2025-08-20T16:04:43.202494+00:00"}
{"asctime": "2025-08-20 18:04:43,215", "levelname": "INFO", "name": "AresGlobal.ComputationalOptimizationManager", "message": "Computational Optimization Manager initialized", "correlation_id": "-", "session_id": "-", "timestamp": "2025-08-20T16:04:43.215157+00:00"}
{"asctime": "2025-08-20 18:04:43,219", "levelname": "INFO", "name": "AresGlobal.StepOrchestrator", "message": "✅ Enhanced training manager setup successfully", "correlation_id": "-", "session_id": "-", "timestamp": "2025-08-20T16:04:43.219594+00:00"}
{"asctime": "2025-08-20 18:04:43,274", "levelname": "INFO", "name": "AresGlobal.Step2.FeatureEngineering", "message": "🔍 Checking for required multi-timeframe data...", "correlation_id": "-", "session_id": "-", "timestamp": "2025-08-20T16:04:43.274733+00:00"}
{"asctime": "2025-08-20 18:04:43,276", "levelname": "INFO", "name": "AresGlobal.Step2.FeatureEngineering", "message": "✅ Found 5m data: data_cache/klines_BINANCE_ETHUSDT_5m_consolidated.parquet", "correlation_id": "-", "session_id": "-", "timestamp": "2025-08-20T16:04:43.276643+00:00"}
{"asctime": "2025-08-20 18:04:43,278", "levelname": "INFO", "name": "AresGlobal.Step2.FeatureEngineering", "message": "✅ Found 15m data: data_cache/klines_BINANCE_ETHUSDT_15m_consolidated.parquet", "correlation_id": "-", "session_id": "-", "timestamp": "2025-08-20T16:04:43.278646+00:00"}
{"asctime": "2025-08-20 18:04:43,278", "levelname": "INFO", "name": "AresGlobal.Step2.FeatureEngineering", "message": "✅ Found 30m data: data_cache/klines_BINANCE_ETHUSDT_30m_consolidated.parquet", "correlation_id": "-", "session_id": "-", "timestamp": "2025-08-20T16:04:43.278925+00:00"}
{"asctime": "2025-08-20 18:04:43,279", "levelname": "INFO", "name": "AresGlobal.Step2.FeatureEngineering", "message": "✅ All required timeframes are available", "correlation_id": "-", "session_id": "-", "timestamp": "2025-08-20T16:04:43.279622+00:00"}
{"asctime": "2025-08-20 18:04:43,280", "levelname": "INFO", "name": "AresGlobal.Step2.FeatureEngineering", "message": "🔧 No existing artifacts found - generating features", "correlation_id": "-", "session_id": "-", "timestamp": "2025-08-20T16:04:43.280200+00:00"}
{"asctime": "2025-08-20 18:04:43,280", "levelname": "INFO", "name": "AresGlobal.Step2.FeatureEngineering", "message": "📦 Loading labeled data using unified data loader...", "correlation_id": "-", "session_id": "-", "timestamp": "2025-08-20T16:04:43.280390+00:00"}
{"asctime": "2025-08-20 18:04:43,280", "levelname": "ERROR", "name": "AresGlobal.Step2.FeatureEngineering", "message": "❌ Error loading train data: validate_data_quality.<locals>.decorator() got an unexpected keyword argument 'symbol'", "correlation_id": "-", "session_id": "-", "exc_info": "Traceback (most recent call last):\n  File \"/Users/remyroche/Documents/Ares/src/training/steps/step2_feature_engineering.py\", line 576, in run_step\n    df = unified_loader.load_step1_5_data(\n         ^^^^^^^^^^^^^^^^^^^^^^^^^^^^^^^^^\nTypeError: validate_data_quality.<locals>.decorator() got an unexpected keyword argument 'symbol'", "timestamp": "2025-08-20T16:04:43.280859+00:00"}
{"asctime": "2025-08-20 18:04:43,283", "levelname": "ERROR", "name": "AresGlobal.Step2.FeatureEngineering", "message": "🚨 Step 2 feature engineering failed: validate_data_quality.<locals>.decorator() got an unexpected keyword argument 'symbol'", "correlation_id": "-", "session_id": "-", "exc_info": "Traceback (most recent call last):\n  File \"/Users/remyroche/Documents/Ares/src/training/steps/step2_feature_engineering.py\", line 576, in run_step\n    df = unified_loader.load_step1_5_data(\n         ^^^^^^^^^^^^^^^^^^^^^^^^^^^^^^^^^\nTypeError: validate_data_quality.<locals>.decorator() got an unexpected keyword argument 'symbol'", "timestamp": "2025-08-20T16:04:43.283830+00:00"}
{"asctime": "2025-08-20 18:04:43,392", "levelname": "INFO", "name": "AresGlobal.M1GPUAcceleration", "message": "🧹 GPU memory cleared", "correlation_id": "-", "session_id": "-", "timestamp": "2025-08-20T16:04:43.392374+00:00"}
{"asctime": "2025-08-20 18:04:43,392", "levelname": "INFO", "name": "AresGlobal.StepOrchestrator", "message": "\u001b[91m\u001b[1m❌\u001b[0m \u001b[91m\u001b[1m❌ Enhanced 16-step training pipeline failed\u001b[0m", "correlation_id": "-", "session_id": "-", "timestamp": "2025-08-20T16:04:43.392984+00:00"}
{"asctime": "2025-08-20 18:04:43,394", "levelname": "ERROR", "name": "AresGlobal.AresLauncher", "message": "❌ Step-based training pipeline failed", "correlation_id": "-", "session_id": "-", "timestamp": "2025-08-20T16:04:43.394094+00:00"}
{"asctime": "2025-08-20 18:04:43,394", "levelname": "INFO", "name": "AresGlobal", "message": "[SYSTEM] ================================================================================", "correlation_id": "-", "session_id": "-", "timestamp": "2025-08-20T16:04:43.394807+00:00"}
{"asctime": "2025-08-20 18:04:43,395", "levelname": "INFO", "name": "AresGlobal", "message": "[SYSTEM] 🛑 ARES LAUNCHER ENDED - Exit code: 1", "correlation_id": "-", "session_id": "-", "timestamp": "2025-08-20T16:04:43.395187+00:00"}
{"asctime": "2025-08-20 18:04:43,395", "levelname": "INFO", "name": "AresGlobal", "message": "[SYSTEM] End time: 2025-08-20 18:04:43", "correlation_id": "-", "session_id": "-", "timestamp": "2025-08-20T16:04:43.395710+00:00"}
{"asctime": "2025-08-20 18:04:43,397", "levelname": "INFO", "name": "AresGlobal", "message": "[SYSTEM] ================================================================================", "correlation_id": "-", "session_id": "-", "timestamp": "2025-08-20T16:04:43.397790+00:00"}
{"asctime": "2025-08-20 18:04:43,398", "levelname": "INFO", "name": "AresGlobal.AresLauncher", "message": "🧹 Cleaning up processes...", "correlation_id": "-", "session_id": "-", "timestamp": "2025-08-20T16:04:43.398006+00:00"}
{"asctime": "2025-08-20 18:04:43,398", "levelname": "INFO", "name": "AresGlobal.AresLauncher", "message": "✅ Cleanup completed", "correlation_id": "-", "session_id": "-", "timestamp": "2025-08-20T16:04:43.398173+00:00"}
