{"asctime": "2025-08-19 12:04:48,855", "levelname": "INFO", "name": "AresGlobal", "message": "================================================================================", "correlation_id": "-", "session_id": "-", "timestamp": "2025-08-19T10:04:48.855935+00:00"}
{"asctime": "2025-08-19 12:04:48,856", "levelname": "INFO", "name": "AresGlobal", "message": "📊 SESSION SUMMARY", "correlation_id": "-", "session_id": "-", "timestamp": "2025-08-19T10:04:48.856041+00:00"}
{"asctime": "2025-08-19 12:04:48,856", "levelname": "INFO", "name": "AresGlobal", "message": "Session started: 2025-08-19 12:04:48", "correlation_id": "-", "session_id": "-", "timestamp": "2025-08-19T10:04:48.856138+00:00"}
{"asctime": "2025-08-19 12:04:48,856", "levelname": "INFO", "name": "AresGlobal", "message": "This file contains ALL logs for this session", "correlation_id": "-", "session_id": "-", "timestamp": "2025-08-19T10:04:48.856216+00:00"}
{"asctime": "2025-08-19 12:04:48,856", "levelname": "INFO", "name": "AresGlobal", "message": "================================================================================", "correlation_id": "-", "session_id": "-", "timestamp": "2025-08-19T10:04:48.856293+00:00"}
{"asctime": "2025-08-19 12:04:48,856", "levelname": "INFO", "name": "AresSystem", "message": "================================================================================", "correlation_id": "-", "session_id": "-", "timestamp": "2025-08-19T10:04:48.856405+00:00"}
{"asctime": "2025-08-19 12:04:48,856", "levelname": "INFO", "name": "AresGlobal", "message": "[SYSTEM] ================================================================================", "correlation_id": "-", "session_id": "-", "timestamp": "2025-08-19T10:04:48.856485+00:00"}
{"asctime": "2025-08-19 12:04:48,856", "levelname": "INFO", "name": "AresSystem", "message": "🚀 ARES LAUNCHER STARTED - Mode: INITIALIZATION", "correlation_id": "-", "session_id": "-", "timestamp": "2025-08-19T10:04:48.856561+00:00"}
{"asctime": "2025-08-19 12:04:48,856", "levelname": "INFO", "name": "AresGlobal", "message": "[SYSTEM] 🚀 ARES LAUNCHER STARTED - Mode: INITIALIZATION", "correlation_id": "-", "session_id": "-", "timestamp": "2025-08-19T10:04:48.856640+00:00"}
{"asctime": "2025-08-19 12:04:48,856", "levelname": "INFO", "name": "AresSystem", "message": "Start time: 2025-08-19 12:04:48", "correlation_id": "-", "session_id": "-", "timestamp": "2025-08-19T10:04:48.856723+00:00"}
{"asctime": "2025-08-19 12:04:48,856", "levelname": "INFO", "name": "AresGlobal", "message": "[SYSTEM] Start time: 2025-08-19 12:04:48", "correlation_id": "-", "session_id": "-", "timestamp": "2025-08-19T10:04:48.856796+00:00"}
{"asctime": "2025-08-19 12:04:48,856", "levelname": "INFO", "name": "AresSystem", "message": "Log directory: log", "correlation_id": "-", "session_id": "-", "timestamp": "2025-08-19T10:04:48.856869+00:00"}
{"asctime": "2025-08-19 12:04:48,856", "levelname": "INFO", "name": "AresGlobal", "message": "[SYSTEM] Log directory: log", "correlation_id": "-", "session_id": "-", "timestamp": "2025-08-19T10:04:48.856941+00:00"}
{"asctime": "2025-08-19 12:04:48,857", "levelname": "INFO", "name": "AresSystem", "message": "================================================================================", "correlation_id": "-", "session_id": "-", "timestamp": "2025-08-19T10:04:48.857013+00:00"}
{"asctime": "2025-08-19 12:04:48,857", "levelname": "INFO", "name": "AresGlobal", "message": "[SYSTEM] ================================================================================", "correlation_id": "-", "session_id": "-", "timestamp": "2025-08-19T10:04:48.857086+00:00"}
{"asctime": "2025-08-19 12:04:48,857", "levelname": "INFO", "name": "AresGlobal.AresLauncher", "message": "================================================================================", "correlation_id": "-", "session_id": "-", "timestamp": "2025-08-19T10:04:48.857159+00:00"}
{"asctime": "2025-08-19 12:04:48,857", "levelname": "INFO", "name": "AresGlobal.AresLauncher", "message": "🚀 ARES COMPREHENSIVE LAUNCHER", "correlation_id": "-", "session_id": "-", "timestamp": "2025-08-19T10:04:48.857233+00:00"}
{"asctime": "2025-08-19 12:04:48,857", "levelname": "INFO", "name": "AresGlobal.AresLauncher", "message": "================================================================================", "correlation_id": "-", "session_id": "-", "timestamp": "2025-08-19T10:04:48.857318+00:00"}
{"asctime": "2025-08-19 12:04:48,857", "levelname": "INFO", "name": "AresGlobal.AresLauncher", "message": "Start time: 2025-08-19 12:04:48", "correlation_id": "-", "session_id": "-", "timestamp": "2025-08-19T10:04:48.857395+00:00"}
{"asctime": "2025-08-19 12:04:48,857", "levelname": "INFO", "name": "AresGlobal.AresLauncher", "message": "Log directory: log", "correlation_id": "-", "session_id": "-", "timestamp": "2025-08-19T10:04:48.857467+00:00"}
{"asctime": "2025-08-19 12:04:48,857", "levelname": "INFO", "name": "AresGlobal.AresLauncher", "message": "Log level: INFO", "correlation_id": "-", "session_id": "-", "timestamp": "2025-08-19T10:04:48.857541+00:00"}
{"asctime": "2025-08-19 12:04:48,857", "levelname": "INFO", "name": "AresGlobal.AresLauncher", "message": "Global log file: ares_global_20250819_120448.log", "correlation_id": "-", "session_id": "-", "timestamp": "2025-08-19T10:04:48.857616+00:00"}
{"asctime": "2025-08-19 12:04:48,857", "levelname": "INFO", "name": "AresGlobal.AresLauncher", "message": "Full run log: log/ares_full_20250819_120448.log", "correlation_id": "-", "session_id": "-", "timestamp": "2025-08-19T10:04:48.857692+00:00"}
{"asctime": "2025-08-19 12:04:48,857", "levelname": "INFO", "name": "AresGlobal.AresLauncher", "message": "Trades log: log/ares_trades_20250819_120448.log", "correlation_id": "-", "session_id": "-", "timestamp": "2025-08-19T10:04:48.857762+00:00"}
{"asctime": "2025-08-19 12:04:48,857", "levelname": "INFO", "name": "AresGlobal.AresLauncher", "message": "Backtest log: log/ares_backtest_20250819_120448.log", "correlation_id": "-", "session_id": "-", "timestamp": "2025-08-19T10:04:48.857832+00:00"}
{"asctime": "2025-08-19 12:04:48,857", "levelname": "INFO", "name": "AresGlobal.AresLauncher", "message": "================================================================================", "correlation_id": "-", "session_id": "-", "timestamp": "2025-08-19T10:04:48.857901+00:00"}
{"asctime": "2025-08-19 12:04:48,857", "levelname": "INFO", "name": "AresTradingSystem.System.SignalHandler", "message": "Shutdown callback registered", "correlation_id": "-", "session_id": "-", "timestamp": "2025-08-19T10:04:48.857973+00:00"}
{"asctime": "2025-08-19 12:04:48,858", "levelname": "INFO", "name": "AresSystem", "message": "================================================================================", "correlation_id": "-", "session_id": "-", "timestamp": "2025-08-19T10:04:48.858049+00:00"}
{"asctime": "2025-08-19 12:04:48,858", "levelname": "INFO", "name": "AresGlobal", "message": "[SYSTEM] ================================================================================", "correlation_id": "-", "session_id": "-", "timestamp": "2025-08-19T10:04:48.858123+00:00"}
{"asctime": "2025-08-19 12:04:48,858", "levelname": "INFO", "name": "AresSystem", "message": "🚀 ARES LAUNCHER STARTED - Mode: blank - Symbol: ETHUSDT - Exchange: BINANCE", "correlation_id": "-", "session_id": "-", "timestamp": "2025-08-19T10:04:48.858194+00:00"}
{"asctime": "2025-08-19 12:04:48,858", "levelname": "INFO", "name": "AresGlobal", "message": "[SYSTEM] 🚀 ARES LAUNCHER STARTED - Mode: blank - Symbol: ETHUSDT - Exchange: BINANCE", "correlation_id": "-", "session_id": "-", "timestamp": "2025-08-19T10:04:48.858271+00:00"}
{"asctime": "2025-08-19 12:04:48,858", "levelname": "INFO", "name": "AresSystem", "message": "Start time: 2025-08-19 12:04:48", "correlation_id": "-", "session_id": "-", "timestamp": "2025-08-19T10:04:48.858351+00:00"}
{"asctime": "2025-08-19 12:04:48,858", "levelname": "INFO", "name": "AresGlobal", "message": "[SYSTEM] Start time: 2025-08-19 12:04:48", "correlation_id": "-", "session_id": "-", "timestamp": "2025-08-19T10:04:48.858422+00:00"}
{"asctime": "2025-08-19 12:04:48,858", "levelname": "INFO", "name": "AresSystem", "message": "Log directory: log", "correlation_id": "-", "session_id": "-", "timestamp": "2025-08-19T10:04:48.858492+00:00"}
{"asctime": "2025-08-19 12:04:48,858", "levelname": "INFO", "name": "AresGlobal", "message": "[SYSTEM] Log directory: log", "correlation_id": "-", "session_id": "-", "timestamp": "2025-08-19T10:04:48.858569+00:00"}
{"asctime": "2025-08-19 12:04:48,858", "levelname": "INFO", "name": "AresSystem", "message": "================================================================================", "correlation_id": "-", "session_id": "-", "timestamp": "2025-08-19T10:04:48.858641+00:00"}
{"asctime": "2025-08-19 12:04:48,858", "levelname": "INFO", "name": "AresGlobal", "message": "[SYSTEM] ================================================================================", "correlation_id": "-", "session_id": "-", "timestamp": "2025-08-19T10:04:48.858713+00:00"}
{"asctime": "2025-08-19 12:04:48,858", "levelname": "INFO", "name": "AresGlobal.AresLauncher", "message": "🚀 Running enhanced 16-step training pipeline for ETHUSDT on BINANCE", "correlation_id": "-", "session_id": "-", "timestamp": "2025-08-19T10:04:48.858794+00:00"}
{"asctime": "2025-08-19 12:04:48,858", "levelname": "INFO", "name": "AresGlobal.AresLauncher", "message": "Starting from step: step2_feature_engineering", "correlation_id": "-", "session_id": "-", "timestamp": "2025-08-19T10:04:48.858876+00:00"}
{"asctime": "2025-08-19 12:04:48,859", "levelname": "INFO", "name": "AresGlobal.AresLauncher", "message": "🧪 BLANK TRAINING MODE: Set BLANK_TRAINING_MODE=1 for step-based training", "correlation_id": "-", "session_id": "-", "timestamp": "2025-08-19T10:04:48.859814+00:00"}
{"asctime": "2025-08-19 12:04:48,859", "levelname": "INFO", "name": "AresGlobal.ProgressManager", "message": "Initialized ProgressManager for ETHUSDT on BINANCE", "correlation_id": "-", "session_id": "-", "timestamp": "2025-08-19T10:04:48.859944+00:00"}
{"asctime": "2025-08-19 12:04:48,860", "levelname": "INFO", "name": "AresGlobal.ProgressManager", "message": "Progress directory: data/training/progress/BINANCE_ETHUSDT", "correlation_id": "-", "session_id": "-", "timestamp": "2025-08-19T10:04:48.860025+00:00"}
{"asctime": "2025-08-19 12:04:48,860", "levelname": "INFO", "name": "AresGlobal.StepOrchestrator", "message": "Initialized StepOrchestrator for ETHUSDT on BINANCE", "correlation_id": "-", "session_id": "-", "timestamp": "2025-08-19T10:04:48.860145+00:00"}
{"asctime": "2025-08-19 12:04:48,860", "levelname": "INFO", "name": "AresGlobal.ProgressManager", "message": "🗑️  Cleared progress for step2_feature_engineering", "correlation_id": "-", "session_id": "-", "timestamp": "2025-08-19T10:04:48.860393+00:00"}
{"asctime": "2025-08-19 12:04:48,860", "levelname": "INFO", "name": "AresGlobal.AresLauncher", "message": "🧹 Cleared progress for 'step2_feature_engineering' (force)", "correlation_id": "-", "session_id": "-", "timestamp": "2025-08-19T10:04:48.860676+00:00"}
{"asctime": "2025-08-19 12:04:48,860", "levelname": "INFO", "name": "AresGlobal.ProgressManager", "message": "🗑️  Cleared progress for step3_hmm_regime_discovery", "correlation_id": "-", "session_id": "-", "timestamp": "2025-08-19T10:04:48.860956+00:00"}
{"asctime": "2025-08-19 12:04:48,861", "levelname": "INFO", "name": "AresGlobal.AresLauncher", "message": "🧹 Cleared progress for 'step3_hmm_regime_discovery' (force)", "correlation_id": "-", "session_id": "-", "timestamp": "2025-08-19T10:04:48.861146+00:00"}
{"asctime": "2025-08-19 12:04:48,861", "levelname": "INFO", "name": "AresGlobal.ProgressManager", "message": "🗑️  Cleared progress for step4_processing_labeling", "correlation_id": "-", "session_id": "-", "timestamp": "2025-08-19T10:04:48.861300+00:00"}
{"asctime": "2025-08-19 12:04:48,861", "levelname": "INFO", "name": "AresGlobal.AresLauncher", "message": "🧹 Cleared progress for 'step4_processing_labeling' (force)", "correlation_id": "-", "session_id": "-", "timestamp": "2025-08-19T10:04:48.861424+00:00"}
{"asctime": "2025-08-19 12:04:48,861", "levelname": "INFO", "name": "AresGlobal.ProgressManager", "message": "🗑️  Cleared progress for step5_regime_data_splitting", "correlation_id": "-", "session_id": "-", "timestamp": "2025-08-19T10:04:48.861530+00:00"}
{"asctime": "2025-08-19 12:04:48,861", "levelname": "INFO", "name": "AresGlobal.AresLauncher", "message": "🧹 Cleared progress for 'step5_regime_data_splitting' (force)", "correlation_id": "-", "session_id": "-", "timestamp": "2025-08-19T10:04:48.861659+00:00"}
{"asctime": "2025-08-19 12:04:48,861", "levelname": "INFO", "name": "AresGlobal.ProgressManager", "message": "🗑️  Cleared progress for step6_hmm_based_training", "correlation_id": "-", "session_id": "-", "timestamp": "2025-08-19T10:04:48.861767+00:00"}
{"asctime": "2025-08-19 12:04:48,861", "levelname": "INFO", "name": "AresGlobal.AresLauncher", "message": "🧹 Cleared progress for 'step6_hmm_based_training' (force)", "correlation_id": "-", "session_id": "-", "timestamp": "2025-08-19T10:04:48.861878+00:00"}
{"asctime": "2025-08-19 12:04:48,861", "levelname": "INFO", "name": "AresGlobal.ProgressManager", "message": "🗑️  Cleared progress for step6_5_unified_regime_intelligence", "correlation_id": "-", "session_id": "-", "timestamp": "2025-08-19T10:04:48.861996+00:00"}
{"asctime": "2025-08-19 12:04:48,862", "levelname": "INFO", "name": "AresGlobal.AresLauncher", "message": "🧹 Cleared progress for 'step6_5_unified_regime_intelligence' (force)", "correlation_id": "-", "session_id": "-", "timestamp": "2025-08-19T10:04:48.862080+00:00"}
{"asctime": "2025-08-19 12:04:48,862", "levelname": "INFO", "name": "AresGlobal.ProgressManager", "message": "🗑️  Cleared progress for step7_analyst_enhancement", "correlation_id": "-", "session_id": "-", "timestamp": "2025-08-19T10:04:48.862184+00:00"}
{"asctime": "2025-08-19 12:04:48,862", "levelname": "INFO", "name": "AresGlobal.AresLauncher", "message": "🧹 Cleared progress for 'step7_analyst_enhancement' (force)", "correlation_id": "-", "session_id": "-", "timestamp": "2025-08-19T10:04:48.862266+00:00"}
{"asctime": "2025-08-19 12:04:48,862", "levelname": "INFO", "name": "AresGlobal.ProgressManager", "message": "🗑️  Cleared progress for step8_tactician_labeling", "correlation_id": "-", "session_id": "-", "timestamp": "2025-08-19T10:04:48.862363+00:00"}
{"asctime": "2025-08-19 12:04:48,862", "levelname": "INFO", "name": "AresGlobal.AresLauncher", "message": "🧹 Cleared progress for 'step8_tactician_labeling' (force)", "correlation_id": "-", "session_id": "-", "timestamp": "2025-08-19T10:04:48.862446+00:00"}
{"asctime": "2025-08-19 12:04:48,862", "levelname": "INFO", "name": "AresGlobal.ProgressManager", "message": "🗑️  Cleared progress for step9_tactician_specialist_training", "correlation_id": "-", "session_id": "-", "timestamp": "2025-08-19T10:04:48.862542+00:00"}
{"asctime": "2025-08-19 12:04:48,862", "levelname": "INFO", "name": "AresGlobal.AresLauncher", "message": "🧹 Cleared progress for 'step9_tactician_specialist_training' (force)", "correlation_id": "-", "session_id": "-", "timestamp": "2025-08-19T10:04:48.862625+00:00"}
{"asctime": "2025-08-19 12:04:48,862", "levelname": "INFO", "name": "AresGlobal.ProgressManager", "message": "🗑️  Cleared progress for step10_confidence_calibration", "correlation_id": "-", "session_id": "-", "timestamp": "2025-08-19T10:04:48.862720+00:00"}
{"asctime": "2025-08-19 12:04:48,862", "levelname": "INFO", "name": "AresGlobal.AresLauncher", "message": "🧹 Cleared progress for 'step10_confidence_calibration' (force)", "correlation_id": "-", "session_id": "-", "timestamp": "2025-08-19T10:04:48.862804+00:00"}
{"asctime": "2025-08-19 12:04:48,862", "levelname": "INFO", "name": "AresGlobal.ProgressManager", "message": "🗑️  Cleared progress for step11_final_parameters_optimization", "correlation_id": "-", "session_id": "-", "timestamp": "2025-08-19T10:04:48.862900+00:00"}
{"asctime": "2025-08-19 12:04:48,862", "levelname": "INFO", "name": "AresGlobal.AresLauncher", "message": "🧹 Cleared progress for 'step11_final_parameters_optimization' (force)", "correlation_id": "-", "session_id": "-", "timestamp": "2025-08-19T10:04:48.862977+00:00"}
{"asctime": "2025-08-19 12:04:48,863", "levelname": "INFO", "name": "AresGlobal.ProgressManager", "message": "🗑️  Cleared progress for step12_walk_forward_validation", "correlation_id": "-", "session_id": "-", "timestamp": "2025-08-19T10:04:48.863075+00:00"}
{"asctime": "2025-08-19 12:04:48,863", "levelname": "INFO", "name": "AresGlobal.AresLauncher", "message": "🧹 Cleared progress for 'step12_walk_forward_validation' (force)", "correlation_id": "-", "session_id": "-", "timestamp": "2025-08-19T10:04:48.863149+00:00"}
{"asctime": "2025-08-19 12:04:48,863", "levelname": "INFO", "name": "AresGlobal.ProgressManager", "message": "🗑️  Cleared progress for step13_monte_carlo_validation", "correlation_id": "-", "session_id": "-", "timestamp": "2025-08-19T10:04:48.863238+00:00"}
{"asctime": "2025-08-19 12:04:48,863", "levelname": "INFO", "name": "AresGlobal.AresLauncher", "message": "🧹 Cleared progress for 'step13_monte_carlo_validation' (force)", "correlation_id": "-", "session_id": "-", "timestamp": "2025-08-19T10:04:48.863312+00:00"}
{"asctime": "2025-08-19 12:04:48,863", "levelname": "INFO", "name": "AresGlobal.ProgressManager", "message": "🗑️  Cleared progress for step14_ab_testing", "correlation_id": "-", "session_id": "-", "timestamp": "2025-08-19T10:04:48.863402+00:00"}
{"asctime": "2025-08-19 12:04:48,863", "levelname": "INFO", "name": "AresGlobal.AresLauncher", "message": "🧹 Cleared progress for 'step14_ab_testing' (force)", "correlation_id": "-", "session_id": "-", "timestamp": "2025-08-19T10:04:48.863479+00:00"}
{"asctime": "2025-08-19 12:04:48,863", "levelname": "INFO", "name": "AresGlobal.ProgressManager", "message": "🗑️  Cleared progress for step15_saving", "correlation_id": "-", "session_id": "-", "timestamp": "2025-08-19T10:04:48.863593+00:00"}
{"asctime": "2025-08-19 12:04:48,863", "levelname": "INFO", "name": "AresGlobal.AresLauncher", "message": "🧹 Cleared progress for 'step15_saving' (force)", "correlation_id": "-", "session_id": "-", "timestamp": "2025-08-19T10:04:48.863694+00:00"}
{"asctime": "2025-08-19 12:04:48,863", "levelname": "INFO", "name": "AresGlobal.AresLauncher", "message": "✅ Cleared progress for 15 steps: ['step2_feature_engineering', 'step3_hmm_regime_discovery', 'step4_processing_labeling', 'step5_regime_data_splitting', 'step6_hmm_based_training', 'step6_5_unified_regime_intelligence', 'step7_analyst_enhancement', 'step8_tactician_labeling', 'step9_tactician_specialist_training', 'step10_confidence_calibration', 'step11_final_parameters_optimization', 'step12_walk_forward_validation', 'step13_monte_carlo_validation', 'step14_ab_testing', 'step15_saving']", "correlation_id": "-", "session_id": "-", "timestamp": "2025-08-19T10:04:48.863792+00:00"}
{"asctime": "2025-08-19 12:04:48,864", "levelname": "DEBUG", "name": "asyncio", "message": "Using selector: KqueueSelector", "correlation_id": "-", "session_id": "-", "timestamp": "2025-08-19T10:04:48.864175+00:00"}
{"asctime": "2025-08-19 12:04:48,864", "levelname": "INFO", "name": "AresGlobal.StepOrchestrator", "message": "🚀 Starting execution from step: step2_feature_engineering", "correlation_id": "-", "session_id": "-", "timestamp": "2025-08-19T10:04:48.864399+00:00"}
{"asctime": "2025-08-19 12:04:50,008", "levelname": "DEBUG", "name": "asyncio", "message": "Using selector: KqueueSelector", "correlation_id": "-", "session_id": "-", "timestamp": "2025-08-19T10:04:50.008991+00:00"}
{"asctime": "2025-08-19 12:04:50,010", "levelname": "ERROR", "name": "AresGlobal.StepOrchestrator", "message": "Failed to setup enhanced training manager: name 'with_tracing_span' is not defined", "correlation_id": "-", "session_id": "-", "exc_info": "Traceback (most recent call last):\n  File \"/Users/remyroche/Documents/Ares/src/training/step_orchestrator.py\", line 74, in _setup_enhanced_training_manager\n    from src.training.enhanced_training_manager import (\n  File \"/Users/remyroche/Documents/Ares/src/training/enhanced_training_manager.py\", line 37, in <module>\n    from src.training.enhanced_matrix_gpu_integration import EnhancedMatrixGPUIntegration\n  File \"/Users/remyroche/Documents/Ares/src/training/enhanced_matrix_gpu_integration.py\", line 16, in <module>\n    from src.training.enhanced_matrix_operations import EnhancedMatrixOperations\n  File \"/Users/remyroche/Documents/Ares/src/training/enhanced_matrix_operations.py\", line 34, in <module>\n    from src.utils.centralized_decorators import (\n  File \"/Users/remyroche/Documents/Ares/src/utils/centralized_decorators.py\", line 7, in <module>\n    from src.utils.data_quality_decorators import (\n  File \"/Users/remyroche/Documents/Ares/src/utils/data_quality_decorators.py\", line 17, in <module>\n    from src.training.steps.raw_data_quality_checker import validate_raw_data_quality\n  File \"/Users/remyroche/Documents/Ares/src/training/steps/__init__.py\", line 10, in <module>\n    from .step1_data_collection import DataCollectionStep\n  File \"/Users/remyroche/Documents/Ares/src/training/steps/step1_data_collection.py\", line 361, in <module>\n    @with_tracing_span(\"data_collection._process_single_file\", log_args=False)\n     ^^^^^^^^^^^^^^^^^\nNameError: name 'with_tracing_span' is not defined", "timestamp": "2025-08-19T10:04:50.010261+00:00"}
{"asctime": "2025-08-19 12:04:50,029", "levelname": "INFO", "name": "AresGlobal.StepOrchestrator", "message": "❌ Failed to setup enhanced training manager: name 'with_tracing_span' is not defined", "correlation_id": "-", "session_id": "-", "timestamp": "2025-08-19T10:04:50.029705+00:00"}
{"asctime": "2025-08-19 12:04:50,030", "levelname": "ERROR", "name": "AresGlobal.AresLauncher", "message": "❌ Step-based training pipeline failed", "correlation_id": "-", "session_id": "-", "timestamp": "2025-08-19T10:04:50.030330+00:00"}
{"asctime": "2025-08-19 12:04:50,030", "levelname": "INFO", "name": "AresSystem", "message": "================================================================================", "correlation_id": "-", "session_id": "-", "timestamp": "2025-08-19T10:04:50.030496+00:00"}
{"asctime": "2025-08-19 12:04:50,030", "levelname": "INFO", "name": "AresGlobal", "message": "[SYSTEM] ================================================================================", "correlation_id": "-", "session_id": "-", "timestamp": "2025-08-19T10:04:50.030720+00:00"}
{"asctime": "2025-08-19 12:04:50,030", "levelname": "INFO", "name": "AresSystem", "message": "🛑 ARES LAUNCHER ENDED - Exit code: 1", "correlation_id": "-", "session_id": "-", "timestamp": "2025-08-19T10:04:50.030964+00:00"}
{"asctime": "2025-08-19 12:04:50,031", "levelname": "INFO", "name": "AresGlobal", "message": "[SYSTEM] 🛑 ARES LAUNCHER ENDED - Exit code: 1", "correlation_id": "-", "session_id": "-", "timestamp": "2025-08-19T10:04:50.031093+00:00"}
{"asctime": "2025-08-19 12:04:50,031", "levelname": "INFO", "name": "AresSystem", "message": "End time: 2025-08-19 12:04:50", "correlation_id": "-", "session_id": "-", "timestamp": "2025-08-19T10:04:50.031210+00:00"}
{"asctime": "2025-08-19 12:04:50,031", "levelname": "INFO", "name": "AresGlobal", "message": "[SYSTEM] End time: 2025-08-19 12:04:50", "correlation_id": "-", "session_id": "-", "timestamp": "2025-08-19T10:04:50.031297+00:00"}
{"asctime": "2025-08-19 12:04:50,031", "levelname": "INFO", "name": "AresSystem", "message": "================================================================================", "correlation_id": "-", "session_id": "-", "timestamp": "2025-08-19T10:04:50.031379+00:00"}
{"asctime": "2025-08-19 12:04:50,031", "levelname": "INFO", "name": "AresGlobal", "message": "[SYSTEM] ================================================================================", "correlation_id": "-", "session_id": "-", "timestamp": "2025-08-19T10:04:50.031456+00:00"}
{"asctime": "2025-08-19 12:04:50,031", "levelname": "INFO", "name": "AresGlobal.AresLauncher", "message": "🧹 Cleaning up processes...", "correlation_id": "-", "session_id": "-", "timestamp": "2025-08-19T10:04:50.031538+00:00"}
{"asctime": "2025-08-19 12:04:50,031", "levelname": "INFO", "name": "AresGlobal.AresLauncher", "message": "✅ Cleanup completed", "correlation_id": "-", "session_id": "-", "timestamp": "2025-08-19T10:04:50.031627+00:00"}
