{"asctime": "2025-08-21 18:39:20,343", "levelname": "INFO", "name": "AresGlobal", "message": "================================================================================", "correlation_id": "-", "session_id": "-", "timestamp": "2025-08-21T16:39:20.343788+00:00"}
{"asctime": "2025-08-21 18:39:20,343", "levelname": "INFO", "name": "AresGlobal", "message": "📊 SESSION SUMMARY", "correlation_id": "-", "session_id": "-", "timestamp": "2025-08-21T16:39:20.343926+00:00"}
{"asctime": "2025-08-21 18:39:20,344", "levelname": "INFO", "name": "AresGlobal", "message": "Session started: 2025-08-21 18:39:20", "correlation_id": "-", "session_id": "-", "timestamp": "2025-08-21T16:39:20.344032+00:00"}
{"asctime": "2025-08-21 18:39:20,344", "levelname": "INFO", "name": "AresGlobal", "message": "This file contains ALL logs for this session", "correlation_id": "-", "session_id": "-", "timestamp": "2025-08-21T16:39:20.344117+00:00"}
{"asctime": "2025-08-21 18:39:20,344", "levelname": "INFO", "name": "AresGlobal", "message": "================================================================================", "correlation_id": "-", "session_id": "-", "timestamp": "2025-08-21T16:39:20.344202+00:00"}
{"asctime": "2025-08-21 18:39:20,344", "levelname": "INFO", "name": "AresGlobal", "message": "[SYSTEM] ================================================================================", "correlation_id": "-", "session_id": "-", "timestamp": "2025-08-21T16:39:20.344616+00:00"}
{"asctime": "2025-08-21 18:39:20,344", "levelname": "INFO", "name": "AresGlobal", "message": "[SYSTEM] 🚀 ARES LAUNCHER STARTED - Mode: INITIALIZATION", "correlation_id": "-", "session_id": "-", "timestamp": "2025-08-21T16:39:20.344834+00:00"}
{"asctime": "2025-08-21 18:39:20,345", "levelname": "INFO", "name": "AresGlobal", "message": "[SYSTEM] Start time: 2025-08-21 18:39:20", "correlation_id": "-", "session_id": "-", "timestamp": "2025-08-21T16:39:20.345021+00:00"}
{"asctime": "2025-08-21 18:39:20,345", "levelname": "INFO", "name": "AresGlobal", "message": "[SYSTEM] Log directory: log", "correlation_id": "-", "session_id": "-", "timestamp": "2025-08-21T16:39:20.345187+00:00"}
{"asctime": "2025-08-21 18:39:20,345", "levelname": "INFO", "name": "AresGlobal", "message": "[SYSTEM] ================================================================================", "correlation_id": "-", "session_id": "-", "timestamp": "2025-08-21T16:39:20.345349+00:00"}
{"asctime": "2025-08-21 18:39:20,345", "levelname": "INFO", "name": "AresGlobal.AresLauncher", "message": "================================================================================", "correlation_id": "-", "session_id": "-", "timestamp": "2025-08-21T16:39:20.345431+00:00"}
{"asctime": "2025-08-21 18:39:20,345", "levelname": "INFO", "name": "AresGlobal.AresLauncher", "message": "🚀 ARES COMPREHENSIVE LAUNCHER", "correlation_id": "-", "session_id": "-", "timestamp": "2025-08-21T16:39:20.345510+00:00"}
{"asctime": "2025-08-21 18:39:20,345", "levelname": "INFO", "name": "AresGlobal.AresLauncher", "message": "================================================================================", "correlation_id": "-", "session_id": "-", "timestamp": "2025-08-21T16:39:20.345600+00:00"}
{"asctime": "2025-08-21 18:39:20,345", "levelname": "INFO", "name": "AresGlobal.AresLauncher", "message": "Start time: 2025-08-21 18:39:20", "correlation_id": "-", "session_id": "-", "timestamp": "2025-08-21T16:39:20.345685+00:00"}
{"asctime": "2025-08-21 18:39:20,345", "levelname": "INFO", "name": "AresGlobal.AresLauncher", "message": "Log directory: log", "correlation_id": "-", "session_id": "-", "timestamp": "2025-08-21T16:39:20.345766+00:00"}
{"asctime": "2025-08-21 18:39:20,345", "levelname": "INFO", "name": "AresGlobal.AresLauncher", "message": "Log level: INFO", "correlation_id": "-", "session_id": "-", "timestamp": "2025-08-21T16:39:20.345845+00:00"}
{"asctime": "2025-08-21 18:39:20,345", "levelname": "INFO", "name": "AresGlobal.AresLauncher", "message": "Global log file: ares_global_20250821_183920.log", "correlation_id": "-", "session_id": "-", "timestamp": "2025-08-21T16:39:20.345927+00:00"}
{"asctime": "2025-08-21 18:39:20,346", "levelname": "INFO", "name": "AresGlobal.AresLauncher", "message": "Full run log: log/ares_full_20250821_183920.log", "correlation_id": "-", "session_id": "-", "timestamp": "2025-08-21T16:39:20.346017+00:00"}
{"asctime": "2025-08-21 18:39:20,346", "levelname": "INFO", "name": "AresGlobal.AresLauncher", "message": "Trades log: log/ares_trades_20250821_183920.log", "correlation_id": "-", "session_id": "-", "timestamp": "2025-08-21T16:39:20.346096+00:00"}
{"asctime": "2025-08-21 18:39:20,346", "levelname": "INFO", "name": "AresGlobal.AresLauncher", "message": "Backtest log: log/ares_backtest_20250821_183920.log", "correlation_id": "-", "session_id": "-", "timestamp": "2025-08-21T16:39:20.346171+00:00"}
{"asctime": "2025-08-21 18:39:20,346", "levelname": "INFO", "name": "AresGlobal.AresLauncher", "message": "================================================================================", "correlation_id": "-", "session_id": "-", "timestamp": "2025-08-21T16:39:20.346255+00:00"}
{"asctime": "2025-08-21 18:39:20,346", "levelname": "INFO", "name": "AresGlobal", "message": "[SYSTEM] ================================================================================", "correlation_id": "-", "session_id": "-", "timestamp": "2025-08-21T16:39:20.346511+00:00"}
{"asctime": "2025-08-21 18:39:20,346", "levelname": "INFO", "name": "AresGlobal", "message": "[SYSTEM] 🚀 ARES LAUNCHER STARTED - Mode: blank - Symbol: ETHUSDT - Exchange: BINANCE", "correlation_id": "-", "session_id": "-", "timestamp": "2025-08-21T16:39:20.346670+00:00"}
{"asctime": "2025-08-21 18:39:20,346", "levelname": "INFO", "name": "AresGlobal", "message": "[SYSTEM] Start time: 2025-08-21 18:39:20", "correlation_id": "-", "session_id": "-", "timestamp": "2025-08-21T16:39:20.346937+00:00"}
{"asctime": "2025-08-21 18:39:20,347", "levelname": "INFO", "name": "AresGlobal", "message": "[SYSTEM] Log directory: log", "correlation_id": "-", "session_id": "-", "timestamp": "2025-08-21T16:39:20.347112+00:00"}
{"asctime": "2025-08-21 18:39:20,347", "levelname": "INFO", "name": "AresGlobal", "message": "[SYSTEM] ================================================================================", "correlation_id": "-", "session_id": "-", "timestamp": "2025-08-21T16:39:20.347272+00:00"}
{"asctime": "2025-08-21 18:39:20,347", "levelname": "INFO", "name": "AresGlobal.AresLauncher", "message": "🚀 Running enhanced 16-step training pipeline for ETHUSDT on BINANCE", "correlation_id": "-", "session_id": "-", "timestamp": "2025-08-21T16:39:20.347388+00:00"}
{"asctime": "2025-08-21 18:39:20,347", "levelname": "INFO", "name": "AresGlobal.AresLauncher", "message": "Starting from step: step2_feature_engineering", "correlation_id": "-", "session_id": "-", "timestamp": "2025-08-21T16:39:20.347505+00:00"}
{"asctime": "2025-08-21 18:39:20,348", "levelname": "INFO", "name": "AresGlobal.AresLauncher", "message": "🧪 BLANK TRAINING MODE: Set BLANK_TRAINING_MODE=1 for step-based training", "correlation_id": "-", "session_id": "-", "timestamp": "2025-08-21T16:39:20.348735+00:00"}
{"asctime": "2025-08-21 18:39:20,348", "levelname": "INFO", "name": "AresGlobal.ProgressManager", "message": "Initialized ProgressManager for ETHUSDT on BINANCE", "correlation_id": "-", "session_id": "-", "timestamp": "2025-08-21T16:39:20.348900+00:00"}
{"asctime": "2025-08-21 18:39:20,348", "levelname": "INFO", "name": "AresGlobal.ProgressManager", "message": "Progress directory: data/training/progress/BINANCE_ETHUSDT", "correlation_id": "-", "session_id": "-", "timestamp": "2025-08-21T16:39:20.348986+00:00"}
{"asctime": "2025-08-21 18:39:20,349", "levelname": "INFO", "name": "AresGlobal.StepOrchestrator", "message": "Initialized StepOrchestrator for ETHUSDT on BINANCE", "correlation_id": "-", "session_id": "-", "timestamp": "2025-08-21T16:39:20.349065+00:00"}
{"asctime": "2025-08-21 18:39:20,349", "levelname": "INFO", "name": "AresGlobal.ProgressManager", "message": "🗑️  Cleared progress for step2_feature_engineering", "correlation_id": "-", "session_id": "-", "timestamp": "2025-08-21T16:39:20.349179+00:00"}
{"asctime": "2025-08-21 18:39:20,349", "levelname": "INFO", "name": "AresGlobal.AresLauncher", "message": "🧹 Cleared progress for 'step2_feature_engineering' (force)", "correlation_id": "-", "session_id": "-", "timestamp": "2025-08-21T16:39:20.349275+00:00"}
{"asctime": "2025-08-21 18:39:20,349", "levelname": "INFO", "name": "AresGlobal.ProgressManager", "message": "🗑️  Cleared progress for step3_hmm_regime_discovery", "correlation_id": "-", "session_id": "-", "timestamp": "2025-08-21T16:39:20.349377+00:00"}
{"asctime": "2025-08-21 18:39:20,349", "levelname": "INFO", "name": "AresGlobal.AresLauncher", "message": "🧹 Cleared progress for 'step3_hmm_regime_discovery' (force)", "correlation_id": "-", "session_id": "-", "timestamp": "2025-08-21T16:39:20.349466+00:00"}
{"asctime": "2025-08-21 18:39:20,349", "levelname": "INFO", "name": "AresGlobal.ProgressManager", "message": "🗑️  Cleared progress for step4_processing_labeling", "correlation_id": "-", "session_id": "-", "timestamp": "2025-08-21T16:39:20.349568+00:00"}
{"asctime": "2025-08-21 18:39:20,349", "levelname": "INFO", "name": "AresGlobal.AresLauncher", "message": "🧹 Cleared progress for 'step4_processing_labeling' (force)", "correlation_id": "-", "session_id": "-", "timestamp": "2025-08-21T16:39:20.349648+00:00"}
{"asctime": "2025-08-21 18:39:20,349", "levelname": "INFO", "name": "AresGlobal.ProgressManager", "message": "🗑️  Cleared progress for step5_regime_data_splitting", "correlation_id": "-", "session_id": "-", "timestamp": "2025-08-21T16:39:20.349745+00:00"}
{"asctime": "2025-08-21 18:39:20,349", "levelname": "INFO", "name": "AresGlobal.AresLauncher", "message": "🧹 Cleared progress for 'step5_regime_data_splitting' (force)", "correlation_id": "-", "session_id": "-", "timestamp": "2025-08-21T16:39:20.349833+00:00"}
{"asctime": "2025-08-21 18:39:20,349", "levelname": "INFO", "name": "AresGlobal.ProgressManager", "message": "🗑️  Cleared progress for step6_hmm_based_training", "correlation_id": "-", "session_id": "-", "timestamp": "2025-08-21T16:39:20.349929+00:00"}
{"asctime": "2025-08-21 18:39:20,350", "levelname": "INFO", "name": "AresGlobal.AresLauncher", "message": "🧹 Cleared progress for 'step6_hmm_based_training' (force)", "correlation_id": "-", "session_id": "-", "timestamp": "2025-08-21T16:39:20.350011+00:00"}
{"asctime": "2025-08-21 18:39:20,350", "levelname": "INFO", "name": "AresGlobal.ProgressManager", "message": "🗑️  Cleared progress for step6_5_unified_regime_intelligence", "correlation_id": "-", "session_id": "-", "timestamp": "2025-08-21T16:39:20.350107+00:00"}
{"asctime": "2025-08-21 18:39:20,350", "levelname": "INFO", "name": "AresGlobal.AresLauncher", "message": "🧹 Cleared progress for 'step6_5_unified_regime_intelligence' (force)", "correlation_id": "-", "session_id": "-", "timestamp": "2025-08-21T16:39:20.350189+00:00"}
{"asctime": "2025-08-21 18:39:20,350", "levelname": "INFO", "name": "AresGlobal.ProgressManager", "message": "🗑️  Cleared progress for step7_analyst_enhancement", "correlation_id": "-", "session_id": "-", "timestamp": "2025-08-21T16:39:20.350286+00:00"}
{"asctime": "2025-08-21 18:39:20,350", "levelname": "INFO", "name": "AresGlobal.AresLauncher", "message": "🧹 Cleared progress for 'step7_analyst_enhancement' (force)", "correlation_id": "-", "session_id": "-", "timestamp": "2025-08-21T16:39:20.350364+00:00"}
{"asctime": "2025-08-21 18:39:20,350", "levelname": "INFO", "name": "AresGlobal.ProgressManager", "message": "🗑️  Cleared progress for step8_tactician_labeling", "correlation_id": "-", "session_id": "-", "timestamp": "2025-08-21T16:39:20.350456+00:00"}
{"asctime": "2025-08-21 18:39:20,350", "levelname": "INFO", "name": "AresGlobal.AresLauncher", "message": "🧹 Cleared progress for 'step8_tactician_labeling' (force)", "correlation_id": "-", "session_id": "-", "timestamp": "2025-08-21T16:39:20.350539+00:00"}
{"asctime": "2025-08-21 18:39:20,350", "levelname": "INFO", "name": "AresGlobal.ProgressManager", "message": "🗑️  Cleared progress for step9_tactician_specialist_training", "correlation_id": "-", "session_id": "-", "timestamp": "2025-08-21T16:39:20.350638+00:00"}
{"asctime": "2025-08-21 18:39:20,350", "levelname": "INFO", "name": "AresGlobal.AresLauncher", "message": "🧹 Cleared progress for 'step9_tactician_specialist_training' (force)", "correlation_id": "-", "session_id": "-", "timestamp": "2025-08-21T16:39:20.350728+00:00"}
{"asctime": "2025-08-21 18:39:20,350", "levelname": "INFO", "name": "AresGlobal.ProgressManager", "message": "🗑️  Cleared progress for step10_confidence_calibration", "correlation_id": "-", "session_id": "-", "timestamp": "2025-08-21T16:39:20.350829+00:00"}
{"asctime": "2025-08-21 18:39:20,350", "levelname": "INFO", "name": "AresGlobal.AresLauncher", "message": "🧹 Cleared progress for 'step10_confidence_calibration' (force)", "correlation_id": "-", "session_id": "-", "timestamp": "2025-08-21T16:39:20.350909+00:00"}
{"asctime": "2025-08-21 18:39:20,351", "levelname": "INFO", "name": "AresGlobal.ProgressManager", "message": "🗑️  Cleared progress for step11_final_parameters_optimization", "correlation_id": "-", "session_id": "-", "timestamp": "2025-08-21T16:39:20.351001+00:00"}
{"asctime": "2025-08-21 18:39:20,351", "levelname": "INFO", "name": "AresGlobal.AresLauncher", "message": "🧹 Cleared progress for 'step11_final_parameters_optimization' (force)", "correlation_id": "-", "session_id": "-", "timestamp": "2025-08-21T16:39:20.351083+00:00"}
{"asctime": "2025-08-21 18:39:20,351", "levelname": "INFO", "name": "AresGlobal.ProgressManager", "message": "🗑️  Cleared progress for step12_walk_forward_validation", "correlation_id": "-", "session_id": "-", "timestamp": "2025-08-21T16:39:20.351184+00:00"}
{"asctime": "2025-08-21 18:39:20,351", "levelname": "INFO", "name": "AresGlobal.AresLauncher", "message": "🧹 Cleared progress for 'step12_walk_forward_validation' (force)", "correlation_id": "-", "session_id": "-", "timestamp": "2025-08-21T16:39:20.351264+00:00"}
{"asctime": "2025-08-21 18:39:20,351", "levelname": "INFO", "name": "AresGlobal.ProgressManager", "message": "🗑️  Cleared progress for step13_monte_carlo_validation", "correlation_id": "-", "session_id": "-", "timestamp": "2025-08-21T16:39:20.351359+00:00"}
{"asctime": "2025-08-21 18:39:20,351", "levelname": "INFO", "name": "AresGlobal.AresLauncher", "message": "🧹 Cleared progress for 'step13_monte_carlo_validation' (force)", "correlation_id": "-", "session_id": "-", "timestamp": "2025-08-21T16:39:20.351437+00:00"}
{"asctime": "2025-08-21 18:39:20,351", "levelname": "INFO", "name": "AresGlobal.ProgressManager", "message": "🗑️  Cleared progress for step14_ab_testing", "correlation_id": "-", "session_id": "-", "timestamp": "2025-08-21T16:39:20.351532+00:00"}
{"asctime": "2025-08-21 18:39:20,351", "levelname": "INFO", "name": "AresGlobal.AresLauncher", "message": "🧹 Cleared progress for 'step14_ab_testing' (force)", "correlation_id": "-", "session_id": "-", "timestamp": "2025-08-21T16:39:20.351614+00:00"}
{"asctime": "2025-08-21 18:39:20,351", "levelname": "INFO", "name": "AresGlobal.ProgressManager", "message": "🗑️  Cleared progress for step15_saving", "correlation_id": "-", "session_id": "-", "timestamp": "2025-08-21T16:39:20.351705+00:00"}
{"asctime": "2025-08-21 18:39:20,351", "levelname": "INFO", "name": "AresGlobal.AresLauncher", "message": "🧹 Cleared progress for 'step15_saving' (force)", "correlation_id": "-", "session_id": "-", "timestamp": "2025-08-21T16:39:20.351794+00:00"}
{"asctime": "2025-08-21 18:39:20,351", "levelname": "INFO", "name": "AresGlobal.AresLauncher", "message": "✅ Cleared progress for 15 steps: ['step2_feature_engineering', 'step3_hmm_regime_discovery', 'step4_processing_labeling', 'step5_regime_data_splitting', 'step6_hmm_based_training', 'step6_5_unified_regime_intelligence', 'step7_analyst_enhancement', 'step8_tactician_labeling', 'step9_tactician_specialist_training', 'step10_confidence_calibration', 'step11_final_parameters_optimization', 'step12_walk_forward_validation', 'step13_monte_carlo_validation', 'step14_ab_testing', 'step15_saving']", "correlation_id": "-", "session_id": "-", "timestamp": "2025-08-21T16:39:20.351904+00:00"}
{"asctime": "2025-08-21 18:39:20,352", "levelname": "INFO", "name": "AresGlobal.StepOrchestrator", "message": "🚀 Starting execution from step: step2_feature_engineering", "correlation_id": "-", "session_id": "-", "timestamp": "2025-08-21T16:39:20.352358+00:00"}
{"asctime": "2025-08-21 18:39:21,627", "levelname": "ERROR", "name": "AresGlobal.StepOrchestrator", "message": "Failed to setup enhanced training manager: expected 'except' or 'finally' block (validator_orchestrator.py, line 44)", "correlation_id": "-", "session_id": "-", "exc_info": "Traceback (most recent call last):\n  File \"/Users/remyroche/Documents/Ares/src/training/step_orchestrator.py\", line 74, in _setup_enhanced_training_manager\n    from src.training.enhanced_training_manager import (\n  File \"/Users/remyroche/Documents/Ares/src/training/enhanced_training_manager.py\", line 72, in <module>\n    from src.utils.validator_orchestrator import validator_orchestrator\n  File \"/Users/remyroche/Documents/Ares/src/utils/validator_orchestrator.py\", line 44\n    if not validator_module or not validator_func:\n    ^^\nSyntaxError: expected 'except' or 'finally' block", "timestamp": "2025-08-21T16:39:21.627998+00:00"}
{"asctime": "2025-08-21 18:39:21,630", "levelname": "INFO", "name": "AresGlobal.StepOrchestrator", "message": "\u001b[91m\u001b[1m🚫\u001b[0m \u001b[91m\u001b[1mFailed to setup enhanced training manager: expected 'except' or 'finally' block (validator_orchestrator.py, line 44)\u001b[0m", "correlation_id": "-", "session_id": "-", "timestamp": "2025-08-21T16:39:21.630308+00:00"}
{"asctime": "2025-08-21 18:39:21,630", "levelname": "ERROR", "name": "AresGlobal.AresLauncher", "message": "❌ Step-based training pipeline failed", "correlation_id": "-", "session_id": "-", "timestamp": "2025-08-21T16:39:21.630597+00:00"}
{"asctime": "2025-08-21 18:39:21,630", "levelname": "INFO", "name": "AresGlobal", "message": "[SYSTEM] ================================================================================", "correlation_id": "-", "session_id": "-", "timestamp": "2025-08-21T16:39:21.630807+00:00"}
{"asctime": "2025-08-21 18:39:21,630", "levelname": "INFO", "name": "AresGlobal", "message": "[SYSTEM] 🛑 ARES LAUNCHER ENDED - Exit code: 1", "correlation_id": "-", "session_id": "-", "timestamp": "2025-08-21T16:39:21.630979+00:00"}
{"asctime": "2025-08-21 18:39:21,631", "levelname": "INFO", "name": "AresGlobal", "message": "[SYSTEM] End time: 2025-08-21 18:39:21", "correlation_id": "-", "session_id": "-", "timestamp": "2025-08-21T16:39:21.631152+00:00"}
{"asctime": "2025-08-21 18:39:21,631", "levelname": "INFO", "name": "AresGlobal", "message": "[SYSTEM] ================================================================================", "correlation_id": "-", "session_id": "-", "timestamp": "2025-08-21T16:39:21.631314+00:00"}
{"asctime": "2025-08-21 18:39:21,631", "levelname": "INFO", "name": "AresGlobal.AresLauncher", "message": "🧹 Cleaning up processes...", "correlation_id": "-", "session_id": "-", "timestamp": "2025-08-21T16:39:21.631394+00:00"}
{"asctime": "2025-08-21 18:39:21,631", "levelname": "INFO", "name": "AresGlobal.AresLauncher", "message": "✅ Cleanup completed", "correlation_id": "-", "session_id": "-", "timestamp": "2025-08-21T16:39:21.631479+00:00"}
