{"asctime": "2025-08-19 17:45:21,422", "levelname": "INFO", "name": "AresGlobal", "message": "================================================================================", "correlation_id": "-", "session_id": "-", "timestamp": "2025-08-19T15:45:21.422956+00:00"}
{"asctime": "2025-08-19 17:45:21,423", "levelname": "INFO", "name": "AresGlobal", "message": "📊 SESSION SUMMARY", "correlation_id": "-", "session_id": "-", "timestamp": "2025-08-19T15:45:21.423111+00:00"}
{"asctime": "2025-08-19 17:45:21,423", "levelname": "INFO", "name": "AresGlobal", "message": "Session started: 2025-08-19 17:45:21", "correlation_id": "-", "session_id": "-", "timestamp": "2025-08-19T15:45:21.423233+00:00"}
{"asctime": "2025-08-19 17:45:21,423", "levelname": "INFO", "name": "AresGlobal", "message": "This file contains ALL logs for this session", "correlation_id": "-", "session_id": "-", "timestamp": "2025-08-19T15:45:21.423323+00:00"}
{"asctime": "2025-08-19 17:45:21,423", "levelname": "INFO", "name": "AresGlobal", "message": "================================================================================", "correlation_id": "-", "session_id": "-", "timestamp": "2025-08-19T15:45:21.423405+00:00"}
{"asctime": "2025-08-19 17:45:21,423", "levelname": "INFO", "name": "AresSystem", "message": "================================================================================", "correlation_id": "-", "session_id": "-", "timestamp": "2025-08-19T15:45:21.423516+00:00"}
{"asctime": "2025-08-19 17:45:21,423", "levelname": "INFO", "name": "AresGlobal", "message": "[SYSTEM] ================================================================================", "correlation_id": "-", "session_id": "-", "timestamp": "2025-08-19T15:45:21.423606+00:00"}
{"asctime": "2025-08-19 17:45:21,423", "levelname": "INFO", "name": "AresSystem", "message": "🚀 ARES LAUNCHER STARTED - Mode: INITIALIZATION", "correlation_id": "-", "session_id": "-", "timestamp": "2025-08-19T15:45:21.423688+00:00"}
{"asctime": "2025-08-19 17:45:21,423", "levelname": "INFO", "name": "AresGlobal", "message": "[SYSTEM] 🚀 ARES LAUNCHER STARTED - Mode: INITIALIZATION", "correlation_id": "-", "session_id": "-", "timestamp": "2025-08-19T15:45:21.423772+00:00"}
{"asctime": "2025-08-19 17:45:21,423", "levelname": "INFO", "name": "AresSystem", "message": "Start time: 2025-08-19 17:45:21", "correlation_id": "-", "session_id": "-", "timestamp": "2025-08-19T15:45:21.423860+00:00"}
{"asctime": "2025-08-19 17:45:21,423", "levelname": "INFO", "name": "AresGlobal", "message": "[SYSTEM] Start time: 2025-08-19 17:45:21", "correlation_id": "-", "session_id": "-", "timestamp": "2025-08-19T15:45:21.423940+00:00"}
{"asctime": "2025-08-19 17:45:21,424", "levelname": "INFO", "name": "AresSystem", "message": "Log directory: log", "correlation_id": "-", "session_id": "-", "timestamp": "2025-08-19T15:45:21.424020+00:00"}
{"asctime": "2025-08-19 17:45:21,424", "levelname": "INFO", "name": "AresGlobal", "message": "[SYSTEM] Log directory: log", "correlation_id": "-", "session_id": "-", "timestamp": "2025-08-19T15:45:21.424098+00:00"}
{"asctime": "2025-08-19 17:45:21,424", "levelname": "INFO", "name": "AresSystem", "message": "================================================================================", "correlation_id": "-", "session_id": "-", "timestamp": "2025-08-19T15:45:21.424175+00:00"}
{"asctime": "2025-08-19 17:45:21,424", "levelname": "INFO", "name": "AresGlobal", "message": "[SYSTEM] ================================================================================", "correlation_id": "-", "session_id": "-", "timestamp": "2025-08-19T15:45:21.424253+00:00"}
{"asctime": "2025-08-19 17:45:21,424", "levelname": "INFO", "name": "AresGlobal.AresLauncher", "message": "================================================================================", "correlation_id": "-", "session_id": "-", "timestamp": "2025-08-19T15:45:21.424333+00:00"}
{"asctime": "2025-08-19 17:45:21,424", "levelname": "INFO", "name": "AresGlobal.AresLauncher", "message": "🚀 ARES COMPREHENSIVE LAUNCHER", "correlation_id": "-", "session_id": "-", "timestamp": "2025-08-19T15:45:21.424413+00:00"}
{"asctime": "2025-08-19 17:45:21,424", "levelname": "INFO", "name": "AresGlobal.AresLauncher", "message": "================================================================================", "correlation_id": "-", "session_id": "-", "timestamp": "2025-08-19T15:45:21.424502+00:00"}
{"asctime": "2025-08-19 17:45:21,424", "levelname": "INFO", "name": "AresGlobal.AresLauncher", "message": "Start time: 2025-08-19 17:45:21", "correlation_id": "-", "session_id": "-", "timestamp": "2025-08-19T15:45:21.424585+00:00"}
{"asctime": "2025-08-19 17:45:21,424", "levelname": "INFO", "name": "AresGlobal.AresLauncher", "message": "Log directory: log", "correlation_id": "-", "session_id": "-", "timestamp": "2025-08-19T15:45:21.424662+00:00"}
{"asctime": "2025-08-19 17:45:21,424", "levelname": "INFO", "name": "AresGlobal.AresLauncher", "message": "Log level: INFO", "correlation_id": "-", "session_id": "-", "timestamp": "2025-08-19T15:45:21.424741+00:00"}
{"asctime": "2025-08-19 17:45:21,424", "levelname": "INFO", "name": "AresGlobal.AresLauncher", "message": "Global log file: ares_global_20250819_174521.log", "correlation_id": "-", "session_id": "-", "timestamp": "2025-08-19T15:45:21.424822+00:00"}
{"asctime": "2025-08-19 17:45:21,424", "levelname": "INFO", "name": "AresGlobal.AresLauncher", "message": "Full run log: log/ares_full_20250819_174521.log", "correlation_id": "-", "session_id": "-", "timestamp": "2025-08-19T15:45:21.424905+00:00"}
{"asctime": "2025-08-19 17:45:21,424", "levelname": "INFO", "name": "AresGlobal.AresLauncher", "message": "Trades log: log/ares_trades_20250819_174521.log", "correlation_id": "-", "session_id": "-", "timestamp": "2025-08-19T15:45:21.424982+00:00"}
{"asctime": "2025-08-19 17:45:21,425", "levelname": "INFO", "name": "AresGlobal.AresLauncher", "message": "Backtest log: log/ares_backtest_20250819_174521.log", "correlation_id": "-", "session_id": "-", "timestamp": "2025-08-19T15:45:21.425058+00:00"}
{"asctime": "2025-08-19 17:45:21,425", "levelname": "INFO", "name": "AresGlobal.AresLauncher", "message": "================================================================================", "correlation_id": "-", "session_id": "-", "timestamp": "2025-08-19T15:45:21.425132+00:00"}
{"asctime": "2025-08-19 17:45:21,425", "levelname": "INFO", "name": "AresTradingSystem.System.SignalHandler", "message": "Shutdown callback registered", "correlation_id": "-", "session_id": "-", "timestamp": "2025-08-19T15:45:21.425208+00:00"}
{"asctime": "2025-08-19 17:45:21,425", "levelname": "INFO", "name": "AresSystem", "message": "================================================================================", "correlation_id": "-", "session_id": "-", "timestamp": "2025-08-19T15:45:21.425289+00:00"}
{"asctime": "2025-08-19 17:45:21,425", "levelname": "INFO", "name": "AresGlobal", "message": "[SYSTEM] ================================================================================", "correlation_id": "-", "session_id": "-", "timestamp": "2025-08-19T15:45:21.425366+00:00"}
{"asctime": "2025-08-19 17:45:21,425", "levelname": "INFO", "name": "AresSystem", "message": "🚀 ARES LAUNCHER STARTED - Mode: blank - Symbol: ETHUSDT - Exchange: BINANCE", "correlation_id": "-", "session_id": "-", "timestamp": "2025-08-19T15:45:21.425441+00:00"}
{"asctime": "2025-08-19 17:45:21,425", "levelname": "INFO", "name": "AresGlobal", "message": "[SYSTEM] 🚀 ARES LAUNCHER STARTED - Mode: blank - Symbol: ETHUSDT - Exchange: BINANCE", "correlation_id": "-", "session_id": "-", "timestamp": "2025-08-19T15:45:21.425523+00:00"}
{"asctime": "2025-08-19 17:45:21,425", "levelname": "INFO", "name": "AresSystem", "message": "Start time: 2025-08-19 17:45:21", "correlation_id": "-", "session_id": "-", "timestamp": "2025-08-19T15:45:21.425607+00:00"}
{"asctime": "2025-08-19 17:45:21,425", "levelname": "INFO", "name": "AresGlobal", "message": "[SYSTEM] Start time: 2025-08-19 17:45:21", "correlation_id": "-", "session_id": "-", "timestamp": "2025-08-19T15:45:21.425681+00:00"}
{"asctime": "2025-08-19 17:45:21,425", "levelname": "INFO", "name": "AresSystem", "message": "Log directory: log", "correlation_id": "-", "session_id": "-", "timestamp": "2025-08-19T15:45:21.425756+00:00"}
{"asctime": "2025-08-19 17:45:21,425", "levelname": "INFO", "name": "AresGlobal", "message": "[SYSTEM] Log directory: log", "correlation_id": "-", "session_id": "-", "timestamp": "2025-08-19T15:45:21.425835+00:00"}
{"asctime": "2025-08-19 17:45:21,425", "levelname": "INFO", "name": "AresSystem", "message": "================================================================================", "correlation_id": "-", "session_id": "-", "timestamp": "2025-08-19T15:45:21.425908+00:00"}
{"asctime": "2025-08-19 17:45:21,425", "levelname": "INFO", "name": "AresGlobal", "message": "[SYSTEM] ================================================================================", "correlation_id": "-", "session_id": "-", "timestamp": "2025-08-19T15:45:21.425987+00:00"}
{"asctime": "2025-08-19 17:45:21,426", "levelname": "INFO", "name": "AresGlobal.AresLauncher", "message": "🚀 Running enhanced 16-step training pipeline for ETHUSDT on BINANCE", "correlation_id": "-", "session_id": "-", "timestamp": "2025-08-19T15:45:21.426088+00:00"}
{"asctime": "2025-08-19 17:45:21,426", "levelname": "INFO", "name": "AresGlobal.AresLauncher", "message": "Starting from step: step2_feature_engineering", "correlation_id": "-", "session_id": "-", "timestamp": "2025-08-19T15:45:21.426174+00:00"}
{"asctime": "2025-08-19 17:45:21,427", "levelname": "INFO", "name": "AresGlobal.AresLauncher", "message": "🧪 BLANK TRAINING MODE: Set BLANK_TRAINING_MODE=1 for step-based training", "correlation_id": "-", "session_id": "-", "timestamp": "2025-08-19T15:45:21.427281+00:00"}
{"asctime": "2025-08-19 17:45:21,427", "levelname": "INFO", "name": "AresGlobal.ProgressManager", "message": "Initialized ProgressManager for ETHUSDT on BINANCE", "correlation_id": "-", "session_id": "-", "timestamp": "2025-08-19T15:45:21.427433+00:00"}
{"asctime": "2025-08-19 17:45:21,427", "levelname": "INFO", "name": "AresGlobal.ProgressManager", "message": "Progress directory: data/training/progress/BINANCE_ETHUSDT", "correlation_id": "-", "session_id": "-", "timestamp": "2025-08-19T15:45:21.427521+00:00"}
{"asctime": "2025-08-19 17:45:21,427", "levelname": "INFO", "name": "AresGlobal.StepOrchestrator", "message": "Initialized StepOrchestrator for ETHUSDT on BINANCE", "correlation_id": "-", "session_id": "-", "timestamp": "2025-08-19T15:45:21.427645+00:00"}
{"asctime": "2025-08-19 17:45:21,427", "levelname": "INFO", "name": "AresGlobal.ProgressManager", "message": "🗑️  Cleared progress for step2_feature_engineering", "correlation_id": "-", "session_id": "-", "timestamp": "2025-08-19T15:45:21.427800+00:00"}
{"asctime": "2025-08-19 17:45:21,427", "levelname": "INFO", "name": "AresGlobal.AresLauncher", "message": "🧹 Cleared progress for 'step2_feature_engineering' (force)", "correlation_id": "-", "session_id": "-", "timestamp": "2025-08-19T15:45:21.427909+00:00"}
{"asctime": "2025-08-19 17:45:21,428", "levelname": "INFO", "name": "AresGlobal.ProgressManager", "message": "🗑️  Cleared progress for step2_5_enhanced_matrix_operations", "correlation_id": "-", "session_id": "-", "timestamp": "2025-08-19T15:45:21.428028+00:00"}
{"asctime": "2025-08-19 17:45:21,428", "levelname": "INFO", "name": "AresGlobal.AresLauncher", "message": "🧹 Cleared progress for 'step2_5_enhanced_matrix_operations' (force)", "correlation_id": "-", "session_id": "-", "timestamp": "2025-08-19T15:45:21.428116+00:00"}
{"asctime": "2025-08-19 17:45:21,428", "levelname": "INFO", "name": "AresGlobal.ProgressManager", "message": "🗑️  Cleared progress for step3_hmm_regime_discovery", "correlation_id": "-", "session_id": "-", "timestamp": "2025-08-19T15:45:21.428217+00:00"}
{"asctime": "2025-08-19 17:45:21,428", "levelname": "INFO", "name": "AresGlobal.AresLauncher", "message": "🧹 Cleared progress for 'step3_hmm_regime_discovery' (force)", "correlation_id": "-", "session_id": "-", "timestamp": "2025-08-19T15:45:21.428301+00:00"}
{"asctime": "2025-08-19 17:45:21,428", "levelname": "INFO", "name": "AresGlobal.ProgressManager", "message": "🗑️  Cleared progress for step4_processing_labeling", "correlation_id": "-", "session_id": "-", "timestamp": "2025-08-19T15:45:21.428405+00:00"}
{"asctime": "2025-08-19 17:45:21,428", "levelname": "INFO", "name": "AresGlobal.AresLauncher", "message": "🧹 Cleared progress for 'step4_processing_labeling' (force)", "correlation_id": "-", "session_id": "-", "timestamp": "2025-08-19T15:45:21.428493+00:00"}
{"asctime": "2025-08-19 17:45:21,428", "levelname": "INFO", "name": "AresGlobal.ProgressManager", "message": "🗑️  Cleared progress for step5_regime_data_splitting", "correlation_id": "-", "session_id": "-", "timestamp": "2025-08-19T15:45:21.428590+00:00"}
{"asctime": "2025-08-19 17:45:21,428", "levelname": "INFO", "name": "AresGlobal.AresLauncher", "message": "🧹 Cleared progress for 'step5_regime_data_splitting' (force)", "correlation_id": "-", "session_id": "-", "timestamp": "2025-08-19T15:45:21.428672+00:00"}
{"asctime": "2025-08-19 17:45:21,428", "levelname": "INFO", "name": "AresGlobal.ProgressManager", "message": "🗑️  Cleared progress for step6_hmm_based_training", "correlation_id": "-", "session_id": "-", "timestamp": "2025-08-19T15:45:21.428771+00:00"}
{"asctime": "2025-08-19 17:45:21,428", "levelname": "INFO", "name": "AresGlobal.AresLauncher", "message": "🧹 Cleared progress for 'step6_hmm_based_training' (force)", "correlation_id": "-", "session_id": "-", "timestamp": "2025-08-19T15:45:21.428854+00:00"}
{"asctime": "2025-08-19 17:45:21,428", "levelname": "INFO", "name": "AresGlobal.ProgressManager", "message": "🗑️  Cleared progress for step6_5_unified_regime_intelligence", "correlation_id": "-", "session_id": "-", "timestamp": "2025-08-19T15:45:21.428954+00:00"}
{"asctime": "2025-08-19 17:45:21,429", "levelname": "INFO", "name": "AresGlobal.AresLauncher", "message": "🧹 Cleared progress for 'step6_5_unified_regime_intelligence' (force)", "correlation_id": "-", "session_id": "-", "timestamp": "2025-08-19T15:45:21.429037+00:00"}
{"asctime": "2025-08-19 17:45:21,429", "levelname": "INFO", "name": "AresGlobal.ProgressManager", "message": "🗑️  Cleared progress for step7_analyst_enhancement", "correlation_id": "-", "session_id": "-", "timestamp": "2025-08-19T15:45:21.429136+00:00"}
{"asctime": "2025-08-19 17:45:21,429", "levelname": "INFO", "name": "AresGlobal.AresLauncher", "message": "🧹 Cleared progress for 'step7_analyst_enhancement' (force)", "correlation_id": "-", "session_id": "-", "timestamp": "2025-08-19T15:45:21.429219+00:00"}
{"asctime": "2025-08-19 17:45:21,429", "levelname": "INFO", "name": "AresGlobal.ProgressManager", "message": "🗑️  Cleared progress for step8_tactician_labeling", "correlation_id": "-", "session_id": "-", "timestamp": "2025-08-19T15:45:21.429315+00:00"}
{"asctime": "2025-08-19 17:45:21,429", "levelname": "INFO", "name": "AresGlobal.AresLauncher", "message": "🧹 Cleared progress for 'step8_tactician_labeling' (force)", "correlation_id": "-", "session_id": "-", "timestamp": "2025-08-19T15:45:21.429401+00:00"}
{"asctime": "2025-08-19 17:45:21,429", "levelname": "INFO", "name": "AresGlobal.ProgressManager", "message": "🗑️  Cleared progress for step9_tactician_specialist_training", "correlation_id": "-", "session_id": "-", "timestamp": "2025-08-19T15:45:21.429495+00:00"}
{"asctime": "2025-08-19 17:45:21,429", "levelname": "INFO", "name": "AresGlobal.AresLauncher", "message": "🧹 Cleared progress for 'step9_tactician_specialist_training' (force)", "correlation_id": "-", "session_id": "-", "timestamp": "2025-08-19T15:45:21.429577+00:00"}
{"asctime": "2025-08-19 17:45:21,429", "levelname": "INFO", "name": "AresGlobal.ProgressManager", "message": "🗑️  Cleared progress for step10_confidence_calibration", "correlation_id": "-", "session_id": "-", "timestamp": "2025-08-19T15:45:21.429676+00:00"}
{"asctime": "2025-08-19 17:45:21,429", "levelname": "INFO", "name": "AresGlobal.AresLauncher", "message": "🧹 Cleared progress for 'step10_confidence_calibration' (force)", "correlation_id": "-", "session_id": "-", "timestamp": "2025-08-19T15:45:21.429759+00:00"}
{"asctime": "2025-08-19 17:45:21,429", "levelname": "INFO", "name": "AresGlobal.ProgressManager", "message": "🗑️  Cleared progress for step11_final_parameters_optimization", "correlation_id": "-", "session_id": "-", "timestamp": "2025-08-19T15:45:21.429863+00:00"}
{"asctime": "2025-08-19 17:45:21,429", "levelname": "INFO", "name": "AresGlobal.AresLauncher", "message": "🧹 Cleared progress for 'step11_final_parameters_optimization' (force)", "correlation_id": "-", "session_id": "-", "timestamp": "2025-08-19T15:45:21.429945+00:00"}
{"asctime": "2025-08-19 17:45:21,430", "levelname": "INFO", "name": "AresGlobal.ProgressManager", "message": "🗑️  Cleared progress for step12_walk_forward_validation", "correlation_id": "-", "session_id": "-", "timestamp": "2025-08-19T15:45:21.430039+00:00"}
{"asctime": "2025-08-19 17:45:21,430", "levelname": "INFO", "name": "AresGlobal.AresLauncher", "message": "🧹 Cleared progress for 'step12_walk_forward_validation' (force)", "correlation_id": "-", "session_id": "-", "timestamp": "2025-08-19T15:45:21.430120+00:00"}
{"asctime": "2025-08-19 17:45:21,430", "levelname": "INFO", "name": "AresGlobal.ProgressManager", "message": "🗑️  Cleared progress for step13_monte_carlo_validation", "correlation_id": "-", "session_id": "-", "timestamp": "2025-08-19T15:45:21.430218+00:00"}
{"asctime": "2025-08-19 17:45:21,430", "levelname": "INFO", "name": "AresGlobal.AresLauncher", "message": "🧹 Cleared progress for 'step13_monte_carlo_validation' (force)", "correlation_id": "-", "session_id": "-", "timestamp": "2025-08-19T15:45:21.430300+00:00"}
{"asctime": "2025-08-19 17:45:21,430", "levelname": "INFO", "name": "AresGlobal.ProgressManager", "message": "🗑️  Cleared progress for step14_ab_testing", "correlation_id": "-", "session_id": "-", "timestamp": "2025-08-19T15:45:21.430415+00:00"}
{"asctime": "2025-08-19 17:45:21,430", "levelname": "INFO", "name": "AresGlobal.AresLauncher", "message": "🧹 Cleared progress for 'step14_ab_testing' (force)", "correlation_id": "-", "session_id": "-", "timestamp": "2025-08-19T15:45:21.430500+00:00"}
{"asctime": "2025-08-19 17:45:21,430", "levelname": "INFO", "name": "AresGlobal.ProgressManager", "message": "🗑️  Cleared progress for step15_saving", "correlation_id": "-", "session_id": "-", "timestamp": "2025-08-19T15:45:21.430600+00:00"}
{"asctime": "2025-08-19 17:45:21,430", "levelname": "INFO", "name": "AresGlobal.AresLauncher", "message": "🧹 Cleared progress for 'step15_saving' (force)", "correlation_id": "-", "session_id": "-", "timestamp": "2025-08-19T15:45:21.430683+00:00"}
{"asctime": "2025-08-19 17:45:21,430", "levelname": "INFO", "name": "AresGlobal.AresLauncher", "message": "✅ Cleared progress for 16 steps: ['step2_feature_engineering', 'step2_5_enhanced_matrix_operations', 'step3_hmm_regime_discovery', 'step4_processing_labeling', 'step5_regime_data_splitting', 'step6_hmm_based_training', 'step6_5_unified_regime_intelligence', 'step7_analyst_enhancement', 'step8_tactician_labeling', 'step9_tactician_specialist_training', 'step10_confidence_calibration', 'step11_final_parameters_optimization', 'step12_walk_forward_validation', 'step13_monte_carlo_validation', 'step14_ab_testing', 'step15_saving']", "correlation_id": "-", "session_id": "-", "timestamp": "2025-08-19T15:45:21.430781+00:00"}
{"asctime": "2025-08-19 17:45:21,431", "levelname": "DEBUG", "name": "asyncio", "message": "Using selector: KqueueSelector", "correlation_id": "-", "session_id": "-", "timestamp": "2025-08-19T15:45:21.431056+00:00"}
{"asctime": "2025-08-19 17:45:21,431", "levelname": "INFO", "name": "AresGlobal.StepOrchestrator", "message": "🚀 Starting execution from step: step2_feature_engineering", "correlation_id": "-", "session_id": "-", "timestamp": "2025-08-19T15:45:21.431234+00:00"}
{"asctime": "2025-08-19 17:45:22,605", "levelname": "DEBUG", "name": "matplotlib", "message": "matplotlib data path: /opt/homebrew/Caskroom/miniforge/base/lib/python3.12/site-packages/matplotlib/mpl-data", "correlation_id": "-", "session_id": "-", "timestamp": "2025-08-19T15:45:22.605720+00:00"}
{"asctime": "2025-08-19 17:45:22,635", "levelname": "DEBUG", "name": "matplotlib", "message": "CONFIGDIR=/Users/remyroche/.matplotlib", "correlation_id": "-", "session_id": "-", "timestamp": "2025-08-19T15:45:22.635084+00:00"}
{"asctime": "2025-08-19 17:45:22,635", "levelname": "DEBUG", "name": "matplotlib", "message": "interactive is False", "correlation_id": "-", "session_id": "-", "timestamp": "2025-08-19T15:45:22.635837+00:00"}
{"asctime": "2025-08-19 17:45:22,635", "levelname": "DEBUG", "name": "matplotlib", "message": "platform is darwin", "correlation_id": "-", "session_id": "-", "timestamp": "2025-08-19T15:45:22.635953+00:00"}
{"asctime": "2025-08-19 17:45:22,648", "levelname": "DEBUG", "name": "graphviz._tools", "message": "deprecate positional args: graphviz.backend.piping.pipe(['renderer', 'formatter', 'neato_no_op', 'quiet'])", "correlation_id": "-", "session_id": "-", "timestamp": "2025-08-19T15:45:22.648224+00:00"}
{"asctime": "2025-08-19 17:45:22,648", "levelname": "DEBUG", "name": "graphviz._tools", "message": "deprecate positional args: graphviz.backend.rendering.render(['renderer', 'formatter', 'neato_no_op', 'quiet'])", "correlation_id": "-", "session_id": "-", "timestamp": "2025-08-19T15:45:22.648719+00:00"}
{"asctime": "2025-08-19 17:45:22,649", "levelname": "DEBUG", "name": "graphviz._tools", "message": "deprecate positional args: graphviz.backend.unflattening.unflatten(['stagger', 'fanout', 'chain', 'encoding'])", "correlation_id": "-", "session_id": "-", "timestamp": "2025-08-19T15:45:22.649084+00:00"}
{"asctime": "2025-08-19 17:45:22,649", "levelname": "DEBUG", "name": "graphviz._tools", "message": "deprecate positional args: graphviz.backend.viewing.view(['quiet'])", "correlation_id": "-", "session_id": "-", "timestamp": "2025-08-19T15:45:22.649364+00:00"}
{"asctime": "2025-08-19 17:45:22,651", "levelname": "DEBUG", "name": "graphviz._tools", "message": "deprecate positional args: graphviz.quoting.quote(['is_html_string', 'is_valid_id', 'dot_keywords', 'endswith_odd_number_of_backslashes', 'escape_unescaped_quotes'])", "correlation_id": "-", "session_id": "-", "timestamp": "2025-08-19T15:45:22.651110+00:00"}
{"asctime": "2025-08-19 17:45:22,651", "levelname": "DEBUG", "name": "graphviz._tools", "message": "deprecate positional args: graphviz.quoting.a_list(['kwargs', 'attributes'])", "correlation_id": "-", "session_id": "-", "timestamp": "2025-08-19T15:45:22.651201+00:00"}
{"asctime": "2025-08-19 17:45:22,651", "levelname": "DEBUG", "name": "graphviz._tools", "message": "deprecate positional args: graphviz.quoting.attr_list(['kwargs', 'attributes'])", "correlation_id": "-", "session_id": "-", "timestamp": "2025-08-19T15:45:22.651270+00:00"}
{"asctime": "2025-08-19 17:45:22,651", "levelname": "DEBUG", "name": "graphviz._tools", "message": "deprecate positional args: graphviz.dot.Dot.clear(['self', 'keep_attrs'])", "correlation_id": "-", "session_id": "-", "timestamp": "2025-08-19T15:45:22.651388+00:00"}
{"asctime": "2025-08-19 17:45:22,651", "levelname": "DEBUG", "name": "graphviz._tools", "message": "deprecate positional args: graphviz.dot.Dot.__iter__(['self', 'subgraph'])", "correlation_id": "-", "session_id": "-", "timestamp": "2025-08-19T15:45:22.651475+00:00"}
{"asctime": "2025-08-19 17:45:22,651", "levelname": "DEBUG", "name": "graphviz._tools", "message": "deprecate positional args: graphviz.dot.Dot.node(['label', '_attributes'])", "correlation_id": "-", "session_id": "-", "timestamp": "2025-08-19T15:45:22.651565+00:00"}
{"asctime": "2025-08-19 17:45:22,651", "levelname": "DEBUG", "name": "graphviz._tools", "message": "deprecate positional args: graphviz.dot.Dot.edge(['label', '_attributes'])", "correlation_id": "-", "session_id": "-", "timestamp": "2025-08-19T15:45:22.651660+00:00"}
{"asctime": "2025-08-19 17:45:22,651", "levelname": "DEBUG", "name": "graphviz._tools", "message": "deprecate positional args: graphviz.dot.Dot.attr(['kw', '_attributes'])", "correlation_id": "-", "session_id": "-", "timestamp": "2025-08-19T15:45:22.651744+00:00"}
{"asctime": "2025-08-19 17:45:22,651", "levelname": "DEBUG", "name": "graphviz._tools", "message": "deprecate positional args: graphviz.dot.Dot.subgraph(['graph', 'name', 'comment', 'graph_attr', 'node_attr', 'edge_attr', 'body'])", "correlation_id": "-", "session_id": "-", "timestamp": "2025-08-19T15:45:22.651850+00:00"}
{"asctime": "2025-08-19 17:45:22,652", "levelname": "DEBUG", "name": "graphviz._tools", "message": "deprecate positional args: graphviz.piping.Pipe._pipe_legacy(['format', 'renderer', 'formatter', 'neato_no_op', 'quiet'])", "correlation_id": "-", "session_id": "-", "timestamp": "2025-08-19T15:45:22.652549+00:00"}
{"asctime": "2025-08-19 17:45:22,653", "levelname": "DEBUG", "name": "graphviz._tools", "message": "deprecate positional args: graphviz.saving.Save.save(['filename', 'directory'])", "correlation_id": "-", "session_id": "-", "timestamp": "2025-08-19T15:45:22.653142+00:00"}
{"asctime": "2025-08-19 17:45:22,653", "levelname": "DEBUG", "name": "graphviz._tools", "message": "deprecate positional args: graphviz.rendering.Render.render(['filename', 'directory', 'view', 'cleanup', 'format', 'renderer', 'formatter', 'neato_no_op', 'quiet', 'quiet_view'])", "correlation_id": "-", "session_id": "-", "timestamp": "2025-08-19T15:45:22.653284+00:00"}
{"asctime": "2025-08-19 17:45:22,653", "levelname": "DEBUG", "name": "graphviz._tools", "message": "deprecate positional args: graphviz.rendering.Render.view(['filename', 'directory', 'cleanup', 'quiet', 'quiet_view'])", "correlation_id": "-", "session_id": "-", "timestamp": "2025-08-19T15:45:22.653374+00:00"}
{"asctime": "2025-08-19 17:45:22,653", "levelname": "DEBUG", "name": "graphviz._tools", "message": "deprecate positional args: graphviz.unflattening.Unflatten.unflatten(['self', 'stagger', 'fanout', 'chain'])", "correlation_id": "-", "session_id": "-", "timestamp": "2025-08-19T15:45:22.653732+00:00"}
{"asctime": "2025-08-19 17:45:22,653", "levelname": "DEBUG", "name": "graphviz._tools", "message": "deprecate positional args: graphviz.graphs.BaseGraph.__init__(['name', 'comment', 'filename', 'directory', 'format', 'engine', 'encoding', 'graph_attr', 'node_attr', 'edge_attr', 'body', 'strict'])", "correlation_id": "-", "session_id": "-", "timestamp": "2025-08-19T15:45:22.653853+00:00"}
{"asctime": "2025-08-19 17:45:22,654", "levelname": "DEBUG", "name": "graphviz._tools", "message": "deprecate positional args: graphviz.sources.Source.from_file(['filename', 'directory', 'format', 'engine', 'encoding', 'renderer', 'formatter'])", "correlation_id": "-", "session_id": "-", "timestamp": "2025-08-19T15:45:22.654199+00:00"}
{"asctime": "2025-08-19 17:45:22,654", "levelname": "DEBUG", "name": "graphviz._tools", "message": "deprecate positional args: graphviz.sources.Source.__init__(['source', 'filename', 'directory', 'format', 'engine', 'encoding'])", "correlation_id": "-", "session_id": "-", "timestamp": "2025-08-19T15:45:22.654284+00:00"}
{"asctime": "2025-08-19 17:45:22,654", "levelname": "DEBUG", "name": "graphviz._tools", "message": "deprecate positional args: graphviz.sources.Source.save(['filename', 'directory'])", "correlation_id": "-", "session_id": "-", "timestamp": "2025-08-19T15:45:22.654349+00:00"}
{"asctime": "2025-08-19 17:45:23,048", "levelname": "DEBUG", "name": "matplotlib", "message": "CACHEDIR=/Users/remyroche/.matplotlib", "correlation_id": "-", "session_id": "-", "timestamp": "2025-08-19T15:45:23.048516+00:00"}
{"asctime": "2025-08-19 17:45:23,050", "levelname": "DEBUG", "name": "matplotlib.font_manager", "message": "Using fontManager instance from /Users/remyroche/.matplotlib/fontlist-v390.json", "correlation_id": "-", "session_id": "-", "timestamp": "2025-08-19T15:45:23.050433+00:00"}
{"asctime": "2025-08-19 17:45:27,319", "levelname": "DEBUG", "name": "h5py._conv", "message": "Creating converter from 7 to 5", "correlation_id": "-", "session_id": "-", "timestamp": "2025-08-19T15:45:27.319601+00:00"}
{"asctime": "2025-08-19 17:45:27,320", "levelname": "DEBUG", "name": "h5py._conv", "message": "Creating converter from 5 to 7", "correlation_id": "-", "session_id": "-", "timestamp": "2025-08-19T15:45:27.320106+00:00"}
{"asctime": "2025-08-19 17:45:27,320", "levelname": "DEBUG", "name": "h5py._conv", "message": "Creating converter from 7 to 5", "correlation_id": "-", "session_id": "-", "timestamp": "2025-08-19T15:45:27.320235+00:00"}
{"asctime": "2025-08-19 17:45:27,320", "levelname": "DEBUG", "name": "h5py._conv", "message": "Creating converter from 5 to 7", "correlation_id": "-", "session_id": "-", "timestamp": "2025-08-19T15:45:27.320348+00:00"}
{"asctime": "2025-08-19 17:45:28,055", "levelname": "DEBUG", "name": "asyncio", "message": "Using selector: KqueueSelector", "correlation_id": "-", "session_id": "-", "timestamp": "2025-08-19T15:45:28.055918+00:00"}
{"asctime": "2025-08-19 17:45:28,088", "levelname": "INFO", "name": "src.utils.prometheus_metrics", "message": "Prometheus metrics server started on port 9000", "correlation_id": "-", "session_id": "-", "timestamp": "2025-08-19T15:45:28.088126+00:00"}
{"asctime": "2025-08-19 17:45:28,105", "levelname": "INFO", "name": "AresGlobal.M1GPUAcceleration", "message": "✅ MPS (Metal Performance Shaders) available and enabled", "correlation_id": "-", "session_id": "-", "timestamp": "2025-08-19T15:45:28.105274+00:00"}
{"asctime": "2025-08-19 17:45:28,108", "levelname": "INFO", "name": "AresGlobal.ComputationalOptimizationManager", "message": "Computational Optimization Manager initialized", "correlation_id": "-", "session_id": "-", "timestamp": "2025-08-19T15:45:28.108742+00:00"}
{"asctime": "2025-08-19 17:45:28,111", "levelname": "INFO", "name": "AresGlobal.StepOrchestrator", "message": "✅ Enhanced training manager setup successfully", "correlation_id": "-", "session_id": "-", "timestamp": "2025-08-19T15:45:28.111301+00:00"}
{"asctime": "2025-08-19 17:45:28,129", "levelname": "INFO", "name": "AresGlobal.Step2.FeatureEngineering", "message": "🔍 Checking for required multi-timeframe data...", "correlation_id": "-", "session_id": "-", "timestamp": "2025-08-19T15:45:28.129449+00:00"}
{"asctime": "2025-08-19 17:45:28,129", "levelname": "INFO", "name": "AresGlobal.Step2.FeatureEngineering", "message": "✅ Found 5m data: data_cache/klines_BINANCE_ETHUSDT_5m_consolidated.parquet", "correlation_id": "-", "session_id": "-", "timestamp": "2025-08-19T15:45:28.129558+00:00"}
{"asctime": "2025-08-19 17:45:28,129", "levelname": "INFO", "name": "AresGlobal.Step2.FeatureEngineering", "message": "✅ Found 15m data: data_cache/klines_BINANCE_ETHUSDT_15m_consolidated.parquet", "correlation_id": "-", "session_id": "-", "timestamp": "2025-08-19T15:45:28.129653+00:00"}
{"asctime": "2025-08-19 17:45:28,129", "levelname": "INFO", "name": "AresGlobal.Step2.FeatureEngineering", "message": "✅ Found 30m data: data_cache/klines_BINANCE_ETHUSDT_30m_consolidated.parquet", "correlation_id": "-", "session_id": "-", "timestamp": "2025-08-19T15:45:28.129741+00:00"}
{"asctime": "2025-08-19 17:45:28,129", "levelname": "INFO", "name": "AresGlobal.Step2.FeatureEngineering", "message": "✅ All required timeframes are available", "correlation_id": "-", "session_id": "-", "timestamp": "2025-08-19T15:45:28.129821+00:00"}
{"asctime": "2025-08-19 17:45:28,129", "levelname": "INFO", "name": "AresGlobal.Step2.FeatureEngineering", "message": "🔧 No existing artifacts found - generating features", "correlation_id": "-", "session_id": "-", "timestamp": "2025-08-19T15:45:28.129961+00:00"}
{"asctime": "2025-08-19 17:45:28,158", "levelname": "INFO", "name": "AresGlobal.Step2.FeatureEngineering", "message": "📦 Loaded labeled train: 169864 rows", "correlation_id": "-", "session_id": "-", "timestamp": "2025-08-19T15:45:28.158095+00:00"}
{"asctime": "2025-08-19 17:45:28,161", "levelname": "INFO", "name": "AresGlobal.Step2.FeatureEngineering", "message": "📦 Loaded labeled validation: 36400 rows", "correlation_id": "-", "session_id": "-", "timestamp": "2025-08-19T15:45:28.161052+00:00"}
{"asctime": "2025-08-19 17:45:28,163", "levelname": "INFO", "name": "AresGlobal.Step2.FeatureEngineering", "message": "📦 Loaded labeled test: 36400 rows", "correlation_id": "-", "session_id": "-", "timestamp": "2025-08-19T15:45:28.163641+00:00"}
{"asctime": "2025-08-19 17:45:28,190", "levelname": "INFO", "name": "src.training.steps.step2_feature_engineering", "message": "➡️ Step2._extract_inputs start", "correlation_id": "9ecb284ff42447b1960ab07e0d3c106c", "session_id": "-", "timestamp": "2025-08-19T15:45:28.190839+00:00"}
{"asctime": "2025-08-19 17:45:28,197", "levelname": "INFO", "name": "src.training.steps.step2_feature_engineering", "message": "✅ Step2._extract_inputs done", "correlation_id": "9ecb284ff42447b1960ab07e0d3c106c", "session_id": "-", "result_len": 2, "timestamp": "2025-08-19T15:45:28.197814+00:00"}
{"asctime": "2025-08-19 17:45:28,198", "levelname": "INFO", "name": "src.training.steps.step2_feature_engineering", "message": "➡️ Step2._extract_inputs start", "correlation_id": "9ecb284ff42447b1960ab07e0d3c106c", "session_id": "-", "timestamp": "2025-08-19T15:45:28.198000+00:00"}
{"asctime": "2025-08-19 17:45:28,199", "levelname": "INFO", "name": "src.training.steps.step2_feature_engineering", "message": "✅ Step2._extract_inputs done", "correlation_id": "9ecb284ff42447b1960ab07e0d3c106c", "session_id": "-", "result_len": 2, "timestamp": "2025-08-19T15:45:28.199610+00:00"}
{"asctime": "2025-08-19 17:45:28,199", "levelname": "INFO", "name": "src.training.steps.step2_feature_engineering", "message": "➡️ Step2._extract_inputs start", "correlation_id": "9ecb284ff42447b1960ab07e0d3c106c", "session_id": "-", "timestamp": "2025-08-19T15:45:28.199691+00:00"}
{"asctime": "2025-08-19 17:45:28,201", "levelname": "INFO", "name": "src.training.steps.step2_feature_engineering", "message": "✅ Step2._extract_inputs done", "correlation_id": "9ecb284ff42447b1960ab07e0d3c106c", "session_id": "-", "result_len": 2, "timestamp": "2025-08-19T15:45:28.201248+00:00"}
{"asctime": "2025-08-19 17:45:28,203", "levelname": "INFO", "name": "AresGlobal.Step2.FeatureEngineering", "message": "🎯 Starting parallel feature engineering", "correlation_id": "9ecb284ff42447b1960ab07e0d3c106c", "session_id": "-", "timestamp": "2025-08-19T15:45:28.203294+00:00"}
{"asctime": "2025-08-19 17:45:28,203", "levelname": "INFO", "name": "src.training.steps.step2_feature_engineering", "message": "➡️ Step2._load_or_build_sr_levels start", "correlation_id": "9ecb284ff42447b1960ab07e0d3c106c", "session_id": "-", "timestamp": "2025-08-19T15:45:28.203394+00:00"}
{"asctime": "2025-08-19 17:45:28,211", "levelname": "INFO", "name": "src.training.steps.step2_feature_engineering", "message": "✅ Step2._load_or_build_sr_levels done", "correlation_id": "9ecb284ff42447b1960ab07e0d3c106c", "session_id": "-", "result_len": 2, "timestamp": "2025-08-19T15:45:28.211209+00:00"}
{"asctime": "2025-08-19 17:45:28,211", "levelname": "INFO", "name": "src.training.steps.step2_feature_engineering", "message": "➡️ Step2._load_or_build_sr_levels start", "correlation_id": "9ecb284ff42447b1960ab07e0d3c106c", "session_id": "-", "timestamp": "2025-08-19T15:45:28.211349+00:00"}
{"asctime": "2025-08-19 17:45:28,213", "levelname": "INFO", "name": "src.training.steps.step2_feature_engineering", "message": "✅ Step2._load_or_build_sr_levels done", "correlation_id": "9ecb284ff42447b1960ab07e0d3c106c", "session_id": "-", "result_len": 2, "timestamp": "2025-08-19T15:45:28.213182+00:00"}
{"asctime": "2025-08-19 17:45:28,213", "levelname": "INFO", "name": "src.training.steps.step2_feature_engineering", "message": "➡️ Step2._load_or_build_sr_levels start", "correlation_id": "9ecb284ff42447b1960ab07e0d3c106c", "session_id": "-", "timestamp": "2025-08-19T15:45:28.213267+00:00"}
{"asctime": "2025-08-19 17:45:28,214", "levelname": "INFO", "name": "src.training.steps.step2_feature_engineering", "message": "✅ Step2._load_or_build_sr_levels done", "correlation_id": "9ecb284ff42447b1960ab07e0d3c106c", "session_id": "-", "result_len": 2, "timestamp": "2025-08-19T15:45:28.214760+00:00"}
{"asctime": "2025-08-19 17:45:28,214", "levelname": "INFO", "name": "AresGlobal.Step2.FeatureEngineering", "message": "🔧 Engineering features for train", "correlation_id": "9ecb284ff42447b1960ab07e0d3c106c", "session_id": "-", "timestamp": "2025-08-19T15:45:28.214940+00:00"}
{"asctime": "2025-08-19 17:45:28,218", "levelname": "INFO", "name": "AresGlobal.RawDataQualityChecker", "message": "🔧 Enhanced preprocessing for BINANCE ETHUSDT", "correlation_id": "9ecb284ff42447b1960ab07e0d3c106c", "session_id": "-", "timestamp": "2025-08-19T15:45:28.218263+00:00"}
{"asctime": "2025-08-19 17:45:28,218", "levelname": "INFO", "name": "AresGlobal.RawDataQualityChecker", "message": "   Expected interval: 60s", "correlation_id": "9ecb284ff42447b1960ab07e0d3c106c", "session_id": "-", "timestamp": "2025-08-19T15:45:28.218405+00:00"}
{"asctime": "2025-08-19 17:45:28,218", "levelname": "INFO", "name": "AresGlobal.RawDataQualityChecker", "message": "   Max forward-fill: 10s", "correlation_id": "9ecb284ff42447b1960ab07e0d3c106c", "session_id": "-", "timestamp": "2025-08-19T15:45:28.218502+00:00"}
{"asctime": "2025-08-19 17:45:28,218", "levelname": "INFO", "name": "AresGlobal.RawDataQualityChecker", "message": "   Download missing: True", "correlation_id": "9ecb284ff42447b1960ab07e0d3c106c", "session_id": "-", "timestamp": "2025-08-19T15:45:28.218586+00:00"}
{"asctime": "2025-08-19 17:45:28,218", "levelname": "INFO", "name": "AresGlobal.RawDataQualityChecker", "message": "🔧 Step 1: Resampling to 60S intervals", "correlation_id": "9ecb284ff42447b1960ab07e0d3c106c", "session_id": "-", "timestamp": "2025-08-19T15:45:28.218687+00:00"}
{"asctime": "2025-08-19 17:45:28,229", "levelname": "INFO", "name": "AresGlobal.RawDataQualityChecker", "message": "🔧 Step 2: Re-adding original data to preserve accuracy", "correlation_id": "9ecb284ff42447b1960ab07e0d3c106c", "session_id": "-", "timestamp": "2025-08-19T15:45:28.229284+00:00"}
{"asctime": "2025-08-19 17:45:38,315", "levelname": "INFO", "name": "AresGlobal.RawDataQualityChecker", "message": "🔧 Step 3: Analyzing gaps and applying intelligent handling", "correlation_id": "9ecb284ff42447b1960ab07e0d3c106c", "session_id": "-", "timestamp": "2025-08-19T15:45:38.315990+00:00"}
{"asctime": "2025-08-19 17:45:38,319", "levelname": "INFO", "name": "AresGlobal.RawDataQualityChecker", "message": "🔧 Step 5: Final forward-fill for 12865 remaining nulls", "correlation_id": "9ecb284ff42447b1960ab07e0d3c106c", "session_id": "-", "timestamp": "2025-08-19T15:45:38.319615+00:00"}
{"asctime": "2025-08-19 17:45:38,325", "levelname": "INFO", "name": "AresGlobal.RawDataQualityChecker", "message": "✅ Enhanced preprocessing completed:", "correlation_id": "9ecb284ff42447b1960ab07e0d3c106c", "session_id": "-", "timestamp": "2025-08-19T15:45:38.325241+00:00"}
{"asctime": "2025-08-19 17:45:38,325", "levelname": "INFO", "name": "AresGlobal.RawDataQualityChecker", "message": "   Original shape: (169864, 5)", "correlation_id": "9ecb284ff42447b1960ab07e0d3c106c", "session_id": "-", "timestamp": "2025-08-19T15:45:38.325446+00:00"}
{"asctime": "2025-08-19 17:45:38,325", "levelname": "INFO", "name": "AresGlobal.RawDataQualityChecker", "message": "   Final shape: (172437, 5)", "correlation_id": "9ecb284ff42447b1960ab07e0d3c106c", "session_id": "-", "timestamp": "2025-08-19T15:45:38.325541+00:00"}
{"asctime": "2025-08-19 17:45:38,325", "levelname": "INFO", "name": "AresGlobal.RawDataQualityChecker", "message": "   Remaining large gaps: 0", "correlation_id": "9ecb284ff42447b1960ab07e0d3c106c", "session_id": "-", "timestamp": "2025-08-19T15:45:38.325628+00:00"}
{"asctime": "2025-08-19 17:45:38,327", "levelname": "INFO", "name": "AresGlobal.RawDataQualityChecker", "message": "   Data completeness: 1.000", "correlation_id": "9ecb284ff42447b1960ab07e0d3c106c", "session_id": "-", "timestamp": "2025-08-19T15:45:38.327941+00:00"}
{"asctime": "2025-08-19 17:45:38,328", "levelname": "INFO", "name": "AresGlobal.RawDataQualityChecker", "message": "🔧 Enhanced preprocessing for BINANCE ETHUSDT", "correlation_id": "9ecb284ff42447b1960ab07e0d3c106c", "session_id": "-", "timestamp": "2025-08-19T15:45:38.328779+00:00"}
{"asctime": "2025-08-19 17:45:38,328", "levelname": "INFO", "name": "AresGlobal.RawDataQualityChecker", "message": "   Expected interval: 60s", "correlation_id": "9ecb284ff42447b1960ab07e0d3c106c", "session_id": "-", "timestamp": "2025-08-19T15:45:38.328872+00:00"}
{"asctime": "2025-08-19 17:45:38,328", "levelname": "INFO", "name": "AresGlobal.RawDataQualityChecker", "message": "   Max forward-fill: 10s", "correlation_id": "9ecb284ff42447b1960ab07e0d3c106c", "session_id": "-", "timestamp": "2025-08-19T15:45:38.328952+00:00"}
{"asctime": "2025-08-19 17:45:38,329", "levelname": "INFO", "name": "AresGlobal.RawDataQualityChecker", "message": "   Download missing: True", "correlation_id": "9ecb284ff42447b1960ab07e0d3c106c", "session_id": "-", "timestamp": "2025-08-19T15:45:38.329035+00:00"}
{"asctime": "2025-08-19 17:45:38,329", "levelname": "INFO", "name": "AresGlobal.RawDataQualityChecker", "message": "🔧 Step 1: Resampling to 60S intervals", "correlation_id": "9ecb284ff42447b1960ab07e0d3c106c", "session_id": "-", "timestamp": "2025-08-19T15:45:38.329163+00:00"}
{"asctime": "2025-08-19 17:45:38,332", "levelname": "INFO", "name": "AresGlobal.RawDataQualityChecker", "message": "🔧 Step 2: Re-adding original data to preserve accuracy", "correlation_id": "9ecb284ff42447b1960ab07e0d3c106c", "session_id": "-", "timestamp": "2025-08-19T15:45:38.332570+00:00"}
{"asctime": "2025-08-19 17:45:47,955", "levelname": "INFO", "name": "AresGlobal.RawDataQualityChecker", "message": "🔧 Step 3: Analyzing gaps and applying intelligent handling", "correlation_id": "9ecb284ff42447b1960ab07e0d3c106c", "session_id": "-", "timestamp": "2025-08-19T15:45:47.955683+00:00"}
{"asctime": "2025-08-19 17:45:47,959", "levelname": "INFO", "name": "AresGlobal.RawDataQualityChecker", "message": "🔧 Step 5: Final forward-fill for 2573 remaining nulls", "correlation_id": "9ecb284ff42447b1960ab07e0d3c106c", "session_id": "-", "timestamp": "2025-08-19T15:45:47.959179+00:00"}
{"asctime": "2025-08-19 17:45:47,962", "levelname": "INFO", "name": "AresGlobal.RawDataQualityChecker", "message": "✅ Enhanced preprocessing completed:", "correlation_id": "9ecb284ff42447b1960ab07e0d3c106c", "session_id": "-", "timestamp": "2025-08-19T15:45:47.962380+00:00"}
{"asctime": "2025-08-19 17:45:47,962", "levelname": "INFO", "name": "AresGlobal.RawDataQualityChecker", "message": "   Original shape: (169864, 1)", "correlation_id": "9ecb284ff42447b1960ab07e0d3c106c", "session_id": "-", "timestamp": "2025-08-19T15:45:47.962611+00:00"}
{"asctime": "2025-08-19 17:45:47,962", "levelname": "INFO", "name": "AresGlobal.RawDataQualityChecker", "message": "   Final shape: (172437, 1)", "correlation_id": "9ecb284ff42447b1960ab07e0d3c106c", "session_id": "-", "timestamp": "2025-08-19T15:45:47.962716+00:00"}
{"asctime": "2025-08-19 17:45:47,962", "levelname": "INFO", "name": "AresGlobal.RawDataQualityChecker", "message": "   Remaining large gaps: 0", "correlation_id": "9ecb284ff42447b1960ab07e0d3c106c", "session_id": "-", "timestamp": "2025-08-19T15:45:47.962809+00:00"}
{"asctime": "2025-08-19 17:45:47,963", "levelname": "INFO", "name": "AresGlobal.RawDataQualityChecker", "message": "   Data completeness: 1.000", "correlation_id": "9ecb284ff42447b1960ab07e0d3c106c", "session_id": "-", "timestamp": "2025-08-19T15:45:47.963188+00:00"}
{"asctime": "2025-08-19 17:45:48,183", "levelname": "INFO", "name": "AresGlobal.DataQualityDecorator", "message": "🔍 [DATA QUALITY] Starting validation for analyze_correlations_vectorized", "correlation_id": "9ecb284ff42447b1960ab07e0d3c106c", "session_id": "-", "timestamp": "2025-08-19T15:45:48.183350+00:00"}
{"asctime": "2025-08-19 17:45:48,183", "levelname": "INFO", "name": "AresGlobal.DataQualityDecorator", "message": "📊 [DATA QUALITY] Data type validation result for analyze_correlations_vectorized: klines_ohlcv", "correlation_id": "9ecb284ff42447b1960ab07e0d3c106c", "session_id": "-", "timestamp": "2025-08-19T15:45:48.183616+00:00"}
{"asctime": "2025-08-19 17:45:48,183", "levelname": "INFO", "name": "AresGlobal.DataQualityDecorator", "message": "📊 [DATA QUALITY] Data type detected: klines_ohlcv for analyze_correlations_vectorized", "correlation_id": "9ecb284ff42447b1960ab07e0d3c106c", "session_id": "-", "timestamp": "2025-08-19T15:45:48.183713+00:00"}
{"asctime": "2025-08-19 17:45:48,183", "levelname": "INFO", "name": "AresGlobal.DataQualityDecorator", "message": "🔍 [DATA QUALITY] Checking cache for analyze_correlations_vectorized", "correlation_id": "9ecb284ff42447b1960ab07e0d3c106c", "session_id": "-", "timestamp": "2025-08-19T15:45:48.183805+00:00"}
{"asctime": "2025-08-19 17:45:48,183", "levelname": "INFO", "name": "AresGlobal.DataQualityDecorator", "message": "🔄 [DATA QUALITY] No valid cached result found for analyze_correlations_vectorized, proceeding with validation", "correlation_id": "9ecb284ff42447b1960ab07e0d3c106c", "session_id": "-", "timestamp": "2025-08-19T15:45:48.183933+00:00"}
{"asctime": "2025-08-19 17:45:48,184", "levelname": "INFO", "name": "AresGlobal.DataQualityDecorator", "message": "🔍 [DATA QUALITY] Extracting symbol and exchange for analyze_correlations_vectorized", "correlation_id": "9ecb284ff42447b1960ab07e0d3c106c", "session_id": "-", "timestamp": "2025-08-19T15:45:48.184019+00:00"}
{"asctime": "2025-08-19 17:45:48,184", "levelname": "INFO", "name": "AresGlobal.DataQualityDecorator", "message": "📊 [DATA QUALITY] Symbol: ETHUSDT, Exchange: BINANCE", "correlation_id": "9ecb284ff42447b1960ab07e0d3c106c", "session_id": "-", "timestamp": "2025-08-19T15:45:48.184110+00:00"}
{"asctime": "2025-08-19 17:45:48,184", "levelname": "INFO", "name": "AresGlobal.DataQualityDecorator", "message": "🔍 [DATA QUALITY] Getting validation configuration for analyze_correlations_vectorized", "correlation_id": "9ecb284ff42447b1960ab07e0d3c106c", "session_id": "-", "timestamp": "2025-08-19T15:45:48.184197+00:00"}
{"asctime": "2025-08-19 17:45:48,184", "levelname": "INFO", "name": "AresGlobal.DataQualityDecorator", "message": "📊 [DATA QUALITY] Validation config loaded for analyze_correlations_vectorized", "correlation_id": "9ecb284ff42447b1960ab07e0d3c106c", "session_id": "-", "timestamp": "2025-08-19T15:45:48.184294+00:00"}
{"asctime": "2025-08-19 17:45:48,184", "levelname": "INFO", "name": "AresGlobal.DataQualityDecorator", "message": "🔍 [DATA QUALITY] Starting data quality validation for analyze_correlations_vectorized (ETHUSDT on BINANCE)", "correlation_id": "9ecb284ff42447b1960ab07e0d3c106c", "session_id": "-", "timestamp": "2025-08-19T15:45:48.184376+00:00"}
{"asctime": "2025-08-19 17:45:48,184", "levelname": "INFO", "name": "AresGlobal.RawDataQualityChecker", "message": "🚀 validate_raw_data: Starting validation...", "correlation_id": "9ecb284ff42447b1960ab07e0d3c106c", "session_id": "-", "timestamp": "2025-08-19T15:45:48.184483+00:00"}
{"asctime": "2025-08-19 17:45:48,188", "levelname": "INFO", "name": "AresGlobal.RawDataQualityChecker", "message": "🔍 Starting raw data quality validation for BINANCE ETHUSDT", "correlation_id": "9ecb284ff42447b1960ab07e0d3c106c", "session_id": "-", "timestamp": "2025-08-19T15:45:48.188082+00:00"}
{"asctime": "2025-08-19 17:45:48,188", "levelname": "INFO", "name": "AresGlobal.RawDataQualityChecker", "message": "Validating data structure...", "correlation_id": "9ecb284ff42447b1960ab07e0d3c106c", "session_id": "-", "timestamp": "2025-08-19T15:45:48.188272+00:00"}
{"asctime": "2025-08-19 17:45:48,188", "levelname": "INFO", "name": "AresGlobal.RawDataQualityChecker", "message": "Validating data completeness...", "correlation_id": "9ecb284ff42447b1960ab07e0d3c106c", "session_id": "-", "timestamp": "2025-08-19T15:45:48.188511+00:00"}
{"asctime": "2025-08-19 17:45:48,192", "levelname": "INFO", "name": "AresGlobal.RawDataQualityChecker", "message": "Validating data integrity...", "correlation_id": "9ecb284ff42447b1960ab07e0d3c106c", "session_id": "-", "timestamp": "2025-08-19T15:45:48.192691+00:00"}
{"asctime": "2025-08-19 17:45:48,196", "levelname": "INFO", "name": "AresGlobal.RawDataQualityChecker", "message": "Validating market-specific issues...", "correlation_id": "9ecb284ff42447b1960ab07e0d3c106c", "session_id": "-", "timestamp": "2025-08-19T15:45:48.196622+00:00"}
{"asctime": "2025-08-19 17:45:48,201", "levelname": "INFO", "name": "AresGlobal.RawDataQualityChecker", "message": "Validating feature engineering requirements...", "correlation_id": "9ecb284ff42447b1960ab07e0d3c106c", "session_id": "-", "timestamp": "2025-08-19T15:45:48.201135+00:00"}
{"asctime": "2025-08-19 17:45:48,229", "levelname": "INFO", "name": "AresGlobal.RawDataQualityChecker", "message": "✅ No irregular intervals detected (ratio: 0.000)", "correlation_id": "9ecb284ff42447b1960ab07e0d3c106c", "session_id": "-", "timestamp": "2025-08-19T15:45:48.229055+00:00"}
{"asctime": "2025-08-19 17:45:48,232", "levelname": "INFO", "name": "AresGlobal.RawDataQualityChecker", "message": "✅ No large gaps found - data is continuous", "correlation_id": "9ecb284ff42447b1960ab07e0d3c106c", "session_id": "-", "timestamp": "2025-08-19T15:45:48.232764+00:00"}
{"asctime": "2025-08-19 17:45:48,232", "levelname": "INFO", "name": "AresGlobal.RawDataQualityChecker", "message": "✅ Raw data validation passed for ETHUSDT (Score: 1.00)", "correlation_id": "9ecb284ff42447b1960ab07e0d3c106c", "session_id": "-", "timestamp": "2025-08-19T15:45:48.232996+00:00"}
{"asctime": "2025-08-19 17:45:48,233", "levelname": "INFO", "name": "AresGlobal.RawDataQualityChecker", "message": "✅ PASSED validate_raw_data: Completed in 0.05s", "correlation_id": "9ecb284ff42447b1960ab07e0d3c106c", "session_id": "-", "timestamp": "2025-08-19T15:45:48.233110+00:00"}
{"asctime": "2025-08-19 17:45:48,233", "levelname": "INFO", "name": "AresGlobal.DataQualityCache", "message": "💾 [CACHE] Cached validation result for analyze_correlations_vectorized", "correlation_id": "9ecb284ff42447b1960ab07e0d3c106c", "session_id": "-", "timestamp": "2025-08-19T15:45:48.233256+00:00"}
{"asctime": "2025-08-19 17:45:48,233", "levelname": "INFO", "name": "AresGlobal.DataQualityDecorator", "message": "📊 [DATA QUALITY] Processing validation results for analyze_correlations_vectorized", "correlation_id": "9ecb284ff42447b1960ab07e0d3c106c", "session_id": "-", "timestamp": "2025-08-19T15:45:48.233357+00:00"}
{"asctime": "2025-08-19 17:45:48,233", "levelname": "INFO", "name": "AresGlobal.DataQualityDecorator", "message": "   📊 Validation level: warning", "correlation_id": "9ecb284ff42447b1960ab07e0d3c106c", "session_id": "-", "timestamp": "2025-08-19T15:45:48.233451+00:00"}
{"asctime": "2025-08-19 17:45:48,233", "levelname": "INFO", "name": "AresGlobal.DataQualityDecorator", "message": "   📊 Validation passed: True", "correlation_id": "9ecb284ff42447b1960ab07e0d3c106c", "session_id": "-", "timestamp": "2025-08-19T15:45:48.233547+00:00"}
{"asctime": "2025-08-19 17:45:48,233", "levelname": "INFO", "name": "AresGlobal.DataQualityDecorator", "message": "   📊 Quality score: 1.00", "correlation_id": "9ecb284ff42447b1960ab07e0d3c106c", "session_id": "-", "timestamp": "2025-08-19T15:45:48.233717+00:00"}
{"asctime": "2025-08-19 17:45:48,233", "levelname": "INFO", "name": "AresGlobal.DataQualityDecorator", "message": "   📊 Critical issues: 0", "correlation_id": "9ecb284ff42447b1960ab07e0d3c106c", "session_id": "-", "timestamp": "2025-08-19T15:45:48.233846+00:00"}
{"asctime": "2025-08-19 17:45:48,233", "levelname": "INFO", "name": "AresGlobal.DataQualityDecorator", "message": "   📊 Warnings: 0", "correlation_id": "9ecb284ff42447b1960ab07e0d3c106c", "session_id": "-", "timestamp": "2025-08-19T15:45:48.233946+00:00"}
{"asctime": "2025-08-19 17:45:48,234", "levelname": "INFO", "name": "AresGlobal.DataQualityDecorator", "message": "✅ [DATA QUALITY] WARNING validation passed for analyze_correlations_vectorized", "correlation_id": "9ecb284ff42447b1960ab07e0d3c106c", "session_id": "-", "timestamp": "2025-08-19T15:45:48.234039+00:00"}
{"asctime": "2025-08-19 17:45:48,234", "levelname": "INFO", "name": "AresGlobal.DataQualityDecorator", "message": "🚀 [DATA QUALITY] Executing original function analyze_correlations_vectorized", "correlation_id": "9ecb284ff42447b1960ab07e0d3c106c", "session_id": "-", "timestamp": "2025-08-19T15:45:48.234149+00:00"}
{"asctime": "2025-08-19 17:45:48,385", "levelname": "INFO", "name": "AresGlobal.DataQualityDecorator", "message": "✅ [DATA QUALITY] Completed validation for analyze_correlations_vectorized", "correlation_id": "9ecb284ff42447b1960ab07e0d3c106c", "session_id": "-", "timestamp": "2025-08-19T15:45:48.385446+00:00"}
{"asctime": "2025-08-19 17:45:48,386", "levelname": "INFO", "name": "AresGlobal.DataQualityDecorator", "message": "🔍 [DATA QUALITY] Starting validation for analyze_momentum_vectorized", "correlation_id": "9ecb284ff42447b1960ab07e0d3c106c", "session_id": "-", "timestamp": "2025-08-19T15:45:48.386042+00:00"}
{"asctime": "2025-08-19 17:45:48,386", "levelname": "INFO", "name": "AresGlobal.DataQualityDecorator", "message": "📊 [DATA QUALITY] Data type validation result for analyze_momentum_vectorized: klines_ohlcv", "correlation_id": "9ecb284ff42447b1960ab07e0d3c106c", "session_id": "-", "timestamp": "2025-08-19T15:45:48.386213+00:00"}
{"asctime": "2025-08-19 17:45:48,386", "levelname": "INFO", "name": "AresGlobal.DataQualityDecorator", "message": "📊 [DATA QUALITY] Data type detected: klines_ohlcv for analyze_momentum_vectorized", "correlation_id": "9ecb284ff42447b1960ab07e0d3c106c", "session_id": "-", "timestamp": "2025-08-19T15:45:48.386306+00:00"}
{"asctime": "2025-08-19 17:45:48,386", "levelname": "INFO", "name": "AresGlobal.DataQualityDecorator", "message": "🔍 [DATA QUALITY] Checking cache for analyze_momentum_vectorized", "correlation_id": "9ecb284ff42447b1960ab07e0d3c106c", "session_id": "-", "timestamp": "2025-08-19T15:45:48.386390+00:00"}
{"asctime": "2025-08-19 17:45:48,386", "levelname": "INFO", "name": "AresGlobal.DataQualityDecorator", "message": "🔄 [DATA QUALITY] No valid cached result found for analyze_momentum_vectorized, proceeding with validation", "correlation_id": "9ecb284ff42447b1960ab07e0d3c106c", "session_id": "-", "timestamp": "2025-08-19T15:45:48.386509+00:00"}
{"asctime": "2025-08-19 17:45:48,386", "levelname": "INFO", "name": "AresGlobal.DataQualityDecorator", "message": "🔍 [DATA QUALITY] Extracting symbol and exchange for analyze_momentum_vectorized", "correlation_id": "9ecb284ff42447b1960ab07e0d3c106c", "session_id": "-", "timestamp": "2025-08-19T15:45:48.386594+00:00"}
{"asctime": "2025-08-19 17:45:48,386", "levelname": "INFO", "name": "AresGlobal.DataQualityDecorator", "message": "📊 [DATA QUALITY] Symbol: ETHUSDT, Exchange: BINANCE", "correlation_id": "9ecb284ff42447b1960ab07e0d3c106c", "session_id": "-", "timestamp": "2025-08-19T15:45:48.386681+00:00"}
{"asctime": "2025-08-19 17:45:48,386", "levelname": "INFO", "name": "AresGlobal.DataQualityDecorator", "message": "🔍 [DATA QUALITY] Getting validation configuration for analyze_momentum_vectorized", "correlation_id": "9ecb284ff42447b1960ab07e0d3c106c", "session_id": "-", "timestamp": "2025-08-19T15:45:48.386765+00:00"}
{"asctime": "2025-08-19 17:45:48,386", "levelname": "INFO", "name": "AresGlobal.DataQualityDecorator", "message": "📊 [DATA QUALITY] Validation config loaded for analyze_momentum_vectorized", "correlation_id": "9ecb284ff42447b1960ab07e0d3c106c", "session_id": "-", "timestamp": "2025-08-19T15:45:48.386855+00:00"}
{"asctime": "2025-08-19 17:45:48,386", "levelname": "INFO", "name": "AresGlobal.DataQualityDecorator", "message": "🔍 [DATA QUALITY] Starting data quality validation for analyze_momentum_vectorized (ETHUSDT on BINANCE)", "correlation_id": "9ecb284ff42447b1960ab07e0d3c106c", "session_id": "-", "timestamp": "2025-08-19T15:45:48.386937+00:00"}
{"asctime": "2025-08-19 17:45:48,387", "levelname": "INFO", "name": "AresGlobal.RawDataQualityChecker", "message": "🚀 validate_raw_data: Starting validation...", "correlation_id": "9ecb284ff42447b1960ab07e0d3c106c", "session_id": "-", "timestamp": "2025-08-19T15:45:48.387038+00:00"}
{"asctime": "2025-08-19 17:45:48,389", "levelname": "INFO", "name": "AresGlobal.RawDataQualityChecker", "message": "🔍 Starting raw data quality validation for BINANCE ETHUSDT", "correlation_id": "9ecb284ff42447b1960ab07e0d3c106c", "session_id": "-", "timestamp": "2025-08-19T15:45:48.389618+00:00"}
{"asctime": "2025-08-19 17:45:48,389", "levelname": "INFO", "name": "AresGlobal.RawDataQualityChecker", "message": "Validating data structure...", "correlation_id": "9ecb284ff42447b1960ab07e0d3c106c", "session_id": "-", "timestamp": "2025-08-19T15:45:48.389820+00:00"}
{"asctime": "2025-08-19 17:45:48,390", "levelname": "INFO", "name": "AresGlobal.RawDataQualityChecker", "message": "Validating data completeness...", "correlation_id": "9ecb284ff42447b1960ab07e0d3c106c", "session_id": "-", "timestamp": "2025-08-19T15:45:48.390014+00:00"}
{"asctime": "2025-08-19 17:45:48,394", "levelname": "INFO", "name": "AresGlobal.RawDataQualityChecker", "message": "Validating data integrity...", "correlation_id": "9ecb284ff42447b1960ab07e0d3c106c", "session_id": "-", "timestamp": "2025-08-19T15:45:48.394543+00:00"}
{"asctime": "2025-08-19 17:45:48,398", "levelname": "INFO", "name": "AresGlobal.RawDataQualityChecker", "message": "Validating market-specific issues...", "correlation_id": "9ecb284ff42447b1960ab07e0d3c106c", "session_id": "-", "timestamp": "2025-08-19T15:45:48.398368+00:00"}
{"asctime": "2025-08-19 17:45:48,403", "levelname": "INFO", "name": "AresGlobal.RawDataQualityChecker", "message": "Validating feature engineering requirements...", "correlation_id": "9ecb284ff42447b1960ab07e0d3c106c", "session_id": "-", "timestamp": "2025-08-19T15:45:48.403122+00:00"}
{"asctime": "2025-08-19 17:45:48,432", "levelname": "INFO", "name": "AresGlobal.RawDataQualityChecker", "message": "✅ No irregular intervals detected (ratio: 0.000)", "correlation_id": "9ecb284ff42447b1960ab07e0d3c106c", "session_id": "-", "timestamp": "2025-08-19T15:45:48.432265+00:00"}
{"asctime": "2025-08-19 17:45:48,436", "levelname": "INFO", "name": "AresGlobal.RawDataQualityChecker", "message": "✅ No large gaps found - data is continuous", "correlation_id": "9ecb284ff42447b1960ab07e0d3c106c", "session_id": "-", "timestamp": "2025-08-19T15:45:48.436486+00:00"}
{"asctime": "2025-08-19 17:45:48,436", "levelname": "INFO", "name": "AresGlobal.RawDataQualityChecker", "message": "✅ Raw data validation passed for ETHUSDT (Score: 1.00)", "correlation_id": "9ecb284ff42447b1960ab07e0d3c106c", "session_id": "-", "timestamp": "2025-08-19T15:45:48.436701+00:00"}
{"asctime": "2025-08-19 17:45:48,436", "levelname": "INFO", "name": "AresGlobal.RawDataQualityChecker", "message": "✅ PASSED validate_raw_data: Completed in 0.05s", "correlation_id": "9ecb284ff42447b1960ab07e0d3c106c", "session_id": "-", "timestamp": "2025-08-19T15:45:48.436803+00:00"}
{"asctime": "2025-08-19 17:45:48,436", "levelname": "INFO", "name": "AresGlobal.DataQualityCache", "message": "💾 [CACHE] Cached validation result for analyze_momentum_vectorized", "correlation_id": "9ecb284ff42447b1960ab07e0d3c106c", "session_id": "-", "timestamp": "2025-08-19T15:45:48.436923+00:00"}
{"asctime": "2025-08-19 17:45:48,437", "levelname": "INFO", "name": "AresGlobal.DataQualityDecorator", "message": "📊 [DATA QUALITY] Processing validation results for analyze_momentum_vectorized", "correlation_id": "9ecb284ff42447b1960ab07e0d3c106c", "session_id": "-", "timestamp": "2025-08-19T15:45:48.437018+00:00"}
{"asctime": "2025-08-19 17:45:48,437", "levelname": "INFO", "name": "AresGlobal.DataQualityDecorator", "message": "   📊 Validation level: warning", "correlation_id": "9ecb284ff42447b1960ab07e0d3c106c", "session_id": "-", "timestamp": "2025-08-19T15:45:48.437106+00:00"}
{"asctime": "2025-08-19 17:45:48,437", "levelname": "INFO", "name": "AresGlobal.DataQualityDecorator", "message": "   📊 Validation passed: True", "correlation_id": "9ecb284ff42447b1960ab07e0d3c106c", "session_id": "-", "timestamp": "2025-08-19T15:45:48.437191+00:00"}
{"asctime": "2025-08-19 17:45:48,437", "levelname": "INFO", "name": "AresGlobal.DataQualityDecorator", "message": "   📊 Quality score: 1.00", "correlation_id": "9ecb284ff42447b1960ab07e0d3c106c", "session_id": "-", "timestamp": "2025-08-19T15:45:48.437290+00:00"}
{"asctime": "2025-08-19 17:45:48,437", "levelname": "INFO", "name": "AresGlobal.DataQualityDecorator", "message": "   📊 Critical issues: 0", "correlation_id": "9ecb284ff42447b1960ab07e0d3c106c", "session_id": "-", "timestamp": "2025-08-19T15:45:48.437373+00:00"}
{"asctime": "2025-08-19 17:45:48,437", "levelname": "INFO", "name": "AresGlobal.DataQualityDecorator", "message": "   📊 Warnings: 0", "correlation_id": "9ecb284ff42447b1960ab07e0d3c106c", "session_id": "-", "timestamp": "2025-08-19T15:45:48.437462+00:00"}
{"asctime": "2025-08-19 17:45:48,437", "levelname": "INFO", "name": "AresGlobal.DataQualityDecorator", "message": "✅ [DATA QUALITY] WARNING validation passed for analyze_momentum_vectorized", "correlation_id": "9ecb284ff42447b1960ab07e0d3c106c", "session_id": "-", "timestamp": "2025-08-19T15:45:48.437544+00:00"}
{"asctime": "2025-08-19 17:45:48,437", "levelname": "INFO", "name": "AresGlobal.DataQualityDecorator", "message": "🚀 [DATA QUALITY] Executing original function analyze_momentum_vectorized", "correlation_id": "9ecb284ff42447b1960ab07e0d3c106c", "session_id": "-", "timestamp": "2025-08-19T15:45:48.437662+00:00"}
{"asctime": "2025-08-19 17:45:48,476", "levelname": "INFO", "name": "AresGlobal.DataQualityDecorator", "message": "✅ [DATA QUALITY] Completed validation for analyze_momentum_vectorized", "correlation_id": "9ecb284ff42447b1960ab07e0d3c106c", "session_id": "-", "timestamp": "2025-08-19T15:45:48.476852+00:00"}
{"asctime": "2025-08-19 17:45:48,510", "levelname": "INFO", "name": "AresGlobal.DataQualityDecorator", "message": "🔍 [DATA QUALITY] Starting validation for analyze_patterns", "correlation_id": "9ecb284ff42447b1960ab07e0d3c106c", "session_id": "-", "timestamp": "2025-08-19T15:45:48.510153+00:00"}
{"asctime": "2025-08-19 17:45:48,510", "levelname": "INFO", "name": "AresGlobal.DataQualityDecorator", "message": "📊 [DATA QUALITY] Data type validation result for analyze_patterns: klines_ohlcv", "correlation_id": "9ecb284ff42447b1960ab07e0d3c106c", "session_id": "-", "timestamp": "2025-08-19T15:45:48.510330+00:00"}
{"asctime": "2025-08-19 17:45:48,510", "levelname": "INFO", "name": "AresGlobal.DataQualityDecorator", "message": "📊 [DATA QUALITY] Data type detected: klines_ohlcv for analyze_patterns", "correlation_id": "9ecb284ff42447b1960ab07e0d3c106c", "session_id": "-", "timestamp": "2025-08-19T15:45:48.510424+00:00"}
{"asctime": "2025-08-19 17:45:48,510", "levelname": "INFO", "name": "AresGlobal.DataQualityDecorator", "message": "🔍 [DATA QUALITY] Checking cache for analyze_patterns", "correlation_id": "9ecb284ff42447b1960ab07e0d3c106c", "session_id": "-", "timestamp": "2025-08-19T15:45:48.510593+00:00"}
{"asctime": "2025-08-19 17:45:48,510", "levelname": "INFO", "name": "AresGlobal.DataQualityDecorator", "message": "🔄 [DATA QUALITY] No valid cached result found for analyze_patterns, proceeding with validation", "correlation_id": "9ecb284ff42447b1960ab07e0d3c106c", "session_id": "-", "timestamp": "2025-08-19T15:45:48.510725+00:00"}
{"asctime": "2025-08-19 17:45:48,510", "levelname": "INFO", "name": "AresGlobal.DataQualityDecorator", "message": "🔍 [DATA QUALITY] Extracting symbol and exchange for analyze_patterns", "correlation_id": "9ecb284ff42447b1960ab07e0d3c106c", "session_id": "-", "timestamp": "2025-08-19T15:45:48.510879+00:00"}
{"asctime": "2025-08-19 17:45:48,510", "levelname": "INFO", "name": "AresGlobal.DataQualityDecorator", "message": "📊 [DATA QUALITY] Symbol: ETHUSDT, Exchange: BINANCE", "correlation_id": "9ecb284ff42447b1960ab07e0d3c106c", "session_id": "-", "timestamp": "2025-08-19T15:45:48.510990+00:00"}
{"asctime": "2025-08-19 17:45:48,511", "levelname": "INFO", "name": "AresGlobal.DataQualityDecorator", "message": "🔍 [DATA QUALITY] Getting validation configuration for analyze_patterns", "correlation_id": "9ecb284ff42447b1960ab07e0d3c106c", "session_id": "-", "timestamp": "2025-08-19T15:45:48.511085+00:00"}
{"asctime": "2025-08-19 17:45:48,511", "levelname": "INFO", "name": "AresGlobal.DataQualityDecorator", "message": "📊 [DATA QUALITY] Validation config loaded for analyze_patterns", "correlation_id": "9ecb284ff42447b1960ab07e0d3c106c", "session_id": "-", "timestamp": "2025-08-19T15:45:48.511192+00:00"}
{"asctime": "2025-08-19 17:45:48,511", "levelname": "INFO", "name": "AresGlobal.DataQualityDecorator", "message": "🔍 [DATA QUALITY] Starting data quality validation for analyze_patterns (ETHUSDT on BINANCE)", "correlation_id": "9ecb284ff42447b1960ab07e0d3c106c", "session_id": "-", "timestamp": "2025-08-19T15:45:48.511285+00:00"}
{"asctime": "2025-08-19 17:45:48,511", "levelname": "INFO", "name": "AresGlobal.RawDataQualityChecker", "message": "🚀 validate_raw_data: Starting validation...", "correlation_id": "9ecb284ff42447b1960ab07e0d3c106c", "session_id": "-", "timestamp": "2025-08-19T15:45:48.511391+00:00"}
{"asctime": "2025-08-19 17:45:48,513", "levelname": "INFO", "name": "AresGlobal.RawDataQualityChecker", "message": "🔍 Starting raw data quality validation for BINANCE ETHUSDT", "correlation_id": "9ecb284ff42447b1960ab07e0d3c106c", "session_id": "-", "timestamp": "2025-08-19T15:45:48.513997+00:00"}
{"asctime": "2025-08-19 17:45:48,514", "levelname": "INFO", "name": "AresGlobal.RawDataQualityChecker", "message": "Validating data structure...", "correlation_id": "9ecb284ff42447b1960ab07e0d3c106c", "session_id": "-", "timestamp": "2025-08-19T15:45:48.514189+00:00"}
{"asctime": "2025-08-19 17:45:48,514", "levelname": "INFO", "name": "AresGlobal.RawDataQualityChecker", "message": "Validating data completeness...", "correlation_id": "9ecb284ff42447b1960ab07e0d3c106c", "session_id": "-", "timestamp": "2025-08-19T15:45:48.514392+00:00"}
{"asctime": "2025-08-19 17:45:48,519", "levelname": "INFO", "name": "AresGlobal.RawDataQualityChecker", "message": "Validating data integrity...", "correlation_id": "9ecb284ff42447b1960ab07e0d3c106c", "session_id": "-", "timestamp": "2025-08-19T15:45:48.519151+00:00"}
{"asctime": "2025-08-19 17:45:48,522", "levelname": "INFO", "name": "AresGlobal.RawDataQualityChecker", "message": "Validating market-specific issues...", "correlation_id": "9ecb284ff42447b1960ab07e0d3c106c", "session_id": "-", "timestamp": "2025-08-19T15:45:48.522720+00:00"}
{"asctime": "2025-08-19 17:45:48,526", "levelname": "INFO", "name": "AresGlobal.RawDataQualityChecker", "message": "Validating feature engineering requirements...", "correlation_id": "9ecb284ff42447b1960ab07e0d3c106c", "session_id": "-", "timestamp": "2025-08-19T15:45:48.526390+00:00"}
{"asctime": "2025-08-19 17:45:48,553", "levelname": "INFO", "name": "AresGlobal.RawDataQualityChecker", "message": "✅ No irregular intervals detected (ratio: 0.000)", "correlation_id": "9ecb284ff42447b1960ab07e0d3c106c", "session_id": "-", "timestamp": "2025-08-19T15:45:48.553071+00:00"}
{"asctime": "2025-08-19 17:45:48,556", "levelname": "INFO", "name": "AresGlobal.RawDataQualityChecker", "message": "✅ No large gaps found - data is continuous", "correlation_id": "9ecb284ff42447b1960ab07e0d3c106c", "session_id": "-", "timestamp": "2025-08-19T15:45:48.556434+00:00"}
{"asctime": "2025-08-19 17:45:48,556", "levelname": "INFO", "name": "AresGlobal.RawDataQualityChecker", "message": "✅ Raw data validation passed for ETHUSDT (Score: 1.00)", "correlation_id": "9ecb284ff42447b1960ab07e0d3c106c", "session_id": "-", "timestamp": "2025-08-19T15:45:48.556580+00:00"}
{"asctime": "2025-08-19 17:45:48,556", "levelname": "INFO", "name": "AresGlobal.RawDataQualityChecker", "message": "✅ PASSED validate_raw_data: Completed in 0.05s", "correlation_id": "9ecb284ff42447b1960ab07e0d3c106c", "session_id": "-", "timestamp": "2025-08-19T15:45:48.556687+00:00"}
{"asctime": "2025-08-19 17:45:48,556", "levelname": "INFO", "name": "AresGlobal.DataQualityCache", "message": "💾 [CACHE] Cached validation result for analyze_patterns", "correlation_id": "9ecb284ff42447b1960ab07e0d3c106c", "session_id": "-", "timestamp": "2025-08-19T15:45:48.556806+00:00"}
{"asctime": "2025-08-19 17:45:48,556", "levelname": "INFO", "name": "AresGlobal.DataQualityDecorator", "message": "📊 [DATA QUALITY] Processing validation results for analyze_patterns", "correlation_id": "9ecb284ff42447b1960ab07e0d3c106c", "session_id": "-", "timestamp": "2025-08-19T15:45:48.556915+00:00"}
{"asctime": "2025-08-19 17:45:48,557", "levelname": "INFO", "name": "AresGlobal.DataQualityDecorator", "message": "   📊 Validation level: warning", "correlation_id": "9ecb284ff42447b1960ab07e0d3c106c", "session_id": "-", "timestamp": "2025-08-19T15:45:48.557010+00:00"}
{"asctime": "2025-08-19 17:45:48,557", "levelname": "INFO", "name": "AresGlobal.DataQualityDecorator", "message": "   📊 Validation passed: True", "correlation_id": "9ecb284ff42447b1960ab07e0d3c106c", "session_id": "-", "timestamp": "2025-08-19T15:45:48.557099+00:00"}
{"asctime": "2025-08-19 17:45:48,557", "levelname": "INFO", "name": "AresGlobal.DataQualityDecorator", "message": "   📊 Quality score: 1.00", "correlation_id": "9ecb284ff42447b1960ab07e0d3c106c", "session_id": "-", "timestamp": "2025-08-19T15:45:48.557185+00:00"}
{"asctime": "2025-08-19 17:45:48,557", "levelname": "INFO", "name": "AresGlobal.DataQualityDecorator", "message": "   📊 Critical issues: 0", "correlation_id": "9ecb284ff42447b1960ab07e0d3c106c", "session_id": "-", "timestamp": "2025-08-19T15:45:48.557269+00:00"}
{"asctime": "2025-08-19 17:45:48,557", "levelname": "INFO", "name": "AresGlobal.DataQualityDecorator", "message": "   📊 Warnings: 0", "correlation_id": "9ecb284ff42447b1960ab07e0d3c106c", "session_id": "-", "timestamp": "2025-08-19T15:45:48.557354+00:00"}
{"asctime": "2025-08-19 17:45:48,557", "levelname": "INFO", "name": "AresGlobal.DataQualityDecorator", "message": "✅ [DATA QUALITY] WARNING validation passed for analyze_patterns", "correlation_id": "9ecb284ff42447b1960ab07e0d3c106c", "session_id": "-", "timestamp": "2025-08-19T15:45:48.557435+00:00"}
{"asctime": "2025-08-19 17:45:48,557", "levelname": "INFO", "name": "AresGlobal.DataQualityDecorator", "message": "🚀 [DATA QUALITY] Executing original function analyze_patterns", "correlation_id": "9ecb284ff42447b1960ab07e0d3c106c", "session_id": "-", "timestamp": "2025-08-19T15:45:48.557515+00:00"}
{"asctime": "2025-08-19 17:45:48,563", "levelname": "INFO", "name": "AresGlobal.DataQualityDecorator", "message": "✅ [DATA QUALITY] Completed validation for analyze_patterns", "correlation_id": "9ecb284ff42447b1960ab07e0d3c106c", "session_id": "-", "timestamp": "2025-08-19T15:45:48.563052+00:00"}
{"asctime": "2025-08-19 17:47:10,549", "levelname": "INFO", "name": "src.utils.intelligent_feature_cache", "message": "🔧 Initialized IntelligentFeatureCache:", "correlation_id": "9ecb284ff42447b1960ab07e0d3c106c", "session_id": "-", "timestamp": "2025-08-19T15:47:10.549771+00:00"}
{"asctime": "2025-08-19 17:47:10,550", "levelname": "INFO", "name": "src.utils.intelligent_feature_cache", "message": "   Cache directory: data_cache/feature_cache", "correlation_id": "9ecb284ff42447b1960ab07e0d3c106c", "session_id": "-", "timestamp": "2025-08-19T15:47:10.550037+00:00"}
{"asctime": "2025-08-19 17:47:10,550", "levelname": "INFO", "name": "src.utils.intelligent_feature_cache", "message": "   Max memory: 2048 MB", "correlation_id": "9ecb284ff42447b1960ab07e0d3c106c", "session_id": "-", "timestamp": "2025-08-19T15:47:10.550116+00:00"}
{"asctime": "2025-08-19 17:47:10,550", "levelname": "INFO", "name": "src.utils.intelligent_feature_cache", "message": "   Max cache size: 1024 MB", "correlation_id": "9ecb284ff42447b1960ab07e0d3c106c", "session_id": "-", "timestamp": "2025-08-19T15:47:10.550165+00:00"}
{"asctime": "2025-08-19 17:47:10,550", "levelname": "INFO", "name": "src.utils.intelligent_feature_cache", "message": "   Compression: True", "correlation_id": "9ecb284ff42447b1960ab07e0d3c106c", "session_id": "-", "timestamp": "2025-08-19T15:47:10.550206+00:00"}
{"asctime": "2025-08-19 17:47:10,575", "levelname": "INFO", "name": "src.utils.intelligent_feature_cache", "message": "🔄 Computing _engineer_multi_timeframe_features_vectorized (cache miss)", "correlation_id": "9ecb284ff42447b1960ab07e0d3c106c", "session_id": "-", "timestamp": "2025-08-19T15:47:10.575889+00:00"}
{"asctime": "2025-08-19 17:47:10,606", "levelname": "INFO", "name": "src.utils.parallel_processing_optimizer", "message": "🍎 Detected Mac M1 - applying M1-specific optimizations", "correlation_id": "9ecb284ff42447b1960ab07e0d3c106c", "session_id": "-", "timestamp": "2025-08-19T15:47:10.606400+00:00"}
{"asctime": "2025-08-19 17:47:10,606", "levelname": "INFO", "name": "src.utils.parallel_processing_optimizer", "message": "🔧 Initialized MacM1ParallelOptimizer:", "correlation_id": "9ecb284ff42447b1960ab07e0d3c106c", "session_id": "-", "timestamp": "2025-08-19T15:47:10.606737+00:00"}
{"asctime": "2025-08-19 17:47:10,606", "levelname": "INFO", "name": "src.utils.parallel_processing_optimizer", "message": "   Max workers: 4", "correlation_id": "9ecb284ff42447b1960ab07e0d3c106c", "session_id": "-", "timestamp": "2025-08-19T15:47:10.606795+00:00"}
{"asctime": "2025-08-19 17:47:10,606", "levelname": "INFO", "name": "src.utils.parallel_processing_optimizer", "message": "   Chunk size: 1000", "correlation_id": "9ecb284ff42447b1960ab07e0d3c106c", "session_id": "-", "timestamp": "2025-08-19T15:47:10.606848+00:00"}
{"asctime": "2025-08-19 17:47:10,606", "levelname": "INFO", "name": "src.utils.parallel_processing_optimizer", "message": "   Pool type: Process", "correlation_id": "9ecb284ff42447b1960ab07e0d3c106c", "session_id": "-", "timestamp": "2025-08-19T15:47:10.606888+00:00"}
{"asctime": "2025-08-19 17:47:10,606", "levelname": "INFO", "name": "src.utils.parallel_processing_optimizer", "message": "   Memory limit per worker: 4096 MB", "correlation_id": "9ecb284ff42447b1960ab07e0d3c106c", "session_id": "-", "timestamp": "2025-08-19T15:47:10.606928+00:00"}
{"asctime": "2025-08-19 17:47:10,606", "levelname": "INFO", "name": "src.utils.parallel_processing_optimizer", "message": "   M1 Mac detected: True", "correlation_id": "9ecb284ff42447b1960ab07e0d3c106c", "session_id": "-", "timestamp": "2025-08-19T15:47:10.606969+00:00"}
{"asctime": "2025-08-19 17:47:10,607", "levelname": "INFO", "name": "src.utils.parallel_processing_optimizer", "message": "💻 System Information:", "correlation_id": "9ecb284ff42447b1960ab07e0d3c106c", "session_id": "-", "timestamp": "2025-08-19T15:47:10.607068+00:00"}
{"asctime": "2025-08-19 17:47:10,607", "levelname": "INFO", "name": "src.utils.parallel_processing_optimizer", "message": "   CPU cores: 8", "correlation_id": "9ecb284ff42447b1960ab07e0d3c106c", "session_id": "-", "timestamp": "2025-08-19T15:47:10.607114+00:00"}
{"asctime": "2025-08-19 17:47:10,607", "levelname": "INFO", "name": "src.utils.parallel_processing_optimizer", "message": "   Total memory: 16.0 GB", "correlation_id": "9ecb284ff42447b1960ab07e0d3c106c", "session_id": "-", "timestamp": "2025-08-19T15:47:10.607156+00:00"}
{"asctime": "2025-08-19 17:47:10,607", "levelname": "INFO", "name": "src.utils.parallel_processing_optimizer", "message": "   M1 Mac: True", "correlation_id": "9ecb284ff42447b1960ab07e0d3c106c", "session_id": "-", "timestamp": "2025-08-19T15:47:10.607222+00:00"}
{"asctime": "2025-08-19 17:47:10,607", "levelname": "INFO", "name": "src.utils.parallel_processing_optimizer", "message": "   Max workers: 4", "correlation_id": "9ecb284ff42447b1960ab07e0d3c106c", "session_id": "-", "timestamp": "2025-08-19T15:47:10.607259+00:00"}
{"asctime": "2025-08-19 17:47:10,607", "levelname": "INFO", "name": "src.utils.parallel_processing_optimizer", "message": "   Chunk size: 1000", "correlation_id": "9ecb284ff42447b1960ab07e0d3c106c", "session_id": "-", "timestamp": "2025-08-19T15:47:10.607296+00:00"}
{"asctime": "2025-08-19 17:47:10,607", "levelname": "INFO", "name": "src.utils.parallel_processing_optimizer", "message": "   Memory limit per worker: 4096 MB", "correlation_id": "9ecb284ff42447b1960ab07e0d3c106c", "session_id": "-", "timestamp": "2025-08-19T15:47:10.607369+00:00"}
{"asctime": "2025-08-19 17:47:10,607", "levelname": "INFO", "name": "src.utils.parallel_processing_optimizer", "message": "🍎 Applied Mac M1 specific optimizations", "correlation_id": "9ecb284ff42447b1960ab07e0d3c106c", "session_id": "-", "timestamp": "2025-08-19T15:47:10.607508+00:00"}
{"asctime": "2025-08-19 17:47:10,607", "levelname": "INFO", "name": "src.utils.parallel_processing_optimizer", "message": "   Set OMP_NUM_THREADS=4", "correlation_id": "9ecb284ff42447b1960ab07e0d3c106c", "session_id": "-", "timestamp": "2025-08-19T15:47:10.607709+00:00"}
{"asctime": "2025-08-19 17:47:10,607", "levelname": "INFO", "name": "src.utils.parallel_processing_optimizer", "message": "   Set MKL_NUM_THREADS=4", "correlation_id": "9ecb284ff42447b1960ab07e0d3c106c", "session_id": "-", "timestamp": "2025-08-19T15:47:10.607815+00:00"}
{"asctime": "2025-08-19 17:47:10,607", "levelname": "INFO", "name": "src.utils.parallel_processing_optimizer", "message": "   Set OPENBLAS_NUM_THREADS=4", "correlation_id": "9ecb284ff42447b1960ab07e0d3c106c", "session_id": "-", "timestamp": "2025-08-19T15:47:10.607983+00:00"}
{"asctime": "2025-08-19 17:47:10,623", "levelname": "INFO", "name": "src.utils.data_type_optimizer", "message": "🔧 Optimizing data types - Initial memory: 7.89 MB", "correlation_id": "9ecb284ff42447b1960ab07e0d3c106c", "session_id": "-", "timestamp": "2025-08-19T15:47:10.623557+00:00"}
{"asctime": "2025-08-19 17:47:10,630", "levelname": "INFO", "name": "src.utils.data_type_optimizer", "message": "🔧 Data type optimization complete:", "correlation_id": "9ecb284ff42447b1960ab07e0d3c106c", "session_id": "-", "timestamp": "2025-08-19T15:47:10.630712+00:00"}
{"asctime": "2025-08-19 17:47:10,630", "levelname": "INFO", "name": "src.utils.data_type_optimizer", "message": "   Initial memory: 7.89 MB", "correlation_id": "9ecb284ff42447b1960ab07e0d3c106c", "session_id": "-", "timestamp": "2025-08-19T15:47:10.630886+00:00"}
{"asctime": "2025-08-19 17:47:10,630", "levelname": "INFO", "name": "src.utils.data_type_optimizer", "message": "   Final memory: 4.60 MB", "correlation_id": "9ecb284ff42447b1960ab07e0d3c106c", "session_id": "-", "timestamp": "2025-08-19T15:47:10.630938+00:00"}
{"asctime": "2025-08-19 17:47:10,630", "levelname": "INFO", "name": "src.utils.data_type_optimizer", "message": "   Memory reduction: 41.7%", "correlation_id": "9ecb284ff42447b1960ab07e0d3c106c", "session_id": "-", "timestamp": "2025-08-19T15:47:10.630985+00:00"}
{"asctime": "2025-08-19 17:47:10,631", "levelname": "INFO", "name": "src.utils.data_type_optimizer", "message": "🔧 Optimizing data types - Initial memory: 2.63 MB", "correlation_id": "9ecb284ff42447b1960ab07e0d3c106c", "session_id": "-", "timestamp": "2025-08-19T15:47:10.631482+00:00"}
{"asctime": "2025-08-19 17:47:10,632", "levelname": "INFO", "name": "src.utils.data_type_optimizer", "message": "🔧 Data type optimization complete:", "correlation_id": "9ecb284ff42447b1960ab07e0d3c106c", "session_id": "-", "timestamp": "2025-08-19T15:47:10.632822+00:00"}
{"asctime": "2025-08-19 17:47:10,632", "levelname": "INFO", "name": "src.utils.data_type_optimizer", "message": "   Initial memory: 2.63 MB", "correlation_id": "9ecb284ff42447b1960ab07e0d3c106c", "session_id": "-", "timestamp": "2025-08-19T15:47:10.632952+00:00"}
{"asctime": "2025-08-19 17:47:10,633", "levelname": "INFO", "name": "src.utils.data_type_optimizer", "message": "   Final memory: 1.97 MB", "correlation_id": "9ecb284ff42447b1960ab07e0d3c106c", "session_id": "-", "timestamp": "2025-08-19T15:47:10.633004+00:00"}
{"asctime": "2025-08-19 17:47:10,633", "levelname": "INFO", "name": "src.utils.data_type_optimizer", "message": "   Memory reduction: 25.0%", "correlation_id": "9ecb284ff42447b1960ab07e0d3c106c", "session_id": "-", "timestamp": "2025-08-19T15:47:10.633045+00:00"}
{"asctime": "2025-08-19 17:47:11,158", "levelname": "DEBUG", "name": "src.utils.intelligent_feature_cache", "message": "💾 Saved to disk cache: 9eae2edcf8567da2263f03dd0b71fd86", "correlation_id": "9ecb284ff42447b1960ab07e0d3c106c", "session_id": "-", "timestamp": "2025-08-19T15:47:11.158584+00:00"}
{"asctime": "2025-08-19 17:47:25,310", "levelname": "INFO", "name": "AresGlobal.AresLauncher", "message": "🧹 Cleaning up processes...", "correlation_id": "-", "session_id": "-", "timestamp": "2025-08-19T15:47:25.310902+00:00"}
{"asctime": "2025-08-19 17:47:25,311", "levelname": "INFO", "name": "AresGlobal.AresLauncher", "message": "✅ Cleanup completed", "correlation_id": "-", "session_id": "-", "timestamp": "2025-08-19T15:47:25.311372+00:00"}
