{"asctime": "2025-08-22 23:15:38,777", "levelname": "INFO", "name": "AresGlobal", "message": "================================================================================", "correlation_id": "-", "session_id": "-", "timestamp": "2025-08-22T21:15:38.777186+00:00"}
{"asctime": "2025-08-22 23:15:38,777", "levelname": "INFO", "name": "AresGlobal", "message": "📊 SESSION SUMMARY", "correlation_id": "-", "session_id": "-", "timestamp": "2025-08-22T21:15:38.777368+00:00"}
{"asctime": "2025-08-22 23:15:38,777", "levelname": "INFO", "name": "AresGlobal", "message": "Session started: 2025-08-22 23:15:38", "correlation_id": "-", "session_id": "-", "timestamp": "2025-08-22T21:15:38.777520+00:00"}
{"asctime": "2025-08-22 23:15:38,777", "levelname": "INFO", "name": "AresGlobal", "message": "This file contains ALL logs for this session", "correlation_id": "-", "session_id": "-", "timestamp": "2025-08-22T21:15:38.777644+00:00"}
{"asctime": "2025-08-22 23:15:38,777", "levelname": "INFO", "name": "AresGlobal", "message": "================================================================================", "correlation_id": "-", "session_id": "-", "timestamp": "2025-08-22T21:15:38.777768+00:00"}
{"asctime": "2025-08-22 23:15:38,778", "levelname": "INFO", "name": "AresGlobal", "message": "[SYSTEM] ================================================================================", "correlation_id": "-", "session_id": "-", "timestamp": "2025-08-22T21:15:38.778059+00:00"}
{"asctime": "2025-08-22 23:15:38,778", "levelname": "INFO", "name": "AresGlobal", "message": "[SYSTEM] 🚀 ARES LAUNCHER STARTED - Mode: INITIALIZATION", "correlation_id": "-", "session_id": "-", "timestamp": "2025-08-22T21:15:38.778312+00:00"}
{"asctime": "2025-08-22 23:15:38,778", "levelname": "INFO", "name": "AresGlobal", "message": "[SYSTEM] Start time: 2025-08-22 23:15:38", "correlation_id": "-", "session_id": "-", "timestamp": "2025-08-22T21:15:38.778568+00:00"}
{"asctime": "2025-08-22 23:15:38,778", "levelname": "INFO", "name": "AresGlobal", "message": "[SYSTEM] Log directory: log", "correlation_id": "-", "session_id": "-", "timestamp": "2025-08-22T21:15:38.778801+00:00"}
{"asctime": "2025-08-22 23:15:38,779", "levelname": "INFO", "name": "AresGlobal", "message": "[SYSTEM] ================================================================================", "correlation_id": "-", "session_id": "-", "timestamp": "2025-08-22T21:15:38.779036+00:00"}
{"asctime": "2025-08-22 23:15:38,779", "levelname": "INFO", "name": "AresGlobal.AresLauncher", "message": "================================================================================", "correlation_id": "-", "session_id": "-", "timestamp": "2025-08-22T21:15:38.779156+00:00"}
{"asctime": "2025-08-22 23:15:38,779", "levelname": "INFO", "name": "AresGlobal.AresLauncher", "message": "🚀 ARES COMPREHENSIVE LAUNCHER", "correlation_id": "-", "session_id": "-", "timestamp": "2025-08-22T21:15:38.779275+00:00"}
{"asctime": "2025-08-22 23:15:38,779", "levelname": "INFO", "name": "AresGlobal.AresLauncher", "message": "================================================================================", "correlation_id": "-", "session_id": "-", "timestamp": "2025-08-22T21:15:38.779406+00:00"}
{"asctime": "2025-08-22 23:15:38,779", "levelname": "INFO", "name": "AresGlobal.AresLauncher", "message": "Start time: 2025-08-22 23:15:38", "correlation_id": "-", "session_id": "-", "timestamp": "2025-08-22T21:15:38.779534+00:00"}
{"asctime": "2025-08-22 23:15:38,779", "levelname": "INFO", "name": "AresGlobal.AresLauncher", "message": "Log directory: log", "correlation_id": "-", "session_id": "-", "timestamp": "2025-08-22T21:15:38.779652+00:00"}
{"asctime": "2025-08-22 23:15:38,779", "levelname": "INFO", "name": "AresGlobal.AresLauncher", "message": "Log level: INFO", "correlation_id": "-", "session_id": "-", "timestamp": "2025-08-22T21:15:38.779768+00:00"}
{"asctime": "2025-08-22 23:15:38,779", "levelname": "INFO", "name": "AresGlobal.AresLauncher", "message": "Global log file: ares_global_20250822_231538.log", "correlation_id": "-", "session_id": "-", "timestamp": "2025-08-22T21:15:38.779985+00:00"}
{"asctime": "2025-08-22 23:15:38,780", "levelname": "INFO", "name": "AresGlobal.AresLauncher", "message": "Full run log: log/ares_full_20250822_231538.log", "correlation_id": "-", "session_id": "-", "timestamp": "2025-08-22T21:15:38.780169+00:00"}
{"asctime": "2025-08-22 23:15:38,780", "levelname": "INFO", "name": "AresGlobal.AresLauncher", "message": "Trades log: log/ares_trades_20250822_231538.log", "correlation_id": "-", "session_id": "-", "timestamp": "2025-08-22T21:15:38.780423+00:00"}
{"asctime": "2025-08-22 23:15:38,780", "levelname": "INFO", "name": "AresGlobal.AresLauncher", "message": "Backtest log: log/ares_backtest_20250822_231538.log", "correlation_id": "-", "session_id": "-", "timestamp": "2025-08-22T21:15:38.780656+00:00"}
{"asctime": "2025-08-22 23:15:38,780", "levelname": "INFO", "name": "AresGlobal.AresLauncher", "message": "================================================================================", "correlation_id": "-", "session_id": "-", "timestamp": "2025-08-22T21:15:38.780805+00:00"}
{"asctime": "2025-08-22 23:15:38,781", "levelname": "INFO", "name": "AresGlobal", "message": "[SYSTEM] ================================================================================", "correlation_id": "-", "session_id": "-", "timestamp": "2025-08-22T21:15:38.781208+00:00"}
{"asctime": "2025-08-22 23:15:38,781", "levelname": "INFO", "name": "AresGlobal", "message": "[SYSTEM] 🚀 ARES LAUNCHER STARTED - Mode: blank - Symbol: ETHUSDT - Exchange: BINANCE", "correlation_id": "-", "session_id": "-", "timestamp": "2025-08-22T21:15:38.781454+00:00"}
{"asctime": "2025-08-22 23:15:38,781", "levelname": "INFO", "name": "AresGlobal", "message": "[SYSTEM] Start time: 2025-08-22 23:15:38", "correlation_id": "-", "session_id": "-", "timestamp": "2025-08-22T21:15:38.781710+00:00"}
{"asctime": "2025-08-22 23:15:38,781", "levelname": "INFO", "name": "AresGlobal", "message": "[SYSTEM] Log directory: log", "correlation_id": "-", "session_id": "-", "timestamp": "2025-08-22T21:15:38.781959+00:00"}
{"asctime": "2025-08-22 23:15:38,782", "levelname": "INFO", "name": "AresGlobal", "message": "[SYSTEM] ================================================================================", "correlation_id": "-", "session_id": "-", "timestamp": "2025-08-22T21:15:38.782193+00:00"}
{"asctime": "2025-08-22 23:15:38,782", "levelname": "INFO", "name": "AresGlobal.AresLauncher", "message": "🚀 Running enhanced 16-step training pipeline for ETHUSDT on BINANCE", "correlation_id": "-", "session_id": "-", "timestamp": "2025-08-22T21:15:38.782354+00:00"}
{"asctime": "2025-08-22 23:15:38,782", "levelname": "INFO", "name": "AresGlobal.AresLauncher", "message": "Starting from step: step2_feature_engineering", "correlation_id": "-", "session_id": "-", "timestamp": "2025-08-22T21:15:38.782485+00:00"}
{"asctime": "2025-08-22 23:15:38,784", "levelname": "INFO", "name": "AresGlobal.AresLauncher", "message": "🧪 BLANK TRAINING MODE: Set BLANK_TRAINING_MODE=1 for step-based training", "correlation_id": "-", "session_id": "-", "timestamp": "2025-08-22T21:15:38.784180+00:00"}
{"asctime": "2025-08-22 23:15:38,784", "levelname": "INFO", "name": "AresGlobal.ProgressManager", "message": "Initialized ProgressManager for ETHUSDT on BINANCE", "correlation_id": "-", "session_id": "-", "timestamp": "2025-08-22T21:15:38.784520+00:00"}
{"asctime": "2025-08-22 23:15:38,784", "levelname": "INFO", "name": "AresGlobal.ProgressManager", "message": "Progress directory: data/training/progress/BINANCE_ETHUSDT", "correlation_id": "-", "session_id": "-", "timestamp": "2025-08-22T21:15:38.784673+00:00"}
{"asctime": "2025-08-22 23:15:38,784", "levelname": "INFO", "name": "AresGlobal.StepOrchestrator", "message": "Initialized StepOrchestrator for ETHUSDT on BINANCE", "correlation_id": "-", "session_id": "-", "timestamp": "2025-08-22T21:15:38.784819+00:00"}
{"asctime": "2025-08-22 23:15:38,785", "levelname": "INFO", "name": "AresGlobal.ProgressManager", "message": "🗑️  Cleared progress for step2_feature_engineering", "correlation_id": "-", "session_id": "-", "timestamp": "2025-08-22T21:15:38.785101+00:00"}
{"asctime": "2025-08-22 23:15:38,785", "levelname": "INFO", "name": "AresGlobal.AresLauncher", "message": "🧹 Cleared progress for 'step2_feature_engineering' (force)", "correlation_id": "-", "session_id": "-", "timestamp": "2025-08-22T21:15:38.785264+00:00"}
{"asctime": "2025-08-22 23:15:38,785", "levelname": "INFO", "name": "AresGlobal.ProgressManager", "message": "🗑️  Cleared progress for step3_hmm_regime_discovery", "correlation_id": "-", "session_id": "-", "timestamp": "2025-08-22T21:15:38.785424+00:00"}
{"asctime": "2025-08-22 23:15:38,785", "levelname": "INFO", "name": "AresGlobal.AresLauncher", "message": "🧹 Cleared progress for 'step3_hmm_regime_discovery' (force)", "correlation_id": "-", "session_id": "-", "timestamp": "2025-08-22T21:15:38.785568+00:00"}
{"asctime": "2025-08-22 23:15:38,785", "levelname": "INFO", "name": "AresGlobal.ProgressManager", "message": "🗑️  Cleared progress for step4_processing_labeling", "correlation_id": "-", "session_id": "-", "timestamp": "2025-08-22T21:15:38.785723+00:00"}
{"asctime": "2025-08-22 23:15:38,785", "levelname": "INFO", "name": "AresGlobal.AresLauncher", "message": "🧹 Cleared progress for 'step4_processing_labeling' (force)", "correlation_id": "-", "session_id": "-", "timestamp": "2025-08-22T21:15:38.785849+00:00"}
{"asctime": "2025-08-22 23:15:38,785", "levelname": "INFO", "name": "AresGlobal.ProgressManager", "message": "🗑️  Cleared progress for step5_regime_data_splitting", "correlation_id": "-", "session_id": "-", "timestamp": "2025-08-22T21:15:38.785999+00:00"}
{"asctime": "2025-08-22 23:15:38,786", "levelname": "INFO", "name": "AresGlobal.AresLauncher", "message": "🧹 Cleared progress for 'step5_regime_data_splitting' (force)", "correlation_id": "-", "session_id": "-", "timestamp": "2025-08-22T21:15:38.786138+00:00"}
{"asctime": "2025-08-22 23:15:38,786", "levelname": "INFO", "name": "AresGlobal.ProgressManager", "message": "🗑️  Cleared progress for step6_hmm_based_training", "correlation_id": "-", "session_id": "-", "timestamp": "2025-08-22T21:15:38.786288+00:00"}
{"asctime": "2025-08-22 23:15:38,786", "levelname": "INFO", "name": "AresGlobal.AresLauncher", "message": "🧹 Cleared progress for 'step6_hmm_based_training' (force)", "correlation_id": "-", "session_id": "-", "timestamp": "2025-08-22T21:15:38.786413+00:00"}
{"asctime": "2025-08-22 23:15:38,786", "levelname": "INFO", "name": "AresGlobal.ProgressManager", "message": "🗑️  Cleared progress for step6_5_unified_regime_intelligence", "correlation_id": "-", "session_id": "-", "timestamp": "2025-08-22T21:15:38.786657+00:00"}
{"asctime": "2025-08-22 23:15:38,786", "levelname": "INFO", "name": "AresGlobal.AresLauncher", "message": "🧹 Cleared progress for 'step6_5_unified_regime_intelligence' (force)", "correlation_id": "-", "session_id": "-", "timestamp": "2025-08-22T21:15:38.786820+00:00"}
{"asctime": "2025-08-22 23:15:38,786", "levelname": "INFO", "name": "AresGlobal.ProgressManager", "message": "🗑️  Cleared progress for step7_analyst_enhancement", "correlation_id": "-", "session_id": "-", "timestamp": "2025-08-22T21:15:38.786992+00:00"}
{"asctime": "2025-08-22 23:15:38,787", "levelname": "INFO", "name": "AresGlobal.AresLauncher", "message": "🧹 Cleared progress for 'step7_analyst_enhancement' (force)", "correlation_id": "-", "session_id": "-", "timestamp": "2025-08-22T21:15:38.787125+00:00"}
{"asctime": "2025-08-22 23:15:38,787", "levelname": "INFO", "name": "AresGlobal.ProgressManager", "message": "🗑️  Cleared progress for step8_tactician_labeling", "correlation_id": "-", "session_id": "-", "timestamp": "2025-08-22T21:15:38.787304+00:00"}
{"asctime": "2025-08-22 23:15:38,787", "levelname": "INFO", "name": "AresGlobal.AresLauncher", "message": "🧹 Cleared progress for 'step8_tactician_labeling' (force)", "correlation_id": "-", "session_id": "-", "timestamp": "2025-08-22T21:15:38.787427+00:00"}
{"asctime": "2025-08-22 23:15:38,787", "levelname": "INFO", "name": "AresGlobal.ProgressManager", "message": "🗑️  Cleared progress for step9_tactician_specialist_training", "correlation_id": "-", "session_id": "-", "timestamp": "2025-08-22T21:15:38.787581+00:00"}
{"asctime": "2025-08-22 23:15:38,787", "levelname": "INFO", "name": "AresGlobal.AresLauncher", "message": "🧹 Cleared progress for 'step9_tactician_specialist_training' (force)", "correlation_id": "-", "session_id": "-", "timestamp": "2025-08-22T21:15:38.787717+00:00"}
{"asctime": "2025-08-22 23:15:38,787", "levelname": "INFO", "name": "AresGlobal.ProgressManager", "message": "🗑️  Cleared progress for step10_confidence_calibration", "correlation_id": "-", "session_id": "-", "timestamp": "2025-08-22T21:15:38.787863+00:00"}
{"asctime": "2025-08-22 23:15:38,787", "levelname": "INFO", "name": "AresGlobal.AresLauncher", "message": "🧹 Cleared progress for 'step10_confidence_calibration' (force)", "correlation_id": "-", "session_id": "-", "timestamp": "2025-08-22T21:15:38.787985+00:00"}
{"asctime": "2025-08-22 23:15:38,788", "levelname": "INFO", "name": "AresGlobal.ProgressManager", "message": "🗑️  Cleared progress for step11_final_parameters_optimization", "correlation_id": "-", "session_id": "-", "timestamp": "2025-08-22T21:15:38.788130+00:00"}
{"asctime": "2025-08-22 23:15:38,788", "levelname": "INFO", "name": "AresGlobal.AresLauncher", "message": "🧹 Cleared progress for 'step11_final_parameters_optimization' (force)", "correlation_id": "-", "session_id": "-", "timestamp": "2025-08-22T21:15:38.788251+00:00"}
{"asctime": "2025-08-22 23:15:38,788", "levelname": "INFO", "name": "AresGlobal.ProgressManager", "message": "🗑️  Cleared progress for step12_walk_forward_validation", "correlation_id": "-", "session_id": "-", "timestamp": "2025-08-22T21:15:38.788404+00:00"}
{"asctime": "2025-08-22 23:15:38,788", "levelname": "INFO", "name": "AresGlobal.AresLauncher", "message": "🧹 Cleared progress for 'step12_walk_forward_validation' (force)", "correlation_id": "-", "session_id": "-", "timestamp": "2025-08-22T21:15:38.788796+00:00"}
{"asctime": "2025-08-22 23:15:38,789", "levelname": "INFO", "name": "AresGlobal.ProgressManager", "message": "🗑️  Cleared progress for step13_monte_carlo_validation", "correlation_id": "-", "session_id": "-", "timestamp": "2025-08-22T21:15:38.789475+00:00"}
{"asctime": "2025-08-22 23:15:38,790", "levelname": "INFO", "name": "AresGlobal.AresLauncher", "message": "🧹 Cleared progress for 'step13_monte_carlo_validation' (force)", "correlation_id": "-", "session_id": "-", "timestamp": "2025-08-22T21:15:38.790168+00:00"}
{"asctime": "2025-08-22 23:15:38,790", "levelname": "INFO", "name": "AresGlobal.ProgressManager", "message": "🗑️  Cleared progress for step14_ab_testing", "correlation_id": "-", "session_id": "-", "timestamp": "2025-08-22T21:15:38.790415+00:00"}
{"asctime": "2025-08-22 23:15:38,790", "levelname": "INFO", "name": "AresGlobal.AresLauncher", "message": "🧹 Cleared progress for 'step14_ab_testing' (force)", "correlation_id": "-", "session_id": "-", "timestamp": "2025-08-22T21:15:38.790570+00:00"}
{"asctime": "2025-08-22 23:15:38,790", "levelname": "INFO", "name": "AresGlobal.ProgressManager", "message": "🗑️  Cleared progress for step15_saving", "correlation_id": "-", "session_id": "-", "timestamp": "2025-08-22T21:15:38.790735+00:00"}
{"asctime": "2025-08-22 23:15:38,791", "levelname": "INFO", "name": "AresGlobal.AresLauncher", "message": "🧹 Cleared progress for 'step15_saving' (force)", "correlation_id": "-", "session_id": "-", "timestamp": "2025-08-22T21:15:38.791026+00:00"}
{"asctime": "2025-08-22 23:15:38,791", "levelname": "INFO", "name": "AresGlobal.AresLauncher", "message": "✅ Cleared progress for 15 steps: ['step2_feature_engineering', 'step3_hmm_regime_discovery', 'step4_processing_labeling', 'step5_regime_data_splitting', 'step6_hmm_based_training', 'step6_5_unified_regime_intelligence', 'step7_analyst_enhancement', 'step8_tactician_labeling', 'step9_tactician_specialist_training', 'step10_confidence_calibration', 'step11_final_parameters_optimization', 'step12_walk_forward_validation', 'step13_monte_carlo_validation', 'step14_ab_testing', 'step15_saving']", "correlation_id": "-", "session_id": "-", "timestamp": "2025-08-22T21:15:38.791190+00:00"}
{"asctime": "2025-08-22 23:15:38,792", "levelname": "INFO", "name": "AresGlobal.StepOrchestrator", "message": "🚀 Starting execution from step: step2_feature_engineering", "correlation_id": "-", "session_id": "-", "timestamp": "2025-08-22T21:15:38.792482+00:00"}
{"asctime": "2025-08-22 23:15:40,637", "levelname": "ERROR", "name": "AresGlobal.StepOrchestrator", "message": "Failed to setup enhanced training manager: ensure_data_integrity() got an unexpected keyword argument 'enable_checksums'", "correlation_id": "-", "session_id": "-", "exc_info": "Traceback (most recent call last):\n  File \"/Users/remyroche/Documents/Ares/src/training/step_orchestrator.py\", line 74, in _setup_enhanced_training_manager\n    from src.training.enhanced_training_manager import (\n  File \"/Users/remyroche/Documents/Ares/src/training/enhanced_training_manager.py\", line 120, in <module>\n    class EnhancedTrainingManager:\n  File \"/Users/remyroche/Documents/Ares/src/training/enhanced_training_manager.py\", line 3205, in EnhancedTrainingManager\n    @ensure_data_integrity(\n     ^^^^^^^^^^^^^^^^^^^^^^\nTypeError: ensure_data_integrity() got an unexpected keyword argument 'enable_checksums'", "timestamp": "2025-08-22T21:15:40.637325+00:00"}
{"asctime": "2025-08-22 23:15:40,641", "levelname": "INFO", "name": "AresGlobal.StepOrchestrator", "message": "\u001b[91m\u001b[1m🚫\u001b[0m \u001b[91m\u001b[1mFailed to setup enhanced training manager: ensure_data_integrity() got an unexpected keyword argument 'enable_checksums'\u001b[0m", "correlation_id": "-", "session_id": "-", "timestamp": "2025-08-22T21:15:40.641623+00:00"}
{"asctime": "2025-08-22 23:15:40,642", "levelname": "ERROR", "name": "AresGlobal.AresLauncher", "message": "❌ Step-based training pipeline failed", "correlation_id": "-", "session_id": "-", "timestamp": "2025-08-22T21:15:40.642155+00:00"}
{"asctime": "2025-08-22 23:15:40,642", "levelname": "INFO", "name": "AresGlobal", "message": "[SYSTEM] ================================================================================", "correlation_id": "-", "session_id": "-", "timestamp": "2025-08-22T21:15:40.642722+00:00"}
{"asctime": "2025-08-22 23:15:40,643", "levelname": "INFO", "name": "AresGlobal", "message": "[SYSTEM] 🛑 ARES LAUNCHER ENDED - Exit code: 1", "correlation_id": "-", "session_id": "-", "timestamp": "2025-08-22T21:15:40.643167+00:00"}
{"asctime": "2025-08-22 23:15:40,643", "levelname": "INFO", "name": "AresGlobal", "message": "[SYSTEM] End time: 2025-08-22 23:15:40", "correlation_id": "-", "session_id": "-", "timestamp": "2025-08-22T21:15:40.643601+00:00"}
{"asctime": "2025-08-22 23:15:40,644", "levelname": "INFO", "name": "AresGlobal", "message": "[SYSTEM] ================================================================================", "correlation_id": "-", "session_id": "-", "timestamp": "2025-08-22T21:15:40.644022+00:00"}
{"asctime": "2025-08-22 23:15:40,644", "levelname": "INFO", "name": "AresGlobal.AresLauncher", "message": "🧹 Cleaning up processes...", "correlation_id": "-", "session_id": "-", "timestamp": "2025-08-22T21:15:40.644153+00:00"}
{"asctime": "2025-08-22 23:15:40,644", "levelname": "INFO", "name": "AresGlobal.AresLauncher", "message": "✅ Cleanup completed", "correlation_id": "-", "session_id": "-", "timestamp": "2025-08-22T21:15:40.644393+00:00"}
