{"asctime": "2025-08-22 23:14:09,253", "levelname": "INFO", "name": "AresGlobal", "message": "================================================================================", "correlation_id": "-", "session_id": "-", "timestamp": "2025-08-22T21:14:09.253686+00:00"}
{"asctime": "2025-08-22 23:14:09,254", "levelname": "INFO", "name": "AresGlobal", "message": "📊 SESSION SUMMARY", "correlation_id": "-", "session_id": "-", "timestamp": "2025-08-22T21:14:09.254728+00:00"}
{"asctime": "2025-08-22 23:14:09,255", "levelname": "INFO", "name": "AresGlobal", "message": "Session started: 2025-08-22 23:14:09", "correlation_id": "-", "session_id": "-", "timestamp": "2025-08-22T21:14:09.255387+00:00"}
{"asctime": "2025-08-22 23:14:09,255", "levelname": "INFO", "name": "AresGlobal", "message": "This file contains ALL logs for this session", "correlation_id": "-", "session_id": "-", "timestamp": "2025-08-22T21:14:09.255766+00:00"}
{"asctime": "2025-08-22 23:14:09,256", "levelname": "INFO", "name": "AresGlobal", "message": "================================================================================", "correlation_id": "-", "session_id": "-", "timestamp": "2025-08-22T21:14:09.256278+00:00"}
{"asctime": "2025-08-22 23:14:09,257", "levelname": "INFO", "name": "AresSystem", "message": "================================================================================", "correlation_id": "-", "session_id": "-", "timestamp": "2025-08-22T21:14:09.257097+00:00"}
{"asctime": "2025-08-22 23:14:09,258", "levelname": "INFO", "name": "AresGlobal", "message": "[SYSTEM] ================================================================================", "correlation_id": "-", "session_id": "-", "timestamp": "2025-08-22T21:14:09.258131+00:00"}
{"asctime": "2025-08-22 23:14:09,259", "levelname": "INFO", "name": "AresSystem", "message": "🚀 ARES LAUNCHER STARTED - Mode: INITIALIZATION", "correlation_id": "-", "session_id": "-", "timestamp": "2025-08-22T21:14:09.259710+00:00"}
{"asctime": "2025-08-22 23:14:09,260", "levelname": "INFO", "name": "AresGlobal", "message": "[SYSTEM] 🚀 ARES LAUNCHER STARTED - Mode: INITIALIZATION", "correlation_id": "-", "session_id": "-", "timestamp": "2025-08-22T21:14:09.260165+00:00"}
{"asctime": "2025-08-22 23:14:09,260", "levelname": "INFO", "name": "AresSystem", "message": "Start time: 2025-08-22 23:14:09", "correlation_id": "-", "session_id": "-", "timestamp": "2025-08-22T21:14:09.260662+00:00"}
{"asctime": "2025-08-22 23:14:09,261", "levelname": "INFO", "name": "AresGlobal", "message": "[SYSTEM] Start time: 2025-08-22 23:14:09", "correlation_id": "-", "session_id": "-", "timestamp": "2025-08-22T21:14:09.261443+00:00"}
{"asctime": "2025-08-22 23:14:09,262", "levelname": "INFO", "name": "AresSystem", "message": "Log directory: log", "correlation_id": "-", "session_id": "-", "timestamp": "2025-08-22T21:14:09.262042+00:00"}
{"asctime": "2025-08-22 23:14:09,262", "levelname": "INFO", "name": "AresGlobal", "message": "[SYSTEM] Log directory: log", "correlation_id": "-", "session_id": "-", "timestamp": "2025-08-22T21:14:09.262562+00:00"}
{"asctime": "2025-08-22 23:14:09,263", "levelname": "INFO", "name": "AresSystem", "message": "================================================================================", "correlation_id": "-", "session_id": "-", "timestamp": "2025-08-22T21:14:09.263232+00:00"}
{"asctime": "2025-08-22 23:14:09,263", "levelname": "INFO", "name": "AresGlobal", "message": "[SYSTEM] ================================================================================", "correlation_id": "-", "session_id": "-", "timestamp": "2025-08-22T21:14:09.263745+00:00"}
{"asctime": "2025-08-22 23:14:09,264", "levelname": "INFO", "name": "AresGlobal.AresLauncher", "message": "================================================================================", "correlation_id": "-", "session_id": "-", "timestamp": "2025-08-22T21:14:09.264131+00:00"}
{"asctime": "2025-08-22 23:14:09,264", "levelname": "INFO", "name": "AresGlobal.AresLauncher", "message": "🚀 ARES COMPREHENSIVE LAUNCHER", "correlation_id": "-", "session_id": "-", "timestamp": "2025-08-22T21:14:09.264553+00:00"}
{"asctime": "2025-08-22 23:14:09,265", "levelname": "INFO", "name": "AresGlobal.AresLauncher", "message": "================================================================================", "correlation_id": "-", "session_id": "-", "timestamp": "2025-08-22T21:14:09.265342+00:00"}
{"asctime": "2025-08-22 23:14:09,266", "levelname": "INFO", "name": "AresGlobal.AresLauncher", "message": "Start time: 2025-08-22 23:14:09", "correlation_id": "-", "session_id": "-", "timestamp": "2025-08-22T21:14:09.266056+00:00"}
{"asctime": "2025-08-22 23:14:09,266", "levelname": "INFO", "name": "AresGlobal.AresLauncher", "message": "Log directory: log", "correlation_id": "-", "session_id": "-", "timestamp": "2025-08-22T21:14:09.266976+00:00"}
{"asctime": "2025-08-22 23:14:09,267", "levelname": "INFO", "name": "AresGlobal.AresLauncher", "message": "Log level: INFO", "correlation_id": "-", "session_id": "-", "timestamp": "2025-08-22T21:14:09.267535+00:00"}
{"asctime": "2025-08-22 23:14:09,268", "levelname": "INFO", "name": "AresGlobal.AresLauncher", "message": "Global log file: ares_global_20250822_231409.log", "correlation_id": "-", "session_id": "-", "timestamp": "2025-08-22T21:14:09.268075+00:00"}
{"asctime": "2025-08-22 23:14:09,268", "levelname": "INFO", "name": "AresGlobal.AresLauncher", "message": "Full run log: log/ares_full_20250822_231409.log", "correlation_id": "-", "session_id": "-", "timestamp": "2025-08-22T21:14:09.268750+00:00"}
{"asctime": "2025-08-22 23:14:09,269", "levelname": "INFO", "name": "AresGlobal.AresLauncher", "message": "Trades log: log/ares_trades_20250822_231409.log", "correlation_id": "-", "session_id": "-", "timestamp": "2025-08-22T21:14:09.269126+00:00"}
{"asctime": "2025-08-22 23:14:09,269", "levelname": "INFO", "name": "AresGlobal.AresLauncher", "message": "Backtest log: log/ares_backtest_20250822_231409.log", "correlation_id": "-", "session_id": "-", "timestamp": "2025-08-22T21:14:09.269448+00:00"}
{"asctime": "2025-08-22 23:14:09,269", "levelname": "INFO", "name": "AresGlobal.AresLauncher", "message": "================================================================================", "correlation_id": "-", "session_id": "-", "timestamp": "2025-08-22T21:14:09.269877+00:00"}
{"asctime": "2025-08-22 23:14:09,270", "levelname": "INFO", "name": "AresTradingSystem.System.SignalHandler", "message": "Shutdown callback registered", "correlation_id": "-", "session_id": "-", "timestamp": "2025-08-22T21:14:09.270344+00:00"}
{"asctime": "2025-08-22 23:14:09,271", "levelname": "INFO", "name": "AresSystem", "message": "================================================================================", "correlation_id": "-", "session_id": "-", "timestamp": "2025-08-22T21:14:09.271368+00:00"}
{"asctime": "2025-08-22 23:14:09,271", "levelname": "INFO", "name": "AresGlobal", "message": "[SYSTEM] ================================================================================", "correlation_id": "-", "session_id": "-", "timestamp": "2025-08-22T21:14:09.271798+00:00"}
{"asctime": "2025-08-22 23:14:09,272", "levelname": "INFO", "name": "AresSystem", "message": "🚀 ARES LAUNCHER STARTED - Mode: blank - Symbol: ETHUSDT - Exchange: BINANCE", "correlation_id": "-", "session_id": "-", "timestamp": "2025-08-22T21:14:09.272438+00:00"}
{"asctime": "2025-08-22 23:14:09,273", "levelname": "INFO", "name": "AresGlobal", "message": "[SYSTEM] 🚀 ARES LAUNCHER STARTED - Mode: blank - Symbol: ETHUSDT - Exchange: BINANCE", "correlation_id": "-", "session_id": "-", "timestamp": "2025-08-22T21:14:09.273650+00:00"}
{"asctime": "2025-08-22 23:14:09,274", "levelname": "INFO", "name": "AresSystem", "message": "Start time: 2025-08-22 23:14:09", "correlation_id": "-", "session_id": "-", "timestamp": "2025-08-22T21:14:09.274614+00:00"}
{"asctime": "2025-08-22 23:14:09,275", "levelname": "INFO", "name": "AresGlobal", "message": "[SYSTEM] Start time: 2025-08-22 23:14:09", "correlation_id": "-", "session_id": "-", "timestamp": "2025-08-22T21:14:09.275171+00:00"}
{"asctime": "2025-08-22 23:14:09,275", "levelname": "INFO", "name": "AresSystem", "message": "Log directory: log", "correlation_id": "-", "session_id": "-", "timestamp": "2025-08-22T21:14:09.275587+00:00"}
{"asctime": "2025-08-22 23:14:09,276", "levelname": "INFO", "name": "AresGlobal", "message": "[SYSTEM] Log directory: log", "correlation_id": "-", "session_id": "-", "timestamp": "2025-08-22T21:14:09.276572+00:00"}
{"asctime": "2025-08-22 23:14:09,277", "levelname": "INFO", "name": "AresSystem", "message": "================================================================================", "correlation_id": "-", "session_id": "-", "timestamp": "2025-08-22T21:14:09.277205+00:00"}
{"asctime": "2025-08-22 23:14:09,277", "levelname": "INFO", "name": "AresGlobal", "message": "[SYSTEM] ================================================================================", "correlation_id": "-", "session_id": "-", "timestamp": "2025-08-22T21:14:09.277827+00:00"}
{"asctime": "2025-08-22 23:14:09,278", "levelname": "INFO", "name": "AresGlobal.AresLauncher", "message": "🚀 Running enhanced 16-step training pipeline for ETHUSDT on BINANCE", "correlation_id": "-", "session_id": "-", "timestamp": "2025-08-22T21:14:09.278633+00:00"}
{"asctime": "2025-08-22 23:14:09,279", "levelname": "INFO", "name": "AresGlobal.AresLauncher", "message": "Starting from step: step2_feature_engineering", "correlation_id": "-", "session_id": "-", "timestamp": "2025-08-22T21:14:09.279225+00:00"}
{"asctime": "2025-08-22 23:14:09,286", "levelname": "INFO", "name": "AresGlobal.AresLauncher", "message": "🧪 BLANK TRAINING MODE: Set BLANK_TRAINING_MODE=1 for step-based training", "correlation_id": "-", "session_id": "-", "timestamp": "2025-08-22T21:14:09.286125+00:00"}
{"asctime": "2025-08-22 23:14:09,287", "levelname": "INFO", "name": "AresGlobal.ProgressManager", "message": "Initialized ProgressManager for ETHUSDT on BINANCE", "correlation_id": "-", "session_id": "-", "timestamp": "2025-08-22T21:14:09.287666+00:00"}
{"asctime": "2025-08-22 23:14:09,288", "levelname": "INFO", "name": "AresGlobal.ProgressManager", "message": "Progress directory: data/training/progress/BINANCE_ETHUSDT", "correlation_id": "-", "session_id": "-", "timestamp": "2025-08-22T21:14:09.288611+00:00"}
{"asctime": "2025-08-22 23:14:09,289", "levelname": "INFO", "name": "AresGlobal.StepOrchestrator", "message": "Initialized StepOrchestrator for ETHUSDT on BINANCE", "correlation_id": "-", "session_id": "-", "timestamp": "2025-08-22T21:14:09.289192+00:00"}
{"asctime": "2025-08-22 23:14:09,290", "levelname": "INFO", "name": "AresGlobal.ProgressManager", "message": "🗑️  Cleared progress for step2_feature_engineering", "correlation_id": "-", "session_id": "-", "timestamp": "2025-08-22T21:14:09.290453+00:00"}
{"asctime": "2025-08-22 23:14:09,291", "levelname": "INFO", "name": "AresGlobal.AresLauncher", "message": "🧹 Cleared progress for 'step2_feature_engineering' (force)", "correlation_id": "-", "session_id": "-", "timestamp": "2025-08-22T21:14:09.291753+00:00"}
{"asctime": "2025-08-22 23:14:09,293", "levelname": "INFO", "name": "AresGlobal.ProgressManager", "message": "🗑️  Cleared progress for step3_hmm_regime_discovery", "correlation_id": "-", "session_id": "-", "timestamp": "2025-08-22T21:14:09.293321+00:00"}
{"asctime": "2025-08-22 23:14:09,294", "levelname": "INFO", "name": "AresGlobal.AresLauncher", "message": "🧹 Cleared progress for 'step3_hmm_regime_discovery' (force)", "correlation_id": "-", "session_id": "-", "timestamp": "2025-08-22T21:14:09.294096+00:00"}
{"asctime": "2025-08-22 23:14:09,294", "levelname": "INFO", "name": "AresGlobal.ProgressManager", "message": "🗑️  Cleared progress for step4_processing_labeling", "correlation_id": "-", "session_id": "-", "timestamp": "2025-08-22T21:14:09.294943+00:00"}
{"asctime": "2025-08-22 23:14:09,295", "levelname": "INFO", "name": "AresGlobal.AresLauncher", "message": "🧹 Cleared progress for 'step4_processing_labeling' (force)", "correlation_id": "-", "session_id": "-", "timestamp": "2025-08-22T21:14:09.295528+00:00"}
{"asctime": "2025-08-22 23:14:09,296", "levelname": "INFO", "name": "AresGlobal.ProgressManager", "message": "🗑️  Cleared progress for step5_regime_data_splitting", "correlation_id": "-", "session_id": "-", "timestamp": "2025-08-22T21:14:09.296112+00:00"}
{"asctime": "2025-08-22 23:14:09,296", "levelname": "INFO", "name": "AresGlobal.AresLauncher", "message": "🧹 Cleared progress for 'step5_regime_data_splitting' (force)", "correlation_id": "-", "session_id": "-", "timestamp": "2025-08-22T21:14:09.296840+00:00"}
{"asctime": "2025-08-22 23:14:09,297", "levelname": "INFO", "name": "AresGlobal.ProgressManager", "message": "🗑️  Cleared progress for step6_hmm_based_training", "correlation_id": "-", "session_id": "-", "timestamp": "2025-08-22T21:14:09.297342+00:00"}
{"asctime": "2025-08-22 23:14:09,297", "levelname": "INFO", "name": "AresGlobal.AresLauncher", "message": "🧹 Cleared progress for 'step6_hmm_based_training' (force)", "correlation_id": "-", "session_id": "-", "timestamp": "2025-08-22T21:14:09.297862+00:00"}
{"asctime": "2025-08-22 23:14:09,298", "levelname": "INFO", "name": "AresGlobal.ProgressManager", "message": "🗑️  Cleared progress for step6_5_unified_regime_intelligence", "correlation_id": "-", "session_id": "-", "timestamp": "2025-08-22T21:14:09.298331+00:00"}
{"asctime": "2025-08-22 23:14:09,298", "levelname": "INFO", "name": "AresGlobal.AresLauncher", "message": "🧹 Cleared progress for 'step6_5_unified_regime_intelligence' (force)", "correlation_id": "-", "session_id": "-", "timestamp": "2025-08-22T21:14:09.298641+00:00"}
{"asctime": "2025-08-22 23:14:09,299", "levelname": "INFO", "name": "AresGlobal.ProgressManager", "message": "🗑️  Cleared progress for step7_analyst_enhancement", "correlation_id": "-", "session_id": "-", "timestamp": "2025-08-22T21:14:09.299557+00:00"}
{"asctime": "2025-08-22 23:14:09,300", "levelname": "INFO", "name": "AresGlobal.AresLauncher", "message": "🧹 Cleared progress for 'step7_analyst_enhancement' (force)", "correlation_id": "-", "session_id": "-", "timestamp": "2025-08-22T21:14:09.300859+00:00"}
{"asctime": "2025-08-22 23:14:09,301", "levelname": "INFO", "name": "AresGlobal.ProgressManager", "message": "🗑️  Cleared progress for step8_tactician_labeling", "correlation_id": "-", "session_id": "-", "timestamp": "2025-08-22T21:14:09.301621+00:00"}
{"asctime": "2025-08-22 23:14:09,302", "levelname": "INFO", "name": "AresGlobal.AresLauncher", "message": "🧹 Cleared progress for 'step8_tactician_labeling' (force)", "correlation_id": "-", "session_id": "-", "timestamp": "2025-08-22T21:14:09.302422+00:00"}
{"asctime": "2025-08-22 23:14:09,303", "levelname": "INFO", "name": "AresGlobal.ProgressManager", "message": "🗑️  Cleared progress for step9_tactician_specialist_training", "correlation_id": "-", "session_id": "-", "timestamp": "2025-08-22T21:14:09.303003+00:00"}
{"asctime": "2025-08-22 23:14:09,303", "levelname": "INFO", "name": "AresGlobal.AresLauncher", "message": "🧹 Cleared progress for 'step9_tactician_specialist_training' (force)", "correlation_id": "-", "session_id": "-", "timestamp": "2025-08-22T21:14:09.303691+00:00"}
{"asctime": "2025-08-22 23:14:09,304", "levelname": "INFO", "name": "AresGlobal.ProgressManager", "message": "🗑️  Cleared progress for step10_confidence_calibration", "correlation_id": "-", "session_id": "-", "timestamp": "2025-08-22T21:14:09.304141+00:00"}
{"asctime": "2025-08-22 23:14:09,304", "levelname": "INFO", "name": "AresGlobal.AresLauncher", "message": "🧹 Cleared progress for 'step10_confidence_calibration' (force)", "correlation_id": "-", "session_id": "-", "timestamp": "2025-08-22T21:14:09.304973+00:00"}
{"asctime": "2025-08-22 23:14:09,306", "levelname": "INFO", "name": "AresGlobal.ProgressManager", "message": "🗑️  Cleared progress for step11_final_parameters_optimization", "correlation_id": "-", "session_id": "-", "timestamp": "2025-08-22T21:14:09.306250+00:00"}
{"asctime": "2025-08-22 23:14:09,307", "levelname": "INFO", "name": "AresGlobal.AresLauncher", "message": "🧹 Cleared progress for 'step11_final_parameters_optimization' (force)", "correlation_id": "-", "session_id": "-", "timestamp": "2025-08-22T21:14:09.307149+00:00"}
{"asctime": "2025-08-22 23:14:09,308", "levelname": "INFO", "name": "AresGlobal.ProgressManager", "message": "🗑️  Cleared progress for step12_walk_forward_validation", "correlation_id": "-", "session_id": "-", "timestamp": "2025-08-22T21:14:09.308265+00:00"}
{"asctime": "2025-08-22 23:14:09,309", "levelname": "INFO", "name": "AresGlobal.AresLauncher", "message": "🧹 Cleared progress for 'step12_walk_forward_validation' (force)", "correlation_id": "-", "session_id": "-", "timestamp": "2025-08-22T21:14:09.309274+00:00"}
{"asctime": "2025-08-22 23:14:09,310", "levelname": "INFO", "name": "AresGlobal.ProgressManager", "message": "🗑️  Cleared progress for step13_monte_carlo_validation", "correlation_id": "-", "session_id": "-", "timestamp": "2025-08-22T21:14:09.310327+00:00"}
{"asctime": "2025-08-22 23:14:09,311", "levelname": "INFO", "name": "AresGlobal.AresLauncher", "message": "🧹 Cleared progress for 'step13_monte_carlo_validation' (force)", "correlation_id": "-", "session_id": "-", "timestamp": "2025-08-22T21:14:09.311031+00:00"}
{"asctime": "2025-08-22 23:14:09,311", "levelname": "INFO", "name": "AresGlobal.ProgressManager", "message": "🗑️  Cleared progress for step14_ab_testing", "correlation_id": "-", "session_id": "-", "timestamp": "2025-08-22T21:14:09.311528+00:00"}
{"asctime": "2025-08-22 23:14:09,311", "levelname": "INFO", "name": "AresGlobal.AresLauncher", "message": "🧹 Cleared progress for 'step14_ab_testing' (force)", "correlation_id": "-", "session_id": "-", "timestamp": "2025-08-22T21:14:09.311895+00:00"}
{"asctime": "2025-08-22 23:14:09,312", "levelname": "INFO", "name": "AresGlobal.ProgressManager", "message": "🗑️  Cleared progress for step15_saving", "correlation_id": "-", "session_id": "-", "timestamp": "2025-08-22T21:14:09.312628+00:00"}
{"asctime": "2025-08-22 23:14:09,314", "levelname": "INFO", "name": "AresGlobal.AresLauncher", "message": "🧹 Cleared progress for 'step15_saving' (force)", "correlation_id": "-", "session_id": "-", "timestamp": "2025-08-22T21:14:09.314068+00:00"}
{"asctime": "2025-08-22 23:14:09,314", "levelname": "INFO", "name": "AresGlobal.AresLauncher", "message": "✅ Cleared progress for 15 steps: ['step2_feature_engineering', 'step3_hmm_regime_discovery', 'step4_processing_labeling', 'step5_regime_data_splitting', 'step6_hmm_based_training', 'step6_5_unified_regime_intelligence', 'step7_analyst_enhancement', 'step8_tactician_labeling', 'step9_tactician_specialist_training', 'step10_confidence_calibration', 'step11_final_parameters_optimization', 'step12_walk_forward_validation', 'step13_monte_carlo_validation', 'step14_ab_testing', 'step15_saving']", "correlation_id": "-", "session_id": "-", "timestamp": "2025-08-22T21:14:09.314913+00:00"}
{"asctime": "2025-08-22 23:14:09,316", "levelname": "DEBUG", "name": "asyncio", "message": "Using selector: KqueueSelector", "correlation_id": "-", "session_id": "-", "timestamp": "2025-08-22T21:14:09.316086+00:00"}
{"asctime": "2025-08-22 23:14:09,316", "levelname": "INFO", "name": "AresGlobal.StepOrchestrator", "message": "🚀 Starting execution from step: step2_feature_engineering", "correlation_id": "-", "session_id": "-", "timestamp": "2025-08-22T21:14:09.316950+00:00"}
{"asctime": "2025-08-22 23:14:12,806", "levelname": "INFO", "name": "src.utils.prometheus_metrics", "message": "Prometheus metrics server started on port 9000", "correlation_id": "-", "session_id": "-", "timestamp": "2025-08-22T21:14:12.806304+00:00"}
{"asctime": "2025-08-22 23:14:12,806", "levelname": "ERROR", "name": "AresGlobal.StepOrchestrator", "message": "Failed to setup enhanced training manager: secure_step_execution() got an unexpected keyword argument 'validate_inputs'", "correlation_id": "-", "session_id": "-", "exc_info": "Traceback (most recent call last):\n  File \"/Users/remyroche/Documents/Ares/src/training/step_orchestrator.py\", line 74, in _setup_enhanced_training_manager\n    from src.training.enhanced_training_manager import (\n  File \"/Users/remyroche/Documents/Ares/src/training/enhanced_training_manager.py\", line 120, in <module>\n    class EnhancedTrainingManager:\n  File \"/Users/remyroche/Documents/Ares/src/training/enhanced_training_manager.py\", line 1481, in EnhancedTrainingManager\n    @secure_step_execution(\n     ^^^^^^^^^^^^^^^^^^^^^^\nTypeError: secure_step_execution() got an unexpected keyword argument 'validate_inputs'", "timestamp": "2025-08-22T21:14:12.806859+00:00"}
{"asctime": "2025-08-22 23:14:12,809", "levelname": "INFO", "name": "AresGlobal.StepOrchestrator", "message": "\u001b[91m\u001b[1m🚫\u001b[0m \u001b[91m\u001b[1mFailed to setup enhanced training manager: secure_step_execution() got an unexpected keyword argument 'validate_inputs'\u001b[0m", "correlation_id": "-", "session_id": "-", "timestamp": "2025-08-22T21:14:12.809127+00:00"}
{"asctime": "2025-08-22 23:14:12,809", "levelname": "ERROR", "name": "AresGlobal.AresLauncher", "message": "❌ Step-based training pipeline failed", "correlation_id": "-", "session_id": "-", "timestamp": "2025-08-22T21:14:12.809506+00:00"}
{"asctime": "2025-08-22 23:14:12,809", "levelname": "INFO", "name": "AresSystem", "message": "================================================================================", "correlation_id": "-", "session_id": "-", "timestamp": "2025-08-22T21:14:12.809725+00:00"}
{"asctime": "2025-08-22 23:14:12,809", "levelname": "INFO", "name": "AresGlobal", "message": "[SYSTEM] ================================================================================", "correlation_id": "-", "session_id": "-", "timestamp": "2025-08-22T21:14:12.809874+00:00"}
{"asctime": "2025-08-22 23:14:12,810", "levelname": "INFO", "name": "AresSystem", "message": "🛑 ARES LAUNCHER ENDED - Exit code: 1", "correlation_id": "-", "session_id": "-", "timestamp": "2025-08-22T21:14:12.810001+00:00"}
{"asctime": "2025-08-22 23:14:12,810", "levelname": "INFO", "name": "AresGlobal", "message": "[SYSTEM] 🛑 ARES LAUNCHER ENDED - Exit code: 1", "correlation_id": "-", "session_id": "-", "timestamp": "2025-08-22T21:14:12.810211+00:00"}
{"asctime": "2025-08-22 23:14:12,810", "levelname": "INFO", "name": "AresSystem", "message": "End time: 2025-08-22 23:14:12", "correlation_id": "-", "session_id": "-", "timestamp": "2025-08-22T21:14:12.810352+00:00"}
{"asctime": "2025-08-22 23:14:12,810", "levelname": "INFO", "name": "AresGlobal", "message": "[SYSTEM] End time: 2025-08-22 23:14:12", "correlation_id": "-", "session_id": "-", "timestamp": "2025-08-22T21:14:12.810480+00:00"}
{"asctime": "2025-08-22 23:14:12,810", "levelname": "INFO", "name": "AresSystem", "message": "================================================================================", "correlation_id": "-", "session_id": "-", "timestamp": "2025-08-22T21:14:12.810599+00:00"}
{"asctime": "2025-08-22 23:14:12,810", "levelname": "INFO", "name": "AresGlobal", "message": "[SYSTEM] ================================================================================", "correlation_id": "-", "session_id": "-", "timestamp": "2025-08-22T21:14:12.810720+00:00"}
{"asctime": "2025-08-22 23:14:12,810", "levelname": "INFO", "name": "AresGlobal.AresLauncher", "message": "🧹 Cleaning up processes...", "correlation_id": "-", "session_id": "-", "timestamp": "2025-08-22T21:14:12.810854+00:00"}
{"asctime": "2025-08-22 23:14:12,810", "levelname": "INFO", "name": "AresGlobal.AresLauncher", "message": "✅ Cleanup completed", "correlation_id": "-", "session_id": "-", "timestamp": "2025-08-22T21:14:12.810987+00:00"}
