{"asctime": "2025-08-20 23:43:09,448", "name": "AresGlobal", "levelname": "INFO", "message": "================================================================================", "correlation_id": "-", "session_id": "-"}
{"asctime": "2025-08-20 23:43:09,448", "name": "AresGlobal", "levelname": "INFO", "message": "\ud83d\udcca SESSION SUMMARY", "correlation_id": "-", "session_id": "-"}
{"asctime": "2025-08-20 23:43:09,448", "name": "AresGlobal", "levelname": "INFO", "message": "Session started: 2025-08-20 23:43:09", "correlation_id": "-", "session_id": "-"}
{"asctime": "2025-08-20 23:43:09,449", "name": "AresGlobal", "levelname": "INFO", "message": "This file contains ALL logs for this session", "correlation_id": "-", "session_id": "-"}
{"asctime": "2025-08-20 23:43:09,449", "name": "AresGlobal", "levelname": "INFO", "message": "================================================================================", "correlation_id": "-", "session_id": "-"}
{"asctime": "2025-08-20 23:43:09,449", "name": "AresGlobal", "levelname": "INFO", "message": "[SYSTEM] ================================================================================", "correlation_id": "-", "session_id": "-"}
{"asctime": "2025-08-20 23:43:09,450", "name": "AresGlobal", "levelname": "INFO", "message": "[SYSTEM] \ud83d\ude80 ARES LAUNCHER STARTED - Mode: INITIALIZATION", "correlation_id": "-", "session_id": "-"}
{"asctime": "2025-08-20 23:43:09,450", "name": "AresGlobal", "levelname": "INFO", "message": "[SYSTEM] Start time: 2025-08-20 23:43:09", "correlation_id": "-", "session_id": "-"}
{"asctime": "2025-08-20 23:43:09,450", "name": "AresGlobal", "levelname": "INFO", "message": "[SYSTEM] Log directory: log", "correlation_id": "-", "session_id": "-"}
{"asctime": "2025-08-20 23:43:09,450", "name": "AresGlobal", "levelname": "INFO", "message": "[SYSTEM] ================================================================================", "correlation_id": "-", "session_id": "-"}
{"asctime": "2025-08-20 23:43:09,451", "name": "AresGlobal.AresLauncher", "levelname": "INFO", "message": "================================================================================", "correlation_id": "-", "session_id": "-"}
{"asctime": "2025-08-20 23:43:09,451", "name": "AresGlobal.AresLauncher", "levelname": "INFO", "message": "\ud83d\ude80 ARES COMPREHENSIVE LAUNCHER", "correlation_id": "-", "session_id": "-"}
{"asctime": "2025-08-20 23:43:09,451", "name": "AresGlobal.AresLauncher", "levelname": "INFO", "message": "================================================================================", "correlation_id": "-", "session_id": "-"}
{"asctime": "2025-08-20 23:43:09,452", "name": "AresGlobal.AresLauncher", "levelname": "INFO", "message": "Start time: 2025-08-20 23:43:09", "correlation_id": "-", "session_id": "-"}
{"asctime": "2025-08-20 23:43:09,452", "name": "AresGlobal.AresLauncher", "levelname": "INFO", "message": "Log directory: log", "correlation_id": "-", "session_id": "-"}
{"asctime": "2025-08-20 23:43:09,452", "name": "AresGlobal.AresLauncher", "levelname": "INFO", "message": "Log level: INFO", "correlation_id": "-", "session_id": "-"}
{"asctime": "2025-08-20 23:43:09,452", "name": "AresGlobal.AresLauncher", "levelname": "INFO", "message": "Global log file: ares_global_20250820_234309.log", "correlation_id": "-", "session_id": "-"}
{"asctime": "2025-08-20 23:43:09,453", "name": "AresGlobal.AresLauncher", "levelname": "INFO", "message": "Full run log: log/ares_full_20250820_234309.log", "correlation_id": "-", "session_id": "-"}
{"asctime": "2025-08-20 23:43:09,453", "name": "AresGlobal.AresLauncher", "levelname": "INFO", "message": "Trades log: log/ares_trades_20250820_234309.log", "correlation_id": "-", "session_id": "-"}
{"asctime": "2025-08-20 23:43:09,453", "name": "AresGlobal.AresLauncher", "levelname": "INFO", "message": "Backtest log: log/ares_backtest_20250820_234309.log", "correlation_id": "-", "session_id": "-"}
{"asctime": "2025-08-20 23:43:09,453", "name": "AresGlobal.AresLauncher", "levelname": "INFO", "message": "================================================================================", "correlation_id": "-", "session_id": "-"}
{"asctime": "2025-08-20 23:43:09,454", "name": "AresGlobal", "levelname": "INFO", "message": "[SYSTEM] ================================================================================", "correlation_id": "-", "session_id": "-"}
{"asctime": "2025-08-20 23:43:09,454", "name": "AresGlobal", "levelname": "INFO", "message": "[SYSTEM] \ud83d\ude80 ARES LAUNCHER STARTED - Mode: blank - Symbol: ETHUSDT - Exchange: BINANCE", "correlation_id": "-", "session_id": "-"}
{"asctime": "2025-08-20 23:43:09,454", "name": "AresGlobal", "levelname": "INFO", "message": "[SYSTEM] Start time: 2025-08-20 23:43:09", "correlation_id": "-", "session_id": "-"}
{"asctime": "2025-08-20 23:43:09,455", "name": "AresGlobal", "levelname": "INFO", "message": "[SYSTEM] Log directory: log", "correlation_id": "-", "session_id": "-"}
{"asctime": "2025-08-20 23:43:09,455", "name": "AresGlobal", "levelname": "INFO", "message": "[SYSTEM] ================================================================================", "correlation_id": "-", "session_id": "-"}
{"asctime": "2025-08-20 23:43:09,455", "name": "AresGlobal.AresLauncher", "levelname": "INFO", "message": "\ud83d\ude80 Running enhanced 16-step training pipeline for ETHUSDT on BINANCE", "correlation_id": "-", "session_id": "-"}
{"asctime": "2025-08-20 23:43:09,455", "name": "AresGlobal.AresLauncher", "levelname": "INFO", "message": "Starting from step: step2_feature_engineering", "correlation_id": "-", "session_id": "-"}
{"asctime": "2025-08-20 23:43:09,456", "name": "AresGlobal.AresLauncher", "levelname": "INFO", "message": "\ud83e\uddea BLANK TRAINING MODE: Set BLANK_TRAINING_MODE=1 for step-based training", "correlation_id": "-", "session_id": "-"}
{"asctime": "2025-08-20 23:43:09,457", "name": "AresGlobal.AresLauncher", "levelname": "INFO", "message": "\ud83e\uddf9 Cleared progress for 'step2_feature_engineering' (force)", "correlation_id": "-", "session_id": "-"}
{"asctime": "2025-08-20 23:43:09,457", "name": "AresGlobal.AresLauncher", "levelname": "INFO", "message": "\ud83e\uddf9 Cleared progress for 'step3_hmm_regime_discovery' (force)", "correlation_id": "-", "session_id": "-"}
{"asctime": "2025-08-20 23:43:09,458", "name": "AresGlobal.AresLauncher", "levelname": "INFO", "message": "\ud83e\uddf9 Cleared progress for 'step4_processing_labeling' (force)", "correlation_id": "-", "session_id": "-"}
{"asctime": "2025-08-20 23:43:09,458", "name": "AresGlobal.AresLauncher", "levelname": "INFO", "message": "\ud83e\uddf9 Cleared progress for 'step5_regime_data_splitting' (force)", "correlation_id": "-", "session_id": "-"}
{"asctime": "2025-08-20 23:43:09,458", "name": "AresGlobal.AresLauncher", "levelname": "INFO", "message": "\ud83e\uddf9 Cleared progress for 'step6_hmm_based_training' (force)", "correlation_id": "-", "session_id": "-"}
{"asctime": "2025-08-20 23:43:09,459", "name": "AresGlobal.AresLauncher", "levelname": "INFO", "message": "\ud83e\uddf9 Cleared progress for 'step6_5_unified_regime_intelligence' (force)", "correlation_id": "-", "session_id": "-"}
{"asctime": "2025-08-20 23:43:09,459", "name": "AresGlobal.AresLauncher", "levelname": "INFO", "message": "\ud83e\uddf9 Cleared progress for 'step7_analyst_enhancement' (force)", "correlation_id": "-", "session_id": "-"}
{"asctime": "2025-08-20 23:43:09,461", "name": "AresGlobal.AresLauncher", "levelname": "INFO", "message": "\ud83e\uddf9 Cleared progress for 'step8_tactician_labeling' (force)", "correlation_id": "-", "session_id": "-"}
{"asctime": "2025-08-20 23:43:09,461", "name": "AresGlobal.AresLauncher", "levelname": "INFO", "message": "\ud83e\uddf9 Cleared progress for 'step9_tactician_specialist_training' (force)", "correlation_id": "-", "session_id": "-"}
{"asctime": "2025-08-20 23:43:09,462", "name": "AresGlobal.AresLauncher", "levelname": "INFO", "message": "\ud83e\uddf9 Cleared progress for 'step10_confidence_calibration' (force)", "correlation_id": "-", "session_id": "-"}
{"asctime": "2025-08-20 23:43:09,462", "name": "AresGlobal.AresLauncher", "levelname": "INFO", "message": "\ud83e\uddf9 Cleared progress for 'step11_final_parameters_optimization' (force)", "correlation_id": "-", "session_id": "-"}
{"asctime": "2025-08-20 23:43:09,462", "name": "AresGlobal.AresLauncher", "levelname": "INFO", "message": "\ud83e\uddf9 Cleared progress for 'step12_walk_forward_validation' (force)", "correlation_id": "-", "session_id": "-"}
{"asctime": "2025-08-20 23:43:09,462", "name": "AresGlobal.AresLauncher", "levelname": "INFO", "message": "\ud83e\uddf9 Cleared progress for 'step13_monte_carlo_validation' (force)", "correlation_id": "-", "session_id": "-"}
{"asctime": "2025-08-20 23:43:09,462", "name": "AresGlobal.AresLauncher", "levelname": "INFO", "message": "\ud83e\uddf9 Cleared progress for 'step14_ab_testing' (force)", "correlation_id": "-", "session_id": "-"}
{"asctime": "2025-08-20 23:43:09,463", "name": "AresGlobal.AresLauncher", "levelname": "INFO", "message": "\ud83e\uddf9 Cleared progress for 'step15_saving' (force)", "correlation_id": "-", "session_id": "-"}
{"asctime": "2025-08-20 23:43:09,463", "name": "AresGlobal.AresLauncher", "levelname": "INFO", "message": "\u2705 Cleared progress for 15 steps: ['step2_feature_engineering', 'step3_hmm_regime_discovery', 'step4_processing_labeling', 'step5_regime_data_splitting', 'step6_hmm_based_training', 'step6_5_unified_regime_intelligence', 'step7_analyst_enhancement', 'step8_tactician_labeling', 'step9_tactician_specialist_training', 'step10_confidence_calibration', 'step11_final_parameters_optimization', 'step12_walk_forward_validation', 'step13_monte_carlo_validation', 'step14_ab_testing', 'step15_saving']", "correlation_id": "-", "session_id": "-"}
{"asctime": "2025-08-20 23:43:10,851", "name": "AresGlobal.AresLauncher", "levelname": "ERROR", "message": "\u274c Step-based training pipeline failed", "correlation_id": "-", "session_id": "-"}
{"asctime": "2025-08-20 23:43:10,851", "name": "AresGlobal", "levelname": "INFO", "message": "[SYSTEM] ================================================================================", "correlation_id": "-", "session_id": "-"}
{"asctime": "2025-08-20 23:43:10,851", "name": "AresGlobal", "levelname": "INFO", "message": "[SYSTEM] \ud83d\uded1 ARES LAUNCHER ENDED - Exit code: 1", "correlation_id": "-", "session_id": "-"}
{"asctime": "2025-08-20 23:43:10,852", "name": "AresGlobal", "levelname": "INFO", "message": "[SYSTEM] End time: 2025-08-20 23:43:10", "correlation_id": "-", "session_id": "-"}
{"asctime": "2025-08-20 23:43:10,852", "name": "AresGlobal", "levelname": "INFO", "message": "[SYSTEM] ================================================================================", "correlation_id": "-", "session_id": "-"}
{"asctime": "2025-08-20 23:43:10,852", "name": "AresGlobal.AresLauncher", "levelname": "INFO", "message": "\ud83e\uddf9 Cleaning up processes...", "correlation_id": "-", "session_id": "-"}
{"asctime": "2025-08-20 23:43:10,852", "name": "AresGlobal.AresLauncher", "levelname": "INFO", "message": "\u2705 Cleanup completed", "correlation_id": "-", "session_id": "-"}
