{"asctime": "2025-08-20 18:00:08,120", "levelname": "INFO", "name": "AresTradingSystem", "message": "✅ Enhanced Logger initialization completed successfully", "correlation_id": "-", "session_id": "-", "timestamp": "2025-08-20T16:00:08.120008+00:00"}
{"asctime": "2025-08-20 18:00:08,246", "levelname": "INFO", "name": "AresTradingSystem.System.VectorizedAdvancedFeatureEngineering", "message": "✅ Subsampling disabled for blank/short-blank horizon (<=180d)", "correlation_id": "-", "session_id": "-", "timestamp": "2025-08-20T16:00:08.246593+00:00"}
{"asctime": "2025-08-20 18:00:08,246", "levelname": "INFO", "name": "AresTradingSystem.System.VectorizedAdvancedFeatureEngineering", "message": "✅ Configured joblib memory cache: data/joblib_cache", "correlation_id": "-", "session_id": "-", "timestamp": "2025-08-20T16:00:08.246762+00:00"}
{"asctime": "2025-08-20 18:00:08,292", "levelname": "INFO", "name": "AresTradingSystem.System.EnhancedTrainingManager", "message": "✅ Enhanced matrix operations and GPU acceleration initialized", "correlation_id": "-", "session_id": "-", "timestamp": "2025-08-20T16:00:08.292339+00:00"}
{"asctime": "2025-08-20 18:00:08,292", "levelname": "INFO", "name": "AresTradingSystem.System.EnhancedTrainingManager", "message": "🚀 Initializing Enhanced Training Manager...", "correlation_id": "-", "session_id": "-", "timestamp": "2025-08-20T16:00:08.292603+00:00"}
{"asctime": "2025-08-20 18:00:08,292", "levelname": "INFO", "name": "AresTradingSystem.System.EnhancedTrainingManager", "message": "📊 Blank training mode: True", "correlation_id": "-", "session_id": "-", "timestamp": "2025-08-20T16:00:08.292694+00:00"}
{"asctime": "2025-08-20 18:00:08,292", "levelname": "INFO", "name": "AresTradingSystem.System.EnhancedTrainingManager", "message": "🔧 Max trials: 200", "correlation_id": "-", "session_id": "-", "timestamp": "2025-08-20T16:00:08.292768+00:00"}
{"asctime": "2025-08-20 18:00:08,292", "levelname": "INFO", "name": "AresTradingSystem.System.EnhancedTrainingManager", "message": "🔧 N trials: 100", "correlation_id": "-", "session_id": "-", "timestamp": "2025-08-20T16:00:08.292844+00:00"}
{"asctime": "2025-08-20 18:00:08,292", "levelname": "INFO", "name": "AresTradingSystem.System.EnhancedTrainingManager", "message": "📈 Lookback days: 180", "correlation_id": "-", "session_id": "-", "timestamp": "2025-08-20T16:00:08.292909+00:00"}
{"asctime": "2025-08-20 18:00:08,292", "levelname": "INFO", "name": "AresTradingSystem.System.EnhancedTrainingManager", "message": "🚀 Computational optimization: True", "correlation_id": "-", "session_id": "-", "timestamp": "2025-08-20T16:00:08.292973+00:00"}
{"asctime": "2025-08-20 18:00:08,293", "levelname": "INFO", "name": "AresTradingSystem.System.EnhancedTrainingManager", "message": "📊 Resource Analysis:", "correlation_id": "-", "session_id": "-", "timestamp": "2025-08-20T16:00:08.293090+00:00"}
{"asctime": "2025-08-20 18:00:08,293", "levelname": "INFO", "name": "AresTradingSystem.System.EnhancedTrainingManager", "message": "   💾 System Memory: 16.0 GB", "correlation_id": "-", "session_id": "-", "timestamp": "2025-08-20T16:00:08.293158+00:00"}
{"asctime": "2025-08-20 18:00:08,293", "levelname": "INFO", "name": "AresTradingSystem.System.EnhancedTrainingManager", "message": "   🖥️ CPU Cores: 8", "correlation_id": "-", "session_id": "-", "timestamp": "2025-08-20T16:00:08.293218+00:00"}
{"asctime": "2025-08-20 18:00:08,293", "levelname": "INFO", "name": "AresTradingSystem.System.EnhancedTrainingManager", "message": "   📈 Estimated Memory Usage: 4.0 GB", "correlation_id": "-", "session_id": "-", "timestamp": "2025-08-20T16:00:08.293289+00:00"}
{"asctime": "2025-08-20 18:00:08,293", "levelname": "INFO", "name": "AresTradingSystem.System.EnhancedTrainingManager", "message": "   ⏱️ Estimated Time: 90 minutes (1.5 hours)", "correlation_id": "-", "session_id": "-", "timestamp": "2025-08-20T16:00:08.293357+00:00"}
{"asctime": "2025-08-20 18:00:08,293", "levelname": "INFO", "name": "AresTradingSystem.System.EnhancedTrainingManager", "message": "   🤖 Models to Train: 4", "correlation_id": "-", "session_id": "-", "timestamp": "2025-08-20T16:00:08.293441+00:00"}
{"asctime": "2025-08-20 18:00:08,293", "levelname": "INFO", "name": "AresTradingSystem.System.EnhancedTrainingManager", "message": "   🔧 Optimization Trials: 50", "correlation_id": "-", "session_id": "-", "timestamp": "2025-08-20T16:00:08.293521+00:00"}
{"asctime": "2025-08-20 18:00:08,293", "levelname": "INFO", "name": "AresTradingSystem.System.EnhancedTrainingManager", "message": "📋 Step-by-Step Time Estimates:", "correlation_id": "-", "session_id": "-", "timestamp": "2025-08-20T16:00:08.293584+00:00"}
{"asctime": "2025-08-20 18:00:08,293", "levelname": "INFO", "name": "AresTradingSystem.System.EnhancedTrainingManager", "message": "   step1_data_collection: 5 min (4.0%)", "correlation_id": "-", "session_id": "-", "timestamp": "2025-08-20T16:00:08.293650+00:00"}
{"asctime": "2025-08-20 18:00:08,293", "levelname": "INFO", "name": "AresTradingSystem.System.EnhancedTrainingManager", "message": "   step1_5_data_converter: 10 min (8.0%)", "correlation_id": "-", "session_id": "-", "timestamp": "2025-08-20T16:00:08.293714+00:00"}
{"asctime": "2025-08-20 18:00:08,293", "levelname": "INFO", "name": "AresTradingSystem.System.EnhancedTrainingManager", "message": "   step2_feature_engineering: 15 min (12.0%)", "correlation_id": "-", "session_id": "-", "timestamp": "2025-08-20T16:00:08.293776+00:00"}
{"asctime": "2025-08-20 18:00:08,293", "levelname": "INFO", "name": "AresTradingSystem.System.EnhancedTrainingManager", "message": "   step3_hmm_regime_discovery: 3 min (2.4%)", "correlation_id": "-", "session_id": "-", "timestamp": "2025-08-20T16:00:08.293836+00:00"}
{"asctime": "2025-08-20 18:00:08,293", "levelname": "INFO", "name": "AresTradingSystem.System.EnhancedTrainingManager", "message": "   step4_processing_labeling: 8 min (6.4%)", "correlation_id": "-", "session_id": "-", "timestamp": "2025-08-20T16:00:08.293894+00:00"}
{"asctime": "2025-08-20 18:00:08,293", "levelname": "INFO", "name": "AresTradingSystem.System.EnhancedTrainingManager", "message": "   step5_regime_data_splitting: 2 min (1.6%)", "correlation_id": "-", "session_id": "-", "timestamp": "2025-08-20T16:00:08.293951+00:00"}
{"asctime": "2025-08-20 18:00:08,294", "levelname": "INFO", "name": "AresTradingSystem.System.EnhancedTrainingManager", "message": "   step6_hmm_based_training: 10 min (8.0%)", "correlation_id": "-", "session_id": "-", "timestamp": "2025-08-20T16:00:08.294008+00:00"}
{"asctime": "2025-08-20 18:00:08,294", "levelname": "INFO", "name": "AresTradingSystem.System.EnhancedTrainingManager", "message": "   step6_5_unified_regime_intelligence: 8 min (6.4%)", "correlation_id": "-", "session_id": "-", "timestamp": "2025-08-20T16:00:08.294064+00:00"}
{"asctime": "2025-08-20 18:00:08,294", "levelname": "INFO", "name": "AresTradingSystem.System.EnhancedTrainingManager", "message": "   step7_analyst_enhancement: 8 min (6.4%)", "correlation_id": "-", "session_id": "-", "timestamp": "2025-08-20T16:00:08.294124+00:00"}
{"asctime": "2025-08-20 18:00:08,294", "levelname": "INFO", "name": "AresTradingSystem.System.EnhancedTrainingManager", "message": "   step8_tactician_labeling: 5 min (4.0%)", "correlation_id": "-", "session_id": "-", "timestamp": "2025-08-20T16:00:08.294178+00:00"}
{"asctime": "2025-08-20 18:00:08,294", "levelname": "INFO", "name": "AresTradingSystem.System.EnhancedTrainingManager", "message": "   step9_tactician_specialist_training: 10 min (8.0%)", "correlation_id": "-", "session_id": "-", "timestamp": "2025-08-20T16:00:08.294234+00:00"}
{"asctime": "2025-08-20 18:00:08,294", "levelname": "INFO", "name": "AresTradingSystem.System.EnhancedTrainingManager", "message": "   step10_confidence_calibration: 3 min (2.4%)", "correlation_id": "-", "session_id": "-", "timestamp": "2025-08-20T16:00:08.294290+00:00"}
{"asctime": "2025-08-20 18:00:08,294", "levelname": "INFO", "name": "AresTradingSystem.System.EnhancedTrainingManager", "message": "   step11_final_parameters_optimization: 15 min (12.0%)", "correlation_id": "-", "session_id": "-", "timestamp": "2025-08-20T16:00:08.294347+00:00"}
{"asctime": "2025-08-20 18:00:08,294", "levelname": "INFO", "name": "AresTradingSystem.System.EnhancedTrainingManager", "message": "   step12_walk_forward_validation: 8 min (6.4%)", "correlation_id": "-", "session_id": "-", "timestamp": "2025-08-20T16:00:08.294415+00:00"}
{"asctime": "2025-08-20 18:00:08,294", "levelname": "INFO", "name": "AresTradingSystem.System.EnhancedTrainingManager", "message": "   step13_monte_carlo_validation: 8 min (6.4%)", "correlation_id": "-", "session_id": "-", "timestamp": "2025-08-20T16:00:08.294471+00:00"}
{"asctime": "2025-08-20 18:00:08,294", "levelname": "INFO", "name": "AresTradingSystem.System.EnhancedTrainingManager", "message": "   step14_ab_testing: 5 min (4.0%)", "correlation_id": "-", "session_id": "-", "timestamp": "2025-08-20T16:00:08.294535+00:00"}
{"asctime": "2025-08-20 18:00:08,294", "levelname": "INFO", "name": "AresTradingSystem.System.EnhancedTrainingManager", "message": "   step15_saving: 2 min (1.6%)", "correlation_id": "-", "session_id": "-", "timestamp": "2025-08-20T16:00:08.294592+00:00"}
{"asctime": "2025-08-20 18:00:08,294", "levelname": "INFO", "name": "AresTradingSystem.System.EnhancedTrainingManager", "message": "💡 Recommendations:", "correlation_id": "-", "session_id": "-", "timestamp": "2025-08-20T16:00:08.294646+00:00"}
{"asctime": "2025-08-20 18:00:08,294", "levelname": "INFO", "name": "AresTradingSystem.System.EnhancedTrainingManager", "message": "   ✅ Blank training mode is suitable for your system", "correlation_id": "-", "session_id": "-", "timestamp": "2025-08-20T16:00:08.294709+00:00"}
{"asctime": "2025-08-20 18:00:08,294", "levelname": "INFO", "name": "AresTradingSystem.System.EnhancedTrainingManager", "message": "🚀 Initializing computational optimization components...", "correlation_id": "-", "session_id": "-", "timestamp": "2025-08-20T16:00:08.294780+00:00"}
{"asctime": "2025-08-20 18:00:08,295", "levelname": "INFO", "name": "AresTradingSystem.System.EnhancedTrainingManager", "message": "✅ Computational optimization components initialized successfully", "correlation_id": "-", "session_id": "-", "timestamp": "2025-08-20T16:00:08.295312+00:00"}
{"asctime": "2025-08-20 18:00:08,295", "levelname": "INFO", "name": "AresTradingSystem.System.VectorizedTrainingPipeline", "message": "🚀 Initializing Vectorized Training Pipeline...", "correlation_id": "-", "session_id": "-", "timestamp": "2025-08-20T16:00:08.295386+00:00"}
{"asctime": "2025-08-20 18:00:08,295", "levelname": "INFO", "name": "AresTradingSystem.System.VectorizedTrainingPipeline", "message": "📊 Initializing matrix enhancement components...", "correlation_id": "-", "session_id": "-", "timestamp": "2025-08-20T16:00:08.295448+00:00"}
{"asctime": "2025-08-20 18:00:08,295", "levelname": "INFO", "name": "AresTradingSystem.System.VectorizedAdvancedFeatureEngineering", "message": "🚀 Initializing vectorized advanced feature engineering...", "correlation_id": "-", "session_id": "-", "timestamp": "2025-08-20T16:00:08.295510+00:00"}
{"asctime": "2025-08-20 18:00:08,295", "levelname": "INFO", "name": "AresTradingSystem.System.WaveletFeatureCache", "message": "✅ Cache directory initialized: data/wavelet_cache", "correlation_id": "-", "session_id": "-", "timestamp": "2025-08-20T16:00:08.295677+00:00"}
{"asctime": "2025-08-20 18:00:08,295", "levelname": "INFO", "name": "AresTradingSystem.System.VectorizedVolatilityRegimeModel", "message": "🚀 Initializing VectorizedVolatilityRegimeModel...", "correlation_id": "-", "session_id": "-", "timestamp": "2025-08-20T16:00:08.295748+00:00"}
{"asctime": "2025-08-20 18:00:08,295", "levelname": "INFO", "name": "AresTradingSystem.System.VectorizedVolatilityRegimeModel", "message": "✅ VectorizedVolatilityRegimeModel initialized successfully", "correlation_id": "-", "session_id": "-", "timestamp": "2025-08-20T16:00:08.295806+00:00"}
{"asctime": "2025-08-20 18:00:08,295", "levelname": "INFO", "name": "AresTradingSystem.System.VectorizedCorrelationAnalyzer", "message": "🚀 Initializing VectorizedCorrelationAnalyzer...", "correlation_id": "-", "session_id": "-", "timestamp": "2025-08-20T16:00:08.295877+00:00"}
{"asctime": "2025-08-20 18:00:08,295", "levelname": "INFO", "name": "AresTradingSystem.System.VectorizedCorrelationAnalyzer", "message": "✅ VectorizedCorrelationAnalyzer initialized successfully", "correlation_id": "-", "session_id": "-", "timestamp": "2025-08-20T16:00:08.295940+00:00"}
{"asctime": "2025-08-20 18:00:08,296", "levelname": "INFO", "name": "AresTradingSystem.System.VectorizedMomentumAnalyzer", "message": "🚀 Initializing VectorizedMomentumAnalyzer...", "correlation_id": "-", "session_id": "-", "timestamp": "2025-08-20T16:00:08.296002+00:00"}
{"asctime": "2025-08-20 18:00:08,296", "levelname": "INFO", "name": "AresTradingSystem.System.VectorizedMomentumAnalyzer", "message": "✅ VectorizedMomentumAnalyzer initialized successfully", "correlation_id": "-", "session_id": "-", "timestamp": "2025-08-20T16:00:08.296117+00:00"}
{"asctime": "2025-08-20 18:00:08,296", "levelname": "INFO", "name": "AresTradingSystem.System.VectorizedAdvancedFeatureEngineering", "message": "🔍 Creating VectorizedLiquidityAnalyzer...", "correlation_id": "-", "session_id": "-", "timestamp": "2025-08-20T16:00:08.296209+00:00"}
{"asctime": "2025-08-20 18:00:08,296", "levelname": "INFO", "name": "AresTradingSystem.System.VectorizedAdvancedFeatureEngineering", "message": "🔍 VectorizedLiquidityAnalyzer created, initializing...", "correlation_id": "-", "session_id": "-", "timestamp": "2025-08-20T16:00:08.296291+00:00"}
{"asctime": "2025-08-20 18:00:08,296", "levelname": "INFO", "name": "AresTradingSystem.System.VectorizedLiquidityAnalyzer", "message": "🚀 Initializing VectorizedLiquidityAnalyzer...", "correlation_id": "-", "session_id": "-", "timestamp": "2025-08-20T16:00:08.296364+00:00"}
{"asctime": "2025-08-20 18:00:08,296", "levelname": "INFO", "name": "AresTradingSystem.System.VectorizedLiquidityAnalyzer", "message": "✅ VectorizedLiquidityAnalyzer initialized successfully", "correlation_id": "-", "session_id": "-", "timestamp": "2025-08-20T16:00:08.296442+00:00"}
{"asctime": "2025-08-20 18:00:08,296", "levelname": "INFO", "name": "AresTradingSystem.System.VectorizedAdvancedFeatureEngineering", "message": "✅ Liquidity analyzer initialized successfully", "correlation_id": "-", "session_id": "-", "timestamp": "2025-08-20T16:00:08.296508+00:00"}
{"asctime": "2025-08-20 18:00:08,296", "levelname": "INFO", "name": "AresTradingSystem.System.VectorizedAdvancedFeatureEngineering", "message": "🔍 Creating VectorizedCandlestickPatternAnalyzer...", "correlation_id": "-", "session_id": "-", "timestamp": "2025-08-20T16:00:08.296579+00:00"}
{"asctime": "2025-08-20 18:00:08,296", "levelname": "INFO", "name": "AresTradingSystem.System.VectorizedAdvancedFeatureEngineering", "message": "🔍 VectorizedCandlestickPatternAnalyzer created, initializing...", "correlation_id": "-", "session_id": "-", "timestamp": "2025-08-20T16:00:08.296652+00:00"}
{"asctime": "2025-08-20 18:00:08,296", "levelname": "INFO", "name": "AresTradingSystem.System.VectorizedCandlestickPatternAnalyzer", "message": "🚀 Initializing VectorizedCandlestickPatternAnalyzer...", "correlation_id": "-", "session_id": "-", "timestamp": "2025-08-20T16:00:08.296719+00:00"}
{"asctime": "2025-08-20 18:00:08,296", "levelname": "INFO", "name": "AresTradingSystem.System.VectorizedCandlestickPatternAnalyzer", "message": "🔍 Config keys: ['environment', 'system', 'trading', 'training', 'trading_symbol', 'exchange_name', 'trading_interval', 'initial_equity', 'taker_fee', 'maker_fee', 'state_file', 'lookback_years', 'exchanges', 'risk_management', 'position_management', 'pipeline', 'analyst', 'logging', 'database', 'data', 'checkpointing', 'reporting', 'mlflow', 'version', 'training_pipeline', 'MODEL_TRAINING', 'DATA_CONFIG', 'ENHANCED_TRAINING', 'HMM_LM', 'vectorized_labelling_orchestrator', 'method_a_mixture_of_experts', 'feature_reduction', 'MULTI_TIMEFRAME_TRAINING', 'TIMEFRAMES', 'TIMEFRAME_SETS', 'DEFAULT_TIMEFRAME_SET', 'TWO_TIER_DECISION', 'ENHANCED_ENSEMBLE', 'meta_labeling', 'multi_timeframe_regime_integration', 'regime_specific_tpsl_optimizer', 'TRANSITION_MODELING', 'CHECKPOINT_DIR']", "correlation_id": "-", "session_id": "-", "timestamp": "2025-08-20T16:00:08.296804+00:00"}
{"asctime": "2025-08-20 18:00:08,296", "levelname": "INFO", "name": "AresTradingSystem.System.VectorizedCandlestickPatternAnalyzer", "message": "✅ VectorizedCandlestickPatternAnalyzer initialized successfully", "correlation_id": "-", "session_id": "-", "timestamp": "2025-08-20T16:00:08.296904+00:00"}
{"asctime": "2025-08-20 18:00:08,296", "levelname": "INFO", "name": "AresTradingSystem.System.VectorizedAdvancedFeatureEngineering", "message": "✅ Candlestick analyzer initialized successfully", "correlation_id": "-", "session_id": "-", "timestamp": "2025-08-20T16:00:08.296970+00:00"}
{"asctime": "2025-08-20 18:00:08,297", "levelname": "INFO", "name": "AresTradingSystem.System.VectorizedAdvancedFeatureEngineering", "message": "🔍 Creating VectorizedSRDistanceCalculator...", "correlation_id": "-", "session_id": "-", "timestamp": "2025-08-20T16:00:08.297042+00:00"}
{"asctime": "2025-08-20 18:00:08,297", "levelname": "INFO", "name": "AresTradingSystem.System.VectorizedAdvancedFeatureEngineering", "message": "🔍 VectorizedSRDistanceCalculator created, initializing...", "correlation_id": "-", "session_id": "-", "timestamp": "2025-08-20T16:00:08.297122+00:00"}
{"asctime": "2025-08-20 18:00:08,297", "levelname": "INFO", "name": "AresTradingSystem.System.VectorizedSRDistanceCalculator", "message": "🚀 Initializing VectorizedSRDistanceCalculator...", "correlation_id": "-", "session_id": "-", "timestamp": "2025-08-20T16:00:08.297184+00:00"}
{"asctime": "2025-08-20 18:00:08,297", "levelname": "INFO", "name": "AresTradingSystem.System.VectorizedSRDistanceCalculator", "message": "✅ VectorizedSRDistanceCalculator initialized successfully", "correlation_id": "-", "session_id": "-", "timestamp": "2025-08-20T16:00:08.297254+00:00"}
{"asctime": "2025-08-20 18:00:08,297", "levelname": "INFO", "name": "AresTradingSystem.System.VectorizedAdvancedFeatureEngineering", "message": "✅ S/R distance calculator initialized successfully", "correlation_id": "-", "session_id": "-", "timestamp": "2025-08-20T16:00:08.297330+00:00"}
{"asctime": "2025-08-20 18:00:08,297", "levelname": "INFO", "name": "AresTradingSystem.System.VectorizedAdvancedFeatureEngineering", "message": "🔍 Creating VectorizedWaveletTransformAnalyzer...", "correlation_id": "-", "session_id": "-", "timestamp": "2025-08-20T16:00:08.297397+00:00"}
{"asctime": "2025-08-20 18:00:08,297", "levelname": "INFO", "name": "AresTradingSystem.System.VectorizedAdvancedFeatureEngineering", "message": "🔍 VectorizedWaveletTransformAnalyzer created, initializing...", "correlation_id": "-", "session_id": "-", "timestamp": "2025-08-20T16:00:08.297470+00:00"}
{"asctime": "2025-08-20 18:00:08,297", "levelname": "INFO", "name": "AresTradingSystem.System.VectorizedWaveletTransformAnalyzer", "message": "🚀 Initializing VectorizedWaveletTransformAnalyzer...", "correlation_id": "-", "session_id": "-", "timestamp": "2025-08-20T16:00:08.297537+00:00"}
{"asctime": "2025-08-20 18:00:08,297", "levelname": "INFO", "name": "AresTradingSystem.System.VectorizedWaveletTransformAnalyzer", "message": "✅ VectorizedWaveletTransformAnalyzer initialized successfully", "correlation_id": "-", "session_id": "-", "timestamp": "2025-08-20T16:00:08.297599+00:00"}
{"asctime": "2025-08-20 18:00:08,297", "levelname": "INFO", "name": "AresTradingSystem.System.VectorizedAdvancedFeatureEngineering", "message": "✅ Wavelet analyzer initialized successfully", "correlation_id": "-", "session_id": "-", "timestamp": "2025-08-20T16:00:08.297664+00:00"}
{"asctime": "2025-08-20 18:00:08,297", "levelname": "INFO", "name": "AresTradingSystem.System.VectorizedAdvancedFeatureEngineering", "message": "ℹ️ Meta-labeling system removed - using only HMM market regimes for labeling", "correlation_id": "-", "session_id": "-", "timestamp": "2025-08-20T16:00:08.297732+00:00"}
{"asctime": "2025-08-20 18:00:08,298", "levelname": "INFO", "name": "AresTradingSystem.System.VectorizedAdvancedFeatureEngineering", "message": "✅ Vectorized advanced feature engineering initialized successfully", "correlation_id": "-", "session_id": "-", "timestamp": "2025-08-20T16:00:08.298095+00:00"}
{"asctime": "2025-08-20 18:00:08,298", "levelname": "INFO", "name": "AresTradingSystem.System.VectorizedTrainingPipeline", "message": "🔧 Initialized vectorized feature engineering", "correlation_id": "-", "session_id": "-", "timestamp": "2025-08-20T16:00:08.298212+00:00"}
{"asctime": "2025-08-20 18:00:08,298", "levelname": "INFO", "name": "AresTradingSystem.System.VectorizedTrainingPipeline", "message": "✅ Vectorized Training Pipeline initialized successfully", "correlation_id": "-", "session_id": "-", "timestamp": "2025-08-20T16:00:08.298296+00:00"}
{"asctime": "2025-08-20 18:00:08,298", "levelname": "INFO", "name": "AresTradingSystem.System.EnhancedTrainingManager", "message": "✅ Vectorized Training Pipeline initialized", "correlation_id": "-", "session_id": "-", "timestamp": "2025-08-20T16:00:08.298366+00:00"}
{"asctime": "2025-08-20 18:00:08,298", "levelname": "INFO", "name": "AresTradingSystem.System.EnhancedTrainingManager", "message": "✅ Enhanced Training Manager initialized successfully", "correlation_id": "-", "session_id": "-", "timestamp": "2025-08-20T16:00:08.298439+00:00"}
{"asctime": "2025-08-20 18:00:08,298", "levelname": "INFO", "name": "AresTradingSystem.System.EnhancedTrainingManager", "message": "================================================================================", "correlation_id": "-", "session_id": "-", "timestamp": "2025-08-20T16:00:08.298713+00:00"}
{"asctime": "2025-08-20 18:00:08,298", "levelname": "INFO", "name": "AresTradingSystem.System.EnhancedTrainingManager", "message": "🚀 COMPREHENSIVE 15-STEP ENHANCED TRAINING PIPELINE START", "correlation_id": "-", "session_id": "-", "timestamp": "2025-08-20T16:00:08.298787+00:00"}
{"asctime": "2025-08-20 18:00:08,298", "levelname": "INFO", "name": "AresTradingSystem.System.EnhancedTrainingManager", "message": "================================================================================", "correlation_id": "-", "session_id": "-", "timestamp": "2025-08-20T16:00:08.298866+00:00"}
{"asctime": "2025-08-20 18:00:08,299", "levelname": "INFO", "name": "AresTradingSystem.System.EnhancedTrainingManager", "message": "📅 Started at: 2025-08-20 18:00:08", "correlation_id": "-", "session_id": "-", "timestamp": "2025-08-20T16:00:08.299100+00:00"}
{"asctime": "2025-08-20 18:00:08,299", "levelname": "INFO", "name": "AresTradingSystem.System.EnhancedTrainingManager", "message": "🎯 Symbol: ETHUSDT", "correlation_id": "-", "session_id": "-", "timestamp": "2025-08-20T16:00:08.299217+00:00"}
{"asctime": "2025-08-20 18:00:08,299", "levelname": "INFO", "name": "AresTradingSystem.System.EnhancedTrainingManager", "message": "🏢 Exchange: BINANCE", "correlation_id": "-", "session_id": "-", "timestamp": "2025-08-20T16:00:08.299299+00:00"}
{"asctime": "2025-08-20 18:00:08,299", "levelname": "INFO", "name": "AresTradingSystem.System.EnhancedTrainingManager", "message": "📊 Training Mode: N/A", "correlation_id": "-", "session_id": "-", "timestamp": "2025-08-20T16:00:08.299374+00:00"}
{"asctime": "2025-08-20 18:00:08,299", "levelname": "INFO", "name": "AresTradingSystem.System.EnhancedTrainingManager", "message": "📈 Lookback Days: 180", "correlation_id": "-", "session_id": "-", "timestamp": "2025-08-20T16:00:08.299442+00:00"}
{"asctime": "2025-08-20 18:00:08,299", "levelname": "INFO", "name": "AresTradingSystem.System.EnhancedTrainingManager", "message": "🔧 Blank Training Mode: True", "correlation_id": "-", "session_id": "-", "timestamp": "2025-08-20T16:00:08.299505+00:00"}
{"asctime": "2025-08-20 18:00:08,299", "levelname": "INFO", "name": "AresTradingSystem.System.EnhancedTrainingManager", "message": "🔧 Max Trials: 200", "correlation_id": "-", "session_id": "-", "timestamp": "2025-08-20T16:00:08.299577+00:00"}
{"asctime": "2025-08-20 18:00:08,299", "levelname": "INFO", "name": "AresTradingSystem.System.EnhancedTrainingManager", "message": "🔧 N Trials: 100", "correlation_id": "-", "session_id": "-", "timestamp": "2025-08-20T16:00:08.299669+00:00"}
{"asctime": "2025-08-20 18:00:08,299", "levelname": "INFO", "name": "AresTradingSystem.System.EnhancedTrainingManager", "message": "🚀 Initializing optimized tools...", "correlation_id": "-", "session_id": "-", "timestamp": "2025-08-20T16:00:08.299791+00:00"}
{"asctime": "2025-08-20 18:00:08,299", "levelname": "ERROR", "name": "AresTradingSystem.System.EnhancedTrainingManager", "message": "❌ Failed to initialize optimized tools: 'EnhancedTrainingManager' object has no attribute 'optimized_manager'", "correlation_id": "-", "session_id": "-", "exc_info": "Traceback (most recent call last):\n  File \"/Users/remyroche/Documents/Ares/src/training/enhanced_training_manager.py\", line 3850, in _initialize_optimized_tools\n    await self.optimized_manager.initialize()\n          ^^^^^^^^^^^^^^^^^^^^^^\nAttributeError: 'EnhancedTrainingManager' object has no attribute 'optimized_manager'. Did you mean: 'get_optimized_manager'?", "timestamp": "2025-08-20T16:00:08.299895+00:00"}
{"asctime": "2025-08-20 18:00:08,308", "levelname": "INFO", "name": "AresTradingSystem.System.EnhancedTrainingManager", "message": "🚀 Starting fresh training...", "correlation_id": "-", "session_id": "-", "timestamp": "2025-08-20T16:00:08.308630+00:00"}
{"asctime": "2025-08-20 18:00:08,308", "levelname": "INFO", "name": "AresTradingSystem.System.EnhancedTrainingManager", "message": "🧹 Force rerun enabled - clearing artifacts from step2_feature_engineering and subsequent steps", "correlation_id": "-", "session_id": "-", "timestamp": "2025-08-20T16:00:08.308773+00:00"}
{"asctime": "2025-08-20 18:00:08,308", "levelname": "INFO", "name": "AresTradingSystem.System.EnhancedTrainingManager", "message": "🧹 Clearing artifacts from step2_feature_engineering onward", "correlation_id": "-", "session_id": "-", "timestamp": "2025-08-20T16:00:08.308847+00:00"}
{"asctime": "2025-08-20 18:00:08,320", "levelname": "INFO", "name": "AresTradingSystem.System.EnhancedTrainingManager", "message": "✅ Cleared artifacts for 17 steps: ['step2_feature_engineering', 'step2_5_enhanced_matrix_operations', 'step3_hmm_regime_discovery', 'step4_processing_labeling', 'step5_regime_data_splitting', 'step5_5_enhanced_model_training_operations', 'step6_hmm_based_training', 'step6_5_unified_regime_intelligence', 'step7_analyst_enhancement', 'step8_tactician_labeling', 'step9_tactician_specialist_training', 'step10_confidence_calibration', 'step11_final_parameters_optimization', 'step12_walk_forward_validation', 'step13_monte_carlo_validation', 'step14_ab_testing', 'step15_saving']", "correlation_id": "-", "session_id": "-", "timestamp": "2025-08-20T16:00:08.320520+00:00"}
{"asctime": "2025-08-20 18:00:08,320", "levelname": "INFO", "name": "AresTradingSystem.System.EnhancedTrainingManager", "message": "✅ Cleared artifacts and checkpoints from step2_feature_engineering onward", "correlation_id": "-", "session_id": "-", "timestamp": "2025-08-20T16:00:08.320775+00:00"}
{"asctime": "2025-08-20 18:00:08,320", "levelname": "INFO", "name": "AresTradingSystem.System.EnhancedTrainingManager", "message": "====================================================================================================", "correlation_id": "-", "session_id": "-", "timestamp": "2025-08-20T16:00:08.320857+00:00"}
{"asctime": "2025-08-20 18:00:08,320", "levelname": "INFO", "name": "AresTradingSystem.System.EnhancedTrainingManager", "message": "🚀 COMPREHENSIVE 15-STEP TRAINING PIPELINE START", "correlation_id": "-", "session_id": "-", "timestamp": "2025-08-20T16:00:08.320927+00:00"}
{"asctime": "2025-08-20 18:00:08,320", "levelname": "INFO", "name": "AresTradingSystem.System.EnhancedTrainingManager", "message": "====================================================================================================", "correlation_id": "-", "session_id": "-", "timestamp": "2025-08-20T16:00:08.320994+00:00"}
{"asctime": "2025-08-20 18:00:08,321", "levelname": "INFO", "name": "AresTradingSystem.System.EnhancedTrainingManager", "message": "📅 Started at: 2025-08-20 18:00:08", "correlation_id": "-", "session_id": "-", "timestamp": "2025-08-20T16:00:08.321065+00:00"}
{"asctime": "2025-08-20 18:00:08,321", "levelname": "INFO", "name": "AresTradingSystem.System.EnhancedTrainingManager", "message": "🎯 Symbol: ETHUSDT", "correlation_id": "-", "session_id": "-", "timestamp": "2025-08-20T16:00:08.321138+00:00"}
{"asctime": "2025-08-20 18:00:08,321", "levelname": "INFO", "name": "AresTradingSystem.System.EnhancedTrainingManager", "message": "🏢 Exchange: BINANCE", "correlation_id": "-", "session_id": "-", "timestamp": "2025-08-20T16:00:08.321201+00:00"}
{"asctime": "2025-08-20 18:00:08,321", "levelname": "INFO", "name": "AresTradingSystem.System.EnhancedTrainingManager", "message": "📊 Timeframe: 1m", "correlation_id": "-", "session_id": "-", "timestamp": "2025-08-20T16:00:08.321263+00:00"}
{"asctime": "2025-08-20 18:00:08,321", "levelname": "INFO", "name": "AresTradingSystem.System.EnhancedTrainingManager", "message": "🧠 Training Mode: Blank", "correlation_id": "-", "session_id": "-", "timestamp": "2025-08-20T16:00:08.321325+00:00"}
{"asctime": "2025-08-20 18:00:08,321", "levelname": "INFO", "name": "AresTradingSystem.System.EnhancedTrainingManager", "message": "🔧 Max Trials: 200", "correlation_id": "-", "session_id": "-", "timestamp": "2025-08-20T16:00:08.321387+00:00"}
{"asctime": "2025-08-20 18:00:08,321", "levelname": "INFO", "name": "AresTradingSystem.System.EnhancedTrainingManager", "message": "📈 Lookback Days: 180", "correlation_id": "-", "session_id": "-", "timestamp": "2025-08-20T16:00:08.321447+00:00"}
{"asctime": "2025-08-20 18:00:08,321", "levelname": "INFO", "name": "AresTradingSystem.System.EnhancedTrainingManager", "message": "💾 Memory Optimization: Enabled", "correlation_id": "-", "session_id": "-", "timestamp": "2025-08-20T16:00:08.321513+00:00"}
{"asctime": "2025-08-20 18:00:08,321", "levelname": "INFO", "name": "AresTradingSystem.System.EnhancedTrainingManager", "message": "🚀 Starting from step: step2_feature_engineering", "correlation_id": "-", "session_id": "-", "timestamp": "2025-08-20T16:00:08.321572+00:00"}
{"asctime": "2025-08-20 18:00:08,321", "levelname": "INFO", "name": "AresTradingSystem.System.EnhancedTrainingManager", "message": "====================================================================================================", "correlation_id": "-", "session_id": "-", "timestamp": "2025-08-20T16:00:08.321632+00:00"}
{"asctime": "2025-08-20 18:00:08,321", "levelname": "INFO", "name": "AresTradingSystem.System.EnhancedTrainingManager", "message": "⏭️  Skipping Step 1: Data Collection (using pre-consolidated data)", "correlation_id": "-", "session_id": "-", "timestamp": "2025-08-20T16:00:08.321695+00:00"}
{"asctime": "2025-08-20 18:00:08,321", "levelname": "INFO", "name": "AresTradingSystem.System.EnhancedTrainingManager", "message": "💓 Step 1.5: Data Converter", "correlation_id": "-", "session_id": "-", "timestamp": "2025-08-20T16:00:08.321760+00:00"}
{"asctime": "2025-08-20 18:00:08,321", "levelname": "ERROR", "name": "AresTradingSystem.System.EnhancedTrainingManager", "message": "💥 COMPREHENSIVE PIPELINE FAILED: cannot access local variable '_should_run' where it is not associated with a value", "correlation_id": "-", "session_id": "-", "exc_info": "Traceback (most recent call last):\n  File \"/Users/remyroche/Documents/Ares/src/training/enhanced_training_manager.py\", line 2046, in _execute_comprehensive_pipeline\n    run_step1_5 = _should_run(\"step1_5_data_converter\")\n                  ^^^^^^^^^^^\nUnboundLocalError: cannot access local variable '_should_run' where it is not associated with a value", "timestamp": "2025-08-20T16:00:08.321877+00:00"}
{"asctime": "2025-08-20 18:00:08,322", "levelname": "ERROR", "name": "AresTradingSystem.System.EnhancedTrainingManager", "message": "📋 Error details: UnboundLocalError: cannot access local variable '_should_run' where it is not associated with a value", "correlation_id": "-", "session_id": "-", "exc_info": "Traceback (most recent call last):\n  File \"/Users/remyroche/Documents/Ares/src/training/enhanced_training_manager.py\", line 2046, in _execute_comprehensive_pipeline\n    run_step1_5 = _should_run(\"step1_5_data_converter\")\n                  ^^^^^^^^^^^\nUnboundLocalError: cannot access local variable '_should_run' where it is not associated with a value", "timestamp": "2025-08-20T16:00:08.322796+00:00"}
{"asctime": "2025-08-20 18:00:08,323", "levelname": "ERROR", "name": "AresTradingSystem.System.EnhancedTrainingManager", "message": "⏱️ Time elapsed before failure: 0.02s", "correlation_id": "-", "session_id": "-", "exc_info": "Traceback (most recent call last):\n  File \"/Users/remyroche/Documents/Ares/src/training/enhanced_training_manager.py\", line 2046, in _execute_comprehensive_pipeline\n    run_step1_5 = _should_run(\"step1_5_data_converter\")\n                  ^^^^^^^^^^^\nUnboundLocalError: cannot access local variable '_should_run' where it is not associated with a value", "timestamp": "2025-08-20T16:00:08.323550+00:00"}
{"asctime": "2025-08-20 18:00:08,324", "levelname": "INFO", "name": "AresTradingSystem.System.EnhancedTrainingManager", "message": "💾 Checkpoint saved - you can resume training later", "correlation_id": "-", "session_id": "-", "timestamp": "2025-08-20T16:00:08.324274+00:00"}
{"asctime": "2025-08-20 18:00:08,324", "levelname": "ERROR", "name": "AresTradingSystem.System.EnhancedTrainingManager", "message": "❌ Enhanced training pipeline failed", "correlation_id": "-", "session_id": "-", "timestamp": "2025-08-20T16:00:08.324346+00:00"}
{"asctime": "2025-08-20 18:00:08,324", "levelname": "INFO", "name": "AresTradingSystem.System.EnhancedTrainingManager", "message": "🧹 GPU memory cleared after training", "correlation_id": "-", "session_id": "-", "timestamp": "2025-08-20T16:00:08.324538+00:00"}
