{"asctime": "2025-08-22 23:12:08,448", "levelname": "INFO", "name": "AresGlobal", "message": "================================================================================", "correlation_id": "-", "session_id": "-", "timestamp": "2025-08-22T21:12:08.448663+00:00"}
{"asctime": "2025-08-22 23:12:08,448", "levelname": "INFO", "name": "AresGlobal", "message": "📊 SESSION SUMMARY", "correlation_id": "-", "session_id": "-", "timestamp": "2025-08-22T21:12:08.448935+00:00"}
{"asctime": "2025-08-22 23:12:08,449", "levelname": "INFO", "name": "AresGlobal", "message": "Session started: 2025-08-22 23:12:08", "correlation_id": "-", "session_id": "-", "timestamp": "2025-08-22T21:12:08.449118+00:00"}
{"asctime": "2025-08-22 23:12:08,449", "levelname": "INFO", "name": "AresGlobal", "message": "This file contains ALL logs for this session", "correlation_id": "-", "session_id": "-", "timestamp": "2025-08-22T21:12:08.449372+00:00"}
{"asctime": "2025-08-22 23:12:08,449", "levelname": "INFO", "name": "AresGlobal", "message": "================================================================================", "correlation_id": "-", "session_id": "-", "timestamp": "2025-08-22T21:12:08.449642+00:00"}
{"asctime": "2025-08-22 23:12:08,450", "levelname": "INFO", "name": "AresGlobal", "message": "[SYSTEM] ================================================================================", "correlation_id": "-", "session_id": "-", "timestamp": "2025-08-22T21:12:08.450788+00:00"}
{"asctime": "2025-08-22 23:12:08,451", "levelname": "INFO", "name": "AresGlobal", "message": "[SYSTEM] 🚀 ARES LAUNCHER STARTED - Mode: INITIALIZATION", "correlation_id": "-", "session_id": "-", "timestamp": "2025-08-22T21:12:08.451198+00:00"}
{"asctime": "2025-08-22 23:12:08,451", "levelname": "INFO", "name": "AresGlobal", "message": "[SYSTEM] Start time: 2025-08-22 23:12:08", "correlation_id": "-", "session_id": "-", "timestamp": "2025-08-22T21:12:08.451497+00:00"}
{"asctime": "2025-08-22 23:12:08,453", "levelname": "INFO", "name": "AresGlobal", "message": "[SYSTEM] Log directory: log", "correlation_id": "-", "session_id": "-", "timestamp": "2025-08-22T21:12:08.453377+00:00"}
{"asctime": "2025-08-22 23:12:08,453", "levelname": "INFO", "name": "AresGlobal", "message": "[SYSTEM] ================================================================================", "correlation_id": "-", "session_id": "-", "timestamp": "2025-08-22T21:12:08.453628+00:00"}
{"asctime": "2025-08-22 23:12:08,453", "levelname": "INFO", "name": "AresGlobal.AresLauncher", "message": "================================================================================", "correlation_id": "-", "session_id": "-", "timestamp": "2025-08-22T21:12:08.453753+00:00"}
{"asctime": "2025-08-22 23:12:08,454", "levelname": "INFO", "name": "AresGlobal.AresLauncher", "message": "🚀 ARES COMPREHENSIVE LAUNCHER", "correlation_id": "-", "session_id": "-", "timestamp": "2025-08-22T21:12:08.454131+00:00"}
{"asctime": "2025-08-22 23:12:08,454", "levelname": "INFO", "name": "AresGlobal.AresLauncher", "message": "================================================================================", "correlation_id": "-", "session_id": "-", "timestamp": "2025-08-22T21:12:08.454307+00:00"}
{"asctime": "2025-08-22 23:12:08,455", "levelname": "INFO", "name": "AresGlobal.AresLauncher", "message": "Start time: 2025-08-22 23:12:08", "correlation_id": "-", "session_id": "-", "timestamp": "2025-08-22T21:12:08.455116+00:00"}
{"asctime": "2025-08-22 23:12:08,455", "levelname": "INFO", "name": "AresGlobal.AresLauncher", "message": "Log directory: log", "correlation_id": "-", "session_id": "-", "timestamp": "2025-08-22T21:12:08.455480+00:00"}
{"asctime": "2025-08-22 23:12:08,455", "levelname": "INFO", "name": "AresGlobal.AresLauncher", "message": "Log level: INFO", "correlation_id": "-", "session_id": "-", "timestamp": "2025-08-22T21:12:08.455860+00:00"}
{"asctime": "2025-08-22 23:12:08,456", "levelname": "INFO", "name": "AresGlobal.AresLauncher", "message": "Global log file: ares_global_20250822_231208.log", "correlation_id": "-", "session_id": "-", "timestamp": "2025-08-22T21:12:08.456173+00:00"}
{"asctime": "2025-08-22 23:12:08,456", "levelname": "INFO", "name": "AresGlobal.AresLauncher", "message": "Full run log: log/ares_full_20250822_231208.log", "correlation_id": "-", "session_id": "-", "timestamp": "2025-08-22T21:12:08.456400+00:00"}
{"asctime": "2025-08-22 23:12:08,456", "levelname": "INFO", "name": "AresGlobal.AresLauncher", "message": "Trades log: log/ares_trades_20250822_231208.log", "correlation_id": "-", "session_id": "-", "timestamp": "2025-08-22T21:12:08.456535+00:00"}
{"asctime": "2025-08-22 23:12:08,456", "levelname": "INFO", "name": "AresGlobal.AresLauncher", "message": "Backtest log: log/ares_backtest_20250822_231208.log", "correlation_id": "-", "session_id": "-", "timestamp": "2025-08-22T21:12:08.456663+00:00"}
{"asctime": "2025-08-22 23:12:08,456", "levelname": "INFO", "name": "AresGlobal.AresLauncher", "message": "================================================================================", "correlation_id": "-", "session_id": "-", "timestamp": "2025-08-22T21:12:08.456790+00:00"}
{"asctime": "2025-08-22 23:12:08,457", "levelname": "INFO", "name": "AresGlobal", "message": "[SYSTEM] ================================================================================", "correlation_id": "-", "session_id": "-", "timestamp": "2025-08-22T21:12:08.457276+00:00"}
{"asctime": "2025-08-22 23:12:08,457", "levelname": "INFO", "name": "AresGlobal", "message": "[SYSTEM] 🚀 ARES LAUNCHER STARTED - Mode: blank - Symbol: ETHUSDT - Exchange: BINANCE", "correlation_id": "-", "session_id": "-", "timestamp": "2025-08-22T21:12:08.457567+00:00"}
{"asctime": "2025-08-22 23:12:08,457", "levelname": "INFO", "name": "AresGlobal", "message": "[SYSTEM] Start time: 2025-08-22 23:12:08", "correlation_id": "-", "session_id": "-", "timestamp": "2025-08-22T21:12:08.457844+00:00"}
{"asctime": "2025-08-22 23:12:08,458", "levelname": "INFO", "name": "AresGlobal", "message": "[SYSTEM] Log directory: log", "correlation_id": "-", "session_id": "-", "timestamp": "2025-08-22T21:12:08.458111+00:00"}
{"asctime": "2025-08-22 23:12:08,458", "levelname": "INFO", "name": "AresGlobal", "message": "[SYSTEM] ================================================================================", "correlation_id": "-", "session_id": "-", "timestamp": "2025-08-22T21:12:08.458353+00:00"}
{"asctime": "2025-08-22 23:12:08,458", "levelname": "INFO", "name": "AresGlobal.AresLauncher", "message": "🚀 Running enhanced 16-step training pipeline for ETHUSDT on BINANCE", "correlation_id": "-", "session_id": "-", "timestamp": "2025-08-22T21:12:08.458516+00:00"}
{"asctime": "2025-08-22 23:12:08,458", "levelname": "INFO", "name": "AresGlobal.AresLauncher", "message": "Starting from step: step2_feature_engineering", "correlation_id": "-", "session_id": "-", "timestamp": "2025-08-22T21:12:08.458655+00:00"}
{"asctime": "2025-08-22 23:12:08,461", "levelname": "INFO", "name": "AresGlobal.AresLauncher", "message": "🧪 BLANK TRAINING MODE: Set BLANK_TRAINING_MODE=1 for step-based training", "correlation_id": "-", "session_id": "-", "timestamp": "2025-08-22T21:12:08.461981+00:00"}
{"asctime": "2025-08-22 23:12:08,462", "levelname": "INFO", "name": "AresGlobal.ProgressManager", "message": "Initialized ProgressManager for ETHUSDT on BINANCE", "correlation_id": "-", "session_id": "-", "timestamp": "2025-08-22T21:12:08.462365+00:00"}
{"asctime": "2025-08-22 23:12:08,462", "levelname": "INFO", "name": "AresGlobal.ProgressManager", "message": "Progress directory: data/training/progress/BINANCE_ETHUSDT", "correlation_id": "-", "session_id": "-", "timestamp": "2025-08-22T21:12:08.462524+00:00"}
{"asctime": "2025-08-22 23:12:08,462", "levelname": "INFO", "name": "AresGlobal.StepOrchestrator", "message": "Initialized StepOrchestrator for ETHUSDT on BINANCE", "correlation_id": "-", "session_id": "-", "timestamp": "2025-08-22T21:12:08.462659+00:00"}
{"asctime": "2025-08-22 23:12:08,463", "levelname": "INFO", "name": "AresGlobal.ProgressManager", "message": "🗑️  Cleared progress for step2_feature_engineering", "correlation_id": "-", "session_id": "-", "timestamp": "2025-08-22T21:12:08.463192+00:00"}
{"asctime": "2025-08-22 23:12:08,463", "levelname": "INFO", "name": "AresGlobal.AresLauncher", "message": "🧹 Cleared progress for 'step2_feature_engineering' (force)", "correlation_id": "-", "session_id": "-", "timestamp": "2025-08-22T21:12:08.463447+00:00"}
{"asctime": "2025-08-22 23:12:08,463", "levelname": "INFO", "name": "AresGlobal.ProgressManager", "message": "🗑️  Cleared progress for step3_hmm_regime_discovery", "correlation_id": "-", "session_id": "-", "timestamp": "2025-08-22T21:12:08.463642+00:00"}
{"asctime": "2025-08-22 23:12:08,463", "levelname": "INFO", "name": "AresGlobal.AresLauncher", "message": "🧹 Cleared progress for 'step3_hmm_regime_discovery' (force)", "correlation_id": "-", "session_id": "-", "timestamp": "2025-08-22T21:12:08.463783+00:00"}
{"asctime": "2025-08-22 23:12:08,463", "levelname": "INFO", "name": "AresGlobal.ProgressManager", "message": "🗑️  Cleared progress for step4_processing_labeling", "correlation_id": "-", "session_id": "-", "timestamp": "2025-08-22T21:12:08.463948+00:00"}
{"asctime": "2025-08-22 23:12:08,464", "levelname": "INFO", "name": "AresGlobal.AresLauncher", "message": "🧹 Cleared progress for 'step4_processing_labeling' (force)", "correlation_id": "-", "session_id": "-", "timestamp": "2025-08-22T21:12:08.464073+00:00"}
{"asctime": "2025-08-22 23:12:08,464", "levelname": "INFO", "name": "AresGlobal.ProgressManager", "message": "🗑️  Cleared progress for step5_regime_data_splitting", "correlation_id": "-", "session_id": "-", "timestamp": "2025-08-22T21:12:08.464235+00:00"}
{"asctime": "2025-08-22 23:12:08,464", "levelname": "INFO", "name": "AresGlobal.AresLauncher", "message": "🧹 Cleared progress for 'step5_regime_data_splitting' (force)", "correlation_id": "-", "session_id": "-", "timestamp": "2025-08-22T21:12:08.464374+00:00"}
{"asctime": "2025-08-22 23:12:08,464", "levelname": "INFO", "name": "AresGlobal.ProgressManager", "message": "🗑️  Cleared progress for step6_hmm_based_training", "correlation_id": "-", "session_id": "-", "timestamp": "2025-08-22T21:12:08.464529+00:00"}
{"asctime": "2025-08-22 23:12:08,464", "levelname": "INFO", "name": "AresGlobal.AresLauncher", "message": "🧹 Cleared progress for 'step6_hmm_based_training' (force)", "correlation_id": "-", "session_id": "-", "timestamp": "2025-08-22T21:12:08.464654+00:00"}
{"asctime": "2025-08-22 23:12:08,464", "levelname": "INFO", "name": "AresGlobal.ProgressManager", "message": "🗑️  Cleared progress for step6_5_unified_regime_intelligence", "correlation_id": "-", "session_id": "-", "timestamp": "2025-08-22T21:12:08.464807+00:00"}
{"asctime": "2025-08-22 23:12:08,464", "levelname": "INFO", "name": "AresGlobal.AresLauncher", "message": "🧹 Cleared progress for 'step6_5_unified_regime_intelligence' (force)", "correlation_id": "-", "session_id": "-", "timestamp": "2025-08-22T21:12:08.464929+00:00"}
{"asctime": "2025-08-22 23:12:08,465", "levelname": "INFO", "name": "AresGlobal.ProgressManager", "message": "🗑️  Cleared progress for step7_analyst_enhancement", "correlation_id": "-", "session_id": "-", "timestamp": "2025-08-22T21:12:08.465084+00:00"}
{"asctime": "2025-08-22 23:12:08,465", "levelname": "INFO", "name": "AresGlobal.AresLauncher", "message": "🧹 Cleared progress for 'step7_analyst_enhancement' (force)", "correlation_id": "-", "session_id": "-", "timestamp": "2025-08-22T21:12:08.465212+00:00"}
{"asctime": "2025-08-22 23:12:08,465", "levelname": "INFO", "name": "AresGlobal.ProgressManager", "message": "🗑️  Cleared progress for step8_tactician_labeling", "correlation_id": "-", "session_id": "-", "timestamp": "2025-08-22T21:12:08.465364+00:00"}
{"asctime": "2025-08-22 23:12:08,465", "levelname": "INFO", "name": "AresGlobal.AresLauncher", "message": "🧹 Cleared progress for 'step8_tactician_labeling' (force)", "correlation_id": "-", "session_id": "-", "timestamp": "2025-08-22T21:12:08.465486+00:00"}
{"asctime": "2025-08-22 23:12:08,465", "levelname": "INFO", "name": "AresGlobal.ProgressManager", "message": "🗑️  Cleared progress for step9_tactician_specialist_training", "correlation_id": "-", "session_id": "-", "timestamp": "2025-08-22T21:12:08.465640+00:00"}
{"asctime": "2025-08-22 23:12:08,465", "levelname": "INFO", "name": "AresGlobal.AresLauncher", "message": "🧹 Cleared progress for 'step9_tactician_specialist_training' (force)", "correlation_id": "-", "session_id": "-", "timestamp": "2025-08-22T21:12:08.465769+00:00"}
{"asctime": "2025-08-22 23:12:08,465", "levelname": "INFO", "name": "AresGlobal.ProgressManager", "message": "🗑️  Cleared progress for step10_confidence_calibration", "correlation_id": "-", "session_id": "-", "timestamp": "2025-08-22T21:12:08.465920+00:00"}
{"asctime": "2025-08-22 23:12:08,466", "levelname": "INFO", "name": "AresGlobal.AresLauncher", "message": "🧹 Cleared progress for 'step10_confidence_calibration' (force)", "correlation_id": "-", "session_id": "-", "timestamp": "2025-08-22T21:12:08.466041+00:00"}
{"asctime": "2025-08-22 23:12:08,466", "levelname": "INFO", "name": "AresGlobal.ProgressManager", "message": "🗑️  Cleared progress for step11_final_parameters_optimization", "correlation_id": "-", "session_id": "-", "timestamp": "2025-08-22T21:12:08.466708+00:00"}
{"asctime": "2025-08-22 23:12:08,467", "levelname": "INFO", "name": "AresGlobal.AresLauncher", "message": "🧹 Cleared progress for 'step11_final_parameters_optimization' (force)", "correlation_id": "-", "session_id": "-", "timestamp": "2025-08-22T21:12:08.467513+00:00"}
{"asctime": "2025-08-22 23:12:08,469", "levelname": "INFO", "name": "AresGlobal.ProgressManager", "message": "🗑️  Cleared progress for step12_walk_forward_validation", "correlation_id": "-", "session_id": "-", "timestamp": "2025-08-22T21:12:08.469038+00:00"}
{"asctime": "2025-08-22 23:12:08,469", "levelname": "INFO", "name": "AresGlobal.AresLauncher", "message": "🧹 Cleared progress for 'step12_walk_forward_validation' (force)", "correlation_id": "-", "session_id": "-", "timestamp": "2025-08-22T21:12:08.469207+00:00"}
{"asctime": "2025-08-22 23:12:08,469", "levelname": "INFO", "name": "AresGlobal.ProgressManager", "message": "🗑️  Cleared progress for step13_monte_carlo_validation", "correlation_id": "-", "session_id": "-", "timestamp": "2025-08-22T21:12:08.469802+00:00"}
{"asctime": "2025-08-22 23:12:08,469", "levelname": "INFO", "name": "AresGlobal.AresLauncher", "message": "🧹 Cleared progress for 'step13_monte_carlo_validation' (force)", "correlation_id": "-", "session_id": "-", "timestamp": "2025-08-22T21:12:08.469951+00:00"}
{"asctime": "2025-08-22 23:12:08,470", "levelname": "INFO", "name": "AresGlobal.ProgressManager", "message": "🗑️  Cleared progress for step14_ab_testing", "correlation_id": "-", "session_id": "-", "timestamp": "2025-08-22T21:12:08.470177+00:00"}
{"asctime": "2025-08-22 23:12:08,470", "levelname": "INFO", "name": "AresGlobal.AresLauncher", "message": "🧹 Cleared progress for 'step14_ab_testing' (force)", "correlation_id": "-", "session_id": "-", "timestamp": "2025-08-22T21:12:08.470315+00:00"}
{"asctime": "2025-08-22 23:12:08,470", "levelname": "INFO", "name": "AresGlobal.ProgressManager", "message": "🗑️  Cleared progress for step15_saving", "correlation_id": "-", "session_id": "-", "timestamp": "2025-08-22T21:12:08.470474+00:00"}
{"asctime": "2025-08-22 23:12:08,470", "levelname": "INFO", "name": "AresGlobal.AresLauncher", "message": "🧹 Cleared progress for 'step15_saving' (force)", "correlation_id": "-", "session_id": "-", "timestamp": "2025-08-22T21:12:08.470604+00:00"}
{"asctime": "2025-08-22 23:12:08,470", "levelname": "INFO", "name": "AresGlobal.AresLauncher", "message": "✅ Cleared progress for 15 steps: ['step2_feature_engineering', 'step3_hmm_regime_discovery', 'step4_processing_labeling', 'step5_regime_data_splitting', 'step6_hmm_based_training', 'step6_5_unified_regime_intelligence', 'step7_analyst_enhancement', 'step8_tactician_labeling', 'step9_tactician_specialist_training', 'step10_confidence_calibration', 'step11_final_parameters_optimization', 'step12_walk_forward_validation', 'step13_monte_carlo_validation', 'step14_ab_testing', 'step15_saving']", "correlation_id": "-", "session_id": "-", "timestamp": "2025-08-22T21:12:08.470741+00:00"}
{"asctime": "2025-08-22 23:12:08,474", "levelname": "INFO", "name": "AresGlobal.StepOrchestrator", "message": "🚀 Starting execution from step: step2_feature_engineering", "correlation_id": "-", "session_id": "-", "timestamp": "2025-08-22T21:12:08.474872+00:00"}
{"asctime": "2025-08-22 23:12:11,412", "levelname": "ERROR", "name": "AresGlobal.StepOrchestrator", "message": "Failed to setup enhanced training manager: name 'Tuple' is not defined", "correlation_id": "-", "session_id": "-", "exc_info": "Traceback (most recent call last):\n  File \"/Users/remyroche/Documents/Ares/src/training/step_orchestrator.py\", line 74, in _setup_enhanced_training_manager\n    from src.training.enhanced_training_manager import (\n  File \"/Users/remyroche/Documents/Ares/src/training/enhanced_training_manager.py\", line 53, in <module>\n    from src.training.steps.multi_timeframe_training.multi_timeframe_training_manager import (\n  File \"/Users/remyroche/Documents/Ares/src/training/steps/__init__.py\", line 9, in <module>\n    from .step1_data_collection import DataCollectionStep\n  File \"/Users/remyroche/Documents/Ares/src/training/steps/step1_data_collection.py\", line 36, in <module>\n    from src.utils.enhanced_validation_decorators import step_specific_ml_validation\n  File \"/Users/remyroche/Documents/Ares/src/utils/enhanced_validation_decorators.py\", line 31, in <module>\n    from src.utils.quality_alert_system import (\n  File \"/Users/remyroche/Documents/Ares/src/utils/quality_alert_system.py\", line 497, in <module>\n    ) -> Tuple[QualityAlertManager, StreamingQualityValidator, QualityDashboard]:\n         ^^^^^\nNameError: name 'Tuple' is not defined. Did you mean: 'tuple'?", "timestamp": "2025-08-22T21:12:11.412287+00:00"}
{"asctime": "2025-08-22 23:12:11,420", "levelname": "INFO", "name": "AresGlobal.StepOrchestrator", "message": "\u001b[91m\u001b[1m🚫\u001b[0m \u001b[91m\u001b[1mFailed to setup enhanced training manager: name 'Tuple' is not defined\u001b[0m", "correlation_id": "-", "session_id": "-", "timestamp": "2025-08-22T21:12:11.420527+00:00"}
{"asctime": "2025-08-22 23:12:11,420", "levelname": "ERROR", "name": "AresGlobal.AresLauncher", "message": "❌ Step-based training pipeline failed", "correlation_id": "-", "session_id": "-", "timestamp": "2025-08-22T21:12:11.420997+00:00"}
{"asctime": "2025-08-22 23:12:11,421", "levelname": "INFO", "name": "AresGlobal", "message": "[SYSTEM] ================================================================================", "correlation_id": "-", "session_id": "-", "timestamp": "2025-08-22T21:12:11.421963+00:00"}
{"asctime": "2025-08-22 23:12:11,422", "levelname": "INFO", "name": "AresGlobal", "message": "[SYSTEM] 🛑 ARES LAUNCHER ENDED - Exit code: 1", "correlation_id": "-", "session_id": "-", "timestamp": "2025-08-22T21:12:11.422545+00:00"}
{"asctime": "2025-08-22 23:12:11,422", "levelname": "INFO", "name": "AresGlobal", "message": "[SYSTEM] End time: 2025-08-22 23:12:11", "correlation_id": "-", "session_id": "-", "timestamp": "2025-08-22T21:12:11.422848+00:00"}
{"asctime": "2025-08-22 23:12:11,423", "levelname": "INFO", "name": "AresGlobal", "message": "[SYSTEM] ================================================================================", "correlation_id": "-", "session_id": "-", "timestamp": "2025-08-22T21:12:11.423098+00:00"}
{"asctime": "2025-08-22 23:12:11,423", "levelname": "INFO", "name": "AresGlobal.AresLauncher", "message": "🧹 Cleaning up processes...", "correlation_id": "-", "session_id": "-", "timestamp": "2025-08-22T21:12:11.423231+00:00"}
{"asctime": "2025-08-22 23:12:11,423", "levelname": "INFO", "name": "AresGlobal.AresLauncher", "message": "✅ Cleanup completed", "correlation_id": "-", "session_id": "-", "timestamp": "2025-08-22T21:12:11.423456+00:00"}
