{"asctime": "2025-08-19 10:50:43,093", "levelname": "INFO", "name": "AresGlobal", "message": "================================================================================", "correlation_id": "-", "session_id": "-", "timestamp": "2025-08-19T08:50:43.093012+00:00"}
{"asctime": "2025-08-19 10:50:43,093", "levelname": "INFO", "name": "AresGlobal", "message": "📊 SESSION SUMMARY", "correlation_id": "-", "session_id": "-", "timestamp": "2025-08-19T08:50:43.093124+00:00"}
{"asctime": "2025-08-19 10:50:43,093", "levelname": "INFO", "name": "AresGlobal", "message": "Session started: 2025-08-19 10:50:43", "correlation_id": "-", "session_id": "-", "timestamp": "2025-08-19T08:50:43.093220+00:00"}
{"asctime": "2025-08-19 10:50:43,093", "levelname": "INFO", "name": "AresGlobal", "message": "This file contains ALL logs for this session", "correlation_id": "-", "session_id": "-", "timestamp": "2025-08-19T08:50:43.093302+00:00"}
{"asctime": "2025-08-19 10:50:43,093", "levelname": "INFO", "name": "AresGlobal", "message": "================================================================================", "correlation_id": "-", "session_id": "-", "timestamp": "2025-08-19T08:50:43.093377+00:00"}
{"asctime": "2025-08-19 10:50:43,093", "levelname": "INFO", "name": "AresGlobal", "message": "[SYSTEM] ================================================================================", "correlation_id": "-", "session_id": "-", "timestamp": "2025-08-19T08:50:43.093576+00:00"}
{"asctime": "2025-08-19 10:50:43,093", "levelname": "INFO", "name": "AresGlobal", "message": "[SYSTEM] 🚀 ARES LAUNCHER STARTED - Mode: INITIALIZATION", "correlation_id": "-", "session_id": "-", "timestamp": "2025-08-19T08:50:43.093738+00:00"}
{"asctime": "2025-08-19 10:50:43,093", "levelname": "INFO", "name": "AresGlobal", "message": "[SYSTEM] Start time: 2025-08-19 10:50:43", "correlation_id": "-", "session_id": "-", "timestamp": "2025-08-19T08:50:43.093900+00:00"}
{"asctime": "2025-08-19 10:50:43,094", "levelname": "INFO", "name": "AresGlobal", "message": "[SYSTEM] Log directory: log", "correlation_id": "-", "session_id": "-", "timestamp": "2025-08-19T08:50:43.094047+00:00"}
{"asctime": "2025-08-19 10:50:43,094", "levelname": "INFO", "name": "AresGlobal", "message": "[SYSTEM] ================================================================================", "correlation_id": "-", "session_id": "-", "timestamp": "2025-08-19T08:50:43.094192+00:00"}
{"asctime": "2025-08-19 10:50:43,094", "levelname": "INFO", "name": "AresGlobal.AresLauncher", "message": "================================================================================", "correlation_id": "-", "session_id": "-", "timestamp": "2025-08-19T08:50:43.094267+00:00"}
{"asctime": "2025-08-19 10:50:43,094", "levelname": "INFO", "name": "AresGlobal.AresLauncher", "message": "🚀 ARES COMPREHENSIVE LAUNCHER", "correlation_id": "-", "session_id": "-", "timestamp": "2025-08-19T08:50:43.094341+00:00"}
{"asctime": "2025-08-19 10:50:43,094", "levelname": "INFO", "name": "AresGlobal.AresLauncher", "message": "================================================================================", "correlation_id": "-", "session_id": "-", "timestamp": "2025-08-19T08:50:43.094423+00:00"}
{"asctime": "2025-08-19 10:50:43,094", "levelname": "INFO", "name": "AresGlobal.AresLauncher", "message": "Start time: 2025-08-19 10:50:43", "correlation_id": "-", "session_id": "-", "timestamp": "2025-08-19T08:50:43.094500+00:00"}
{"asctime": "2025-08-19 10:50:43,094", "levelname": "INFO", "name": "AresGlobal.AresLauncher", "message": "Log directory: log", "correlation_id": "-", "session_id": "-", "timestamp": "2025-08-19T08:50:43.094572+00:00"}
{"asctime": "2025-08-19 10:50:43,094", "levelname": "INFO", "name": "AresGlobal.AresLauncher", "message": "Log level: INFO", "correlation_id": "-", "session_id": "-", "timestamp": "2025-08-19T08:50:43.094648+00:00"}
{"asctime": "2025-08-19 10:50:43,094", "levelname": "INFO", "name": "AresGlobal.AresLauncher", "message": "Global log file: ares_global_20250819_105043.log", "correlation_id": "-", "session_id": "-", "timestamp": "2025-08-19T08:50:43.094725+00:00"}
{"asctime": "2025-08-19 10:50:43,094", "levelname": "INFO", "name": "AresGlobal.AresLauncher", "message": "Full run log: log/ares_full_20250819_105043.log", "correlation_id": "-", "session_id": "-", "timestamp": "2025-08-19T08:50:43.094804+00:00"}
{"asctime": "2025-08-19 10:50:43,094", "levelname": "INFO", "name": "AresGlobal.AresLauncher", "message": "Trades log: log/ares_trades_20250819_105043.log", "correlation_id": "-", "session_id": "-", "timestamp": "2025-08-19T08:50:43.094874+00:00"}
{"asctime": "2025-08-19 10:50:43,094", "levelname": "INFO", "name": "AresGlobal.AresLauncher", "message": "Backtest log: log/ares_backtest_20250819_105043.log", "correlation_id": "-", "session_id": "-", "timestamp": "2025-08-19T08:50:43.094943+00:00"}
{"asctime": "2025-08-19 10:50:43,095", "levelname": "INFO", "name": "AresGlobal.AresLauncher", "message": "================================================================================", "correlation_id": "-", "session_id": "-", "timestamp": "2025-08-19T08:50:43.095012+00:00"}
{"asctime": "2025-08-19 10:50:43,095", "levelname": "INFO", "name": "AresGlobal", "message": "[SYSTEM] ================================================================================", "correlation_id": "-", "session_id": "-", "timestamp": "2025-08-19T08:50:43.095230+00:00"}
{"asctime": "2025-08-19 10:50:43,095", "levelname": "INFO", "name": "AresGlobal", "message": "[SYSTEM] 🚀 ARES LAUNCHER STARTED - Mode: blank - Symbol: ETHUSDT - Exchange: BINANCE", "correlation_id": "-", "session_id": "-", "timestamp": "2025-08-19T08:50:43.095375+00:00"}
{"asctime": "2025-08-19 10:50:43,095", "levelname": "INFO", "name": "AresGlobal", "message": "[SYSTEM] Start time: 2025-08-19 10:50:43", "correlation_id": "-", "session_id": "-", "timestamp": "2025-08-19T08:50:43.095523+00:00"}
{"asctime": "2025-08-19 10:50:43,095", "levelname": "INFO", "name": "AresGlobal", "message": "[SYSTEM] Log directory: log", "correlation_id": "-", "session_id": "-", "timestamp": "2025-08-19T08:50:43.095671+00:00"}
{"asctime": "2025-08-19 10:50:43,095", "levelname": "INFO", "name": "AresGlobal", "message": "[SYSTEM] ================================================================================", "correlation_id": "-", "session_id": "-", "timestamp": "2025-08-19T08:50:43.095812+00:00"}
{"asctime": "2025-08-19 10:50:43,095", "levelname": "INFO", "name": "AresGlobal.AresLauncher", "message": "🚀 Running enhanced 16-step training pipeline for ETHUSDT on BINANCE", "correlation_id": "-", "session_id": "-", "timestamp": "2025-08-19T08:50:43.095893+00:00"}
{"asctime": "2025-08-19 10:50:43,095", "levelname": "INFO", "name": "AresGlobal.AresLauncher", "message": "Starting from step: step2_feature_engineering", "correlation_id": "-", "session_id": "-", "timestamp": "2025-08-19T08:50:43.095972+00:00"}
{"asctime": "2025-08-19 10:50:43,097", "levelname": "INFO", "name": "AresGlobal.AresLauncher", "message": "🧪 BLANK TRAINING MODE: Set BLANK_TRAINING_MODE=1 for step-based training", "correlation_id": "-", "session_id": "-", "timestamp": "2025-08-19T08:50:43.097080+00:00"}
{"asctime": "2025-08-19 10:50:43,097", "levelname": "INFO", "name": "AresGlobal.ProgressManager", "message": "Initialized ProgressManager for ETHUSDT on BINANCE", "correlation_id": "-", "session_id": "-", "timestamp": "2025-08-19T08:50:43.097210+00:00"}
{"asctime": "2025-08-19 10:50:43,097", "levelname": "INFO", "name": "AresGlobal.ProgressManager", "message": "Progress directory: data/training/progress/BINANCE_ETHUSDT", "correlation_id": "-", "session_id": "-", "timestamp": "2025-08-19T08:50:43.097290+00:00"}
{"asctime": "2025-08-19 10:50:43,097", "levelname": "INFO", "name": "AresGlobal.StepOrchestrator", "message": "Initialized StepOrchestrator for ETHUSDT on BINANCE", "correlation_id": "-", "session_id": "-", "timestamp": "2025-08-19T08:50:43.097366+00:00"}
{"asctime": "2025-08-19 10:50:43,097", "levelname": "INFO", "name": "AresGlobal.ProgressManager", "message": "🗑️  Cleared progress for step2_feature_engineering", "correlation_id": "-", "session_id": "-", "timestamp": "2025-08-19T08:50:43.097544+00:00"}
{"asctime": "2025-08-19 10:50:43,097", "levelname": "INFO", "name": "AresGlobal.AresLauncher", "message": "🧹 Cleared progress for 'step2_feature_engineering' (force)", "correlation_id": "-", "session_id": "-", "timestamp": "2025-08-19T08:50:43.097658+00:00"}
{"asctime": "2025-08-19 10:50:43,097", "levelname": "INFO", "name": "AresGlobal.ProgressManager", "message": "🗑️  Cleared progress for step3_hmm_regime_discovery", "correlation_id": "-", "session_id": "-", "timestamp": "2025-08-19T08:50:43.097773+00:00"}
{"asctime": "2025-08-19 10:50:43,097", "levelname": "INFO", "name": "AresGlobal.AresLauncher", "message": "🧹 Cleared progress for 'step3_hmm_regime_discovery' (force)", "correlation_id": "-", "session_id": "-", "timestamp": "2025-08-19T08:50:43.097859+00:00"}
{"asctime": "2025-08-19 10:50:43,097", "levelname": "INFO", "name": "AresGlobal.ProgressManager", "message": "🗑️  Cleared progress for step4_processing_labeling", "correlation_id": "-", "session_id": "-", "timestamp": "2025-08-19T08:50:43.097960+00:00"}
{"asctime": "2025-08-19 10:50:43,098", "levelname": "INFO", "name": "AresGlobal.AresLauncher", "message": "🧹 Cleared progress for 'step4_processing_labeling' (force)", "correlation_id": "-", "session_id": "-", "timestamp": "2025-08-19T08:50:43.098051+00:00"}
{"asctime": "2025-08-19 10:50:43,098", "levelname": "INFO", "name": "AresGlobal.ProgressManager", "message": "🗑️  Cleared progress for step5_regime_data_splitting", "correlation_id": "-", "session_id": "-", "timestamp": "2025-08-19T08:50:43.098155+00:00"}
{"asctime": "2025-08-19 10:50:43,098", "levelname": "INFO", "name": "AresGlobal.AresLauncher", "message": "🧹 Cleared progress for 'step5_regime_data_splitting' (force)", "correlation_id": "-", "session_id": "-", "timestamp": "2025-08-19T08:50:43.098303+00:00"}
{"asctime": "2025-08-19 10:50:43,099", "levelname": "INFO", "name": "AresGlobal.ProgressManager", "message": "🗑️  Cleared progress for step6_hmm_based_training", "correlation_id": "-", "session_id": "-", "timestamp": "2025-08-19T08:50:43.099109+00:00"}
{"asctime": "2025-08-19 10:50:43,099", "levelname": "INFO", "name": "AresGlobal.AresLauncher", "message": "🧹 Cleared progress for 'step6_hmm_based_training' (force)", "correlation_id": "-", "session_id": "-", "timestamp": "2025-08-19T08:50:43.099457+00:00"}
{"asctime": "2025-08-19 10:50:43,099", "levelname": "INFO", "name": "AresGlobal.ProgressManager", "message": "🗑️  Cleared progress for step6_5_unified_regime_intelligence", "correlation_id": "-", "session_id": "-", "timestamp": "2025-08-19T08:50:43.099706+00:00"}
{"asctime": "2025-08-19 10:50:43,099", "levelname": "INFO", "name": "AresGlobal.AresLauncher", "message": "🧹 Cleared progress for 'step6_5_unified_regime_intelligence' (force)", "correlation_id": "-", "session_id": "-", "timestamp": "2025-08-19T08:50:43.099862+00:00"}
{"asctime": "2025-08-19 10:50:43,099", "levelname": "INFO", "name": "AresGlobal.ProgressManager", "message": "🗑️  Cleared progress for step7_analyst_enhancement", "correlation_id": "-", "session_id": "-", "timestamp": "2025-08-19T08:50:43.099975+00:00"}
{"asctime": "2025-08-19 10:50:43,100", "levelname": "INFO", "name": "AresGlobal.AresLauncher", "message": "🧹 Cleared progress for 'step7_analyst_enhancement' (force)", "correlation_id": "-", "session_id": "-", "timestamp": "2025-08-19T08:50:43.100064+00:00"}
{"asctime": "2025-08-19 10:50:43,100", "levelname": "INFO", "name": "AresGlobal.ProgressManager", "message": "🗑️  Cleared progress for step8_tactician_labeling", "correlation_id": "-", "session_id": "-", "timestamp": "2025-08-19T08:50:43.100165+00:00"}
{"asctime": "2025-08-19 10:50:43,100", "levelname": "INFO", "name": "AresGlobal.AresLauncher", "message": "🧹 Cleared progress for 'step8_tactician_labeling' (force)", "correlation_id": "-", "session_id": "-", "timestamp": "2025-08-19T08:50:43.100243+00:00"}
{"asctime": "2025-08-19 10:50:43,100", "levelname": "INFO", "name": "AresGlobal.ProgressManager", "message": "🗑️  Cleared progress for step9_tactician_specialist_training", "correlation_id": "-", "session_id": "-", "timestamp": "2025-08-19T08:50:43.100340+00:00"}
{"asctime": "2025-08-19 10:50:43,100", "levelname": "INFO", "name": "AresGlobal.AresLauncher", "message": "🧹 Cleared progress for 'step9_tactician_specialist_training' (force)", "correlation_id": "-", "session_id": "-", "timestamp": "2025-08-19T08:50:43.100439+00:00"}
{"asctime": "2025-08-19 10:50:43,100", "levelname": "INFO", "name": "AresGlobal.ProgressManager", "message": "🗑️  Cleared progress for step10_confidence_calibration", "correlation_id": "-", "session_id": "-", "timestamp": "2025-08-19T08:50:43.100533+00:00"}
{"asctime": "2025-08-19 10:50:43,100", "levelname": "INFO", "name": "AresGlobal.AresLauncher", "message": "🧹 Cleared progress for 'step10_confidence_calibration' (force)", "correlation_id": "-", "session_id": "-", "timestamp": "2025-08-19T08:50:43.100608+00:00"}
{"asctime": "2025-08-19 10:50:43,100", "levelname": "INFO", "name": "AresGlobal.ProgressManager", "message": "🗑️  Cleared progress for step11_final_parameters_optimization", "correlation_id": "-", "session_id": "-", "timestamp": "2025-08-19T08:50:43.100699+00:00"}
{"asctime": "2025-08-19 10:50:43,100", "levelname": "INFO", "name": "AresGlobal.AresLauncher", "message": "🧹 Cleared progress for 'step11_final_parameters_optimization' (force)", "correlation_id": "-", "session_id": "-", "timestamp": "2025-08-19T08:50:43.100775+00:00"}
{"asctime": "2025-08-19 10:50:43,100", "levelname": "INFO", "name": "AresGlobal.ProgressManager", "message": "🗑️  Cleared progress for step12_walk_forward_validation", "correlation_id": "-", "session_id": "-", "timestamp": "2025-08-19T08:50:43.100877+00:00"}
{"asctime": "2025-08-19 10:50:43,100", "levelname": "INFO", "name": "AresGlobal.AresLauncher", "message": "🧹 Cleared progress for 'step12_walk_forward_validation' (force)", "correlation_id": "-", "session_id": "-", "timestamp": "2025-08-19T08:50:43.100953+00:00"}
{"asctime": "2025-08-19 10:50:43,101", "levelname": "INFO", "name": "AresGlobal.ProgressManager", "message": "🗑️  Cleared progress for step13_monte_carlo_validation", "correlation_id": "-", "session_id": "-", "timestamp": "2025-08-19T08:50:43.101042+00:00"}
{"asctime": "2025-08-19 10:50:43,101", "levelname": "INFO", "name": "AresGlobal.AresLauncher", "message": "🧹 Cleared progress for 'step13_monte_carlo_validation' (force)", "correlation_id": "-", "session_id": "-", "timestamp": "2025-08-19T08:50:43.101115+00:00"}
{"asctime": "2025-08-19 10:50:43,101", "levelname": "INFO", "name": "AresGlobal.ProgressManager", "message": "🗑️  Cleared progress for step14_ab_testing", "correlation_id": "-", "session_id": "-", "timestamp": "2025-08-19T08:50:43.101204+00:00"}
{"asctime": "2025-08-19 10:50:43,101", "levelname": "INFO", "name": "AresGlobal.AresLauncher", "message": "🧹 Cleared progress for 'step14_ab_testing' (force)", "correlation_id": "-", "session_id": "-", "timestamp": "2025-08-19T08:50:43.101282+00:00"}
{"asctime": "2025-08-19 10:50:43,101", "levelname": "INFO", "name": "AresGlobal.ProgressManager", "message": "🗑️  Cleared progress for step15_saving", "correlation_id": "-", "session_id": "-", "timestamp": "2025-08-19T08:50:43.101374+00:00"}
{"asctime": "2025-08-19 10:50:43,101", "levelname": "INFO", "name": "AresGlobal.AresLauncher", "message": "🧹 Cleared progress for 'step15_saving' (force)", "correlation_id": "-", "session_id": "-", "timestamp": "2025-08-19T08:50:43.101455+00:00"}
{"asctime": "2025-08-19 10:50:43,101", "levelname": "INFO", "name": "AresGlobal.AresLauncher", "message": "✅ Cleared progress for 15 steps: ['step2_feature_engineering', 'step3_hmm_regime_discovery', 'step4_processing_labeling', 'step5_regime_data_splitting', 'step6_hmm_based_training', 'step6_5_unified_regime_intelligence', 'step7_analyst_enhancement', 'step8_tactician_labeling', 'step9_tactician_specialist_training', 'step10_confidence_calibration', 'step11_final_parameters_optimization', 'step12_walk_forward_validation', 'step13_monte_carlo_validation', 'step14_ab_testing', 'step15_saving']", "correlation_id": "-", "session_id": "-", "timestamp": "2025-08-19T08:50:43.101547+00:00"}
{"asctime": "2025-08-19 10:50:43,102", "levelname": "INFO", "name": "AresGlobal.StepOrchestrator", "message": "🚀 Starting execution from step: step2_feature_engineering", "correlation_id": "-", "session_id": "-", "timestamp": "2025-08-19T08:50:43.102485+00:00"}
{"asctime": "2025-08-19 10:50:49,067", "levelname": "INFO", "name": "AresGlobal.M1GPUAcceleration", "message": "✅ MPS (Metal Performance Shaders) available and enabled", "correlation_id": "-", "session_id": "-", "timestamp": "2025-08-19T08:50:49.067816+00:00"}
{"asctime": "2025-08-19 10:50:49,071", "levelname": "INFO", "name": "AresGlobal.ComputationalOptimizationManager", "message": "Computational Optimization Manager initialized", "correlation_id": "-", "session_id": "-", "timestamp": "2025-08-19T08:50:49.071213+00:00"}
{"asctime": "2025-08-19 10:50:49,073", "levelname": "INFO", "name": "AresGlobal.StepOrchestrator", "message": "✅ Enhanced training manager setup successfully", "correlation_id": "-", "session_id": "-", "timestamp": "2025-08-19T08:50:49.073460+00:00"}
{"asctime": "2025-08-19 10:50:49,206", "levelname": "INFO", "name": "AresGlobal.M1GPUAcceleration", "message": "🧹 GPU memory cleared", "correlation_id": "-", "session_id": "-", "timestamp": "2025-08-19T08:50:49.206657+00:00"}
{"asctime": "2025-08-19 10:50:49,206", "levelname": "INFO", "name": "AresGlobal.StepOrchestrator", "message": "❌ ❌ Enhanced 16-step training pipeline failed", "correlation_id": "-", "session_id": "-", "timestamp": "2025-08-19T08:50:49.206830+00:00"}
{"asctime": "2025-08-19 10:50:49,207", "levelname": "ERROR", "name": "AresGlobal.AresLauncher", "message": "❌ Step-based training pipeline failed", "correlation_id": "-", "session_id": "-", "timestamp": "2025-08-19T08:50:49.207104+00:00"}
{"asctime": "2025-08-19 10:50:49,207", "levelname": "INFO", "name": "AresGlobal", "message": "[SYSTEM] ================================================================================", "correlation_id": "-", "session_id": "-", "timestamp": "2025-08-19T08:50:49.207302+00:00"}
{"asctime": "2025-08-19 10:50:49,207", "levelname": "INFO", "name": "AresGlobal", "message": "[SYSTEM] 🛑 ARES LAUNCHER ENDED - Exit code: 1", "correlation_id": "-", "session_id": "-", "timestamp": "2025-08-19T08:50:49.207457+00:00"}
{"asctime": "2025-08-19 10:50:49,207", "levelname": "INFO", "name": "AresGlobal", "message": "[SYSTEM] End time: 2025-08-19 10:50:49", "correlation_id": "-", "session_id": "-", "timestamp": "2025-08-19T08:50:49.207618+00:00"}
{"asctime": "2025-08-19 10:50:49,207", "levelname": "INFO", "name": "AresGlobal", "message": "[SYSTEM] ================================================================================", "correlation_id": "-", "session_id": "-", "timestamp": "2025-08-19T08:50:49.207768+00:00"}
{"asctime": "2025-08-19 10:50:49,207", "levelname": "INFO", "name": "AresGlobal.AresLauncher", "message": "🧹 Cleaning up processes...", "correlation_id": "-", "session_id": "-", "timestamp": "2025-08-19T08:50:49.207849+00:00"}
{"asctime": "2025-08-19 10:50:49,207", "levelname": "INFO", "name": "AresGlobal.AresLauncher", "message": "✅ Cleanup completed", "correlation_id": "-", "session_id": "-", "timestamp": "2025-08-19T08:50:49.207938+00:00"}
