{"asctime": "2025-08-19 17:11:44,127", "levelname": "INFO", "name": "AresTradingSystem", "message": "✅ Enhanced Logger initialization completed successfully", "correlation_id": "-", "session_id": "-", "timestamp": "2025-08-19T15:11:44.127964+00:00"}
{"asctime": "2025-08-19 17:11:44,593", "levelname": "INFO", "name": "AresTradingSystem.System.VectorizedAdvancedFeatureEngineering", "message": "✅ Subsampling disabled for blank/short-blank horizon (<=180d)", "correlation_id": "-", "session_id": "-", "timestamp": "2025-08-19T15:11:44.593066+00:00"}
{"asctime": "2025-08-19 17:11:44,593", "levelname": "INFO", "name": "AresTradingSystem.System.VectorizedAdvancedFeatureEngineering", "message": "✅ Configured joblib memory cache: data/joblib_cache", "correlation_id": "-", "session_id": "-", "timestamp": "2025-08-19T15:11:44.593623+00:00"}
{"asctime": "2025-08-19 17:11:44,636", "levelname": "INFO", "name": "AresTradingSystem.System.EnhancedTrainingManager", "message": "✅ Enhanced matrix operations and GPU acceleration initialized", "correlation_id": "-", "session_id": "-", "timestamp": "2025-08-19T15:11:44.636070+00:00"}
{"asctime": "2025-08-19 17:11:44,636", "levelname": "INFO", "name": "AresTradingSystem.System.EnhancedTrainingManager", "message": "🚀 Initializing Enhanced Training Manager...", "correlation_id": "-", "session_id": "-", "timestamp": "2025-08-19T15:11:44.636272+00:00"}
{"asctime": "2025-08-19 17:11:44,636", "levelname": "INFO", "name": "AresTradingSystem.System.EnhancedTrainingManager", "message": "📊 Blank training mode: True", "correlation_id": "-", "session_id": "-", "timestamp": "2025-08-19T15:11:44.636389+00:00"}
{"asctime": "2025-08-19 17:11:44,636", "levelname": "INFO", "name": "AresTradingSystem.System.EnhancedTrainingManager", "message": "🔧 Max trials: 200", "correlation_id": "-", "session_id": "-", "timestamp": "2025-08-19T15:11:44.636489+00:00"}
{"asctime": "2025-08-19 17:11:44,636", "levelname": "INFO", "name": "AresTradingSystem.System.EnhancedTrainingManager", "message": "🔧 N trials: 100", "correlation_id": "-", "session_id": "-", "timestamp": "2025-08-19T15:11:44.636583+00:00"}
{"asctime": "2025-08-19 17:11:44,636", "levelname": "INFO", "name": "AresTradingSystem.System.EnhancedTrainingManager", "message": "📈 Lookback days: 180", "correlation_id": "-", "session_id": "-", "timestamp": "2025-08-19T15:11:44.636676+00:00"}
{"asctime": "2025-08-19 17:11:44,636", "levelname": "INFO", "name": "AresTradingSystem.System.EnhancedTrainingManager", "message": "🚀 Computational optimization: True", "correlation_id": "-", "session_id": "-", "timestamp": "2025-08-19T15:11:44.636771+00:00"}
{"asctime": "2025-08-19 17:11:44,636", "levelname": "INFO", "name": "AresTradingSystem.System.EnhancedTrainingManager", "message": "📊 Resource Analysis:", "correlation_id": "-", "session_id": "-", "timestamp": "2025-08-19T15:11:44.636908+00:00"}
{"asctime": "2025-08-19 17:11:44,637", "levelname": "INFO", "name": "AresTradingSystem.System.EnhancedTrainingManager", "message": "   💾 System Memory: 16.0 GB", "correlation_id": "-", "session_id": "-", "timestamp": "2025-08-19T15:11:44.637004+00:00"}
{"asctime": "2025-08-19 17:11:44,637", "levelname": "INFO", "name": "AresTradingSystem.System.EnhancedTrainingManager", "message": "   🖥️ CPU Cores: 8", "correlation_id": "-", "session_id": "-", "timestamp": "2025-08-19T15:11:44.637092+00:00"}
{"asctime": "2025-08-19 17:11:44,637", "levelname": "INFO", "name": "AresTradingSystem.System.EnhancedTrainingManager", "message": "   📈 Estimated Memory Usage: 4.0 GB", "correlation_id": "-", "session_id": "-", "timestamp": "2025-08-19T15:11:44.637179+00:00"}
{"asctime": "2025-08-19 17:11:44,637", "levelname": "INFO", "name": "AresTradingSystem.System.EnhancedTrainingManager", "message": "   ⏱️ Estimated Time: 90 minutes (1.5 hours)", "correlation_id": "-", "session_id": "-", "timestamp": "2025-08-19T15:11:44.637266+00:00"}
{"asctime": "2025-08-19 17:11:44,637", "levelname": "INFO", "name": "AresTradingSystem.System.EnhancedTrainingManager", "message": "   🤖 Models to Train: 4", "correlation_id": "-", "session_id": "-", "timestamp": "2025-08-19T15:11:44.637355+00:00"}
{"asctime": "2025-08-19 17:11:44,637", "levelname": "INFO", "name": "AresTradingSystem.System.EnhancedTrainingManager", "message": "   🔧 Optimization Trials: 50", "correlation_id": "-", "session_id": "-", "timestamp": "2025-08-19T15:11:44.637455+00:00"}
{"asctime": "2025-08-19 17:11:44,637", "levelname": "INFO", "name": "AresTradingSystem.System.EnhancedTrainingManager", "message": "📋 Step-by-Step Time Estimates:", "correlation_id": "-", "session_id": "-", "timestamp": "2025-08-19T15:11:44.637539+00:00"}
{"asctime": "2025-08-19 17:11:44,637", "levelname": "INFO", "name": "AresTradingSystem.System.EnhancedTrainingManager", "message": "   step1_data_collection: 5 min (4.3%)", "correlation_id": "-", "session_id": "-", "timestamp": "2025-08-19T15:11:44.637628+00:00"}
{"asctime": "2025-08-19 17:11:44,637", "levelname": "INFO", "name": "AresTradingSystem.System.EnhancedTrainingManager", "message": "   step2_feature_engineering: 15 min (13.0%)", "correlation_id": "-", "session_id": "-", "timestamp": "2025-08-19T15:11:44.637716+00:00"}
{"asctime": "2025-08-19 17:11:44,637", "levelname": "INFO", "name": "AresTradingSystem.System.EnhancedTrainingManager", "message": "   step3_hmm_regime_discovery: 3 min (2.6%)", "correlation_id": "-", "session_id": "-", "timestamp": "2025-08-19T15:11:44.637798+00:00"}
{"asctime": "2025-08-19 17:11:44,637", "levelname": "INFO", "name": "AresTradingSystem.System.EnhancedTrainingManager", "message": "   step4_processing_labeling: 8 min (7.0%)", "correlation_id": "-", "session_id": "-", "timestamp": "2025-08-19T15:11:44.637879+00:00"}
{"asctime": "2025-08-19 17:11:44,637", "levelname": "INFO", "name": "AresTradingSystem.System.EnhancedTrainingManager", "message": "   step5_regime_data_splitting: 2 min (1.7%)", "correlation_id": "-", "session_id": "-", "timestamp": "2025-08-19T15:11:44.637959+00:00"}
{"asctime": "2025-08-19 17:11:44,638", "levelname": "INFO", "name": "AresTradingSystem.System.EnhancedTrainingManager", "message": "   step6_hmm_based_training: 10 min (8.7%)", "correlation_id": "-", "session_id": "-", "timestamp": "2025-08-19T15:11:44.638038+00:00"}
{"asctime": "2025-08-19 17:11:44,638", "levelname": "INFO", "name": "AresTradingSystem.System.EnhancedTrainingManager", "message": "   step6_5_unified_regime_intelligence: 8 min (7.0%)", "correlation_id": "-", "session_id": "-", "timestamp": "2025-08-19T15:11:44.638117+00:00"}
{"asctime": "2025-08-19 17:11:44,638", "levelname": "INFO", "name": "AresTradingSystem.System.EnhancedTrainingManager", "message": "   step7_analyst_enhancement: 8 min (7.0%)", "correlation_id": "-", "session_id": "-", "timestamp": "2025-08-19T15:11:44.638195+00:00"}
{"asctime": "2025-08-19 17:11:44,638", "levelname": "INFO", "name": "AresTradingSystem.System.EnhancedTrainingManager", "message": "   step8_tactician_labeling: 5 min (4.3%)", "correlation_id": "-", "session_id": "-", "timestamp": "2025-08-19T15:11:44.638278+00:00"}
{"asctime": "2025-08-19 17:11:44,638", "levelname": "INFO", "name": "AresTradingSystem.System.EnhancedTrainingManager", "message": "   step9_tactician_specialist_training: 10 min (8.7%)", "correlation_id": "-", "session_id": "-", "timestamp": "2025-08-19T15:11:44.638355+00:00"}
{"asctime": "2025-08-19 17:11:44,638", "levelname": "INFO", "name": "AresTradingSystem.System.EnhancedTrainingManager", "message": "   step10_confidence_calibration: 3 min (2.6%)", "correlation_id": "-", "session_id": "-", "timestamp": "2025-08-19T15:11:44.638434+00:00"}
{"asctime": "2025-08-19 17:11:44,638", "levelname": "INFO", "name": "AresTradingSystem.System.EnhancedTrainingManager", "message": "   step11_final_parameters_optimization: 15 min (13.0%)", "correlation_id": "-", "session_id": "-", "timestamp": "2025-08-19T15:11:44.638512+00:00"}
{"asctime": "2025-08-19 17:11:44,638", "levelname": "INFO", "name": "AresTradingSystem.System.EnhancedTrainingManager", "message": "   step12_walk_forward_validation: 8 min (7.0%)", "correlation_id": "-", "session_id": "-", "timestamp": "2025-08-19T15:11:44.638585+00:00"}
{"asctime": "2025-08-19 17:11:44,638", "levelname": "INFO", "name": "AresTradingSystem.System.EnhancedTrainingManager", "message": "   step13_monte_carlo_validation: 8 min (7.0%)", "correlation_id": "-", "session_id": "-", "timestamp": "2025-08-19T15:11:44.638660+00:00"}
{"asctime": "2025-08-19 17:11:44,638", "levelname": "INFO", "name": "AresTradingSystem.System.EnhancedTrainingManager", "message": "   step14_ab_testing: 5 min (4.3%)", "correlation_id": "-", "session_id": "-", "timestamp": "2025-08-19T15:11:44.638729+00:00"}
{"asctime": "2025-08-19 17:11:44,638", "levelname": "INFO", "name": "AresTradingSystem.System.EnhancedTrainingManager", "message": "   step15_saving: 2 min (1.7%)", "correlation_id": "-", "session_id": "-", "timestamp": "2025-08-19T15:11:44.638799+00:00"}
{"asctime": "2025-08-19 17:11:44,638", "levelname": "INFO", "name": "AresTradingSystem.System.EnhancedTrainingManager", "message": "💡 Recommendations:", "correlation_id": "-", "session_id": "-", "timestamp": "2025-08-19T15:11:44.638875+00:00"}
{"asctime": "2025-08-19 17:11:44,638", "levelname": "INFO", "name": "AresTradingSystem.System.EnhancedTrainingManager", "message": "   ✅ Blank training mode is suitable for your system", "correlation_id": "-", "session_id": "-", "timestamp": "2025-08-19T15:11:44.638951+00:00"}
{"asctime": "2025-08-19 17:11:44,639", "levelname": "INFO", "name": "AresTradingSystem.System.EnhancedTrainingManager", "message": "🚀 Initializing computational optimization components...", "correlation_id": "-", "session_id": "-", "timestamp": "2025-08-19T15:11:44.639049+00:00"}
{"asctime": "2025-08-19 17:11:44,639", "levelname": "INFO", "name": "AresTradingSystem.System.EnhancedTrainingManager", "message": "✅ Computational optimization components initialized successfully", "correlation_id": "-", "session_id": "-", "timestamp": "2025-08-19T15:11:44.639717+00:00"}
{"asctime": "2025-08-19 17:11:44,639", "levelname": "INFO", "name": "AresTradingSystem.System.VectorizedTrainingPipeline", "message": "🚀 Initializing Vectorized Training Pipeline...", "correlation_id": "-", "session_id": "-", "timestamp": "2025-08-19T15:11:44.639811+00:00"}
{"asctime": "2025-08-19 17:11:44,639", "levelname": "INFO", "name": "AresTradingSystem.System.VectorizedTrainingPipeline", "message": "📊 Initializing matrix enhancement components...", "correlation_id": "-", "session_id": "-", "timestamp": "2025-08-19T15:11:44.639888+00:00"}
{"asctime": "2025-08-19 17:11:44,639", "levelname": "INFO", "name": "AresTradingSystem.System.VectorizedAdvancedFeatureEngineering", "message": "🚀 Initializing vectorized advanced feature engineering...", "correlation_id": "-", "session_id": "-", "timestamp": "2025-08-19T15:11:44.639970+00:00"}
{"asctime": "2025-08-19 17:11:44,640", "levelname": "INFO", "name": "AresTradingSystem.System.WaveletFeatureCache", "message": "✅ Cache directory initialized: data/wavelet_cache", "correlation_id": "-", "session_id": "-", "timestamp": "2025-08-19T15:11:44.640332+00:00"}
{"asctime": "2025-08-19 17:11:44,640", "levelname": "INFO", "name": "AresTradingSystem.System.VectorizedVolatilityRegimeModel", "message": "🚀 Initializing VectorizedVolatilityRegimeModel...", "correlation_id": "-", "session_id": "-", "timestamp": "2025-08-19T15:11:44.640520+00:00"}
{"asctime": "2025-08-19 17:11:44,640", "levelname": "INFO", "name": "AresTradingSystem.System.VectorizedVolatilityRegimeModel", "message": "✅ VectorizedVolatilityRegimeModel initialized successfully", "correlation_id": "-", "session_id": "-", "timestamp": "2025-08-19T15:11:44.640695+00:00"}
{"asctime": "2025-08-19 17:11:44,640", "levelname": "INFO", "name": "AresTradingSystem.System.VectorizedCorrelationAnalyzer", "message": "🚀 Initializing VectorizedCorrelationAnalyzer...", "correlation_id": "-", "session_id": "-", "timestamp": "2025-08-19T15:11:44.640826+00:00"}
{"asctime": "2025-08-19 17:11:44,640", "levelname": "INFO", "name": "AresTradingSystem.System.VectorizedCorrelationAnalyzer", "message": "✅ VectorizedCorrelationAnalyzer initialized successfully", "correlation_id": "-", "session_id": "-", "timestamp": "2025-08-19T15:11:44.640925+00:00"}
{"asctime": "2025-08-19 17:11:44,641", "levelname": "INFO", "name": "AresTradingSystem.System.VectorizedMomentumAnalyzer", "message": "🚀 Initializing VectorizedMomentumAnalyzer...", "correlation_id": "-", "session_id": "-", "timestamp": "2025-08-19T15:11:44.641032+00:00"}
{"asctime": "2025-08-19 17:11:44,641", "levelname": "INFO", "name": "AresTradingSystem.System.VectorizedMomentumAnalyzer", "message": "✅ VectorizedMomentumAnalyzer initialized successfully", "correlation_id": "-", "session_id": "-", "timestamp": "2025-08-19T15:11:44.641149+00:00"}
{"asctime": "2025-08-19 17:11:44,641", "levelname": "INFO", "name": "AresTradingSystem.System.VectorizedAdvancedFeatureEngineering", "message": "🔍 Creating VectorizedLiquidityAnalyzer...", "correlation_id": "-", "session_id": "-", "timestamp": "2025-08-19T15:11:44.641242+00:00"}
{"asctime": "2025-08-19 17:11:44,641", "levelname": "INFO", "name": "AresTradingSystem.System.VectorizedAdvancedFeatureEngineering", "message": "🔍 VectorizedLiquidityAnalyzer created, initializing...", "correlation_id": "-", "session_id": "-", "timestamp": "2025-08-19T15:11:44.641336+00:00"}
{"asctime": "2025-08-19 17:11:44,641", "levelname": "INFO", "name": "AresTradingSystem.System.VectorizedLiquidityAnalyzer", "message": "🚀 Initializing VectorizedLiquidityAnalyzer...", "correlation_id": "-", "session_id": "-", "timestamp": "2025-08-19T15:11:44.641420+00:00"}
{"asctime": "2025-08-19 17:11:44,641", "levelname": "INFO", "name": "AresTradingSystem.System.VectorizedLiquidityAnalyzer", "message": "✅ VectorizedLiquidityAnalyzer initialized successfully", "correlation_id": "-", "session_id": "-", "timestamp": "2025-08-19T15:11:44.641497+00:00"}
{"asctime": "2025-08-19 17:11:44,641", "levelname": "INFO", "name": "AresTradingSystem.System.VectorizedAdvancedFeatureEngineering", "message": "✅ Liquidity analyzer initialized successfully", "correlation_id": "-", "session_id": "-", "timestamp": "2025-08-19T15:11:44.641576+00:00"}
{"asctime": "2025-08-19 17:11:44,641", "levelname": "INFO", "name": "AresTradingSystem.System.VectorizedAdvancedFeatureEngineering", "message": "🔍 Creating VectorizedCandlestickPatternAnalyzer...", "correlation_id": "-", "session_id": "-", "timestamp": "2025-08-19T15:11:44.641651+00:00"}
{"asctime": "2025-08-19 17:11:44,641", "levelname": "INFO", "name": "AresTradingSystem.System.VectorizedAdvancedFeatureEngineering", "message": "🔍 VectorizedCandlestickPatternAnalyzer created, initializing...", "correlation_id": "-", "session_id": "-", "timestamp": "2025-08-19T15:11:44.641735+00:00"}
{"asctime": "2025-08-19 17:11:44,641", "levelname": "INFO", "name": "AresTradingSystem.System.VectorizedCandlestickPatternAnalyzer", "message": "🚀 Initializing VectorizedCandlestickPatternAnalyzer...", "correlation_id": "-", "session_id": "-", "timestamp": "2025-08-19T15:11:44.641812+00:00"}
{"asctime": "2025-08-19 17:11:44,641", "levelname": "INFO", "name": "AresTradingSystem.System.VectorizedCandlestickPatternAnalyzer", "message": "🔍 Config keys: ['environment', 'system', 'trading', 'training', 'trading_symbol', 'exchange_name', 'trading_interval', 'initial_equity', 'taker_fee', 'maker_fee', 'state_file', 'lookback_years', 'exchanges', 'risk_management', 'position_management', 'pipeline', 'analyst', 'logging', 'database', 'data', 'checkpointing', 'reporting', 'mlflow', 'version', 'training_pipeline', 'MODEL_TRAINING', 'DATA_CONFIG', 'ENHANCED_TRAINING', 'HMM_LM', 'vectorized_labelling_orchestrator', 'method_a_mixture_of_experts', 'feature_reduction', 'MULTI_TIMEFRAME_TRAINING', 'TIMEFRAMES', 'TIMEFRAME_SETS', 'DEFAULT_TIMEFRAME_SET', 'TWO_TIER_DECISION', 'ENHANCED_ENSEMBLE', 'meta_labeling', 'multi_timeframe_regime_integration', 'regime_specific_tpsl_optimizer', 'TRANSITION_MODELING', 'CHECKPOINT_DIR']", "correlation_id": "-", "session_id": "-", "timestamp": "2025-08-19T15:11:44.641898+00:00"}
{"asctime": "2025-08-19 17:11:44,641", "levelname": "INFO", "name": "AresTradingSystem.System.VectorizedCandlestickPatternAnalyzer", "message": "✅ VectorizedCandlestickPatternAnalyzer initialized successfully", "correlation_id": "-", "session_id": "-", "timestamp": "2025-08-19T15:11:44.641997+00:00"}
{"asctime": "2025-08-19 17:11:44,642", "levelname": "INFO", "name": "AresTradingSystem.System.VectorizedAdvancedFeatureEngineering", "message": "✅ Candlestick analyzer initialized successfully", "correlation_id": "-", "session_id": "-", "timestamp": "2025-08-19T15:11:44.642084+00:00"}
{"asctime": "2025-08-19 17:11:44,642", "levelname": "INFO", "name": "AresTradingSystem.System.VectorizedAdvancedFeatureEngineering", "message": "🔍 Creating VectorizedSRDistanceCalculator...", "correlation_id": "-", "session_id": "-", "timestamp": "2025-08-19T15:11:44.642159+00:00"}
{"asctime": "2025-08-19 17:11:44,642", "levelname": "INFO", "name": "AresTradingSystem.System.VectorizedAdvancedFeatureEngineering", "message": "🔍 VectorizedSRDistanceCalculator created, initializing...", "correlation_id": "-", "session_id": "-", "timestamp": "2025-08-19T15:11:44.642240+00:00"}
{"asctime": "2025-08-19 17:11:44,642", "levelname": "INFO", "name": "AresTradingSystem.System.VectorizedSRDistanceCalculator", "message": "🚀 Initializing VectorizedSRDistanceCalculator...", "correlation_id": "-", "session_id": "-", "timestamp": "2025-08-19T15:11:44.642361+00:00"}
{"asctime": "2025-08-19 17:11:44,642", "levelname": "INFO", "name": "AresTradingSystem.System.VectorizedSRDistanceCalculator", "message": "✅ VectorizedSRDistanceCalculator initialized successfully", "correlation_id": "-", "session_id": "-", "timestamp": "2025-08-19T15:11:44.642434+00:00"}
{"asctime": "2025-08-19 17:11:44,642", "levelname": "INFO", "name": "AresTradingSystem.System.VectorizedAdvancedFeatureEngineering", "message": "✅ S/R distance calculator initialized successfully", "correlation_id": "-", "session_id": "-", "timestamp": "2025-08-19T15:11:44.642509+00:00"}
{"asctime": "2025-08-19 17:11:44,642", "levelname": "INFO", "name": "AresTradingSystem.System.VectorizedAdvancedFeatureEngineering", "message": "🔍 Creating VectorizedWaveletTransformAnalyzer...", "correlation_id": "-", "session_id": "-", "timestamp": "2025-08-19T15:11:44.642583+00:00"}
{"asctime": "2025-08-19 17:11:44,642", "levelname": "INFO", "name": "AresTradingSystem.System.VectorizedAdvancedFeatureEngineering", "message": "🔍 VectorizedWaveletTransformAnalyzer created, initializing...", "correlation_id": "-", "session_id": "-", "timestamp": "2025-08-19T15:11:44.642662+00:00"}
{"asctime": "2025-08-19 17:11:44,642", "levelname": "INFO", "name": "AresTradingSystem.System.VectorizedWaveletTransformAnalyzer", "message": "🚀 Initializing VectorizedWaveletTransformAnalyzer...", "correlation_id": "-", "session_id": "-", "timestamp": "2025-08-19T15:11:44.642735+00:00"}
{"asctime": "2025-08-19 17:11:44,642", "levelname": "INFO", "name": "AresTradingSystem.System.VectorizedWaveletTransformAnalyzer", "message": "✅ VectorizedWaveletTransformAnalyzer initialized successfully", "correlation_id": "-", "session_id": "-", "timestamp": "2025-08-19T15:11:44.642805+00:00"}
{"asctime": "2025-08-19 17:11:44,642", "levelname": "INFO", "name": "AresTradingSystem.System.VectorizedAdvancedFeatureEngineering", "message": "✅ Wavelet analyzer initialized successfully", "correlation_id": "-", "session_id": "-", "timestamp": "2025-08-19T15:11:44.642878+00:00"}
{"asctime": "2025-08-19 17:11:44,642", "levelname": "INFO", "name": "AresTradingSystem.System.VectorizedAdvancedFeatureEngineering", "message": "ℹ️ Meta-labeling system removed - using only HMM market regimes for labeling", "correlation_id": "-", "session_id": "-", "timestamp": "2025-08-19T15:11:44.642950+00:00"}
{"asctime": "2025-08-19 17:11:44,643", "levelname": "INFO", "name": "AresTradingSystem.System.VectorizedAdvancedFeatureEngineering", "message": "✅ Vectorized advanced feature engineering initialized successfully", "correlation_id": "-", "session_id": "-", "timestamp": "2025-08-19T15:11:44.643043+00:00"}
{"asctime": "2025-08-19 17:11:44,643", "levelname": "INFO", "name": "AresTradingSystem.System.VectorizedTrainingPipeline", "message": "🔧 Initialized vectorized feature engineering", "correlation_id": "-", "session_id": "-", "timestamp": "2025-08-19T15:11:44.643135+00:00"}
{"asctime": "2025-08-19 17:11:44,643", "levelname": "INFO", "name": "AresTradingSystem.System.VectorizedTrainingPipeline", "message": "✅ Vectorized Training Pipeline initialized successfully", "correlation_id": "-", "session_id": "-", "timestamp": "2025-08-19T15:11:44.643223+00:00"}
{"asctime": "2025-08-19 17:11:44,643", "levelname": "INFO", "name": "AresTradingSystem.System.EnhancedTrainingManager", "message": "✅ Vectorized Training Pipeline initialized", "correlation_id": "-", "session_id": "-", "timestamp": "2025-08-19T15:11:44.643305+00:00"}
{"asctime": "2025-08-19 17:11:44,643", "levelname": "INFO", "name": "AresTradingSystem.System.EnhancedTrainingManager", "message": "✅ Enhanced Training Manager initialized successfully", "correlation_id": "-", "session_id": "-", "timestamp": "2025-08-19T15:11:44.643382+00:00"}
{"asctime": "2025-08-19 17:11:44,643", "levelname": "INFO", "name": "AresTradingSystem.System.EnhancedTrainingManager", "message": "================================================================================", "correlation_id": "-", "session_id": "-", "timestamp": "2025-08-19T15:11:44.643618+00:00"}
{"asctime": "2025-08-19 17:11:44,643", "levelname": "INFO", "name": "AresTradingSystem.System.EnhancedTrainingManager", "message": "🚀 COMPREHENSIVE 15-STEP ENHANCED TRAINING PIPELINE START", "correlation_id": "-", "session_id": "-", "timestamp": "2025-08-19T15:11:44.643691+00:00"}
{"asctime": "2025-08-19 17:11:44,643", "levelname": "INFO", "name": "AresTradingSystem.System.EnhancedTrainingManager", "message": "================================================================================", "correlation_id": "-", "session_id": "-", "timestamp": "2025-08-19T15:11:44.643766+00:00"}
{"asctime": "2025-08-19 17:11:44,643", "levelname": "INFO", "name": "AresTradingSystem.System.EnhancedTrainingManager", "message": "📅 Started at: 2025-08-19 17:11:44", "correlation_id": "-", "session_id": "-", "timestamp": "2025-08-19T15:11:44.643851+00:00"}
{"asctime": "2025-08-19 17:11:44,643", "levelname": "INFO", "name": "AresTradingSystem.System.EnhancedTrainingManager", "message": "🎯 Symbol: ETHUSDT", "correlation_id": "-", "session_id": "-", "timestamp": "2025-08-19T15:11:44.643925+00:00"}
{"asctime": "2025-08-19 17:11:44,643", "levelname": "INFO", "name": "AresTradingSystem.System.EnhancedTrainingManager", "message": "🏢 Exchange: BINANCE", "correlation_id": "-", "session_id": "-", "timestamp": "2025-08-19T15:11:44.643999+00:00"}
{"asctime": "2025-08-19 17:11:44,644", "levelname": "INFO", "name": "AresTradingSystem.System.EnhancedTrainingManager", "message": "📊 Training Mode: N/A", "correlation_id": "-", "session_id": "-", "timestamp": "2025-08-19T15:11:44.644073+00:00"}
{"asctime": "2025-08-19 17:11:44,644", "levelname": "INFO", "name": "AresTradingSystem.System.EnhancedTrainingManager", "message": "📈 Lookback Days: 180", "correlation_id": "-", "session_id": "-", "timestamp": "2025-08-19T15:11:44.644144+00:00"}
{"asctime": "2025-08-19 17:11:44,644", "levelname": "INFO", "name": "AresTradingSystem.System.EnhancedTrainingManager", "message": "🔧 Blank Training Mode: True", "correlation_id": "-", "session_id": "-", "timestamp": "2025-08-19T15:11:44.644215+00:00"}
{"asctime": "2025-08-19 17:11:44,644", "levelname": "INFO", "name": "AresTradingSystem.System.EnhancedTrainingManager", "message": "🔧 Max Trials: 200", "correlation_id": "-", "session_id": "-", "timestamp": "2025-08-19T15:11:44.644286+00:00"}
{"asctime": "2025-08-19 17:11:44,644", "levelname": "INFO", "name": "AresTradingSystem.System.EnhancedTrainingManager", "message": "🔧 N Trials: 100", "correlation_id": "-", "session_id": "-", "timestamp": "2025-08-19T15:11:44.644358+00:00"}
{"asctime": "2025-08-19 17:11:44,644", "levelname": "INFO", "name": "AresTradingSystem.System.EnhancedTrainingManager", "message": "🚀 Initializing optimized tools...", "correlation_id": "-", "session_id": "-", "timestamp": "2025-08-19T15:11:44.644539+00:00"}
{"asctime": "2025-08-19 17:11:44,644", "levelname": "ERROR", "name": "AresTradingSystem.System.EnhancedTrainingManager", "message": "❌ Failed to initialize optimized tools: 'EnhancedTrainingManager' object has no attribute 'optimized_manager'", "correlation_id": "-", "session_id": "-", "exc_info": "Traceback (most recent call last):\n  File \"/Users/remyroche/Documents/Ares/src/training/enhanced_training_manager.py\", line 3782, in _initialize_optimized_tools\n    await self.optimized_manager.initialize()\n          ^^^^^^^^^^^^^^^^^^^^^^\nAttributeError: 'EnhancedTrainingManager' object has no attribute 'optimized_manager'. Did you mean: 'get_optimized_manager'?", "timestamp": "2025-08-19T15:11:44.644775+00:00"}
{"asctime": "2025-08-19 17:11:44,655", "levelname": "INFO", "name": "AresTradingSystem.System.EnhancedTrainingManager", "message": "🚀 Starting fresh training...", "correlation_id": "-", "session_id": "-", "timestamp": "2025-08-19T15:11:44.655383+00:00"}
{"asctime": "2025-08-19 17:11:44,655", "levelname": "INFO", "name": "AresTradingSystem.System.EnhancedTrainingManager", "message": "🧹 Force rerun enabled - clearing artifacts from step2_5_enhanced_matrix_operations and subsequent steps", "correlation_id": "-", "session_id": "-", "timestamp": "2025-08-19T15:11:44.655503+00:00"}
{"asctime": "2025-08-19 17:11:44,655", "levelname": "INFO", "name": "AresTradingSystem.System.EnhancedTrainingManager", "message": "🧹 Clearing artifacts from step2_5_enhanced_matrix_operations onward", "correlation_id": "-", "session_id": "-", "timestamp": "2025-08-19T15:11:44.655580+00:00"}
{"asctime": "2025-08-19 17:11:44,657", "levelname": "INFO", "name": "AresTradingSystem.System.EnhancedTrainingManager", "message": "   🧹 Cleared 2 artifacts for step2_5_enhanced_matrix_operations", "correlation_id": "-", "session_id": "-", "timestamp": "2025-08-19T15:11:44.657331+00:00"}
{"asctime": "2025-08-19 17:11:44,668", "levelname": "INFO", "name": "AresTradingSystem.System.EnhancedTrainingManager", "message": "✅ Cleared artifacts for 16 steps: ['step2_5_enhanced_matrix_operations', 'step3_hmm_regime_discovery', 'step4_processing_labeling', 'step5_regime_data_splitting', 'step5_5_enhanced_model_training_operations', 'step6_hmm_based_training', 'step6_5_unified_regime_intelligence', 'step7_analyst_enhancement', 'step8_tactician_labeling', 'step9_tactician_specialist_training', 'step10_confidence_calibration', 'step11_final_parameters_optimization', 'step12_walk_forward_validation', 'step13_monte_carlo_validation', 'step14_ab_testing', 'step15_saving']", "correlation_id": "-", "session_id": "-", "timestamp": "2025-08-19T15:11:44.668996+00:00"}
{"asctime": "2025-08-19 17:11:44,669", "levelname": "INFO", "name": "AresTradingSystem.System.EnhancedTrainingManager", "message": "✅ Cleared artifacts and checkpoints from step2_5_enhanced_matrix_operations onward", "correlation_id": "-", "session_id": "-", "timestamp": "2025-08-19T15:11:44.669286+00:00"}
{"asctime": "2025-08-19 17:11:44,669", "levelname": "INFO", "name": "AresTradingSystem.System.EnhancedTrainingManager", "message": "====================================================================================================", "correlation_id": "-", "session_id": "-", "timestamp": "2025-08-19T15:11:44.669387+00:00"}
{"asctime": "2025-08-19 17:11:44,669", "levelname": "INFO", "name": "AresTradingSystem.System.EnhancedTrainingManager", "message": "🚀 COMPREHENSIVE 15-STEP TRAINING PIPELINE START", "correlation_id": "-", "session_id": "-", "timestamp": "2025-08-19T15:11:44.669455+00:00"}
{"asctime": "2025-08-19 17:11:44,669", "levelname": "INFO", "name": "AresTradingSystem.System.EnhancedTrainingManager", "message": "====================================================================================================", "correlation_id": "-", "session_id": "-", "timestamp": "2025-08-19T15:11:44.669539+00:00"}
{"asctime": "2025-08-19 17:11:44,669", "levelname": "INFO", "name": "AresTradingSystem.System.EnhancedTrainingManager", "message": "📅 Started at: 2025-08-19 17:11:44", "correlation_id": "-", "session_id": "-", "timestamp": "2025-08-19T15:11:44.669663+00:00"}
{"asctime": "2025-08-19 17:11:44,669", "levelname": "INFO", "name": "AresTradingSystem.System.EnhancedTrainingManager", "message": "🎯 Symbol: ETHUSDT", "correlation_id": "-", "session_id": "-", "timestamp": "2025-08-19T15:11:44.669756+00:00"}
{"asctime": "2025-08-19 17:11:44,669", "levelname": "INFO", "name": "AresTradingSystem.System.EnhancedTrainingManager", "message": "🏢 Exchange: BINANCE", "correlation_id": "-", "session_id": "-", "timestamp": "2025-08-19T15:11:44.669830+00:00"}
{"asctime": "2025-08-19 17:11:44,669", "levelname": "INFO", "name": "AresTradingSystem.System.EnhancedTrainingManager", "message": "📊 Timeframe: 1m", "correlation_id": "-", "session_id": "-", "timestamp": "2025-08-19T15:11:44.669934+00:00"}
{"asctime": "2025-08-19 17:11:44,670", "levelname": "INFO", "name": "AresTradingSystem.System.EnhancedTrainingManager", "message": "🧠 Training Mode: Blank", "correlation_id": "-", "session_id": "-", "timestamp": "2025-08-19T15:11:44.670035+00:00"}
{"asctime": "2025-08-19 17:11:44,670", "levelname": "INFO", "name": "AresTradingSystem.System.EnhancedTrainingManager", "message": "🔧 Max Trials: 200", "correlation_id": "-", "session_id": "-", "timestamp": "2025-08-19T15:11:44.670149+00:00"}
{"asctime": "2025-08-19 17:11:44,670", "levelname": "INFO", "name": "AresTradingSystem.System.EnhancedTrainingManager", "message": "📈 Lookback Days: 180", "correlation_id": "-", "session_id": "-", "timestamp": "2025-08-19T15:11:44.670225+00:00"}
{"asctime": "2025-08-19 17:11:44,670", "levelname": "INFO", "name": "AresTradingSystem.System.EnhancedTrainingManager", "message": "💾 Memory Optimization: Enabled", "correlation_id": "-", "session_id": "-", "timestamp": "2025-08-19T15:11:44.670316+00:00"}
{"asctime": "2025-08-19 17:11:44,670", "levelname": "INFO", "name": "AresTradingSystem.System.EnhancedTrainingManager", "message": "🚀 Starting from step: step2_5_enhanced_matrix_operations", "correlation_id": "-", "session_id": "-", "timestamp": "2025-08-19T15:11:44.670378+00:00"}
{"asctime": "2025-08-19 17:11:44,670", "levelname": "INFO", "name": "AresTradingSystem.System.EnhancedTrainingManager", "message": "====================================================================================================", "correlation_id": "-", "session_id": "-", "timestamp": "2025-08-19T15:11:44.670530+00:00"}
{"asctime": "2025-08-19 17:11:44,670", "levelname": "INFO", "name": "AresTradingSystem.System.EnhancedTrainingManager", "message": "⏭️  Skipping Step 1: Data Collection (using pre-consolidated data)", "correlation_id": "-", "session_id": "-", "timestamp": "2025-08-19T15:11:44.670603+00:00"}
{"asctime": "2025-08-19 17:11:44,670", "levelname": "INFO", "name": "AresTradingSystem.System.EnhancedTrainingManager", "message": "💓 Step 2: Feature Engineering", "correlation_id": "-", "session_id": "-", "timestamp": "2025-08-19T15:11:44.670676+00:00"}
{"asctime": "2025-08-19 17:11:44,670", "levelname": "INFO", "name": "AresTradingSystem.System.EnhancedTrainingManager", "message": "⏭️ Skipping Step 2: Feature Engineering (starting from 'step2_5_enhanced_matrix_operations')", "correlation_id": "-", "session_id": "-", "timestamp": "2025-08-19T15:11:44.670756+00:00"}
{"asctime": "2025-08-19 17:11:44,670", "levelname": "INFO", "name": "AresTradingSystem.System.EnhancedTrainingManager", "message": "💓 Step 2.5: Enhanced Matrix Operations", "correlation_id": "-", "session_id": "-", "timestamp": "2025-08-19T15:11:44.670819+00:00"}
{"asctime": "2025-08-19 17:11:44,703", "levelname": "INFO", "name": "AresTradingSystem.System.EnhancedTrainingManager", "message": "📦 Loaded Step 2 split features: data/training/BINANCE_ETHUSDT_features_train.parquet -> rows=169864, cols=1", "correlation_id": "-", "session_id": "-", "timestamp": "2025-08-19T15:11:44.703824+00:00"}
{"asctime": "2025-08-19 17:11:44,707", "levelname": "INFO", "name": "AresTradingSystem.System.EnhancedTrainingManager", "message": "📦 Loaded Step 2 split features: data/training/BINANCE_ETHUSDT_features_validation.parquet -> rows=36400, cols=1", "correlation_id": "-", "session_id": "-", "timestamp": "2025-08-19T15:11:44.707203+00:00"}
{"asctime": "2025-08-19 17:11:44,710", "levelname": "INFO", "name": "AresTradingSystem.System.EnhancedTrainingManager", "message": "📦 Loaded Step 2 split features: data/training/BINANCE_ETHUSDT_features_test.parquet -> rows=36400, cols=1", "correlation_id": "-", "session_id": "-", "timestamp": "2025-08-19T15:11:44.710709+00:00"}
{"asctime": "2025-08-19 17:11:44,719", "levelname": "INFO", "name": "AresTradingSystem.System.EnhancedTrainingManager", "message": "✅ Built Step 2.5 input from Step 2 artifacts: rows=14222, cols=1", "correlation_id": "-", "session_id": "-", "timestamp": "2025-08-19T15:11:44.719066+00:00"}
{"asctime": "2025-08-19 17:11:44,719", "levelname": "INFO", "name": "AresTradingSystem.System.VectorizedTrainingPipeline", "message": "⚡ Optimizing training process for memory...", "correlation_id": "-", "session_id": "-", "timestamp": "2025-08-19T15:11:44.719229+00:00"}
{"asctime": "2025-08-19 17:11:44,720", "levelname": "INFO", "name": "AresTradingSystem.System.VectorizedTrainingPipeline", "message": "✅ Training process optimization completed for memory", "correlation_id": "-", "session_id": "-", "timestamp": "2025-08-19T15:11:44.720885+00:00"}
{"asctime": "2025-08-19 17:11:44,721", "levelname": "INFO", "name": "AresTradingSystem.System.EnhancedTrainingManager", "message": "💾 Vectorized feature pre-optimization (memory) completed", "correlation_id": "-", "session_id": "-", "timestamp": "2025-08-19T15:11:44.721282+00:00"}
{"asctime": "2025-08-19 17:11:44,721", "levelname": "INFO", "name": "AresTradingSystem.System.EnhancedTrainingManager", "message": "🚀 Applying Enhanced Matrix Operations with GPU Acceleration", "correlation_id": "-", "session_id": "-", "timestamp": "2025-08-19T15:11:44.721362+00:00"}
{"asctime": "2025-08-19 17:11:44,746", "levelname": "INFO", "name": "AresTradingSystem.System.EnhancedTrainingManager", "message": "✅ Enhanced Matrix Operations completed", "correlation_id": "-", "session_id": "-", "timestamp": "2025-08-19T15:11:44.746387+00:00"}
{"asctime": "2025-08-19 17:11:44,746", "levelname": "INFO", "name": "AresTradingSystem.System.EnhancedTrainingManager", "message": "📊 Features: 1 -> 1 (+0)", "correlation_id": "-", "session_id": "-", "timestamp": "2025-08-19T15:11:44.746468+00:00"}
{"asctime": "2025-08-19 17:11:44,746", "levelname": "INFO", "name": "AresTradingSystem.System.EnhancedTrainingManager", "message": "⏱️ Processing time: 0.00s", "correlation_id": "-", "session_id": "-", "timestamp": "2025-08-19T15:11:44.746570+00:00"}
{"asctime": "2025-08-19 17:11:44,755", "levelname": "INFO", "name": "AresTradingSystem.System.EnhancedTrainingManager", "message": "✅ Step 2.5: Enhanced Matrix Operations completed successfully", "correlation_id": "-", "session_id": "-", "timestamp": "2025-08-19T15:11:44.755174+00:00"}
{"asctime": "2025-08-19 17:11:44,858", "levelname": "INFO", "name": "AresTradingSystem.System.EnhancedTrainingManager", "message": "✅ Step 2.5: Enhanced Matrix Operations: completed successfully in 0.08s", "correlation_id": "-", "session_id": "-", "timestamp": "2025-08-19T15:11:44.858956+00:00"}
{"asctime": "2025-08-19 17:11:44,859", "levelname": "INFO", "name": "AresTradingSystem.System.EnhancedTrainingManager", "message": "💾 Process Memory: 805.1 MB | CPU: 0.1%", "correlation_id": "-", "session_id": "-", "timestamp": "2025-08-19T15:11:44.859409+00:00"}
{"asctime": "2025-08-19 17:11:44,859", "levelname": "INFO", "name": "AresTradingSystem.System.EnhancedTrainingManager", "message": "🖥️ System Memory: 62.0% | Available: 6.1 GB", "correlation_id": "-", "session_id": "-", "timestamp": "2025-08-19T15:11:44.859601+00:00"}
{"asctime": "2025-08-19 17:11:44,859", "levelname": "INFO", "name": "AresTradingSystem.System.EnhancedTrainingManager", "message": "📊 Progress: 6.2% (1/16)", "correlation_id": "-", "session_id": "-", "timestamp": "2025-08-19T15:11:44.859710+00:00"}
{"asctime": "2025-08-19 17:11:44,860", "levelname": "INFO", "name": "AresTradingSystem.System.EnhancedTrainingManager", "message": "💾 Checkpoint saved: step2_5_enhanced_matrix_operations -> checkpoints/BINANCE/ETHUSDT/1m/training_progress.json", "correlation_id": "-", "session_id": "-", "timestamp": "2025-08-19T15:11:44.860345+00:00"}
{"asctime": "2025-08-19 17:11:44,860", "levelname": "INFO", "name": "AresTradingSystem.System.EnhancedTrainingManager", "message": "🚀 Starting Step 3: HMM Regime Discovery", "correlation_id": "-", "session_id": "-", "timestamp": "2025-08-19T15:11:44.860448+00:00"}
{"asctime": "2025-08-19 17:11:44,860", "levelname": "INFO", "name": "AresTradingSystem.System.EnhancedTrainingManager", "message": "💓 Step 3: HMM Regime Discovery", "correlation_id": "-", "session_id": "-", "timestamp": "2025-08-19T15:11:44.860508+00:00"}
{"asctime": "2025-08-19 17:11:44,860", "levelname": "INFO", "name": "AresTradingSystem.System.EnhancedTrainingManager", "message": "✅ Found previous step artifacts for step2_5_enhanced_matrix_operations: ['data/training/BINANCE_ETHUSDT_1m_enhanced_features.parquet', 'data/training/BINANCE_ETHUSDT_1m_enhancement_metadata.json']", "correlation_id": "-", "session_id": "-", "timestamp": "2025-08-19T15:11:44.860606+00:00"}
{"asctime": "2025-08-19 17:11:44,860", "levelname": "INFO", "name": "AresTradingSystem.System.EnhancedTrainingManager", "message": "🔍 Validating dependencies for step3_hmm_regime_discovery", "correlation_id": "-", "session_id": "-", "timestamp": "2025-08-19T15:11:44.860662+00:00"}
{"asctime": "2025-08-19 17:11:44,860", "levelname": "INFO", "name": "AresTradingSystem.System.EnhancedTrainingManager", "message": "✅ Force rerun enabled for step3_hmm_regime_discovery, skipping dependency validation", "correlation_id": "-", "session_id": "-", "timestamp": "2025-08-19T15:11:44.860716+00:00"}
{"asctime": "2025-08-19 17:12:27,822", "levelname": "INFO", "name": "AresTradingSystem.System.VectorizedAdvancedFeatureEngineering", "message": "✅ Subsampling disabled for blank/short-blank horizon (<=180d)", "correlation_id": "-", "session_id": "-", "timestamp": "2025-08-19T15:12:27.822569+00:00"}
{"asctime": "2025-08-19 17:12:27,822", "levelname": "INFO", "name": "AresTradingSystem.System.VectorizedAdvancedFeatureEngineering", "message": "✅ Configured joblib memory cache: data/joblib_cache", "correlation_id": "-", "session_id": "-", "timestamp": "2025-08-19T15:12:27.822711+00:00"}
{"asctime": "2025-08-19 17:12:27,824", "levelname": "INFO", "name": "AresTradingSystem.System.VectorizedAdvancedFeatureEngineering", "message": "🚀 Initializing vectorized advanced feature engineering...", "correlation_id": "-", "session_id": "-", "timestamp": "2025-08-19T15:12:27.824082+00:00"}
{"asctime": "2025-08-19 17:12:27,824", "levelname": "INFO", "name": "AresTradingSystem.System.VectorizedVolatilityRegimeModel", "message": "🚀 Initializing VectorizedVolatilityRegimeModel...", "correlation_id": "-", "session_id": "-", "timestamp": "2025-08-19T15:12:27.824197+00:00"}
{"asctime": "2025-08-19 17:12:27,824", "levelname": "INFO", "name": "AresTradingSystem.System.VectorizedVolatilityRegimeModel", "message": "✅ VectorizedVolatilityRegimeModel initialized successfully", "correlation_id": "-", "session_id": "-", "timestamp": "2025-08-19T15:12:27.824296+00:00"}
{"asctime": "2025-08-19 17:12:27,824", "levelname": "INFO", "name": "AresTradingSystem.System.VectorizedCorrelationAnalyzer", "message": "🚀 Initializing VectorizedCorrelationAnalyzer...", "correlation_id": "-", "session_id": "-", "timestamp": "2025-08-19T15:12:27.824403+00:00"}
{"asctime": "2025-08-19 17:12:27,824", "levelname": "INFO", "name": "AresTradingSystem.System.VectorizedCorrelationAnalyzer", "message": "✅ VectorizedCorrelationAnalyzer initialized successfully", "correlation_id": "-", "session_id": "-", "timestamp": "2025-08-19T15:12:27.824463+00:00"}
{"asctime": "2025-08-19 17:12:27,824", "levelname": "INFO", "name": "AresTradingSystem.System.VectorizedMomentumAnalyzer", "message": "🚀 Initializing VectorizedMomentumAnalyzer...", "correlation_id": "-", "session_id": "-", "timestamp": "2025-08-19T15:12:27.824535+00:00"}
{"asctime": "2025-08-19 17:12:27,824", "levelname": "INFO", "name": "AresTradingSystem.System.VectorizedMomentumAnalyzer", "message": "✅ VectorizedMomentumAnalyzer initialized successfully", "correlation_id": "-", "session_id": "-", "timestamp": "2025-08-19T15:12:27.824697+00:00"}
{"asctime": "2025-08-19 17:12:27,824", "levelname": "INFO", "name": "AresTradingSystem.System.VectorizedAdvancedFeatureEngineering", "message": "🔍 Creating VectorizedLiquidityAnalyzer...", "correlation_id": "-", "session_id": "-", "timestamp": "2025-08-19T15:12:27.824764+00:00"}
{"asctime": "2025-08-19 17:12:27,824", "levelname": "INFO", "name": "AresTradingSystem.System.VectorizedAdvancedFeatureEngineering", "message": "🔍 VectorizedLiquidityAnalyzer created, initializing...", "correlation_id": "-", "session_id": "-", "timestamp": "2025-08-19T15:12:27.824823+00:00"}
{"asctime": "2025-08-19 17:12:27,824", "levelname": "INFO", "name": "AresTradingSystem.System.VectorizedLiquidityAnalyzer", "message": "🚀 Initializing VectorizedLiquidityAnalyzer...", "correlation_id": "-", "session_id": "-", "timestamp": "2025-08-19T15:12:27.824876+00:00"}
{"asctime": "2025-08-19 17:12:27,824", "levelname": "INFO", "name": "AresTradingSystem.System.VectorizedLiquidityAnalyzer", "message": "✅ VectorizedLiquidityAnalyzer initialized successfully", "correlation_id": "-", "session_id": "-", "timestamp": "2025-08-19T15:12:27.824925+00:00"}
{"asctime": "2025-08-19 17:12:27,824", "levelname": "INFO", "name": "AresTradingSystem.System.VectorizedAdvancedFeatureEngineering", "message": "✅ Liquidity analyzer initialized successfully", "correlation_id": "-", "session_id": "-", "timestamp": "2025-08-19T15:12:27.824979+00:00"}
{"asctime": "2025-08-19 17:12:27,825", "levelname": "INFO", "name": "AresTradingSystem.System.VectorizedAdvancedFeatureEngineering", "message": "ℹ️ Candlestick patterns disabled in config", "correlation_id": "-", "session_id": "-", "timestamp": "2025-08-19T15:12:27.825030+00:00"}
{"asctime": "2025-08-19 17:12:27,825", "levelname": "INFO", "name": "AresTradingSystem.System.VectorizedAdvancedFeatureEngineering", "message": "ℹ️ S/R distance disabled in config", "correlation_id": "-", "session_id": "-", "timestamp": "2025-08-19T15:12:27.825083+00:00"}
{"asctime": "2025-08-19 17:12:27,825", "levelname": "INFO", "name": "AresTradingSystem.System.VectorizedAdvancedFeatureEngineering", "message": "ℹ️ Wavelet transforms disabled in config", "correlation_id": "-", "session_id": "-", "timestamp": "2025-08-19T15:12:27.825156+00:00"}
{"asctime": "2025-08-19 17:12:27,825", "levelname": "INFO", "name": "AresTradingSystem.System.VectorizedAdvancedFeatureEngineering", "message": "ℹ️ Meta-labeling system removed - using only HMM market regimes for labeling", "correlation_id": "-", "session_id": "-", "timestamp": "2025-08-19T15:12:27.825216+00:00"}
{"asctime": "2025-08-19 17:12:27,825", "levelname": "INFO", "name": "AresTradingSystem.System.VectorizedAdvancedFeatureEngineering", "message": "✅ Vectorized advanced feature engineering initialized successfully", "correlation_id": "-", "session_id": "-", "timestamp": "2025-08-19T15:12:27.825294+00:00"}
{"asctime": "2025-08-19 17:12:27,825", "levelname": "INFO", "name": "AresTradingSystem.System.VectorizedAdvancedFeatureEngineering", "message": "🔍 Data quality validation will be performed automatically by decorators", "correlation_id": "-", "session_id": "-", "timestamp": "2025-08-19T15:12:27.825471+00:00"}
{"asctime": "2025-08-19 17:12:27,825", "levelname": "INFO", "name": "AresTradingSystem.System.VectorizedAdvancedFeatureEngineering", "message": "🔍 Input price_data shape: (244838, 5)", "correlation_id": "-", "session_id": "-", "timestamp": "2025-08-19T15:12:27.825545+00:00"}
{"asctime": "2025-08-19 17:12:27,825", "levelname": "INFO", "name": "AresTradingSystem.System.VectorizedAdvancedFeatureEngineering", "message": "🔍 Input price_data columns: ['open', 'high', 'low', 'close', 'volume']", "correlation_id": "-", "session_id": "-", "timestamp": "2025-08-19T15:12:27.825648+00:00"}
{"asctime": "2025-08-19 17:12:27,825", "levelname": "INFO", "name": "AresTradingSystem.System.VectorizedAdvancedFeatureEngineering", "message": "🔍 Input volume_data shape: (244838, 1)", "correlation_id": "-", "session_id": "-", "timestamp": "2025-08-19T15:12:27.825730+00:00"}
{"asctime": "2025-08-19 17:12:27,825", "levelname": "INFO", "name": "AresTradingSystem.System.VectorizedAdvancedFeatureEngineering", "message": "🔍 Input volume_data columns: ['volume']", "correlation_id": "-", "session_id": "-", "timestamp": "2025-08-19T15:12:27.825795+00:00"}
{"asctime": "2025-08-19 17:12:27,829", "levelname": "INFO", "name": "AresTradingSystem.System.VectorizedAdvancedFeatureEngineering", "message": "🔍 Price data range: 2.543000 to 325265.823000", "correlation_id": "-", "session_id": "-", "timestamp": "2025-08-19T15:12:27.829479+00:00"}
{"asctime": "2025-08-19 17:12:27,831", "levelname": "INFO", "name": "AresTradingSystem.System.VectorizedAdvancedFeatureEngineering", "message": "🔍 Price data NaN count: 0", "correlation_id": "-", "session_id": "-", "timestamp": "2025-08-19T15:12:27.831062+00:00"}
{"asctime": "2025-08-19 17:12:27,831", "levelname": "INFO", "name": "AresTradingSystem.System.VectorizedAdvancedFeatureEngineering", "message": "🔍 Volume data range: 2.543000 to 325265.823000", "correlation_id": "-", "session_id": "-", "timestamp": "2025-08-19T15:12:27.831948+00:00"}
{"asctime": "2025-08-19 17:12:27,832", "levelname": "INFO", "name": "AresTradingSystem.System.VectorizedAdvancedFeatureEngineering", "message": "🔍 Volume data NaN count: 0", "correlation_id": "-", "session_id": "-", "timestamp": "2025-08-19T15:12:27.832596+00:00"}
{"asctime": "2025-08-19 17:12:27,832", "levelname": "INFO", "name": "AresTradingSystem.System.VectorizedAdvancedFeatureEngineering", "message": "🔍 No order flow data provided", "correlation_id": "-", "session_id": "-", "timestamp": "2025-08-19T15:12:27.832727+00:00"}
{"asctime": "2025-08-19 17:12:27,833", "levelname": "INFO", "name": "AresTradingSystem.System.VectorizedAdvancedFeatureEngineering", "message": "🔧 Preprocessing price data for irregular intervals...", "correlation_id": "-", "session_id": "-", "timestamp": "2025-08-19T15:12:27.833073+00:00"}
{"asctime": "2025-08-19 17:12:27,833", "levelname": "WARNING", "name": "AresTradingSystem.System.VectorizedAdvancedFeatureEngineering", "message": "⚠️ Price data doesn't have DatetimeIndex, attempting to fix...", "correlation_id": "-", "session_id": "-", "timestamp": "2025-08-19T15:12:27.833186+00:00"}
{"asctime": "2025-08-19 17:12:27,833", "levelname": "WARNING", "name": "AresTradingSystem.System.VectorizedAdvancedFeatureEngineering", "message": "⚠️ Creating synthetic datetime index - verify data alignment", "correlation_id": "-", "session_id": "-", "timestamp": "2025-08-19T15:12:27.833403+00:00"}
{"asctime": "2025-08-19 17:12:28,502", "levelname": "INFO", "name": "AresTradingSystem.System.VectorizedAdvancedFeatureEngineering", "message": "✅ Created synthetic datetime index", "correlation_id": "-", "session_id": "-", "timestamp": "2025-08-19T15:12:28.502241+00:00"}
{"asctime": "2025-08-19 17:12:43,997", "levelname": "INFO", "name": "AresTradingSystem.System.VectorizedAdvancedFeatureEngineering", "message": "✅ Price data preprocessing completed:", "correlation_id": "-", "session_id": "-", "timestamp": "2025-08-19T15:12:43.997099+00:00"}
{"asctime": "2025-08-19 17:12:43,997", "levelname": "INFO", "name": "AresTradingSystem.System.VectorizedAdvancedFeatureEngineering", "message": "   Method: enhanced", "correlation_id": "-", "session_id": "-", "timestamp": "2025-08-19T15:12:43.997169+00:00"}
{"asctime": "2025-08-19 17:12:43,997", "levelname": "INFO", "name": "AresTradingSystem.System.VectorizedAdvancedFeatureEngineering", "message": "   Original shape: (244838, 5)", "correlation_id": "-", "session_id": "-", "timestamp": "2025-08-19T15:12:43.997225+00:00"}
{"asctime": "2025-08-19 17:12:43,997", "levelname": "INFO", "name": "AresTradingSystem.System.VectorizedAdvancedFeatureEngineering", "message": "   Preprocessed shape: (244838, 5)", "correlation_id": "-", "session_id": "-", "timestamp": "2025-08-19T15:12:43.997288+00:00"}
{"asctime": "2025-08-19 17:12:43,997", "levelname": "INFO", "name": "AresTradingSystem.System.VectorizedAdvancedFeatureEngineering", "message": "   Quality improvement: 0.000", "correlation_id": "-", "session_id": "-", "timestamp": "2025-08-19T15:12:43.997338+00:00"}
{"asctime": "2025-08-19 17:12:43,997", "levelname": "INFO", "name": "AresTradingSystem.System.VectorizedAdvancedFeatureEngineering", "message": "🔧 Volume data doesn't have DatetimeIndex, attempting to fix...", "correlation_id": "-", "session_id": "-", "timestamp": "2025-08-19T15:12:43.997394+00:00"}
{"asctime": "2025-08-19 17:12:43,997", "levelname": "WARNING", "name": "AresTradingSystem.System.VectorizedAdvancedFeatureEngineering", "message": "⚠️ Failed to fix volume data DatetimeIndex: Cannot compare dtypes int64 and datetime64[ns], skipping preprocessing", "correlation_id": "-", "session_id": "-", "timestamp": "2025-08-19T15:12:43.997851+00:00"}
{"asctime": "2025-08-19 17:12:43,997", "levelname": "INFO", "name": "AresTradingSystem.System.VectorizedAdvancedFeatureEngineering", "message": "🔍 Input price_data columns: ['open', 'high', 'low', 'close', 'volume']", "correlation_id": "-", "session_id": "-", "timestamp": "2025-08-19T15:12:43.997948+00:00"}
{"asctime": "2025-08-19 17:12:43,998", "levelname": "INFO", "name": "AresTradingSystem.System.VectorizedAdvancedFeatureEngineering", "message": "🔍 Input price_data shape: (244838, 5)", "correlation_id": "-", "session_id": "-", "timestamp": "2025-08-19T15:12:43.998017+00:00"}
{"asctime": "2025-08-19 17:12:43,998", "levelname": "INFO", "name": "AresTradingSystem.System.VectorizedAdvancedFeatureEngineering", "message": "🔍 Input volume_data columns: ['volume']", "correlation_id": "-", "session_id": "-", "timestamp": "2025-08-19T15:12:43.998077+00:00"}
{"asctime": "2025-08-19 17:12:43,998", "levelname": "INFO", "name": "AresTradingSystem.System.VectorizedAdvancedFeatureEngineering", "message": "🔍 Input volume_data shape: (244838, 1)", "correlation_id": "-", "session_id": "-", "timestamp": "2025-08-19T15:12:43.998132+00:00"}
{"asctime": "2025-08-19 17:12:44,050", "levelname": "ERROR", "name": "AresTradingSystem.System.VectorizedAdvancedFeatureEngineering", "message": "❌ No common index found between price_data and volume_data", "correlation_id": "-", "session_id": "-", "timestamp": "2025-08-19T15:12:44.050809+00:00"}
{"asctime": "2025-08-19 17:12:44,052", "levelname": "INFO", "name": "AresTradingSystem.System.VectorizedAdvancedFeatureEngineering", "message": "🔍 Input data validation before feature generation:", "correlation_id": "-", "session_id": "-", "timestamp": "2025-08-19T15:12:44.052164+00:00"}
{"asctime": "2025-08-19 17:12:44,052", "levelname": "INFO", "name": "AresTradingSystem.System.VectorizedAdvancedFeatureEngineering", "message": "   Price data shape: (244838, 5)", "correlation_id": "-", "session_id": "-", "timestamp": "2025-08-19T15:12:44.052313+00:00"}
{"asctime": "2025-08-19 17:12:44,052", "levelname": "INFO", "name": "AresTradingSystem.System.VectorizedAdvancedFeatureEngineering", "message": "   Volume data shape: (244838, 1)", "correlation_id": "-", "session_id": "-", "timestamp": "2025-08-19T15:12:44.052380+00:00"}
{"asctime": "2025-08-19 17:12:44,052", "levelname": "INFO", "name": "AresTradingSystem.System.VectorizedAdvancedFeatureEngineering", "message": "   Order flow data shape: None", "correlation_id": "-", "session_id": "-", "timestamp": "2025-08-19T15:12:44.052472+00:00"}
{"asctime": "2025-08-19 17:12:44,052", "levelname": "INFO", "name": "AresTradingSystem.System.VectorizedAdvancedFeatureEngineering", "message": "   Price data index: 2024-01-01 00:00:00 to 2024-06-19 00:37:00", "correlation_id": "-", "session_id": "-", "timestamp": "2025-08-19T15:12:44.052576+00:00"}
{"asctime": "2025-08-19 17:12:44,052", "levelname": "INFO", "name": "AresTradingSystem.System.VectorizedAdvancedFeatureEngineering", "message": "   Price data columns: ['open', 'high', 'low', 'close', 'volume']", "correlation_id": "-", "session_id": "-", "timestamp": "2025-08-19T15:12:44.052649+00:00"}
{"asctime": "2025-08-19 17:12:44,052", "levelname": "INFO", "name": "AresTradingSystem.System.VectorizedAdvancedFeatureEngineering", "message": "   Volume data index: 1970-01-01 00:00:00 to 1970-01-01 00:00:00.000244837", "correlation_id": "-", "session_id": "-", "timestamp": "2025-08-19T15:12:44.052725+00:00"}
{"asctime": "2025-08-19 17:12:44,052", "levelname": "INFO", "name": "AresTradingSystem.System.VectorizedAdvancedFeatureEngineering", "message": "   Volume data columns: ['volume']", "correlation_id": "-", "session_id": "-", "timestamp": "2025-08-19T15:12:44.052796+00:00"}
{"asctime": "2025-08-19 17:12:44,052", "levelname": "INFO", "name": "AresTradingSystem.System.VectorizedAdvancedFeatureEngineering", "message": "✅ Input data validation passed", "correlation_id": "-", "session_id": "-", "timestamp": "2025-08-19T15:12:44.052902+00:00"}
{"asctime": "2025-08-19 17:12:44,052", "levelname": "INFO", "name": "AresTradingSystem.System.VectorizedAdvancedFeatureEngineering", "message": "🔍 Starting feature generation pipeline...", "correlation_id": "-", "session_id": "-", "timestamp": "2025-08-19T15:12:44.052973+00:00"}
{"asctime": "2025-08-19 17:12:44,053", "levelname": "INFO", "name": "AresTradingSystem.System.VectorizedAdvancedFeatureEngineering", "message": "🔍 Generating microstructure features...", "correlation_id": "-", "session_id": "-", "timestamp": "2025-08-19T15:12:44.053035+00:00"}
{"asctime": "2025-08-19 17:12:44,053", "levelname": "INFO", "name": "AresTradingSystem.System.VectorizedAdvancedFeatureEngineering", "message": "🔍 Starting microstructure feature engineering...", "correlation_id": "-", "session_id": "-", "timestamp": "2025-08-19T15:12:44.053089+00:00"}
{"asctime": "2025-08-19 17:12:44,072", "levelname": "INFO", "name": "AresTradingSystem.System.VectorizedAdvancedFeatureEngineering", "message": "🔍 Added price_impact feature, total features: 1", "correlation_id": "-", "session_id": "-", "timestamp": "2025-08-19T15:12:44.072074+00:00"}
{"asctime": "2025-08-19 17:12:44,086", "levelname": "INFO", "name": "AresTradingSystem.System.VectorizedAdvancedFeatureEngineering", "message": "🔍 Added volume_price_impact feature, total features: 2", "correlation_id": "-", "session_id": "-", "timestamp": "2025-08-19T15:12:44.086709+00:00"}
{"asctime": "2025-08-19 17:12:44,162", "levelname": "INFO", "name": "AresTradingSystem.System.VectorizedAdvancedFeatureEngineering", "message": "🔍 Added 2 volume imbalance variants, total features: 5", "correlation_id": "-", "session_id": "-", "timestamp": "2025-08-19T15:12:44.162180+00:00"}
{"asctime": "2025-08-19 17:12:44,163", "levelname": "INFO", "name": "AresTradingSystem.System.VectorizedAdvancedFeatureEngineering", "message": "📊 Using volatility-based spread proxy (aggtrades data not available)", "correlation_id": "-", "session_id": "-", "timestamp": "2025-08-19T15:12:44.163320+00:00"}
{"asctime": "2025-08-19 17:12:44,202", "levelname": "INFO", "name": "AresTradingSystem.System.VectorizedAdvancedFeatureEngineering", "message": "🔍 Generated 13 microstructure features", "correlation_id": "-", "session_id": "-", "timestamp": "2025-08-19T15:12:44.202475+00:00"}
{"asctime": "2025-08-19 17:12:44,202", "levelname": "INFO", "name": "AresTradingSystem.System.VectorizedAdvancedFeatureEngineering", "message": "🔍 Microstructure feature names: ['price_impact', 'volume_price_impact', 'order_flow_imbalance', 'volume_imbalance_s10_l30', 'volume_imbalance_s20_l60', 'bid_ask_spread_returns', 'bid_ask_spread_level', 'market_depth_change', 'market_depth_returns', 'market_depth_imbalance', 'bb_zscore_20', 'ema20_slope', 'sma50_slope']", "correlation_id": "-", "session_id": "-", "timestamp": "2025-08-19T15:12:44.202732+00:00"}
{"asctime": "2025-08-19 17:12:44,202", "levelname": "INFO", "name": "AresTradingSystem.System.VectorizedAdvancedFeatureEngineering", "message": "🔍 Total features after microstructure: 13", "correlation_id": "-", "session_id": "-", "timestamp": "2025-08-19T15:12:44.202867+00:00"}
{"asctime": "2025-08-19 17:12:44,202", "levelname": "INFO", "name": "AresTradingSystem.System.VectorizedAdvancedFeatureEngineering", "message": "🔍 Generating context dynamics features...", "correlation_id": "-", "session_id": "-", "timestamp": "2025-08-19T15:12:44.202947+00:00"}
{"asctime": "2025-08-19 17:12:44,203", "levelname": "INFO", "name": "AresTradingSystem.System.VectorizedAdvancedFeatureEngineering", "message": "🔍 Generated 0 context dynamics features", "correlation_id": "-", "session_id": "-", "timestamp": "2025-08-19T15:12:44.203029+00:00"}
{"asctime": "2025-08-19 17:12:44,203", "levelname": "INFO", "name": "AresTradingSystem.System.VectorizedAdvancedFeatureEngineering", "message": "🔍 Total features after context dynamics: 13", "correlation_id": "-", "session_id": "-", "timestamp": "2025-08-19T15:12:44.203086+00:00"}
{"asctime": "2025-08-19 17:12:44,203", "levelname": "INFO", "name": "AresTradingSystem.System.VectorizedAdvancedFeatureEngineering", "message": "🔍 Generating volatility regime features...", "correlation_id": "-", "session_id": "-", "timestamp": "2025-08-19T15:12:44.203143+00:00"}
{"asctime": "2025-08-19 17:12:44,203", "levelname": "INFO", "name": "AresTradingSystem.System.VectorizedVolatilityRegimeModel", "message": "🔍 Volatility model input - price_data columns: ['open', 'high', 'low', 'close', 'volume']", "correlation_id": "-", "session_id": "-", "timestamp": "2025-08-19T15:12:44.203210+00:00"}
{"asctime": "2025-08-19 17:12:44,203", "levelname": "INFO", "name": "AresTradingSystem.System.VectorizedVolatilityRegimeModel", "message": "🔍 Volatility model input - price_data shape: (244838, 5)", "correlation_id": "-", "session_id": "-", "timestamp": "2025-08-19T15:12:44.203264+00:00"}
{"asctime": "2025-08-19 17:12:44,203", "levelname": "INFO", "name": "AresTradingSystem.System.VectorizedVolatilityRegimeModel", "message": "🔍 Close price range: 1387.79 to 4243.25", "correlation_id": "-", "session_id": "-", "timestamp": "2025-08-19T15:12:44.203696+00:00"}
{"asctime": "2025-08-19 17:12:44,204", "levelname": "INFO", "name": "AresTradingSystem.System.VectorizedVolatilityRegimeModel", "message": "🔍 Returns range: -0.0352 to 0.0428", "correlation_id": "-", "session_id": "-", "timestamp": "2025-08-19T15:12:44.204885+00:00"}
{"asctime": "2025-08-19 17:12:44,364", "levelname": "INFO", "name": "AresTradingSystem.System.VectorizedAdvancedFeatureEngineering", "message": "🔍 Generated 19 volatility features", "correlation_id": "-", "session_id": "-", "timestamp": "2025-08-19T15:12:44.364215+00:00"}
{"asctime": "2025-08-19 17:12:44,364", "levelname": "INFO", "name": "AresTradingSystem.System.VectorizedAdvancedFeatureEngineering", "message": "🔍 Volatility feature names: ['volatility_5', 'volatility_5_change', 'volatility_10', 'volatility_10_change', 'volatility_20', 'volatility_20_change', 'volatility_50', 'volatility_50_change', 'volatility_persistence', 'volatility_of_volatility', 'high_volatility_regime', 'low_volatility_regime', 'volatility_ratio_5_20', 'volatility_ratio_10_50', 'volatility_momentum_5', 'volatility_momentum_20', 'volatility_regime_strength', 'volatility_clustering', 'volatility_asymmetry']", "correlation_id": "-", "session_id": "-", "timestamp": "2025-08-19T15:12:44.364416+00:00"}
{"asctime": "2025-08-19 17:12:44,364", "levelname": "INFO", "name": "AresTradingSystem.System.VectorizedAdvancedFeatureEngineering", "message": "🔍 Total features after volatility: 32", "correlation_id": "-", "session_id": "-", "timestamp": "2025-08-19T15:12:44.364567+00:00"}
{"asctime": "2025-08-19 17:12:44,364", "levelname": "INFO", "name": "AresTradingSystem.System.VectorizedAdvancedFeatureEngineering", "message": "🔍 Generating correlation analysis features...", "correlation_id": "-", "session_id": "-", "timestamp": "2025-08-19T15:12:44.364633+00:00"}
{"asctime": "2025-08-19 17:12:44,657", "levelname": "INFO", "name": "AresTradingSystem.System.VectorizedAdvancedFeatureEngineering", "message": "🔍 Generated 5 correlation features", "correlation_id": "-", "session_id": "-", "timestamp": "2025-08-19T15:12:44.657784+00:00"}
{"asctime": "2025-08-19 17:12:44,657", "levelname": "INFO", "name": "AresTradingSystem.System.VectorizedAdvancedFeatureEngineering", "message": "🔍 Correlation feature names: ['price_volume_correlation_10', 'price_volume_correlation_20', 'price_volume_correlation_50', 'high_volume_price_impact', 'low_volume_price_impact']", "correlation_id": "-", "session_id": "-", "timestamp": "2025-08-19T15:12:44.657867+00:00"}
{"asctime": "2025-08-19 17:12:44,658", "levelname": "INFO", "name": "AresTradingSystem.System.VectorizedAdvancedFeatureEngineering", "message": "🔍 Total features after correlation: 37", "correlation_id": "-", "session_id": "-", "timestamp": "2025-08-19T15:12:44.658070+00:00"}
{"asctime": "2025-08-19 17:12:44,658", "levelname": "INFO", "name": "AresTradingSystem.System.VectorizedAdvancedFeatureEngineering", "message": "🔍 Generating momentum analysis features...", "correlation_id": "-", "session_id": "-", "timestamp": "2025-08-19T15:12:44.658427+00:00"}
{"asctime": "2025-08-19 17:12:44,838", "levelname": "INFO", "name": "AresTradingSystem.System.VectorizedAdvancedFeatureEngineering", "message": "🔍 Generated 21 momentum features", "correlation_id": "-", "session_id": "-", "timestamp": "2025-08-19T15:12:44.838193+00:00"}
{"asctime": "2025-08-19 17:12:44,838", "levelname": "INFO", "name": "AresTradingSystem.System.VectorizedAdvancedFeatureEngineering", "message": "🔍 Momentum feature names: ['price_momentum_5', 'volume_weighted_momentum_5', 'price_momentum_10', 'volume_weighted_momentum_10', 'price_momentum_20', 'volume_weighted_momentum_20', 'price_momentum_50', 'volume_weighted_momentum_50', 'rsi_14', 'rsi_20', 'momentum_divergence', 'roc_5', 'roc_10', 'roc_20', 'price_acceleration_5', 'price_acceleration_10', 'volume_acceleration_5', 'volume_acceleration_10', 'momentum_strength_5', 'momentum_strength_10', 'momentum_strength_20']", "correlation_id": "-", "session_id": "-", "timestamp": "2025-08-19T15:12:44.838279+00:00"}
{"asctime": "2025-08-19 17:12:44,838", "levelname": "INFO", "name": "AresTradingSystem.System.VectorizedAdvancedFeatureEngineering", "message": "🔍 Total features after momentum: 58", "correlation_id": "-", "session_id": "-", "timestamp": "2025-08-19T15:12:44.838476+00:00"}
{"asctime": "2025-08-19 17:12:44,838", "levelname": "INFO", "name": "AresTradingSystem.System.VectorizedAdvancedFeatureEngineering", "message": "🔍 Generating liquidity analysis features...", "correlation_id": "-", "session_id": "-", "timestamp": "2025-08-19T15:12:44.838555+00:00"}
{"asctime": "2025-08-19 17:12:44,916", "levelname": "INFO", "name": "AresTradingSystem.System.VectorizedAdvancedFeatureEngineering", "message": "🔍 Generated 7 liquidity features", "correlation_id": "-", "session_id": "-", "timestamp": "2025-08-19T15:12:44.916776+00:00"}
{"asctime": "2025-08-19 17:12:44,916", "levelname": "INFO", "name": "AresTradingSystem.System.VectorizedAdvancedFeatureEngineering", "message": "🔍 Liquidity feature names: ['amihud_illiquidity', 'roll_spread_proxy', 'vwap_deviation', 'liquidity_ratio', 'volume_zscore', 'spread_approximation', 'liquidity_pressure']", "correlation_id": "-", "session_id": "-", "timestamp": "2025-08-19T15:12:44.916990+00:00"}
{"asctime": "2025-08-19 17:12:44,917", "levelname": "INFO", "name": "AresTradingSystem.System.VectorizedAdvancedFeatureEngineering", "message": "🔍 Total features after liquidity: 65", "correlation_id": "-", "session_id": "-", "timestamp": "2025-08-19T15:12:44.917106+00:00"}
{"asctime": "2025-08-19 17:12:44,917", "levelname": "INFO", "name": "AresTradingSystem.System.VectorizedAdvancedFeatureEngineering", "message": "🔍 Generating candlestick pattern features...", "correlation_id": "-", "session_id": "-", "timestamp": "2025-08-19T15:12:44.917170+00:00"}
{"asctime": "2025-08-19 17:12:44,917", "levelname": "WARNING", "name": "AresTradingSystem.System.VectorizedAdvancedFeatureEngineering", "message": "⚠️ Candlestick analyzer not available", "correlation_id": "-", "session_id": "-", "timestamp": "2025-08-19T15:12:44.917247+00:00"}
{"asctime": "2025-08-19 17:12:44,917", "levelname": "INFO", "name": "AresTradingSystem.System.VectorizedAdvancedFeatureEngineering", "message": "🔍 Generating OHLCV price features...", "correlation_id": "-", "session_id": "-", "timestamp": "2025-08-19T15:12:44.917312+00:00"}
{"asctime": "2025-08-19 17:13:05,880", "levelname": "INFO", "name": "AresTradingSystem.System", "message": "Received signal 2, cleaning up...", "correlation_id": "-", "session_id": "-", "timestamp": "2025-08-19T15:13:05.880097+00:00"}
{"asctime": "2025-08-19 17:13:06,456", "levelname": "INFO", "name": "AresTradingSystem.System.VectorizedAdvancedFeatureEngineering", "message": "✅ Generated 38 OHLCV technical indicators", "correlation_id": "-", "session_id": "-", "timestamp": "2025-08-19T15:13:06.456467+00:00"}
{"asctime": "2025-08-19 17:13:06,457", "levelname": "INFO", "name": "AresTradingSystem.System.VectorizedAdvancedFeatureEngineering", "message": "🔍 Generated 38 OHLCV price features", "correlation_id": "-", "session_id": "-", "timestamp": "2025-08-19T15:13:06.457982+00:00"}
{"asctime": "2025-08-19 17:13:06,458", "levelname": "INFO", "name": "AresTradingSystem.System.VectorizedAdvancedFeatureEngineering", "message": "🔍 OHLCV price feature names: ['high_low_ratio', 'close_open_ratio', 'body_size', 'upper_shadow', 'lower_shadow', 'sma_5', 'sma_20', 'ema_12', 'ema_26', 'price_momentum_20', 'volatility_5', 'volume_momentum', 'volume_ratio', 'rsi', 'macd', 'macd_signal', 'macd_histogram', 'bb_upper', 'bb_lower', 'bb_position', 'atr', 'stoch_k', 'stoch_d', 'williams_r', 'cci', 'roc', 'mfi', 'price_efficiency_20', 'volume_price_trend', 'on_balance_volume', 'accumulation_distribution', 'chaikin_money_flow', 'price_momentum_oscillator', 'volume_momentum_oscillator', 'price_velocity_5', 'price_velocity_10', 'volume_velocity_5', 'volume_velocity_10']", "correlation_id": "-", "session_id": "-", "timestamp": "2025-08-19T15:13:06.458092+00:00"}
{"asctime": "2025-08-19 17:13:06,458", "levelname": "INFO", "name": "AresTradingSystem.System.VectorizedAdvancedFeatureEngineering", "message": "🔍 Total features after OHLCV price: 101", "correlation_id": "-", "session_id": "-", "timestamp": "2025-08-19T15:13:06.458293+00:00"}
{"asctime": "2025-08-19 17:13:06,458", "levelname": "INFO", "name": "AresTradingSystem.System.VectorizedAdvancedFeatureEngineering", "message": "🔍 Generating S/R distance features...", "correlation_id": "-", "session_id": "-", "timestamp": "2025-08-19T15:13:06.458363+00:00"}
{"asctime": "2025-08-19 17:13:06,458", "levelname": "WARNING", "name": "AresTradingSystem.System.VectorizedAdvancedFeatureEngineering", "message": "⚠️ S/R distance calculator not available", "correlation_id": "-", "session_id": "-", "timestamp": "2025-08-19T15:13:06.458429+00:00"}
{"asctime": "2025-08-19 17:13:06,458", "levelname": "INFO", "name": "AresTradingSystem.System.VectorizedAdvancedFeatureEngineering", "message": "🔍 Generating wavelet transform features...", "correlation_id": "-", "session_id": "-", "timestamp": "2025-08-19T15:13:06.458495+00:00"}
{"asctime": "2025-08-19 17:13:06,458", "levelname": "WARNING", "name": "AresTradingSystem.System.VectorizedAdvancedFeatureEngineering", "message": "⚠️ Wavelet analyzer not available", "correlation_id": "-", "session_id": "-", "timestamp": "2025-08-19T15:13:06.458557+00:00"}
{"asctime": "2025-08-19 17:13:06,458", "levelname": "INFO", "name": "AresTradingSystem.System.VectorizedAdvancedFeatureEngineering", "message": "🔍 Generating adaptive indicators...", "correlation_id": "-", "session_id": "-", "timestamp": "2025-08-19T15:13:06.458618+00:00"}
{"asctime": "2025-08-19 17:14:21,500", "levelname": "INFO", "name": "AresTradingSystem.System", "message": "Received signal 2, cleaning up...", "correlation_id": "-", "session_id": "-", "timestamp": "2025-08-19T15:14:21.500693+00:00"}
