{"asctime": "2025-08-21 18:40:25,703", "levelname": "INFO", "name": "AresGlobal", "message": "================================================================================", "correlation_id": "-", "session_id": "-", "timestamp": "2025-08-21T16:40:25.703040+00:00"}
{"asctime": "2025-08-21 18:40:25,703", "levelname": "INFO", "name": "AresGlobal", "message": "📊 SESSION SUMMARY", "correlation_id": "-", "session_id": "-", "timestamp": "2025-08-21T16:40:25.703261+00:00"}
{"asctime": "2025-08-21 18:40:25,703", "levelname": "INFO", "name": "AresGlobal", "message": "Session started: 2025-08-21 18:40:25", "correlation_id": "-", "session_id": "-", "timestamp": "2025-08-21T16:40:25.703405+00:00"}
{"asctime": "2025-08-21 18:40:25,703", "levelname": "INFO", "name": "AresGlobal", "message": "This file contains ALL logs for this session", "correlation_id": "-", "session_id": "-", "timestamp": "2025-08-21T16:40:25.703519+00:00"}
{"asctime": "2025-08-21 18:40:25,703", "levelname": "INFO", "name": "AresGlobal", "message": "================================================================================", "correlation_id": "-", "session_id": "-", "timestamp": "2025-08-21T16:40:25.703610+00:00"}
{"asctime": "2025-08-21 18:40:25,703", "levelname": "INFO", "name": "AresSystem", "message": "================================================================================", "correlation_id": "-", "session_id": "-", "timestamp": "2025-08-21T16:40:25.703752+00:00"}
{"asctime": "2025-08-21 18:40:25,703", "levelname": "INFO", "name": "AresGlobal", "message": "[SYSTEM] ================================================================================", "correlation_id": "-", "session_id": "-", "timestamp": "2025-08-21T16:40:25.703915+00:00"}
{"asctime": "2025-08-21 18:40:25,704", "levelname": "INFO", "name": "AresSystem", "message": "🚀 ARES LAUNCHER STARTED - Mode: INITIALIZATION", "correlation_id": "-", "session_id": "-", "timestamp": "2025-08-21T16:40:25.704058+00:00"}
{"asctime": "2025-08-21 18:40:25,704", "levelname": "INFO", "name": "AresGlobal", "message": "[SYSTEM] 🚀 ARES LAUNCHER STARTED - Mode: INITIALIZATION", "correlation_id": "-", "session_id": "-", "timestamp": "2025-08-21T16:40:25.704175+00:00"}
{"asctime": "2025-08-21 18:40:25,704", "levelname": "INFO", "name": "AresSystem", "message": "Start time: 2025-08-21 18:40:25", "correlation_id": "-", "session_id": "-", "timestamp": "2025-08-21T16:40:25.704283+00:00"}
{"asctime": "2025-08-21 18:40:25,704", "levelname": "INFO", "name": "AresGlobal", "message": "[SYSTEM] Start time: 2025-08-21 18:40:25", "correlation_id": "-", "session_id": "-", "timestamp": "2025-08-21T16:40:25.704371+00:00"}
{"asctime": "2025-08-21 18:40:25,704", "levelname": "INFO", "name": "AresSystem", "message": "Log directory: log", "correlation_id": "-", "session_id": "-", "timestamp": "2025-08-21T16:40:25.704458+00:00"}
{"asctime": "2025-08-21 18:40:25,704", "levelname": "INFO", "name": "AresGlobal", "message": "[SYSTEM] Log directory: log", "correlation_id": "-", "session_id": "-", "timestamp": "2025-08-21T16:40:25.704541+00:00"}
{"asctime": "2025-08-21 18:40:25,704", "levelname": "INFO", "name": "AresSystem", "message": "================================================================================", "correlation_id": "-", "session_id": "-", "timestamp": "2025-08-21T16:40:25.704623+00:00"}
{"asctime": "2025-08-21 18:40:25,704", "levelname": "INFO", "name": "AresGlobal", "message": "[SYSTEM] ================================================================================", "correlation_id": "-", "session_id": "-", "timestamp": "2025-08-21T16:40:25.704706+00:00"}
{"asctime": "2025-08-21 18:40:25,704", "levelname": "INFO", "name": "AresGlobal.AresLauncher", "message": "================================================================================", "correlation_id": "-", "session_id": "-", "timestamp": "2025-08-21T16:40:25.704789+00:00"}
{"asctime": "2025-08-21 18:40:25,704", "levelname": "INFO", "name": "AresGlobal.AresLauncher", "message": "🚀 ARES COMPREHENSIVE LAUNCHER", "correlation_id": "-", "session_id": "-", "timestamp": "2025-08-21T16:40:25.704871+00:00"}
{"asctime": "2025-08-21 18:40:25,704", "levelname": "INFO", "name": "AresGlobal.AresLauncher", "message": "================================================================================", "correlation_id": "-", "session_id": "-", "timestamp": "2025-08-21T16:40:25.704961+00:00"}
{"asctime": "2025-08-21 18:40:25,705", "levelname": "INFO", "name": "AresGlobal.AresLauncher", "message": "Start time: 2025-08-21 18:40:25", "correlation_id": "-", "session_id": "-", "timestamp": "2025-08-21T16:40:25.705066+00:00"}
{"asctime": "2025-08-21 18:40:25,705", "levelname": "INFO", "name": "AresGlobal.AresLauncher", "message": "Log directory: log", "correlation_id": "-", "session_id": "-", "timestamp": "2025-08-21T16:40:25.705155+00:00"}
{"asctime": "2025-08-21 18:40:25,705", "levelname": "INFO", "name": "AresGlobal.AresLauncher", "message": "Log level: INFO", "correlation_id": "-", "session_id": "-", "timestamp": "2025-08-21T16:40:25.705251+00:00"}
{"asctime": "2025-08-21 18:40:25,705", "levelname": "INFO", "name": "AresGlobal.AresLauncher", "message": "Global log file: ares_global_20250821_184025.log", "correlation_id": "-", "session_id": "-", "timestamp": "2025-08-21T16:40:25.705343+00:00"}
{"asctime": "2025-08-21 18:40:25,705", "levelname": "INFO", "name": "AresGlobal.AresLauncher", "message": "Full run log: log/ares_full_20250821_184025.log", "correlation_id": "-", "session_id": "-", "timestamp": "2025-08-21T16:40:25.705435+00:00"}
{"asctime": "2025-08-21 18:40:25,705", "levelname": "INFO", "name": "AresGlobal.AresLauncher", "message": "Trades log: log/ares_trades_20250821_184025.log", "correlation_id": "-", "session_id": "-", "timestamp": "2025-08-21T16:40:25.705512+00:00"}
{"asctime": "2025-08-21 18:40:25,705", "levelname": "INFO", "name": "AresGlobal.AresLauncher", "message": "Backtest log: log/ares_backtest_20250821_184025.log", "correlation_id": "-", "session_id": "-", "timestamp": "2025-08-21T16:40:25.705595+00:00"}
{"asctime": "2025-08-21 18:40:25,705", "levelname": "INFO", "name": "AresGlobal.AresLauncher", "message": "================================================================================", "correlation_id": "-", "session_id": "-", "timestamp": "2025-08-21T16:40:25.705673+00:00"}
{"asctime": "2025-08-21 18:40:25,705", "levelname": "INFO", "name": "AresTradingSystem.System.SignalHandler", "message": "Shutdown callback registered", "correlation_id": "-", "session_id": "-", "timestamp": "2025-08-21T16:40:25.705759+00:00"}
{"asctime": "2025-08-21 18:40:25,705", "levelname": "INFO", "name": "AresSystem", "message": "================================================================================", "correlation_id": "-", "session_id": "-", "timestamp": "2025-08-21T16:40:25.705851+00:00"}
{"asctime": "2025-08-21 18:40:25,705", "levelname": "INFO", "name": "AresGlobal", "message": "[SYSTEM] ================================================================================", "correlation_id": "-", "session_id": "-", "timestamp": "2025-08-21T16:40:25.705933+00:00"}
{"asctime": "2025-08-21 18:40:25,706", "levelname": "INFO", "name": "AresSystem", "message": "🚀 ARES LAUNCHER STARTED - Mode: blank - Symbol: ETHUSDT - Exchange: BINANCE", "correlation_id": "-", "session_id": "-", "timestamp": "2025-08-21T16:40:25.706140+00:00"}
{"asctime": "2025-08-21 18:40:25,706", "levelname": "INFO", "name": "AresGlobal", "message": "[SYSTEM] 🚀 ARES LAUNCHER STARTED - Mode: blank - Symbol: ETHUSDT - Exchange: BINANCE", "correlation_id": "-", "session_id": "-", "timestamp": "2025-08-21T16:40:25.706233+00:00"}
{"asctime": "2025-08-21 18:40:25,706", "levelname": "INFO", "name": "AresSystem", "message": "Start time: 2025-08-21 18:40:25", "correlation_id": "-", "session_id": "-", "timestamp": "2025-08-21T16:40:25.706328+00:00"}
{"asctime": "2025-08-21 18:40:25,706", "levelname": "INFO", "name": "AresGlobal", "message": "[SYSTEM] Start time: 2025-08-21 18:40:25", "correlation_id": "-", "session_id": "-", "timestamp": "2025-08-21T16:40:25.706414+00:00"}
{"asctime": "2025-08-21 18:40:25,706", "levelname": "INFO", "name": "AresSystem", "message": "Log directory: log", "correlation_id": "-", "session_id": "-", "timestamp": "2025-08-21T16:40:25.706495+00:00"}
{"asctime": "2025-08-21 18:40:25,706", "levelname": "INFO", "name": "AresGlobal", "message": "[SYSTEM] Log directory: log", "correlation_id": "-", "session_id": "-", "timestamp": "2025-08-21T16:40:25.706582+00:00"}
{"asctime": "2025-08-21 18:40:25,706", "levelname": "INFO", "name": "AresSystem", "message": "================================================================================", "correlation_id": "-", "session_id": "-", "timestamp": "2025-08-21T16:40:25.706662+00:00"}
{"asctime": "2025-08-21 18:40:25,706", "levelname": "INFO", "name": "AresGlobal", "message": "[SYSTEM] ================================================================================", "correlation_id": "-", "session_id": "-", "timestamp": "2025-08-21T16:40:25.706743+00:00"}
{"asctime": "2025-08-21 18:40:25,706", "levelname": "INFO", "name": "AresGlobal.AresLauncher", "message": "🚀 Running enhanced 16-step training pipeline for ETHUSDT on BINANCE", "correlation_id": "-", "session_id": "-", "timestamp": "2025-08-21T16:40:25.706859+00:00"}
{"asctime": "2025-08-21 18:40:25,706", "levelname": "INFO", "name": "AresGlobal.AresLauncher", "message": "Starting from step: step2_feature_engineering", "correlation_id": "-", "session_id": "-", "timestamp": "2025-08-21T16:40:25.706948+00:00"}
{"asctime": "2025-08-21 18:40:25,708", "levelname": "INFO", "name": "AresGlobal.AresLauncher", "message": "🧪 BLANK TRAINING MODE: Set BLANK_TRAINING_MODE=1 for step-based training", "correlation_id": "-", "session_id": "-", "timestamp": "2025-08-21T16:40:25.708117+00:00"}
{"asctime": "2025-08-21 18:40:25,708", "levelname": "INFO", "name": "AresGlobal.ProgressManager", "message": "Initialized ProgressManager for ETHUSDT on BINANCE", "correlation_id": "-", "session_id": "-", "timestamp": "2025-08-21T16:40:25.708305+00:00"}
{"asctime": "2025-08-21 18:40:25,708", "levelname": "INFO", "name": "AresGlobal.ProgressManager", "message": "Progress directory: data/training/progress/BINANCE_ETHUSDT", "correlation_id": "-", "session_id": "-", "timestamp": "2025-08-21T16:40:25.708581+00:00"}
{"asctime": "2025-08-21 18:40:25,708", "levelname": "INFO", "name": "AresGlobal.StepOrchestrator", "message": "Initialized StepOrchestrator for ETHUSDT on BINANCE", "correlation_id": "-", "session_id": "-", "timestamp": "2025-08-21T16:40:25.708714+00:00"}
{"asctime": "2025-08-21 18:40:25,708", "levelname": "INFO", "name": "AresGlobal.ProgressManager", "message": "🗑️  Cleared progress for step2_feature_engineering", "correlation_id": "-", "session_id": "-", "timestamp": "2025-08-21T16:40:25.708957+00:00"}
{"asctime": "2025-08-21 18:40:25,709", "levelname": "INFO", "name": "AresGlobal.AresLauncher", "message": "🧹 Cleared progress for 'step2_feature_engineering' (force)", "correlation_id": "-", "session_id": "-", "timestamp": "2025-08-21T16:40:25.709372+00:00"}
{"asctime": "2025-08-21 18:40:25,709", "levelname": "INFO", "name": "AresGlobal.ProgressManager", "message": "🗑️  Cleared progress for step3_hmm_regime_discovery", "correlation_id": "-", "session_id": "-", "timestamp": "2025-08-21T16:40:25.709562+00:00"}
{"asctime": "2025-08-21 18:40:25,709", "levelname": "INFO", "name": "AresGlobal.AresLauncher", "message": "🧹 Cleared progress for 'step3_hmm_regime_discovery' (force)", "correlation_id": "-", "session_id": "-", "timestamp": "2025-08-21T16:40:25.709742+00:00"}
{"asctime": "2025-08-21 18:40:25,709", "levelname": "INFO", "name": "AresGlobal.ProgressManager", "message": "🗑️  Cleared progress for step4_processing_labeling", "correlation_id": "-", "session_id": "-", "timestamp": "2025-08-21T16:40:25.709909+00:00"}
{"asctime": "2025-08-21 18:40:25,710", "levelname": "INFO", "name": "AresGlobal.AresLauncher", "message": "🧹 Cleared progress for 'step4_processing_labeling' (force)", "correlation_id": "-", "session_id": "-", "timestamp": "2025-08-21T16:40:25.710037+00:00"}
{"asctime": "2025-08-21 18:40:25,710", "levelname": "INFO", "name": "AresGlobal.ProgressManager", "message": "🗑️  Cleared progress for step5_regime_data_splitting", "correlation_id": "-", "session_id": "-", "timestamp": "2025-08-21T16:40:25.710213+00:00"}
{"asctime": "2025-08-21 18:40:25,710", "levelname": "INFO", "name": "AresGlobal.AresLauncher", "message": "🧹 Cleared progress for 'step5_regime_data_splitting' (force)", "correlation_id": "-", "session_id": "-", "timestamp": "2025-08-21T16:40:25.710349+00:00"}
{"asctime": "2025-08-21 18:40:25,710", "levelname": "INFO", "name": "AresGlobal.ProgressManager", "message": "🗑️  Cleared progress for step6_hmm_based_training", "correlation_id": "-", "session_id": "-", "timestamp": "2025-08-21T16:40:25.710523+00:00"}
{"asctime": "2025-08-21 18:40:25,710", "levelname": "INFO", "name": "AresGlobal.AresLauncher", "message": "🧹 Cleared progress for 'step6_hmm_based_training' (force)", "correlation_id": "-", "session_id": "-", "timestamp": "2025-08-21T16:40:25.710618+00:00"}
{"asctime": "2025-08-21 18:40:25,710", "levelname": "INFO", "name": "AresGlobal.ProgressManager", "message": "🗑️  Cleared progress for step6_5_unified_regime_intelligence", "correlation_id": "-", "session_id": "-", "timestamp": "2025-08-21T16:40:25.710741+00:00"}
{"asctime": "2025-08-21 18:40:25,710", "levelname": "INFO", "name": "AresGlobal.AresLauncher", "message": "🧹 Cleared progress for 'step6_5_unified_regime_intelligence' (force)", "correlation_id": "-", "session_id": "-", "timestamp": "2025-08-21T16:40:25.710894+00:00"}
{"asctime": "2025-08-21 18:40:25,711", "levelname": "INFO", "name": "AresGlobal.ProgressManager", "message": "🗑️  Cleared progress for step7_analyst_enhancement", "correlation_id": "-", "session_id": "-", "timestamp": "2025-08-21T16:40:25.711069+00:00"}
{"asctime": "2025-08-21 18:40:25,711", "levelname": "INFO", "name": "AresGlobal.AresLauncher", "message": "🧹 Cleared progress for 'step7_analyst_enhancement' (force)", "correlation_id": "-", "session_id": "-", "timestamp": "2025-08-21T16:40:25.711160+00:00"}
{"asctime": "2025-08-21 18:40:25,711", "levelname": "INFO", "name": "AresGlobal.ProgressManager", "message": "🗑️  Cleared progress for step8_tactician_labeling", "correlation_id": "-", "session_id": "-", "timestamp": "2025-08-21T16:40:25.711270+00:00"}
{"asctime": "2025-08-21 18:40:25,711", "levelname": "INFO", "name": "AresGlobal.AresLauncher", "message": "🧹 Cleared progress for 'step8_tactician_labeling' (force)", "correlation_id": "-", "session_id": "-", "timestamp": "2025-08-21T16:40:25.711423+00:00"}
{"asctime": "2025-08-21 18:40:25,711", "levelname": "INFO", "name": "AresGlobal.ProgressManager", "message": "🗑️  Cleared progress for step9_tactician_specialist_training", "correlation_id": "-", "session_id": "-", "timestamp": "2025-08-21T16:40:25.711546+00:00"}
{"asctime": "2025-08-21 18:40:25,711", "levelname": "INFO", "name": "AresGlobal.AresLauncher", "message": "🧹 Cleared progress for 'step9_tactician_specialist_training' (force)", "correlation_id": "-", "session_id": "-", "timestamp": "2025-08-21T16:40:25.711659+00:00"}
{"asctime": "2025-08-21 18:40:25,711", "levelname": "INFO", "name": "AresGlobal.ProgressManager", "message": "🗑️  Cleared progress for step10_confidence_calibration", "correlation_id": "-", "session_id": "-", "timestamp": "2025-08-21T16:40:25.711814+00:00"}
{"asctime": "2025-08-21 18:40:25,711", "levelname": "INFO", "name": "AresGlobal.AresLauncher", "message": "🧹 Cleared progress for 'step10_confidence_calibration' (force)", "correlation_id": "-", "session_id": "-", "timestamp": "2025-08-21T16:40:25.711954+00:00"}
{"asctime": "2025-08-21 18:40:25,712", "levelname": "INFO", "name": "AresGlobal.ProgressManager", "message": "🗑️  Cleared progress for step11_final_parameters_optimization", "correlation_id": "-", "session_id": "-", "timestamp": "2025-08-21T16:40:25.712078+00:00"}
{"asctime": "2025-08-21 18:40:25,712", "levelname": "INFO", "name": "AresGlobal.AresLauncher", "message": "🧹 Cleared progress for 'step11_final_parameters_optimization' (force)", "correlation_id": "-", "session_id": "-", "timestamp": "2025-08-21T16:40:25.712196+00:00"}
{"asctime": "2025-08-21 18:40:25,712", "levelname": "INFO", "name": "AresGlobal.ProgressManager", "message": "🗑️  Cleared progress for step12_walk_forward_validation", "correlation_id": "-", "session_id": "-", "timestamp": "2025-08-21T16:40:25.712374+00:00"}
{"asctime": "2025-08-21 18:40:25,712", "levelname": "INFO", "name": "AresGlobal.AresLauncher", "message": "🧹 Cleared progress for 'step12_walk_forward_validation' (force)", "correlation_id": "-", "session_id": "-", "timestamp": "2025-08-21T16:40:25.712462+00:00"}
{"asctime": "2025-08-21 18:40:25,712", "levelname": "INFO", "name": "AresGlobal.ProgressManager", "message": "🗑️  Cleared progress for step13_monte_carlo_validation", "correlation_id": "-", "session_id": "-", "timestamp": "2025-08-21T16:40:25.712588+00:00"}
{"asctime": "2025-08-21 18:40:25,712", "levelname": "INFO", "name": "AresGlobal.AresLauncher", "message": "🧹 Cleared progress for 'step13_monte_carlo_validation' (force)", "correlation_id": "-", "session_id": "-", "timestamp": "2025-08-21T16:40:25.712681+00:00"}
{"asctime": "2025-08-21 18:40:25,712", "levelname": "INFO", "name": "AresGlobal.ProgressManager", "message": "🗑️  Cleared progress for step14_ab_testing", "correlation_id": "-", "session_id": "-", "timestamp": "2025-08-21T16:40:25.712803+00:00"}
{"asctime": "2025-08-21 18:40:25,712", "levelname": "INFO", "name": "AresGlobal.AresLauncher", "message": "🧹 Cleared progress for 'step14_ab_testing' (force)", "correlation_id": "-", "session_id": "-", "timestamp": "2025-08-21T16:40:25.712912+00:00"}
{"asctime": "2025-08-21 18:40:25,713", "levelname": "INFO", "name": "AresGlobal.ProgressManager", "message": "🗑️  Cleared progress for step15_saving", "correlation_id": "-", "session_id": "-", "timestamp": "2025-08-21T16:40:25.713089+00:00"}
{"asctime": "2025-08-21 18:40:25,713", "levelname": "INFO", "name": "AresGlobal.AresLauncher", "message": "🧹 Cleared progress for 'step15_saving' (force)", "correlation_id": "-", "session_id": "-", "timestamp": "2025-08-21T16:40:25.713197+00:00"}
{"asctime": "2025-08-21 18:40:25,713", "levelname": "INFO", "name": "AresGlobal.AresLauncher", "message": "✅ Cleared progress for 15 steps: ['step2_feature_engineering', 'step3_hmm_regime_discovery', 'step4_processing_labeling', 'step5_regime_data_splitting', 'step6_hmm_based_training', 'step6_5_unified_regime_intelligence', 'step7_analyst_enhancement', 'step8_tactician_labeling', 'step9_tactician_specialist_training', 'step10_confidence_calibration', 'step11_final_parameters_optimization', 'step12_walk_forward_validation', 'step13_monte_carlo_validation', 'step14_ab_testing', 'step15_saving']", "correlation_id": "-", "session_id": "-", "timestamp": "2025-08-21T16:40:25.713337+00:00"}
{"asctime": "2025-08-21 18:40:25,713", "levelname": "DEBUG", "name": "asyncio", "message": "Using selector: KqueueSelector", "correlation_id": "-", "session_id": "-", "timestamp": "2025-08-21T16:40:25.713664+00:00"}
{"asctime": "2025-08-21 18:40:25,713", "levelname": "INFO", "name": "AresGlobal.StepOrchestrator", "message": "🚀 Starting execution from step: step2_feature_engineering", "correlation_id": "-", "session_id": "-", "timestamp": "2025-08-21T16:40:25.713942+00:00"}
{"asctime": "2025-08-21 18:40:28,064", "levelname": "INFO", "name": "src.utils.prometheus_metrics", "message": "Prometheus metrics server started on port 9000", "correlation_id": "-", "session_id": "-", "timestamp": "2025-08-21T16:40:28.064024+00:00"}
{"asctime": "2025-08-21 18:40:28,064", "levelname": "ERROR", "name": "AresGlobal.StepOrchestrator", "message": "Failed to setup enhanced training manager: validate_pipeline_step() got an unexpected keyword argument 'max_retries'", "correlation_id": "-", "session_id": "-", "exc_info": "Traceback (most recent call last):\n  File \"/Users/remyroche/Documents/Ares/src/training/step_orchestrator.py\", line 74, in _setup_enhanced_training_manager\n    from src.training.enhanced_training_manager import (\n  File \"/Users/remyroche/Documents/Ares/src/training/enhanced_training_manager.py\", line 120, in <module>\n    class EnhancedTrainingManager:\n  File \"/Users/remyroche/Documents/Ares/src/training/enhanced_training_manager.py\", line 1464, in EnhancedTrainingManager\n    @validate_pipeline_step(\n     ^^^^^^^^^^^^^^^^^^^^^^^\nTypeError: validate_pipeline_step() got an unexpected keyword argument 'max_retries'", "timestamp": "2025-08-21T16:40:28.064444+00:00"}
{"asctime": "2025-08-21 18:40:28,067", "levelname": "INFO", "name": "AresGlobal.StepOrchestrator", "message": "\u001b[91m\u001b[1m🚫\u001b[0m \u001b[91m\u001b[1mFailed to setup enhanced training manager: validate_pipeline_step() got an unexpected keyword argument 'max_retries'\u001b[0m", "correlation_id": "-", "session_id": "-", "timestamp": "2025-08-21T16:40:28.067051+00:00"}
{"asctime": "2025-08-21 18:40:28,067", "levelname": "ERROR", "name": "AresGlobal.AresLauncher", "message": "❌ Step-based training pipeline failed", "correlation_id": "-", "session_id": "-", "timestamp": "2025-08-21T16:40:28.067566+00:00"}
{"asctime": "2025-08-21 18:40:28,067", "levelname": "INFO", "name": "AresSystem", "message": "================================================================================", "correlation_id": "-", "session_id": "-", "timestamp": "2025-08-21T16:40:28.067798+00:00"}
{"asctime": "2025-08-21 18:40:28,067", "levelname": "INFO", "name": "AresGlobal", "message": "[SYSTEM] ================================================================================", "correlation_id": "-", "session_id": "-", "timestamp": "2025-08-21T16:40:28.067920+00:00"}
{"asctime": "2025-08-21 18:40:28,068", "levelname": "INFO", "name": "AresSystem", "message": "🛑 ARES LAUNCHER ENDED - Exit code: 1", "correlation_id": "-", "session_id": "-", "timestamp": "2025-08-21T16:40:28.068015+00:00"}
{"asctime": "2025-08-21 18:40:28,068", "levelname": "INFO", "name": "AresGlobal", "message": "[SYSTEM] 🛑 ARES LAUNCHER ENDED - Exit code: 1", "correlation_id": "-", "session_id": "-", "timestamp": "2025-08-21T16:40:28.068171+00:00"}
{"asctime": "2025-08-21 18:40:28,068", "levelname": "INFO", "name": "AresSystem", "message": "End time: 2025-08-21 18:40:28", "correlation_id": "-", "session_id": "-", "timestamp": "2025-08-21T16:40:28.068346+00:00"}
{"asctime": "2025-08-21 18:40:28,068", "levelname": "INFO", "name": "AresGlobal", "message": "[SYSTEM] End time: 2025-08-21 18:40:28", "correlation_id": "-", "session_id": "-", "timestamp": "2025-08-21T16:40:28.068461+00:00"}
{"asctime": "2025-08-21 18:40:28,068", "levelname": "INFO", "name": "AresSystem", "message": "================================================================================", "correlation_id": "-", "session_id": "-", "timestamp": "2025-08-21T16:40:28.068642+00:00"}
{"asctime": "2025-08-21 18:40:28,068", "levelname": "INFO", "name": "AresGlobal", "message": "[SYSTEM] ================================================================================", "correlation_id": "-", "session_id": "-", "timestamp": "2025-08-21T16:40:28.068966+00:00"}
{"asctime": "2025-08-21 18:40:28,069", "levelname": "INFO", "name": "AresGlobal.AresLauncher", "message": "🧹 Cleaning up processes...", "correlation_id": "-", "session_id": "-", "timestamp": "2025-08-21T16:40:28.069345+00:00"}
{"asctime": "2025-08-21 18:40:28,069", "levelname": "INFO", "name": "AresGlobal.AresLauncher", "message": "✅ Cleanup completed", "correlation_id": "-", "session_id": "-", "timestamp": "2025-08-21T16:40:28.069513+00:00"}
