{"asctime": "2025-08-20 18:00:57,216", "levelname": "INFO", "name": "AresGlobal", "message": "================================================================================", "correlation_id": "-", "session_id": "-", "timestamp": "2025-08-20T16:00:57.216586+00:00"}
{"asctime": "2025-08-20 18:00:57,216", "levelname": "INFO", "name": "AresGlobal", "message": "📊 SESSION SUMMARY", "correlation_id": "-", "session_id": "-", "timestamp": "2025-08-20T16:00:57.216769+00:00"}
{"asctime": "2025-08-20 18:00:57,216", "levelname": "INFO", "name": "AresGlobal", "message": "Session started: 2025-08-20 18:00:57", "correlation_id": "-", "session_id": "-", "timestamp": "2025-08-20T16:00:57.216899+00:00"}
{"asctime": "2025-08-20 18:00:57,216", "levelname": "INFO", "name": "AresGlobal", "message": "This file contains ALL logs for this session", "correlation_id": "-", "session_id": "-", "timestamp": "2025-08-20T16:00:57.216993+00:00"}
{"asctime": "2025-08-20 18:00:57,217", "levelname": "INFO", "name": "AresGlobal", "message": "================================================================================", "correlation_id": "-", "session_id": "-", "timestamp": "2025-08-20T16:00:57.217084+00:00"}
{"asctime": "2025-08-20 18:00:57,217", "levelname": "INFO", "name": "AresGlobal", "message": "[SYSTEM] ================================================================================", "correlation_id": "-", "session_id": "-", "timestamp": "2025-08-20T16:00:57.217324+00:00"}
{"asctime": "2025-08-20 18:00:57,217", "levelname": "INFO", "name": "AresGlobal", "message": "[SYSTEM] 🚀 ARES LAUNCHER STARTED - Mode: INITIALIZATION", "correlation_id": "-", "session_id": "-", "timestamp": "2025-08-20T16:00:57.217514+00:00"}
{"asctime": "2025-08-20 18:00:57,217", "levelname": "INFO", "name": "AresGlobal", "message": "[SYSTEM] Start time: 2025-08-20 18:00:57", "correlation_id": "-", "session_id": "-", "timestamp": "2025-08-20T16:00:57.217696+00:00"}
{"asctime": "2025-08-20 18:00:57,217", "levelname": "INFO", "name": "AresGlobal", "message": "[SYSTEM] Log directory: log", "correlation_id": "-", "session_id": "-", "timestamp": "2025-08-20T16:00:57.217868+00:00"}
{"asctime": "2025-08-20 18:00:57,218", "levelname": "INFO", "name": "AresGlobal", "message": "[SYSTEM] ================================================================================", "correlation_id": "-", "session_id": "-", "timestamp": "2025-08-20T16:00:57.218038+00:00"}
{"asctime": "2025-08-20 18:00:57,218", "levelname": "INFO", "name": "AresGlobal.AresLauncher", "message": "================================================================================", "correlation_id": "-", "session_id": "-", "timestamp": "2025-08-20T16:00:57.218125+00:00"}
{"asctime": "2025-08-20 18:00:57,218", "levelname": "INFO", "name": "AresGlobal.AresLauncher", "message": "🚀 ARES COMPREHENSIVE LAUNCHER", "correlation_id": "-", "session_id": "-", "timestamp": "2025-08-20T16:00:57.218210+00:00"}
{"asctime": "2025-08-20 18:00:57,218", "levelname": "INFO", "name": "AresGlobal.AresLauncher", "message": "================================================================================", "correlation_id": "-", "session_id": "-", "timestamp": "2025-08-20T16:00:57.218307+00:00"}
{"asctime": "2025-08-20 18:00:57,218", "levelname": "INFO", "name": "AresGlobal.AresLauncher", "message": "Start time: 2025-08-20 18:00:57", "correlation_id": "-", "session_id": "-", "timestamp": "2025-08-20T16:00:57.218398+00:00"}
{"asctime": "2025-08-20 18:00:57,218", "levelname": "INFO", "name": "AresGlobal.AresLauncher", "message": "Log directory: log", "correlation_id": "-", "session_id": "-", "timestamp": "2025-08-20T16:00:57.218482+00:00"}
{"asctime": "2025-08-20 18:00:57,218", "levelname": "INFO", "name": "AresGlobal.AresLauncher", "message": "Log level: INFO", "correlation_id": "-", "session_id": "-", "timestamp": "2025-08-20T16:00:57.218567+00:00"}
{"asctime": "2025-08-20 18:00:57,218", "levelname": "INFO", "name": "AresGlobal.AresLauncher", "message": "Global log file: ares_global_20250820_180057.log", "correlation_id": "-", "session_id": "-", "timestamp": "2025-08-20T16:00:57.218654+00:00"}
{"asctime": "2025-08-20 18:00:57,218", "levelname": "INFO", "name": "AresGlobal.AresLauncher", "message": "Full run log: log/ares_full_20250820_180057.log", "correlation_id": "-", "session_id": "-", "timestamp": "2025-08-20T16:00:57.218744+00:00"}
{"asctime": "2025-08-20 18:00:57,218", "levelname": "INFO", "name": "AresGlobal.AresLauncher", "message": "Trades log: log/ares_trades_20250820_180057.log", "correlation_id": "-", "session_id": "-", "timestamp": "2025-08-20T16:00:57.218826+00:00"}
{"asctime": "2025-08-20 18:00:57,218", "levelname": "INFO", "name": "AresGlobal.AresLauncher", "message": "Backtest log: log/ares_backtest_20250820_180057.log", "correlation_id": "-", "session_id": "-", "timestamp": "2025-08-20T16:00:57.218907+00:00"}
{"asctime": "2025-08-20 18:00:57,218", "levelname": "INFO", "name": "AresGlobal.AresLauncher", "message": "================================================================================", "correlation_id": "-", "session_id": "-", "timestamp": "2025-08-20T16:00:57.218989+00:00"}
{"asctime": "2025-08-20 18:00:57,219", "levelname": "INFO", "name": "AresGlobal", "message": "[SYSTEM] ================================================================================", "correlation_id": "-", "session_id": "-", "timestamp": "2025-08-20T16:00:57.219264+00:00"}
{"asctime": "2025-08-20 18:00:57,219", "levelname": "INFO", "name": "AresGlobal", "message": "[SYSTEM] 🚀 ARES LAUNCHER STARTED - Mode: blank - Symbol: ETHUSDT - Exchange: BINANCE", "correlation_id": "-", "session_id": "-", "timestamp": "2025-08-20T16:00:57.219439+00:00"}
{"asctime": "2025-08-20 18:00:57,219", "levelname": "INFO", "name": "AresGlobal", "message": "[SYSTEM] Start time: 2025-08-20 18:00:57", "correlation_id": "-", "session_id": "-", "timestamp": "2025-08-20T16:00:57.219614+00:00"}
{"asctime": "2025-08-20 18:00:57,219", "levelname": "INFO", "name": "AresGlobal", "message": "[SYSTEM] Log directory: log", "correlation_id": "-", "session_id": "-", "timestamp": "2025-08-20T16:00:57.219798+00:00"}
{"asctime": "2025-08-20 18:00:57,219", "levelname": "INFO", "name": "AresGlobal", "message": "[SYSTEM] ================================================================================", "correlation_id": "-", "session_id": "-", "timestamp": "2025-08-20T16:00:57.219970+00:00"}
{"asctime": "2025-08-20 18:00:57,220", "levelname": "INFO", "name": "AresGlobal.AresLauncher", "message": "🚀 Running enhanced 16-step training pipeline for ETHUSDT on BINANCE", "correlation_id": "-", "session_id": "-", "timestamp": "2025-08-20T16:00:57.220089+00:00"}
{"asctime": "2025-08-20 18:00:57,220", "levelname": "INFO", "name": "AresGlobal.AresLauncher", "message": "Starting from step: step2_feature_engineering", "correlation_id": "-", "session_id": "-", "timestamp": "2025-08-20T16:00:57.220182+00:00"}
{"asctime": "2025-08-20 18:00:57,221", "levelname": "INFO", "name": "AresGlobal.AresLauncher", "message": "🧪 BLANK TRAINING MODE: Set BLANK_TRAINING_MODE=1 for step-based training", "correlation_id": "-", "session_id": "-", "timestamp": "2025-08-20T16:00:57.221606+00:00"}
{"asctime": "2025-08-20 18:00:57,221", "levelname": "INFO", "name": "AresGlobal.ProgressManager", "message": "Initialized ProgressManager for ETHUSDT on BINANCE", "correlation_id": "-", "session_id": "-", "timestamp": "2025-08-20T16:00:57.221856+00:00"}
{"asctime": "2025-08-20 18:00:57,221", "levelname": "INFO", "name": "AresGlobal.ProgressManager", "message": "Progress directory: data/training/progress/BINANCE_ETHUSDT", "correlation_id": "-", "session_id": "-", "timestamp": "2025-08-20T16:00:57.221947+00:00"}
{"asctime": "2025-08-20 18:00:57,222", "levelname": "INFO", "name": "AresGlobal.StepOrchestrator", "message": "Initialized StepOrchestrator for ETHUSDT on BINANCE", "correlation_id": "-", "session_id": "-", "timestamp": "2025-08-20T16:00:57.222032+00:00"}
{"asctime": "2025-08-20 18:00:57,222", "levelname": "INFO", "name": "AresGlobal.ProgressManager", "message": "🗑️  Cleared progress for step2_feature_engineering", "correlation_id": "-", "session_id": "-", "timestamp": "2025-08-20T16:00:57.222152+00:00"}
{"asctime": "2025-08-20 18:00:57,222", "levelname": "INFO", "name": "AresGlobal.AresLauncher", "message": "🧹 Cleared progress for 'step2_feature_engineering' (force)", "correlation_id": "-", "session_id": "-", "timestamp": "2025-08-20T16:00:57.222253+00:00"}
{"asctime": "2025-08-20 18:00:57,222", "levelname": "INFO", "name": "AresGlobal.ProgressManager", "message": "🗑️  Cleared progress for step2_5_enhanced_matrix_operations", "correlation_id": "-", "session_id": "-", "timestamp": "2025-08-20T16:00:57.222374+00:00"}
{"asctime": "2025-08-20 18:00:57,222", "levelname": "INFO", "name": "AresGlobal.AresLauncher", "message": "🧹 Cleared progress for 'step2_5_enhanced_matrix_operations' (force)", "correlation_id": "-", "session_id": "-", "timestamp": "2025-08-20T16:00:57.222476+00:00"}
{"asctime": "2025-08-20 18:00:57,222", "levelname": "INFO", "name": "AresGlobal.ProgressManager", "message": "🗑️  Cleared progress for step3_hmm_regime_discovery", "correlation_id": "-", "session_id": "-", "timestamp": "2025-08-20T16:00:57.222686+00:00"}
{"asctime": "2025-08-20 18:00:57,222", "levelname": "INFO", "name": "AresGlobal.AresLauncher", "message": "🧹 Cleared progress for 'step3_hmm_regime_discovery' (force)", "correlation_id": "-", "session_id": "-", "timestamp": "2025-08-20T16:00:57.222849+00:00"}
{"asctime": "2025-08-20 18:00:57,222", "levelname": "INFO", "name": "AresGlobal.ProgressManager", "message": "🗑️  Cleared progress for step4_processing_labeling", "correlation_id": "-", "session_id": "-", "timestamp": "2025-08-20T16:00:57.222996+00:00"}
{"asctime": "2025-08-20 18:00:57,223", "levelname": "INFO", "name": "AresGlobal.AresLauncher", "message": "🧹 Cleared progress for 'step4_processing_labeling' (force)", "correlation_id": "-", "session_id": "-", "timestamp": "2025-08-20T16:00:57.223115+00:00"}
{"asctime": "2025-08-20 18:00:57,223", "levelname": "INFO", "name": "AresGlobal.ProgressManager", "message": "🗑️  Cleared progress for step5_regime_data_splitting", "correlation_id": "-", "session_id": "-", "timestamp": "2025-08-20T16:00:57.223235+00:00"}
{"asctime": "2025-08-20 18:00:57,223", "levelname": "INFO", "name": "AresGlobal.AresLauncher", "message": "🧹 Cleared progress for 'step5_regime_data_splitting' (force)", "correlation_id": "-", "session_id": "-", "timestamp": "2025-08-20T16:00:57.223326+00:00"}
{"asctime": "2025-08-20 18:00:57,223", "levelname": "INFO", "name": "AresGlobal.ProgressManager", "message": "🗑️  Cleared progress for step6_hmm_based_training", "correlation_id": "-", "session_id": "-", "timestamp": "2025-08-20T16:00:57.223433+00:00"}
{"asctime": "2025-08-20 18:00:57,223", "levelname": "INFO", "name": "AresGlobal.AresLauncher", "message": "🧹 Cleared progress for 'step6_hmm_based_training' (force)", "correlation_id": "-", "session_id": "-", "timestamp": "2025-08-20T16:00:57.223546+00:00"}
{"asctime": "2025-08-20 18:00:57,223", "levelname": "INFO", "name": "AresGlobal.ProgressManager", "message": "🗑️  Cleared progress for step6_5_unified_regime_intelligence", "correlation_id": "-", "session_id": "-", "timestamp": "2025-08-20T16:00:57.223660+00:00"}
{"asctime": "2025-08-20 18:00:57,223", "levelname": "INFO", "name": "AresGlobal.AresLauncher", "message": "🧹 Cleared progress for 'step6_5_unified_regime_intelligence' (force)", "correlation_id": "-", "session_id": "-", "timestamp": "2025-08-20T16:00:57.223750+00:00"}
{"asctime": "2025-08-20 18:00:57,223", "levelname": "INFO", "name": "AresGlobal.ProgressManager", "message": "🗑️  Cleared progress for step7_analyst_enhancement", "correlation_id": "-", "session_id": "-", "timestamp": "2025-08-20T16:00:57.223857+00:00"}
{"asctime": "2025-08-20 18:00:57,223", "levelname": "INFO", "name": "AresGlobal.AresLauncher", "message": "🧹 Cleared progress for 'step7_analyst_enhancement' (force)", "correlation_id": "-", "session_id": "-", "timestamp": "2025-08-20T16:00:57.223944+00:00"}
{"asctime": "2025-08-20 18:00:57,224", "levelname": "INFO", "name": "AresGlobal.ProgressManager", "message": "🗑️  Cleared progress for step8_tactician_labeling", "correlation_id": "-", "session_id": "-", "timestamp": "2025-08-20T16:00:57.224054+00:00"}
{"asctime": "2025-08-20 18:00:57,224", "levelname": "INFO", "name": "AresGlobal.AresLauncher", "message": "🧹 Cleared progress for 'step8_tactician_labeling' (force)", "correlation_id": "-", "session_id": "-", "timestamp": "2025-08-20T16:00:57.224177+00:00"}
{"asctime": "2025-08-20 18:00:57,224", "levelname": "INFO", "name": "AresGlobal.ProgressManager", "message": "🗑️  Cleared progress for step9_tactician_specialist_training", "correlation_id": "-", "session_id": "-", "timestamp": "2025-08-20T16:00:57.224365+00:00"}
{"asctime": "2025-08-20 18:00:57,224", "levelname": "INFO", "name": "AresGlobal.AresLauncher", "message": "🧹 Cleared progress for 'step9_tactician_specialist_training' (force)", "correlation_id": "-", "session_id": "-", "timestamp": "2025-08-20T16:00:57.224475+00:00"}
{"asctime": "2025-08-20 18:00:57,224", "levelname": "INFO", "name": "AresGlobal.ProgressManager", "message": "🗑️  Cleared progress for step10_confidence_calibration", "correlation_id": "-", "session_id": "-", "timestamp": "2025-08-20T16:00:57.224582+00:00"}
{"asctime": "2025-08-20 18:00:57,224", "levelname": "INFO", "name": "AresGlobal.AresLauncher", "message": "🧹 Cleared progress for 'step10_confidence_calibration' (force)", "correlation_id": "-", "session_id": "-", "timestamp": "2025-08-20T16:00:57.224670+00:00"}
{"asctime": "2025-08-20 18:00:57,224", "levelname": "INFO", "name": "AresGlobal.ProgressManager", "message": "🗑️  Cleared progress for step11_final_parameters_optimization", "correlation_id": "-", "session_id": "-", "timestamp": "2025-08-20T16:00:57.224786+00:00"}
{"asctime": "2025-08-20 18:00:57,224", "levelname": "INFO", "name": "AresGlobal.AresLauncher", "message": "🧹 Cleared progress for 'step11_final_parameters_optimization' (force)", "correlation_id": "-", "session_id": "-", "timestamp": "2025-08-20T16:00:57.224915+00:00"}
{"asctime": "2025-08-20 18:00:57,225", "levelname": "INFO", "name": "AresGlobal.ProgressManager", "message": "🗑️  Cleared progress for step12_walk_forward_validation", "correlation_id": "-", "session_id": "-", "timestamp": "2025-08-20T16:00:57.225028+00:00"}
{"asctime": "2025-08-20 18:00:57,225", "levelname": "INFO", "name": "AresGlobal.AresLauncher", "message": "🧹 Cleared progress for 'step12_walk_forward_validation' (force)", "correlation_id": "-", "session_id": "-", "timestamp": "2025-08-20T16:00:57.225115+00:00"}
{"asctime": "2025-08-20 18:00:57,225", "levelname": "INFO", "name": "AresGlobal.ProgressManager", "message": "🗑️  Cleared progress for step13_monte_carlo_validation", "correlation_id": "-", "session_id": "-", "timestamp": "2025-08-20T16:00:57.225335+00:00"}
{"asctime": "2025-08-20 18:00:57,225", "levelname": "INFO", "name": "AresGlobal.AresLauncher", "message": "🧹 Cleared progress for 'step13_monte_carlo_validation' (force)", "correlation_id": "-", "session_id": "-", "timestamp": "2025-08-20T16:00:57.225423+00:00"}
{"asctime": "2025-08-20 18:00:57,225", "levelname": "INFO", "name": "AresGlobal.ProgressManager", "message": "🗑️  Cleared progress for step14_ab_testing", "correlation_id": "-", "session_id": "-", "timestamp": "2025-08-20T16:00:57.225527+00:00"}
{"asctime": "2025-08-20 18:00:57,225", "levelname": "INFO", "name": "AresGlobal.AresLauncher", "message": "🧹 Cleared progress for 'step14_ab_testing' (force)", "correlation_id": "-", "session_id": "-", "timestamp": "2025-08-20T16:00:57.225622+00:00"}
{"asctime": "2025-08-20 18:00:57,225", "levelname": "INFO", "name": "AresGlobal.ProgressManager", "message": "🗑️  Cleared progress for step15_saving", "correlation_id": "-", "session_id": "-", "timestamp": "2025-08-20T16:00:57.225775+00:00"}
{"asctime": "2025-08-20 18:00:57,226", "levelname": "INFO", "name": "AresGlobal.AresLauncher", "message": "🧹 Cleared progress for 'step15_saving' (force)", "correlation_id": "-", "session_id": "-", "timestamp": "2025-08-20T16:00:57.226408+00:00"}
{"asctime": "2025-08-20 18:00:57,226", "levelname": "INFO", "name": "AresGlobal.AresLauncher", "message": "✅ Cleared progress for 16 steps: ['step2_feature_engineering', 'step2_5_enhanced_matrix_operations', 'step3_hmm_regime_discovery', 'step4_processing_labeling', 'step5_regime_data_splitting', 'step6_hmm_based_training', 'step6_5_unified_regime_intelligence', 'step7_analyst_enhancement', 'step8_tactician_labeling', 'step9_tactician_specialist_training', 'step10_confidence_calibration', 'step11_final_parameters_optimization', 'step12_walk_forward_validation', 'step13_monte_carlo_validation', 'step14_ab_testing', 'step15_saving']", "correlation_id": "-", "session_id": "-", "timestamp": "2025-08-20T16:00:57.226527+00:00"}
{"asctime": "2025-08-20 18:00:57,227", "levelname": "INFO", "name": "AresGlobal.StepOrchestrator", "message": "🚀 Starting execution from step: step2_feature_engineering", "correlation_id": "-", "session_id": "-", "timestamp": "2025-08-20T16:00:57.227492+00:00"}
{"asctime": "2025-08-20 18:01:05,516", "levelname": "INFO", "name": "AresGlobal.M1GPUAcceleration", "message": "✅ MPS (Metal Performance Shaders) available and enabled", "correlation_id": "-", "session_id": "-", "timestamp": "2025-08-20T16:01:05.516740+00:00"}
{"asctime": "2025-08-20 18:01:05,521", "levelname": "INFO", "name": "AresGlobal.ComputationalOptimizationManager", "message": "Computational Optimization Manager initialized", "correlation_id": "-", "session_id": "-", "timestamp": "2025-08-20T16:01:05.521283+00:00"}
{"asctime": "2025-08-20 18:01:05,524", "levelname": "INFO", "name": "AresGlobal.StepOrchestrator", "message": "✅ Enhanced training manager setup successfully", "correlation_id": "-", "session_id": "-", "timestamp": "2025-08-20T16:01:05.524361+00:00"}
{"asctime": "2025-08-20 18:01:05,553", "levelname": "INFO", "name": "AresGlobal.M1GPUAcceleration", "message": "🧹 GPU memory cleared", "correlation_id": "-", "session_id": "-", "timestamp": "2025-08-20T16:01:05.553207+00:00"}
{"asctime": "2025-08-20 18:01:05,553", "levelname": "INFO", "name": "AresGlobal.StepOrchestrator", "message": "\u001b[91m\u001b[1m❌\u001b[0m \u001b[91m\u001b[1m❌ Enhanced 16-step training pipeline failed\u001b[0m", "correlation_id": "-", "session_id": "-", "timestamp": "2025-08-20T16:01:05.553423+00:00"}
{"asctime": "2025-08-20 18:01:05,553", "levelname": "ERROR", "name": "AresGlobal.AresLauncher", "message": "❌ Step-based training pipeline failed", "correlation_id": "-", "session_id": "-", "timestamp": "2025-08-20T16:01:05.553782+00:00"}
{"asctime": "2025-08-20 18:01:05,554", "levelname": "INFO", "name": "AresGlobal", "message": "[SYSTEM] ================================================================================", "correlation_id": "-", "session_id": "-", "timestamp": "2025-08-20T16:01:05.554198+00:00"}
{"asctime": "2025-08-20 18:01:05,554", "levelname": "INFO", "name": "AresGlobal", "message": "[SYSTEM] 🛑 ARES LAUNCHER ENDED - Exit code: 1", "correlation_id": "-", "session_id": "-", "timestamp": "2025-08-20T16:01:05.554403+00:00"}
{"asctime": "2025-08-20 18:01:05,554", "levelname": "INFO", "name": "AresGlobal", "message": "[SYSTEM] End time: 2025-08-20 18:01:05", "correlation_id": "-", "session_id": "-", "timestamp": "2025-08-20T16:01:05.554608+00:00"}
{"asctime": "2025-08-20 18:01:05,554", "levelname": "INFO", "name": "AresGlobal", "message": "[SYSTEM] ================================================================================", "correlation_id": "-", "session_id": "-", "timestamp": "2025-08-20T16:01:05.554803+00:00"}
{"asctime": "2025-08-20 18:01:05,554", "levelname": "INFO", "name": "AresGlobal.AresLauncher", "message": "🧹 Cleaning up processes...", "correlation_id": "-", "session_id": "-", "timestamp": "2025-08-20T16:01:05.554905+00:00"}
{"asctime": "2025-08-20 18:01:05,555", "levelname": "INFO", "name": "AresGlobal.AresLauncher", "message": "✅ Cleanup completed", "correlation_id": "-", "session_id": "-", "timestamp": "2025-08-20T16:01:05.555007+00:00"}
