{"asctime": "2025-08-19 18:56:14,115", "levelname": "INFO", "name": "AresTradingSystem", "message": "✅ Enhanced Logger initialization completed successfully", "correlation_id": "-", "session_id": "-", "timestamp": "2025-08-19T16:56:14.115139+00:00"}
{"asctime": "2025-08-19 18:56:15,095", "levelname": "INFO", "name": "AresTradingSystem.System", "message": "Environment configuration loaded successfully. Trading Environment: PAPER, Exchange: BINANCE", "correlation_id": "-", "session_id": "-", "timestamp": "2025-08-19T16:56:15.095416+00:00"}
{"asctime": "2025-08-19 18:56:19,466", "levelname": "INFO", "name": "AresTradingSystem.System.VectorizedAdvancedFeatureEngineering", "message": "✅ Configured joblib memory cache: data/joblib_cache", "correlation_id": "-", "session_id": "-", "timestamp": "2025-08-19T16:56:19.466040+00:00"}
{"asctime": "2025-08-19 18:56:19,466", "levelname": "INFO", "name": "AresTradingSystem.System.SRBreakoutPredictor", "message": "🚀 Initializing enhanced SR breakout predictor...", "correlation_id": "-", "session_id": "-", "timestamp": "2025-08-19T16:56:19.466258+00:00"}
{"asctime": "2025-08-19 18:56:19,466", "levelname": "INFO", "name": "AresTradingSystem.System", "message": "Applied NumPy RNG unpickle compatibility shim (URC)", "correlation_id": "-", "session_id": "-", "timestamp": "2025-08-19T16:56:19.466351+00:00"}
{"asctime": "2025-08-19 18:56:19,466", "levelname": "INFO", "name": "AresTradingSystem.System.UnifiedRegimeClassifier", "message": "", "correlation_id": "-", "session_id": "-", "msg": "UnifiedRegimeClassifier configuration loaded", "exchange": "UNKNOWN", "symbol": "UNKNOWN", "n_states_configured": 3, "n_states_enforced_min": 3, "target_timeframe": "1h", "volatility_period": 10, "min_data_points_default": 1000, "timestamp": "2025-08-19T16:56:19.466425+00:00"}
{"asctime": "2025-08-19 18:56:19,466", "levelname": "INFO", "name": "AresTradingSystem.System.UnifiedRegimeClassifier", "message": "", "correlation_id": "-", "session_id": "-", "msg": "Regime classification thresholds", "thresholds": {"adx_sideways_threshold": 18, "volatility_threshold": 0.025, "atr_normalized_threshold": 0.035, "volatility_percentile_threshold": 0.8, "bb_width_volatility_threshold": 0.045}, "timestamp": "2025-08-19T16:56:19.466501+00:00"}
{"asctime": "2025-08-19 18:56:19,466", "levelname": "INFO", "name": "AresTradingSystem.System.UnifiedRegimeClassifier", "message": "", "correlation_id": "-", "session_id": "-", "msg": "Model paths configured", "model_dir": "/Users/remyroche/Documents/Ares/checkpoints/analyst_models", "hmm_model_path": "/Users/remyroche/Documents/Ares/checkpoints/analyst_models/unified_hmm_model_UNKNOWN_UNKNOWN_1h.joblib", "ensemble_model_path": "/Users/remyroche/Documents/Ares/checkpoints/analyst_models/unified_ensemble_model_UNKNOWN_UNKNOWN_1h.joblib", "location_model_path": "/Users/remyroche/Documents/Ares/checkpoints/analyst_models/unified_location_model_UNKNOWN_UNKNOWN_1h.joblib", "timestamp": "2025-08-19T16:56:19.466603+00:00"}
{"asctime": "2025-08-19 18:56:19,466", "levelname": "INFO", "name": "AresTradingSystem.System.UnifiedRegimeClassifier", "message": "✅ UnifiedRegimeClassifier initialized successfully", "correlation_id": "-", "session_id": "-", "timestamp": "2025-08-19T16:56:19.466675+00:00"}
{"asctime": "2025-08-19 18:56:19,466", "levelname": "INFO", "name": "AresTradingSystem.System.SRBreakoutPredictor", "message": "✅ Enhanced SR breakout predictor initialized successfully", "correlation_id": "-", "session_id": "-", "timestamp": "2025-08-19T16:56:19.466786+00:00"}
{"asctime": "2025-08-19 18:56:19,466", "levelname": "INFO", "name": "AresTradingSystem.System.VectorizedAdvancedFeatureEngineering", "message": "🚀 Initializing vectorized advanced feature engineering...", "correlation_id": "-", "session_id": "-", "timestamp": "2025-08-19T16:56:19.466873+00:00"}
{"asctime": "2025-08-19 18:56:19,467", "levelname": "INFO", "name": "AresTradingSystem.System.WaveletFeatureCache", "message": "✅ Cache directory initialized: data/wavelet_cache", "correlation_id": "-", "session_id": "-", "timestamp": "2025-08-19T16:56:19.467012+00:00"}
{"asctime": "2025-08-19 18:56:19,467", "levelname": "INFO", "name": "AresTradingSystem.System.VectorizedVolatilityRegimeModel", "message": "🚀 Initializing VectorizedVolatilityRegimeModel...", "correlation_id": "-", "session_id": "-", "timestamp": "2025-08-19T16:56:19.467095+00:00"}
{"asctime": "2025-08-19 18:56:19,467", "levelname": "INFO", "name": "AresTradingSystem.System.VectorizedVolatilityRegimeModel", "message": "✅ VectorizedVolatilityRegimeModel initialized successfully", "correlation_id": "-", "session_id": "-", "timestamp": "2025-08-19T16:56:19.467154+00:00"}
{"asctime": "2025-08-19 18:56:19,467", "levelname": "INFO", "name": "AresTradingSystem.System.VectorizedCorrelationAnalyzer", "message": "🚀 Initializing VectorizedCorrelationAnalyzer...", "correlation_id": "-", "session_id": "-", "timestamp": "2025-08-19T16:56:19.467217+00:00"}
{"asctime": "2025-08-19 18:56:19,467", "levelname": "INFO", "name": "AresTradingSystem.System.VectorizedCorrelationAnalyzer", "message": "✅ VectorizedCorrelationAnalyzer initialized successfully", "correlation_id": "-", "session_id": "-", "timestamp": "2025-08-19T16:56:19.467271+00:00"}
{"asctime": "2025-08-19 18:56:19,467", "levelname": "INFO", "name": "AresTradingSystem.System.VectorizedMomentumAnalyzer", "message": "🚀 Initializing VectorizedMomentumAnalyzer...", "correlation_id": "-", "session_id": "-", "timestamp": "2025-08-19T16:56:19.467331+00:00"}
{"asctime": "2025-08-19 18:56:19,467", "levelname": "INFO", "name": "AresTradingSystem.System.VectorizedMomentumAnalyzer", "message": "✅ VectorizedMomentumAnalyzer initialized successfully", "correlation_id": "-", "session_id": "-", "timestamp": "2025-08-19T16:56:19.467385+00:00"}
{"asctime": "2025-08-19 18:56:19,467", "levelname": "INFO", "name": "AresTradingSystem.System.VectorizedAdvancedFeatureEngineering", "message": "🔍 Creating VectorizedLiquidityAnalyzer...", "correlation_id": "-", "session_id": "-", "timestamp": "2025-08-19T16:56:19.467448+00:00"}
{"asctime": "2025-08-19 18:56:19,467", "levelname": "INFO", "name": "AresTradingSystem.System.VectorizedAdvancedFeatureEngineering", "message": "🔍 VectorizedLiquidityAnalyzer created, initializing...", "correlation_id": "-", "session_id": "-", "timestamp": "2025-08-19T16:56:19.467560+00:00"}
{"asctime": "2025-08-19 18:56:19,467", "levelname": "INFO", "name": "AresTradingSystem.System.VectorizedLiquidityAnalyzer", "message": "🚀 Initializing VectorizedLiquidityAnalyzer...", "correlation_id": "-", "session_id": "-", "timestamp": "2025-08-19T16:56:19.467710+00:00"}
{"asctime": "2025-08-19 18:56:19,467", "levelname": "INFO", "name": "AresTradingSystem.System.VectorizedLiquidityAnalyzer", "message": "✅ VectorizedLiquidityAnalyzer initialized successfully", "correlation_id": "-", "session_id": "-", "timestamp": "2025-08-19T16:56:19.467773+00:00"}
{"asctime": "2025-08-19 18:56:19,467", "levelname": "INFO", "name": "AresTradingSystem.System.VectorizedAdvancedFeatureEngineering", "message": "✅ Liquidity analyzer initialized successfully", "correlation_id": "-", "session_id": "-", "timestamp": "2025-08-19T16:56:19.467832+00:00"}
{"asctime": "2025-08-19 18:56:19,467", "levelname": "INFO", "name": "AresTradingSystem.System.VectorizedAdvancedFeatureEngineering", "message": "🔍 Creating VectorizedCandlestickPatternAnalyzer...", "correlation_id": "-", "session_id": "-", "timestamp": "2025-08-19T16:56:19.467886+00:00"}
{"asctime": "2025-08-19 18:56:19,467", "levelname": "INFO", "name": "AresTradingSystem.System.VectorizedAdvancedFeatureEngineering", "message": "🔍 VectorizedCandlestickPatternAnalyzer created, initializing...", "correlation_id": "-", "session_id": "-", "timestamp": "2025-08-19T16:56:19.467948+00:00"}
{"asctime": "2025-08-19 18:56:19,468", "levelname": "INFO", "name": "AresTradingSystem.System.VectorizedCandlestickPatternAnalyzer", "message": "🚀 Initializing VectorizedCandlestickPatternAnalyzer...", "correlation_id": "-", "session_id": "-", "timestamp": "2025-08-19T16:56:19.468003+00:00"}
{"asctime": "2025-08-19 18:56:19,468", "levelname": "INFO", "name": "AresTradingSystem.System.VectorizedCandlestickPatternAnalyzer", "message": "🔍 Config keys: ['sr_breakout_predictor', 'vectorized_advanced_features']", "correlation_id": "-", "session_id": "-", "timestamp": "2025-08-19T16:56:19.468059+00:00"}
{"asctime": "2025-08-19 18:56:19,468", "levelname": "INFO", "name": "AresTradingSystem.System.VectorizedCandlestickPatternAnalyzer", "message": "✅ VectorizedCandlestickPatternAnalyzer initialized successfully", "correlation_id": "-", "session_id": "-", "timestamp": "2025-08-19T16:56:19.468119+00:00"}
{"asctime": "2025-08-19 18:56:19,468", "levelname": "INFO", "name": "AresTradingSystem.System.VectorizedAdvancedFeatureEngineering", "message": "✅ Candlestick analyzer initialized successfully", "correlation_id": "-", "session_id": "-", "timestamp": "2025-08-19T16:56:19.468175+00:00"}
{"asctime": "2025-08-19 18:56:19,468", "levelname": "INFO", "name": "AresTradingSystem.System.VectorizedAdvancedFeatureEngineering", "message": "🔍 Creating VectorizedSRDistanceCalculator...", "correlation_id": "-", "session_id": "-", "timestamp": "2025-08-19T16:56:19.468229+00:00"}
{"asctime": "2025-08-19 18:56:19,468", "levelname": "INFO", "name": "AresTradingSystem.System.VectorizedAdvancedFeatureEngineering", "message": "🔍 VectorizedSRDistanceCalculator created, initializing...", "correlation_id": "-", "session_id": "-", "timestamp": "2025-08-19T16:56:19.468287+00:00"}
{"asctime": "2025-08-19 18:56:19,468", "levelname": "INFO", "name": "AresTradingSystem.System.VectorizedSRDistanceCalculator", "message": "🚀 Initializing VectorizedSRDistanceCalculator...", "correlation_id": "-", "session_id": "-", "timestamp": "2025-08-19T16:56:19.468340+00:00"}
{"asctime": "2025-08-19 18:56:19,468", "levelname": "INFO", "name": "AresTradingSystem.System.VectorizedSRDistanceCalculator", "message": "✅ VectorizedSRDistanceCalculator initialized successfully", "correlation_id": "-", "session_id": "-", "timestamp": "2025-08-19T16:56:19.468393+00:00"}
{"asctime": "2025-08-19 18:56:19,468", "levelname": "INFO", "name": "AresTradingSystem.System.VectorizedAdvancedFeatureEngineering", "message": "✅ S/R distance calculator initialized successfully", "correlation_id": "-", "session_id": "-", "timestamp": "2025-08-19T16:56:19.468446+00:00"}
{"asctime": "2025-08-19 18:56:19,468", "levelname": "INFO", "name": "AresTradingSystem.System.VectorizedAdvancedFeatureEngineering", "message": "🔍 Creating VectorizedWaveletTransformAnalyzer...", "correlation_id": "-", "session_id": "-", "timestamp": "2025-08-19T16:56:19.468499+00:00"}
{"asctime": "2025-08-19 18:56:19,468", "levelname": "INFO", "name": "AresTradingSystem.System.VectorizedAdvancedFeatureEngineering", "message": "🔍 VectorizedWaveletTransformAnalyzer created, initializing...", "correlation_id": "-", "session_id": "-", "timestamp": "2025-08-19T16:56:19.468556+00:00"}
{"asctime": "2025-08-19 18:56:19,468", "levelname": "INFO", "name": "AresTradingSystem.System.VectorizedWaveletTransformAnalyzer", "message": "🚀 Initializing VectorizedWaveletTransformAnalyzer...", "correlation_id": "-", "session_id": "-", "timestamp": "2025-08-19T16:56:19.468611+00:00"}
{"asctime": "2025-08-19 18:56:19,468", "levelname": "INFO", "name": "AresTradingSystem.System.VectorizedWaveletTransformAnalyzer", "message": "✅ VectorizedWaveletTransformAnalyzer initialized successfully", "correlation_id": "-", "session_id": "-", "timestamp": "2025-08-19T16:56:19.468662+00:00"}
{"asctime": "2025-08-19 18:56:19,468", "levelname": "INFO", "name": "AresTradingSystem.System.VectorizedAdvancedFeatureEngineering", "message": "✅ Wavelet analyzer initialized successfully", "correlation_id": "-", "session_id": "-", "timestamp": "2025-08-19T16:56:19.468717+00:00"}
{"asctime": "2025-08-19 18:56:19,468", "levelname": "INFO", "name": "AresTradingSystem.System.VectorizedAdvancedFeatureEngineering", "message": "ℹ️ Meta-labeling system removed - using only HMM market regimes for labeling", "correlation_id": "-", "session_id": "-", "timestamp": "2025-08-19T16:56:19.468770+00:00"}
{"asctime": "2025-08-19 18:56:19,468", "levelname": "INFO", "name": "AresTradingSystem.System.VectorizedAdvancedFeatureEngineering", "message": "✅ Vectorized advanced feature engineering initialized successfully", "correlation_id": "-", "session_id": "-", "timestamp": "2025-08-19T16:56:19.468830+00:00"}
{"asctime": "2025-08-19 18:56:19,468", "levelname": "INFO", "name": "AresTradingSystem.System.StrengthWeightedSRPositionTester", "message": "✅ Tester initialized successfully", "correlation_id": "-", "session_id": "-", "timestamp": "2025-08-19T16:56:19.468894+00:00"}
{"asctime": "2025-08-19 18:56:19,468", "levelname": "INFO", "name": "AresTradingSystem.System.StrengthWeightedSRPositionTester", "message": "🚀 Starting strength-weighted SR position test...", "correlation_id": "-", "session_id": "-", "timestamp": "2025-08-19T16:56:19.468949+00:00"}
{"asctime": "2025-08-19 18:56:19,470", "levelname": "INFO", "name": "AresTradingSystem.System.StrengthWeightedSRPositionTester", "message": "✅ Created sample price data with 100 periods", "correlation_id": "-", "session_id": "-", "timestamp": "2025-08-19T16:56:19.470154+00:00"}
{"asctime": "2025-08-19 18:56:19,470", "levelname": "INFO", "name": "AresTradingSystem.System.StrengthWeightedSRPositionTester", "message": "✅ Created sample SR levels: 3 support, 3 resistance", "correlation_id": "-", "session_id": "-", "timestamp": "2025-08-19T16:56:19.470459+00:00"}
{"asctime": "2025-08-19 18:56:19,473", "levelname": "INFO", "name": "AresTradingSystem.System.StrengthWeightedSRPositionTester", "message": "\n================================================================================", "correlation_id": "-", "session_id": "-", "timestamp": "2025-08-19T16:56:19.473060+00:00"}
{"asctime": "2025-08-19 18:56:19,473", "levelname": "INFO", "name": "AresTradingSystem.System.StrengthWeightedSRPositionTester", "message": "🔍 STRENGTH-WEIGHTED SR POSITION ANALYSIS", "correlation_id": "-", "session_id": "-", "timestamp": "2025-08-19T16:56:19.473229+00:00"}
{"asctime": "2025-08-19 18:56:19,473", "levelname": "INFO", "name": "AresTradingSystem.System.StrengthWeightedSRPositionTester", "message": "================================================================================", "correlation_id": "-", "session_id": "-", "timestamp": "2025-08-19T16:56:19.473305+00:00"}
{"asctime": "2025-08-19 18:56:19,473", "levelname": "INFO", "name": "AresTradingSystem.System.StrengthWeightedSRPositionTester", "message": "\n📍 Test Price 1: $119.53", "correlation_id": "-", "session_id": "-", "timestamp": "2025-08-19T16:56:19.473379+00:00"}
{"asctime": "2025-08-19 18:56:19,473", "levelname": "INFO", "name": "AresTradingSystem.System.StrengthWeightedSRPositionTester", "message": "   Simple Position: 0.600", "correlation_id": "-", "session_id": "-", "timestamp": "2025-08-19T16:56:19.473465+00:00"}
{"asctime": "2025-08-19 18:56:19,473", "levelname": "INFO", "name": "AresTradingSystem.System.StrengthWeightedSRPositionTester", "message": "   Strength Position: 0.600", "correlation_id": "-", "session_id": "-", "timestamp": "2025-08-19T16:56:19.473527+00:00"}
{"asctime": "2025-08-19 18:56:19,473", "levelname": "INFO", "name": "AresTradingSystem.System.StrengthWeightedSRPositionTester", "message": "   Effective Support: $115.94 (score: 0.134)", "correlation_id": "-", "session_id": "-", "timestamp": "2025-08-19T16:56:19.473583+00:00"}
{"asctime": "2025-08-19 18:56:19,473", "levelname": "INFO", "name": "AresTradingSystem.System.StrengthWeightedSRPositionTester", "message": "   Effective Resistance: $121.92 (score: 0.184)", "correlation_id": "-", "session_id": "-", "timestamp": "2025-08-19T16:56:19.473639+00:00"}
{"asctime": "2025-08-19 18:56:19,473", "levelname": "INFO", "name": "AresTradingSystem.System.StrengthWeightedSRPositionTester", "message": "   Position Difference: 0.000", "correlation_id": "-", "session_id": "-", "timestamp": "2025-08-19T16:56:19.473695+00:00"}
{"asctime": "2025-08-19 18:56:19,473", "levelname": "INFO", "name": "AresTradingSystem.System.StrengthWeightedSRPositionTester", "message": "   ✅ Positions are similar", "correlation_id": "-", "session_id": "-", "timestamp": "2025-08-19T16:56:19.473756+00:00"}
{"asctime": "2025-08-19 18:56:19,473", "levelname": "INFO", "name": "AresTradingSystem.System.StrengthWeightedSRPositionTester", "message": "\n📍 Test Price 2: $114.75", "correlation_id": "-", "session_id": "-", "timestamp": "2025-08-19T16:56:19.473836+00:00"}
{"asctime": "2025-08-19 18:56:19,473", "levelname": "INFO", "name": "AresTradingSystem.System.StrengthWeightedSRPositionTester", "message": "   Simple Position: 0.143", "correlation_id": "-", "session_id": "-", "timestamp": "2025-08-19T16:56:19.473908+00:00"}
{"asctime": "2025-08-19 18:56:19,473", "levelname": "INFO", "name": "AresTradingSystem.System.StrengthWeightedSRPositionTester", "message": "   Strength Position: 0.143", "correlation_id": "-", "session_id": "-", "timestamp": "2025-08-19T16:56:19.473966+00:00"}
{"asctime": "2025-08-19 18:56:19,474", "levelname": "INFO", "name": "AresTradingSystem.System.StrengthWeightedSRPositionTester", "message": "   Effective Support: $113.55 (score: 0.535)", "correlation_id": "-", "session_id": "-", "timestamp": "2025-08-19T16:56:19.474029+00:00"}
{"asctime": "2025-08-19 18:56:19,474", "levelname": "INFO", "name": "AresTradingSystem.System.StrengthWeightedSRPositionTester", "message": "   Effective Resistance: $121.92 (score: 0.022)", "correlation_id": "-", "session_id": "-", "timestamp": "2025-08-19T16:56:19.474082+00:00"}
{"asctime": "2025-08-19 18:56:19,474", "levelname": "INFO", "name": "AresTradingSystem.System.StrengthWeightedSRPositionTester", "message": "   Position Difference: 0.000", "correlation_id": "-", "session_id": "-", "timestamp": "2025-08-19T16:56:19.474135+00:00"}
{"asctime": "2025-08-19 18:56:19,474", "levelname": "INFO", "name": "AresTradingSystem.System.StrengthWeightedSRPositionTester", "message": "   ✅ Positions are similar", "correlation_id": "-", "session_id": "-", "timestamp": "2025-08-19T16:56:19.474187+00:00"}
{"asctime": "2025-08-19 18:56:19,474", "levelname": "INFO", "name": "AresTradingSystem.System.StrengthWeightedSRPositionTester", "message": "\n📍 Test Price 3: $123.12", "correlation_id": "-", "session_id": "-", "timestamp": "2025-08-19T16:56:19.474241+00:00"}
{"asctime": "2025-08-19 18:56:19,474", "levelname": "INFO", "name": "AresTradingSystem.System.StrengthWeightedSRPositionTester", "message": "   Simple Position: 0.750", "correlation_id": "-", "session_id": "-", "timestamp": "2025-08-19T16:56:19.474309+00:00"}
{"asctime": "2025-08-19 18:56:19,474", "levelname": "INFO", "name": "AresTradingSystem.System.StrengthWeightedSRPositionTester", "message": "   Strength Position: 0.750", "correlation_id": "-", "session_id": "-", "timestamp": "2025-08-19T16:56:19.474363+00:00"}
{"asctime": "2025-08-19 18:56:19,474", "levelname": "INFO", "name": "AresTradingSystem.System.StrengthWeightedSRPositionTester", "message": "   Effective Support: $115.94 (score: 0.033)", "correlation_id": "-", "session_id": "-", "timestamp": "2025-08-19T16:56:19.474415+00:00"}
{"asctime": "2025-08-19 18:56:19,474", "levelname": "INFO", "name": "AresTradingSystem.System.StrengthWeightedSRPositionTester", "message": "   Effective Resistance: $125.51 (score: 0.303)", "correlation_id": "-", "session_id": "-", "timestamp": "2025-08-19T16:56:19.474467+00:00"}
{"asctime": "2025-08-19 18:56:19,474", "levelname": "INFO", "name": "AresTradingSystem.System.StrengthWeightedSRPositionTester", "message": "   Position Difference: 0.000", "correlation_id": "-", "session_id": "-", "timestamp": "2025-08-19T16:56:19.474519+00:00"}
{"asctime": "2025-08-19 18:56:19,474", "levelname": "INFO", "name": "AresTradingSystem.System.StrengthWeightedSRPositionTester", "message": "   ✅ Positions are similar", "correlation_id": "-", "session_id": "-", "timestamp": "2025-08-19T16:56:19.474570+00:00"}
{"asctime": "2025-08-19 18:56:19,474", "levelname": "INFO", "name": "AresTradingSystem.System.StrengthWeightedSRPositionTester", "message": "\n📍 Test Price 4: $109.97", "correlation_id": "-", "session_id": "-", "timestamp": "2025-08-19T16:56:19.474624+00:00"}
{"asctime": "2025-08-19 18:56:19,474", "levelname": "INFO", "name": "AresTradingSystem.System.StrengthWeightedSRPositionTester", "message": "   Simple Position: 0.167", "correlation_id": "-", "session_id": "-", "timestamp": "2025-08-19T16:56:19.474689+00:00"}
{"asctime": "2025-08-19 18:56:19,474", "levelname": "INFO", "name": "AresTradingSystem.System.StrengthWeightedSRPositionTester", "message": "   Strength Position: 0.167", "correlation_id": "-", "session_id": "-", "timestamp": "2025-08-19T16:56:19.474742+00:00"}
{"asctime": "2025-08-19 18:56:19,474", "levelname": "INFO", "name": "AresTradingSystem.System.StrengthWeightedSRPositionTester", "message": "   Effective Support: $107.58 (score: 0.101)", "correlation_id": "-", "session_id": "-", "timestamp": "2025-08-19T16:56:19.474792+00:00"}
{"asctime": "2025-08-19 18:56:19,474", "levelname": "INFO", "name": "AresTradingSystem.System.StrengthWeightedSRPositionTester", "message": "   Effective Resistance: $121.92 (score: 0.002)", "correlation_id": "-", "session_id": "-", "timestamp": "2025-08-19T16:56:19.474846+00:00"}
{"asctime": "2025-08-19 18:56:19,474", "levelname": "INFO", "name": "AresTradingSystem.System.StrengthWeightedSRPositionTester", "message": "   Position Difference: 0.000", "correlation_id": "-", "session_id": "-", "timestamp": "2025-08-19T16:56:19.474900+00:00"}
{"asctime": "2025-08-19 18:56:19,474", "levelname": "INFO", "name": "AresTradingSystem.System.StrengthWeightedSRPositionTester", "message": "   ✅ Positions are similar", "correlation_id": "-", "session_id": "-", "timestamp": "2025-08-19T16:56:19.474952+00:00"}
{"asctime": "2025-08-19 18:56:19,475", "levelname": "INFO", "name": "AresTradingSystem.System.StrengthWeightedSRPositionTester", "message": "\n📍 Test Price 5: $129.09", "correlation_id": "-", "session_id": "-", "timestamp": "2025-08-19T16:56:19.475005+00:00"}
{"asctime": "2025-08-19 18:56:19,475", "levelname": "INFO", "name": "AresTradingSystem.System.StrengthWeightedSRPositionTester", "message": "   Simple Position: 0.846", "correlation_id": "-", "session_id": "-", "timestamp": "2025-08-19T16:56:19.475070+00:00"}
{"asctime": "2025-08-19 18:56:19,475", "levelname": "INFO", "name": "AresTradingSystem.System.StrengthWeightedSRPositionTester", "message": "   Strength Position: 0.846", "correlation_id": "-", "session_id": "-", "timestamp": "2025-08-19T16:56:19.475128+00:00"}
{"asctime": "2025-08-19 18:56:19,475", "levelname": "INFO", "name": "AresTradingSystem.System.StrengthWeightedSRPositionTester", "message": "   Effective Support: $115.94 (score: 0.004)", "correlation_id": "-", "session_id": "-", "timestamp": "2025-08-19T16:56:19.475178+00:00"}
{"asctime": "2025-08-19 18:56:19,475", "levelname": "INFO", "name": "AresTradingSystem.System.StrengthWeightedSRPositionTester", "message": "   Effective Resistance: $131.48 (score: 0.079)", "correlation_id": "-", "session_id": "-", "timestamp": "2025-08-19T16:56:19.475230+00:00"}
{"asctime": "2025-08-19 18:56:19,475", "levelname": "INFO", "name": "AresTradingSystem.System.StrengthWeightedSRPositionTester", "message": "   Position Difference: 0.000", "correlation_id": "-", "session_id": "-", "timestamp": "2025-08-19T16:56:19.475281+00:00"}
{"asctime": "2025-08-19 18:56:19,475", "levelname": "INFO", "name": "AresTradingSystem.System.StrengthWeightedSRPositionTester", "message": "   ✅ Positions are similar", "correlation_id": "-", "session_id": "-", "timestamp": "2025-08-19T16:56:19.475333+00:00"}
{"asctime": "2025-08-19 18:56:19,475", "levelname": "INFO", "name": "AresTradingSystem.System.StrengthWeightedSRPositionTester", "message": "\n📊 Generated Features: 11", "correlation_id": "-", "session_id": "-", "timestamp": "2025-08-19T16:56:19.475388+00:00"}
{"asctime": "2025-08-19 18:56:19,475", "levelname": "INFO", "name": "AresTradingSystem.System.StrengthWeightedSRPositionTester", "message": "Feature names:", "correlation_id": "-", "session_id": "-", "timestamp": "2025-08-19T16:56:19.475442+00:00"}
{"asctime": "2025-08-19 18:56:19,475", "levelname": "INFO", "name": "AresTradingSystem.System.StrengthWeightedSRPositionTester", "message": "   - distance_to_effective_resistance", "correlation_id": "-", "session_id": "-", "timestamp": "2025-08-19T16:56:19.475501+00:00"}
{"asctime": "2025-08-19 18:56:19,475", "levelname": "INFO", "name": "AresTradingSystem.System.StrengthWeightedSRPositionTester", "message": "   - distance_to_effective_support", "correlation_id": "-", "session_id": "-", "timestamp": "2025-08-19T16:56:19.475556+00:00"}
{"asctime": "2025-08-19 18:56:19,475", "levelname": "INFO", "name": "AresTradingSystem.System.StrengthWeightedSRPositionTester", "message": "   - effective_level_strength", "correlation_id": "-", "session_id": "-", "timestamp": "2025-08-19T16:56:19.475611+00:00"}
{"asctime": "2025-08-19 18:56:19,475", "levelname": "INFO", "name": "AresTradingSystem.System.StrengthWeightedSRPositionTester", "message": "   - effective_resistance_level", "correlation_id": "-", "session_id": "-", "timestamp": "2025-08-19T16:56:19.475664+00:00"}
{"asctime": "2025-08-19 18:56:19,475", "levelname": "INFO", "name": "AresTradingSystem.System.StrengthWeightedSRPositionTester", "message": "   - effective_support_level", "correlation_id": "-", "session_id": "-", "timestamp": "2025-08-19T16:56:19.475718+00:00"}
{"asctime": "2025-08-19 18:56:19,475", "levelname": "INFO", "name": "AresTradingSystem.System.StrengthWeightedSRPositionTester", "message": "   - sr_position_momentum_adjusted", "correlation_id": "-", "session_id": "-", "timestamp": "2025-08-19T16:56:19.475768+00:00"}
{"asctime": "2025-08-19 18:56:19,475", "levelname": "INFO", "name": "AresTradingSystem.System.StrengthWeightedSRPositionTester", "message": "   - sr_position_strength_weighted", "correlation_id": "-", "session_id": "-", "timestamp": "2025-08-19T16:56:19.475819+00:00"}
{"asctime": "2025-08-19 18:56:19,475", "levelname": "INFO", "name": "AresTradingSystem.System.StrengthWeightedSRPositionTester", "message": "   - sr_position_trend", "correlation_id": "-", "session_id": "-", "timestamp": "2025-08-19T16:56:19.475870+00:00"}
{"asctime": "2025-08-19 18:56:19,475", "levelname": "INFO", "name": "AresTradingSystem.System.StrengthWeightedSRPositionTester", "message": "   - sr_position_volatility", "correlation_id": "-", "session_id": "-", "timestamp": "2025-08-19T16:56:19.475923+00:00"}
{"asctime": "2025-08-19 18:56:19,475", "levelname": "INFO", "name": "AresTradingSystem.System.StrengthWeightedSRPositionTester", "message": "   - sr_position_volatility_adjusted", "correlation_id": "-", "session_id": "-", "timestamp": "2025-08-19T16:56:19.475976+00:00"}
{"asctime": "2025-08-19 18:56:19,476", "levelname": "INFO", "name": "AresTradingSystem.System.StrengthWeightedSRPositionTester", "message": "   - support_resistance_strength_ratio", "correlation_id": "-", "session_id": "-", "timestamp": "2025-08-19T16:56:19.476024+00:00"}
{"asctime": "2025-08-19 18:56:19,476", "levelname": "INFO", "name": "AresTradingSystem.System.StrengthWeightedSRPositionTester", "message": "\n✅ Strength-weighted SR position test completed successfully", "correlation_id": "-", "session_id": "-", "timestamp": "2025-08-19T16:56:19.476108+00:00"}
