{"asctime": "2025-08-19 19:35:39,147", "levelname": "INFO", "name": "AresGlobal", "message": "================================================================================", "correlation_id": "-", "session_id": "-", "timestamp": "2025-08-19T17:35:39.147835+00:00"}
{"asctime": "2025-08-19 19:35:39,147", "levelname": "INFO", "name": "AresGlobal", "message": "📊 SESSION SUMMARY", "correlation_id": "-", "session_id": "-", "timestamp": "2025-08-19T17:35:39.147973+00:00"}
{"asctime": "2025-08-19 19:35:39,148", "levelname": "INFO", "name": "AresGlobal", "message": "Session started: 2025-08-19 19:35:39", "correlation_id": "-", "session_id": "-", "timestamp": "2025-08-19T17:35:39.148077+00:00"}
{"asctime": "2025-08-19 19:35:39,148", "levelname": "INFO", "name": "AresGlobal", "message": "This file contains ALL logs for this session", "correlation_id": "-", "session_id": "-", "timestamp": "2025-08-19T17:35:39.148162+00:00"}
{"asctime": "2025-08-19 19:35:39,148", "levelname": "INFO", "name": "AresGlobal", "message": "================================================================================", "correlation_id": "-", "session_id": "-", "timestamp": "2025-08-19T17:35:39.148246+00:00"}
{"asctime": "2025-08-19 19:35:39,148", "levelname": "INFO", "name": "AresGlobal", "message": "[SYSTEM] ================================================================================", "correlation_id": "-", "session_id": "-", "timestamp": "2025-08-19T17:35:39.148444+00:00"}
{"asctime": "2025-08-19 19:35:39,148", "levelname": "INFO", "name": "AresGlobal", "message": "[SYSTEM] 🚀 ARES LAUNCHER STARTED - Mode: INITIALIZATION", "correlation_id": "-", "session_id": "-", "timestamp": "2025-08-19T17:35:39.148610+00:00"}
{"asctime": "2025-08-19 19:35:39,148", "levelname": "INFO", "name": "AresGlobal", "message": "[SYSTEM] Start time: 2025-08-19 19:35:39", "correlation_id": "-", "session_id": "-", "timestamp": "2025-08-19T17:35:39.148777+00:00"}
{"asctime": "2025-08-19 19:35:39,148", "levelname": "INFO", "name": "AresGlobal", "message": "[SYSTEM] Log directory: log", "correlation_id": "-", "session_id": "-", "timestamp": "2025-08-19T17:35:39.148934+00:00"}
{"asctime": "2025-08-19 19:35:39,149", "levelname": "INFO", "name": "AresGlobal", "message": "[SYSTEM] ================================================================================", "correlation_id": "-", "session_id": "-", "timestamp": "2025-08-19T17:35:39.149090+00:00"}
{"asctime": "2025-08-19 19:35:39,149", "levelname": "INFO", "name": "AresGlobal.AresLauncher", "message": "================================================================================", "correlation_id": "-", "session_id": "-", "timestamp": "2025-08-19T17:35:39.149171+00:00"}
{"asctime": "2025-08-19 19:35:39,149", "levelname": "INFO", "name": "AresGlobal.AresLauncher", "message": "🚀 ARES COMPREHENSIVE LAUNCHER", "correlation_id": "-", "session_id": "-", "timestamp": "2025-08-19T17:35:39.149251+00:00"}
{"asctime": "2025-08-19 19:35:39,149", "levelname": "INFO", "name": "AresGlobal.AresLauncher", "message": "================================================================================", "correlation_id": "-", "session_id": "-", "timestamp": "2025-08-19T17:35:39.149341+00:00"}
{"asctime": "2025-08-19 19:35:39,149", "levelname": "INFO", "name": "AresGlobal.AresLauncher", "message": "Start time: 2025-08-19 19:35:39", "correlation_id": "-", "session_id": "-", "timestamp": "2025-08-19T17:35:39.149423+00:00"}
{"asctime": "2025-08-19 19:35:39,149", "levelname": "INFO", "name": "AresGlobal.AresLauncher", "message": "Log directory: log", "correlation_id": "-", "session_id": "-", "timestamp": "2025-08-19T17:35:39.149502+00:00"}
{"asctime": "2025-08-19 19:35:39,149", "levelname": "INFO", "name": "AresGlobal.AresLauncher", "message": "Log level: INFO", "correlation_id": "-", "session_id": "-", "timestamp": "2025-08-19T17:35:39.149577+00:00"}
{"asctime": "2025-08-19 19:35:39,149", "levelname": "INFO", "name": "AresGlobal.AresLauncher", "message": "Global log file: ares_global_20250819_193539.log", "correlation_id": "-", "session_id": "-", "timestamp": "2025-08-19T17:35:39.149658+00:00"}
{"asctime": "2025-08-19 19:35:39,149", "levelname": "INFO", "name": "AresGlobal.AresLauncher", "message": "Full run log: log/ares_full_20250819_193539.log", "correlation_id": "-", "session_id": "-", "timestamp": "2025-08-19T17:35:39.149740+00:00"}
{"asctime": "2025-08-19 19:35:39,149", "levelname": "INFO", "name": "AresGlobal.AresLauncher", "message": "Trades log: log/ares_trades_20250819_193539.log", "correlation_id": "-", "session_id": "-", "timestamp": "2025-08-19T17:35:39.149812+00:00"}
{"asctime": "2025-08-19 19:35:39,149", "levelname": "INFO", "name": "AresGlobal.AresLauncher", "message": "Backtest log: log/ares_backtest_20250819_193539.log", "correlation_id": "-", "session_id": "-", "timestamp": "2025-08-19T17:35:39.149886+00:00"}
{"asctime": "2025-08-19 19:35:39,149", "levelname": "INFO", "name": "AresGlobal.AresLauncher", "message": "================================================================================", "correlation_id": "-", "session_id": "-", "timestamp": "2025-08-19T17:35:39.149959+00:00"}
{"asctime": "2025-08-19 19:35:39,150", "levelname": "INFO", "name": "AresGlobal", "message": "[SYSTEM] ================================================================================", "correlation_id": "-", "session_id": "-", "timestamp": "2025-08-19T17:35:39.150194+00:00"}
{"asctime": "2025-08-19 19:35:39,150", "levelname": "INFO", "name": "AresGlobal", "message": "[SYSTEM] 🚀 ARES LAUNCHER STARTED - Mode: blank - Symbol: ETHUSDT - Exchange: BINANCE", "correlation_id": "-", "session_id": "-", "timestamp": "2025-08-19T17:35:39.150348+00:00"}
{"asctime": "2025-08-19 19:35:39,150", "levelname": "INFO", "name": "AresGlobal", "message": "[SYSTEM] Start time: 2025-08-19 19:35:39", "correlation_id": "-", "session_id": "-", "timestamp": "2025-08-19T17:35:39.150508+00:00"}
{"asctime": "2025-08-19 19:35:39,150", "levelname": "INFO", "name": "AresGlobal", "message": "[SYSTEM] Log directory: log", "correlation_id": "-", "session_id": "-", "timestamp": "2025-08-19T17:35:39.150663+00:00"}
{"asctime": "2025-08-19 19:35:39,150", "levelname": "INFO", "name": "AresGlobal", "message": "[SYSTEM] ================================================================================", "correlation_id": "-", "session_id": "-", "timestamp": "2025-08-19T17:35:39.150813+00:00"}
{"asctime": "2025-08-19 19:35:39,150", "levelname": "INFO", "name": "AresGlobal.AresLauncher", "message": "🚀 Running enhanced 16-step training pipeline for ETHUSDT on BINANCE", "correlation_id": "-", "session_id": "-", "timestamp": "2025-08-19T17:35:39.150913+00:00"}
{"asctime": "2025-08-19 19:35:39,150", "levelname": "INFO", "name": "AresGlobal.AresLauncher", "message": "Starting from step: step2_feature_engineering", "correlation_id": "-", "session_id": "-", "timestamp": "2025-08-19T17:35:39.150996+00:00"}
{"asctime": "2025-08-19 19:35:39,152", "levelname": "INFO", "name": "AresGlobal.AresLauncher", "message": "🧪 BLANK TRAINING MODE: Set BLANK_TRAINING_MODE=1 for step-based training", "correlation_id": "-", "session_id": "-", "timestamp": "2025-08-19T17:35:39.152038+00:00"}
{"asctime": "2025-08-19 19:35:39,152", "levelname": "INFO", "name": "AresGlobal.ProgressManager", "message": "Initialized ProgressManager for ETHUSDT on BINANCE", "correlation_id": "-", "session_id": "-", "timestamp": "2025-08-19T17:35:39.152183+00:00"}
{"asctime": "2025-08-19 19:35:39,152", "levelname": "INFO", "name": "AresGlobal.ProgressManager", "message": "Progress directory: data/training/progress/BINANCE_ETHUSDT", "correlation_id": "-", "session_id": "-", "timestamp": "2025-08-19T17:35:39.152269+00:00"}
{"asctime": "2025-08-19 19:35:39,152", "levelname": "INFO", "name": "AresGlobal.StepOrchestrator", "message": "Initialized StepOrchestrator for ETHUSDT on BINANCE", "correlation_id": "-", "session_id": "-", "timestamp": "2025-08-19T17:35:39.152348+00:00"}
{"asctime": "2025-08-19 19:35:39,152", "levelname": "INFO", "name": "AresGlobal.ProgressManager", "message": "🗑️  Cleared progress for step2_feature_engineering", "correlation_id": "-", "session_id": "-", "timestamp": "2025-08-19T17:35:39.152540+00:00"}
{"asctime": "2025-08-19 19:35:39,152", "levelname": "INFO", "name": "AresGlobal.AresLauncher", "message": "🧹 Cleared progress for 'step2_feature_engineering' (force)", "correlation_id": "-", "session_id": "-", "timestamp": "2025-08-19T17:35:39.152670+00:00"}
{"asctime": "2025-08-19 19:35:39,152", "levelname": "INFO", "name": "AresGlobal.ProgressManager", "message": "🗑️  Cleared progress for step2_5_enhanced_matrix_operations", "correlation_id": "-", "session_id": "-", "timestamp": "2025-08-19T17:35:39.152803+00:00"}
{"asctime": "2025-08-19 19:35:39,154", "levelname": "INFO", "name": "AresGlobal.AresLauncher", "message": "🧹 Cleared progress for 'step2_5_enhanced_matrix_operations' (force)", "correlation_id": "-", "session_id": "-", "timestamp": "2025-08-19T17:35:39.154255+00:00"}
{"asctime": "2025-08-19 19:35:39,154", "levelname": "INFO", "name": "AresGlobal.ProgressManager", "message": "🗑️  Cleared progress for step3_hmm_regime_discovery", "correlation_id": "-", "session_id": "-", "timestamp": "2025-08-19T17:35:39.154416+00:00"}
{"asctime": "2025-08-19 19:35:39,154", "levelname": "INFO", "name": "AresGlobal.AresLauncher", "message": "🧹 Cleared progress for 'step3_hmm_regime_discovery' (force)", "correlation_id": "-", "session_id": "-", "timestamp": "2025-08-19T17:35:39.154519+00:00"}
{"asctime": "2025-08-19 19:35:39,154", "levelname": "INFO", "name": "AresGlobal.ProgressManager", "message": "🗑️  Cleared progress for step4_processing_labeling", "correlation_id": "-", "session_id": "-", "timestamp": "2025-08-19T17:35:39.154643+00:00"}
{"asctime": "2025-08-19 19:35:39,154", "levelname": "INFO", "name": "AresGlobal.AresLauncher", "message": "🧹 Cleared progress for 'step4_processing_labeling' (force)", "correlation_id": "-", "session_id": "-", "timestamp": "2025-08-19T17:35:39.154745+00:00"}
{"asctime": "2025-08-19 19:35:39,154", "levelname": "INFO", "name": "AresGlobal.ProgressManager", "message": "🗑️  Cleared progress for step5_regime_data_splitting", "correlation_id": "-", "session_id": "-", "timestamp": "2025-08-19T17:35:39.154857+00:00"}
{"asctime": "2025-08-19 19:35:39,154", "levelname": "INFO", "name": "AresGlobal.AresLauncher", "message": "🧹 Cleared progress for 'step5_regime_data_splitting' (force)", "correlation_id": "-", "session_id": "-", "timestamp": "2025-08-19T17:35:39.154944+00:00"}
{"asctime": "2025-08-19 19:35:39,155", "levelname": "INFO", "name": "AresGlobal.ProgressManager", "message": "🗑️  Cleared progress for step6_hmm_based_training", "correlation_id": "-", "session_id": "-", "timestamp": "2025-08-19T17:35:39.155056+00:00"}
{"asctime": "2025-08-19 19:35:39,155", "levelname": "INFO", "name": "AresGlobal.AresLauncher", "message": "🧹 Cleared progress for 'step6_hmm_based_training' (force)", "correlation_id": "-", "session_id": "-", "timestamp": "2025-08-19T17:35:39.155148+00:00"}
{"asctime": "2025-08-19 19:35:39,155", "levelname": "INFO", "name": "AresGlobal.ProgressManager", "message": "🗑️  Cleared progress for step6_5_unified_regime_intelligence", "correlation_id": "-", "session_id": "-", "timestamp": "2025-08-19T17:35:39.155262+00:00"}
{"asctime": "2025-08-19 19:35:39,155", "levelname": "INFO", "name": "AresGlobal.AresLauncher", "message": "🧹 Cleared progress for 'step6_5_unified_regime_intelligence' (force)", "correlation_id": "-", "session_id": "-", "timestamp": "2025-08-19T17:35:39.155356+00:00"}
{"asctime": "2025-08-19 19:35:39,155", "levelname": "INFO", "name": "AresGlobal.ProgressManager", "message": "🗑️  Cleared progress for step7_analyst_enhancement", "correlation_id": "-", "session_id": "-", "timestamp": "2025-08-19T17:35:39.155461+00:00"}
{"asctime": "2025-08-19 19:35:39,155", "levelname": "INFO", "name": "AresGlobal.AresLauncher", "message": "🧹 Cleared progress for 'step7_analyst_enhancement' (force)", "correlation_id": "-", "session_id": "-", "timestamp": "2025-08-19T17:35:39.155545+00:00"}
{"asctime": "2025-08-19 19:35:39,155", "levelname": "INFO", "name": "AresGlobal.ProgressManager", "message": "🗑️  Cleared progress for step8_tactician_labeling", "correlation_id": "-", "session_id": "-", "timestamp": "2025-08-19T17:35:39.155649+00:00"}
{"asctime": "2025-08-19 19:35:39,155", "levelname": "INFO", "name": "AresGlobal.AresLauncher", "message": "🧹 Cleared progress for 'step8_tactician_labeling' (force)", "correlation_id": "-", "session_id": "-", "timestamp": "2025-08-19T17:35:39.155737+00:00"}
{"asctime": "2025-08-19 19:35:39,155", "levelname": "INFO", "name": "AresGlobal.ProgressManager", "message": "🗑️  Cleared progress for step9_tactician_specialist_training", "correlation_id": "-", "session_id": "-", "timestamp": "2025-08-19T17:35:39.155838+00:00"}
{"asctime": "2025-08-19 19:35:39,155", "levelname": "INFO", "name": "AresGlobal.AresLauncher", "message": "🧹 Cleared progress for 'step9_tactician_specialist_training' (force)", "correlation_id": "-", "session_id": "-", "timestamp": "2025-08-19T17:35:39.155921+00:00"}
{"asctime": "2025-08-19 19:35:39,156", "levelname": "INFO", "name": "AresGlobal.ProgressManager", "message": "🗑️  Cleared progress for step10_confidence_calibration", "correlation_id": "-", "session_id": "-", "timestamp": "2025-08-19T17:35:39.156027+00:00"}
{"asctime": "2025-08-19 19:35:39,156", "levelname": "INFO", "name": "AresGlobal.AresLauncher", "message": "🧹 Cleared progress for 'step10_confidence_calibration' (force)", "correlation_id": "-", "session_id": "-", "timestamp": "2025-08-19T17:35:39.156115+00:00"}
{"asctime": "2025-08-19 19:35:39,156", "levelname": "INFO", "name": "AresGlobal.ProgressManager", "message": "🗑️  Cleared progress for step11_final_parameters_optimization", "correlation_id": "-", "session_id": "-", "timestamp": "2025-08-19T17:35:39.156232+00:00"}
{"asctime": "2025-08-19 19:35:39,156", "levelname": "INFO", "name": "AresGlobal.AresLauncher", "message": "🧹 Cleared progress for 'step11_final_parameters_optimization' (force)", "correlation_id": "-", "session_id": "-", "timestamp": "2025-08-19T17:35:39.156317+00:00"}
{"asctime": "2025-08-19 19:35:39,156", "levelname": "INFO", "name": "AresGlobal.ProgressManager", "message": "🗑️  Cleared progress for step12_walk_forward_validation", "correlation_id": "-", "session_id": "-", "timestamp": "2025-08-19T17:35:39.156424+00:00"}
{"asctime": "2025-08-19 19:35:39,156", "levelname": "INFO", "name": "AresGlobal.AresLauncher", "message": "🧹 Cleared progress for 'step12_walk_forward_validation' (force)", "correlation_id": "-", "session_id": "-", "timestamp": "2025-08-19T17:35:39.156512+00:00"}
{"asctime": "2025-08-19 19:35:39,156", "levelname": "INFO", "name": "AresGlobal.ProgressManager", "message": "🗑️  Cleared progress for step13_monte_carlo_validation", "correlation_id": "-", "session_id": "-", "timestamp": "2025-08-19T17:35:39.156618+00:00"}
{"asctime": "2025-08-19 19:35:39,156", "levelname": "INFO", "name": "AresGlobal.AresLauncher", "message": "🧹 Cleared progress for 'step13_monte_carlo_validation' (force)", "correlation_id": "-", "session_id": "-", "timestamp": "2025-08-19T17:35:39.156703+00:00"}
{"asctime": "2025-08-19 19:35:39,156", "levelname": "INFO", "name": "AresGlobal.ProgressManager", "message": "🗑️  Cleared progress for step14_ab_testing", "correlation_id": "-", "session_id": "-", "timestamp": "2025-08-19T17:35:39.156805+00:00"}
{"asctime": "2025-08-19 19:35:39,156", "levelname": "INFO", "name": "AresGlobal.AresLauncher", "message": "🧹 Cleared progress for 'step14_ab_testing' (force)", "correlation_id": "-", "session_id": "-", "timestamp": "2025-08-19T17:35:39.156889+00:00"}
{"asctime": "2025-08-19 19:35:39,156", "levelname": "INFO", "name": "AresGlobal.ProgressManager", "message": "🗑️  Cleared progress for step15_saving", "correlation_id": "-", "session_id": "-", "timestamp": "2025-08-19T17:35:39.156990+00:00"}
{"asctime": "2025-08-19 19:35:39,157", "levelname": "INFO", "name": "AresGlobal.AresLauncher", "message": "🧹 Cleared progress for 'step15_saving' (force)", "correlation_id": "-", "session_id": "-", "timestamp": "2025-08-19T17:35:39.157080+00:00"}
{"asctime": "2025-08-19 19:35:39,157", "levelname": "INFO", "name": "AresGlobal.AresLauncher", "message": "✅ Cleared progress for 16 steps: ['step2_feature_engineering', 'step2_5_enhanced_matrix_operations', 'step3_hmm_regime_discovery', 'step4_processing_labeling', 'step5_regime_data_splitting', 'step6_hmm_based_training', 'step6_5_unified_regime_intelligence', 'step7_analyst_enhancement', 'step8_tactician_labeling', 'step9_tactician_specialist_training', 'step10_confidence_calibration', 'step11_final_parameters_optimization', 'step12_walk_forward_validation', 'step13_monte_carlo_validation', 'step14_ab_testing', 'step15_saving']", "correlation_id": "-", "session_id": "-", "timestamp": "2025-08-19T17:35:39.157178+00:00"}
{"asctime": "2025-08-19 19:35:39,157", "levelname": "INFO", "name": "AresGlobal.StepOrchestrator", "message": "🚀 Starting execution from step: step2_feature_engineering", "correlation_id": "-", "session_id": "-", "timestamp": "2025-08-19T17:35:39.157756+00:00"}
{"asctime": "2025-08-19 19:35:45,050", "levelname": "INFO", "name": "AresGlobal.M1GPUAcceleration", "message": "✅ MPS (Metal Performance Shaders) available and enabled", "correlation_id": "-", "session_id": "-", "timestamp": "2025-08-19T17:35:45.050351+00:00"}
{"asctime": "2025-08-19 19:35:45,054", "levelname": "INFO", "name": "AresGlobal.ComputationalOptimizationManager", "message": "Computational Optimization Manager initialized", "correlation_id": "-", "session_id": "-", "timestamp": "2025-08-19T17:35:45.054430+00:00"}
{"asctime": "2025-08-19 19:35:45,057", "levelname": "INFO", "name": "AresGlobal.StepOrchestrator", "message": "✅ Enhanced training manager setup successfully", "correlation_id": "-", "session_id": "-", "timestamp": "2025-08-19T17:35:45.057405+00:00"}
{"asctime": "2025-08-19 19:35:45,195", "levelname": "INFO", "name": "AresGlobal.Step2.FeatureEngineering", "message": "🔍 Checking for required multi-timeframe data...", "correlation_id": "-", "session_id": "-", "timestamp": "2025-08-19T17:35:45.195579+00:00"}
{"asctime": "2025-08-19 19:35:45,195", "levelname": "INFO", "name": "AresGlobal.Step2.FeatureEngineering", "message": "✅ Found 5m data: data_cache/klines_BINANCE_ETHUSDT_5m_consolidated.parquet", "correlation_id": "-", "session_id": "-", "timestamp": "2025-08-19T17:35:45.195850+00:00"}
{"asctime": "2025-08-19 19:35:45,195", "levelname": "INFO", "name": "AresGlobal.Step2.FeatureEngineering", "message": "✅ Found 15m data: data_cache/klines_BINANCE_ETHUSDT_15m_consolidated.parquet", "correlation_id": "-", "session_id": "-", "timestamp": "2025-08-19T17:35:45.195974+00:00"}
{"asctime": "2025-08-19 19:35:45,196", "levelname": "INFO", "name": "AresGlobal.Step2.FeatureEngineering", "message": "✅ Found 30m data: data_cache/klines_BINANCE_ETHUSDT_30m_consolidated.parquet", "correlation_id": "-", "session_id": "-", "timestamp": "2025-08-19T17:35:45.196121+00:00"}
{"asctime": "2025-08-19 19:35:45,196", "levelname": "INFO", "name": "AresGlobal.Step2.FeatureEngineering", "message": "✅ All required timeframes are available", "correlation_id": "-", "session_id": "-", "timestamp": "2025-08-19T17:35:45.196281+00:00"}
{"asctime": "2025-08-19 19:35:45,196", "levelname": "INFO", "name": "AresGlobal.Step2.FeatureEngineering", "message": "🔧 No existing artifacts found - generating features", "correlation_id": "-", "session_id": "-", "timestamp": "2025-08-19T17:35:45.196458+00:00"}
{"asctime": "2025-08-19 19:35:45,326", "levelname": "INFO", "name": "AresGlobal.Step2.FeatureEngineering", "message": "📦 Loaded labeled train: 169864 rows", "correlation_id": "-", "session_id": "-", "timestamp": "2025-08-19T17:35:45.326723+00:00"}
{"asctime": "2025-08-19 19:35:45,331", "levelname": "INFO", "name": "AresGlobal.Step2.FeatureEngineering", "message": "📦 Loaded labeled validation: 36400 rows", "correlation_id": "-", "session_id": "-", "timestamp": "2025-08-19T17:35:45.331243+00:00"}
{"asctime": "2025-08-19 19:35:45,359", "levelname": "INFO", "name": "AresGlobal.Step2.FeatureEngineering", "message": "📦 Loaded labeled test: 36400 rows", "correlation_id": "-", "session_id": "-", "timestamp": "2025-08-19T17:35:45.359511+00:00"}
{"asctime": "2025-08-19 19:35:45,542", "levelname": "INFO", "name": "AresGlobal.Step2.FeatureEngineering", "message": "🎯 Starting parallel feature engineering", "correlation_id": "a42279446c884c8093c71e74fcfe0298", "session_id": "-", "timestamp": "2025-08-19T17:35:45.542780+00:00"}
{"asctime": "2025-08-19 19:35:45,552", "levelname": "INFO", "name": "AresGlobal.Step2.FeatureEngineering", "message": "🔧 Engineering features for train", "correlation_id": "a42279446c884c8093c71e74fcfe0298", "session_id": "-", "timestamp": "2025-08-19T17:35:45.552361+00:00"}
{"asctime": "2025-08-19 19:35:45,569", "levelname": "INFO", "name": "AresGlobal.RawDataQualityChecker", "message": "🔧 Enhanced preprocessing for BINANCE ETHUSDT", "correlation_id": "a42279446c884c8093c71e74fcfe0298", "session_id": "-", "timestamp": "2025-08-19T17:35:45.569605+00:00"}
{"asctime": "2025-08-19 19:35:45,570", "levelname": "INFO", "name": "AresGlobal.RawDataQualityChecker", "message": "   Expected interval: 60s", "correlation_id": "a42279446c884c8093c71e74fcfe0298", "session_id": "-", "timestamp": "2025-08-19T17:35:45.570264+00:00"}
{"asctime": "2025-08-19 19:35:45,571", "levelname": "INFO", "name": "AresGlobal.RawDataQualityChecker", "message": "   Max forward-fill: 10s", "correlation_id": "a42279446c884c8093c71e74fcfe0298", "session_id": "-", "timestamp": "2025-08-19T17:35:45.571867+00:00"}
{"asctime": "2025-08-19 19:35:45,572", "levelname": "INFO", "name": "AresGlobal.RawDataQualityChecker", "message": "   Download missing: True", "correlation_id": "a42279446c884c8093c71e74fcfe0298", "session_id": "-", "timestamp": "2025-08-19T17:35:45.572355+00:00"}
{"asctime": "2025-08-19 19:35:45,572", "levelname": "INFO", "name": "AresGlobal.RawDataQualityChecker", "message": "🔧 Step 1: Resampling to 60S intervals", "correlation_id": "a42279446c884c8093c71e74fcfe0298", "session_id": "-", "timestamp": "2025-08-19T17:35:45.572498+00:00"}
{"asctime": "2025-08-19 19:35:45,613", "levelname": "INFO", "name": "AresGlobal.RawDataQualityChecker", "message": "🔧 Step 2: Re-adding original data to preserve accuracy", "correlation_id": "a42279446c884c8093c71e74fcfe0298", "session_id": "-", "timestamp": "2025-08-19T17:35:45.613080+00:00"}
{"asctime": "2025-08-19 19:35:55,485", "levelname": "INFO", "name": "AresGlobal.RawDataQualityChecker", "message": "🔧 Step 3: Analyzing gaps and applying intelligent handling", "correlation_id": "a42279446c884c8093c71e74fcfe0298", "session_id": "-", "timestamp": "2025-08-19T17:35:55.485839+00:00"}
{"asctime": "2025-08-19 19:35:55,489", "levelname": "INFO", "name": "AresGlobal.RawDataQualityChecker", "message": "🔧 Step 5: Final forward-fill for 12865 remaining nulls", "correlation_id": "a42279446c884c8093c71e74fcfe0298", "session_id": "-", "timestamp": "2025-08-19T17:35:55.489455+00:00"}
{"asctime": "2025-08-19 19:35:55,494", "levelname": "INFO", "name": "AresGlobal.RawDataQualityChecker", "message": "✅ Enhanced preprocessing completed:", "correlation_id": "a42279446c884c8093c71e74fcfe0298", "session_id": "-", "timestamp": "2025-08-19T17:35:55.494675+00:00"}
{"asctime": "2025-08-19 19:35:55,494", "levelname": "INFO", "name": "AresGlobal.RawDataQualityChecker", "message": "   Original shape: (169864, 5)", "correlation_id": "a42279446c884c8093c71e74fcfe0298", "session_id": "-", "timestamp": "2025-08-19T17:35:55.494911+00:00"}
{"asctime": "2025-08-19 19:35:55,495", "levelname": "INFO", "name": "AresGlobal.RawDataQualityChecker", "message": "   Final shape: (172437, 5)", "correlation_id": "a42279446c884c8093c71e74fcfe0298", "session_id": "-", "timestamp": "2025-08-19T17:35:55.495011+00:00"}
{"asctime": "2025-08-19 19:35:55,495", "levelname": "INFO", "name": "AresGlobal.RawDataQualityChecker", "message": "   Remaining large gaps: 0", "correlation_id": "a42279446c884c8093c71e74fcfe0298", "session_id": "-", "timestamp": "2025-08-19T17:35:55.495098+00:00"}
{"asctime": "2025-08-19 19:35:55,497", "levelname": "INFO", "name": "AresGlobal.RawDataQualityChecker", "message": "   Data completeness: 1.000", "correlation_id": "a42279446c884c8093c71e74fcfe0298", "session_id": "-", "timestamp": "2025-08-19T17:35:55.497493+00:00"}
{"asctime": "2025-08-19 19:35:55,498", "levelname": "INFO", "name": "AresGlobal.RawDataQualityChecker", "message": "🔧 Enhanced preprocessing for BINANCE ETHUSDT", "correlation_id": "a42279446c884c8093c71e74fcfe0298", "session_id": "-", "timestamp": "2025-08-19T17:35:55.498354+00:00"}
{"asctime": "2025-08-19 19:35:55,498", "levelname": "INFO", "name": "AresGlobal.RawDataQualityChecker", "message": "   Expected interval: 60s", "correlation_id": "a42279446c884c8093c71e74fcfe0298", "session_id": "-", "timestamp": "2025-08-19T17:35:55.498451+00:00"}
{"asctime": "2025-08-19 19:35:55,498", "levelname": "INFO", "name": "AresGlobal.RawDataQualityChecker", "message": "   Max forward-fill: 10s", "correlation_id": "a42279446c884c8093c71e74fcfe0298", "session_id": "-", "timestamp": "2025-08-19T17:35:55.498538+00:00"}
{"asctime": "2025-08-19 19:35:55,498", "levelname": "INFO", "name": "AresGlobal.RawDataQualityChecker", "message": "   Download missing: True", "correlation_id": "a42279446c884c8093c71e74fcfe0298", "session_id": "-", "timestamp": "2025-08-19T17:35:55.498615+00:00"}
{"asctime": "2025-08-19 19:35:55,498", "levelname": "INFO", "name": "AresGlobal.RawDataQualityChecker", "message": "🔧 Step 1: Resampling to 60S intervals", "correlation_id": "a42279446c884c8093c71e74fcfe0298", "session_id": "-", "timestamp": "2025-08-19T17:35:55.498802+00:00"}
{"asctime": "2025-08-19 19:35:55,502", "levelname": "INFO", "name": "AresGlobal.RawDataQualityChecker", "message": "🔧 Step 2: Re-adding original data to preserve accuracy", "correlation_id": "a42279446c884c8093c71e74fcfe0298", "session_id": "-", "timestamp": "2025-08-19T17:35:55.502225+00:00"}
{"asctime": "2025-08-19 19:36:05,723", "levelname": "INFO", "name": "AresGlobal.RawDataQualityChecker", "message": "🔧 Step 3: Analyzing gaps and applying intelligent handling", "correlation_id": "a42279446c884c8093c71e74fcfe0298", "session_id": "-", "timestamp": "2025-08-19T17:36:05.723071+00:00"}
{"asctime": "2025-08-19 19:36:05,726", "levelname": "INFO", "name": "AresGlobal.RawDataQualityChecker", "message": "🔧 Step 5: Final forward-fill for 2573 remaining nulls", "correlation_id": "a42279446c884c8093c71e74fcfe0298", "session_id": "-", "timestamp": "2025-08-19T17:36:05.726160+00:00"}
{"asctime": "2025-08-19 19:36:05,729", "levelname": "INFO", "name": "AresGlobal.RawDataQualityChecker", "message": "✅ Enhanced preprocessing completed:", "correlation_id": "a42279446c884c8093c71e74fcfe0298", "session_id": "-", "timestamp": "2025-08-19T17:36:05.729059+00:00"}
{"asctime": "2025-08-19 19:36:05,729", "levelname": "INFO", "name": "AresGlobal.RawDataQualityChecker", "message": "   Original shape: (169864, 1)", "correlation_id": "a42279446c884c8093c71e74fcfe0298", "session_id": "-", "timestamp": "2025-08-19T17:36:05.729319+00:00"}
{"asctime": "2025-08-19 19:36:05,729", "levelname": "INFO", "name": "AresGlobal.RawDataQualityChecker", "message": "   Final shape: (172437, 1)", "correlation_id": "a42279446c884c8093c71e74fcfe0298", "session_id": "-", "timestamp": "2025-08-19T17:36:05.729465+00:00"}
{"asctime": "2025-08-19 19:36:05,729", "levelname": "INFO", "name": "AresGlobal.RawDataQualityChecker", "message": "   Remaining large gaps: 0", "correlation_id": "a42279446c884c8093c71e74fcfe0298", "session_id": "-", "timestamp": "2025-08-19T17:36:05.729566+00:00"}
{"asctime": "2025-08-19 19:36:05,729", "levelname": "INFO", "name": "AresGlobal.RawDataQualityChecker", "message": "   Data completeness: 1.000", "correlation_id": "a42279446c884c8093c71e74fcfe0298", "session_id": "-", "timestamp": "2025-08-19T17:36:05.729946+00:00"}
{"asctime": "2025-08-19 19:36:51,764", "levelname": "INFO", "name": "AresGlobal.AresLauncher", "message": "🧹 Cleaning up processes...", "correlation_id": "-", "session_id": "-", "timestamp": "2025-08-19T17:36:51.764821+00:00"}
{"asctime": "2025-08-19 19:36:51,765", "levelname": "INFO", "name": "AresGlobal.AresLauncher", "message": "✅ Cleanup completed", "correlation_id": "-", "session_id": "-", "timestamp": "2025-08-19T17:36:51.765102+00:00"}
