{"asctime": "2025-08-17 22:26:36,265", "levelname": "INFO", "name": "AresGlobal", "message": "================================================================================", "correlation_id": "-", "session_id": "-", "timestamp": "2025-08-17T20:26:36.265269+00:00"}
{"asctime": "2025-08-17 22:26:36,265", "levelname": "INFO", "name": "AresGlobal", "message": "📊 SESSION SUMMARY", "correlation_id": "-", "session_id": "-", "timestamp": "2025-08-17T20:26:36.265463+00:00"}
{"asctime": "2025-08-17 22:26:36,265", "levelname": "INFO", "name": "AresGlobal", "message": "Session started: 2025-08-17 22:26:36", "correlation_id": "-", "session_id": "-", "timestamp": "2025-08-17T20:26:36.265582+00:00"}
{"asctime": "2025-08-17 22:26:36,265", "levelname": "INFO", "name": "AresGlobal", "message": "This file contains ALL logs for this session", "correlation_id": "-", "session_id": "-", "timestamp": "2025-08-17T20:26:36.265669+00:00"}
{"asctime": "2025-08-17 22:26:36,265", "levelname": "INFO", "name": "AresGlobal", "message": "================================================================================", "correlation_id": "-", "session_id": "-", "timestamp": "2025-08-17T20:26:36.265803+00:00"}
{"asctime": "2025-08-17 22:26:36,265", "levelname": "INFO", "name": "AresSystem", "message": "================================================================================", "correlation_id": "-", "session_id": "-", "timestamp": "2025-08-17T20:26:36.265933+00:00"}
{"asctime": "2025-08-17 22:26:36,266", "levelname": "INFO", "name": "AresGlobal", "message": "[SYSTEM] ================================================================================", "correlation_id": "-", "session_id": "-", "timestamp": "2025-08-17T20:26:36.266065+00:00"}
{"asctime": "2025-08-17 22:26:36,266", "levelname": "INFO", "name": "AresSystem", "message": "🚀 ARES LAUNCHER STARTED - Mode: INITIALIZATION", "correlation_id": "-", "session_id": "-", "timestamp": "2025-08-17T20:26:36.266246+00:00"}
{"asctime": "2025-08-17 22:26:36,266", "levelname": "INFO", "name": "AresGlobal", "message": "[SYSTEM] 🚀 ARES LAUNCHER STARTED - Mode: INITIALIZATION", "correlation_id": "-", "session_id": "-", "timestamp": "2025-08-17T20:26:36.266338+00:00"}
{"asctime": "2025-08-17 22:26:36,266", "levelname": "INFO", "name": "AresSystem", "message": "Start time: 2025-08-17 22:26:36", "correlation_id": "-", "session_id": "-", "timestamp": "2025-08-17T20:26:36.266443+00:00"}
{"asctime": "2025-08-17 22:26:36,266", "levelname": "INFO", "name": "AresGlobal", "message": "[SYSTEM] Start time: 2025-08-17 22:26:36", "correlation_id": "-", "session_id": "-", "timestamp": "2025-08-17T20:26:36.266545+00:00"}
{"asctime": "2025-08-17 22:26:36,266", "levelname": "INFO", "name": "AresSystem", "message": "Log directory: log", "correlation_id": "-", "session_id": "-", "timestamp": "2025-08-17T20:26:36.266636+00:00"}
{"asctime": "2025-08-17 22:26:36,266", "levelname": "INFO", "name": "AresGlobal", "message": "[SYSTEM] Log directory: log", "correlation_id": "-", "session_id": "-", "timestamp": "2025-08-17T20:26:36.266721+00:00"}
{"asctime": "2025-08-17 22:26:36,266", "levelname": "INFO", "name": "AresSystem", "message": "================================================================================", "correlation_id": "-", "session_id": "-", "timestamp": "2025-08-17T20:26:36.266864+00:00"}
{"asctime": "2025-08-17 22:26:36,266", "levelname": "INFO", "name": "AresGlobal", "message": "[SYSTEM] ================================================================================", "correlation_id": "-", "session_id": "-", "timestamp": "2025-08-17T20:26:36.266949+00:00"}
{"asctime": "2025-08-17 22:26:36,267", "levelname": "INFO", "name": "AresGlobal.AresLauncher", "message": "================================================================================", "correlation_id": "-", "session_id": "-", "timestamp": "2025-08-17T20:26:36.267035+00:00"}
{"asctime": "2025-08-17 22:26:36,267", "levelname": "INFO", "name": "AresGlobal.AresLauncher", "message": "🚀 ARES COMPREHENSIVE LAUNCHER", "correlation_id": "-", "session_id": "-", "timestamp": "2025-08-17T20:26:36.267120+00:00"}
{"asctime": "2025-08-17 22:26:36,267", "levelname": "INFO", "name": "AresGlobal.AresLauncher", "message": "================================================================================", "correlation_id": "-", "session_id": "-", "timestamp": "2025-08-17T20:26:36.267214+00:00"}
{"asctime": "2025-08-17 22:26:36,267", "levelname": "INFO", "name": "AresGlobal.AresLauncher", "message": "Start time: 2025-08-17 22:26:36", "correlation_id": "-", "session_id": "-", "timestamp": "2025-08-17T20:26:36.267303+00:00"}
{"asctime": "2025-08-17 22:26:36,267", "levelname": "INFO", "name": "AresGlobal.AresLauncher", "message": "Log directory: log", "correlation_id": "-", "session_id": "-", "timestamp": "2025-08-17T20:26:36.267382+00:00"}
{"asctime": "2025-08-17 22:26:36,267", "levelname": "INFO", "name": "AresGlobal.AresLauncher", "message": "Log level: INFO", "correlation_id": "-", "session_id": "-", "timestamp": "2025-08-17T20:26:36.267525+00:00"}
{"asctime": "2025-08-17 22:26:36,267", "levelname": "INFO", "name": "AresGlobal.AresLauncher", "message": "Global log file: ares_global_20250817_222636.log", "correlation_id": "-", "session_id": "-", "timestamp": "2025-08-17T20:26:36.267678+00:00"}
{"asctime": "2025-08-17 22:26:36,267", "levelname": "INFO", "name": "AresGlobal.AresLauncher", "message": "Full run log: log/ares_full_20250817_222636.log", "correlation_id": "-", "session_id": "-", "timestamp": "2025-08-17T20:26:36.267836+00:00"}
{"asctime": "2025-08-17 22:26:36,267", "levelname": "INFO", "name": "AresGlobal.AresLauncher", "message": "Trades log: log/ares_trades_20250817_222636.log", "correlation_id": "-", "session_id": "-", "timestamp": "2025-08-17T20:26:36.267937+00:00"}
{"asctime": "2025-08-17 22:26:36,268", "levelname": "INFO", "name": "AresGlobal.AresLauncher", "message": "Backtest log: log/ares_backtest_20250817_222636.log", "correlation_id": "-", "session_id": "-", "timestamp": "2025-08-17T20:26:36.268202+00:00"}
{"asctime": "2025-08-17 22:26:36,268", "levelname": "INFO", "name": "AresGlobal.AresLauncher", "message": "================================================================================", "correlation_id": "-", "session_id": "-", "timestamp": "2025-08-17T20:26:36.268403+00:00"}
{"asctime": "2025-08-17 22:26:36,268", "levelname": "INFO", "name": "AresTradingSystem.System.SignalHandler", "message": "Shutdown callback registered", "correlation_id": "-", "session_id": "-", "timestamp": "2025-08-17T20:26:36.268531+00:00"}
{"asctime": "2025-08-17 22:26:36,268", "levelname": "INFO", "name": "AresSystem", "message": "================================================================================", "correlation_id": "-", "session_id": "-", "timestamp": "2025-08-17T20:26:36.268640+00:00"}
{"asctime": "2025-08-17 22:26:36,268", "levelname": "INFO", "name": "AresGlobal", "message": "[SYSTEM] ================================================================================", "correlation_id": "-", "session_id": "-", "timestamp": "2025-08-17T20:26:36.268743+00:00"}
{"asctime": "2025-08-17 22:26:36,268", "levelname": "INFO", "name": "AresSystem", "message": "🚀 ARES LAUNCHER STARTED - Mode: blank - Symbol: ETHUSDT - Exchange: BINANCE", "correlation_id": "-", "session_id": "-", "timestamp": "2025-08-17T20:26:36.268894+00:00"}
{"asctime": "2025-08-17 22:26:36,269", "levelname": "INFO", "name": "AresGlobal", "message": "[SYSTEM] 🚀 ARES LAUNCHER STARTED - Mode: blank - Symbol: ETHUSDT - Exchange: BINANCE", "correlation_id": "-", "session_id": "-", "timestamp": "2025-08-17T20:26:36.269213+00:00"}
{"asctime": "2025-08-17 22:26:36,269", "levelname": "INFO", "name": "AresSystem", "message": "Start time: 2025-08-17 22:26:36", "correlation_id": "-", "session_id": "-", "timestamp": "2025-08-17T20:26:36.269329+00:00"}
{"asctime": "2025-08-17 22:26:36,269", "levelname": "INFO", "name": "AresGlobal", "message": "[SYSTEM] Start time: 2025-08-17 22:26:36", "correlation_id": "-", "session_id": "-", "timestamp": "2025-08-17T20:26:36.269413+00:00"}
{"asctime": "2025-08-17 22:26:36,269", "levelname": "INFO", "name": "AresSystem", "message": "Log directory: log", "correlation_id": "-", "session_id": "-", "timestamp": "2025-08-17T20:26:36.269496+00:00"}
{"asctime": "2025-08-17 22:26:36,269", "levelname": "INFO", "name": "AresGlobal", "message": "[SYSTEM] Log directory: log", "correlation_id": "-", "session_id": "-", "timestamp": "2025-08-17T20:26:36.269586+00:00"}
{"asctime": "2025-08-17 22:26:36,269", "levelname": "INFO", "name": "AresSystem", "message": "================================================================================", "correlation_id": "-", "session_id": "-", "timestamp": "2025-08-17T20:26:36.269664+00:00"}
{"asctime": "2025-08-17 22:26:36,269", "levelname": "INFO", "name": "AresGlobal", "message": "[SYSTEM] ================================================================================", "correlation_id": "-", "session_id": "-", "timestamp": "2025-08-17T20:26:36.269744+00:00"}
{"asctime": "2025-08-17 22:26:36,269", "levelname": "INFO", "name": "AresGlobal.AresLauncher", "message": "🚀 Running enhanced 16-step training pipeline for ETHUSDT on BINANCE", "correlation_id": "-", "session_id": "-", "timestamp": "2025-08-17T20:26:36.269868+00:00"}
{"asctime": "2025-08-17 22:26:36,269", "levelname": "INFO", "name": "AresGlobal.AresLauncher", "message": "Starting from step: step3_hmm_regime_discovery", "correlation_id": "-", "session_id": "-", "timestamp": "2025-08-17T20:26:36.269979+00:00"}
{"asctime": "2025-08-17 22:26:36,271", "levelname": "INFO", "name": "AresGlobal.AresLauncher", "message": "🧪 BLANK TRAINING MODE: Set BLANK_TRAINING_MODE=1 for step-based training", "correlation_id": "-", "session_id": "-", "timestamp": "2025-08-17T20:26:36.271481+00:00"}
{"asctime": "2025-08-17 22:26:36,272", "levelname": "INFO", "name": "AresGlobal.ProgressManager", "message": "Initialized ProgressManager for ETHUSDT on BINANCE", "correlation_id": "-", "session_id": "-", "timestamp": "2025-08-17T20:26:36.272006+00:00"}
{"asctime": "2025-08-17 22:26:36,272", "levelname": "INFO", "name": "AresGlobal.ProgressManager", "message": "Progress directory: data/training/progress/BINANCE_ETHUSDT", "correlation_id": "-", "session_id": "-", "timestamp": "2025-08-17T20:26:36.272213+00:00"}
{"asctime": "2025-08-17 22:26:36,272", "levelname": "INFO", "name": "AresGlobal.StepOrchestrator", "message": "Initialized StepOrchestrator for ETHUSDT on BINANCE", "correlation_id": "-", "session_id": "-", "timestamp": "2025-08-17T20:26:36.272331+00:00"}
{"asctime": "2025-08-17 22:26:36,272", "levelname": "INFO", "name": "AresGlobal.ProgressManager", "message": "🗑️  Cleared progress for step3_hmm_regime_discovery", "correlation_id": "-", "session_id": "-", "timestamp": "2025-08-17T20:26:36.272478+00:00"}
{"asctime": "2025-08-17 22:26:36,272", "levelname": "INFO", "name": "AresGlobal.AresLauncher", "message": "🧹 Cleared progress for 'step3_hmm_regime_discovery' only (force)", "correlation_id": "-", "session_id": "-", "timestamp": "2025-08-17T20:26:36.272590+00:00"}
{"asctime": "2025-08-17 22:26:36,272", "levelname": "INFO", "name": "AresGlobal.AresLauncher", "message": "🗑️  Cleared checkpoint: checkpoints/BINANCE/ETHUSDT/1m/training_progress.json", "correlation_id": "-", "session_id": "-", "timestamp": "2025-08-17T20:26:36.272822+00:00"}
{"asctime": "2025-08-17 22:26:36,272", "levelname": "DEBUG", "name": "asyncio", "message": "Using selector: KqueueSelector", "correlation_id": "-", "session_id": "-", "timestamp": "2025-08-17T20:26:36.272968+00:00"}
{"asctime": "2025-08-17 22:26:36,273", "levelname": "INFO", "name": "AresGlobal.StepOrchestrator", "message": "🚀 Starting execution from step: step3_hmm_regime_discovery", "correlation_id": "-", "session_id": "-", "timestamp": "2025-08-17T20:26:36.273187+00:00"}
{"asctime": "2025-08-17 22:26:36,365", "levelname": "INFO", "name": "src.utils.prometheus_metrics", "message": "Prometheus metrics server started on port 9000", "correlation_id": "-", "session_id": "-", "timestamp": "2025-08-17T20:26:36.365076+00:00"}
{"asctime": "2025-08-17 22:26:38,078", "levelname": "INFO", "name": "AresTradingSystem.System", "message": "Received signal 2, cleaning up...", "correlation_id": "-", "session_id": "-", "timestamp": "2025-08-17T20:26:38.078589+00:00"}
{"asctime": "2025-08-17 22:26:38,114", "levelname": "WARNING", "name": "joblib", "message": "[Memory(location=None)]: Flushing completely the cache", "correlation_id": "-", "session_id": "-", "timestamp": "2025-08-17T20:26:38.114367+00:00"}
{"asctime": "2025-08-17 22:26:38,116", "levelname": "INFO", "name": "AresGlobal.AresLauncher", "message": "🧹 Cleaning up processes...", "correlation_id": "-", "session_id": "-", "timestamp": "2025-08-17T20:26:38.116962+00:00"}
{"asctime": "2025-08-17 22:26:38,117", "levelname": "INFO", "name": "AresGlobal.AresLauncher", "message": "✅ Cleanup completed", "correlation_id": "-", "session_id": "-", "timestamp": "2025-08-17T20:26:38.117152+00:00"}
{"asctime": "2025-08-17 22:26:38,154", "levelname": "WARNING", "name": "joblib", "message": "[Memory(location=None)]: Flushing completely the cache", "correlation_id": "-", "session_id": "-", "timestamp": "2025-08-17T20:26:38.154140+00:00"}
