{"asctime": "2025-08-20 18:02:15,270", "levelname": "INFO", "name": "AresTradingSystem", "message": "✅ Enhanced Logger initialization completed successfully", "correlation_id": "-", "session_id": "-", "timestamp": "2025-08-20T16:02:15.270705+00:00"}
{"asctime": "2025-08-20 18:02:15,325", "levelname": "INFO", "name": "AresTradingSystem.System.VectorizedAdvancedFeatureEngineering", "message": "✅ Subsampling disabled for blank/short-blank horizon (<=180d)", "correlation_id": "-", "session_id": "-", "timestamp": "2025-08-20T16:02:15.325819+00:00"}
{"asctime": "2025-08-20 18:02:15,326", "levelname": "INFO", "name": "AresTradingSystem.System.VectorizedAdvancedFeatureEngineering", "message": "✅ Configured joblib memory cache: data/joblib_cache", "correlation_id": "-", "session_id": "-", "timestamp": "2025-08-20T16:02:15.326087+00:00"}
{"asctime": "2025-08-20 18:02:15,347", "levelname": "INFO", "name": "AresTradingSystem.System.EnhancedTrainingManager", "message": "✅ Enhanced matrix operations and GPU acceleration initialized", "correlation_id": "-", "session_id": "-", "timestamp": "2025-08-20T16:02:15.347517+00:00"}
{"asctime": "2025-08-20 18:02:15,347", "levelname": "INFO", "name": "AresTradingSystem.System.EnhancedTrainingManager", "message": "🚀 Initializing Enhanced Training Manager...", "correlation_id": "-", "session_id": "-", "timestamp": "2025-08-20T16:02:15.347643+00:00"}
{"asctime": "2025-08-20 18:02:15,347", "levelname": "INFO", "name": "AresTradingSystem.System.EnhancedTrainingManager", "message": "📊 Blank training mode: True", "correlation_id": "-", "session_id": "-", "timestamp": "2025-08-20T16:02:15.347714+00:00"}
{"asctime": "2025-08-20 18:02:15,347", "levelname": "INFO", "name": "AresTradingSystem.System.EnhancedTrainingManager", "message": "🔧 Max trials: 200", "correlation_id": "-", "session_id": "-", "timestamp": "2025-08-20T16:02:15.347779+00:00"}
{"asctime": "2025-08-20 18:02:15,347", "levelname": "INFO", "name": "AresTradingSystem.System.EnhancedTrainingManager", "message": "🔧 N trials: 100", "correlation_id": "-", "session_id": "-", "timestamp": "2025-08-20T16:02:15.347838+00:00"}
{"asctime": "2025-08-20 18:02:15,347", "levelname": "INFO", "name": "AresTradingSystem.System.EnhancedTrainingManager", "message": "📈 Lookback days: 180", "correlation_id": "-", "session_id": "-", "timestamp": "2025-08-20T16:02:15.347991+00:00"}
{"asctime": "2025-08-20 18:02:15,348", "levelname": "INFO", "name": "AresTradingSystem.System.EnhancedTrainingManager", "message": "🚀 Computational optimization: True", "correlation_id": "-", "session_id": "-", "timestamp": "2025-08-20T16:02:15.348112+00:00"}
{"asctime": "2025-08-20 18:02:15,348", "levelname": "INFO", "name": "AresTradingSystem.System.EnhancedTrainingManager", "message": "📊 Resource Analysis:", "correlation_id": "-", "session_id": "-", "timestamp": "2025-08-20T16:02:15.348234+00:00"}
{"asctime": "2025-08-20 18:02:15,348", "levelname": "INFO", "name": "AresTradingSystem.System.EnhancedTrainingManager", "message": "   💾 System Memory: 16.0 GB", "correlation_id": "-", "session_id": "-", "timestamp": "2025-08-20T16:02:15.348309+00:00"}
{"asctime": "2025-08-20 18:02:15,348", "levelname": "INFO", "name": "AresTradingSystem.System.EnhancedTrainingManager", "message": "   🖥️ CPU Cores: 8", "correlation_id": "-", "session_id": "-", "timestamp": "2025-08-20T16:02:15.348368+00:00"}
{"asctime": "2025-08-20 18:02:15,348", "levelname": "INFO", "name": "AresTradingSystem.System.EnhancedTrainingManager", "message": "   📈 Estimated Memory Usage: 4.0 GB", "correlation_id": "-", "session_id": "-", "timestamp": "2025-08-20T16:02:15.348433+00:00"}
{"asctime": "2025-08-20 18:02:15,348", "levelname": "INFO", "name": "AresTradingSystem.System.EnhancedTrainingManager", "message": "   ⏱️ Estimated Time: 90 minutes (1.5 hours)", "correlation_id": "-", "session_id": "-", "timestamp": "2025-08-20T16:02:15.348492+00:00"}
{"asctime": "2025-08-20 18:02:15,348", "levelname": "INFO", "name": "AresTradingSystem.System.EnhancedTrainingManager", "message": "   🤖 Models to Train: 4", "correlation_id": "-", "session_id": "-", "timestamp": "2025-08-20T16:02:15.348554+00:00"}
{"asctime": "2025-08-20 18:02:15,348", "levelname": "INFO", "name": "AresTradingSystem.System.EnhancedTrainingManager", "message": "   🔧 Optimization Trials: 50", "correlation_id": "-", "session_id": "-", "timestamp": "2025-08-20T16:02:15.348624+00:00"}
{"asctime": "2025-08-20 18:02:15,348", "levelname": "INFO", "name": "AresTradingSystem.System.EnhancedTrainingManager", "message": "📋 Step-by-Step Time Estimates:", "correlation_id": "-", "session_id": "-", "timestamp": "2025-08-20T16:02:15.348678+00:00"}
{"asctime": "2025-08-20 18:02:15,348", "levelname": "INFO", "name": "AresTradingSystem.System.EnhancedTrainingManager", "message": "   step1_data_collection: 5 min (4.0%)", "correlation_id": "-", "session_id": "-", "timestamp": "2025-08-20T16:02:15.348735+00:00"}
{"asctime": "2025-08-20 18:02:15,348", "levelname": "INFO", "name": "AresTradingSystem.System.EnhancedTrainingManager", "message": "   step1_5_data_converter: 10 min (8.0%)", "correlation_id": "-", "session_id": "-", "timestamp": "2025-08-20T16:02:15.348793+00:00"}
{"asctime": "2025-08-20 18:02:15,348", "levelname": "INFO", "name": "AresTradingSystem.System.EnhancedTrainingManager", "message": "   step2_feature_engineering: 15 min (12.0%)", "correlation_id": "-", "session_id": "-", "timestamp": "2025-08-20T16:02:15.348848+00:00"}
{"asctime": "2025-08-20 18:02:15,348", "levelname": "INFO", "name": "AresTradingSystem.System.EnhancedTrainingManager", "message": "   step3_hmm_regime_discovery: 3 min (2.4%)", "correlation_id": "-", "session_id": "-", "timestamp": "2025-08-20T16:02:15.348901+00:00"}
{"asctime": "2025-08-20 18:02:15,348", "levelname": "INFO", "name": "AresTradingSystem.System.EnhancedTrainingManager", "message": "   step4_processing_labeling: 8 min (6.4%)", "correlation_id": "-", "session_id": "-", "timestamp": "2025-08-20T16:02:15.348953+00:00"}
{"asctime": "2025-08-20 18:02:15,349", "levelname": "INFO", "name": "AresTradingSystem.System.EnhancedTrainingManager", "message": "   step5_regime_data_splitting: 2 min (1.6%)", "correlation_id": "-", "session_id": "-", "timestamp": "2025-08-20T16:02:15.349004+00:00"}
{"asctime": "2025-08-20 18:02:15,349", "levelname": "INFO", "name": "AresTradingSystem.System.EnhancedTrainingManager", "message": "   step6_hmm_based_training: 10 min (8.0%)", "correlation_id": "-", "session_id": "-", "timestamp": "2025-08-20T16:02:15.349055+00:00"}
{"asctime": "2025-08-20 18:02:15,349", "levelname": "INFO", "name": "AresTradingSystem.System.EnhancedTrainingManager", "message": "   step6_5_unified_regime_intelligence: 8 min (6.4%)", "correlation_id": "-", "session_id": "-", "timestamp": "2025-08-20T16:02:15.349104+00:00"}
{"asctime": "2025-08-20 18:02:15,349", "levelname": "INFO", "name": "AresTradingSystem.System.EnhancedTrainingManager", "message": "   step7_analyst_enhancement: 8 min (6.4%)", "correlation_id": "-", "session_id": "-", "timestamp": "2025-08-20T16:02:15.349159+00:00"}
{"asctime": "2025-08-20 18:02:15,349", "levelname": "INFO", "name": "AresTradingSystem.System.EnhancedTrainingManager", "message": "   step8_tactician_labeling: 5 min (4.0%)", "correlation_id": "-", "session_id": "-", "timestamp": "2025-08-20T16:02:15.349210+00:00"}
{"asctime": "2025-08-20 18:02:15,349", "levelname": "INFO", "name": "AresTradingSystem.System.EnhancedTrainingManager", "message": "   step9_tactician_specialist_training: 10 min (8.0%)", "correlation_id": "-", "session_id": "-", "timestamp": "2025-08-20T16:02:15.349260+00:00"}
{"asctime": "2025-08-20 18:02:15,349", "levelname": "INFO", "name": "AresTradingSystem.System.EnhancedTrainingManager", "message": "   step10_confidence_calibration: 3 min (2.4%)", "correlation_id": "-", "session_id": "-", "timestamp": "2025-08-20T16:02:15.349311+00:00"}
{"asctime": "2025-08-20 18:02:15,349", "levelname": "INFO", "name": "AresTradingSystem.System.EnhancedTrainingManager", "message": "   step11_final_parameters_optimization: 15 min (12.0%)", "correlation_id": "-", "session_id": "-", "timestamp": "2025-08-20T16:02:15.349361+00:00"}
{"asctime": "2025-08-20 18:02:15,349", "levelname": "INFO", "name": "AresTradingSystem.System.EnhancedTrainingManager", "message": "   step12_walk_forward_validation: 8 min (6.4%)", "correlation_id": "-", "session_id": "-", "timestamp": "2025-08-20T16:02:15.349417+00:00"}
{"asctime": "2025-08-20 18:02:15,349", "levelname": "INFO", "name": "AresTradingSystem.System.EnhancedTrainingManager", "message": "   step13_monte_carlo_validation: 8 min (6.4%)", "correlation_id": "-", "session_id": "-", "timestamp": "2025-08-20T16:02:15.349468+00:00"}
{"asctime": "2025-08-20 18:02:15,349", "levelname": "INFO", "name": "AresTradingSystem.System.EnhancedTrainingManager", "message": "   step14_ab_testing: 5 min (4.0%)", "correlation_id": "-", "session_id": "-", "timestamp": "2025-08-20T16:02:15.349520+00:00"}
{"asctime": "2025-08-20 18:02:15,349", "levelname": "INFO", "name": "AresTradingSystem.System.EnhancedTrainingManager", "message": "   step15_saving: 2 min (1.6%)", "correlation_id": "-", "session_id": "-", "timestamp": "2025-08-20T16:02:15.349574+00:00"}
{"asctime": "2025-08-20 18:02:15,349", "levelname": "INFO", "name": "AresTradingSystem.System.EnhancedTrainingManager", "message": "💡 Recommendations:", "correlation_id": "-", "session_id": "-", "timestamp": "2025-08-20T16:02:15.349625+00:00"}
{"asctime": "2025-08-20 18:02:15,349", "levelname": "INFO", "name": "AresTradingSystem.System.EnhancedTrainingManager", "message": "   ✅ Blank training mode is suitable for your system", "correlation_id": "-", "session_id": "-", "timestamp": "2025-08-20T16:02:15.349681+00:00"}
{"asctime": "2025-08-20 18:02:15,349", "levelname": "INFO", "name": "AresTradingSystem.System.EnhancedTrainingManager", "message": "🚀 Initializing computational optimization components...", "correlation_id": "-", "session_id": "-", "timestamp": "2025-08-20T16:02:15.349748+00:00"}
{"asctime": "2025-08-20 18:02:15,350", "levelname": "INFO", "name": "AresTradingSystem.System.EnhancedTrainingManager", "message": "✅ Computational optimization components initialized successfully", "correlation_id": "-", "session_id": "-", "timestamp": "2025-08-20T16:02:15.350225+00:00"}
{"asctime": "2025-08-20 18:02:15,350", "levelname": "INFO", "name": "AresTradingSystem.System.VectorizedTrainingPipeline", "message": "🚀 Initializing Vectorized Training Pipeline...", "correlation_id": "-", "session_id": "-", "timestamp": "2025-08-20T16:02:15.350290+00:00"}
{"asctime": "2025-08-20 18:02:15,350", "levelname": "INFO", "name": "AresTradingSystem.System.VectorizedTrainingPipeline", "message": "📊 Initializing matrix enhancement components...", "correlation_id": "-", "session_id": "-", "timestamp": "2025-08-20T16:02:15.350345+00:00"}
{"asctime": "2025-08-20 18:02:15,350", "levelname": "INFO", "name": "AresTradingSystem.System.VectorizedAdvancedFeatureEngineering", "message": "🚀 Initializing vectorized advanced feature engineering...", "correlation_id": "-", "session_id": "-", "timestamp": "2025-08-20T16:02:15.350401+00:00"}
{"asctime": "2025-08-20 18:02:15,350", "levelname": "INFO", "name": "AresTradingSystem.System.WaveletFeatureCache", "message": "✅ Cache directory initialized: data/wavelet_cache", "correlation_id": "-", "session_id": "-", "timestamp": "2025-08-20T16:02:15.350543+00:00"}
{"asctime": "2025-08-20 18:02:15,350", "levelname": "INFO", "name": "AresTradingSystem.System.VectorizedVolatilityRegimeModel", "message": "🚀 Initializing VectorizedVolatilityRegimeModel...", "correlation_id": "-", "session_id": "-", "timestamp": "2025-08-20T16:02:15.350610+00:00"}
{"asctime": "2025-08-20 18:02:15,350", "levelname": "INFO", "name": "AresTradingSystem.System.VectorizedVolatilityRegimeModel", "message": "✅ VectorizedVolatilityRegimeModel initialized successfully", "correlation_id": "-", "session_id": "-", "timestamp": "2025-08-20T16:02:15.350665+00:00"}
{"asctime": "2025-08-20 18:02:15,350", "levelname": "INFO", "name": "AresTradingSystem.System.VectorizedCorrelationAnalyzer", "message": "🚀 Initializing VectorizedCorrelationAnalyzer...", "correlation_id": "-", "session_id": "-", "timestamp": "2025-08-20T16:02:15.350737+00:00"}
{"asctime": "2025-08-20 18:02:15,350", "levelname": "INFO", "name": "AresTradingSystem.System.VectorizedCorrelationAnalyzer", "message": "✅ VectorizedCorrelationAnalyzer initialized successfully", "correlation_id": "-", "session_id": "-", "timestamp": "2025-08-20T16:02:15.350797+00:00"}
{"asctime": "2025-08-20 18:02:15,350", "levelname": "INFO", "name": "AresTradingSystem.System.VectorizedMomentumAnalyzer", "message": "🚀 Initializing VectorizedMomentumAnalyzer...", "correlation_id": "-", "session_id": "-", "timestamp": "2025-08-20T16:02:15.350856+00:00"}
{"asctime": "2025-08-20 18:02:15,350", "levelname": "INFO", "name": "AresTradingSystem.System.VectorizedMomentumAnalyzer", "message": "✅ VectorizedMomentumAnalyzer initialized successfully", "correlation_id": "-", "session_id": "-", "timestamp": "2025-08-20T16:02:15.350908+00:00"}
{"asctime": "2025-08-20 18:02:15,350", "levelname": "INFO", "name": "AresTradingSystem.System.VectorizedAdvancedFeatureEngineering", "message": "🔍 Creating VectorizedLiquidityAnalyzer...", "correlation_id": "-", "session_id": "-", "timestamp": "2025-08-20T16:02:15.350959+00:00"}
{"asctime": "2025-08-20 18:02:15,351", "levelname": "INFO", "name": "AresTradingSystem.System.VectorizedAdvancedFeatureEngineering", "message": "🔍 VectorizedLiquidityAnalyzer created, initializing...", "correlation_id": "-", "session_id": "-", "timestamp": "2025-08-20T16:02:15.351014+00:00"}
{"asctime": "2025-08-20 18:02:15,351", "levelname": "INFO", "name": "AresTradingSystem.System.VectorizedLiquidityAnalyzer", "message": "🚀 Initializing VectorizedLiquidityAnalyzer...", "correlation_id": "-", "session_id": "-", "timestamp": "2025-08-20T16:02:15.351067+00:00"}
{"asctime": "2025-08-20 18:02:15,351", "levelname": "INFO", "name": "AresTradingSystem.System.VectorizedLiquidityAnalyzer", "message": "✅ VectorizedLiquidityAnalyzer initialized successfully", "correlation_id": "-", "session_id": "-", "timestamp": "2025-08-20T16:02:15.351118+00:00"}
{"asctime": "2025-08-20 18:02:15,351", "levelname": "INFO", "name": "AresTradingSystem.System.VectorizedAdvancedFeatureEngineering", "message": "✅ Liquidity analyzer initialized successfully", "correlation_id": "-", "session_id": "-", "timestamp": "2025-08-20T16:02:15.351170+00:00"}
{"asctime": "2025-08-20 18:02:15,351", "levelname": "INFO", "name": "AresTradingSystem.System.VectorizedAdvancedFeatureEngineering", "message": "🔍 Creating VectorizedCandlestickPatternAnalyzer...", "correlation_id": "-", "session_id": "-", "timestamp": "2025-08-20T16:02:15.351221+00:00"}
{"asctime": "2025-08-20 18:02:15,351", "levelname": "INFO", "name": "AresTradingSystem.System.VectorizedAdvancedFeatureEngineering", "message": "🔍 VectorizedCandlestickPatternAnalyzer created, initializing...", "correlation_id": "-", "session_id": "-", "timestamp": "2025-08-20T16:02:15.351277+00:00"}
{"asctime": "2025-08-20 18:02:15,351", "levelname": "INFO", "name": "AresTradingSystem.System.VectorizedCandlestickPatternAnalyzer", "message": "🚀 Initializing VectorizedCandlestickPatternAnalyzer...", "correlation_id": "-", "session_id": "-", "timestamp": "2025-08-20T16:02:15.351330+00:00"}
{"asctime": "2025-08-20 18:02:15,351", "levelname": "INFO", "name": "AresTradingSystem.System.VectorizedCandlestickPatternAnalyzer", "message": "🔍 Config keys: ['environment', 'system', 'trading', 'training', 'trading_symbol', 'exchange_name', 'trading_interval', 'initial_equity', 'taker_fee', 'maker_fee', 'state_file', 'lookback_years', 'exchanges', 'risk_management', 'position_management', 'pipeline', 'analyst', 'logging', 'database', 'data', 'checkpointing', 'reporting', 'mlflow', 'version', 'training_pipeline', 'MODEL_TRAINING', 'DATA_CONFIG', 'ENHANCED_TRAINING', 'HMM_LM', 'vectorized_labelling_orchestrator', 'method_a_mixture_of_experts', 'feature_reduction', 'MULTI_TIMEFRAME_TRAINING', 'TIMEFRAMES', 'TIMEFRAME_SETS', 'DEFAULT_TIMEFRAME_SET', 'TWO_TIER_DECISION', 'ENHANCED_ENSEMBLE', 'meta_labeling', 'multi_timeframe_regime_integration', 'regime_specific_tpsl_optimizer', 'TRANSITION_MODELING', 'CHECKPOINT_DIR']", "correlation_id": "-", "session_id": "-", "timestamp": "2025-08-20T16:02:15.351391+00:00"}
{"asctime": "2025-08-20 18:02:15,351", "levelname": "INFO", "name": "AresTradingSystem.System.VectorizedCandlestickPatternAnalyzer", "message": "✅ VectorizedCandlestickPatternAnalyzer initialized successfully", "correlation_id": "-", "session_id": "-", "timestamp": "2025-08-20T16:02:15.351471+00:00"}
{"asctime": "2025-08-20 18:02:15,351", "levelname": "INFO", "name": "AresTradingSystem.System.VectorizedAdvancedFeatureEngineering", "message": "✅ Candlestick analyzer initialized successfully", "correlation_id": "-", "session_id": "-", "timestamp": "2025-08-20T16:02:15.351523+00:00"}
{"asctime": "2025-08-20 18:02:15,351", "levelname": "INFO", "name": "AresTradingSystem.System.VectorizedAdvancedFeatureEngineering", "message": "🔍 Creating VectorizedSRDistanceCalculator...", "correlation_id": "-", "session_id": "-", "timestamp": "2025-08-20T16:02:15.351575+00:00"}
{"asctime": "2025-08-20 18:02:15,351", "levelname": "INFO", "name": "AresTradingSystem.System.VectorizedAdvancedFeatureEngineering", "message": "🔍 VectorizedSRDistanceCalculator created, initializing...", "correlation_id": "-", "session_id": "-", "timestamp": "2025-08-20T16:02:15.351648+00:00"}
{"asctime": "2025-08-20 18:02:15,351", "levelname": "INFO", "name": "AresTradingSystem.System.VectorizedSRDistanceCalculator", "message": "🚀 Initializing VectorizedSRDistanceCalculator...", "correlation_id": "-", "session_id": "-", "timestamp": "2025-08-20T16:02:15.351771+00:00"}
{"asctime": "2025-08-20 18:02:15,351", "levelname": "INFO", "name": "AresTradingSystem.System.VectorizedSRDistanceCalculator", "message": "✅ VectorizedSRDistanceCalculator initialized successfully", "correlation_id": "-", "session_id": "-", "timestamp": "2025-08-20T16:02:15.351843+00:00"}
{"asctime": "2025-08-20 18:02:15,352", "levelname": "INFO", "name": "AresTradingSystem.System.VectorizedAdvancedFeatureEngineering", "message": "✅ S/R distance calculator initialized successfully", "correlation_id": "-", "session_id": "-", "timestamp": "2025-08-20T16:02:15.352030+00:00"}
{"asctime": "2025-08-20 18:02:15,352", "levelname": "INFO", "name": "AresTradingSystem.System.VectorizedAdvancedFeatureEngineering", "message": "🔍 Creating VectorizedWaveletTransformAnalyzer...", "correlation_id": "-", "session_id": "-", "timestamp": "2025-08-20T16:02:15.352099+00:00"}
{"asctime": "2025-08-20 18:02:15,352", "levelname": "INFO", "name": "AresTradingSystem.System.VectorizedAdvancedFeatureEngineering", "message": "🔍 VectorizedWaveletTransformAnalyzer created, initializing...", "correlation_id": "-", "session_id": "-", "timestamp": "2025-08-20T16:02:15.352201+00:00"}
{"asctime": "2025-08-20 18:02:15,352", "levelname": "INFO", "name": "AresTradingSystem.System.VectorizedWaveletTransformAnalyzer", "message": "🚀 Initializing VectorizedWaveletTransformAnalyzer...", "correlation_id": "-", "session_id": "-", "timestamp": "2025-08-20T16:02:15.352305+00:00"}
{"asctime": "2025-08-20 18:02:15,352", "levelname": "INFO", "name": "AresTradingSystem.System.VectorizedWaveletTransformAnalyzer", "message": "✅ VectorizedWaveletTransformAnalyzer initialized successfully", "correlation_id": "-", "session_id": "-", "timestamp": "2025-08-20T16:02:15.352373+00:00"}
{"asctime": "2025-08-20 18:02:15,352", "levelname": "INFO", "name": "AresTradingSystem.System.VectorizedAdvancedFeatureEngineering", "message": "✅ Wavelet analyzer initialized successfully", "correlation_id": "-", "session_id": "-", "timestamp": "2025-08-20T16:02:15.352439+00:00"}
{"asctime": "2025-08-20 18:02:15,352", "levelname": "INFO", "name": "AresTradingSystem.System.VectorizedAdvancedFeatureEngineering", "message": "ℹ️ Meta-labeling system removed - using only HMM market regimes for labeling", "correlation_id": "-", "session_id": "-", "timestamp": "2025-08-20T16:02:15.352523+00:00"}
{"asctime": "2025-08-20 18:02:15,352", "levelname": "INFO", "name": "AresTradingSystem.System.VectorizedAdvancedFeatureEngineering", "message": "✅ Vectorized advanced feature engineering initialized successfully", "correlation_id": "-", "session_id": "-", "timestamp": "2025-08-20T16:02:15.352582+00:00"}
{"asctime": "2025-08-20 18:02:15,352", "levelname": "INFO", "name": "AresTradingSystem.System.VectorizedTrainingPipeline", "message": "🔧 Initialized vectorized feature engineering", "correlation_id": "-", "session_id": "-", "timestamp": "2025-08-20T16:02:15.352648+00:00"}
{"asctime": "2025-08-20 18:02:15,352", "levelname": "INFO", "name": "AresTradingSystem.System.VectorizedTrainingPipeline", "message": "✅ Vectorized Training Pipeline initialized successfully", "correlation_id": "-", "session_id": "-", "timestamp": "2025-08-20T16:02:15.352703+00:00"}
{"asctime": "2025-08-20 18:02:15,352", "levelname": "INFO", "name": "AresTradingSystem.System.EnhancedTrainingManager", "message": "✅ Vectorized Training Pipeline initialized", "correlation_id": "-", "session_id": "-", "timestamp": "2025-08-20T16:02:15.352758+00:00"}
{"asctime": "2025-08-20 18:02:15,352", "levelname": "INFO", "name": "AresTradingSystem.System.EnhancedTrainingManager", "message": "✅ Enhanced Training Manager initialized successfully", "correlation_id": "-", "session_id": "-", "timestamp": "2025-08-20T16:02:15.352911+00:00"}
{"asctime": "2025-08-20 18:02:15,353", "levelname": "INFO", "name": "AresTradingSystem.System.EnhancedTrainingManager", "message": "================================================================================", "correlation_id": "-", "session_id": "-", "timestamp": "2025-08-20T16:02:15.353085+00:00"}
{"asctime": "2025-08-20 18:02:15,353", "levelname": "INFO", "name": "AresTradingSystem.System.EnhancedTrainingManager", "message": "🚀 COMPREHENSIVE 15-STEP ENHANCED TRAINING PIPELINE START", "correlation_id": "-", "session_id": "-", "timestamp": "2025-08-20T16:02:15.353137+00:00"}
{"asctime": "2025-08-20 18:02:15,353", "levelname": "INFO", "name": "AresTradingSystem.System.EnhancedTrainingManager", "message": "================================================================================", "correlation_id": "-", "session_id": "-", "timestamp": "2025-08-20T16:02:15.353217+00:00"}
{"asctime": "2025-08-20 18:02:15,353", "levelname": "INFO", "name": "AresTradingSystem.System.EnhancedTrainingManager", "message": "📅 Started at: 2025-08-20 18:02:15", "correlation_id": "-", "session_id": "-", "timestamp": "2025-08-20T16:02:15.353286+00:00"}
{"asctime": "2025-08-20 18:02:15,353", "levelname": "INFO", "name": "AresTradingSystem.System.EnhancedTrainingManager", "message": "🎯 Symbol: ETHUSDT", "correlation_id": "-", "session_id": "-", "timestamp": "2025-08-20T16:02:15.353342+00:00"}
{"asctime": "2025-08-20 18:02:15,353", "levelname": "INFO", "name": "AresTradingSystem.System.EnhancedTrainingManager", "message": "🏢 Exchange: BINANCE", "correlation_id": "-", "session_id": "-", "timestamp": "2025-08-20T16:02:15.353413+00:00"}
{"asctime": "2025-08-20 18:02:15,353", "levelname": "INFO", "name": "AresTradingSystem.System.EnhancedTrainingManager", "message": "📊 Training Mode: N/A", "correlation_id": "-", "session_id": "-", "timestamp": "2025-08-20T16:02:15.353466+00:00"}
{"asctime": "2025-08-20 18:02:15,353", "levelname": "INFO", "name": "AresTradingSystem.System.EnhancedTrainingManager", "message": "📈 Lookback Days: 180", "correlation_id": "-", "session_id": "-", "timestamp": "2025-08-20T16:02:15.353517+00:00"}
{"asctime": "2025-08-20 18:02:15,353", "levelname": "INFO", "name": "AresTradingSystem.System.EnhancedTrainingManager", "message": "🔧 Blank Training Mode: True", "correlation_id": "-", "session_id": "-", "timestamp": "2025-08-20T16:02:15.353569+00:00"}
{"asctime": "2025-08-20 18:02:15,353", "levelname": "INFO", "name": "AresTradingSystem.System.EnhancedTrainingManager", "message": "🔧 Max Trials: 200", "correlation_id": "-", "session_id": "-", "timestamp": "2025-08-20T16:02:15.353619+00:00"}
{"asctime": "2025-08-20 18:02:15,353", "levelname": "INFO", "name": "AresTradingSystem.System.EnhancedTrainingManager", "message": "🔧 N Trials: 100", "correlation_id": "-", "session_id": "-", "timestamp": "2025-08-20T16:02:15.353670+00:00"}
{"asctime": "2025-08-20 18:02:15,353", "levelname": "INFO", "name": "AresTradingSystem.System.EnhancedTrainingManager", "message": "🚀 Initializing optimized tools...", "correlation_id": "-", "session_id": "-", "timestamp": "2025-08-20T16:02:15.353744+00:00"}
{"asctime": "2025-08-20 18:02:15,353", "levelname": "ERROR", "name": "AresTradingSystem.System.EnhancedTrainingManager", "message": "❌ Failed to initialize optimized tools: 'EnhancedTrainingManager' object has no attribute 'optimized_manager'", "correlation_id": "-", "session_id": "-", "exc_info": "Traceback (most recent call last):\n  File \"/Users/remyroche/Documents/Ares/src/training/enhanced_training_manager.py\", line 3850, in _initialize_optimized_tools\n    await self.optimized_manager.initialize()\n          ^^^^^^^^^^^^^^^^^^^^^^\nAttributeError: 'EnhancedTrainingManager' object has no attribute 'optimized_manager'. Did you mean: 'get_optimized_manager'?", "timestamp": "2025-08-20T16:02:15.353814+00:00"}
{"asctime": "2025-08-20 18:02:15,362", "levelname": "INFO", "name": "AresTradingSystem.System.EnhancedTrainingManager", "message": "🚀 Starting fresh training...", "correlation_id": "-", "session_id": "-", "timestamp": "2025-08-20T16:02:15.362312+00:00"}
{"asctime": "2025-08-20 18:02:15,362", "levelname": "INFO", "name": "AresTradingSystem.System.EnhancedTrainingManager", "message": "🧹 Force rerun enabled - clearing artifacts from step2_feature_engineering and subsequent steps", "correlation_id": "-", "session_id": "-", "timestamp": "2025-08-20T16:02:15.362509+00:00"}
{"asctime": "2025-08-20 18:02:15,362", "levelname": "INFO", "name": "AresTradingSystem.System.EnhancedTrainingManager", "message": "🧹 Clearing artifacts from step2_feature_engineering onward", "correlation_id": "-", "session_id": "-", "timestamp": "2025-08-20T16:02:15.362587+00:00"}
{"asctime": "2025-08-20 18:02:15,372", "levelname": "INFO", "name": "AresTradingSystem.System.EnhancedTrainingManager", "message": "✅ Cleared artifacts for 17 steps: ['step2_feature_engineering', 'step2_5_enhanced_matrix_operations', 'step3_hmm_regime_discovery', 'step4_processing_labeling', 'step5_regime_data_splitting', 'step5_5_enhanced_model_training_operations', 'step6_hmm_based_training', 'step6_5_unified_regime_intelligence', 'step7_analyst_enhancement', 'step8_tactician_labeling', 'step9_tactician_specialist_training', 'step10_confidence_calibration', 'step11_final_parameters_optimization', 'step12_walk_forward_validation', 'step13_monte_carlo_validation', 'step14_ab_testing', 'step15_saving']", "correlation_id": "-", "session_id": "-", "timestamp": "2025-08-20T16:02:15.372960+00:00"}
{"asctime": "2025-08-20 18:02:15,373", "levelname": "INFO", "name": "AresTradingSystem.System.EnhancedTrainingManager", "message": "✅ Cleared artifacts and checkpoints from step2_feature_engineering onward", "correlation_id": "-", "session_id": "-", "timestamp": "2025-08-20T16:02:15.373207+00:00"}
{"asctime": "2025-08-20 18:02:15,373", "levelname": "INFO", "name": "AresTradingSystem.System.EnhancedTrainingManager", "message": "====================================================================================================", "correlation_id": "-", "session_id": "-", "timestamp": "2025-08-20T16:02:15.373401+00:00"}
{"asctime": "2025-08-20 18:02:15,373", "levelname": "INFO", "name": "AresTradingSystem.System.EnhancedTrainingManager", "message": "🚀 COMPREHENSIVE 15-STEP TRAINING PIPELINE START", "correlation_id": "-", "session_id": "-", "timestamp": "2025-08-20T16:02:15.373509+00:00"}
{"asctime": "2025-08-20 18:02:15,373", "levelname": "INFO", "name": "AresTradingSystem.System.EnhancedTrainingManager", "message": "====================================================================================================", "correlation_id": "-", "session_id": "-", "timestamp": "2025-08-20T16:02:15.373579+00:00"}
{"asctime": "2025-08-20 18:02:15,373", "levelname": "INFO", "name": "AresTradingSystem.System.EnhancedTrainingManager", "message": "📅 Started at: 2025-08-20 18:02:15", "correlation_id": "-", "session_id": "-", "timestamp": "2025-08-20T16:02:15.373646+00:00"}
{"asctime": "2025-08-20 18:02:15,373", "levelname": "INFO", "name": "AresTradingSystem.System.EnhancedTrainingManager", "message": "🎯 Symbol: ETHUSDT", "correlation_id": "-", "session_id": "-", "timestamp": "2025-08-20T16:02:15.373714+00:00"}
{"asctime": "2025-08-20 18:02:15,373", "levelname": "INFO", "name": "AresTradingSystem.System.EnhancedTrainingManager", "message": "🏢 Exchange: BINANCE", "correlation_id": "-", "session_id": "-", "timestamp": "2025-08-20T16:02:15.373769+00:00"}
{"asctime": "2025-08-20 18:02:15,373", "levelname": "INFO", "name": "AresTradingSystem.System.EnhancedTrainingManager", "message": "📊 Timeframe: 1m", "correlation_id": "-", "session_id": "-", "timestamp": "2025-08-20T16:02:15.373824+00:00"}
{"asctime": "2025-08-20 18:02:15,373", "levelname": "INFO", "name": "AresTradingSystem.System.EnhancedTrainingManager", "message": "🧠 Training Mode: Blank", "correlation_id": "-", "session_id": "-", "timestamp": "2025-08-20T16:02:15.373878+00:00"}
{"asctime": "2025-08-20 18:02:15,373", "levelname": "INFO", "name": "AresTradingSystem.System.EnhancedTrainingManager", "message": "🔧 Max Trials: 200", "correlation_id": "-", "session_id": "-", "timestamp": "2025-08-20T16:02:15.373930+00:00"}
{"asctime": "2025-08-20 18:02:15,373", "levelname": "INFO", "name": "AresTradingSystem.System.EnhancedTrainingManager", "message": "📈 Lookback Days: 180", "correlation_id": "-", "session_id": "-", "timestamp": "2025-08-20T16:02:15.373986+00:00"}
{"asctime": "2025-08-20 18:02:15,374", "levelname": "INFO", "name": "AresTradingSystem.System.EnhancedTrainingManager", "message": "💾 Memory Optimization: Enabled", "correlation_id": "-", "session_id": "-", "timestamp": "2025-08-20T16:02:15.374038+00:00"}
{"asctime": "2025-08-20 18:02:15,374", "levelname": "INFO", "name": "AresTradingSystem.System.EnhancedTrainingManager", "message": "🚀 Starting from step: step2_feature_engineering", "correlation_id": "-", "session_id": "-", "timestamp": "2025-08-20T16:02:15.374090+00:00"}
{"asctime": "2025-08-20 18:02:15,374", "levelname": "INFO", "name": "AresTradingSystem.System.EnhancedTrainingManager", "message": "====================================================================================================", "correlation_id": "-", "session_id": "-", "timestamp": "2025-08-20T16:02:15.374143+00:00"}
{"asctime": "2025-08-20 18:02:15,374", "levelname": "INFO", "name": "AresTradingSystem.System.EnhancedTrainingManager", "message": "⏭️  Skipping Step 1: Data Collection (using pre-consolidated data)", "correlation_id": "-", "session_id": "-", "timestamp": "2025-08-20T16:02:15.374205+00:00"}
{"asctime": "2025-08-20 18:02:15,374", "levelname": "INFO", "name": "AresTradingSystem.System.EnhancedTrainingManager", "message": "💓 Step 1.5: Data Converter", "correlation_id": "-", "session_id": "-", "timestamp": "2025-08-20T16:02:15.374264+00:00"}
{"asctime": "2025-08-20 18:02:15,374", "levelname": "INFO", "name": "AresTradingSystem.System.EnhancedTrainingManager", "message": "⏭️ Skipping Step 1.5: Data Converter (starting from 'step2_feature_engineering')", "correlation_id": "-", "session_id": "-", "timestamp": "2025-08-20T16:02:15.374320+00:00"}
{"asctime": "2025-08-20 18:02:15,374", "levelname": "INFO", "name": "AresTradingSystem.System.EnhancedTrainingManager", "message": "💓 Step 2: Feature Engineering", "correlation_id": "-", "session_id": "-", "timestamp": "2025-08-20T16:02:15.374374+00:00"}
{"asctime": "2025-08-20 18:02:15,374", "levelname": "INFO", "name": "AresTradingSystem.System.EnhancedTrainingManager", "message": "🔍 Validating dependencies for step2_feature_engineering", "correlation_id": "-", "session_id": "-", "timestamp": "2025-08-20T16:02:15.374431+00:00"}
{"asctime": "2025-08-20 18:02:15,374", "levelname": "INFO", "name": "AresTradingSystem.System.EnhancedTrainingManager", "message": "✅ Force rerun enabled for step2_feature_engineering, skipping dependency validation", "correlation_id": "-", "session_id": "-", "timestamp": "2025-08-20T16:02:15.374485+00:00"}
{"asctime": "2025-08-20 18:02:15,375", "levelname": "ERROR", "name": "AresTradingSystem.System.EnhancedTrainingManager", "message": "❌ Error in Step 2: cannot import name 'Step1_5DataConverter' from 'src.training.steps.step1_5_data_converter' (/Users/remyroche/Documents/Ares/src/training/steps/step1_5_data_converter.py)", "correlation_id": "-", "session_id": "-", "exc_info": "Traceback (most recent call last):\n  File \"/Users/remyroche/Documents/Ares/src/training/enhanced_training_manager.py\", line 2228, in _execute_comprehensive_pipeline\n    from src.training.steps import step2_feature_engineering\n  File \"/Users/remyroche/Documents/Ares/src/training/steps/step2_feature_engineering.py\", line 27, in <module>\n    from src.training.steps.unified_data_loader import get_unified_data_loader\n  File \"/Users/remyroche/Documents/Ares/src/training/steps/unified_data_loader.py\", line 32, in <module>\n    from src.training.steps.step1_5_data_converter import Step1_5DataConverter\nImportError: cannot import name 'Step1_5DataConverter' from 'src.training.steps.step1_5_data_converter' (/Users/remyroche/Documents/Ares/src/training/steps/step1_5_data_converter.py)", "timestamp": "2025-08-20T16:02:15.375881+00:00"}
{"asctime": "2025-08-20 18:02:15,483", "levelname": "INFO", "name": "AresTradingSystem.System.EnhancedTrainingManager", "message": "❌ Step 2: Feature Engineering: failed in 0.00s", "correlation_id": "-", "session_id": "-", "timestamp": "2025-08-20T16:02:15.483146+00:00"}
{"asctime": "2025-08-20 18:02:15,483", "levelname": "INFO", "name": "AresTradingSystem.System.EnhancedTrainingManager", "message": "💾 Process Memory: 761.8 MB | CPU: 0.0%", "correlation_id": "-", "session_id": "-", "timestamp": "2025-08-20T16:02:15.483325+00:00"}
{"asctime": "2025-08-20 18:02:15,483", "levelname": "INFO", "name": "AresTradingSystem.System.EnhancedTrainingManager", "message": "🖥️ System Memory: 65.5% | Available: 5.5 GB", "correlation_id": "-", "session_id": "-", "timestamp": "2025-08-20T16:02:15.483394+00:00"}
{"asctime": "2025-08-20 18:02:15,483", "levelname": "INFO", "name": "AresTradingSystem.System.EnhancedTrainingManager", "message": "📊 Progress: 6.2% (1/16)", "correlation_id": "-", "session_id": "-", "timestamp": "2025-08-20T16:02:15.483460+00:00"}
{"asctime": "2025-08-20 18:02:15,483", "levelname": "ERROR", "name": "AresTradingSystem.System.EnhancedTrainingManager", "message": "❌ Enhanced training pipeline failed", "correlation_id": "-", "session_id": "-", "timestamp": "2025-08-20T16:02:15.483522+00:00"}
{"asctime": "2025-08-20 18:02:15,483", "levelname": "INFO", "name": "AresTradingSystem.System.EnhancedTrainingManager", "message": "🧹 GPU memory cleared after training", "correlation_id": "-", "session_id": "-", "timestamp": "2025-08-20T16:02:15.483686+00:00"}
