{"asctime": "2025-08-19 10:22:26,219", "levelname": "INFO", "name": "AresGlobal", "message": "================================================================================", "correlation_id": "-", "session_id": "-", "timestamp": "2025-08-19T08:22:26.219753+00:00"}
{"asctime": "2025-08-19 10:22:26,219", "levelname": "INFO", "name": "AresGlobal", "message": "📊 SESSION SUMMARY", "correlation_id": "-", "session_id": "-", "timestamp": "2025-08-19T08:22:26.219886+00:00"}
{"asctime": "2025-08-19 10:22:26,219", "levelname": "INFO", "name": "AresGlobal", "message": "Session started: 2025-08-19 10:22:26", "correlation_id": "-", "session_id": "-", "timestamp": "2025-08-19T08:22:26.219993+00:00"}
{"asctime": "2025-08-19 10:22:26,220", "levelname": "INFO", "name": "AresGlobal", "message": "This file contains ALL logs for this session", "correlation_id": "-", "session_id": "-", "timestamp": "2025-08-19T08:22:26.220080+00:00"}
{"asctime": "2025-08-19 10:22:26,220", "levelname": "INFO", "name": "AresGlobal", "message": "================================================================================", "correlation_id": "-", "session_id": "-", "timestamp": "2025-08-19T08:22:26.220165+00:00"}
{"asctime": "2025-08-19 10:22:26,220", "levelname": "INFO", "name": "AresSystem", "message": "================================================================================", "correlation_id": "-", "session_id": "-", "timestamp": "2025-08-19T08:22:26.220280+00:00"}
{"asctime": "2025-08-19 10:22:26,220", "levelname": "INFO", "name": "AresGlobal", "message": "[SYSTEM] ================================================================================", "correlation_id": "-", "session_id": "-", "timestamp": "2025-08-19T08:22:26.220372+00:00"}
{"asctime": "2025-08-19 10:22:26,220", "levelname": "INFO", "name": "AresSystem", "message": "🚀 ARES LAUNCHER STARTED - Mode: INITIALIZATION", "correlation_id": "-", "session_id": "-", "timestamp": "2025-08-19T08:22:26.220463+00:00"}
{"asctime": "2025-08-19 10:22:26,220", "levelname": "INFO", "name": "AresGlobal", "message": "[SYSTEM] 🚀 ARES LAUNCHER STARTED - Mode: INITIALIZATION", "correlation_id": "-", "session_id": "-", "timestamp": "2025-08-19T08:22:26.220554+00:00"}
{"asctime": "2025-08-19 10:22:26,220", "levelname": "INFO", "name": "AresSystem", "message": "Start time: 2025-08-19 10:22:26", "correlation_id": "-", "session_id": "-", "timestamp": "2025-08-19T08:22:26.220649+00:00"}
{"asctime": "2025-08-19 10:22:26,220", "levelname": "INFO", "name": "AresGlobal", "message": "[SYSTEM] Start time: 2025-08-19 10:22:26", "correlation_id": "-", "session_id": "-", "timestamp": "2025-08-19T08:22:26.220730+00:00"}
{"asctime": "2025-08-19 10:22:26,220", "levelname": "INFO", "name": "AresSystem", "message": "Log directory: log", "correlation_id": "-", "session_id": "-", "timestamp": "2025-08-19T08:22:26.220812+00:00"}
{"asctime": "2025-08-19 10:22:26,220", "levelname": "INFO", "name": "AresGlobal", "message": "[SYSTEM] Log directory: log", "correlation_id": "-", "session_id": "-", "timestamp": "2025-08-19T08:22:26.220891+00:00"}
{"asctime": "2025-08-19 10:22:26,220", "levelname": "INFO", "name": "AresSystem", "message": "================================================================================", "correlation_id": "-", "session_id": "-", "timestamp": "2025-08-19T08:22:26.220971+00:00"}
{"asctime": "2025-08-19 10:22:26,221", "levelname": "INFO", "name": "AresGlobal", "message": "[SYSTEM] ================================================================================", "correlation_id": "-", "session_id": "-", "timestamp": "2025-08-19T08:22:26.221049+00:00"}
{"asctime": "2025-08-19 10:22:26,221", "levelname": "INFO", "name": "AresGlobal.AresLauncher", "message": "================================================================================", "correlation_id": "-", "session_id": "-", "timestamp": "2025-08-19T08:22:26.221128+00:00"}
{"asctime": "2025-08-19 10:22:26,221", "levelname": "INFO", "name": "AresGlobal.AresLauncher", "message": "🚀 ARES COMPREHENSIVE LAUNCHER", "correlation_id": "-", "session_id": "-", "timestamp": "2025-08-19T08:22:26.221206+00:00"}
{"asctime": "2025-08-19 10:22:26,221", "levelname": "INFO", "name": "AresGlobal.AresLauncher", "message": "================================================================================", "correlation_id": "-", "session_id": "-", "timestamp": "2025-08-19T08:22:26.221292+00:00"}
{"asctime": "2025-08-19 10:22:26,221", "levelname": "INFO", "name": "AresGlobal.AresLauncher", "message": "Start time: 2025-08-19 10:22:26", "correlation_id": "-", "session_id": "-", "timestamp": "2025-08-19T08:22:26.221374+00:00"}
{"asctime": "2025-08-19 10:22:26,221", "levelname": "INFO", "name": "AresGlobal.AresLauncher", "message": "Log directory: log", "correlation_id": "-", "session_id": "-", "timestamp": "2025-08-19T08:22:26.221451+00:00"}
{"asctime": "2025-08-19 10:22:26,221", "levelname": "INFO", "name": "AresGlobal.AresLauncher", "message": "Log level: INFO", "correlation_id": "-", "session_id": "-", "timestamp": "2025-08-19T08:22:26.221529+00:00"}
{"asctime": "2025-08-19 10:22:26,221", "levelname": "INFO", "name": "AresGlobal.AresLauncher", "message": "Global log file: ares_global_20250819_102226.log", "correlation_id": "-", "session_id": "-", "timestamp": "2025-08-19T08:22:26.221611+00:00"}
{"asctime": "2025-08-19 10:22:26,221", "levelname": "INFO", "name": "AresGlobal.AresLauncher", "message": "Full run log: log/ares_full_20250819_102226.log", "correlation_id": "-", "session_id": "-", "timestamp": "2025-08-19T08:22:26.221696+00:00"}
{"asctime": "2025-08-19 10:22:26,221", "levelname": "INFO", "name": "AresGlobal.AresLauncher", "message": "Trades log: log/ares_trades_20250819_102226.log", "correlation_id": "-", "session_id": "-", "timestamp": "2025-08-19T08:22:26.221773+00:00"}
{"asctime": "2025-08-19 10:22:26,221", "levelname": "INFO", "name": "AresGlobal.AresLauncher", "message": "Backtest log: log/ares_backtest_20250819_102226.log", "correlation_id": "-", "session_id": "-", "timestamp": "2025-08-19T08:22:26.221848+00:00"}
{"asctime": "2025-08-19 10:22:26,221", "levelname": "INFO", "name": "AresGlobal.AresLauncher", "message": "================================================================================", "correlation_id": "-", "session_id": "-", "timestamp": "2025-08-19T08:22:26.221924+00:00"}
{"asctime": "2025-08-19 10:22:26,222", "levelname": "INFO", "name": "AresTradingSystem.System.SignalHandler", "message": "Shutdown callback registered", "correlation_id": "-", "session_id": "-", "timestamp": "2025-08-19T08:22:26.222004+00:00"}
{"asctime": "2025-08-19 10:22:26,222", "levelname": "INFO", "name": "AresSystem", "message": "================================================================================", "correlation_id": "-", "session_id": "-", "timestamp": "2025-08-19T08:22:26.222091+00:00"}
{"asctime": "2025-08-19 10:22:26,222", "levelname": "INFO", "name": "AresGlobal", "message": "[SYSTEM] ================================================================================", "correlation_id": "-", "session_id": "-", "timestamp": "2025-08-19T08:22:26.222169+00:00"}
{"asctime": "2025-08-19 10:22:26,222", "levelname": "INFO", "name": "AresSystem", "message": "🚀 ARES LAUNCHER STARTED - Mode: blank - Symbol: ETHUSDT - Exchange: BINANCE", "correlation_id": "-", "session_id": "-", "timestamp": "2025-08-19T08:22:26.222246+00:00"}
{"asctime": "2025-08-19 10:22:26,222", "levelname": "INFO", "name": "AresGlobal", "message": "[SYSTEM] 🚀 ARES LAUNCHER STARTED - Mode: blank - Symbol: ETHUSDT - Exchange: BINANCE", "correlation_id": "-", "session_id": "-", "timestamp": "2025-08-19T08:22:26.222330+00:00"}
{"asctime": "2025-08-19 10:22:26,222", "levelname": "INFO", "name": "AresSystem", "message": "Start time: 2025-08-19 10:22:26", "correlation_id": "-", "session_id": "-", "timestamp": "2025-08-19T08:22:26.222416+00:00"}
{"asctime": "2025-08-19 10:22:26,222", "levelname": "INFO", "name": "AresGlobal", "message": "[SYSTEM] Start time: 2025-08-19 10:22:26", "correlation_id": "-", "session_id": "-", "timestamp": "2025-08-19T08:22:26.222492+00:00"}
{"asctime": "2025-08-19 10:22:26,222", "levelname": "INFO", "name": "AresSystem", "message": "Log directory: log", "correlation_id": "-", "session_id": "-", "timestamp": "2025-08-19T08:22:26.222569+00:00"}
{"asctime": "2025-08-19 10:22:26,222", "levelname": "INFO", "name": "AresGlobal", "message": "[SYSTEM] Log directory: log", "correlation_id": "-", "session_id": "-", "timestamp": "2025-08-19T08:22:26.222648+00:00"}
{"asctime": "2025-08-19 10:22:26,222", "levelname": "INFO", "name": "AresSystem", "message": "================================================================================", "correlation_id": "-", "session_id": "-", "timestamp": "2025-08-19T08:22:26.222724+00:00"}
{"asctime": "2025-08-19 10:22:26,222", "levelname": "INFO", "name": "AresGlobal", "message": "[SYSTEM] ================================================================================", "correlation_id": "-", "session_id": "-", "timestamp": "2025-08-19T08:22:26.222797+00:00"}
{"asctime": "2025-08-19 10:22:26,222", "levelname": "INFO", "name": "AresGlobal.AresLauncher", "message": "🚀 Running enhanced 16-step training pipeline for ETHUSDT on BINANCE", "correlation_id": "-", "session_id": "-", "timestamp": "2025-08-19T08:22:26.222895+00:00"}
{"asctime": "2025-08-19 10:22:26,223", "levelname": "INFO", "name": "AresGlobal.AresLauncher", "message": "Starting from step: step2_feature_engineering", "correlation_id": "-", "session_id": "-", "timestamp": "2025-08-19T08:22:26.223049+00:00"}
{"asctime": "2025-08-19 10:22:26,224", "levelname": "INFO", "name": "AresGlobal.AresLauncher", "message": "🧪 BLANK TRAINING MODE: Set BLANK_TRAINING_MODE=1 for step-based training", "correlation_id": "-", "session_id": "-", "timestamp": "2025-08-19T08:22:26.224098+00:00"}
{"asctime": "2025-08-19 10:22:26,224", "levelname": "INFO", "name": "AresGlobal.ProgressManager", "message": "Initialized ProgressManager for ETHUSDT on BINANCE", "correlation_id": "-", "session_id": "-", "timestamp": "2025-08-19T08:22:26.224294+00:00"}
{"asctime": "2025-08-19 10:22:26,224", "levelname": "INFO", "name": "AresGlobal.ProgressManager", "message": "Progress directory: data/training/progress/BINANCE_ETHUSDT", "correlation_id": "-", "session_id": "-", "timestamp": "2025-08-19T08:22:26.224394+00:00"}
{"asctime": "2025-08-19 10:22:26,224", "levelname": "INFO", "name": "AresGlobal.StepOrchestrator", "message": "Initialized StepOrchestrator for ETHUSDT on BINANCE", "correlation_id": "-", "session_id": "-", "timestamp": "2025-08-19T08:22:26.224479+00:00"}
{"asctime": "2025-08-19 10:22:26,224", "levelname": "INFO", "name": "AresGlobal.ProgressManager", "message": "🗑️  Cleared progress for step2_feature_engineering", "correlation_id": "-", "session_id": "-", "timestamp": "2025-08-19T08:22:26.224594+00:00"}
{"asctime": "2025-08-19 10:22:26,224", "levelname": "INFO", "name": "AresGlobal.AresLauncher", "message": "🧹 Cleared progress for 'step2_feature_engineering' (force)", "correlation_id": "-", "session_id": "-", "timestamp": "2025-08-19T08:22:26.224754+00:00"}
{"asctime": "2025-08-19 10:22:26,224", "levelname": "INFO", "name": "AresGlobal.ProgressManager", "message": "🗑️  Cleared progress for step3_hmm_regime_discovery", "correlation_id": "-", "session_id": "-", "timestamp": "2025-08-19T08:22:26.224909+00:00"}
{"asctime": "2025-08-19 10:22:26,225", "levelname": "INFO", "name": "AresGlobal.AresLauncher", "message": "🧹 Cleared progress for 'step3_hmm_regime_discovery' (force)", "correlation_id": "-", "session_id": "-", "timestamp": "2025-08-19T08:22:26.225013+00:00"}
{"asctime": "2025-08-19 10:22:26,225", "levelname": "INFO", "name": "AresGlobal.ProgressManager", "message": "🗑️  Cleared progress for step4_processing_labeling", "correlation_id": "-", "session_id": "-", "timestamp": "2025-08-19T08:22:26.225124+00:00"}
{"asctime": "2025-08-19 10:22:26,225", "levelname": "INFO", "name": "AresGlobal.AresLauncher", "message": "🧹 Cleared progress for 'step4_processing_labeling' (force)", "correlation_id": "-", "session_id": "-", "timestamp": "2025-08-19T08:22:26.225214+00:00"}
{"asctime": "2025-08-19 10:22:26,225", "levelname": "INFO", "name": "AresGlobal.ProgressManager", "message": "🗑️  Cleared progress for step5_regime_data_splitting", "correlation_id": "-", "session_id": "-", "timestamp": "2025-08-19T08:22:26.225315+00:00"}
{"asctime": "2025-08-19 10:22:26,225", "levelname": "INFO", "name": "AresGlobal.AresLauncher", "message": "🧹 Cleared progress for 'step5_regime_data_splitting' (force)", "correlation_id": "-", "session_id": "-", "timestamp": "2025-08-19T08:22:26.225425+00:00"}
{"asctime": "2025-08-19 10:22:26,225", "levelname": "INFO", "name": "AresGlobal.ProgressManager", "message": "🗑️  Cleared progress for step6_hmm_based_training", "correlation_id": "-", "session_id": "-", "timestamp": "2025-08-19T08:22:26.225528+00:00"}
{"asctime": "2025-08-19 10:22:26,225", "levelname": "INFO", "name": "AresGlobal.AresLauncher", "message": "🧹 Cleared progress for 'step6_hmm_based_training' (force)", "correlation_id": "-", "session_id": "-", "timestamp": "2025-08-19T08:22:26.225612+00:00"}
{"asctime": "2025-08-19 10:22:26,225", "levelname": "INFO", "name": "AresGlobal.ProgressManager", "message": "🗑️  Cleared progress for step6_5_unified_regime_intelligence", "correlation_id": "-", "session_id": "-", "timestamp": "2025-08-19T08:22:26.225709+00:00"}
{"asctime": "2025-08-19 10:22:26,225", "levelname": "INFO", "name": "AresGlobal.AresLauncher", "message": "🧹 Cleared progress for 'step6_5_unified_regime_intelligence' (force)", "correlation_id": "-", "session_id": "-", "timestamp": "2025-08-19T08:22:26.225790+00:00"}
{"asctime": "2025-08-19 10:22:26,225", "levelname": "INFO", "name": "AresGlobal.ProgressManager", "message": "🗑️  Cleared progress for step7_analyst_enhancement", "correlation_id": "-", "session_id": "-", "timestamp": "2025-08-19T08:22:26.225888+00:00"}
{"asctime": "2025-08-19 10:22:26,225", "levelname": "INFO", "name": "AresGlobal.AresLauncher", "message": "🧹 Cleared progress for 'step7_analyst_enhancement' (force)", "correlation_id": "-", "session_id": "-", "timestamp": "2025-08-19T08:22:26.225967+00:00"}
{"asctime": "2025-08-19 10:22:26,226", "levelname": "INFO", "name": "AresGlobal.ProgressManager", "message": "🗑️  Cleared progress for step8_tactician_labeling", "correlation_id": "-", "session_id": "-", "timestamp": "2025-08-19T08:22:26.226063+00:00"}
{"asctime": "2025-08-19 10:22:26,226", "levelname": "INFO", "name": "AresGlobal.AresLauncher", "message": "🧹 Cleared progress for 'step8_tactician_labeling' (force)", "correlation_id": "-", "session_id": "-", "timestamp": "2025-08-19T08:22:26.226142+00:00"}
{"asctime": "2025-08-19 10:22:26,226", "levelname": "INFO", "name": "AresGlobal.ProgressManager", "message": "🗑️  Cleared progress for step9_tactician_specialist_training", "correlation_id": "-", "session_id": "-", "timestamp": "2025-08-19T08:22:26.226238+00:00"}
{"asctime": "2025-08-19 10:22:26,226", "levelname": "INFO", "name": "AresGlobal.AresLauncher", "message": "🧹 Cleared progress for 'step9_tactician_specialist_training' (force)", "correlation_id": "-", "session_id": "-", "timestamp": "2025-08-19T08:22:26.226324+00:00"}
{"asctime": "2025-08-19 10:22:26,226", "levelname": "INFO", "name": "AresGlobal.ProgressManager", "message": "🗑️  Cleared progress for step10_confidence_calibration", "correlation_id": "-", "session_id": "-", "timestamp": "2025-08-19T08:22:26.226422+00:00"}
{"asctime": "2025-08-19 10:22:26,226", "levelname": "INFO", "name": "AresGlobal.AresLauncher", "message": "🧹 Cleared progress for 'step10_confidence_calibration' (force)", "correlation_id": "-", "session_id": "-", "timestamp": "2025-08-19T08:22:26.226504+00:00"}
{"asctime": "2025-08-19 10:22:26,226", "levelname": "INFO", "name": "AresGlobal.ProgressManager", "message": "🗑️  Cleared progress for step11_final_parameters_optimization", "correlation_id": "-", "session_id": "-", "timestamp": "2025-08-19T08:22:26.226599+00:00"}
{"asctime": "2025-08-19 10:22:26,226", "levelname": "INFO", "name": "AresGlobal.AresLauncher", "message": "🧹 Cleared progress for 'step11_final_parameters_optimization' (force)", "correlation_id": "-", "session_id": "-", "timestamp": "2025-08-19T08:22:26.226679+00:00"}
{"asctime": "2025-08-19 10:22:26,226", "levelname": "INFO", "name": "AresGlobal.ProgressManager", "message": "🗑️  Cleared progress for step12_walk_forward_validation", "correlation_id": "-", "session_id": "-", "timestamp": "2025-08-19T08:22:26.226781+00:00"}
{"asctime": "2025-08-19 10:22:26,226", "levelname": "INFO", "name": "AresGlobal.AresLauncher", "message": "🧹 Cleared progress for 'step12_walk_forward_validation' (force)", "correlation_id": "-", "session_id": "-", "timestamp": "2025-08-19T08:22:26.226933+00:00"}
{"asctime": "2025-08-19 10:22:26,227", "levelname": "INFO", "name": "AresGlobal.ProgressManager", "message": "🗑️  Cleared progress for step13_monte_carlo_validation", "correlation_id": "-", "session_id": "-", "timestamp": "2025-08-19T08:22:26.227302+00:00"}
{"asctime": "2025-08-19 10:22:26,227", "levelname": "INFO", "name": "AresGlobal.AresLauncher", "message": "🧹 Cleared progress for 'step13_monte_carlo_validation' (force)", "correlation_id": "-", "session_id": "-", "timestamp": "2025-08-19T08:22:26.227410+00:00"}
{"asctime": "2025-08-19 10:22:26,227", "levelname": "INFO", "name": "AresGlobal.ProgressManager", "message": "🗑️  Cleared progress for step14_ab_testing", "correlation_id": "-", "session_id": "-", "timestamp": "2025-08-19T08:22:26.227546+00:00"}
{"asctime": "2025-08-19 10:22:26,227", "levelname": "INFO", "name": "AresGlobal.AresLauncher", "message": "🧹 Cleared progress for 'step14_ab_testing' (force)", "correlation_id": "-", "session_id": "-", "timestamp": "2025-08-19T08:22:26.227689+00:00"}
{"asctime": "2025-08-19 10:22:26,228", "levelname": "INFO", "name": "AresGlobal.ProgressManager", "message": "🗑️  Cleared progress for step15_saving", "correlation_id": "-", "session_id": "-", "timestamp": "2025-08-19T08:22:26.228042+00:00"}
{"asctime": "2025-08-19 10:22:26,228", "levelname": "INFO", "name": "AresGlobal.AresLauncher", "message": "🧹 Cleared progress for 'step15_saving' (force)", "correlation_id": "-", "session_id": "-", "timestamp": "2025-08-19T08:22:26.228151+00:00"}
{"asctime": "2025-08-19 10:22:26,228", "levelname": "INFO", "name": "AresGlobal.AresLauncher", "message": "✅ Cleared progress for 15 steps: ['step2_feature_engineering', 'step3_hmm_regime_discovery', 'step4_processing_labeling', 'step5_regime_data_splitting', 'step6_hmm_based_training', 'step6_5_unified_regime_intelligence', 'step7_analyst_enhancement', 'step8_tactician_labeling', 'step9_tactician_specialist_training', 'step10_confidence_calibration', 'step11_final_parameters_optimization', 'step12_walk_forward_validation', 'step13_monte_carlo_validation', 'step14_ab_testing', 'step15_saving']", "correlation_id": "-", "session_id": "-", "timestamp": "2025-08-19T08:22:26.228247+00:00"}
{"asctime": "2025-08-19 10:22:26,228", "levelname": "DEBUG", "name": "asyncio", "message": "Using selector: KqueueSelector", "correlation_id": "-", "session_id": "-", "timestamp": "2025-08-19T08:22:26.228720+00:00"}
{"asctime": "2025-08-19 10:22:26,229", "levelname": "INFO", "name": "AresGlobal.StepOrchestrator", "message": "🚀 Starting execution from step: step2_feature_engineering", "correlation_id": "-", "session_id": "-", "timestamp": "2025-08-19T08:22:26.229022+00:00"}
{"asctime": "2025-08-19 10:22:26,284", "levelname": "INFO", "name": "src.utils.prometheus_metrics", "message": "Prometheus metrics server started on port 9000", "correlation_id": "-", "session_id": "-", "timestamp": "2025-08-19T08:22:26.284365+00:00"}
{"asctime": "2025-08-19 10:22:27,490", "levelname": "DEBUG", "name": "matplotlib", "message": "matplotlib data path: /opt/homebrew/Caskroom/miniforge/base/lib/python3.12/site-packages/matplotlib/mpl-data", "correlation_id": "-", "session_id": "-", "timestamp": "2025-08-19T08:22:27.490976+00:00"}
{"asctime": "2025-08-19 10:22:27,494", "levelname": "DEBUG", "name": "matplotlib", "message": "CONFIGDIR=/Users/remyroche/.matplotlib", "correlation_id": "-", "session_id": "-", "timestamp": "2025-08-19T08:22:27.494585+00:00"}
{"asctime": "2025-08-19 10:22:27,495", "levelname": "DEBUG", "name": "matplotlib", "message": "interactive is False", "correlation_id": "-", "session_id": "-", "timestamp": "2025-08-19T08:22:27.495475+00:00"}
{"asctime": "2025-08-19 10:22:27,495", "levelname": "DEBUG", "name": "matplotlib", "message": "platform is darwin", "correlation_id": "-", "session_id": "-", "timestamp": "2025-08-19T08:22:27.495653+00:00"}
{"asctime": "2025-08-19 10:22:27,507", "levelname": "DEBUG", "name": "graphviz._tools", "message": "deprecate positional args: graphviz.backend.piping.pipe(['renderer', 'formatter', 'neato_no_op', 'quiet'])", "correlation_id": "-", "session_id": "-", "timestamp": "2025-08-19T08:22:27.507598+00:00"}
{"asctime": "2025-08-19 10:22:27,508", "levelname": "DEBUG", "name": "graphviz._tools", "message": "deprecate positional args: graphviz.backend.rendering.render(['renderer', 'formatter', 'neato_no_op', 'quiet'])", "correlation_id": "-", "session_id": "-", "timestamp": "2025-08-19T08:22:27.508097+00:00"}
{"asctime": "2025-08-19 10:22:27,508", "levelname": "DEBUG", "name": "graphviz._tools", "message": "deprecate positional args: graphviz.backend.unflattening.unflatten(['stagger', 'fanout', 'chain', 'encoding'])", "correlation_id": "-", "session_id": "-", "timestamp": "2025-08-19T08:22:27.508411+00:00"}
{"asctime": "2025-08-19 10:22:27,509", "levelname": "DEBUG", "name": "graphviz._tools", "message": "deprecate positional args: graphviz.backend.viewing.view(['quiet'])", "correlation_id": "-", "session_id": "-", "timestamp": "2025-08-19T08:22:27.509161+00:00"}
{"asctime": "2025-08-19 10:22:27,511", "levelname": "DEBUG", "name": "graphviz._tools", "message": "deprecate positional args: graphviz.quoting.quote(['is_html_string', 'is_valid_id', 'dot_keywords', 'endswith_odd_number_of_backslashes', 'escape_unescaped_quotes'])", "correlation_id": "-", "session_id": "-", "timestamp": "2025-08-19T08:22:27.511292+00:00"}
{"asctime": "2025-08-19 10:22:27,511", "levelname": "DEBUG", "name": "graphviz._tools", "message": "deprecate positional args: graphviz.quoting.a_list(['kwargs', 'attributes'])", "correlation_id": "-", "session_id": "-", "timestamp": "2025-08-19T08:22:27.511496+00:00"}
{"asctime": "2025-08-19 10:22:27,511", "levelname": "DEBUG", "name": "graphviz._tools", "message": "deprecate positional args: graphviz.quoting.attr_list(['kwargs', 'attributes'])", "correlation_id": "-", "session_id": "-", "timestamp": "2025-08-19T08:22:27.511575+00:00"}
{"asctime": "2025-08-19 10:22:27,511", "levelname": "DEBUG", "name": "graphviz._tools", "message": "deprecate positional args: graphviz.dot.Dot.clear(['self', 'keep_attrs'])", "correlation_id": "-", "session_id": "-", "timestamp": "2025-08-19T08:22:27.511726+00:00"}
{"asctime": "2025-08-19 10:22:27,511", "levelname": "DEBUG", "name": "graphviz._tools", "message": "deprecate positional args: graphviz.dot.Dot.__iter__(['self', 'subgraph'])", "correlation_id": "-", "session_id": "-", "timestamp": "2025-08-19T08:22:27.511789+00:00"}
{"asctime": "2025-08-19 10:22:27,511", "levelname": "DEBUG", "name": "graphviz._tools", "message": "deprecate positional args: graphviz.dot.Dot.node(['label', '_attributes'])", "correlation_id": "-", "session_id": "-", "timestamp": "2025-08-19T08:22:27.511847+00:00"}
{"asctime": "2025-08-19 10:22:27,511", "levelname": "DEBUG", "name": "graphviz._tools", "message": "deprecate positional args: graphviz.dot.Dot.edge(['label', '_attributes'])", "correlation_id": "-", "session_id": "-", "timestamp": "2025-08-19T08:22:27.511902+00:00"}
{"asctime": "2025-08-19 10:22:27,511", "levelname": "DEBUG", "name": "graphviz._tools", "message": "deprecate positional args: graphviz.dot.Dot.attr(['kw', '_attributes'])", "correlation_id": "-", "session_id": "-", "timestamp": "2025-08-19T08:22:27.511952+00:00"}
{"asctime": "2025-08-19 10:22:27,512", "levelname": "DEBUG", "name": "graphviz._tools", "message": "deprecate positional args: graphviz.dot.Dot.subgraph(['graph', 'name', 'comment', 'graph_attr', 'node_attr', 'edge_attr', 'body'])", "correlation_id": "-", "session_id": "-", "timestamp": "2025-08-19T08:22:27.512005+00:00"}
{"asctime": "2025-08-19 10:22:27,512", "levelname": "DEBUG", "name": "graphviz._tools", "message": "deprecate positional args: graphviz.piping.Pipe._pipe_legacy(['format', 'renderer', 'formatter', 'neato_no_op', 'quiet'])", "correlation_id": "-", "session_id": "-", "timestamp": "2025-08-19T08:22:27.512888+00:00"}
{"asctime": "2025-08-19 10:22:27,513", "levelname": "DEBUG", "name": "graphviz._tools", "message": "deprecate positional args: graphviz.saving.Save.save(['filename', 'directory'])", "correlation_id": "-", "session_id": "-", "timestamp": "2025-08-19T08:22:27.513658+00:00"}
{"asctime": "2025-08-19 10:22:27,513", "levelname": "DEBUG", "name": "graphviz._tools", "message": "deprecate positional args: graphviz.rendering.Render.render(['filename', 'directory', 'view', 'cleanup', 'format', 'renderer', 'formatter', 'neato_no_op', 'quiet', 'quiet_view'])", "correlation_id": "-", "session_id": "-", "timestamp": "2025-08-19T08:22:27.513841+00:00"}
{"asctime": "2025-08-19 10:22:27,513", "levelname": "DEBUG", "name": "graphviz._tools", "message": "deprecate positional args: graphviz.rendering.Render.view(['filename', 'directory', 'cleanup', 'quiet', 'quiet_view'])", "correlation_id": "-", "session_id": "-", "timestamp": "2025-08-19T08:22:27.513919+00:00"}
{"asctime": "2025-08-19 10:22:27,514", "levelname": "DEBUG", "name": "graphviz._tools", "message": "deprecate positional args: graphviz.unflattening.Unflatten.unflatten(['self', 'stagger', 'fanout', 'chain'])", "correlation_id": "-", "session_id": "-", "timestamp": "2025-08-19T08:22:27.514206+00:00"}
{"asctime": "2025-08-19 10:22:27,514", "levelname": "DEBUG", "name": "graphviz._tools", "message": "deprecate positional args: graphviz.graphs.BaseGraph.__init__(['name', 'comment', 'filename', 'directory', 'format', 'engine', 'encoding', 'graph_attr', 'node_attr', 'edge_attr', 'body', 'strict'])", "correlation_id": "-", "session_id": "-", "timestamp": "2025-08-19T08:22:27.514353+00:00"}
{"asctime": "2025-08-19 10:22:27,514", "levelname": "DEBUG", "name": "graphviz._tools", "message": "deprecate positional args: graphviz.sources.Source.from_file(['filename', 'directory', 'format', 'engine', 'encoding', 'renderer', 'formatter'])", "correlation_id": "-", "session_id": "-", "timestamp": "2025-08-19T08:22:27.514724+00:00"}
{"asctime": "2025-08-19 10:22:27,514", "levelname": "DEBUG", "name": "graphviz._tools", "message": "deprecate positional args: graphviz.sources.Source.__init__(['source', 'filename', 'directory', 'format', 'engine', 'encoding'])", "correlation_id": "-", "session_id": "-", "timestamp": "2025-08-19T08:22:27.514823+00:00"}
{"asctime": "2025-08-19 10:22:27,514", "levelname": "DEBUG", "name": "graphviz._tools", "message": "deprecate positional args: graphviz.sources.Source.save(['filename', 'directory'])", "correlation_id": "-", "session_id": "-", "timestamp": "2025-08-19T08:22:27.514888+00:00"}
{"asctime": "2025-08-19 10:22:27,983", "levelname": "DEBUG", "name": "matplotlib", "message": "CACHEDIR=/Users/remyroche/.matplotlib", "correlation_id": "-", "session_id": "-", "timestamp": "2025-08-19T08:22:27.983611+00:00"}
{"asctime": "2025-08-19 10:22:27,985", "levelname": "DEBUG", "name": "matplotlib.font_manager", "message": "Using fontManager instance from /Users/remyroche/.matplotlib/fontlist-v390.json", "correlation_id": "-", "session_id": "-", "timestamp": "2025-08-19T08:22:27.985375+00:00"}
{"asctime": "2025-08-19 10:22:28,441", "levelname": "ERROR", "name": "AresGlobal.StepOrchestrator", "message": "Failed to setup enhanced training manager: 'await' outside async function (step6_hmm_based_training.py, line 322)", "correlation_id": "-", "session_id": "-", "exc_info": "Traceback (most recent call last):\n  File \"/Users/remyroche/Documents/Ares/src/training/step_orchestrator.py\", line 74, in _setup_enhanced_training_manager\n    from src.training.enhanced_training_manager import (\n  File \"/Users/remyroche/Documents/Ares/src/training/enhanced_training_manager.py\", line 41, in <module>\n    from src.training.steps.raw_data_quality_checker import auto_fix_data_quality_issues\n  File \"/Users/remyroche/Documents/Ares/src/training/steps/__init__.py\", line 40, in <module>\n    from .step6_hmm_based_training import HMMBasedTrainingStep\n  File \"/Users/remyroche/Documents/Ares/src/training/steps/step6_hmm_based_training.py\", line 322\n    optimization_results, optimized_features = await self.enhanced_lm_optimizer.optimize_lm_model(\n                                               \nSyntaxError: 'await' outside async function", "timestamp": "2025-08-19T08:22:28.441930+00:00"}
{"asctime": "2025-08-19 10:22:28,444", "levelname": "INFO", "name": "AresGlobal.StepOrchestrator", "message": "\u001b[91m\u001b[1m❌\u001b[0m \u001b[91m\u001b[1mFailed to setup enhanced training manager: 'await' outside async function (step6_hmm_based_training.py, line 322)\u001b[0m", "correlation_id": "-", "session_id": "-", "timestamp": "2025-08-19T08:22:28.444184+00:00"}
{"asctime": "2025-08-19 10:22:28,444", "levelname": "ERROR", "name": "AresGlobal.AresLauncher", "message": "❌ Step-based training pipeline failed", "correlation_id": "-", "session_id": "-", "timestamp": "2025-08-19T08:22:28.444680+00:00"}
{"asctime": "2025-08-19 10:22:28,444", "levelname": "INFO", "name": "AresSystem", "message": "================================================================================", "correlation_id": "-", "session_id": "-", "timestamp": "2025-08-19T08:22:28.444896+00:00"}
{"asctime": "2025-08-19 10:22:28,445", "levelname": "INFO", "name": "AresGlobal", "message": "[SYSTEM] ================================================================================", "correlation_id": "-", "session_id": "-", "timestamp": "2025-08-19T08:22:28.445017+00:00"}
{"asctime": "2025-08-19 10:22:28,445", "levelname": "INFO", "name": "AresSystem", "message": "🛑 ARES LAUNCHER ENDED - Exit code: 1", "correlation_id": "-", "session_id": "-", "timestamp": "2025-08-19T08:22:28.445225+00:00"}
{"asctime": "2025-08-19 10:22:28,445", "levelname": "INFO", "name": "AresGlobal", "message": "[SYSTEM] 🛑 ARES LAUNCHER ENDED - Exit code: 1", "correlation_id": "-", "session_id": "-", "timestamp": "2025-08-19T08:22:28.445326+00:00"}
{"asctime": "2025-08-19 10:22:28,445", "levelname": "INFO", "name": "AresSystem", "message": "End time: 2025-08-19 10:22:28", "correlation_id": "-", "session_id": "-", "timestamp": "2025-08-19T08:22:28.445438+00:00"}
{"asctime": "2025-08-19 10:22:28,445", "levelname": "INFO", "name": "AresGlobal", "message": "[SYSTEM] End time: 2025-08-19 10:22:28", "correlation_id": "-", "session_id": "-", "timestamp": "2025-08-19T08:22:28.445528+00:00"}
{"asctime": "2025-08-19 10:22:28,445", "levelname": "INFO", "name": "AresSystem", "message": "================================================================================", "correlation_id": "-", "session_id": "-", "timestamp": "2025-08-19T08:22:28.445615+00:00"}
{"asctime": "2025-08-19 10:22:28,445", "levelname": "INFO", "name": "AresGlobal", "message": "[SYSTEM] ================================================================================", "correlation_id": "-", "session_id": "-", "timestamp": "2025-08-19T08:22:28.445698+00:00"}
{"asctime": "2025-08-19 10:22:28,445", "levelname": "INFO", "name": "AresGlobal.AresLauncher", "message": "🧹 Cleaning up processes...", "correlation_id": "-", "session_id": "-", "timestamp": "2025-08-19T08:22:28.445784+00:00"}
{"asctime": "2025-08-19 10:22:28,445", "levelname": "INFO", "name": "AresGlobal.AresLauncher", "message": "✅ Cleanup completed", "correlation_id": "-", "session_id": "-", "timestamp": "2025-08-19T08:22:28.445874+00:00"}
