{"asctime": "2025-08-22 23:29:16,412", "levelname": "INFO", "name": "AresGlobal", "message": "================================================================================", "correlation_id": "-", "session_id": "-", "timestamp": "2025-08-22T21:29:16.412761+00:00"}
{"asctime": "2025-08-22 23:29:16,412", "levelname": "INFO", "name": "AresGlobal", "message": "📊 SESSION SUMMARY", "correlation_id": "-", "session_id": "-", "timestamp": "2025-08-22T21:29:16.412954+00:00"}
{"asctime": "2025-08-22 23:29:16,413", "levelname": "INFO", "name": "AresGlobal", "message": "Session started: 2025-08-22 23:29:16", "correlation_id": "-", "session_id": "-", "timestamp": "2025-08-22T21:29:16.413111+00:00"}
{"asctime": "2025-08-22 23:29:16,413", "levelname": "INFO", "name": "AresGlobal", "message": "This file contains ALL logs for this session", "correlation_id": "-", "session_id": "-", "timestamp": "2025-08-22T21:29:16.413238+00:00"}
{"asctime": "2025-08-22 23:29:16,413", "levelname": "INFO", "name": "AresGlobal", "message": "================================================================================", "correlation_id": "-", "session_id": "-", "timestamp": "2025-08-22T21:29:16.413360+00:00"}
{"asctime": "2025-08-22 23:29:16,413", "levelname": "INFO", "name": "AresGlobal", "message": "[SYSTEM] ================================================================================", "correlation_id": "-", "session_id": "-", "timestamp": "2025-08-22T21:29:16.413672+00:00"}
{"asctime": "2025-08-22 23:29:16,413", "levelname": "INFO", "name": "AresGlobal", "message": "[SYSTEM] 🚀 ARES LAUNCHER STARTED - Mode: INITIALIZATION", "correlation_id": "-", "session_id": "-", "timestamp": "2025-08-22T21:29:16.413933+00:00"}
{"asctime": "2025-08-22 23:29:16,414", "levelname": "INFO", "name": "AresGlobal", "message": "[SYSTEM] Start time: 2025-08-22 23:29:16", "correlation_id": "-", "session_id": "-", "timestamp": "2025-08-22T21:29:16.414191+00:00"}
{"asctime": "2025-08-22 23:29:16,414", "levelname": "INFO", "name": "AresGlobal", "message": "[SYSTEM] Log directory: log", "correlation_id": "-", "session_id": "-", "timestamp": "2025-08-22T21:29:16.414431+00:00"}
{"asctime": "2025-08-22 23:29:16,414", "levelname": "INFO", "name": "AresGlobal", "message": "[SYSTEM] ================================================================================", "correlation_id": "-", "session_id": "-", "timestamp": "2025-08-22T21:29:16.414670+00:00"}
{"asctime": "2025-08-22 23:29:16,414", "levelname": "INFO", "name": "AresGlobal.AresLauncher", "message": "================================================================================", "correlation_id": "-", "session_id": "-", "timestamp": "2025-08-22T21:29:16.414790+00:00"}
{"asctime": "2025-08-22 23:29:16,414", "levelname": "INFO", "name": "AresGlobal.AresLauncher", "message": "🚀 ARES COMPREHENSIVE LAUNCHER", "correlation_id": "-", "session_id": "-", "timestamp": "2025-08-22T21:29:16.414910+00:00"}
{"asctime": "2025-08-22 23:29:16,415", "levelname": "INFO", "name": "AresGlobal.AresLauncher", "message": "================================================================================", "correlation_id": "-", "session_id": "-", "timestamp": "2025-08-22T21:29:16.415041+00:00"}
{"asctime": "2025-08-22 23:29:16,415", "levelname": "INFO", "name": "AresGlobal.AresLauncher", "message": "Start time: 2025-08-22 23:29:16", "correlation_id": "-", "session_id": "-", "timestamp": "2025-08-22T21:29:16.415169+00:00"}
{"asctime": "2025-08-22 23:29:16,415", "levelname": "INFO", "name": "AresGlobal.AresLauncher", "message": "Log directory: log", "correlation_id": "-", "session_id": "-", "timestamp": "2025-08-22T21:29:16.415289+00:00"}
{"asctime": "2025-08-22 23:29:16,415", "levelname": "INFO", "name": "AresGlobal.AresLauncher", "message": "Log level: INFO", "correlation_id": "-", "session_id": "-", "timestamp": "2025-08-22T21:29:16.415412+00:00"}
{"asctime": "2025-08-22 23:29:16,415", "levelname": "INFO", "name": "AresGlobal.AresLauncher", "message": "Global log file: ares_global_20250822_232916.log", "correlation_id": "-", "session_id": "-", "timestamp": "2025-08-22T21:29:16.415537+00:00"}
{"asctime": "2025-08-22 23:29:16,415", "levelname": "INFO", "name": "AresGlobal.AresLauncher", "message": "Full run log: log/ares_full_20250822_232916.log", "correlation_id": "-", "session_id": "-", "timestamp": "2025-08-22T21:29:16.415667+00:00"}
{"asctime": "2025-08-22 23:29:16,416", "levelname": "INFO", "name": "AresGlobal.AresLauncher", "message": "Trades log: log/ares_trades_20250822_232916.log", "correlation_id": "-", "session_id": "-", "timestamp": "2025-08-22T21:29:16.416059+00:00"}
{"asctime": "2025-08-22 23:29:16,416", "levelname": "INFO", "name": "AresGlobal.AresLauncher", "message": "Backtest log: log/ares_backtest_20250822_232916.log", "correlation_id": "-", "session_id": "-", "timestamp": "2025-08-22T21:29:16.416215+00:00"}
{"asctime": "2025-08-22 23:29:16,416", "levelname": "INFO", "name": "AresGlobal.AresLauncher", "message": "================================================================================", "correlation_id": "-", "session_id": "-", "timestamp": "2025-08-22T21:29:16.416354+00:00"}
{"asctime": "2025-08-22 23:29:16,416", "levelname": "INFO", "name": "AresGlobal", "message": "[SYSTEM] ================================================================================", "correlation_id": "-", "session_id": "-", "timestamp": "2025-08-22T21:29:16.416843+00:00"}
{"asctime": "2025-08-22 23:29:16,417", "levelname": "INFO", "name": "AresGlobal", "message": "[SYSTEM] 🚀 ARES LAUNCHER STARTED - Mode: blank - Symbol: ETHUSDT - Exchange: BINANCE", "correlation_id": "-", "session_id": "-", "timestamp": "2025-08-22T21:29:16.417143+00:00"}
{"asctime": "2025-08-22 23:29:16,417", "levelname": "INFO", "name": "AresGlobal", "message": "[SYSTEM] Start time: 2025-08-22 23:29:16", "correlation_id": "-", "session_id": "-", "timestamp": "2025-08-22T21:29:16.417419+00:00"}
{"asctime": "2025-08-22 23:29:16,417", "levelname": "INFO", "name": "AresGlobal", "message": "[SYSTEM] Log directory: log", "correlation_id": "-", "session_id": "-", "timestamp": "2025-08-22T21:29:16.417703+00:00"}
{"asctime": "2025-08-22 23:29:16,418", "levelname": "INFO", "name": "AresGlobal", "message": "[SYSTEM] ================================================================================", "correlation_id": "-", "session_id": "-", "timestamp": "2025-08-22T21:29:16.418061+00:00"}
{"asctime": "2025-08-22 23:29:16,418", "levelname": "INFO", "name": "AresGlobal.AresLauncher", "message": "🚀 Running enhanced 16-step training pipeline for ETHUSDT on BINANCE", "correlation_id": "-", "session_id": "-", "timestamp": "2025-08-22T21:29:16.418426+00:00"}
{"asctime": "2025-08-22 23:29:16,419", "levelname": "INFO", "name": "AresGlobal.AresLauncher", "message": "Starting from step: step1_5_data_converter", "correlation_id": "-", "session_id": "-", "timestamp": "2025-08-22T21:29:16.419448+00:00"}
{"asctime": "2025-08-22 23:29:16,424", "levelname": "INFO", "name": "AresGlobal.AresLauncher", "message": "🧪 BLANK TRAINING MODE: Set BLANK_TRAINING_MODE=1 for step-based training", "correlation_id": "-", "session_id": "-", "timestamp": "2025-08-22T21:29:16.424246+00:00"}
{"asctime": "2025-08-22 23:29:16,424", "levelname": "INFO", "name": "AresGlobal.ProgressManager", "message": "Initialized ProgressManager for ETHUSDT on BINANCE", "correlation_id": "-", "session_id": "-", "timestamp": "2025-08-22T21:29:16.424950+00:00"}
{"asctime": "2025-08-22 23:29:16,425", "levelname": "INFO", "name": "AresGlobal.ProgressManager", "message": "Progress directory: data/training/progress/BINANCE_ETHUSDT", "correlation_id": "-", "session_id": "-", "timestamp": "2025-08-22T21:29:16.425784+00:00"}
{"asctime": "2025-08-22 23:29:16,426", "levelname": "INFO", "name": "AresGlobal.StepOrchestrator", "message": "Initialized StepOrchestrator for ETHUSDT on BINANCE", "correlation_id": "-", "session_id": "-", "timestamp": "2025-08-22T21:29:16.426366+00:00"}
{"asctime": "2025-08-22 23:29:16,427", "levelname": "INFO", "name": "AresGlobal.ProgressManager", "message": "🗑️  Cleared progress for step1_5_data_converter", "correlation_id": "-", "session_id": "-", "timestamp": "2025-08-22T21:29:16.427599+00:00"}
{"asctime": "2025-08-22 23:29:16,428", "levelname": "INFO", "name": "AresGlobal.AresLauncher", "message": "🧹 Cleared progress for 'step1_5_data_converter' (force)", "correlation_id": "-", "session_id": "-", "timestamp": "2025-08-22T21:29:16.428121+00:00"}
{"asctime": "2025-08-22 23:29:16,429", "levelname": "INFO", "name": "AresGlobal.ProgressManager", "message": "🗑️  Cleared progress for step2_feature_engineering", "correlation_id": "-", "session_id": "-", "timestamp": "2025-08-22T21:29:16.429420+00:00"}
{"asctime": "2025-08-22 23:29:16,430", "levelname": "INFO", "name": "AresGlobal.AresLauncher", "message": "🧹 Cleared progress for 'step2_feature_engineering' (force)", "correlation_id": "-", "session_id": "-", "timestamp": "2025-08-22T21:29:16.430183+00:00"}
{"asctime": "2025-08-22 23:29:16,430", "levelname": "INFO", "name": "AresGlobal.ProgressManager", "message": "🗑️  Cleared progress for step3_hmm_regime_discovery", "correlation_id": "-", "session_id": "-", "timestamp": "2025-08-22T21:29:16.430639+00:00"}
{"asctime": "2025-08-22 23:29:16,431", "levelname": "INFO", "name": "AresGlobal.AresLauncher", "message": "🧹 Cleared progress for 'step3_hmm_regime_discovery' (force)", "correlation_id": "-", "session_id": "-", "timestamp": "2025-08-22T21:29:16.431154+00:00"}
{"asctime": "2025-08-22 23:29:16,431", "levelname": "INFO", "name": "AresGlobal.ProgressManager", "message": "🗑️  Cleared progress for step4_processing_labeling", "correlation_id": "-", "session_id": "-", "timestamp": "2025-08-22T21:29:16.431924+00:00"}
{"asctime": "2025-08-22 23:29:16,432", "levelname": "INFO", "name": "AresGlobal.AresLauncher", "message": "🧹 Cleared progress for 'step4_processing_labeling' (force)", "correlation_id": "-", "session_id": "-", "timestamp": "2025-08-22T21:29:16.432576+00:00"}
{"asctime": "2025-08-22 23:29:16,433", "levelname": "INFO", "name": "AresGlobal.ProgressManager", "message": "🗑️  Cleared progress for step5_regime_data_splitting", "correlation_id": "-", "session_id": "-", "timestamp": "2025-08-22T21:29:16.433119+00:00"}
{"asctime": "2025-08-22 23:29:16,433", "levelname": "INFO", "name": "AresGlobal.AresLauncher", "message": "🧹 Cleared progress for 'step5_regime_data_splitting' (force)", "correlation_id": "-", "session_id": "-", "timestamp": "2025-08-22T21:29:16.433577+00:00"}
{"asctime": "2025-08-22 23:29:16,433", "levelname": "INFO", "name": "AresGlobal.ProgressManager", "message": "🗑️  Cleared progress for step6_hmm_based_training", "correlation_id": "-", "session_id": "-", "timestamp": "2025-08-22T21:29:16.433988+00:00"}
{"asctime": "2025-08-22 23:29:16,434", "levelname": "INFO", "name": "AresGlobal.AresLauncher", "message": "🧹 Cleared progress for 'step6_hmm_based_training' (force)", "correlation_id": "-", "session_id": "-", "timestamp": "2025-08-22T21:29:16.434302+00:00"}
{"asctime": "2025-08-22 23:29:16,435", "levelname": "INFO", "name": "AresGlobal.ProgressManager", "message": "🗑️  Cleared progress for step6_5_unified_regime_intelligence", "correlation_id": "-", "session_id": "-", "timestamp": "2025-08-22T21:29:16.435167+00:00"}
{"asctime": "2025-08-22 23:29:16,435", "levelname": "INFO", "name": "AresGlobal.AresLauncher", "message": "🧹 Cleared progress for 'step6_5_unified_regime_intelligence' (force)", "correlation_id": "-", "session_id": "-", "timestamp": "2025-08-22T21:29:16.435731+00:00"}
{"asctime": "2025-08-22 23:29:16,436", "levelname": "INFO", "name": "AresGlobal.ProgressManager", "message": "🗑️  Cleared progress for step7_analyst_enhancement", "correlation_id": "-", "session_id": "-", "timestamp": "2025-08-22T21:29:16.436132+00:00"}
{"asctime": "2025-08-22 23:29:16,436", "levelname": "INFO", "name": "AresGlobal.AresLauncher", "message": "🧹 Cleared progress for 'step7_analyst_enhancement' (force)", "correlation_id": "-", "session_id": "-", "timestamp": "2025-08-22T21:29:16.436414+00:00"}
{"asctime": "2025-08-22 23:29:16,436", "levelname": "INFO", "name": "AresGlobal.ProgressManager", "message": "🗑️  Cleared progress for step8_tactician_labeling", "correlation_id": "-", "session_id": "-", "timestamp": "2025-08-22T21:29:16.436997+00:00"}
{"asctime": "2025-08-22 23:29:16,437", "levelname": "INFO", "name": "AresGlobal.AresLauncher", "message": "🧹 Cleared progress for 'step8_tactician_labeling' (force)", "correlation_id": "-", "session_id": "-", "timestamp": "2025-08-22T21:29:16.437501+00:00"}
{"asctime": "2025-08-22 23:29:16,438", "levelname": "INFO", "name": "AresGlobal.ProgressManager", "message": "🗑️  Cleared progress for step9_tactician_specialist_training", "correlation_id": "-", "session_id": "-", "timestamp": "2025-08-22T21:29:16.438118+00:00"}
{"asctime": "2025-08-22 23:29:16,438", "levelname": "INFO", "name": "AresGlobal.AresLauncher", "message": "🧹 Cleared progress for 'step9_tactician_specialist_training' (force)", "correlation_id": "-", "session_id": "-", "timestamp": "2025-08-22T21:29:16.438521+00:00"}
{"asctime": "2025-08-22 23:29:16,439", "levelname": "INFO", "name": "AresGlobal.ProgressManager", "message": "🗑️  Cleared progress for step10_confidence_calibration", "correlation_id": "-", "session_id": "-", "timestamp": "2025-08-22T21:29:16.439251+00:00"}
{"asctime": "2025-08-22 23:29:16,439", "levelname": "INFO", "name": "AresGlobal.AresLauncher", "message": "🧹 Cleared progress for 'step10_confidence_calibration' (force)", "correlation_id": "-", "session_id": "-", "timestamp": "2025-08-22T21:29:16.439564+00:00"}
{"asctime": "2025-08-22 23:29:16,440", "levelname": "INFO", "name": "AresGlobal.ProgressManager", "message": "🗑️  Cleared progress for step11_final_parameters_optimization", "correlation_id": "-", "session_id": "-", "timestamp": "2025-08-22T21:29:16.440228+00:00"}
{"asctime": "2025-08-22 23:29:16,440", "levelname": "INFO", "name": "AresGlobal.AresLauncher", "message": "🧹 Cleared progress for 'step11_final_parameters_optimization' (force)", "correlation_id": "-", "session_id": "-", "timestamp": "2025-08-22T21:29:16.440387+00:00"}
{"asctime": "2025-08-22 23:29:16,441", "levelname": "INFO", "name": "AresGlobal.ProgressManager", "message": "🗑️  Cleared progress for step12_walk_forward_validation", "correlation_id": "-", "session_id": "-", "timestamp": "2025-08-22T21:29:16.441018+00:00"}
{"asctime": "2025-08-22 23:29:16,441", "levelname": "INFO", "name": "AresGlobal.AresLauncher", "message": "🧹 Cleared progress for 'step12_walk_forward_validation' (force)", "correlation_id": "-", "session_id": "-", "timestamp": "2025-08-22T21:29:16.441192+00:00"}
{"asctime": "2025-08-22 23:29:16,441", "levelname": "INFO", "name": "AresGlobal.ProgressManager", "message": "🗑️  Cleared progress for step13_monte_carlo_validation", "correlation_id": "-", "session_id": "-", "timestamp": "2025-08-22T21:29:16.441542+00:00"}
{"asctime": "2025-08-22 23:29:16,441", "levelname": "INFO", "name": "AresGlobal.AresLauncher", "message": "🧹 Cleared progress for 'step13_monte_carlo_validation' (force)", "correlation_id": "-", "session_id": "-", "timestamp": "2025-08-22T21:29:16.441685+00:00"}
{"asctime": "2025-08-22 23:29:16,441", "levelname": "INFO", "name": "AresGlobal.ProgressManager", "message": "🗑️  Cleared progress for step14_ab_testing", "correlation_id": "-", "session_id": "-", "timestamp": "2025-08-22T21:29:16.441855+00:00"}
{"asctime": "2025-08-22 23:29:16,442", "levelname": "INFO", "name": "AresGlobal.AresLauncher", "message": "🧹 Cleared progress for 'step14_ab_testing' (force)", "correlation_id": "-", "session_id": "-", "timestamp": "2025-08-22T21:29:16.442126+00:00"}
{"asctime": "2025-08-22 23:29:16,442", "levelname": "INFO", "name": "AresGlobal.ProgressManager", "message": "🗑️  Cleared progress for step15_saving", "correlation_id": "-", "session_id": "-", "timestamp": "2025-08-22T21:29:16.442890+00:00"}
{"asctime": "2025-08-22 23:29:16,443", "levelname": "INFO", "name": "AresGlobal.AresLauncher", "message": "🧹 Cleared progress for 'step15_saving' (force)", "correlation_id": "-", "session_id": "-", "timestamp": "2025-08-22T21:29:16.443252+00:00"}
{"asctime": "2025-08-22 23:29:16,443", "levelname": "INFO", "name": "AresGlobal.AresLauncher", "message": "✅ Cleared progress for 16 steps: ['step1_5_data_converter', 'step2_feature_engineering', 'step3_hmm_regime_discovery', 'step4_processing_labeling', 'step5_regime_data_splitting', 'step6_hmm_based_training', 'step6_5_unified_regime_intelligence', 'step7_analyst_enhancement', 'step8_tactician_labeling', 'step9_tactician_specialist_training', 'step10_confidence_calibration', 'step11_final_parameters_optimization', 'step12_walk_forward_validation', 'step13_monte_carlo_validation', 'step14_ab_testing', 'step15_saving']", "correlation_id": "-", "session_id": "-", "timestamp": "2025-08-22T21:29:16.443863+00:00"}
{"asctime": "2025-08-22 23:29:16,445", "levelname": "INFO", "name": "AresGlobal.StepOrchestrator", "message": "🚀 Starting execution from step: step1_5_data_converter", "correlation_id": "-", "session_id": "-", "timestamp": "2025-08-22T21:29:16.445242+00:00"}
{"asctime": "2025-08-22 23:29:19,588", "levelname": "INFO", "name": "AresGlobal.EnhancedTrainingManager", "message": "Loaded optimization configuration", "correlation_id": "-", "session_id": "-", "timestamp": "2025-08-22T21:29:19.588731+00:00"}
{"asctime": "2025-08-22 23:29:19,589", "levelname": "INFO", "name": "AresGlobal.EnhancedTrainingManagerOptimized", "message": "Loaded optimization configuration", "correlation_id": "-", "session_id": "-", "timestamp": "2025-08-22T21:29:19.589448+00:00"}
{"asctime": "2025-08-22 23:29:19,590", "levelname": "INFO", "name": "AresGlobal.EnhancedTrainingManager", "message": "Loaded optimization configuration", "correlation_id": "-", "session_id": "-", "timestamp": "2025-08-22T21:29:19.590070+00:00"}
{"asctime": "2025-08-22 23:29:19,590", "levelname": "INFO", "name": "AresGlobal.EnhancedTrainingManager", "message": "🚀 Initializing Enhanced Training Manager...", "correlation_id": "-", "session_id": "-", "timestamp": "2025-08-22T21:29:19.590833+00:00"}
{"asctime": "2025-08-22 23:29:19,591", "levelname": "INFO", "name": "AresGlobal.EnhancedTrainingManager", "message": "📊 Blank training mode: True", "correlation_id": "-", "session_id": "-", "timestamp": "2025-08-22T21:29:19.591287+00:00"}
{"asctime": "2025-08-22 23:29:19,592", "levelname": "INFO", "name": "AresGlobal.EnhancedTrainingManager", "message": "🔧 Max trials: 200", "correlation_id": "-", "session_id": "-", "timestamp": "2025-08-22T21:29:19.592271+00:00"}
{"asctime": "2025-08-22 23:29:19,592", "levelname": "INFO", "name": "AresGlobal.EnhancedTrainingManager", "message": "🔧 N trials: 100", "correlation_id": "-", "session_id": "-", "timestamp": "2025-08-22T21:29:19.592843+00:00"}
{"asctime": "2025-08-22 23:29:19,593", "levelname": "INFO", "name": "AresGlobal.EnhancedTrainingManager", "message": "📈 Lookback days: 180", "correlation_id": "-", "session_id": "-", "timestamp": "2025-08-22T21:29:19.593229+00:00"}
{"asctime": "2025-08-22 23:29:19,593", "levelname": "INFO", "name": "AresGlobal.EnhancedTrainingManager", "message": "🚀 Computational optimization: True", "correlation_id": "-", "session_id": "-", "timestamp": "2025-08-22T21:29:19.593637+00:00"}
{"asctime": "2025-08-22 23:29:19,594", "levelname": "INFO", "name": "AresGlobal.EnhancedTrainingManager", "message": "📊 Resource Analysis:", "correlation_id": "-", "session_id": "-", "timestamp": "2025-08-22T21:29:19.594761+00:00"}
{"asctime": "2025-08-22 23:29:19,595", "levelname": "INFO", "name": "AresGlobal.EnhancedTrainingManager", "message": "   💾 System Memory: 16.0 GB", "correlation_id": "-", "session_id": "-", "timestamp": "2025-08-22T21:29:19.595475+00:00"}
{"asctime": "2025-08-22 23:29:19,595", "levelname": "INFO", "name": "AresGlobal.EnhancedTrainingManager", "message": "   🖥️ CPU Cores: 8", "correlation_id": "-", "session_id": "-", "timestamp": "2025-08-22T21:29:19.595979+00:00"}
{"asctime": "2025-08-22 23:29:19,596", "levelname": "INFO", "name": "AresGlobal.EnhancedTrainingManager", "message": "   📈 Estimated Memory Usage: 4.0 GB", "correlation_id": "-", "session_id": "-", "timestamp": "2025-08-22T21:29:19.596475+00:00"}
{"asctime": "2025-08-22 23:29:19,597", "levelname": "INFO", "name": "AresGlobal.EnhancedTrainingManager", "message": "   ⏱️ Estimated Time: 90 minutes (1.5 hours)", "correlation_id": "-", "session_id": "-", "timestamp": "2025-08-22T21:29:19.597005+00:00"}
{"asctime": "2025-08-22 23:29:19,597", "levelname": "INFO", "name": "AresGlobal.EnhancedTrainingManager", "message": "   🤖 Models to Train: 4", "correlation_id": "-", "session_id": "-", "timestamp": "2025-08-22T21:29:19.597595+00:00"}
{"asctime": "2025-08-22 23:29:19,598", "levelname": "INFO", "name": "AresGlobal.EnhancedTrainingManager", "message": "   🔧 Optimization Trials: 50", "correlation_id": "-", "session_id": "-", "timestamp": "2025-08-22T21:29:19.598189+00:00"}
{"asctime": "2025-08-22 23:29:19,598", "levelname": "INFO", "name": "AresGlobal.EnhancedTrainingManager", "message": "📋 Step-by-Step Time Estimates:", "correlation_id": "-", "session_id": "-", "timestamp": "2025-08-22T21:29:19.598643+00:00"}
{"asctime": "2025-08-22 23:29:19,599", "levelname": "INFO", "name": "AresGlobal.EnhancedTrainingManager", "message": "   step1_data_collection: 5 min (4.2%)", "correlation_id": "-", "session_id": "-", "timestamp": "2025-08-22T21:29:19.599182+00:00"}
{"asctime": "2025-08-22 23:29:19,599", "levelname": "INFO", "name": "AresGlobal.EnhancedTrainingManager", "message": "   step1_5_data_converter: 3 min (2.5%)", "correlation_id": "-", "session_id": "-", "timestamp": "2025-08-22T21:29:19.599718+00:00"}
{"asctime": "2025-08-22 23:29:19,600", "levelname": "INFO", "name": "AresGlobal.EnhancedTrainingManager", "message": "   step2_feature_engineering: 15 min (12.7%)", "correlation_id": "-", "session_id": "-", "timestamp": "2025-08-22T21:29:19.600067+00:00"}
{"asctime": "2025-08-22 23:29:19,600", "levelname": "INFO", "name": "AresGlobal.EnhancedTrainingManager", "message": "   step3_hmm_regime_discovery: 3 min (2.5%)", "correlation_id": "-", "session_id": "-", "timestamp": "2025-08-22T21:29:19.600404+00:00"}
{"asctime": "2025-08-22 23:29:19,600", "levelname": "INFO", "name": "AresGlobal.EnhancedTrainingManager", "message": "   step4_processing_labeling: 8 min (6.8%)", "correlation_id": "-", "session_id": "-", "timestamp": "2025-08-22T21:29:19.600933+00:00"}
{"asctime": "2025-08-22 23:29:19,601", "levelname": "INFO", "name": "AresGlobal.EnhancedTrainingManager", "message": "   step5_regime_data_splitting: 2 min (1.7%)", "correlation_id": "-", "session_id": "-", "timestamp": "2025-08-22T21:29:19.601354+00:00"}
{"asctime": "2025-08-22 23:29:19,601", "levelname": "INFO", "name": "AresGlobal.EnhancedTrainingManager", "message": "   step6_hmm_based_training: 10 min (8.5%)", "correlation_id": "-", "session_id": "-", "timestamp": "2025-08-22T21:29:19.601640+00:00"}
{"asctime": "2025-08-22 23:29:19,601", "levelname": "INFO", "name": "AresGlobal.EnhancedTrainingManager", "message": "   step6_5_unified_regime_intelligence: 8 min (6.8%)", "correlation_id": "-", "session_id": "-", "timestamp": "2025-08-22T21:29:19.601923+00:00"}
{"asctime": "2025-08-22 23:29:19,602", "levelname": "INFO", "name": "AresGlobal.EnhancedTrainingManager", "message": "   step7_analyst_enhancement: 8 min (6.8%)", "correlation_id": "-", "session_id": "-", "timestamp": "2025-08-22T21:29:19.602215+00:00"}
{"asctime": "2025-08-22 23:29:19,602", "levelname": "INFO", "name": "AresGlobal.EnhancedTrainingManager", "message": "   step8_tactician_labeling: 5 min (4.2%)", "correlation_id": "-", "session_id": "-", "timestamp": "2025-08-22T21:29:19.602495+00:00"}
{"asctime": "2025-08-22 23:29:19,602", "levelname": "INFO", "name": "AresGlobal.EnhancedTrainingManager", "message": "   step9_tactician_specialist_training: 10 min (8.5%)", "correlation_id": "-", "session_id": "-", "timestamp": "2025-08-22T21:29:19.602786+00:00"}
{"asctime": "2025-08-22 23:29:19,603", "levelname": "INFO", "name": "AresGlobal.EnhancedTrainingManager", "message": "   step10_confidence_calibration: 3 min (2.5%)", "correlation_id": "-", "session_id": "-", "timestamp": "2025-08-22T21:29:19.603374+00:00"}
{"asctime": "2025-08-22 23:29:19,603", "levelname": "INFO", "name": "AresGlobal.EnhancedTrainingManager", "message": "   step11_final_parameters_optimization: 15 min (12.7%)", "correlation_id": "-", "session_id": "-", "timestamp": "2025-08-22T21:29:19.603798+00:00"}
{"asctime": "2025-08-22 23:29:19,604", "levelname": "INFO", "name": "AresGlobal.EnhancedTrainingManager", "message": "   step12_walk_forward_validation: 8 min (6.8%)", "correlation_id": "-", "session_id": "-", "timestamp": "2025-08-22T21:29:19.604453+00:00"}
{"asctime": "2025-08-22 23:29:19,605", "levelname": "INFO", "name": "AresGlobal.EnhancedTrainingManager", "message": "   step13_monte_carlo_validation: 8 min (6.8%)", "correlation_id": "-", "session_id": "-", "timestamp": "2025-08-22T21:29:19.605311+00:00"}
{"asctime": "2025-08-22 23:29:19,605", "levelname": "INFO", "name": "AresGlobal.EnhancedTrainingManager", "message": "   step14_ab_testing: 5 min (4.2%)", "correlation_id": "-", "session_id": "-", "timestamp": "2025-08-22T21:29:19.605861+00:00"}
{"asctime": "2025-08-22 23:29:19,606", "levelname": "INFO", "name": "AresGlobal.EnhancedTrainingManager", "message": "   step15_saving: 2 min (1.7%)", "correlation_id": "-", "session_id": "-", "timestamp": "2025-08-22T21:29:19.606225+00:00"}
{"asctime": "2025-08-22 23:29:19,606", "levelname": "INFO", "name": "AresGlobal.EnhancedTrainingManager", "message": "💡 Recommendations:", "correlation_id": "-", "session_id": "-", "timestamp": "2025-08-22T21:29:19.606738+00:00"}
{"asctime": "2025-08-22 23:29:19,607", "levelname": "INFO", "name": "AresGlobal.EnhancedTrainingManager", "message": "   ✅ Blank training mode is suitable for your system", "correlation_id": "-", "session_id": "-", "timestamp": "2025-08-22T21:29:19.607103+00:00"}
{"asctime": "2025-08-22 23:29:19,607", "levelname": "INFO", "name": "AresGlobal.EnhancedTrainingManager", "message": "🚀 Initializing computational optimization components...", "correlation_id": "-", "session_id": "-", "timestamp": "2025-08-22T21:29:19.607434+00:00"}
{"asctime": "2025-08-22 23:29:19,608", "levelname": "INFO", "name": "AresGlobal.ComputationalOptimizationManager", "message": "Computational Optimization Manager initialized", "correlation_id": "-", "session_id": "-", "timestamp": "2025-08-22T21:29:19.608521+00:00"}
{"asctime": "2025-08-22 23:29:19,608", "levelname": "INFO", "name": "AresGlobal.EnhancedTrainingManager", "message": "✅ Computational optimization components initialized successfully", "correlation_id": "-", "session_id": "-", "timestamp": "2025-08-22T21:29:19.608976+00:00"}
{"asctime": "2025-08-22 23:29:19,609", "levelname": "INFO", "name": "AresGlobal.EnhancedTrainingManager", "message": "✅ Enhanced Training Manager initialized successfully", "correlation_id": "-", "session_id": "-", "timestamp": "2025-08-22T21:29:19.609529+00:00"}
{"asctime": "2025-08-22 23:29:19,610", "levelname": "INFO", "name": "AresGlobal.StepOrchestrator", "message": "✅ Enhanced training manager setup successfully", "correlation_id": "-", "session_id": "-", "timestamp": "2025-08-22T21:29:19.610089+00:00"}
{"asctime": "2025-08-22 23:29:19,610", "levelname": "INFO", "name": "AresGlobal.EnhancedTrainingManager", "message": "================================================================================", "correlation_id": "-", "session_id": "-", "timestamp": "2025-08-22T21:29:19.610875+00:00"}
{"asctime": "2025-08-22 23:29:19,611", "levelname": "INFO", "name": "AresGlobal.EnhancedTrainingManager", "message": "🚀 COMPREHENSIVE 15-STEP ENHANCED TRAINING PIPELINE START", "correlation_id": "-", "session_id": "-", "timestamp": "2025-08-22T21:29:19.611408+00:00"}
{"asctime": "2025-08-22 23:29:19,611", "levelname": "INFO", "name": "AresGlobal.EnhancedTrainingManager", "message": "================================================================================", "correlation_id": "-", "session_id": "-", "timestamp": "2025-08-22T21:29:19.611789+00:00"}
{"asctime": "2025-08-22 23:29:19,612", "levelname": "INFO", "name": "AresGlobal.EnhancedTrainingManager", "message": "📅 Started at: 2025-08-22 23:29:19", "correlation_id": "-", "session_id": "-", "timestamp": "2025-08-22T21:29:19.612428+00:00"}
{"asctime": "2025-08-22 23:29:19,612", "levelname": "INFO", "name": "AresGlobal.EnhancedTrainingManager", "message": "🎯 Symbol: ETHUSDT", "correlation_id": "-", "session_id": "-", "timestamp": "2025-08-22T21:29:19.612945+00:00"}
{"asctime": "2025-08-22 23:29:19,613", "levelname": "INFO", "name": "AresGlobal.EnhancedTrainingManager", "message": "🏢 Exchange: BINANCE", "correlation_id": "-", "session_id": "-", "timestamp": "2025-08-22T21:29:19.613465+00:00"}
{"asctime": "2025-08-22 23:29:19,614", "levelname": "INFO", "name": "AresGlobal.EnhancedTrainingManager", "message": "📊 Training Mode: N/A", "correlation_id": "-", "session_id": "-", "timestamp": "2025-08-22T21:29:19.614056+00:00"}
{"asctime": "2025-08-22 23:29:19,614", "levelname": "INFO", "name": "AresGlobal.EnhancedTrainingManager", "message": "📈 Lookback Days: 180", "correlation_id": "-", "session_id": "-", "timestamp": "2025-08-22T21:29:19.614928+00:00"}
{"asctime": "2025-08-22 23:29:19,616", "levelname": "INFO", "name": "AresGlobal.EnhancedTrainingManager", "message": "🔧 Blank Training Mode: True", "correlation_id": "-", "session_id": "-", "timestamp": "2025-08-22T21:29:19.616022+00:00"}
{"asctime": "2025-08-22 23:29:19,616", "levelname": "INFO", "name": "AresGlobal.EnhancedTrainingManager", "message": "🔧 Max Trials: 200", "correlation_id": "-", "session_id": "-", "timestamp": "2025-08-22T21:29:19.616466+00:00"}
{"asctime": "2025-08-22 23:29:19,617", "levelname": "INFO", "name": "AresGlobal.EnhancedTrainingManager", "message": "🔧 N Trials: 100", "correlation_id": "-", "session_id": "-", "timestamp": "2025-08-22T21:29:19.617014+00:00"}
{"asctime": "2025-08-22 23:29:19,617", "levelname": "INFO", "name": "AresGlobal.EnhancedTrainingManager", "message": "🚀 Initializing optimized tools...", "correlation_id": "-", "session_id": "-", "timestamp": "2025-08-22T21:29:19.617604+00:00"}
{"asctime": "2025-08-22 23:29:19,618", "levelname": "INFO", "name": "AresGlobal.EnhancedTrainingManagerOptimized", "message": "🚀 Initializing Enhanced Training Manager with Optimizations...", "correlation_id": "-", "session_id": "-", "timestamp": "2025-08-22T21:29:19.618270+00:00"}
{"asctime": "2025-08-22 23:29:19,631", "levelname": "INFO", "name": "AresGlobal.EnhancedTrainingManagerOptimized", "message": "✅ Parallel backtester initialized with 8 workers", "correlation_id": "-", "session_id": "-", "timestamp": "2025-08-22T21:29:19.631381+00:00"}
{"asctime": "2025-08-22 23:29:19,633", "levelname": "INFO", "name": "AresGlobal.EnhancedTrainingManagerOptimized", "message": "✅ All optimization components initialized successfully", "correlation_id": "-", "session_id": "-", "timestamp": "2025-08-22T21:29:19.633944+00:00"}
{"asctime": "2025-08-22 23:29:19,634", "levelname": "INFO", "name": "AresGlobal.EnhancedTrainingManager", "message": "   ✅ Optimized training manager initialized", "correlation_id": "-", "session_id": "-", "timestamp": "2025-08-22T21:29:19.634524+00:00"}
{"asctime": "2025-08-22 23:29:19,635", "levelname": "INFO", "name": "AresGlobal.EnhancedTrainingManager", "message": "   ✅ Streaming processor initialized", "correlation_id": "-", "session_id": "-", "timestamp": "2025-08-22T21:29:19.635451+00:00"}
{"asctime": "2025-08-22 23:29:19,638", "levelname": "INFO", "name": "AresGlobal.EnhancedTrainingManager", "message": "   ✅ Parallel backtester initialized with 8 workers", "correlation_id": "-", "session_id": "-", "timestamp": "2025-08-22T21:29:19.638325+00:00"}
{"asctime": "2025-08-22 23:29:19,639", "levelname": "INFO", "name": "AresGlobal.EnhancedTrainingManager", "message": "   ✅ Adaptive sampler initialized", "correlation_id": "-", "session_id": "-", "timestamp": "2025-08-22T21:29:19.639335+00:00"}
{"asctime": "2025-08-22 23:29:19,639", "levelname": "INFO", "name": "AresGlobal.EnhancedTrainingManager", "message": "   ✅ Incremental trainer initialized", "correlation_id": "-", "session_id": "-", "timestamp": "2025-08-22T21:29:19.639954+00:00"}
{"asctime": "2025-08-22 23:29:19,640", "levelname": "INFO", "name": "AresGlobal.EnhancedTrainingManager", "message": "✅ All optimized tools initialized successfully", "correlation_id": "-", "session_id": "-", "timestamp": "2025-08-22T21:29:19.640742+00:00"}
{"asctime": "2025-08-22 23:29:19,641", "levelname": "INFO", "name": "AresGlobal.EnhancedTrainingManager", "message": "🚀 Starting fresh training...", "correlation_id": "-", "session_id": "-", "timestamp": "2025-08-22T21:29:19.641499+00:00"}
{"asctime": "2025-08-22 23:29:19,641", "levelname": "INFO", "name": "AresGlobal.EnhancedTrainingManager", "message": "🧹 Force rerun enabled - clearing artifacts from step1_5_data_converter and subsequent steps", "correlation_id": "-", "session_id": "-", "timestamp": "2025-08-22T21:29:19.641920+00:00"}
{"asctime": "2025-08-22 23:29:19,642", "levelname": "INFO", "name": "AresGlobal.EnhancedTrainingManager", "message": "🧹 Clearing artifacts from step1_5_data_converter onward", "correlation_id": "-", "session_id": "-", "timestamp": "2025-08-22T21:29:19.642254+00:00"}
{"asctime": "2025-08-22 23:29:19,683", "levelname": "INFO", "name": "AresGlobal.EnhancedTrainingManager", "message": "✅ Cleared artifacts for 16 steps: ['step1_5_data_converter', 'step2_feature_engineering', 'step3_hmm_regime_discovery', 'step4_processing_labeling', 'step5_regime_data_splitting', 'step6_hmm_based_training', 'step6_5_unified_regime_intelligence', 'step7_analyst_enhancement', 'step8_tactician_labeling', 'step9_tactician_specialist_training', 'step10_confidence_calibration', 'step11_final_parameters_optimization', 'step12_walk_forward_validation', 'step13_monte_carlo_validation', 'step14_ab_testing', 'step15_saving']", "correlation_id": "-", "session_id": "-", "timestamp": "2025-08-22T21:29:19.683059+00:00"}
{"asctime": "2025-08-22 23:29:19,683", "levelname": "INFO", "name": "AresGlobal.EnhancedTrainingManager", "message": "✅ Cleared artifacts and checkpoints from step1_5_data_converter onward", "correlation_id": "-", "session_id": "-", "timestamp": "2025-08-22T21:29:19.683663+00:00"}
{"asctime": "2025-08-22 23:29:19,684", "levelname": "INFO", "name": "AresGlobal.EnhancedTrainingManager", "message": "====================================================================================================", "correlation_id": "-", "session_id": "-", "timestamp": "2025-08-22T21:29:19.684113+00:00"}
{"asctime": "2025-08-22 23:29:19,684", "levelname": "INFO", "name": "AresGlobal.EnhancedTrainingManager", "message": "🚀 COMPREHENSIVE 15-STEP TRAINING PIPELINE START", "correlation_id": "-", "session_id": "-", "timestamp": "2025-08-22T21:29:19.684408+00:00"}
{"asctime": "2025-08-22 23:29:19,684", "levelname": "INFO", "name": "AresGlobal.EnhancedTrainingManager", "message": "====================================================================================================", "correlation_id": "-", "session_id": "-", "timestamp": "2025-08-22T21:29:19.684688+00:00"}
{"asctime": "2025-08-22 23:29:19,684", "levelname": "INFO", "name": "AresGlobal.EnhancedTrainingManager", "message": "📅 Started at: 2025-08-22 23:29:19", "correlation_id": "-", "session_id": "-", "timestamp": "2025-08-22T21:29:19.684949+00:00"}
{"asctime": "2025-08-22 23:29:19,685", "levelname": "INFO", "name": "AresGlobal.EnhancedTrainingManager", "message": "🎯 Symbol: ETHUSDT", "correlation_id": "-", "session_id": "-", "timestamp": "2025-08-22T21:29:19.685191+00:00"}
{"asctime": "2025-08-22 23:29:19,685", "levelname": "INFO", "name": "AresGlobal.EnhancedTrainingManager", "message": "🏢 Exchange: BINANCE", "correlation_id": "-", "session_id": "-", "timestamp": "2025-08-22T21:29:19.685423+00:00"}
{"asctime": "2025-08-22 23:29:19,685", "levelname": "INFO", "name": "AresGlobal.EnhancedTrainingManager", "message": "📊 Timeframe: 1m", "correlation_id": "-", "session_id": "-", "timestamp": "2025-08-22T21:29:19.685653+00:00"}
{"asctime": "2025-08-22 23:29:19,685", "levelname": "INFO", "name": "AresGlobal.EnhancedTrainingManager", "message": "🧠 Training Mode: Blank", "correlation_id": "-", "session_id": "-", "timestamp": "2025-08-22T21:29:19.685882+00:00"}
{"asctime": "2025-08-22 23:29:19,686", "levelname": "INFO", "name": "AresGlobal.EnhancedTrainingManager", "message": "🔧 Max Trials: 200", "correlation_id": "-", "session_id": "-", "timestamp": "2025-08-22T21:29:19.686140+00:00"}
{"asctime": "2025-08-22 23:29:19,686", "levelname": "INFO", "name": "AresGlobal.EnhancedTrainingManager", "message": "📈 Lookback Days: 180", "correlation_id": "-", "session_id": "-", "timestamp": "2025-08-22T21:29:19.686370+00:00"}
{"asctime": "2025-08-22 23:29:19,686", "levelname": "INFO", "name": "AresGlobal.EnhancedTrainingManager", "message": "💾 Memory Optimization: Enabled", "correlation_id": "-", "session_id": "-", "timestamp": "2025-08-22T21:29:19.686962+00:00"}
{"asctime": "2025-08-22 23:29:19,687", "levelname": "INFO", "name": "AresGlobal.EnhancedTrainingManager", "message": "🚀 Starting from step: step1_5_data_converter", "correlation_id": "-", "session_id": "-", "timestamp": "2025-08-22T21:29:19.687577+00:00"}
{"asctime": "2025-08-22 23:29:19,687", "levelname": "INFO", "name": "AresGlobal.EnhancedTrainingManager", "message": "====================================================================================================", "correlation_id": "-", "session_id": "-", "timestamp": "2025-08-22T21:29:19.687957+00:00"}
{"asctime": "2025-08-22 23:29:19,688", "levelname": "ERROR", "name": "AresGlobal.EnhancedTrainingManager", "message": "❌ Enhanced training pipeline failed", "correlation_id": "-", "session_id": "-", "timestamp": "2025-08-22T21:29:19.688519+00:00"}
{"asctime": "2025-08-22 23:29:19,689", "levelname": "INFO", "name": "AresGlobal.StepOrchestrator", "message": "\u001b[91m\u001b[1m🚫\u001b[0m \u001b[91m\u001b[1m❌ Enhanced 16-step training pipeline failed\u001b[0m", "correlation_id": "-", "session_id": "-", "timestamp": "2025-08-22T21:29:19.689284+00:00"}
{"asctime": "2025-08-22 23:29:19,690", "levelname": "ERROR", "name": "AresGlobal.AresLauncher", "message": "❌ Step-based training pipeline failed", "correlation_id": "-", "session_id": "-", "timestamp": "2025-08-22T21:29:19.690707+00:00"}
{"asctime": "2025-08-22 23:29:19,691", "levelname": "INFO", "name": "AresGlobal", "message": "[SYSTEM] ================================================================================", "correlation_id": "-", "session_id": "-", "timestamp": "2025-08-22T21:29:19.691457+00:00"}
{"asctime": "2025-08-22 23:29:19,691", "levelname": "INFO", "name": "AresGlobal", "message": "[SYSTEM] 🛑 ARES LAUNCHER ENDED - Exit code: 1", "correlation_id": "-", "session_id": "-", "timestamp": "2025-08-22T21:29:19.691957+00:00"}
{"asctime": "2025-08-22 23:29:19,692", "levelname": "INFO", "name": "AresGlobal", "message": "[SYSTEM] End time: 2025-08-22 23:29:19", "correlation_id": "-", "session_id": "-", "timestamp": "2025-08-22T21:29:19.692788+00:00"}
{"asctime": "2025-08-22 23:29:19,693", "levelname": "INFO", "name": "AresGlobal", "message": "[SYSTEM] ================================================================================", "correlation_id": "-", "session_id": "-", "timestamp": "2025-08-22T21:29:19.693363+00:00"}
{"asctime": "2025-08-22 23:29:19,693", "levelname": "INFO", "name": "AresGlobal.AresLauncher", "message": "🧹 Cleaning up processes...", "correlation_id": "-", "session_id": "-", "timestamp": "2025-08-22T21:29:19.693850+00:00"}
{"asctime": "2025-08-22 23:29:19,694", "levelname": "INFO", "name": "AresGlobal.AresLauncher", "message": "✅ Cleanup completed", "correlation_id": "-", "session_id": "-", "timestamp": "2025-08-22T21:29:19.694642+00:00"}
