{"asctime": "2025-08-19 18:41:21,265", "levelname": "INFO", "name": "AresTradingSystem", "message": "✅ Enhanced Logger initialization completed successfully", "correlation_id": "-", "session_id": "-", "timestamp": "2025-08-19T16:41:21.265585+00:00"}
{"asctime": "2025-08-19 18:41:21,272", "levelname": "INFO", "name": "AresTradingSystem.System", "message": "Environment configuration loaded successfully. Trading Environment: PAPER, Exchange: BINANCE", "correlation_id": "-", "session_id": "-", "timestamp": "2025-08-19T16:41:21.272876+00:00"}
{"asctime": "2025-08-19 18:41:26,132", "levelname": "INFO", "name": "AresTradingSystem.System", "message": "🚀 Starting SR Position Analysis for ETHUSDT on BINANCE", "correlation_id": "-", "session_id": "-", "timestamp": "2025-08-19T16:41:26.132337+00:00"}
{"asctime": "2025-08-19 18:41:26,146", "levelname": "INFO", "name": "AresTradingSystem.System", "message": "✅ Loaded price data from data/ETHUSDT_1h.csv", "correlation_id": "-", "session_id": "-", "timestamp": "2025-08-19T16:41:26.146687+00:00"}
{"asctime": "2025-08-19 18:41:26,146", "levelname": "INFO", "name": "AresTradingSystem.System.SRPositionAnalyzer", "message": "🚀 Initializing SR Position Analyzer...", "correlation_id": "-", "session_id": "-", "timestamp": "2025-08-19T16:41:26.146898+00:00"}
{"asctime": "2025-08-19 18:41:26,147", "levelname": "INFO", "name": "AresTradingSystem.System.VectorizedAdvancedFeatureEngineering", "message": "✅ Configured joblib memory cache: data/joblib_cache", "correlation_id": "-", "session_id": "-", "timestamp": "2025-08-19T16:41:26.147038+00:00"}
{"asctime": "2025-08-19 18:41:26,147", "levelname": "INFO", "name": "AresTradingSystem.System.VectorizedAdvancedFeatureEngineering", "message": "🚀 Initializing vectorized advanced feature engineering...", "correlation_id": "-", "session_id": "-", "timestamp": "2025-08-19T16:41:26.147113+00:00"}
{"asctime": "2025-08-19 18:41:26,147", "levelname": "INFO", "name": "AresTradingSystem.System.WaveletFeatureCache", "message": "✅ Cache directory initialized: data/wavelet_cache", "correlation_id": "-", "session_id": "-", "timestamp": "2025-08-19T16:41:26.147356+00:00"}
{"asctime": "2025-08-19 18:41:26,147", "levelname": "INFO", "name": "AresTradingSystem.System.VectorizedVolatilityRegimeModel", "message": "🚀 Initializing VectorizedVolatilityRegimeModel...", "correlation_id": "-", "session_id": "-", "timestamp": "2025-08-19T16:41:26.147472+00:00"}
{"asctime": "2025-08-19 18:41:26,147", "levelname": "INFO", "name": "AresTradingSystem.System.VectorizedVolatilityRegimeModel", "message": "✅ VectorizedVolatilityRegimeModel initialized successfully", "correlation_id": "-", "session_id": "-", "timestamp": "2025-08-19T16:41:26.147548+00:00"}
{"asctime": "2025-08-19 18:41:26,147", "levelname": "INFO", "name": "AresTradingSystem.System.VectorizedCorrelationAnalyzer", "message": "🚀 Initializing VectorizedCorrelationAnalyzer...", "correlation_id": "-", "session_id": "-", "timestamp": "2025-08-19T16:41:26.147621+00:00"}
{"asctime": "2025-08-19 18:41:26,147", "levelname": "INFO", "name": "AresTradingSystem.System.VectorizedCorrelationAnalyzer", "message": "✅ VectorizedCorrelationAnalyzer initialized successfully", "correlation_id": "-", "session_id": "-", "timestamp": "2025-08-19T16:41:26.147682+00:00"}
{"asctime": "2025-08-19 18:41:26,147", "levelname": "INFO", "name": "AresTradingSystem.System.VectorizedMomentumAnalyzer", "message": "🚀 Initializing VectorizedMomentumAnalyzer...", "correlation_id": "-", "session_id": "-", "timestamp": "2025-08-19T16:41:26.147747+00:00"}
{"asctime": "2025-08-19 18:41:26,147", "levelname": "INFO", "name": "AresTradingSystem.System.VectorizedMomentumAnalyzer", "message": "✅ VectorizedMomentumAnalyzer initialized successfully", "correlation_id": "-", "session_id": "-", "timestamp": "2025-08-19T16:41:26.147805+00:00"}
{"asctime": "2025-08-19 18:41:26,147", "levelname": "INFO", "name": "AresTradingSystem.System.VectorizedAdvancedFeatureEngineering", "message": "🔍 Creating VectorizedLiquidityAnalyzer...", "correlation_id": "-", "session_id": "-", "timestamp": "2025-08-19T16:41:26.147867+00:00"}
{"asctime": "2025-08-19 18:41:26,147", "levelname": "INFO", "name": "AresTradingSystem.System.VectorizedAdvancedFeatureEngineering", "message": "🔍 VectorizedLiquidityAnalyzer created, initializing...", "correlation_id": "-", "session_id": "-", "timestamp": "2025-08-19T16:41:26.147939+00:00"}
{"asctime": "2025-08-19 18:41:26,147", "levelname": "INFO", "name": "AresTradingSystem.System.VectorizedLiquidityAnalyzer", "message": "🚀 Initializing VectorizedLiquidityAnalyzer...", "correlation_id": "-", "session_id": "-", "timestamp": "2025-08-19T16:41:26.147997+00:00"}
{"asctime": "2025-08-19 18:41:26,148", "levelname": "INFO", "name": "AresTradingSystem.System.VectorizedLiquidityAnalyzer", "message": "✅ VectorizedLiquidityAnalyzer initialized successfully", "correlation_id": "-", "session_id": "-", "timestamp": "2025-08-19T16:41:26.148052+00:00"}
{"asctime": "2025-08-19 18:41:26,148", "levelname": "INFO", "name": "AresTradingSystem.System.VectorizedAdvancedFeatureEngineering", "message": "✅ Liquidity analyzer initialized successfully", "correlation_id": "-", "session_id": "-", "timestamp": "2025-08-19T16:41:26.148106+00:00"}
{"asctime": "2025-08-19 18:41:26,148", "levelname": "INFO", "name": "AresTradingSystem.System.VectorizedAdvancedFeatureEngineering", "message": "🔍 Creating VectorizedCandlestickPatternAnalyzer...", "correlation_id": "-", "session_id": "-", "timestamp": "2025-08-19T16:41:26.148162+00:00"}
{"asctime": "2025-08-19 18:41:26,148", "levelname": "INFO", "name": "AresTradingSystem.System.VectorizedAdvancedFeatureEngineering", "message": "🔍 VectorizedCandlestickPatternAnalyzer created, initializing...", "correlation_id": "-", "session_id": "-", "timestamp": "2025-08-19T16:41:26.148224+00:00"}
{"asctime": "2025-08-19 18:41:26,148", "levelname": "INFO", "name": "AresTradingSystem.System.VectorizedCandlestickPatternAnalyzer", "message": "🚀 Initializing VectorizedCandlestickPatternAnalyzer...", "correlation_id": "-", "session_id": "-", "timestamp": "2025-08-19T16:41:26.148286+00:00"}
{"asctime": "2025-08-19 18:41:26,148", "levelname": "INFO", "name": "AresTradingSystem.System.VectorizedCandlestickPatternAnalyzer", "message": "🔍 Config keys: ['vectorized_advanced_features', 'symbol', 'exchange']", "correlation_id": "-", "session_id": "-", "timestamp": "2025-08-19T16:41:26.148352+00:00"}
{"asctime": "2025-08-19 18:41:26,148", "levelname": "INFO", "name": "AresTradingSystem.System.VectorizedCandlestickPatternAnalyzer", "message": "✅ VectorizedCandlestickPatternAnalyzer initialized successfully", "correlation_id": "-", "session_id": "-", "timestamp": "2025-08-19T16:41:26.148405+00:00"}
{"asctime": "2025-08-19 18:41:26,148", "levelname": "INFO", "name": "AresTradingSystem.System.VectorizedAdvancedFeatureEngineering", "message": "✅ Candlestick analyzer initialized successfully", "correlation_id": "-", "session_id": "-", "timestamp": "2025-08-19T16:41:26.148487+00:00"}
{"asctime": "2025-08-19 18:41:26,148", "levelname": "INFO", "name": "AresTradingSystem.System.VectorizedAdvancedFeatureEngineering", "message": "🔍 Creating VectorizedSRDistanceCalculator...", "correlation_id": "-", "session_id": "-", "timestamp": "2025-08-19T16:41:26.148562+00:00"}
{"asctime": "2025-08-19 18:41:26,148", "levelname": "INFO", "name": "AresTradingSystem.System.VectorizedAdvancedFeatureEngineering", "message": "🔍 VectorizedSRDistanceCalculator created, initializing...", "correlation_id": "-", "session_id": "-", "timestamp": "2025-08-19T16:41:26.148632+00:00"}
{"asctime": "2025-08-19 18:41:26,148", "levelname": "INFO", "name": "AresTradingSystem.System.VectorizedSRDistanceCalculator", "message": "🚀 Initializing VectorizedSRDistanceCalculator...", "correlation_id": "-", "session_id": "-", "timestamp": "2025-08-19T16:41:26.148694+00:00"}
{"asctime": "2025-08-19 18:41:26,148", "levelname": "INFO", "name": "AresTradingSystem.System.VectorizedSRDistanceCalculator", "message": "✅ VectorizedSRDistanceCalculator initialized successfully", "correlation_id": "-", "session_id": "-", "timestamp": "2025-08-19T16:41:26.148755+00:00"}
{"asctime": "2025-08-19 18:41:26,148", "levelname": "INFO", "name": "AresTradingSystem.System.VectorizedAdvancedFeatureEngineering", "message": "✅ S/R distance calculator initialized successfully", "correlation_id": "-", "session_id": "-", "timestamp": "2025-08-19T16:41:26.148819+00:00"}
{"asctime": "2025-08-19 18:41:26,148", "levelname": "INFO", "name": "AresTradingSystem.System.VectorizedAdvancedFeatureEngineering", "message": "🔍 Creating VectorizedWaveletTransformAnalyzer...", "correlation_id": "-", "session_id": "-", "timestamp": "2025-08-19T16:41:26.148878+00:00"}
{"asctime": "2025-08-19 18:41:26,148", "levelname": "INFO", "name": "AresTradingSystem.System.VectorizedAdvancedFeatureEngineering", "message": "🔍 VectorizedWaveletTransformAnalyzer created, initializing...", "correlation_id": "-", "session_id": "-", "timestamp": "2025-08-19T16:41:26.148938+00:00"}
{"asctime": "2025-08-19 18:41:26,148", "levelname": "INFO", "name": "AresTradingSystem.System.VectorizedWaveletTransformAnalyzer", "message": "🚀 Initializing VectorizedWaveletTransformAnalyzer...", "correlation_id": "-", "session_id": "-", "timestamp": "2025-08-19T16:41:26.148995+00:00"}
{"asctime": "2025-08-19 18:41:26,149", "levelname": "INFO", "name": "AresTradingSystem.System.VectorizedWaveletTransformAnalyzer", "message": "✅ VectorizedWaveletTransformAnalyzer initialized successfully", "correlation_id": "-", "session_id": "-", "timestamp": "2025-08-19T16:41:26.149046+00:00"}
{"asctime": "2025-08-19 18:41:26,149", "levelname": "INFO", "name": "AresTradingSystem.System.VectorizedAdvancedFeatureEngineering", "message": "✅ Wavelet analyzer initialized successfully", "correlation_id": "-", "session_id": "-", "timestamp": "2025-08-19T16:41:26.149101+00:00"}
{"asctime": "2025-08-19 18:41:26,149", "levelname": "INFO", "name": "AresTradingSystem.System.VectorizedAdvancedFeatureEngineering", "message": "ℹ️ Meta-labeling system removed - using only HMM market regimes for labeling", "correlation_id": "-", "session_id": "-", "timestamp": "2025-08-19T16:41:26.149152+00:00"}
{"asctime": "2025-08-19 18:41:26,149", "levelname": "INFO", "name": "AresTradingSystem.System.VectorizedAdvancedFeatureEngineering", "message": "✅ Vectorized advanced feature engineering initialized successfully", "correlation_id": "-", "session_id": "-", "timestamp": "2025-08-19T16:41:26.149205+00:00"}
{"asctime": "2025-08-19 18:41:26,149", "levelname": "INFO", "name": "AresTradingSystem.System.SRPositionAnalyzer", "message": "✅ SR Position Analyzer initialized successfully", "correlation_id": "-", "session_id": "-", "timestamp": "2025-08-19T16:41:26.149258+00:00"}
{"asctime": "2025-08-19 18:41:26,152", "levelname": "INFO", "name": "AresTradingSystem.System.VectorizedAdvancedFeatureEngineering", "message": "✅ Generated 4 static support levels and 5 resistance levels", "correlation_id": "-", "session_id": "-", "timestamp": "2025-08-19T16:41:26.152140+00:00"}
{"asctime": "2025-08-19 18:41:26,212", "levelname": "INFO", "name": "AresTradingSystem.System", "message": "✅ SR Position Analysis completed successfully", "correlation_id": "-", "session_id": "-", "timestamp": "2025-08-19T16:41:26.212736+00:00"}
