{"asctime": "2025-08-19 18:09:01,259", "levelname": "INFO", "name": "AresGlobal", "message": "================================================================================", "correlation_id": "-", "session_id": "-", "timestamp": "2025-08-19T16:09:01.259201+00:00"}
{"asctime": "2025-08-19 18:09:01,259", "levelname": "INFO", "name": "AresGlobal", "message": "📊 SESSION SUMMARY", "correlation_id": "-", "session_id": "-", "timestamp": "2025-08-19T16:09:01.259334+00:00"}
{"asctime": "2025-08-19 18:09:01,259", "levelname": "INFO", "name": "AresGlobal", "message": "Session started: 2025-08-19 18:09:01", "correlation_id": "-", "session_id": "-", "timestamp": "2025-08-19T16:09:01.259435+00:00"}
{"asctime": "2025-08-19 18:09:01,259", "levelname": "INFO", "name": "AresGlobal", "message": "This file contains ALL logs for this session", "correlation_id": "-", "session_id": "-", "timestamp": "2025-08-19T16:09:01.259519+00:00"}
{"asctime": "2025-08-19 18:09:01,259", "levelname": "INFO", "name": "AresGlobal", "message": "================================================================================", "correlation_id": "-", "session_id": "-", "timestamp": "2025-08-19T16:09:01.259599+00:00"}
{"asctime": "2025-08-19 18:09:01,259", "levelname": "INFO", "name": "AresGlobal", "message": "[SYSTEM] ================================================================================", "correlation_id": "-", "session_id": "-", "timestamp": "2025-08-19T16:09:01.259806+00:00"}
{"asctime": "2025-08-19 18:09:01,260", "levelname": "INFO", "name": "AresGlobal", "message": "[SYSTEM] 🚀 ARES LAUNCHER STARTED - Mode: INITIALIZATION", "correlation_id": "-", "session_id": "-", "timestamp": "2025-08-19T16:09:01.260162+00:00"}
{"asctime": "2025-08-19 18:09:01,260", "levelname": "INFO", "name": "AresGlobal", "message": "[SYSTEM] Start time: 2025-08-19 18:09:01", "correlation_id": "-", "session_id": "-", "timestamp": "2025-08-19T16:09:01.260494+00:00"}
{"asctime": "2025-08-19 18:09:01,260", "levelname": "INFO", "name": "AresGlobal", "message": "[SYSTEM] Log directory: log", "correlation_id": "-", "session_id": "-", "timestamp": "2025-08-19T16:09:01.260968+00:00"}
{"asctime": "2025-08-19 18:09:01,261", "levelname": "INFO", "name": "AresGlobal", "message": "[SYSTEM] ================================================================================", "correlation_id": "-", "session_id": "-", "timestamp": "2025-08-19T16:09:01.261251+00:00"}
{"asctime": "2025-08-19 18:09:01,261", "levelname": "INFO", "name": "AresGlobal.AresLauncher", "message": "================================================================================", "correlation_id": "-", "session_id": "-", "timestamp": "2025-08-19T16:09:01.261367+00:00"}
{"asctime": "2025-08-19 18:09:01,261", "levelname": "INFO", "name": "AresGlobal.AresLauncher", "message": "🚀 ARES COMPREHENSIVE LAUNCHER", "correlation_id": "-", "session_id": "-", "timestamp": "2025-08-19T16:09:01.261462+00:00"}
{"asctime": "2025-08-19 18:09:01,261", "levelname": "INFO", "name": "AresGlobal.AresLauncher", "message": "================================================================================", "correlation_id": "-", "session_id": "-", "timestamp": "2025-08-19T16:09:01.261573+00:00"}
{"asctime": "2025-08-19 18:09:01,261", "levelname": "INFO", "name": "AresGlobal.AresLauncher", "message": "Start time: 2025-08-19 18:09:01", "correlation_id": "-", "session_id": "-", "timestamp": "2025-08-19T16:09:01.261675+00:00"}
{"asctime": "2025-08-19 18:09:01,261", "levelname": "INFO", "name": "AresGlobal.AresLauncher", "message": "Log directory: log", "correlation_id": "-", "session_id": "-", "timestamp": "2025-08-19T16:09:01.261762+00:00"}
{"asctime": "2025-08-19 18:09:01,261", "levelname": "INFO", "name": "AresGlobal.AresLauncher", "message": "Log level: INFO", "correlation_id": "-", "session_id": "-", "timestamp": "2025-08-19T16:09:01.261849+00:00"}
{"asctime": "2025-08-19 18:09:01,261", "levelname": "INFO", "name": "AresGlobal.AresLauncher", "message": "Global log file: ares_global_20250819_180901.log", "correlation_id": "-", "session_id": "-", "timestamp": "2025-08-19T16:09:01.261947+00:00"}
{"asctime": "2025-08-19 18:09:01,262", "levelname": "INFO", "name": "AresGlobal.AresLauncher", "message": "Full run log: log/ares_full_20250819_180901.log", "correlation_id": "-", "session_id": "-", "timestamp": "2025-08-19T16:09:01.262052+00:00"}
{"asctime": "2025-08-19 18:09:01,262", "levelname": "INFO", "name": "AresGlobal.AresLauncher", "message": "Trades log: log/ares_trades_20250819_180901.log", "correlation_id": "-", "session_id": "-", "timestamp": "2025-08-19T16:09:01.262133+00:00"}
{"asctime": "2025-08-19 18:09:01,262", "levelname": "INFO", "name": "AresGlobal.AresLauncher", "message": "Backtest log: log/ares_backtest_20250819_180901.log", "correlation_id": "-", "session_id": "-", "timestamp": "2025-08-19T16:09:01.262212+00:00"}
{"asctime": "2025-08-19 18:09:01,262", "levelname": "INFO", "name": "AresGlobal.AresLauncher", "message": "================================================================================", "correlation_id": "-", "session_id": "-", "timestamp": "2025-08-19T16:09:01.262291+00:00"}
{"asctime": "2025-08-19 18:09:01,262", "levelname": "INFO", "name": "AresGlobal", "message": "[SYSTEM] ================================================================================", "correlation_id": "-", "session_id": "-", "timestamp": "2025-08-19T16:09:01.262604+00:00"}
{"asctime": "2025-08-19 18:09:01,262", "levelname": "INFO", "name": "AresGlobal", "message": "[SYSTEM] 🚀 ARES LAUNCHER STARTED - Mode: blank - Symbol: ETHUSDT - Exchange: BINANCE", "correlation_id": "-", "session_id": "-", "timestamp": "2025-08-19T16:09:01.262821+00:00"}
{"asctime": "2025-08-19 18:09:01,263", "levelname": "INFO", "name": "AresGlobal", "message": "[SYSTEM] Start time: 2025-08-19 18:09:01", "correlation_id": "-", "session_id": "-", "timestamp": "2025-08-19T16:09:01.263078+00:00"}
{"asctime": "2025-08-19 18:09:01,263", "levelname": "INFO", "name": "AresGlobal", "message": "[SYSTEM] Log directory: log", "correlation_id": "-", "session_id": "-", "timestamp": "2025-08-19T16:09:01.263654+00:00"}
{"asctime": "2025-08-19 18:09:01,264", "levelname": "INFO", "name": "AresGlobal", "message": "[SYSTEM] ================================================================================", "correlation_id": "-", "session_id": "-", "timestamp": "2025-08-19T16:09:01.264037+00:00"}
{"asctime": "2025-08-19 18:09:01,264", "levelname": "INFO", "name": "AresGlobal.AresLauncher", "message": "🚀 Running enhanced 16-step training pipeline for ETHUSDT on BINANCE", "correlation_id": "-", "session_id": "-", "timestamp": "2025-08-19T16:09:01.264362+00:00"}
{"asctime": "2025-08-19 18:09:01,264", "levelname": "INFO", "name": "AresGlobal.AresLauncher", "message": "Starting from step: step2_feature_engineering", "correlation_id": "-", "session_id": "-", "timestamp": "2025-08-19T16:09:01.264604+00:00"}
{"asctime": "2025-08-19 18:09:01,265", "levelname": "INFO", "name": "AresGlobal.AresLauncher", "message": "🧪 BLANK TRAINING MODE: Set BLANK_TRAINING_MODE=1 for step-based training", "correlation_id": "-", "session_id": "-", "timestamp": "2025-08-19T16:09:01.265980+00:00"}
{"asctime": "2025-08-19 18:09:01,266", "levelname": "INFO", "name": "AresGlobal.ProgressManager", "message": "Initialized ProgressManager for ETHUSDT on BINANCE", "correlation_id": "-", "session_id": "-", "timestamp": "2025-08-19T16:09:01.266160+00:00"}
{"asctime": "2025-08-19 18:09:01,266", "levelname": "INFO", "name": "AresGlobal.ProgressManager", "message": "Progress directory: data/training/progress/BINANCE_ETHUSDT", "correlation_id": "-", "session_id": "-", "timestamp": "2025-08-19T16:09:01.266248+00:00"}
{"asctime": "2025-08-19 18:09:01,266", "levelname": "INFO", "name": "AresGlobal.StepOrchestrator", "message": "Initialized StepOrchestrator for ETHUSDT on BINANCE", "correlation_id": "-", "session_id": "-", "timestamp": "2025-08-19T16:09:01.266329+00:00"}
{"asctime": "2025-08-19 18:09:01,266", "levelname": "INFO", "name": "AresGlobal.ProgressManager", "message": "🗑️  Cleared progress for step2_feature_engineering", "correlation_id": "-", "session_id": "-", "timestamp": "2025-08-19T16:09:01.266447+00:00"}
{"asctime": "2025-08-19 18:09:01,266", "levelname": "INFO", "name": "AresGlobal.AresLauncher", "message": "🧹 Cleared progress for 'step2_feature_engineering' (force)", "correlation_id": "-", "session_id": "-", "timestamp": "2025-08-19T16:09:01.266541+00:00"}
{"asctime": "2025-08-19 18:09:01,266", "levelname": "INFO", "name": "AresGlobal.ProgressManager", "message": "🗑️  Cleared progress for step2_5_enhanced_matrix_operations", "correlation_id": "-", "session_id": "-", "timestamp": "2025-08-19T16:09:01.266655+00:00"}
{"asctime": "2025-08-19 18:09:01,266", "levelname": "INFO", "name": "AresGlobal.AresLauncher", "message": "🧹 Cleared progress for 'step2_5_enhanced_matrix_operations' (force)", "correlation_id": "-", "session_id": "-", "timestamp": "2025-08-19T16:09:01.266736+00:00"}
{"asctime": "2025-08-19 18:09:01,266", "levelname": "INFO", "name": "AresGlobal.ProgressManager", "message": "🗑️  Cleared progress for step3_hmm_regime_discovery", "correlation_id": "-", "session_id": "-", "timestamp": "2025-08-19T16:09:01.266847+00:00"}
{"asctime": "2025-08-19 18:09:01,266", "levelname": "INFO", "name": "AresGlobal.AresLauncher", "message": "🧹 Cleared progress for 'step3_hmm_regime_discovery' (force)", "correlation_id": "-", "session_id": "-", "timestamp": "2025-08-19T16:09:01.266929+00:00"}
{"asctime": "2025-08-19 18:09:01,267", "levelname": "INFO", "name": "AresGlobal.ProgressManager", "message": "🗑️  Cleared progress for step4_processing_labeling", "correlation_id": "-", "session_id": "-", "timestamp": "2025-08-19T16:09:01.267033+00:00"}
{"asctime": "2025-08-19 18:09:01,267", "levelname": "INFO", "name": "AresGlobal.AresLauncher", "message": "🧹 Cleared progress for 'step4_processing_labeling' (force)", "correlation_id": "-", "session_id": "-", "timestamp": "2025-08-19T16:09:01.267117+00:00"}
{"asctime": "2025-08-19 18:09:01,267", "levelname": "INFO", "name": "AresGlobal.ProgressManager", "message": "🗑️  Cleared progress for step5_regime_data_splitting", "correlation_id": "-", "session_id": "-", "timestamp": "2025-08-19T16:09:01.267218+00:00"}
{"asctime": "2025-08-19 18:09:01,267", "levelname": "INFO", "name": "AresGlobal.AresLauncher", "message": "🧹 Cleared progress for 'step5_regime_data_splitting' (force)", "correlation_id": "-", "session_id": "-", "timestamp": "2025-08-19T16:09:01.267297+00:00"}
{"asctime": "2025-08-19 18:09:01,267", "levelname": "INFO", "name": "AresGlobal.ProgressManager", "message": "🗑️  Cleared progress for step6_hmm_based_training", "correlation_id": "-", "session_id": "-", "timestamp": "2025-08-19T16:09:01.267395+00:00"}
{"asctime": "2025-08-19 18:09:01,267", "levelname": "INFO", "name": "AresGlobal.AresLauncher", "message": "🧹 Cleared progress for 'step6_hmm_based_training' (force)", "correlation_id": "-", "session_id": "-", "timestamp": "2025-08-19T16:09:01.267474+00:00"}
{"asctime": "2025-08-19 18:09:01,267", "levelname": "INFO", "name": "AresGlobal.ProgressManager", "message": "🗑️  Cleared progress for step6_5_unified_regime_intelligence", "correlation_id": "-", "session_id": "-", "timestamp": "2025-08-19T16:09:01.267576+00:00"}
{"asctime": "2025-08-19 18:09:01,267", "levelname": "INFO", "name": "AresGlobal.AresLauncher", "message": "🧹 Cleared progress for 'step6_5_unified_regime_intelligence' (force)", "correlation_id": "-", "session_id": "-", "timestamp": "2025-08-19T16:09:01.267655+00:00"}
{"asctime": "2025-08-19 18:09:01,267", "levelname": "INFO", "name": "AresGlobal.ProgressManager", "message": "🗑️  Cleared progress for step7_analyst_enhancement", "correlation_id": "-", "session_id": "-", "timestamp": "2025-08-19T16:09:01.267754+00:00"}
{"asctime": "2025-08-19 18:09:01,267", "levelname": "INFO", "name": "AresGlobal.AresLauncher", "message": "🧹 Cleared progress for 'step7_analyst_enhancement' (force)", "correlation_id": "-", "session_id": "-", "timestamp": "2025-08-19T16:09:01.267831+00:00"}
{"asctime": "2025-08-19 18:09:01,267", "levelname": "INFO", "name": "AresGlobal.ProgressManager", "message": "🗑️  Cleared progress for step8_tactician_labeling", "correlation_id": "-", "session_id": "-", "timestamp": "2025-08-19T16:09:01.267929+00:00"}
{"asctime": "2025-08-19 18:09:01,268", "levelname": "INFO", "name": "AresGlobal.AresLauncher", "message": "🧹 Cleared progress for 'step8_tactician_labeling' (force)", "correlation_id": "-", "session_id": "-", "timestamp": "2025-08-19T16:09:01.268062+00:00"}
{"asctime": "2025-08-19 18:09:01,268", "levelname": "INFO", "name": "AresGlobal.ProgressManager", "message": "🗑️  Cleared progress for step9_tactician_specialist_training", "correlation_id": "-", "session_id": "-", "timestamp": "2025-08-19T16:09:01.268724+00:00"}
{"asctime": "2025-08-19 18:09:01,269", "levelname": "INFO", "name": "AresGlobal.AresLauncher", "message": "🧹 Cleared progress for 'step9_tactician_specialist_training' (force)", "correlation_id": "-", "session_id": "-", "timestamp": "2025-08-19T16:09:01.269612+00:00"}
{"asctime": "2025-08-19 18:09:01,270", "levelname": "INFO", "name": "AresGlobal.ProgressManager", "message": "🗑️  Cleared progress for step10_confidence_calibration", "correlation_id": "-", "session_id": "-", "timestamp": "2025-08-19T16:09:01.270070+00:00"}
{"asctime": "2025-08-19 18:09:01,270", "levelname": "INFO", "name": "AresGlobal.AresLauncher", "message": "🧹 Cleared progress for 'step10_confidence_calibration' (force)", "correlation_id": "-", "session_id": "-", "timestamp": "2025-08-19T16:09:01.270184+00:00"}
{"asctime": "2025-08-19 18:09:01,270", "levelname": "INFO", "name": "AresGlobal.ProgressManager", "message": "🗑️  Cleared progress for step11_final_parameters_optimization", "correlation_id": "-", "session_id": "-", "timestamp": "2025-08-19T16:09:01.270378+00:00"}
{"asctime": "2025-08-19 18:09:01,270", "levelname": "INFO", "name": "AresGlobal.AresLauncher", "message": "🧹 Cleared progress for 'step11_final_parameters_optimization' (force)", "correlation_id": "-", "session_id": "-", "timestamp": "2025-08-19T16:09:01.270484+00:00"}
{"asctime": "2025-08-19 18:09:01,270", "levelname": "INFO", "name": "AresGlobal.ProgressManager", "message": "🗑️  Cleared progress for step12_walk_forward_validation", "correlation_id": "-", "session_id": "-", "timestamp": "2025-08-19T16:09:01.270709+00:00"}
{"asctime": "2025-08-19 18:09:01,271", "levelname": "INFO", "name": "AresGlobal.AresLauncher", "message": "🧹 Cleared progress for 'step12_walk_forward_validation' (force)", "correlation_id": "-", "session_id": "-", "timestamp": "2025-08-19T16:09:01.271093+00:00"}
{"asctime": "2025-08-19 18:09:01,271", "levelname": "INFO", "name": "AresGlobal.ProgressManager", "message": "🗑️  Cleared progress for step13_monte_carlo_validation", "correlation_id": "-", "session_id": "-", "timestamp": "2025-08-19T16:09:01.271474+00:00"}
{"asctime": "2025-08-19 18:09:01,271", "levelname": "INFO", "name": "AresGlobal.AresLauncher", "message": "🧹 Cleared progress for 'step13_monte_carlo_validation' (force)", "correlation_id": "-", "session_id": "-", "timestamp": "2025-08-19T16:09:01.271660+00:00"}
{"asctime": "2025-08-19 18:09:01,271", "levelname": "INFO", "name": "AresGlobal.ProgressManager", "message": "🗑️  Cleared progress for step14_ab_testing", "correlation_id": "-", "session_id": "-", "timestamp": "2025-08-19T16:09:01.271910+00:00"}
{"asctime": "2025-08-19 18:09:01,272", "levelname": "INFO", "name": "AresGlobal.AresLauncher", "message": "🧹 Cleared progress for 'step14_ab_testing' (force)", "correlation_id": "-", "session_id": "-", "timestamp": "2025-08-19T16:09:01.272106+00:00"}
{"asctime": "2025-08-19 18:09:01,272", "levelname": "INFO", "name": "AresGlobal.ProgressManager", "message": "🗑️  Cleared progress for step15_saving", "correlation_id": "-", "session_id": "-", "timestamp": "2025-08-19T16:09:01.272320+00:00"}
{"asctime": "2025-08-19 18:09:01,272", "levelname": "INFO", "name": "AresGlobal.AresLauncher", "message": "🧹 Cleared progress for 'step15_saving' (force)", "correlation_id": "-", "session_id": "-", "timestamp": "2025-08-19T16:09:01.272462+00:00"}
{"asctime": "2025-08-19 18:09:01,272", "levelname": "INFO", "name": "AresGlobal.AresLauncher", "message": "✅ Cleared progress for 16 steps: ['step2_feature_engineering', 'step2_5_enhanced_matrix_operations', 'step3_hmm_regime_discovery', 'step4_processing_labeling', 'step5_regime_data_splitting', 'step6_hmm_based_training', 'step6_5_unified_regime_intelligence', 'step7_analyst_enhancement', 'step8_tactician_labeling', 'step9_tactician_specialist_training', 'step10_confidence_calibration', 'step11_final_parameters_optimization', 'step12_walk_forward_validation', 'step13_monte_carlo_validation', 'step14_ab_testing', 'step15_saving']", "correlation_id": "-", "session_id": "-", "timestamp": "2025-08-19T16:09:01.272641+00:00"}
{"asctime": "2025-08-19 18:09:01,273", "levelname": "INFO", "name": "AresGlobal.AresLauncher", "message": "🗑️  Cleared checkpoint: checkpoints/BINANCE/ETHUSDT/1m/training_progress.json", "correlation_id": "-", "session_id": "-", "timestamp": "2025-08-19T16:09:01.273328+00:00"}
{"asctime": "2025-08-19 18:09:01,274", "levelname": "INFO", "name": "AresGlobal.StepOrchestrator", "message": "🚀 Starting execution from step: step2_feature_engineering", "correlation_id": "-", "session_id": "-", "timestamp": "2025-08-19T16:09:01.274019+00:00"}
{"asctime": "2025-08-19 18:09:07,177", "levelname": "INFO", "name": "AresGlobal.M1GPUAcceleration", "message": "✅ MPS (Metal Performance Shaders) available and enabled", "correlation_id": "-", "session_id": "-", "timestamp": "2025-08-19T16:09:07.177024+00:00"}
{"asctime": "2025-08-19 18:09:07,181", "levelname": "INFO", "name": "AresGlobal.ComputationalOptimizationManager", "message": "Computational Optimization Manager initialized", "correlation_id": "-", "session_id": "-", "timestamp": "2025-08-19T16:09:07.181468+00:00"}
{"asctime": "2025-08-19 18:09:07,185", "levelname": "INFO", "name": "AresGlobal.StepOrchestrator", "message": "✅ Enhanced training manager setup successfully", "correlation_id": "-", "session_id": "-", "timestamp": "2025-08-19T16:09:07.185038+00:00"}
{"asctime": "2025-08-19 18:09:07,272", "levelname": "INFO", "name": "AresGlobal.Step2.FeatureEngineering", "message": "🔍 Checking for required multi-timeframe data...", "correlation_id": "-", "session_id": "-", "timestamp": "2025-08-19T16:09:07.272662+00:00"}
{"asctime": "2025-08-19 18:09:07,272", "levelname": "INFO", "name": "AresGlobal.Step2.FeatureEngineering", "message": "✅ Found 5m data: data_cache/klines_BINANCE_ETHUSDT_5m_consolidated.parquet", "correlation_id": "-", "session_id": "-", "timestamp": "2025-08-19T16:09:07.272775+00:00"}
{"asctime": "2025-08-19 18:09:07,272", "levelname": "INFO", "name": "AresGlobal.Step2.FeatureEngineering", "message": "✅ Found 15m data: data_cache/klines_BINANCE_ETHUSDT_15m_consolidated.parquet", "correlation_id": "-", "session_id": "-", "timestamp": "2025-08-19T16:09:07.272868+00:00"}
{"asctime": "2025-08-19 18:09:07,272", "levelname": "INFO", "name": "AresGlobal.Step2.FeatureEngineering", "message": "✅ Found 30m data: data_cache/klines_BINANCE_ETHUSDT_30m_consolidated.parquet", "correlation_id": "-", "session_id": "-", "timestamp": "2025-08-19T16:09:07.272953+00:00"}
{"asctime": "2025-08-19 18:09:07,273", "levelname": "INFO", "name": "AresGlobal.Step2.FeatureEngineering", "message": "✅ All required timeframes are available", "correlation_id": "-", "session_id": "-", "timestamp": "2025-08-19T16:09:07.273030+00:00"}
{"asctime": "2025-08-19 18:09:07,273", "levelname": "INFO", "name": "AresGlobal.Step2.FeatureEngineering", "message": "🔧 No existing artifacts found - generating features", "correlation_id": "-", "session_id": "-", "timestamp": "2025-08-19T16:09:07.273353+00:00"}
{"asctime": "2025-08-19 18:09:07,299", "levelname": "INFO", "name": "AresGlobal.Step2.FeatureEngineering", "message": "📦 Loaded labeled train: 169864 rows", "correlation_id": "-", "session_id": "-", "timestamp": "2025-08-19T16:09:07.299561+00:00"}
{"asctime": "2025-08-19 18:09:07,303", "levelname": "INFO", "name": "AresGlobal.Step2.FeatureEngineering", "message": "📦 Loaded labeled validation: 36400 rows", "correlation_id": "-", "session_id": "-", "timestamp": "2025-08-19T16:09:07.303056+00:00"}
{"asctime": "2025-08-19 18:09:07,306", "levelname": "INFO", "name": "AresGlobal.Step2.FeatureEngineering", "message": "📦 Loaded labeled test: 36400 rows", "correlation_id": "-", "session_id": "-", "timestamp": "2025-08-19T16:09:07.306106+00:00"}
{"asctime": "2025-08-19 18:09:07,345", "levelname": "INFO", "name": "AresGlobal.Step2.FeatureEngineering", "message": "🎯 Starting parallel feature engineering", "correlation_id": "8be3fb172e9b46b3a5297c9dccd2091a", "session_id": "-", "timestamp": "2025-08-19T16:09:07.345683+00:00"}
{"asctime": "2025-08-19 18:09:07,355", "levelname": "INFO", "name": "AresGlobal.Step2.FeatureEngineering", "message": "🔧 Engineering features for train", "correlation_id": "8be3fb172e9b46b3a5297c9dccd2091a", "session_id": "-", "timestamp": "2025-08-19T16:09:07.355643+00:00"}
{"asctime": "2025-08-19 18:09:07,358", "levelname": "INFO", "name": "AresGlobal.RawDataQualityChecker", "message": "🔧 Enhanced preprocessing for BINANCE ETHUSDT", "correlation_id": "8be3fb172e9b46b3a5297c9dccd2091a", "session_id": "-", "timestamp": "2025-08-19T16:09:07.358825+00:00"}
{"asctime": "2025-08-19 18:09:07,358", "levelname": "INFO", "name": "AresGlobal.RawDataQualityChecker", "message": "   Expected interval: 60s", "correlation_id": "8be3fb172e9b46b3a5297c9dccd2091a", "session_id": "-", "timestamp": "2025-08-19T16:09:07.358919+00:00"}
{"asctime": "2025-08-19 18:09:07,359", "levelname": "INFO", "name": "AresGlobal.RawDataQualityChecker", "message": "   Max forward-fill: 10s", "correlation_id": "8be3fb172e9b46b3a5297c9dccd2091a", "session_id": "-", "timestamp": "2025-08-19T16:09:07.359005+00:00"}
{"asctime": "2025-08-19 18:09:07,359", "levelname": "INFO", "name": "AresGlobal.RawDataQualityChecker", "message": "   Download missing: True", "correlation_id": "8be3fb172e9b46b3a5297c9dccd2091a", "session_id": "-", "timestamp": "2025-08-19T16:09:07.359085+00:00"}
{"asctime": "2025-08-19 18:09:07,359", "levelname": "INFO", "name": "AresGlobal.RawDataQualityChecker", "message": "🔧 Step 1: Resampling to 60S intervals", "correlation_id": "8be3fb172e9b46b3a5297c9dccd2091a", "session_id": "-", "timestamp": "2025-08-19T16:09:07.359177+00:00"}
{"asctime": "2025-08-19 18:09:07,369", "levelname": "INFO", "name": "AresGlobal.RawDataQualityChecker", "message": "🔧 Step 2: Re-adding original data to preserve accuracy", "correlation_id": "8be3fb172e9b46b3a5297c9dccd2091a", "session_id": "-", "timestamp": "2025-08-19T16:09:07.369128+00:00"}
{"asctime": "2025-08-19 18:09:17,562", "levelname": "INFO", "name": "AresGlobal.RawDataQualityChecker", "message": "🔧 Step 3: Analyzing gaps and applying intelligent handling", "correlation_id": "8be3fb172e9b46b3a5297c9dccd2091a", "session_id": "-", "timestamp": "2025-08-19T16:09:17.562130+00:00"}
{"asctime": "2025-08-19 18:09:17,565", "levelname": "INFO", "name": "AresGlobal.RawDataQualityChecker", "message": "🔧 Step 5: Final forward-fill for 12865 remaining nulls", "correlation_id": "8be3fb172e9b46b3a5297c9dccd2091a", "session_id": "-", "timestamp": "2025-08-19T16:09:17.565796+00:00"}
{"asctime": "2025-08-19 18:09:17,571", "levelname": "INFO", "name": "AresGlobal.RawDataQualityChecker", "message": "✅ Enhanced preprocessing completed:", "correlation_id": "8be3fb172e9b46b3a5297c9dccd2091a", "session_id": "-", "timestamp": "2025-08-19T16:09:17.571340+00:00"}
{"asctime": "2025-08-19 18:09:17,571", "levelname": "INFO", "name": "AresGlobal.RawDataQualityChecker", "message": "   Original shape: (169864, 5)", "correlation_id": "8be3fb172e9b46b3a5297c9dccd2091a", "session_id": "-", "timestamp": "2025-08-19T16:09:17.571589+00:00"}
{"asctime": "2025-08-19 18:09:17,571", "levelname": "INFO", "name": "AresGlobal.RawDataQualityChecker", "message": "   Final shape: (172437, 5)", "correlation_id": "8be3fb172e9b46b3a5297c9dccd2091a", "session_id": "-", "timestamp": "2025-08-19T16:09:17.571695+00:00"}
{"asctime": "2025-08-19 18:09:17,571", "levelname": "INFO", "name": "AresGlobal.RawDataQualityChecker", "message": "   Remaining large gaps: 0", "correlation_id": "8be3fb172e9b46b3a5297c9dccd2091a", "session_id": "-", "timestamp": "2025-08-19T16:09:17.571782+00:00"}
{"asctime": "2025-08-19 18:09:17,574", "levelname": "INFO", "name": "AresGlobal.RawDataQualityChecker", "message": "   Data completeness: 1.000", "correlation_id": "8be3fb172e9b46b3a5297c9dccd2091a", "session_id": "-", "timestamp": "2025-08-19T16:09:17.574314+00:00"}
{"asctime": "2025-08-19 18:09:17,575", "levelname": "INFO", "name": "AresGlobal.RawDataQualityChecker", "message": "🔧 Enhanced preprocessing for BINANCE ETHUSDT", "correlation_id": "8be3fb172e9b46b3a5297c9dccd2091a", "session_id": "-", "timestamp": "2025-08-19T16:09:17.575213+00:00"}
{"asctime": "2025-08-19 18:09:17,575", "levelname": "INFO", "name": "AresGlobal.RawDataQualityChecker", "message": "   Expected interval: 60s", "correlation_id": "8be3fb172e9b46b3a5297c9dccd2091a", "session_id": "-", "timestamp": "2025-08-19T16:09:17.575298+00:00"}
{"asctime": "2025-08-19 18:09:17,575", "levelname": "INFO", "name": "AresGlobal.RawDataQualityChecker", "message": "   Max forward-fill: 10s", "correlation_id": "8be3fb172e9b46b3a5297c9dccd2091a", "session_id": "-", "timestamp": "2025-08-19T16:09:17.575376+00:00"}
{"asctime": "2025-08-19 18:09:17,575", "levelname": "INFO", "name": "AresGlobal.RawDataQualityChecker", "message": "   Download missing: True", "correlation_id": "8be3fb172e9b46b3a5297c9dccd2091a", "session_id": "-", "timestamp": "2025-08-19T16:09:17.575454+00:00"}
{"asctime": "2025-08-19 18:09:17,575", "levelname": "INFO", "name": "AresGlobal.RawDataQualityChecker", "message": "🔧 Step 1: Resampling to 60S intervals", "correlation_id": "8be3fb172e9b46b3a5297c9dccd2091a", "session_id": "-", "timestamp": "2025-08-19T16:09:17.575547+00:00"}
{"asctime": "2025-08-19 18:09:17,579", "levelname": "INFO", "name": "AresGlobal.RawDataQualityChecker", "message": "🔧 Step 2: Re-adding original data to preserve accuracy", "correlation_id": "8be3fb172e9b46b3a5297c9dccd2091a", "session_id": "-", "timestamp": "2025-08-19T16:09:17.579308+00:00"}
{"asctime": "2025-08-19 18:09:27,828", "levelname": "INFO", "name": "AresGlobal.RawDataQualityChecker", "message": "🔧 Step 3: Analyzing gaps and applying intelligent handling", "correlation_id": "8be3fb172e9b46b3a5297c9dccd2091a", "session_id": "-", "timestamp": "2025-08-19T16:09:27.828396+00:00"}
{"asctime": "2025-08-19 18:09:27,832", "levelname": "INFO", "name": "AresGlobal.RawDataQualityChecker", "message": "🔧 Step 5: Final forward-fill for 2573 remaining nulls", "correlation_id": "8be3fb172e9b46b3a5297c9dccd2091a", "session_id": "-", "timestamp": "2025-08-19T16:09:27.832015+00:00"}
{"asctime": "2025-08-19 18:09:27,835", "levelname": "INFO", "name": "AresGlobal.RawDataQualityChecker", "message": "✅ Enhanced preprocessing completed:", "correlation_id": "8be3fb172e9b46b3a5297c9dccd2091a", "session_id": "-", "timestamp": "2025-08-19T16:09:27.835470+00:00"}
{"asctime": "2025-08-19 18:09:27,835", "levelname": "INFO", "name": "AresGlobal.RawDataQualityChecker", "message": "   Original shape: (169864, 1)", "correlation_id": "8be3fb172e9b46b3a5297c9dccd2091a", "session_id": "-", "timestamp": "2025-08-19T16:09:27.835713+00:00"}
{"asctime": "2025-08-19 18:09:27,835", "levelname": "INFO", "name": "AresGlobal.RawDataQualityChecker", "message": "   Final shape: (172437, 1)", "correlation_id": "8be3fb172e9b46b3a5297c9dccd2091a", "session_id": "-", "timestamp": "2025-08-19T16:09:27.835814+00:00"}
{"asctime": "2025-08-19 18:09:27,835", "levelname": "INFO", "name": "AresGlobal.RawDataQualityChecker", "message": "   Remaining large gaps: 0", "correlation_id": "8be3fb172e9b46b3a5297c9dccd2091a", "session_id": "-", "timestamp": "2025-08-19T16:09:27.835905+00:00"}
{"asctime": "2025-08-19 18:09:27,836", "levelname": "INFO", "name": "AresGlobal.RawDataQualityChecker", "message": "   Data completeness: 1.000", "correlation_id": "8be3fb172e9b46b3a5297c9dccd2091a", "session_id": "-", "timestamp": "2025-08-19T16:09:27.836341+00:00"}
{"asctime": "2025-08-19 18:09:28,082", "levelname": "INFO", "name": "AresGlobal.DataQualityDecorator", "message": "🔍 [DATA QUALITY] Starting validation for analyze_correlations_vectorized", "correlation_id": "8be3fb172e9b46b3a5297c9dccd2091a", "session_id": "-", "timestamp": "2025-08-19T16:09:28.082953+00:00"}
{"asctime": "2025-08-19 18:09:28,083", "levelname": "INFO", "name": "AresGlobal.DataQualityDecorator", "message": "📊 [DATA QUALITY] Data type validation result for analyze_correlations_vectorized: klines_ohlcv", "correlation_id": "8be3fb172e9b46b3a5297c9dccd2091a", "session_id": "-", "timestamp": "2025-08-19T16:09:28.083222+00:00"}
{"asctime": "2025-08-19 18:09:28,083", "levelname": "INFO", "name": "AresGlobal.DataQualityDecorator", "message": "📊 [DATA QUALITY] Data type detected: klines_ohlcv for analyze_correlations_vectorized", "correlation_id": "8be3fb172e9b46b3a5297c9dccd2091a", "session_id": "-", "timestamp": "2025-08-19T16:09:28.083413+00:00"}
{"asctime": "2025-08-19 18:09:28,083", "levelname": "INFO", "name": "AresGlobal.DataQualityDecorator", "message": "🔍 [DATA QUALITY] Checking cache for analyze_correlations_vectorized", "correlation_id": "8be3fb172e9b46b3a5297c9dccd2091a", "session_id": "-", "timestamp": "2025-08-19T16:09:28.083530+00:00"}
{"asctime": "2025-08-19 18:09:28,083", "levelname": "INFO", "name": "AresGlobal.DataQualityDecorator", "message": "🔄 [DATA QUALITY] No valid cached result found for analyze_correlations_vectorized, proceeding with validation", "correlation_id": "8be3fb172e9b46b3a5297c9dccd2091a", "session_id": "-", "timestamp": "2025-08-19T16:09:28.083675+00:00"}
{"asctime": "2025-08-19 18:09:28,083", "levelname": "INFO", "name": "AresGlobal.DataQualityDecorator", "message": "🔍 [DATA QUALITY] Extracting symbol and exchange for analyze_correlations_vectorized", "correlation_id": "8be3fb172e9b46b3a5297c9dccd2091a", "session_id": "-", "timestamp": "2025-08-19T16:09:28.083782+00:00"}
{"asctime": "2025-08-19 18:09:28,083", "levelname": "INFO", "name": "AresGlobal.DataQualityDecorator", "message": "📊 [DATA QUALITY] Symbol: ETHUSDT, Exchange: BINANCE", "correlation_id": "8be3fb172e9b46b3a5297c9dccd2091a", "session_id": "-", "timestamp": "2025-08-19T16:09:28.083882+00:00"}
{"asctime": "2025-08-19 18:09:28,083", "levelname": "INFO", "name": "AresGlobal.DataQualityDecorator", "message": "🔍 [DATA QUALITY] Getting validation configuration for analyze_correlations_vectorized", "correlation_id": "8be3fb172e9b46b3a5297c9dccd2091a", "session_id": "-", "timestamp": "2025-08-19T16:09:28.083981+00:00"}
{"asctime": "2025-08-19 18:09:28,084", "levelname": "INFO", "name": "AresGlobal.DataQualityDecorator", "message": "📊 [DATA QUALITY] Validation config loaded for analyze_correlations_vectorized", "correlation_id": "8be3fb172e9b46b3a5297c9dccd2091a", "session_id": "-", "timestamp": "2025-08-19T16:09:28.084086+00:00"}
{"asctime": "2025-08-19 18:09:28,084", "levelname": "INFO", "name": "AresGlobal.DataQualityDecorator", "message": "🔍 [DATA QUALITY] Starting data quality validation for analyze_correlations_vectorized (ETHUSDT on BINANCE)", "correlation_id": "8be3fb172e9b46b3a5297c9dccd2091a", "session_id": "-", "timestamp": "2025-08-19T16:09:28.084174+00:00"}
{"asctime": "2025-08-19 18:09:28,084", "levelname": "INFO", "name": "AresGlobal.RawDataQualityChecker", "message": "🚀 validate_raw_data: Starting validation...", "correlation_id": "8be3fb172e9b46b3a5297c9dccd2091a", "session_id": "-", "timestamp": "2025-08-19T16:09:28.084293+00:00"}
{"asctime": "2025-08-19 18:09:28,088", "levelname": "INFO", "name": "AresGlobal.RawDataQualityChecker", "message": "🔍 Starting raw data quality validation for BINANCE ETHUSDT", "correlation_id": "8be3fb172e9b46b3a5297c9dccd2091a", "session_id": "-", "timestamp": "2025-08-19T16:09:28.088921+00:00"}
{"asctime": "2025-08-19 18:09:28,089", "levelname": "INFO", "name": "AresGlobal.RawDataQualityChecker", "message": "Validating data structure...", "correlation_id": "8be3fb172e9b46b3a5297c9dccd2091a", "session_id": "-", "timestamp": "2025-08-19T16:09:28.089271+00:00"}
{"asctime": "2025-08-19 18:09:28,089", "levelname": "INFO", "name": "AresGlobal.RawDataQualityChecker", "message": "Validating data completeness...", "correlation_id": "8be3fb172e9b46b3a5297c9dccd2091a", "session_id": "-", "timestamp": "2025-08-19T16:09:28.089529+00:00"}
{"asctime": "2025-08-19 18:09:28,093", "levelname": "INFO", "name": "AresGlobal.RawDataQualityChecker", "message": "Validating data integrity...", "correlation_id": "8be3fb172e9b46b3a5297c9dccd2091a", "session_id": "-", "timestamp": "2025-08-19T16:09:28.093779+00:00"}
{"asctime": "2025-08-19 18:09:28,099", "levelname": "INFO", "name": "AresGlobal.RawDataQualityChecker", "message": "Validating market-specific issues...", "correlation_id": "8be3fb172e9b46b3a5297c9dccd2091a", "session_id": "-", "timestamp": "2025-08-19T16:09:28.099453+00:00"}
{"asctime": "2025-08-19 18:09:28,104", "levelname": "INFO", "name": "AresGlobal.RawDataQualityChecker", "message": "Validating feature engineering requirements...", "correlation_id": "8be3fb172e9b46b3a5297c9dccd2091a", "session_id": "-", "timestamp": "2025-08-19T16:09:28.104252+00:00"}
{"asctime": "2025-08-19 18:09:28,140", "levelname": "INFO", "name": "AresGlobal.RawDataQualityChecker", "message": "✅ No irregular intervals detected (ratio: 0.000)", "correlation_id": "8be3fb172e9b46b3a5297c9dccd2091a", "session_id": "-", "timestamp": "2025-08-19T16:09:28.140387+00:00"}
{"asctime": "2025-08-19 18:09:28,144", "levelname": "INFO", "name": "AresGlobal.RawDataQualityChecker", "message": "✅ No large gaps found - data is continuous", "correlation_id": "8be3fb172e9b46b3a5297c9dccd2091a", "session_id": "-", "timestamp": "2025-08-19T16:09:28.144417+00:00"}
{"asctime": "2025-08-19 18:09:28,144", "levelname": "INFO", "name": "AresGlobal.RawDataQualityChecker", "message": "✅ Raw data validation passed for ETHUSDT (Score: 1.00)", "correlation_id": "8be3fb172e9b46b3a5297c9dccd2091a", "session_id": "-", "timestamp": "2025-08-19T16:09:28.144712+00:00"}
{"asctime": "2025-08-19 18:09:28,144", "levelname": "INFO", "name": "AresGlobal.RawDataQualityChecker", "message": "✅ PASSED validate_raw_data: Completed in 0.06s", "correlation_id": "8be3fb172e9b46b3a5297c9dccd2091a", "session_id": "-", "timestamp": "2025-08-19T16:09:28.144913+00:00"}
{"asctime": "2025-08-19 18:09:28,145", "levelname": "INFO", "name": "AresGlobal.DataQualityCache", "message": "💾 [CACHE] Cached validation result for analyze_correlations_vectorized", "correlation_id": "8be3fb172e9b46b3a5297c9dccd2091a", "session_id": "-", "timestamp": "2025-08-19T16:09:28.145072+00:00"}
{"asctime": "2025-08-19 18:09:28,145", "levelname": "INFO", "name": "AresGlobal.DataQualityDecorator", "message": "📊 [DATA QUALITY] Processing validation results for analyze_correlations_vectorized", "correlation_id": "8be3fb172e9b46b3a5297c9dccd2091a", "session_id": "-", "timestamp": "2025-08-19T16:09:28.145248+00:00"}
{"asctime": "2025-08-19 18:09:28,145", "levelname": "INFO", "name": "AresGlobal.DataQualityDecorator", "message": "   📊 Validation level: warning", "correlation_id": "8be3fb172e9b46b3a5297c9dccd2091a", "session_id": "-", "timestamp": "2025-08-19T16:09:28.145465+00:00"}
{"asctime": "2025-08-19 18:09:28,145", "levelname": "INFO", "name": "AresGlobal.DataQualityDecorator", "message": "   📊 Validation passed: True", "correlation_id": "8be3fb172e9b46b3a5297c9dccd2091a", "session_id": "-", "timestamp": "2025-08-19T16:09:28.145598+00:00"}
{"asctime": "2025-08-19 18:09:28,145", "levelname": "INFO", "name": "AresGlobal.DataQualityDecorator", "message": "   📊 Quality score: 1.00", "correlation_id": "8be3fb172e9b46b3a5297c9dccd2091a", "session_id": "-", "timestamp": "2025-08-19T16:09:28.145731+00:00"}
{"asctime": "2025-08-19 18:09:28,145", "levelname": "INFO", "name": "AresGlobal.DataQualityDecorator", "message": "   📊 Critical issues: 0", "correlation_id": "8be3fb172e9b46b3a5297c9dccd2091a", "session_id": "-", "timestamp": "2025-08-19T16:09:28.145862+00:00"}
{"asctime": "2025-08-19 18:09:28,145", "levelname": "INFO", "name": "AresGlobal.DataQualityDecorator", "message": "   📊 Warnings: 0", "correlation_id": "8be3fb172e9b46b3a5297c9dccd2091a", "session_id": "-", "timestamp": "2025-08-19T16:09:28.145967+00:00"}
{"asctime": "2025-08-19 18:09:28,146", "levelname": "INFO", "name": "AresGlobal.DataQualityDecorator", "message": "✅ [DATA QUALITY] WARNING validation passed for analyze_correlations_vectorized", "correlation_id": "8be3fb172e9b46b3a5297c9dccd2091a", "session_id": "-", "timestamp": "2025-08-19T16:09:28.146090+00:00"}
{"asctime": "2025-08-19 18:09:28,146", "levelname": "INFO", "name": "AresGlobal.DataQualityDecorator", "message": "🚀 [DATA QUALITY] Executing original function analyze_correlations_vectorized", "correlation_id": "8be3fb172e9b46b3a5297c9dccd2091a", "session_id": "-", "timestamp": "2025-08-19T16:09:28.146201+00:00"}
{"asctime": "2025-08-19 18:09:28,310", "levelname": "INFO", "name": "AresGlobal.DataQualityDecorator", "message": "✅ [DATA QUALITY] Completed validation for analyze_correlations_vectorized", "correlation_id": "8be3fb172e9b46b3a5297c9dccd2091a", "session_id": "-", "timestamp": "2025-08-19T16:09:28.310481+00:00"}
{"asctime": "2025-08-19 18:09:28,311", "levelname": "INFO", "name": "AresGlobal.DataQualityDecorator", "message": "🔍 [DATA QUALITY] Starting validation for analyze_momentum_vectorized", "correlation_id": "8be3fb172e9b46b3a5297c9dccd2091a", "session_id": "-", "timestamp": "2025-08-19T16:09:28.311181+00:00"}
{"asctime": "2025-08-19 18:09:28,311", "levelname": "INFO", "name": "AresGlobal.DataQualityDecorator", "message": "📊 [DATA QUALITY] Data type validation result for analyze_momentum_vectorized: klines_ohlcv", "correlation_id": "8be3fb172e9b46b3a5297c9dccd2091a", "session_id": "-", "timestamp": "2025-08-19T16:09:28.311367+00:00"}
{"asctime": "2025-08-19 18:09:28,311", "levelname": "INFO", "name": "AresGlobal.DataQualityDecorator", "message": "📊 [DATA QUALITY] Data type detected: klines_ohlcv for analyze_momentum_vectorized", "correlation_id": "8be3fb172e9b46b3a5297c9dccd2091a", "session_id": "-", "timestamp": "2025-08-19T16:09:28.311465+00:00"}
{"asctime": "2025-08-19 18:09:28,311", "levelname": "INFO", "name": "AresGlobal.DataQualityDecorator", "message": "🔍 [DATA QUALITY] Checking cache for analyze_momentum_vectorized", "correlation_id": "8be3fb172e9b46b3a5297c9dccd2091a", "session_id": "-", "timestamp": "2025-08-19T16:09:28.311552+00:00"}
{"asctime": "2025-08-19 18:09:28,311", "levelname": "INFO", "name": "AresGlobal.DataQualityDecorator", "message": "🔄 [DATA QUALITY] No valid cached result found for analyze_momentum_vectorized, proceeding with validation", "correlation_id": "8be3fb172e9b46b3a5297c9dccd2091a", "session_id": "-", "timestamp": "2025-08-19T16:09:28.311669+00:00"}
{"asctime": "2025-08-19 18:09:28,311", "levelname": "INFO", "name": "AresGlobal.DataQualityDecorator", "message": "🔍 [DATA QUALITY] Extracting symbol and exchange for analyze_momentum_vectorized", "correlation_id": "8be3fb172e9b46b3a5297c9dccd2091a", "session_id": "-", "timestamp": "2025-08-19T16:09:28.311763+00:00"}
{"asctime": "2025-08-19 18:09:28,311", "levelname": "INFO", "name": "AresGlobal.DataQualityDecorator", "message": "📊 [DATA QUALITY] Symbol: ETHUSDT, Exchange: BINANCE", "correlation_id": "8be3fb172e9b46b3a5297c9dccd2091a", "session_id": "-", "timestamp": "2025-08-19T16:09:28.311882+00:00"}
{"asctime": "2025-08-19 18:09:28,311", "levelname": "INFO", "name": "AresGlobal.DataQualityDecorator", "message": "🔍 [DATA QUALITY] Getting validation configuration for analyze_momentum_vectorized", "correlation_id": "8be3fb172e9b46b3a5297c9dccd2091a", "session_id": "-", "timestamp": "2025-08-19T16:09:28.311973+00:00"}
{"asctime": "2025-08-19 18:09:28,312", "levelname": "INFO", "name": "AresGlobal.DataQualityDecorator", "message": "📊 [DATA QUALITY] Validation config loaded for analyze_momentum_vectorized", "correlation_id": "8be3fb172e9b46b3a5297c9dccd2091a", "session_id": "-", "timestamp": "2025-08-19T16:09:28.312069+00:00"}
{"asctime": "2025-08-19 18:09:28,312", "levelname": "INFO", "name": "AresGlobal.DataQualityDecorator", "message": "🔍 [DATA QUALITY] Starting data quality validation for analyze_momentum_vectorized (ETHUSDT on BINANCE)", "correlation_id": "8be3fb172e9b46b3a5297c9dccd2091a", "session_id": "-", "timestamp": "2025-08-19T16:09:28.312226+00:00"}
{"asctime": "2025-08-19 18:09:28,312", "levelname": "INFO", "name": "AresGlobal.RawDataQualityChecker", "message": "🚀 validate_raw_data: Starting validation...", "correlation_id": "8be3fb172e9b46b3a5297c9dccd2091a", "session_id": "-", "timestamp": "2025-08-19T16:09:28.312364+00:00"}
{"asctime": "2025-08-19 18:09:28,315", "levelname": "INFO", "name": "AresGlobal.RawDataQualityChecker", "message": "🔍 Starting raw data quality validation for BINANCE ETHUSDT", "correlation_id": "8be3fb172e9b46b3a5297c9dccd2091a", "session_id": "-", "timestamp": "2025-08-19T16:09:28.315162+00:00"}
{"asctime": "2025-08-19 18:09:28,315", "levelname": "INFO", "name": "AresGlobal.RawDataQualityChecker", "message": "Validating data structure...", "correlation_id": "8be3fb172e9b46b3a5297c9dccd2091a", "session_id": "-", "timestamp": "2025-08-19T16:09:28.315395+00:00"}
{"asctime": "2025-08-19 18:09:28,315", "levelname": "INFO", "name": "AresGlobal.RawDataQualityChecker", "message": "Validating data completeness...", "correlation_id": "8be3fb172e9b46b3a5297c9dccd2091a", "session_id": "-", "timestamp": "2025-08-19T16:09:28.315860+00:00"}
{"asctime": "2025-08-19 18:09:28,320", "levelname": "INFO", "name": "AresGlobal.RawDataQualityChecker", "message": "Validating data integrity...", "correlation_id": "8be3fb172e9b46b3a5297c9dccd2091a", "session_id": "-", "timestamp": "2025-08-19T16:09:28.320645+00:00"}
{"asctime": "2025-08-19 18:09:28,325", "levelname": "INFO", "name": "AresGlobal.RawDataQualityChecker", "message": "Validating market-specific issues...", "correlation_id": "8be3fb172e9b46b3a5297c9dccd2091a", "session_id": "-", "timestamp": "2025-08-19T16:09:28.325344+00:00"}
{"asctime": "2025-08-19 18:09:28,329", "levelname": "INFO", "name": "AresGlobal.RawDataQualityChecker", "message": "Validating feature engineering requirements...", "correlation_id": "8be3fb172e9b46b3a5297c9dccd2091a", "session_id": "-", "timestamp": "2025-08-19T16:09:28.329357+00:00"}
{"asctime": "2025-08-19 18:09:28,357", "levelname": "INFO", "name": "AresGlobal.RawDataQualityChecker", "message": "✅ No irregular intervals detected (ratio: 0.000)", "correlation_id": "8be3fb172e9b46b3a5297c9dccd2091a", "session_id": "-", "timestamp": "2025-08-19T16:09:28.357497+00:00"}
{"asctime": "2025-08-19 18:09:28,361", "levelname": "INFO", "name": "AresGlobal.RawDataQualityChecker", "message": "✅ No large gaps found - data is continuous", "correlation_id": "8be3fb172e9b46b3a5297c9dccd2091a", "session_id": "-", "timestamp": "2025-08-19T16:09:28.361347+00:00"}
{"asctime": "2025-08-19 18:09:28,361", "levelname": "INFO", "name": "AresGlobal.RawDataQualityChecker", "message": "✅ Raw data validation passed for ETHUSDT (Score: 1.00)", "correlation_id": "8be3fb172e9b46b3a5297c9dccd2091a", "session_id": "-", "timestamp": "2025-08-19T16:09:28.361545+00:00"}
{"asctime": "2025-08-19 18:09:28,361", "levelname": "INFO", "name": "AresGlobal.RawDataQualityChecker", "message": "✅ PASSED validate_raw_data: Completed in 0.05s", "correlation_id": "8be3fb172e9b46b3a5297c9dccd2091a", "session_id": "-", "timestamp": "2025-08-19T16:09:28.361646+00:00"}
{"asctime": "2025-08-19 18:09:28,361", "levelname": "INFO", "name": "AresGlobal.DataQualityCache", "message": "💾 [CACHE] Cached validation result for analyze_momentum_vectorized", "correlation_id": "8be3fb172e9b46b3a5297c9dccd2091a", "session_id": "-", "timestamp": "2025-08-19T16:09:28.361768+00:00"}
{"asctime": "2025-08-19 18:09:28,361", "levelname": "INFO", "name": "AresGlobal.DataQualityDecorator", "message": "📊 [DATA QUALITY] Processing validation results for analyze_momentum_vectorized", "correlation_id": "8be3fb172e9b46b3a5297c9dccd2091a", "session_id": "-", "timestamp": "2025-08-19T16:09:28.361914+00:00"}
{"asctime": "2025-08-19 18:09:28,362", "levelname": "INFO", "name": "AresGlobal.DataQualityDecorator", "message": "   📊 Validation level: warning", "correlation_id": "8be3fb172e9b46b3a5297c9dccd2091a", "session_id": "-", "timestamp": "2025-08-19T16:09:28.362017+00:00"}
{"asctime": "2025-08-19 18:09:28,362", "levelname": "INFO", "name": "AresGlobal.DataQualityDecorator", "message": "   📊 Validation passed: True", "correlation_id": "8be3fb172e9b46b3a5297c9dccd2091a", "session_id": "-", "timestamp": "2025-08-19T16:09:28.362121+00:00"}
{"asctime": "2025-08-19 18:09:28,362", "levelname": "INFO", "name": "AresGlobal.DataQualityDecorator", "message": "   📊 Quality score: 1.00", "correlation_id": "8be3fb172e9b46b3a5297c9dccd2091a", "session_id": "-", "timestamp": "2025-08-19T16:09:28.362213+00:00"}
{"asctime": "2025-08-19 18:09:28,362", "levelname": "INFO", "name": "AresGlobal.DataQualityDecorator", "message": "   📊 Critical issues: 0", "correlation_id": "8be3fb172e9b46b3a5297c9dccd2091a", "session_id": "-", "timestamp": "2025-08-19T16:09:28.362304+00:00"}
{"asctime": "2025-08-19 18:09:28,362", "levelname": "INFO", "name": "AresGlobal.DataQualityDecorator", "message": "   📊 Warnings: 0", "correlation_id": "8be3fb172e9b46b3a5297c9dccd2091a", "session_id": "-", "timestamp": "2025-08-19T16:09:28.362441+00:00"}
{"asctime": "2025-08-19 18:09:28,362", "levelname": "INFO", "name": "AresGlobal.DataQualityDecorator", "message": "✅ [DATA QUALITY] WARNING validation passed for analyze_momentum_vectorized", "correlation_id": "8be3fb172e9b46b3a5297c9dccd2091a", "session_id": "-", "timestamp": "2025-08-19T16:09:28.362588+00:00"}
{"asctime": "2025-08-19 18:09:28,362", "levelname": "INFO", "name": "AresGlobal.DataQualityDecorator", "message": "🚀 [DATA QUALITY] Executing original function analyze_momentum_vectorized", "correlation_id": "8be3fb172e9b46b3a5297c9dccd2091a", "session_id": "-", "timestamp": "2025-08-19T16:09:28.362722+00:00"}
{"asctime": "2025-08-19 18:09:28,402", "levelname": "INFO", "name": "AresGlobal.DataQualityDecorator", "message": "✅ [DATA QUALITY] Completed validation for analyze_momentum_vectorized", "correlation_id": "8be3fb172e9b46b3a5297c9dccd2091a", "session_id": "-", "timestamp": "2025-08-19T16:09:28.402349+00:00"}
{"asctime": "2025-08-19 18:09:28,436", "levelname": "INFO", "name": "AresGlobal.DataQualityDecorator", "message": "🔍 [DATA QUALITY] Starting validation for analyze_patterns", "correlation_id": "8be3fb172e9b46b3a5297c9dccd2091a", "session_id": "-", "timestamp": "2025-08-19T16:09:28.436448+00:00"}
{"asctime": "2025-08-19 18:09:28,436", "levelname": "INFO", "name": "AresGlobal.DataQualityDecorator", "message": "📊 [DATA QUALITY] Data type validation result for analyze_patterns: klines_ohlcv", "correlation_id": "8be3fb172e9b46b3a5297c9dccd2091a", "session_id": "-", "timestamp": "2025-08-19T16:09:28.436630+00:00"}
{"asctime": "2025-08-19 18:09:28,436", "levelname": "INFO", "name": "AresGlobal.DataQualityDecorator", "message": "📊 [DATA QUALITY] Data type detected: klines_ohlcv for analyze_patterns", "correlation_id": "8be3fb172e9b46b3a5297c9dccd2091a", "session_id": "-", "timestamp": "2025-08-19T16:09:28.436721+00:00"}
{"asctime": "2025-08-19 18:09:28,436", "levelname": "INFO", "name": "AresGlobal.DataQualityDecorator", "message": "🔍 [DATA QUALITY] Checking cache for analyze_patterns", "correlation_id": "8be3fb172e9b46b3a5297c9dccd2091a", "session_id": "-", "timestamp": "2025-08-19T16:09:28.436806+00:00"}
{"asctime": "2025-08-19 18:09:28,436", "levelname": "INFO", "name": "AresGlobal.DataQualityDecorator", "message": "🔄 [DATA QUALITY] No valid cached result found for analyze_patterns, proceeding with validation", "correlation_id": "8be3fb172e9b46b3a5297c9dccd2091a", "session_id": "-", "timestamp": "2025-08-19T16:09:28.436919+00:00"}
{"asctime": "2025-08-19 18:09:28,437", "levelname": "INFO", "name": "AresGlobal.DataQualityDecorator", "message": "🔍 [DATA QUALITY] Extracting symbol and exchange for analyze_patterns", "correlation_id": "8be3fb172e9b46b3a5297c9dccd2091a", "session_id": "-", "timestamp": "2025-08-19T16:09:28.437006+00:00"}
{"asctime": "2025-08-19 18:09:28,437", "levelname": "INFO", "name": "AresGlobal.DataQualityDecorator", "message": "📊 [DATA QUALITY] Symbol: ETHUSDT, Exchange: BINANCE", "correlation_id": "8be3fb172e9b46b3a5297c9dccd2091a", "session_id": "-", "timestamp": "2025-08-19T16:09:28.437156+00:00"}
{"asctime": "2025-08-19 18:09:28,437", "levelname": "INFO", "name": "AresGlobal.DataQualityDecorator", "message": "🔍 [DATA QUALITY] Getting validation configuration for analyze_patterns", "correlation_id": "8be3fb172e9b46b3a5297c9dccd2091a", "session_id": "-", "timestamp": "2025-08-19T16:09:28.437281+00:00"}
{"asctime": "2025-08-19 18:09:28,437", "levelname": "INFO", "name": "AresGlobal.DataQualityDecorator", "message": "📊 [DATA QUALITY] Validation config loaded for analyze_patterns", "correlation_id": "8be3fb172e9b46b3a5297c9dccd2091a", "session_id": "-", "timestamp": "2025-08-19T16:09:28.437394+00:00"}
{"asctime": "2025-08-19 18:09:28,437", "levelname": "INFO", "name": "AresGlobal.DataQualityDecorator", "message": "🔍 [DATA QUALITY] Starting data quality validation for analyze_patterns (ETHUSDT on BINANCE)", "correlation_id": "8be3fb172e9b46b3a5297c9dccd2091a", "session_id": "-", "timestamp": "2025-08-19T16:09:28.437483+00:00"}
{"asctime": "2025-08-19 18:09:28,437", "levelname": "INFO", "name": "AresGlobal.RawDataQualityChecker", "message": "🚀 validate_raw_data: Starting validation...", "correlation_id": "8be3fb172e9b46b3a5297c9dccd2091a", "session_id": "-", "timestamp": "2025-08-19T16:09:28.437588+00:00"}
{"asctime": "2025-08-19 18:09:28,440", "levelname": "INFO", "name": "AresGlobal.RawDataQualityChecker", "message": "🔍 Starting raw data quality validation for BINANCE ETHUSDT", "correlation_id": "8be3fb172e9b46b3a5297c9dccd2091a", "session_id": "-", "timestamp": "2025-08-19T16:09:28.440570+00:00"}
{"asctime": "2025-08-19 18:09:28,440", "levelname": "INFO", "name": "AresGlobal.RawDataQualityChecker", "message": "Validating data structure...", "correlation_id": "8be3fb172e9b46b3a5297c9dccd2091a", "session_id": "-", "timestamp": "2025-08-19T16:09:28.440804+00:00"}
{"asctime": "2025-08-19 18:09:28,441", "levelname": "INFO", "name": "AresGlobal.RawDataQualityChecker", "message": "Validating data completeness...", "correlation_id": "8be3fb172e9b46b3a5297c9dccd2091a", "session_id": "-", "timestamp": "2025-08-19T16:09:28.441283+00:00"}
{"asctime": "2025-08-19 18:09:28,445", "levelname": "INFO", "name": "AresGlobal.RawDataQualityChecker", "message": "Validating data integrity...", "correlation_id": "8be3fb172e9b46b3a5297c9dccd2091a", "session_id": "-", "timestamp": "2025-08-19T16:09:28.445858+00:00"}
{"asctime": "2025-08-19 18:09:28,451", "levelname": "INFO", "name": "AresGlobal.RawDataQualityChecker", "message": "Validating market-specific issues...", "correlation_id": "8be3fb172e9b46b3a5297c9dccd2091a", "session_id": "-", "timestamp": "2025-08-19T16:09:28.451511+00:00"}
{"asctime": "2025-08-19 18:09:28,455", "levelname": "INFO", "name": "AresGlobal.RawDataQualityChecker", "message": "Validating feature engineering requirements...", "correlation_id": "8be3fb172e9b46b3a5297c9dccd2091a", "session_id": "-", "timestamp": "2025-08-19T16:09:28.455723+00:00"}
{"asctime": "2025-08-19 18:09:28,489", "levelname": "INFO", "name": "AresGlobal.RawDataQualityChecker", "message": "✅ No irregular intervals detected (ratio: 0.000)", "correlation_id": "8be3fb172e9b46b3a5297c9dccd2091a", "session_id": "-", "timestamp": "2025-08-19T16:09:28.489242+00:00"}
{"asctime": "2025-08-19 18:09:28,504", "levelname": "INFO", "name": "AresGlobal.RawDataQualityChecker", "message": "✅ No large gaps found - data is continuous", "correlation_id": "8be3fb172e9b46b3a5297c9dccd2091a", "session_id": "-", "timestamp": "2025-08-19T16:09:28.504124+00:00"}
{"asctime": "2025-08-19 18:09:28,505", "levelname": "INFO", "name": "AresGlobal.RawDataQualityChecker", "message": "✅ Raw data validation passed for ETHUSDT (Score: 1.00)", "correlation_id": "8be3fb172e9b46b3a5297c9dccd2091a", "session_id": "-", "timestamp": "2025-08-19T16:09:28.505015+00:00"}
{"asctime": "2025-08-19 18:09:28,505", "levelname": "INFO", "name": "AresGlobal.RawDataQualityChecker", "message": "✅ PASSED validate_raw_data: Completed in 0.07s", "correlation_id": "8be3fb172e9b46b3a5297c9dccd2091a", "session_id": "-", "timestamp": "2025-08-19T16:09:28.505149+00:00"}
{"asctime": "2025-08-19 18:09:28,505", "levelname": "INFO", "name": "AresGlobal.DataQualityCache", "message": "💾 [CACHE] Cached validation result for analyze_patterns", "correlation_id": "8be3fb172e9b46b3a5297c9dccd2091a", "session_id": "-", "timestamp": "2025-08-19T16:09:28.505378+00:00"}
{"asctime": "2025-08-19 18:09:28,505", "levelname": "INFO", "name": "AresGlobal.DataQualityDecorator", "message": "📊 [DATA QUALITY] Processing validation results for analyze_patterns", "correlation_id": "8be3fb172e9b46b3a5297c9dccd2091a", "session_id": "-", "timestamp": "2025-08-19T16:09:28.505486+00:00"}
{"asctime": "2025-08-19 18:09:28,505", "levelname": "INFO", "name": "AresGlobal.DataQualityDecorator", "message": "   📊 Validation level: warning", "correlation_id": "8be3fb172e9b46b3a5297c9dccd2091a", "session_id": "-", "timestamp": "2025-08-19T16:09:28.505579+00:00"}
{"asctime": "2025-08-19 18:09:28,505", "levelname": "INFO", "name": "AresGlobal.DataQualityDecorator", "message": "   📊 Validation passed: True", "correlation_id": "8be3fb172e9b46b3a5297c9dccd2091a", "session_id": "-", "timestamp": "2025-08-19T16:09:28.505747+00:00"}
{"asctime": "2025-08-19 18:09:28,505", "levelname": "INFO", "name": "AresGlobal.DataQualityDecorator", "message": "   📊 Quality score: 1.00", "correlation_id": "8be3fb172e9b46b3a5297c9dccd2091a", "session_id": "-", "timestamp": "2025-08-19T16:09:28.505833+00:00"}
{"asctime": "2025-08-19 18:09:28,506", "levelname": "INFO", "name": "AresGlobal.DataQualityDecorator", "message": "   📊 Critical issues: 0", "correlation_id": "8be3fb172e9b46b3a5297c9dccd2091a", "session_id": "-", "timestamp": "2025-08-19T16:09:28.506065+00:00"}
{"asctime": "2025-08-19 18:09:28,506", "levelname": "INFO", "name": "AresGlobal.DataQualityDecorator", "message": "   📊 Warnings: 0", "correlation_id": "8be3fb172e9b46b3a5297c9dccd2091a", "session_id": "-", "timestamp": "2025-08-19T16:09:28.506170+00:00"}
{"asctime": "2025-08-19 18:09:28,506", "levelname": "INFO", "name": "AresGlobal.DataQualityDecorator", "message": "✅ [DATA QUALITY] WARNING validation passed for analyze_patterns", "correlation_id": "8be3fb172e9b46b3a5297c9dccd2091a", "session_id": "-", "timestamp": "2025-08-19T16:09:28.506262+00:00"}
{"asctime": "2025-08-19 18:09:28,507", "levelname": "INFO", "name": "AresGlobal.DataQualityDecorator", "message": "🚀 [DATA QUALITY] Executing original function analyze_patterns", "correlation_id": "8be3fb172e9b46b3a5297c9dccd2091a", "session_id": "-", "timestamp": "2025-08-19T16:09:28.507076+00:00"}
{"asctime": "2025-08-19 18:09:28,577", "levelname": "INFO", "name": "AresGlobal.DataQualityDecorator", "message": "✅ [DATA QUALITY] Completed validation for analyze_patterns", "correlation_id": "8be3fb172e9b46b3a5297c9dccd2091a", "session_id": "-", "timestamp": "2025-08-19T16:09:28.577678+00:00"}
{"asctime": "2025-08-19 18:10:12,500", "levelname": "INFO", "name": "AresGlobal.AresLauncher", "message": "🧹 Cleaning up processes...", "correlation_id": "-", "session_id": "-", "timestamp": "2025-08-19T16:10:12.500863+00:00"}
{"asctime": "2025-08-19 18:10:12,502", "levelname": "INFO", "name": "AresGlobal.AresLauncher", "message": "✅ Cleanup completed", "correlation_id": "-", "session_id": "-", "timestamp": "2025-08-19T16:10:12.502305+00:00"}
