{"asctime": "2025-08-19 19:42:37,028", "levelname": "INFO", "name": "AresTradingSystem", "message": "✅ Enhanced Logger initialization completed successfully", "correlation_id": "-", "session_id": "-", "timestamp": "2025-08-19T17:42:37.028654+00:00"}
{"asctime": "2025-08-19 19:42:37,122", "levelname": "INFO", "name": "AresTradingSystem.System.VectorizedAdvancedFeatureEngineering", "message": "✅ Subsampling disabled for blank/short-blank horizon (<=180d)", "correlation_id": "-", "session_id": "-", "timestamp": "2025-08-19T17:42:37.122575+00:00"}
{"asctime": "2025-08-19 19:42:37,122", "levelname": "INFO", "name": "AresTradingSystem.System.VectorizedAdvancedFeatureEngineering", "message": "✅ Configured joblib memory cache: data/joblib_cache", "correlation_id": "-", "session_id": "-", "timestamp": "2025-08-19T17:42:37.122719+00:00"}
{"asctime": "2025-08-19 19:42:37,141", "levelname": "INFO", "name": "AresTradingSystem.System.EnhancedTrainingManager", "message": "✅ Enhanced matrix operations and GPU acceleration initialized", "correlation_id": "-", "session_id": "-", "timestamp": "2025-08-19T17:42:37.141522+00:00"}
{"asctime": "2025-08-19 19:42:37,141", "levelname": "INFO", "name": "AresTradingSystem.System.EnhancedTrainingManager", "message": "🚀 Initializing Enhanced Training Manager...", "correlation_id": "-", "session_id": "-", "timestamp": "2025-08-19T17:42:37.141633+00:00"}
{"asctime": "2025-08-19 19:42:37,141", "levelname": "INFO", "name": "AresTradingSystem.System.EnhancedTrainingManager", "message": "📊 Blank training mode: True", "correlation_id": "-", "session_id": "-", "timestamp": "2025-08-19T17:42:37.141703+00:00"}
{"asctime": "2025-08-19 19:42:37,141", "levelname": "INFO", "name": "AresTradingSystem.System.EnhancedTrainingManager", "message": "🔧 Max trials: 200", "correlation_id": "-", "session_id": "-", "timestamp": "2025-08-19T17:42:37.141763+00:00"}
{"asctime": "2025-08-19 19:42:37,141", "levelname": "INFO", "name": "AresTradingSystem.System.EnhancedTrainingManager", "message": "🔧 N trials: 100", "correlation_id": "-", "session_id": "-", "timestamp": "2025-08-19T17:42:37.141822+00:00"}
{"asctime": "2025-08-19 19:42:37,141", "levelname": "INFO", "name": "AresTradingSystem.System.EnhancedTrainingManager", "message": "📈 Lookback days: 180", "correlation_id": "-", "session_id": "-", "timestamp": "2025-08-19T17:42:37.141879+00:00"}
{"asctime": "2025-08-19 19:42:37,141", "levelname": "INFO", "name": "AresTradingSystem.System.EnhancedTrainingManager", "message": "🚀 Computational optimization: True", "correlation_id": "-", "session_id": "-", "timestamp": "2025-08-19T17:42:37.141935+00:00"}
{"asctime": "2025-08-19 19:42:37,142", "levelname": "INFO", "name": "AresTradingSystem.System.EnhancedTrainingManager", "message": "📊 Resource Analysis:", "correlation_id": "-", "session_id": "-", "timestamp": "2025-08-19T17:42:37.142023+00:00"}
{"asctime": "2025-08-19 19:42:37,142", "levelname": "INFO", "name": "AresTradingSystem.System.EnhancedTrainingManager", "message": "   💾 System Memory: 16.0 GB", "correlation_id": "-", "session_id": "-", "timestamp": "2025-08-19T17:42:37.142081+00:00"}
{"asctime": "2025-08-19 19:42:37,142", "levelname": "INFO", "name": "AresTradingSystem.System.EnhancedTrainingManager", "message": "   🖥️ CPU Cores: 8", "correlation_id": "-", "session_id": "-", "timestamp": "2025-08-19T17:42:37.142134+00:00"}
{"asctime": "2025-08-19 19:42:37,142", "levelname": "INFO", "name": "AresTradingSystem.System.EnhancedTrainingManager", "message": "   📈 Estimated Memory Usage: 4.0 GB", "correlation_id": "-", "session_id": "-", "timestamp": "2025-08-19T17:42:37.142193+00:00"}
{"asctime": "2025-08-19 19:42:37,142", "levelname": "INFO", "name": "AresTradingSystem.System.EnhancedTrainingManager", "message": "   ⏱️ Estimated Time: 90 minutes (1.5 hours)", "correlation_id": "-", "session_id": "-", "timestamp": "2025-08-19T17:42:37.142249+00:00"}
{"asctime": "2025-08-19 19:42:37,142", "levelname": "INFO", "name": "AresTradingSystem.System.EnhancedTrainingManager", "message": "   🤖 Models to Train: 4", "correlation_id": "-", "session_id": "-", "timestamp": "2025-08-19T17:42:37.142305+00:00"}
{"asctime": "2025-08-19 19:42:37,142", "levelname": "INFO", "name": "AresTradingSystem.System.EnhancedTrainingManager", "message": "   🔧 Optimization Trials: 50", "correlation_id": "-", "session_id": "-", "timestamp": "2025-08-19T17:42:37.142370+00:00"}
{"asctime": "2025-08-19 19:42:37,142", "levelname": "INFO", "name": "AresTradingSystem.System.EnhancedTrainingManager", "message": "📋 Step-by-Step Time Estimates:", "correlation_id": "-", "session_id": "-", "timestamp": "2025-08-19T17:42:37.142424+00:00"}
{"asctime": "2025-08-19 19:42:37,142", "levelname": "INFO", "name": "AresTradingSystem.System.EnhancedTrainingManager", "message": "   step1_data_collection: 5 min (4.3%)", "correlation_id": "-", "session_id": "-", "timestamp": "2025-08-19T17:42:37.142483+00:00"}
{"asctime": "2025-08-19 19:42:37,142", "levelname": "INFO", "name": "AresTradingSystem.System.EnhancedTrainingManager", "message": "   step2_feature_engineering: 15 min (13.0%)", "correlation_id": "-", "session_id": "-", "timestamp": "2025-08-19T17:42:37.142539+00:00"}
{"asctime": "2025-08-19 19:42:37,142", "levelname": "INFO", "name": "AresTradingSystem.System.EnhancedTrainingManager", "message": "   step3_hmm_regime_discovery: 3 min (2.6%)", "correlation_id": "-", "session_id": "-", "timestamp": "2025-08-19T17:42:37.142593+00:00"}
{"asctime": "2025-08-19 19:42:37,142", "levelname": "INFO", "name": "AresTradingSystem.System.EnhancedTrainingManager", "message": "   step4_processing_labeling: 8 min (7.0%)", "correlation_id": "-", "session_id": "-", "timestamp": "2025-08-19T17:42:37.142646+00:00"}
{"asctime": "2025-08-19 19:42:37,142", "levelname": "INFO", "name": "AresTradingSystem.System.EnhancedTrainingManager", "message": "   step5_regime_data_splitting: 2 min (1.7%)", "correlation_id": "-", "session_id": "-", "timestamp": "2025-08-19T17:42:37.142701+00:00"}
{"asctime": "2025-08-19 19:42:37,142", "levelname": "INFO", "name": "AresTradingSystem.System.EnhancedTrainingManager", "message": "   step6_hmm_based_training: 10 min (8.7%)", "correlation_id": "-", "session_id": "-", "timestamp": "2025-08-19T17:42:37.142752+00:00"}
{"asctime": "2025-08-19 19:42:37,142", "levelname": "INFO", "name": "AresTradingSystem.System.EnhancedTrainingManager", "message": "   step6_5_unified_regime_intelligence: 8 min (7.0%)", "correlation_id": "-", "session_id": "-", "timestamp": "2025-08-19T17:42:37.142805+00:00"}
{"asctime": "2025-08-19 19:42:37,142", "levelname": "INFO", "name": "AresTradingSystem.System.EnhancedTrainingManager", "message": "   step7_analyst_enhancement: 8 min (7.0%)", "correlation_id": "-", "session_id": "-", "timestamp": "2025-08-19T17:42:37.142861+00:00"}
{"asctime": "2025-08-19 19:42:37,142", "levelname": "INFO", "name": "AresTradingSystem.System.EnhancedTrainingManager", "message": "   step8_tactician_labeling: 5 min (4.3%)", "correlation_id": "-", "session_id": "-", "timestamp": "2025-08-19T17:42:37.142915+00:00"}
{"asctime": "2025-08-19 19:42:37,142", "levelname": "INFO", "name": "AresTradingSystem.System.EnhancedTrainingManager", "message": "   step9_tactician_specialist_training: 10 min (8.7%)", "correlation_id": "-", "session_id": "-", "timestamp": "2025-08-19T17:42:37.142966+00:00"}
{"asctime": "2025-08-19 19:42:37,143", "levelname": "INFO", "name": "AresTradingSystem.System.EnhancedTrainingManager", "message": "   step10_confidence_calibration: 3 min (2.6%)", "correlation_id": "-", "session_id": "-", "timestamp": "2025-08-19T17:42:37.143016+00:00"}
{"asctime": "2025-08-19 19:42:37,143", "levelname": "INFO", "name": "AresTradingSystem.System.EnhancedTrainingManager", "message": "   step11_final_parameters_optimization: 15 min (13.0%)", "correlation_id": "-", "session_id": "-", "timestamp": "2025-08-19T17:42:37.143065+00:00"}
{"asctime": "2025-08-19 19:42:37,143", "levelname": "INFO", "name": "AresTradingSystem.System.EnhancedTrainingManager", "message": "   step12_walk_forward_validation: 8 min (7.0%)", "correlation_id": "-", "session_id": "-", "timestamp": "2025-08-19T17:42:37.143115+00:00"}
{"asctime": "2025-08-19 19:42:37,143", "levelname": "INFO", "name": "AresTradingSystem.System.EnhancedTrainingManager", "message": "   step13_monte_carlo_validation: 8 min (7.0%)", "correlation_id": "-", "session_id": "-", "timestamp": "2025-08-19T17:42:37.143168+00:00"}
{"asctime": "2025-08-19 19:42:37,143", "levelname": "INFO", "name": "AresTradingSystem.System.EnhancedTrainingManager", "message": "   step14_ab_testing: 5 min (4.3%)", "correlation_id": "-", "session_id": "-", "timestamp": "2025-08-19T17:42:37.143224+00:00"}
{"asctime": "2025-08-19 19:42:37,143", "levelname": "INFO", "name": "AresTradingSystem.System.EnhancedTrainingManager", "message": "   step15_saving: 2 min (1.7%)", "correlation_id": "-", "session_id": "-", "timestamp": "2025-08-19T17:42:37.143277+00:00"}
{"asctime": "2025-08-19 19:42:37,143", "levelname": "INFO", "name": "AresTradingSystem.System.EnhancedTrainingManager", "message": "💡 Recommendations:", "correlation_id": "-", "session_id": "-", "timestamp": "2025-08-19T17:42:37.143326+00:00"}
{"asctime": "2025-08-19 19:42:37,143", "levelname": "INFO", "name": "AresTradingSystem.System.EnhancedTrainingManager", "message": "   ✅ Blank training mode is suitable for your system", "correlation_id": "-", "session_id": "-", "timestamp": "2025-08-19T17:42:37.143380+00:00"}
{"asctime": "2025-08-19 19:42:37,143", "levelname": "INFO", "name": "AresTradingSystem.System.EnhancedTrainingManager", "message": "🚀 Initializing computational optimization components...", "correlation_id": "-", "session_id": "-", "timestamp": "2025-08-19T17:42:37.143437+00:00"}
{"asctime": "2025-08-19 19:42:37,143", "levelname": "INFO", "name": "AresTradingSystem.System.EnhancedTrainingManager", "message": "✅ Computational optimization components initialized successfully", "correlation_id": "-", "session_id": "-", "timestamp": "2025-08-19T17:42:37.143831+00:00"}
{"asctime": "2025-08-19 19:42:37,143", "levelname": "INFO", "name": "AresTradingSystem.System.VectorizedTrainingPipeline", "message": "🚀 Initializing Vectorized Training Pipeline...", "correlation_id": "-", "session_id": "-", "timestamp": "2025-08-19T17:42:37.143902+00:00"}
{"asctime": "2025-08-19 19:42:37,143", "levelname": "INFO", "name": "AresTradingSystem.System.VectorizedTrainingPipeline", "message": "📊 Initializing matrix enhancement components...", "correlation_id": "-", "session_id": "-", "timestamp": "2025-08-19T17:42:37.143957+00:00"}
{"asctime": "2025-08-19 19:42:37,144", "levelname": "INFO", "name": "AresTradingSystem.System.VectorizedAdvancedFeatureEngineering", "message": "🚀 Initializing vectorized advanced feature engineering...", "correlation_id": "-", "session_id": "-", "timestamp": "2025-08-19T17:42:37.144011+00:00"}
{"asctime": "2025-08-19 19:42:37,144", "levelname": "INFO", "name": "AresTradingSystem.System.WaveletFeatureCache", "message": "✅ Cache directory initialized: data/wavelet_cache", "correlation_id": "-", "session_id": "-", "timestamp": "2025-08-19T17:42:37.144143+00:00"}
{"asctime": "2025-08-19 19:42:37,144", "levelname": "INFO", "name": "AresTradingSystem.System.VectorizedVolatilityRegimeModel", "message": "🚀 Initializing VectorizedVolatilityRegimeModel...", "correlation_id": "-", "session_id": "-", "timestamp": "2025-08-19T17:42:37.144209+00:00"}
{"asctime": "2025-08-19 19:42:37,144", "levelname": "INFO", "name": "AresTradingSystem.System.VectorizedVolatilityRegimeModel", "message": "✅ VectorizedVolatilityRegimeModel initialized successfully", "correlation_id": "-", "session_id": "-", "timestamp": "2025-08-19T17:42:37.144265+00:00"}
{"asctime": "2025-08-19 19:42:37,144", "levelname": "INFO", "name": "AresTradingSystem.System.VectorizedCorrelationAnalyzer", "message": "🚀 Initializing VectorizedCorrelationAnalyzer...", "correlation_id": "-", "session_id": "-", "timestamp": "2025-08-19T17:42:37.144324+00:00"}
{"asctime": "2025-08-19 19:42:37,144", "levelname": "INFO", "name": "AresTradingSystem.System.VectorizedCorrelationAnalyzer", "message": "✅ VectorizedCorrelationAnalyzer initialized successfully", "correlation_id": "-", "session_id": "-", "timestamp": "2025-08-19T17:42:37.144381+00:00"}
{"asctime": "2025-08-19 19:42:37,144", "levelname": "INFO", "name": "AresTradingSystem.System.VectorizedMomentumAnalyzer", "message": "🚀 Initializing VectorizedMomentumAnalyzer...", "correlation_id": "-", "session_id": "-", "timestamp": "2025-08-19T17:42:37.144443+00:00"}
{"asctime": "2025-08-19 19:42:37,144", "levelname": "INFO", "name": "AresTradingSystem.System.VectorizedMomentumAnalyzer", "message": "✅ VectorizedMomentumAnalyzer initialized successfully", "correlation_id": "-", "session_id": "-", "timestamp": "2025-08-19T17:42:37.144497+00:00"}
{"asctime": "2025-08-19 19:42:37,144", "levelname": "INFO", "name": "AresTradingSystem.System.VectorizedAdvancedFeatureEngineering", "message": "🔍 Creating VectorizedLiquidityAnalyzer...", "correlation_id": "-", "session_id": "-", "timestamp": "2025-08-19T17:42:37.144548+00:00"}
{"asctime": "2025-08-19 19:42:37,144", "levelname": "INFO", "name": "AresTradingSystem.System.VectorizedAdvancedFeatureEngineering", "message": "🔍 VectorizedLiquidityAnalyzer created, initializing...", "correlation_id": "-", "session_id": "-", "timestamp": "2025-08-19T17:42:37.144604+00:00"}
{"asctime": "2025-08-19 19:42:37,144", "levelname": "INFO", "name": "AresTradingSystem.System.VectorizedLiquidityAnalyzer", "message": "🚀 Initializing VectorizedLiquidityAnalyzer...", "correlation_id": "-", "session_id": "-", "timestamp": "2025-08-19T17:42:37.144659+00:00"}
{"asctime": "2025-08-19 19:42:37,144", "levelname": "INFO", "name": "AresTradingSystem.System.VectorizedLiquidityAnalyzer", "message": "✅ VectorizedLiquidityAnalyzer initialized successfully", "correlation_id": "-", "session_id": "-", "timestamp": "2025-08-19T17:42:37.144711+00:00"}
{"asctime": "2025-08-19 19:42:37,144", "levelname": "INFO", "name": "AresTradingSystem.System.VectorizedAdvancedFeatureEngineering", "message": "✅ Liquidity analyzer initialized successfully", "correlation_id": "-", "session_id": "-", "timestamp": "2025-08-19T17:42:37.144763+00:00"}
{"asctime": "2025-08-19 19:42:37,144", "levelname": "INFO", "name": "AresTradingSystem.System.VectorizedAdvancedFeatureEngineering", "message": "🔍 Creating VectorizedCandlestickPatternAnalyzer...", "correlation_id": "-", "session_id": "-", "timestamp": "2025-08-19T17:42:37.144815+00:00"}
{"asctime": "2025-08-19 19:42:37,144", "levelname": "INFO", "name": "AresTradingSystem.System.VectorizedAdvancedFeatureEngineering", "message": "🔍 VectorizedCandlestickPatternAnalyzer created, initializing...", "correlation_id": "-", "session_id": "-", "timestamp": "2025-08-19T17:42:37.144870+00:00"}
{"asctime": "2025-08-19 19:42:37,144", "levelname": "INFO", "name": "AresTradingSystem.System.VectorizedCandlestickPatternAnalyzer", "message": "🚀 Initializing VectorizedCandlestickPatternAnalyzer...", "correlation_id": "-", "session_id": "-", "timestamp": "2025-08-19T17:42:37.144924+00:00"}
{"asctime": "2025-08-19 19:42:37,144", "levelname": "INFO", "name": "AresTradingSystem.System.VectorizedCandlestickPatternAnalyzer", "message": "🔍 Config keys: ['environment', 'system', 'trading', 'training', 'trading_symbol', 'exchange_name', 'trading_interval', 'initial_equity', 'taker_fee', 'maker_fee', 'state_file', 'lookback_years', 'exchanges', 'risk_management', 'position_management', 'pipeline', 'analyst', 'logging', 'database', 'data', 'checkpointing', 'reporting', 'mlflow', 'version', 'training_pipeline', 'MODEL_TRAINING', 'DATA_CONFIG', 'ENHANCED_TRAINING', 'HMM_LM', 'vectorized_labelling_orchestrator', 'method_a_mixture_of_experts', 'feature_reduction', 'MULTI_TIMEFRAME_TRAINING', 'TIMEFRAMES', 'TIMEFRAME_SETS', 'DEFAULT_TIMEFRAME_SET', 'TWO_TIER_DECISION', 'ENHANCED_ENSEMBLE', 'meta_labeling', 'multi_timeframe_regime_integration', 'regime_specific_tpsl_optimizer', 'TRANSITION_MODELING', 'CHECKPOINT_DIR']", "correlation_id": "-", "session_id": "-", "timestamp": "2025-08-19T17:42:37.144984+00:00"}
{"asctime": "2025-08-19 19:42:37,145", "levelname": "INFO", "name": "AresTradingSystem.System.VectorizedCandlestickPatternAnalyzer", "message": "✅ VectorizedCandlestickPatternAnalyzer initialized successfully", "correlation_id": "-", "session_id": "-", "timestamp": "2025-08-19T17:42:37.145057+00:00"}
{"asctime": "2025-08-19 19:42:37,145", "levelname": "INFO", "name": "AresTradingSystem.System.VectorizedAdvancedFeatureEngineering", "message": "✅ Candlestick analyzer initialized successfully", "correlation_id": "-", "session_id": "-", "timestamp": "2025-08-19T17:42:37.145115+00:00"}
{"asctime": "2025-08-19 19:42:37,145", "levelname": "INFO", "name": "AresTradingSystem.System.VectorizedAdvancedFeatureEngineering", "message": "🔍 Creating VectorizedSRDistanceCalculator...", "correlation_id": "-", "session_id": "-", "timestamp": "2025-08-19T17:42:37.145167+00:00"}
{"asctime": "2025-08-19 19:42:37,145", "levelname": "INFO", "name": "AresTradingSystem.System.VectorizedAdvancedFeatureEngineering", "message": "🔍 VectorizedSRDistanceCalculator created, initializing...", "correlation_id": "-", "session_id": "-", "timestamp": "2025-08-19T17:42:37.145222+00:00"}
{"asctime": "2025-08-19 19:42:37,145", "levelname": "INFO", "name": "AresTradingSystem.System.VectorizedSRDistanceCalculator", "message": "🚀 Initializing VectorizedSRDistanceCalculator...", "correlation_id": "-", "session_id": "-", "timestamp": "2025-08-19T17:42:37.145274+00:00"}
{"asctime": "2025-08-19 19:42:37,145", "levelname": "INFO", "name": "AresTradingSystem.System.VectorizedSRDistanceCalculator", "message": "✅ VectorizedSRDistanceCalculator initialized successfully", "correlation_id": "-", "session_id": "-", "timestamp": "2025-08-19T17:42:37.145325+00:00"}
{"asctime": "2025-08-19 19:42:37,145", "levelname": "INFO", "name": "AresTradingSystem.System.VectorizedAdvancedFeatureEngineering", "message": "✅ S/R distance calculator initialized successfully", "correlation_id": "-", "session_id": "-", "timestamp": "2025-08-19T17:42:37.145623+00:00"}
{"asctime": "2025-08-19 19:42:37,145", "levelname": "INFO", "name": "AresTradingSystem.System.VectorizedAdvancedFeatureEngineering", "message": "🔍 Creating VectorizedWaveletTransformAnalyzer...", "correlation_id": "-", "session_id": "-", "timestamp": "2025-08-19T17:42:37.145706+00:00"}
{"asctime": "2025-08-19 19:42:37,145", "levelname": "INFO", "name": "AresTradingSystem.System.VectorizedAdvancedFeatureEngineering", "message": "🔍 VectorizedWaveletTransformAnalyzer created, initializing...", "correlation_id": "-", "session_id": "-", "timestamp": "2025-08-19T17:42:37.145765+00:00"}
{"asctime": "2025-08-19 19:42:37,145", "levelname": "INFO", "name": "AresTradingSystem.System.VectorizedWaveletTransformAnalyzer", "message": "🚀 Initializing VectorizedWaveletTransformAnalyzer...", "correlation_id": "-", "session_id": "-", "timestamp": "2025-08-19T17:42:37.145839+00:00"}
{"asctime": "2025-08-19 19:42:37,145", "levelname": "INFO", "name": "AresTradingSystem.System.VectorizedWaveletTransformAnalyzer", "message": "✅ VectorizedWaveletTransformAnalyzer initialized successfully", "correlation_id": "-", "session_id": "-", "timestamp": "2025-08-19T17:42:37.145910+00:00"}
{"asctime": "2025-08-19 19:42:37,145", "levelname": "INFO", "name": "AresTradingSystem.System.VectorizedAdvancedFeatureEngineering", "message": "✅ Wavelet analyzer initialized successfully", "correlation_id": "-", "session_id": "-", "timestamp": "2025-08-19T17:42:37.145974+00:00"}
{"asctime": "2025-08-19 19:42:37,146", "levelname": "INFO", "name": "AresTradingSystem.System.VectorizedAdvancedFeatureEngineering", "message": "ℹ️ Meta-labeling system removed - using only HMM market regimes for labeling", "correlation_id": "-", "session_id": "-", "timestamp": "2025-08-19T17:42:37.146034+00:00"}
{"asctime": "2025-08-19 19:42:37,146", "levelname": "INFO", "name": "AresTradingSystem.System.VectorizedAdvancedFeatureEngineering", "message": "✅ Vectorized advanced feature engineering initialized successfully", "correlation_id": "-", "session_id": "-", "timestamp": "2025-08-19T17:42:37.146098+00:00"}
{"asctime": "2025-08-19 19:42:37,146", "levelname": "INFO", "name": "AresTradingSystem.System.VectorizedTrainingPipeline", "message": "🔧 Initialized vectorized feature engineering", "correlation_id": "-", "session_id": "-", "timestamp": "2025-08-19T17:42:37.146157+00:00"}
{"asctime": "2025-08-19 19:42:37,146", "levelname": "INFO", "name": "AresTradingSystem.System.VectorizedTrainingPipeline", "message": "✅ Vectorized Training Pipeline initialized successfully", "correlation_id": "-", "session_id": "-", "timestamp": "2025-08-19T17:42:37.146219+00:00"}
{"asctime": "2025-08-19 19:42:37,146", "levelname": "INFO", "name": "AresTradingSystem.System.EnhancedTrainingManager", "message": "✅ Vectorized Training Pipeline initialized", "correlation_id": "-", "session_id": "-", "timestamp": "2025-08-19T17:42:37.146274+00:00"}
{"asctime": "2025-08-19 19:42:37,146", "levelname": "INFO", "name": "AresTradingSystem.System.EnhancedTrainingManager", "message": "✅ Enhanced Training Manager initialized successfully", "correlation_id": "-", "session_id": "-", "timestamp": "2025-08-19T17:42:37.146328+00:00"}
{"asctime": "2025-08-19 19:42:37,146", "levelname": "INFO", "name": "AresTradingSystem.System.EnhancedTrainingManager", "message": "================================================================================", "correlation_id": "-", "session_id": "-", "timestamp": "2025-08-19T17:42:37.146610+00:00"}
{"asctime": "2025-08-19 19:42:37,146", "levelname": "INFO", "name": "AresTradingSystem.System.EnhancedTrainingManager", "message": "🚀 COMPREHENSIVE 15-STEP ENHANCED TRAINING PIPELINE START", "correlation_id": "-", "session_id": "-", "timestamp": "2025-08-19T17:42:37.146668+00:00"}
{"asctime": "2025-08-19 19:42:37,146", "levelname": "INFO", "name": "AresTradingSystem.System.EnhancedTrainingManager", "message": "================================================================================", "correlation_id": "-", "session_id": "-", "timestamp": "2025-08-19T17:42:37.146721+00:00"}
{"asctime": "2025-08-19 19:42:37,146", "levelname": "INFO", "name": "AresTradingSystem.System.EnhancedTrainingManager", "message": "📅 Started at: 2025-08-19 19:42:37", "correlation_id": "-", "session_id": "-", "timestamp": "2025-08-19T17:42:37.146786+00:00"}
{"asctime": "2025-08-19 19:42:37,146", "levelname": "INFO", "name": "AresTradingSystem.System.EnhancedTrainingManager", "message": "🎯 Symbol: ETHUSDT", "correlation_id": "-", "session_id": "-", "timestamp": "2025-08-19T17:42:37.146840+00:00"}
{"asctime": "2025-08-19 19:42:37,146", "levelname": "INFO", "name": "AresTradingSystem.System.EnhancedTrainingManager", "message": "🏢 Exchange: BINANCE", "correlation_id": "-", "session_id": "-", "timestamp": "2025-08-19T17:42:37.146897+00:00"}
{"asctime": "2025-08-19 19:42:37,146", "levelname": "INFO", "name": "AresTradingSystem.System.EnhancedTrainingManager", "message": "📊 Training Mode: N/A", "correlation_id": "-", "session_id": "-", "timestamp": "2025-08-19T17:42:37.146952+00:00"}
{"asctime": "2025-08-19 19:42:37,147", "levelname": "INFO", "name": "AresTradingSystem.System.EnhancedTrainingManager", "message": "📈 Lookback Days: 180", "correlation_id": "-", "session_id": "-", "timestamp": "2025-08-19T17:42:37.147005+00:00"}
{"asctime": "2025-08-19 19:42:37,147", "levelname": "INFO", "name": "AresTradingSystem.System.EnhancedTrainingManager", "message": "🔧 Blank Training Mode: True", "correlation_id": "-", "session_id": "-", "timestamp": "2025-08-19T17:42:37.147061+00:00"}
{"asctime": "2025-08-19 19:42:37,147", "levelname": "INFO", "name": "AresTradingSystem.System.EnhancedTrainingManager", "message": "🔧 Max Trials: 200", "correlation_id": "-", "session_id": "-", "timestamp": "2025-08-19T17:42:37.147113+00:00"}
{"asctime": "2025-08-19 19:42:37,147", "levelname": "INFO", "name": "AresTradingSystem.System.EnhancedTrainingManager", "message": "🔧 N Trials: 100", "correlation_id": "-", "session_id": "-", "timestamp": "2025-08-19T17:42:37.147166+00:00"}
{"asctime": "2025-08-19 19:42:37,147", "levelname": "INFO", "name": "AresTradingSystem.System.EnhancedTrainingManager", "message": "🚀 Initializing optimized tools...", "correlation_id": "-", "session_id": "-", "timestamp": "2025-08-19T17:42:37.147234+00:00"}
{"asctime": "2025-08-19 19:42:37,147", "levelname": "ERROR", "name": "AresTradingSystem.System.EnhancedTrainingManager", "message": "❌ Failed to initialize optimized tools: 'EnhancedTrainingManager' object has no attribute 'optimized_manager'", "correlation_id": "-", "session_id": "-", "exc_info": "Traceback (most recent call last):\n  File \"/Users/remyroche/Documents/Ares/src/training/enhanced_training_manager.py\", line 3668, in _initialize_optimized_tools\n    await self.optimized_manager.initialize()\n          ^^^^^^^^^^^^^^^^^^^^^^\nAttributeError: 'EnhancedTrainingManager' object has no attribute 'optimized_manager'. Did you mean: 'get_optimized_manager'?", "timestamp": "2025-08-19T17:42:37.147303+00:00"}
{"asctime": "2025-08-19 19:42:37,154", "levelname": "INFO", "name": "AresTradingSystem.System.EnhancedTrainingManager", "message": "🚀 Starting fresh training...", "correlation_id": "-", "session_id": "-", "timestamp": "2025-08-19T17:42:37.154610+00:00"}
{"asctime": "2025-08-19 19:42:37,154", "levelname": "INFO", "name": "AresTradingSystem.System.EnhancedTrainingManager", "message": "🧹 Force rerun enabled - clearing artifacts from step2_feature_engineering and subsequent steps", "correlation_id": "-", "session_id": "-", "timestamp": "2025-08-19T17:42:37.154732+00:00"}
{"asctime": "2025-08-19 19:42:37,154", "levelname": "INFO", "name": "AresTradingSystem.System.EnhancedTrainingManager", "message": "🧹 Clearing artifacts from step2_feature_engineering onward", "correlation_id": "-", "session_id": "-", "timestamp": "2025-08-19T17:42:37.154805+00:00"}
{"asctime": "2025-08-19 19:42:37,164", "levelname": "INFO", "name": "AresTradingSystem.System.EnhancedTrainingManager", "message": "✅ Cleared artifacts for 17 steps: ['step2_feature_engineering', 'step2_5_enhanced_matrix_operations', 'step3_hmm_regime_discovery', 'step4_processing_labeling', 'step5_regime_data_splitting', 'step5_5_enhanced_model_training_operations', 'step6_hmm_based_training', 'step6_5_unified_regime_intelligence', 'step7_analyst_enhancement', 'step8_tactician_labeling', 'step9_tactician_specialist_training', 'step10_confidence_calibration', 'step11_final_parameters_optimization', 'step12_walk_forward_validation', 'step13_monte_carlo_validation', 'step14_ab_testing', 'step15_saving']", "correlation_id": "-", "session_id": "-", "timestamp": "2025-08-19T17:42:37.164146+00:00"}
{"asctime": "2025-08-19 19:42:37,164", "levelname": "INFO", "name": "AresTradingSystem.System.EnhancedTrainingManager", "message": "✅ Cleared artifacts and checkpoints from step2_feature_engineering onward", "correlation_id": "-", "session_id": "-", "timestamp": "2025-08-19T17:42:37.164269+00:00"}
{"asctime": "2025-08-19 19:42:37,164", "levelname": "INFO", "name": "AresTradingSystem.System.EnhancedTrainingManager", "message": "====================================================================================================", "correlation_id": "-", "session_id": "-", "timestamp": "2025-08-19T17:42:37.164335+00:00"}
{"asctime": "2025-08-19 19:42:37,164", "levelname": "INFO", "name": "AresTradingSystem.System.EnhancedTrainingManager", "message": "🚀 COMPREHENSIVE 15-STEP TRAINING PIPELINE START", "correlation_id": "-", "session_id": "-", "timestamp": "2025-08-19T17:42:37.164393+00:00"}
{"asctime": "2025-08-19 19:42:37,164", "levelname": "INFO", "name": "AresTradingSystem.System.EnhancedTrainingManager", "message": "====================================================================================================", "correlation_id": "-", "session_id": "-", "timestamp": "2025-08-19T17:42:37.164452+00:00"}
{"asctime": "2025-08-19 19:42:37,164", "levelname": "INFO", "name": "AresTradingSystem.System.EnhancedTrainingManager", "message": "📅 Started at: 2025-08-19 19:42:37", "correlation_id": "-", "session_id": "-", "timestamp": "2025-08-19T17:42:37.164517+00:00"}
{"asctime": "2025-08-19 19:42:37,164", "levelname": "INFO", "name": "AresTradingSystem.System.EnhancedTrainingManager", "message": "🎯 Symbol: ETHUSDT", "correlation_id": "-", "session_id": "-", "timestamp": "2025-08-19T17:42:37.164571+00:00"}
{"asctime": "2025-08-19 19:42:37,164", "levelname": "INFO", "name": "AresTradingSystem.System.EnhancedTrainingManager", "message": "🏢 Exchange: BINANCE", "correlation_id": "-", "session_id": "-", "timestamp": "2025-08-19T17:42:37.164636+00:00"}
{"asctime": "2025-08-19 19:42:37,164", "levelname": "INFO", "name": "AresTradingSystem.System.EnhancedTrainingManager", "message": "📊 Timeframe: 1m", "correlation_id": "-", "session_id": "-", "timestamp": "2025-08-19T17:42:37.164691+00:00"}
{"asctime": "2025-08-19 19:42:37,164", "levelname": "INFO", "name": "AresTradingSystem.System.EnhancedTrainingManager", "message": "🧠 Training Mode: Blank", "correlation_id": "-", "session_id": "-", "timestamp": "2025-08-19T17:42:37.164748+00:00"}
{"asctime": "2025-08-19 19:42:37,164", "levelname": "INFO", "name": "AresTradingSystem.System.EnhancedTrainingManager", "message": "🔧 Max Trials: 200", "correlation_id": "-", "session_id": "-", "timestamp": "2025-08-19T17:42:37.164802+00:00"}
{"asctime": "2025-08-19 19:42:37,164", "levelname": "INFO", "name": "AresTradingSystem.System.EnhancedTrainingManager", "message": "📈 Lookback Days: 180", "correlation_id": "-", "session_id": "-", "timestamp": "2025-08-19T17:42:37.164855+00:00"}
{"asctime": "2025-08-19 19:42:37,164", "levelname": "INFO", "name": "AresTradingSystem.System.EnhancedTrainingManager", "message": "💾 Memory Optimization: Enabled", "correlation_id": "-", "session_id": "-", "timestamp": "2025-08-19T17:42:37.164908+00:00"}
{"asctime": "2025-08-19 19:42:37,164", "levelname": "INFO", "name": "AresTradingSystem.System.EnhancedTrainingManager", "message": "🚀 Starting from step: step2_feature_engineering", "correlation_id": "-", "session_id": "-", "timestamp": "2025-08-19T17:42:37.164961+00:00"}
{"asctime": "2025-08-19 19:42:37,165", "levelname": "INFO", "name": "AresTradingSystem.System.EnhancedTrainingManager", "message": "====================================================================================================", "correlation_id": "-", "session_id": "-", "timestamp": "2025-08-19T17:42:37.165016+00:00"}
{"asctime": "2025-08-19 19:42:37,165", "levelname": "INFO", "name": "AresTradingSystem.System.EnhancedTrainingManager", "message": "⏭️  Skipping Step 1: Data Collection (using pre-consolidated data)", "correlation_id": "-", "session_id": "-", "timestamp": "2025-08-19T17:42:37.165068+00:00"}
{"asctime": "2025-08-19 19:42:37,165", "levelname": "INFO", "name": "AresTradingSystem.System.EnhancedTrainingManager", "message": "💓 Step 2: Feature Engineering", "correlation_id": "-", "session_id": "-", "timestamp": "2025-08-19T17:42:37.165142+00:00"}
{"asctime": "2025-08-19 19:42:37,165", "levelname": "INFO", "name": "AresTradingSystem.System.EnhancedTrainingManager", "message": "🔍 Validating dependencies for step2_feature_engineering", "correlation_id": "-", "session_id": "-", "timestamp": "2025-08-19T17:42:37.165205+00:00"}
{"asctime": "2025-08-19 19:42:37,165", "levelname": "INFO", "name": "AresTradingSystem.System.EnhancedTrainingManager", "message": "✅ Force rerun enabled for step2_feature_engineering, skipping dependency validation", "correlation_id": "-", "session_id": "-", "timestamp": "2025-08-19T17:42:37.165257+00:00"}
{"asctime": "2025-08-19 19:42:37,211", "levelname": "INFO", "name": "AresTradingSystem.System.VectorizedAdvancedFeatureEngineering", "message": "✅ Subsampling disabled for blank/short-blank horizon (<=180d)", "correlation_id": "ab6bc74a883a42a2936a50a222a1067e", "session_id": "-", "timestamp": "2025-08-19T17:42:37.211964+00:00"}
{"asctime": "2025-08-19 19:42:37,212", "levelname": "INFO", "name": "AresTradingSystem.System.VectorizedAdvancedFeatureEngineering", "message": "✅ Configured joblib memory cache: data/joblib_cache", "correlation_id": "ab6bc74a883a42a2936a50a222a1067e", "session_id": "-", "timestamp": "2025-08-19T17:42:37.212085+00:00"}
{"asctime": "2025-08-19 19:42:37,212", "levelname": "INFO", "name": "AresTradingSystem.System.VectorizedAdvancedFeatureEngineering", "message": "🚀 Initializing vectorized advanced feature engineering...", "correlation_id": "ab6bc74a883a42a2936a50a222a1067e", "session_id": "-", "timestamp": "2025-08-19T17:42:37.212169+00:00"}
{"asctime": "2025-08-19 19:42:37,212", "levelname": "INFO", "name": "AresTradingSystem.System.WaveletFeatureCache", "message": "✅ Cache directory initialized: data/wavelet_cache", "correlation_id": "ab6bc74a883a42a2936a50a222a1067e", "session_id": "-", "timestamp": "2025-08-19T17:42:37.212304+00:00"}
{"asctime": "2025-08-19 19:42:37,212", "levelname": "INFO", "name": "AresTradingSystem.System.VectorizedVolatilityRegimeModel", "message": "🚀 Initializing VectorizedVolatilityRegimeModel...", "correlation_id": "ab6bc74a883a42a2936a50a222a1067e", "session_id": "-", "timestamp": "2025-08-19T17:42:37.212366+00:00"}
{"asctime": "2025-08-19 19:42:37,212", "levelname": "INFO", "name": "AresTradingSystem.System.VectorizedVolatilityRegimeModel", "message": "✅ VectorizedVolatilityRegimeModel initialized successfully", "correlation_id": "ab6bc74a883a42a2936a50a222a1067e", "session_id": "-", "timestamp": "2025-08-19T17:42:37.212435+00:00"}
{"asctime": "2025-08-19 19:42:37,212", "levelname": "INFO", "name": "AresTradingSystem.System.VectorizedCorrelationAnalyzer", "message": "🚀 Initializing VectorizedCorrelationAnalyzer...", "correlation_id": "ab6bc74a883a42a2936a50a222a1067e", "session_id": "-", "timestamp": "2025-08-19T17:42:37.212492+00:00"}
{"asctime": "2025-08-19 19:42:37,212", "levelname": "INFO", "name": "AresTradingSystem.System.VectorizedCorrelationAnalyzer", "message": "✅ VectorizedCorrelationAnalyzer initialized successfully", "correlation_id": "ab6bc74a883a42a2936a50a222a1067e", "session_id": "-", "timestamp": "2025-08-19T17:42:37.212545+00:00"}
{"asctime": "2025-08-19 19:42:37,212", "levelname": "INFO", "name": "AresTradingSystem.System.VectorizedMomentumAnalyzer", "message": "🚀 Initializing VectorizedMomentumAnalyzer...", "correlation_id": "ab6bc74a883a42a2936a50a222a1067e", "session_id": "-", "timestamp": "2025-08-19T17:42:37.212602+00:00"}
{"asctime": "2025-08-19 19:42:37,212", "levelname": "INFO", "name": "AresTradingSystem.System.VectorizedMomentumAnalyzer", "message": "✅ VectorizedMomentumAnalyzer initialized successfully", "correlation_id": "ab6bc74a883a42a2936a50a222a1067e", "session_id": "-", "timestamp": "2025-08-19T17:42:37.212659+00:00"}
{"asctime": "2025-08-19 19:42:37,212", "levelname": "INFO", "name": "AresTradingSystem.System.VectorizedAdvancedFeatureEngineering", "message": "🔍 Creating VectorizedLiquidityAnalyzer...", "correlation_id": "ab6bc74a883a42a2936a50a222a1067e", "session_id": "-", "timestamp": "2025-08-19T17:42:37.212718+00:00"}
{"asctime": "2025-08-19 19:42:37,212", "levelname": "INFO", "name": "AresTradingSystem.System.VectorizedAdvancedFeatureEngineering", "message": "🔍 VectorizedLiquidityAnalyzer created, initializing...", "correlation_id": "ab6bc74a883a42a2936a50a222a1067e", "session_id": "-", "timestamp": "2025-08-19T17:42:37.212779+00:00"}
{"asctime": "2025-08-19 19:42:37,212", "levelname": "INFO", "name": "AresTradingSystem.System.VectorizedLiquidityAnalyzer", "message": "🚀 Initializing VectorizedLiquidityAnalyzer...", "correlation_id": "ab6bc74a883a42a2936a50a222a1067e", "session_id": "-", "timestamp": "2025-08-19T17:42:37.212835+00:00"}
{"asctime": "2025-08-19 19:42:37,212", "levelname": "INFO", "name": "AresTradingSystem.System.VectorizedLiquidityAnalyzer", "message": "✅ VectorizedLiquidityAnalyzer initialized successfully", "correlation_id": "ab6bc74a883a42a2936a50a222a1067e", "session_id": "-", "timestamp": "2025-08-19T17:42:37.212892+00:00"}
{"asctime": "2025-08-19 19:42:37,212", "levelname": "INFO", "name": "AresTradingSystem.System.VectorizedAdvancedFeatureEngineering", "message": "✅ Liquidity analyzer initialized successfully", "correlation_id": "ab6bc74a883a42a2936a50a222a1067e", "session_id": "-", "timestamp": "2025-08-19T17:42:37.212944+00:00"}
{"asctime": "2025-08-19 19:42:37,213", "levelname": "INFO", "name": "AresTradingSystem.System.VectorizedAdvancedFeatureEngineering", "message": "🔍 Creating VectorizedCandlestickPatternAnalyzer...", "correlation_id": "ab6bc74a883a42a2936a50a222a1067e", "session_id": "-", "timestamp": "2025-08-19T17:42:37.213002+00:00"}
{"asctime": "2025-08-19 19:42:37,213", "levelname": "INFO", "name": "AresTradingSystem.System.VectorizedAdvancedFeatureEngineering", "message": "🔍 VectorizedCandlestickPatternAnalyzer created, initializing...", "correlation_id": "ab6bc74a883a42a2936a50a222a1067e", "session_id": "-", "timestamp": "2025-08-19T17:42:37.213057+00:00"}
{"asctime": "2025-08-19 19:42:37,213", "levelname": "INFO", "name": "AresTradingSystem.System.VectorizedCandlestickPatternAnalyzer", "message": "🚀 Initializing VectorizedCandlestickPatternAnalyzer...", "correlation_id": "ab6bc74a883a42a2936a50a222a1067e", "session_id": "-", "timestamp": "2025-08-19T17:42:37.213109+00:00"}
{"asctime": "2025-08-19 19:42:37,213", "levelname": "INFO", "name": "AresTradingSystem.System.VectorizedCandlestickPatternAnalyzer", "message": "🔍 Config keys: ['vectorized_advanced_features', 'symbol', 'exchange']", "correlation_id": "ab6bc74a883a42a2936a50a222a1067e", "session_id": "-", "timestamp": "2025-08-19T17:42:37.213164+00:00"}
{"asctime": "2025-08-19 19:42:37,213", "levelname": "INFO", "name": "AresTradingSystem.System.VectorizedCandlestickPatternAnalyzer", "message": "✅ VectorizedCandlestickPatternAnalyzer initialized successfully", "correlation_id": "ab6bc74a883a42a2936a50a222a1067e", "session_id": "-", "timestamp": "2025-08-19T17:42:37.213215+00:00"}
{"asctime": "2025-08-19 19:42:37,213", "levelname": "INFO", "name": "AresTradingSystem.System.VectorizedAdvancedFeatureEngineering", "message": "✅ Candlestick analyzer initialized successfully", "correlation_id": "ab6bc74a883a42a2936a50a222a1067e", "session_id": "-", "timestamp": "2025-08-19T17:42:37.213280+00:00"}
{"asctime": "2025-08-19 19:42:37,213", "levelname": "INFO", "name": "AresTradingSystem.System.VectorizedAdvancedFeatureEngineering", "message": "🔍 Creating VectorizedSRDistanceCalculator...", "correlation_id": "ab6bc74a883a42a2936a50a222a1067e", "session_id": "-", "timestamp": "2025-08-19T17:42:37.213333+00:00"}
{"asctime": "2025-08-19 19:42:37,213", "levelname": "INFO", "name": "AresTradingSystem.System.VectorizedAdvancedFeatureEngineering", "message": "🔍 VectorizedSRDistanceCalculator created, initializing...", "correlation_id": "ab6bc74a883a42a2936a50a222a1067e", "session_id": "-", "timestamp": "2025-08-19T17:42:37.213388+00:00"}
{"asctime": "2025-08-19 19:42:37,213", "levelname": "INFO", "name": "AresTradingSystem.System.VectorizedSRDistanceCalculator", "message": "🚀 Initializing VectorizedSRDistanceCalculator...", "correlation_id": "ab6bc74a883a42a2936a50a222a1067e", "session_id": "-", "timestamp": "2025-08-19T17:42:37.213440+00:00"}
{"asctime": "2025-08-19 19:42:37,213", "levelname": "INFO", "name": "AresTradingSystem.System.VectorizedSRDistanceCalculator", "message": "✅ VectorizedSRDistanceCalculator initialized successfully", "correlation_id": "ab6bc74a883a42a2936a50a222a1067e", "session_id": "-", "timestamp": "2025-08-19T17:42:37.213494+00:00"}
{"asctime": "2025-08-19 19:42:37,213", "levelname": "INFO", "name": "AresTradingSystem.System.VectorizedAdvancedFeatureEngineering", "message": "✅ S/R distance calculator initialized successfully", "correlation_id": "ab6bc74a883a42a2936a50a222a1067e", "session_id": "-", "timestamp": "2025-08-19T17:42:37.213546+00:00"}
{"asctime": "2025-08-19 19:42:37,213", "levelname": "INFO", "name": "AresTradingSystem.System.VectorizedAdvancedFeatureEngineering", "message": "🔍 Creating VectorizedWaveletTransformAnalyzer...", "correlation_id": "ab6bc74a883a42a2936a50a222a1067e", "session_id": "-", "timestamp": "2025-08-19T17:42:37.213598+00:00"}
{"asctime": "2025-08-19 19:42:37,213", "levelname": "INFO", "name": "AresTradingSystem.System.VectorizedAdvancedFeatureEngineering", "message": "🔍 VectorizedWaveletTransformAnalyzer created, initializing...", "correlation_id": "ab6bc74a883a42a2936a50a222a1067e", "session_id": "-", "timestamp": "2025-08-19T17:42:37.213653+00:00"}
{"asctime": "2025-08-19 19:42:37,213", "levelname": "INFO", "name": "AresTradingSystem.System.VectorizedWaveletTransformAnalyzer", "message": "🚀 Initializing VectorizedWaveletTransformAnalyzer...", "correlation_id": "ab6bc74a883a42a2936a50a222a1067e", "session_id": "-", "timestamp": "2025-08-19T17:42:37.213712+00:00"}
{"asctime": "2025-08-19 19:42:37,213", "levelname": "INFO", "name": "AresTradingSystem.System.VectorizedWaveletTransformAnalyzer", "message": "✅ VectorizedWaveletTransformAnalyzer initialized successfully", "correlation_id": "ab6bc74a883a42a2936a50a222a1067e", "session_id": "-", "timestamp": "2025-08-19T17:42:37.213766+00:00"}
{"asctime": "2025-08-19 19:42:37,213", "levelname": "INFO", "name": "AresTradingSystem.System.VectorizedAdvancedFeatureEngineering", "message": "✅ Wavelet analyzer initialized successfully", "correlation_id": "ab6bc74a883a42a2936a50a222a1067e", "session_id": "-", "timestamp": "2025-08-19T17:42:37.213820+00:00"}
{"asctime": "2025-08-19 19:42:37,213", "levelname": "INFO", "name": "AresTradingSystem.System.VectorizedAdvancedFeatureEngineering", "message": "ℹ️ Meta-labeling system removed - using only HMM market regimes for labeling", "correlation_id": "ab6bc74a883a42a2936a50a222a1067e", "session_id": "-", "timestamp": "2025-08-19T17:42:37.213877+00:00"}
{"asctime": "2025-08-19 19:42:37,213", "levelname": "INFO", "name": "AresTradingSystem.System.VectorizedAdvancedFeatureEngineering", "message": "✅ Vectorized advanced feature engineering initialized successfully", "correlation_id": "ab6bc74a883a42a2936a50a222a1067e", "session_id": "-", "timestamp": "2025-08-19T17:42:37.213931+00:00"}
{"asctime": "2025-08-19 19:42:37,222", "levelname": "INFO", "name": "AresTradingSystem.System.VectorizedAdvancedFeatureEngineering", "message": "🔍 Data quality validation will be performed automatically by decorators", "correlation_id": "ab6bc74a883a42a2936a50a222a1067e", "session_id": "-", "timestamp": "2025-08-19T17:42:37.222377+00:00"}
{"asctime": "2025-08-19 19:42:37,222", "levelname": "INFO", "name": "AresTradingSystem.System.VectorizedAdvancedFeatureEngineering", "message": "🔍 Input price_data shape: (169864, 5)", "correlation_id": "ab6bc74a883a42a2936a50a222a1067e", "session_id": "-", "timestamp": "2025-08-19T17:42:37.222452+00:00"}
{"asctime": "2025-08-19 19:42:37,222", "levelname": "INFO", "name": "AresTradingSystem.System.VectorizedAdvancedFeatureEngineering", "message": "🔍 Input price_data columns: ['open', 'high', 'low', 'close', 'volume']", "correlation_id": "ab6bc74a883a42a2936a50a222a1067e", "session_id": "-", "timestamp": "2025-08-19T17:42:37.222515+00:00"}
{"asctime": "2025-08-19 19:42:37,222", "levelname": "INFO", "name": "AresTradingSystem.System.VectorizedAdvancedFeatureEngineering", "message": "🔍 Input volume_data shape: (169864, 1)", "correlation_id": "ab6bc74a883a42a2936a50a222a1067e", "session_id": "-", "timestamp": "2025-08-19T17:42:37.222577+00:00"}
{"asctime": "2025-08-19 19:42:37,222", "levelname": "INFO", "name": "AresTradingSystem.System.VectorizedAdvancedFeatureEngineering", "message": "🔍 Input volume_data columns: ['volume']", "correlation_id": "ab6bc74a883a42a2936a50a222a1067e", "session_id": "-", "timestamp": "2025-08-19T17:42:37.222646+00:00"}
{"asctime": "2025-08-19 19:42:37,223", "levelname": "INFO", "name": "AresTradingSystem.System.VectorizedAdvancedFeatureEngineering", "message": "🔍 Price data range: 54.727000 to 325265.823000", "correlation_id": "ab6bc74a883a42a2936a50a222a1067e", "session_id": "-", "timestamp": "2025-08-19T17:42:37.223862+00:00"}
{"asctime": "2025-08-19 19:42:37,224", "levelname": "INFO", "name": "AresTradingSystem.System.VectorizedAdvancedFeatureEngineering", "message": "🔍 Price data NaN count: 0", "correlation_id": "ab6bc74a883a42a2936a50a222a1067e", "session_id": "-", "timestamp": "2025-08-19T17:42:37.224330+00:00"}
{"asctime": "2025-08-19 19:42:37,224", "levelname": "INFO", "name": "AresTradingSystem.System.VectorizedAdvancedFeatureEngineering", "message": "🔍 Volume data range: 54.727000 to 325265.823000", "correlation_id": "ab6bc74a883a42a2936a50a222a1067e", "session_id": "-", "timestamp": "2025-08-19T17:42:37.224721+00:00"}
{"asctime": "2025-08-19 19:42:37,224", "levelname": "INFO", "name": "AresTradingSystem.System.VectorizedAdvancedFeatureEngineering", "message": "🔍 Volume data NaN count: 0", "correlation_id": "ab6bc74a883a42a2936a50a222a1067e", "session_id": "-", "timestamp": "2025-08-19T17:42:37.224926+00:00"}
{"asctime": "2025-08-19 19:42:37,224", "levelname": "INFO", "name": "AresTradingSystem.System.VectorizedAdvancedFeatureEngineering", "message": "🔍 No order flow data provided", "correlation_id": "ab6bc74a883a42a2936a50a222a1067e", "session_id": "-", "timestamp": "2025-08-19T17:42:37.224983+00:00"}
{"asctime": "2025-08-19 19:42:37,225", "levelname": "INFO", "name": "AresTradingSystem.System.VectorizedAdvancedFeatureEngineering", "message": "🔧 Preprocessing price data for irregular intervals...", "correlation_id": "ab6bc74a883a42a2936a50a222a1067e", "session_id": "-", "timestamp": "2025-08-19T17:42:37.225066+00:00"}
{"asctime": "2025-08-19 19:42:47,235", "levelname": "INFO", "name": "AresTradingSystem.System.VectorizedAdvancedFeatureEngineering", "message": "✅ Price data preprocessing completed:", "correlation_id": "ab6bc74a883a42a2936a50a222a1067e", "session_id": "-", "timestamp": "2025-08-19T17:42:47.235435+00:00"}
{"asctime": "2025-08-19 19:42:47,235", "levelname": "INFO", "name": "AresTradingSystem.System.VectorizedAdvancedFeatureEngineering", "message": "   Method: enhanced", "correlation_id": "ab6bc74a883a42a2936a50a222a1067e", "session_id": "-", "timestamp": "2025-08-19T17:42:47.235545+00:00"}
{"asctime": "2025-08-19 19:42:47,235", "levelname": "INFO", "name": "AresTradingSystem.System.VectorizedAdvancedFeatureEngineering", "message": "   Original shape: (169864, 5)", "correlation_id": "ab6bc74a883a42a2936a50a222a1067e", "session_id": "-", "timestamp": "2025-08-19T17:42:47.235610+00:00"}
{"asctime": "2025-08-19 19:42:47,235", "levelname": "INFO", "name": "AresTradingSystem.System.VectorizedAdvancedFeatureEngineering", "message": "   Preprocessed shape: (172437, 5)", "correlation_id": "ab6bc74a883a42a2936a50a222a1067e", "session_id": "-", "timestamp": "2025-08-19T17:42:47.235784+00:00"}
{"asctime": "2025-08-19 19:42:47,235", "levelname": "INFO", "name": "AresTradingSystem.System.VectorizedAdvancedFeatureEngineering", "message": "   Quality improvement: 0.000", "correlation_id": "ab6bc74a883a42a2936a50a222a1067e", "session_id": "-", "timestamp": "2025-08-19T17:42:47.235855+00:00"}
{"asctime": "2025-08-19 19:42:47,235", "levelname": "INFO", "name": "AresTradingSystem.System.VectorizedAdvancedFeatureEngineering", "message": "🔧 Enhanced preprocessing for volume data...", "correlation_id": "ab6bc74a883a42a2936a50a222a1067e", "session_id": "-", "timestamp": "2025-08-19T17:42:47.235918+00:00"}
{"asctime": "2025-08-19 19:42:57,220", "levelname": "INFO", "name": "AresTradingSystem.System.VectorizedAdvancedFeatureEngineering", "message": "✅ Volume data enhanced preprocessing completed", "correlation_id": "ab6bc74a883a42a2936a50a222a1067e", "session_id": "-", "timestamp": "2025-08-19T17:42:57.220874+00:00"}
{"asctime": "2025-08-19 19:42:57,220", "levelname": "INFO", "name": "AresTradingSystem.System.VectorizedAdvancedFeatureEngineering", "message": "🔍 Input price_data columns: ['open', 'high', 'low', 'close', 'volume']", "correlation_id": "ab6bc74a883a42a2936a50a222a1067e", "session_id": "-", "timestamp": "2025-08-19T17:42:57.220952+00:00"}
{"asctime": "2025-08-19 19:42:57,221", "levelname": "INFO", "name": "AresTradingSystem.System.VectorizedAdvancedFeatureEngineering", "message": "🔍 Input price_data shape: (172437, 5)", "correlation_id": "ab6bc74a883a42a2936a50a222a1067e", "session_id": "-", "timestamp": "2025-08-19T17:42:57.221013+00:00"}
{"asctime": "2025-08-19 19:42:57,221", "levelname": "INFO", "name": "AresTradingSystem.System.VectorizedAdvancedFeatureEngineering", "message": "🔍 Input volume_data columns: ['volume']", "correlation_id": "ab6bc74a883a42a2936a50a222a1067e", "session_id": "-", "timestamp": "2025-08-19T17:42:57.221072+00:00"}
{"asctime": "2025-08-19 19:42:57,221", "levelname": "INFO", "name": "AresTradingSystem.System.VectorizedAdvancedFeatureEngineering", "message": "🔍 Input volume_data shape: (172437, 1)", "correlation_id": "ab6bc74a883a42a2936a50a222a1067e", "session_id": "-", "timestamp": "2025-08-19T17:42:57.221145+00:00"}
{"asctime": "2025-08-19 19:42:57,224", "levelname": "INFO", "name": "AresTradingSystem.System.VectorizedAdvancedFeatureEngineering", "message": "🔍 Output price_data columns: ['open', 'high', 'low', 'close', 'volume']", "correlation_id": "ab6bc74a883a42a2936a50a222a1067e", "session_id": "-", "timestamp": "2025-08-19T17:42:57.224699+00:00"}
{"asctime": "2025-08-19 19:42:57,224", "levelname": "INFO", "name": "AresTradingSystem.System.VectorizedAdvancedFeatureEngineering", "message": "🔍 Output price_data shape: (172437, 5)", "correlation_id": "ab6bc74a883a42a2936a50a222a1067e", "session_id": "-", "timestamp": "2025-08-19T17:42:57.224837+00:00"}
{"asctime": "2025-08-19 19:42:57,224", "levelname": "INFO", "name": "AresTradingSystem.System.VectorizedAdvancedFeatureEngineering", "message": "🔍 Output volume_data columns: ['volume']", "correlation_id": "ab6bc74a883a42a2936a50a222a1067e", "session_id": "-", "timestamp": "2025-08-19T17:42:57.224896+00:00"}
{"asctime": "2025-08-19 19:42:57,224", "levelname": "INFO", "name": "AresTradingSystem.System.VectorizedAdvancedFeatureEngineering", "message": "🔍 Output volume_data shape: (172437, 1)", "correlation_id": "ab6bc74a883a42a2936a50a222a1067e", "session_id": "-", "timestamp": "2025-08-19T17:42:57.224950+00:00"}
{"asctime": "2025-08-19 19:42:57,227", "levelname": "INFO", "name": "AresTradingSystem.System.VectorizedAdvancedFeatureEngineering", "message": "🔍 Input data validation before feature generation:", "correlation_id": "ab6bc74a883a42a2936a50a222a1067e", "session_id": "-", "timestamp": "2025-08-19T17:42:57.227545+00:00"}
{"asctime": "2025-08-19 19:42:57,227", "levelname": "INFO", "name": "AresTradingSystem.System.VectorizedAdvancedFeatureEngineering", "message": "   Price data shape: (172437, 5)", "correlation_id": "ab6bc74a883a42a2936a50a222a1067e", "session_id": "-", "timestamp": "2025-08-19T17:42:57.227735+00:00"}
{"asctime": "2025-08-19 19:42:57,227", "levelname": "INFO", "name": "AresTradingSystem.System.VectorizedAdvancedFeatureEngineering", "message": "   Volume data shape: (172437, 1)", "correlation_id": "ab6bc74a883a42a2936a50a222a1067e", "session_id": "-", "timestamp": "2025-08-19T17:42:57.227798+00:00"}
{"asctime": "2025-08-19 19:42:57,227", "levelname": "INFO", "name": "AresTradingSystem.System.VectorizedAdvancedFeatureEngineering", "message": "   Order flow data shape: None", "correlation_id": "ab6bc74a883a42a2936a50a222a1067e", "session_id": "-", "timestamp": "2025-08-19T17:42:57.227855+00:00"}
{"asctime": "2025-08-19 19:42:57,228", "levelname": "INFO", "name": "AresTradingSystem.System.VectorizedAdvancedFeatureEngineering", "message": "   Price data index: 2025-02-18 21:03:00 to 2025-06-18 14:59:00", "correlation_id": "ab6bc74a883a42a2936a50a222a1067e", "session_id": "-", "timestamp": "2025-08-19T17:42:57.228168+00:00"}
{"asctime": "2025-08-19 19:42:57,228", "levelname": "INFO", "name": "AresTradingSystem.System.VectorizedAdvancedFeatureEngineering", "message": "   Price data columns: ['open', 'high', 'low', 'close', 'volume']", "correlation_id": "ab6bc74a883a42a2936a50a222a1067e", "session_id": "-", "timestamp": "2025-08-19T17:42:57.228236+00:00"}
{"asctime": "2025-08-19 19:42:57,228", "levelname": "INFO", "name": "AresTradingSystem.System.VectorizedAdvancedFeatureEngineering", "message": "   Volume data index: 2025-02-18 21:03:00 to 2025-06-18 14:59:00", "correlation_id": "ab6bc74a883a42a2936a50a222a1067e", "session_id": "-", "timestamp": "2025-08-19T17:42:57.228487+00:00"}
{"asctime": "2025-08-19 19:42:57,228", "levelname": "INFO", "name": "AresTradingSystem.System.VectorizedAdvancedFeatureEngineering", "message": "   Volume data columns: ['volume']", "correlation_id": "ab6bc74a883a42a2936a50a222a1067e", "session_id": "-", "timestamp": "2025-08-19T17:42:57.228545+00:00"}
{"asctime": "2025-08-19 19:42:57,228", "levelname": "INFO", "name": "AresTradingSystem.System.VectorizedAdvancedFeatureEngineering", "message": "✅ Input data validation passed", "correlation_id": "ab6bc74a883a42a2936a50a222a1067e", "session_id": "-", "timestamp": "2025-08-19T17:42:57.228616+00:00"}
{"asctime": "2025-08-19 19:42:57,228", "levelname": "INFO", "name": "AresTradingSystem.System.VectorizedAdvancedFeatureEngineering", "message": "🔍 Starting feature generation pipeline...", "correlation_id": "ab6bc74a883a42a2936a50a222a1067e", "session_id": "-", "timestamp": "2025-08-19T17:42:57.228679+00:00"}
{"asctime": "2025-08-19 19:42:57,228", "levelname": "INFO", "name": "AresTradingSystem.System.VectorizedAdvancedFeatureEngineering", "message": "🔍 Generating microstructure features...", "correlation_id": "ab6bc74a883a42a2936a50a222a1067e", "session_id": "-", "timestamp": "2025-08-19T17:42:57.228739+00:00"}
{"asctime": "2025-08-19 19:42:57,228", "levelname": "INFO", "name": "AresTradingSystem.System.VectorizedAdvancedFeatureEngineering", "message": "🔍 Starting microstructure feature engineering...", "correlation_id": "ab6bc74a883a42a2936a50a222a1067e", "session_id": "-", "timestamp": "2025-08-19T17:42:57.228793+00:00"}
{"asctime": "2025-08-19 19:42:57,238", "levelname": "INFO", "name": "AresTradingSystem.System.VectorizedAdvancedFeatureEngineering", "message": "🔍 Added price_impact feature, total features: 1", "correlation_id": "ab6bc74a883a42a2936a50a222a1067e", "session_id": "-", "timestamp": "2025-08-19T17:42:57.238720+00:00"}
{"asctime": "2025-08-19 19:42:57,244", "levelname": "INFO", "name": "AresTradingSystem.System.VectorizedAdvancedFeatureEngineering", "message": "🔍 Added volume_price_impact feature, total features: 2", "correlation_id": "ab6bc74a883a42a2936a50a222a1067e", "session_id": "-", "timestamp": "2025-08-19T17:42:57.244375+00:00"}
{"asctime": "2025-08-19 19:42:57,282", "levelname": "INFO", "name": "AresTradingSystem.System.VectorizedAdvancedFeatureEngineering", "message": "🔍 Added 5 volume imbalance variants, total features: 8", "correlation_id": "ab6bc74a883a42a2936a50a222a1067e", "session_id": "-", "timestamp": "2025-08-19T17:42:57.282189+00:00"}
{"asctime": "2025-08-19 19:42:57,283", "levelname": "INFO", "name": "AresTradingSystem.System.VectorizedAdvancedFeatureEngineering", "message": "📊 Using volatility-based spread proxy (aggtrades data not available)", "correlation_id": "ab6bc74a883a42a2936a50a222a1067e", "session_id": "-", "timestamp": "2025-08-19T17:42:57.283227+00:00"}
{"asctime": "2025-08-19 19:42:57,309", "levelname": "INFO", "name": "AresTradingSystem.System.VectorizedAdvancedFeatureEngineering", "message": "🔍 Generated 16 microstructure features", "correlation_id": "ab6bc74a883a42a2936a50a222a1067e", "session_id": "-", "timestamp": "2025-08-19T17:42:57.309476+00:00"}
{"asctime": "2025-08-19 19:42:57,309", "levelname": "INFO", "name": "AresTradingSystem.System.VectorizedAdvancedFeatureEngineering", "message": "🔍 Microstructure feature names: ['price_impact', 'volume_price_impact', 'order_flow_imbalance', 'volume_imbalance_s10_l30', 'volume_imbalance_s20_l60', 'dir_weighted_volume_imbalance_w10', 'dir_weighted_volume_imbalance_w20', 'dir_weighted_volume_imbalance_w50', 'bid_ask_spread_returns', 'bid_ask_spread_level', 'market_depth_change', 'market_depth_returns', 'market_depth_imbalance', 'bb_zscore_20', 'ema20_slope', 'sma50_slope']", "correlation_id": "ab6bc74a883a42a2936a50a222a1067e", "session_id": "-", "timestamp": "2025-08-19T17:42:57.309653+00:00"}
{"asctime": "2025-08-19 19:42:57,309", "levelname": "INFO", "name": "AresTradingSystem.System.VectorizedAdvancedFeatureEngineering", "message": "🔍 Total features after microstructure: 16", "correlation_id": "ab6bc74a883a42a2936a50a222a1067e", "session_id": "-", "timestamp": "2025-08-19T17:42:57.309781+00:00"}
{"asctime": "2025-08-19 19:42:57,309", "levelname": "INFO", "name": "AresTradingSystem.System.VectorizedAdvancedFeatureEngineering", "message": "🔍 Generating context dynamics features...", "correlation_id": "ab6bc74a883a42a2936a50a222a1067e", "session_id": "-", "timestamp": "2025-08-19T17:42:57.309856+00:00"}
{"asctime": "2025-08-19 19:42:57,309", "levelname": "INFO", "name": "AresTradingSystem.System.VectorizedAdvancedFeatureEngineering", "message": "🔍 Available columns in price_data: ['open', 'high', 'low', 'close', 'volume']", "correlation_id": "ab6bc74a883a42a2936a50a222a1067e", "session_id": "-", "timestamp": "2025-08-19T17:42:57.309927+00:00"}
{"asctime": "2025-08-19 19:42:57,309", "levelname": "INFO", "name": "AresTradingSystem.System.VectorizedAdvancedFeatureEngineering", "message": "🔍 Checking for consolidated data availability...", "correlation_id": "ab6bc74a883a42a2936a50a222a1067e", "session_id": "-", "timestamp": "2025-08-19T17:42:57.309995+00:00"}
{"asctime": "2025-08-19 19:42:57,310", "levelname": "INFO", "name": "AresTradingSystem.System.VectorizedAdvancedFeatureEngineering", "message": "🔄 Missing consolidations: ['futures']", "correlation_id": "ab6bc74a883a42a2936a50a222a1067e", "session_id": "-", "timestamp": "2025-08-19T17:42:57.310088+00:00"}
{"asctime": "2025-08-19 19:42:57,310", "levelname": "INFO", "name": "AresTradingSystem.System.VectorizedAdvancedFeatureEngineering", "message": "🔄 Attempting to create missing consolidations using step1_5...", "correlation_id": "ab6bc74a883a42a2936a50a222a1067e", "session_id": "-", "timestamp": "2025-08-19T17:42:57.310148+00:00"}
{"asctime": "2025-08-19 19:42:57,311", "levelname": "WARNING", "name": "AresTradingSystem.System.VectorizedAdvancedFeatureEngineering", "message": "⚠️ Error creating consolidations with step1_5: unsupported operand type(s) for |: 'method_descriptor' and 'NoneType'", "correlation_id": "ab6bc74a883a42a2936a50a222a1067e", "session_id": "-", "timestamp": "2025-08-19T17:42:57.311964+00:00"}
{"asctime": "2025-08-19 19:42:57,314", "levelname": "INFO", "name": "AresTradingSystem.System.VectorizedAdvancedFeatureEngineering", "message": "🔄 No consolidated futures found, falling back to individual files...", "correlation_id": "ab6bc74a883a42a2936a50a222a1067e", "session_id": "-", "timestamp": "2025-08-19T17:42:57.314270+00:00"}
{"asctime": "2025-08-19 19:42:57,314", "levelname": "INFO", "name": "AresTradingSystem.System.VectorizedAdvancedFeatureEngineering", "message": "🔄 Triggering futures consolidation creation for BINANCE_ETHUSDT", "correlation_id": "ab6bc74a883a42a2936a50a222a1067e", "session_id": "-", "timestamp": "2025-08-19T17:42:57.314359+00:00"}
{"asctime": "2025-08-19 19:42:57,314", "levelname": "WARNING", "name": "AresTradingSystem.System.VectorizedAdvancedFeatureEngineering", "message": "⚠️ Error triggering futures consolidation: unsupported operand type(s) for |: 'method_descriptor' and 'NoneType'", "correlation_id": "ab6bc74a883a42a2936a50a222a1067e", "session_id": "-", "timestamp": "2025-08-19T17:42:57.314984+00:00"}
{"asctime": "2025-08-19 19:42:57,317", "levelname": "INFO", "name": "AresTradingSystem.System.VectorizedAdvancedFeatureEngineering", "message": "🔍 Loading funding rate data from: data_cache/futures_BINANCE_ETHUSDT_2025-08.parquet", "correlation_id": "ab6bc74a883a42a2936a50a222a1067e", "session_id": "-", "timestamp": "2025-08-19T17:42:57.317358+00:00"}
{"asctime": "2025-08-19 19:42:57,321", "levelname": "INFO", "name": "AresTradingSystem.System.VectorizedAdvancedFeatureEngineering", "message": "✅ Successfully loaded funding rate data from futures file", "correlation_id": "ab6bc74a883a42a2936a50a222a1067e", "session_id": "-", "timestamp": "2025-08-19T17:42:57.321351+00:00"}
{"asctime": "2025-08-19 19:42:57,328", "levelname": "INFO", "name": "AresTradingSystem.System.VectorizedAdvancedFeatureEngineering", "message": "🔍 Generated 3 funding_rate context features from external data", "correlation_id": "ab6bc74a883a42a2936a50a222a1067e", "session_id": "-", "timestamp": "2025-08-19T17:42:57.328969+00:00"}
{"asctime": "2025-08-19 19:42:57,336", "levelname": "INFO", "name": "AresTradingSystem.System.VectorizedAdvancedFeatureEngineering", "message": "🔍 Generated 2 volume_ratio context features from volume data", "correlation_id": "ab6bc74a883a42a2936a50a222a1067e", "session_id": "-", "timestamp": "2025-08-19T17:42:57.336779+00:00"}
{"asctime": "2025-08-19 19:42:57,339", "levelname": "INFO", "name": "AresTradingSystem.System.VectorizedAdvancedFeatureEngineering", "message": "🔍 Loading consolidated aggtrades data from: data_cache/aggtrades_BINANCE_ETHUSDT_consolidated.parquet", "correlation_id": "ab6bc74a883a42a2936a50a222a1067e", "session_id": "-", "timestamp": "2025-08-19T17:42:57.339500+00:00"}
{"asctime": "2025-08-19 19:42:57,367", "levelname": "WARNING", "name": "AresTradingSystem.System.VectorizedAdvancedFeatureEngineering", "message": "⚠️ No consolidated aggtrades data in required date range", "correlation_id": "ab6bc74a883a42a2936a50a222a1067e", "session_id": "-", "timestamp": "2025-08-19T17:42:57.367821+00:00"}
{"asctime": "2025-08-19 19:42:57,368", "levelname": "INFO", "name": "AresTradingSystem.System.VectorizedAdvancedFeatureEngineering", "message": "🔄 No consolidated aggtrades found, falling back to individual files...", "correlation_id": "ab6bc74a883a42a2936a50a222a1067e", "session_id": "-", "timestamp": "2025-08-19T17:42:57.368099+00:00"}
{"asctime": "2025-08-19 19:42:57,368", "levelname": "INFO", "name": "AresTradingSystem.System.VectorizedAdvancedFeatureEngineering", "message": "🔄 Triggering aggtrades consolidation creation for BINANCE_ETHUSDT", "correlation_id": "ab6bc74a883a42a2936a50a222a1067e", "session_id": "-", "timestamp": "2025-08-19T17:42:57.368205+00:00"}
{"asctime": "2025-08-19 19:42:57,369", "levelname": "WARNING", "name": "AresTradingSystem.System.VectorizedAdvancedFeatureEngineering", "message": "⚠️ Error triggering aggtrades consolidation: unsupported operand type(s) for |: 'method_descriptor' and 'NoneType'", "correlation_id": "ab6bc74a883a42a2936a50a222a1067e", "session_id": "-", "timestamp": "2025-08-19T17:42:57.369173+00:00"}
{"asctime": "2025-08-19 19:42:57,374", "levelname": "INFO", "name": "AresTradingSystem.System.VectorizedAdvancedFeatureEngineering", "message": "🔍 Consolidating aggtrades data from 1250 files", "correlation_id": "ab6bc74a883a42a2936a50a222a1067e", "session_id": "-", "timestamp": "2025-08-19T17:42:57.374844+00:00"}
{"asctime": "2025-08-19 19:42:57,374", "levelname": "INFO", "name": "AresTradingSystem.System.VectorizedAdvancedFeatureEngineering", "message": "🔍 Date range needed: 2025-02-18 21:03:00 to 2025-06-18 14:59:00", "correlation_id": "ab6bc74a883a42a2936a50a222a1067e", "session_id": "-", "timestamp": "2025-08-19T17:42:57.374995+00:00"}
{"asctime": "2025-08-19 19:43:19,102", "levelname": "INFO", "name": "AresTradingSystem.System", "message": "Received signal 2, cleaning up...", "correlation_id": "ab6bc74a883a42a2936a50a222a1067e", "session_id": "-", "timestamp": "2025-08-19T17:43:19.102215+00:00"}
