{"asctime": "2025-08-20 18:19:14,314", "levelname": "INFO", "name": "AresGlobal", "message": "================================================================================", "correlation_id": "-", "session_id": "-", "timestamp": "2025-08-20T16:19:14.314617+00:00"}
{"asctime": "2025-08-20 18:19:14,315", "levelname": "INFO", "name": "AresGlobal", "message": "📊 SESSION SUMMARY", "correlation_id": "-", "session_id": "-", "timestamp": "2025-08-20T16:19:14.315365+00:00"}
{"asctime": "2025-08-20 18:19:14,315", "levelname": "INFO", "name": "AresGlobal", "message": "Session started: 2025-08-20 18:19:14", "correlation_id": "-", "session_id": "-", "timestamp": "2025-08-20T16:19:14.315594+00:00"}
{"asctime": "2025-08-20 18:19:14,316", "levelname": "INFO", "name": "AresGlobal", "message": "This file contains ALL logs for this session", "correlation_id": "-", "session_id": "-", "timestamp": "2025-08-20T16:19:14.316242+00:00"}
{"asctime": "2025-08-20 18:19:14,316", "levelname": "INFO", "name": "AresGlobal", "message": "================================================================================", "correlation_id": "-", "session_id": "-", "timestamp": "2025-08-20T16:19:14.316720+00:00"}
{"asctime": "2025-08-20 18:19:14,317", "levelname": "INFO", "name": "AresSystem", "message": "================================================================================", "correlation_id": "-", "session_id": "-", "timestamp": "2025-08-20T16:19:14.317361+00:00"}
{"asctime": "2025-08-20 18:19:14,317", "levelname": "INFO", "name": "AresGlobal", "message": "[SYSTEM] ================================================================================", "correlation_id": "-", "session_id": "-", "timestamp": "2025-08-20T16:19:14.317798+00:00"}
{"asctime": "2025-08-20 18:19:14,317", "levelname": "INFO", "name": "AresSystem", "message": "🚀 ARES LAUNCHER STARTED - Mode: INITIALIZATION", "correlation_id": "-", "session_id": "-", "timestamp": "2025-08-20T16:19:14.317976+00:00"}
{"asctime": "2025-08-20 18:19:14,318", "levelname": "INFO", "name": "AresGlobal", "message": "[SYSTEM] 🚀 ARES LAUNCHER STARTED - Mode: INITIALIZATION", "correlation_id": "-", "session_id": "-", "timestamp": "2025-08-20T16:19:14.318142+00:00"}
{"asctime": "2025-08-20 18:19:14,318", "levelname": "INFO", "name": "AresSystem", "message": "Start time: 2025-08-20 18:19:14", "correlation_id": "-", "session_id": "-", "timestamp": "2025-08-20T16:19:14.318310+00:00"}
{"asctime": "2025-08-20 18:19:14,318", "levelname": "INFO", "name": "AresGlobal", "message": "[SYSTEM] Start time: 2025-08-20 18:19:14", "correlation_id": "-", "session_id": "-", "timestamp": "2025-08-20T16:19:14.318450+00:00"}
{"asctime": "2025-08-20 18:19:14,318", "levelname": "INFO", "name": "AresSystem", "message": "Log directory: log", "correlation_id": "-", "session_id": "-", "timestamp": "2025-08-20T16:19:14.318588+00:00"}
{"asctime": "2025-08-20 18:19:14,318", "levelname": "INFO", "name": "AresGlobal", "message": "[SYSTEM] Log directory: log", "correlation_id": "-", "session_id": "-", "timestamp": "2025-08-20T16:19:14.318722+00:00"}
{"asctime": "2025-08-20 18:19:14,318", "levelname": "INFO", "name": "AresSystem", "message": "================================================================================", "correlation_id": "-", "session_id": "-", "timestamp": "2025-08-20T16:19:14.318853+00:00"}
{"asctime": "2025-08-20 18:19:14,318", "levelname": "INFO", "name": "AresGlobal", "message": "[SYSTEM] ================================================================================", "correlation_id": "-", "session_id": "-", "timestamp": "2025-08-20T16:19:14.318988+00:00"}
{"asctime": "2025-08-20 18:19:14,319", "levelname": "INFO", "name": "AresGlobal.AresLauncher", "message": "================================================================================", "correlation_id": "-", "session_id": "-", "timestamp": "2025-08-20T16:19:14.319126+00:00"}
{"asctime": "2025-08-20 18:19:14,319", "levelname": "INFO", "name": "AresGlobal.AresLauncher", "message": "🚀 ARES COMPREHENSIVE LAUNCHER", "correlation_id": "-", "session_id": "-", "timestamp": "2025-08-20T16:19:14.319266+00:00"}
{"asctime": "2025-08-20 18:19:14,319", "levelname": "INFO", "name": "AresGlobal.AresLauncher", "message": "================================================================================", "correlation_id": "-", "session_id": "-", "timestamp": "2025-08-20T16:19:14.319421+00:00"}
{"asctime": "2025-08-20 18:19:14,319", "levelname": "INFO", "name": "AresGlobal.AresLauncher", "message": "Start time: 2025-08-20 18:19:14", "correlation_id": "-", "session_id": "-", "timestamp": "2025-08-20T16:19:14.319575+00:00"}
{"asctime": "2025-08-20 18:19:14,319", "levelname": "INFO", "name": "AresGlobal.AresLauncher", "message": "Log directory: log", "correlation_id": "-", "session_id": "-", "timestamp": "2025-08-20T16:19:14.319710+00:00"}
{"asctime": "2025-08-20 18:19:14,319", "levelname": "INFO", "name": "AresGlobal.AresLauncher", "message": "Log level: INFO", "correlation_id": "-", "session_id": "-", "timestamp": "2025-08-20T16:19:14.319847+00:00"}
{"asctime": "2025-08-20 18:19:14,320", "levelname": "INFO", "name": "AresGlobal.AresLauncher", "message": "Global log file: ares_global_20250820_181914.log", "correlation_id": "-", "session_id": "-", "timestamp": "2025-08-20T16:19:14.320118+00:00"}
{"asctime": "2025-08-20 18:19:14,320", "levelname": "INFO", "name": "AresGlobal.AresLauncher", "message": "Full run log: log/ares_full_20250820_181914.log", "correlation_id": "-", "session_id": "-", "timestamp": "2025-08-20T16:19:14.320316+00:00"}
{"asctime": "2025-08-20 18:19:14,320", "levelname": "INFO", "name": "AresGlobal.AresLauncher", "message": "Trades log: log/ares_trades_20250820_181914.log", "correlation_id": "-", "session_id": "-", "timestamp": "2025-08-20T16:19:14.320703+00:00"}
{"asctime": "2025-08-20 18:19:14,320", "levelname": "INFO", "name": "AresGlobal.AresLauncher", "message": "Backtest log: log/ares_backtest_20250820_181914.log", "correlation_id": "-", "session_id": "-", "timestamp": "2025-08-20T16:19:14.320891+00:00"}
{"asctime": "2025-08-20 18:19:14,321", "levelname": "INFO", "name": "AresGlobal.AresLauncher", "message": "================================================================================", "correlation_id": "-", "session_id": "-", "timestamp": "2025-08-20T16:19:14.321092+00:00"}
{"asctime": "2025-08-20 18:19:14,321", "levelname": "INFO", "name": "AresTradingSystem.System.SignalHandler", "message": "Shutdown callback registered", "correlation_id": "-", "session_id": "-", "timestamp": "2025-08-20T16:19:14.321372+00:00"}
{"asctime": "2025-08-20 18:19:14,322", "levelname": "INFO", "name": "AresSystem", "message": "================================================================================", "correlation_id": "-", "session_id": "-", "timestamp": "2025-08-20T16:19:14.322010+00:00"}
{"asctime": "2025-08-20 18:19:14,322", "levelname": "INFO", "name": "AresGlobal", "message": "[SYSTEM] ================================================================================", "correlation_id": "-", "session_id": "-", "timestamp": "2025-08-20T16:19:14.322780+00:00"}
{"asctime": "2025-08-20 18:19:14,323", "levelname": "INFO", "name": "AresSystem", "message": "🚀 ARES LAUNCHER STARTED - Mode: blank - Symbol: ETHUSDT - Exchange: BINANCE", "correlation_id": "-", "session_id": "-", "timestamp": "2025-08-20T16:19:14.323669+00:00"}
{"asctime": "2025-08-20 18:19:14,323", "levelname": "INFO", "name": "AresGlobal", "message": "[SYSTEM] 🚀 ARES LAUNCHER STARTED - Mode: blank - Symbol: ETHUSDT - Exchange: BINANCE", "correlation_id": "-", "session_id": "-", "timestamp": "2025-08-20T16:19:14.323877+00:00"}
{"asctime": "2025-08-20 18:19:14,324", "levelname": "INFO", "name": "AresSystem", "message": "Start time: 2025-08-20 18:19:14", "correlation_id": "-", "session_id": "-", "timestamp": "2025-08-20T16:19:14.324057+00:00"}
{"asctime": "2025-08-20 18:19:14,325", "levelname": "INFO", "name": "AresGlobal", "message": "[SYSTEM] Start time: 2025-08-20 18:19:14", "correlation_id": "-", "session_id": "-", "timestamp": "2025-08-20T16:19:14.325475+00:00"}
{"asctime": "2025-08-20 18:19:14,325", "levelname": "INFO", "name": "AresSystem", "message": "Log directory: log", "correlation_id": "-", "session_id": "-", "timestamp": "2025-08-20T16:19:14.325996+00:00"}
{"asctime": "2025-08-20 18:19:14,333", "levelname": "INFO", "name": "AresGlobal", "message": "[SYSTEM] Log directory: log", "correlation_id": "-", "session_id": "-", "timestamp": "2025-08-20T16:19:14.333246+00:00"}
{"asctime": "2025-08-20 18:19:14,337", "levelname": "INFO", "name": "AresSystem", "message": "================================================================================", "correlation_id": "-", "session_id": "-", "timestamp": "2025-08-20T16:19:14.337674+00:00"}
{"asctime": "2025-08-20 18:19:14,341", "levelname": "INFO", "name": "AresGlobal", "message": "[SYSTEM] ================================================================================", "correlation_id": "-", "session_id": "-", "timestamp": "2025-08-20T16:19:14.341408+00:00"}
{"asctime": "2025-08-20 18:19:14,342", "levelname": "INFO", "name": "AresGlobal.AresLauncher", "message": "🚀 Running enhanced 16-step training pipeline for ETHUSDT on BINANCE", "correlation_id": "-", "session_id": "-", "timestamp": "2025-08-20T16:19:14.342076+00:00"}
{"asctime": "2025-08-20 18:19:14,342", "levelname": "INFO", "name": "AresGlobal.AresLauncher", "message": "Starting from step: step2_feature_engineering", "correlation_id": "-", "session_id": "-", "timestamp": "2025-08-20T16:19:14.342357+00:00"}
{"asctime": "2025-08-20 18:19:14,346", "levelname": "INFO", "name": "AresSystem", "message": "================================================================================", "correlation_id": "-", "session_id": "-", "timestamp": "2025-08-20T16:19:14.346719+00:00"}
{"asctime": "2025-08-20 18:19:14,347", "levelname": "INFO", "name": "AresGlobal", "message": "[SYSTEM] ================================================================================", "correlation_id": "-", "session_id": "-", "timestamp": "2025-08-20T16:19:14.347848+00:00"}
{"asctime": "2025-08-20 18:19:14,348", "levelname": "INFO", "name": "AresSystem", "message": "🛑 ARES LAUNCHER ENDED - Exit code: 1", "correlation_id": "-", "session_id": "-", "timestamp": "2025-08-20T16:19:14.348239+00:00"}
{"asctime": "2025-08-20 18:19:14,349", "levelname": "INFO", "name": "AresGlobal", "message": "[SYSTEM] 🛑 ARES LAUNCHER ENDED - Exit code: 1", "correlation_id": "-", "session_id": "-", "timestamp": "2025-08-20T16:19:14.349483+00:00"}
{"asctime": "2025-08-20 18:19:14,350", "levelname": "INFO", "name": "AresSystem", "message": "End time: 2025-08-20 18:19:14", "correlation_id": "-", "session_id": "-", "timestamp": "2025-08-20T16:19:14.350038+00:00"}
{"asctime": "2025-08-20 18:19:14,350", "levelname": "INFO", "name": "AresGlobal", "message": "[SYSTEM] End time: 2025-08-20 18:19:14", "correlation_id": "-", "session_id": "-", "timestamp": "2025-08-20T16:19:14.350305+00:00"}
{"asctime": "2025-08-20 18:19:14,350", "levelname": "INFO", "name": "AresSystem", "message": "================================================================================", "correlation_id": "-", "session_id": "-", "timestamp": "2025-08-20T16:19:14.350642+00:00"}
{"asctime": "2025-08-20 18:19:14,351", "levelname": "INFO", "name": "AresGlobal", "message": "[SYSTEM] ================================================================================", "correlation_id": "-", "session_id": "-", "timestamp": "2025-08-20T16:19:14.351007+00:00"}
{"asctime": "2025-08-20 18:19:14,351", "levelname": "INFO", "name": "AresGlobal.AresLauncher", "message": "🧹 Cleaning up processes...", "correlation_id": "-", "session_id": "-", "timestamp": "2025-08-20T16:19:14.351178+00:00"}
{"asctime": "2025-08-20 18:19:14,351", "levelname": "INFO", "name": "AresGlobal.AresLauncher", "message": "✅ Cleanup completed", "correlation_id": "-", "session_id": "-", "timestamp": "2025-08-20T16:19:14.351384+00:00"}
