{"asctime": "2025-08-19 10:51:46,084", "levelname": "INFO", "name": "AresGlobal", "message": "================================================================================", "correlation_id": "-", "session_id": "-", "timestamp": "2025-08-19T08:51:46.084026+00:00"}
{"asctime": "2025-08-19 10:51:46,084", "levelname": "INFO", "name": "AresGlobal", "message": "📊 SESSION SUMMARY", "correlation_id": "-", "session_id": "-", "timestamp": "2025-08-19T08:51:46.084162+00:00"}
{"asctime": "2025-08-19 10:51:46,084", "levelname": "INFO", "name": "AresGlobal", "message": "Session started: 2025-08-19 10:51:46", "correlation_id": "-", "session_id": "-", "timestamp": "2025-08-19T08:51:46.084271+00:00"}
{"asctime": "2025-08-19 10:51:46,084", "levelname": "INFO", "name": "AresGlobal", "message": "This file contains ALL logs for this session", "correlation_id": "-", "session_id": "-", "timestamp": "2025-08-19T08:51:46.084357+00:00"}
{"asctime": "2025-08-19 10:51:46,084", "levelname": "INFO", "name": "AresGlobal", "message": "================================================================================", "correlation_id": "-", "session_id": "-", "timestamp": "2025-08-19T08:51:46.084444+00:00"}
{"asctime": "2025-08-19 10:51:46,084", "levelname": "INFO", "name": "AresSystem", "message": "================================================================================", "correlation_id": "-", "session_id": "-", "timestamp": "2025-08-19T08:51:46.084553+00:00"}
{"asctime": "2025-08-19 10:51:46,084", "levelname": "INFO", "name": "AresGlobal", "message": "[SYSTEM] ================================================================================", "correlation_id": "-", "session_id": "-", "timestamp": "2025-08-19T08:51:46.084735+00:00"}
{"asctime": "2025-08-19 10:51:46,084", "levelname": "INFO", "name": "AresSystem", "message": "🚀 ARES LAUNCHER STARTED - Mode: INITIALIZATION", "correlation_id": "-", "session_id": "-", "timestamp": "2025-08-19T08:51:46.084865+00:00"}
{"asctime": "2025-08-19 10:51:46,084", "levelname": "INFO", "name": "AresGlobal", "message": "[SYSTEM] 🚀 ARES LAUNCHER STARTED - Mode: INITIALIZATION", "correlation_id": "-", "session_id": "-", "timestamp": "2025-08-19T08:51:46.084957+00:00"}
{"asctime": "2025-08-19 10:51:46,085", "levelname": "INFO", "name": "AresSystem", "message": "Start time: 2025-08-19 10:51:46", "correlation_id": "-", "session_id": "-", "timestamp": "2025-08-19T08:51:46.085051+00:00"}
{"asctime": "2025-08-19 10:51:46,085", "levelname": "INFO", "name": "AresGlobal", "message": "[SYSTEM] Start time: 2025-08-19 10:51:46", "correlation_id": "-", "session_id": "-", "timestamp": "2025-08-19T08:51:46.085129+00:00"}
{"asctime": "2025-08-19 10:51:46,085", "levelname": "INFO", "name": "AresSystem", "message": "Log directory: log", "correlation_id": "-", "session_id": "-", "timestamp": "2025-08-19T08:51:46.085204+00:00"}
{"asctime": "2025-08-19 10:51:46,085", "levelname": "INFO", "name": "AresGlobal", "message": "[SYSTEM] Log directory: log", "correlation_id": "-", "session_id": "-", "timestamp": "2025-08-19T08:51:46.085290+00:00"}
{"asctime": "2025-08-19 10:51:46,085", "levelname": "INFO", "name": "AresSystem", "message": "================================================================================", "correlation_id": "-", "session_id": "-", "timestamp": "2025-08-19T08:51:46.085363+00:00"}
{"asctime": "2025-08-19 10:51:46,085", "levelname": "INFO", "name": "AresGlobal", "message": "[SYSTEM] ================================================================================", "correlation_id": "-", "session_id": "-", "timestamp": "2025-08-19T08:51:46.085438+00:00"}
{"asctime": "2025-08-19 10:51:46,085", "levelname": "INFO", "name": "AresGlobal.AresLauncher", "message": "================================================================================", "correlation_id": "-", "session_id": "-", "timestamp": "2025-08-19T08:51:46.085512+00:00"}
{"asctime": "2025-08-19 10:51:46,085", "levelname": "INFO", "name": "AresGlobal.AresLauncher", "message": "🚀 ARES COMPREHENSIVE LAUNCHER", "correlation_id": "-", "session_id": "-", "timestamp": "2025-08-19T08:51:46.085589+00:00"}
{"asctime": "2025-08-19 10:51:46,085", "levelname": "INFO", "name": "AresGlobal.AresLauncher", "message": "================================================================================", "correlation_id": "-", "session_id": "-", "timestamp": "2025-08-19T08:51:46.085673+00:00"}
{"asctime": "2025-08-19 10:51:46,085", "levelname": "INFO", "name": "AresGlobal.AresLauncher", "message": "Start time: 2025-08-19 10:51:46", "correlation_id": "-", "session_id": "-", "timestamp": "2025-08-19T08:51:46.085755+00:00"}
{"asctime": "2025-08-19 10:51:46,085", "levelname": "INFO", "name": "AresGlobal.AresLauncher", "message": "Log directory: log", "correlation_id": "-", "session_id": "-", "timestamp": "2025-08-19T08:51:46.085829+00:00"}
{"asctime": "2025-08-19 10:51:46,085", "levelname": "INFO", "name": "AresGlobal.AresLauncher", "message": "Log level: INFO", "correlation_id": "-", "session_id": "-", "timestamp": "2025-08-19T08:51:46.085903+00:00"}
{"asctime": "2025-08-19 10:51:46,085", "levelname": "INFO", "name": "AresGlobal.AresLauncher", "message": "Global log file: ares_global_20250819_105146.log", "correlation_id": "-", "session_id": "-", "timestamp": "2025-08-19T08:51:46.085983+00:00"}
{"asctime": "2025-08-19 10:51:46,086", "levelname": "INFO", "name": "AresGlobal.AresLauncher", "message": "Full run log: log/ares_full_20250819_105146.log", "correlation_id": "-", "session_id": "-", "timestamp": "2025-08-19T08:51:46.086061+00:00"}
{"asctime": "2025-08-19 10:51:46,086", "levelname": "INFO", "name": "AresGlobal.AresLauncher", "message": "Trades log: log/ares_trades_20250819_105146.log", "correlation_id": "-", "session_id": "-", "timestamp": "2025-08-19T08:51:46.086134+00:00"}
{"asctime": "2025-08-19 10:51:46,086", "levelname": "INFO", "name": "AresGlobal.AresLauncher", "message": "Backtest log: log/ares_backtest_20250819_105146.log", "correlation_id": "-", "session_id": "-", "timestamp": "2025-08-19T08:51:46.086206+00:00"}
{"asctime": "2025-08-19 10:51:46,086", "levelname": "INFO", "name": "AresGlobal.AresLauncher", "message": "================================================================================", "correlation_id": "-", "session_id": "-", "timestamp": "2025-08-19T08:51:46.086278+00:00"}
{"asctime": "2025-08-19 10:51:46,086", "levelname": "INFO", "name": "AresTradingSystem.System.SignalHandler", "message": "Shutdown callback registered", "correlation_id": "-", "session_id": "-", "timestamp": "2025-08-19T08:51:46.086355+00:00"}
{"asctime": "2025-08-19 10:51:46,086", "levelname": "INFO", "name": "AresSystem", "message": "================================================================================", "correlation_id": "-", "session_id": "-", "timestamp": "2025-08-19T08:51:46.086436+00:00"}
{"asctime": "2025-08-19 10:51:46,086", "levelname": "INFO", "name": "AresGlobal", "message": "[SYSTEM] ================================================================================", "correlation_id": "-", "session_id": "-", "timestamp": "2025-08-19T08:51:46.086510+00:00"}
{"asctime": "2025-08-19 10:51:46,086", "levelname": "INFO", "name": "AresSystem", "message": "🚀 ARES LAUNCHER STARTED - Mode: load - Symbol: ETHUSDT - Exchange: BINANCE", "correlation_id": "-", "session_id": "-", "timestamp": "2025-08-19T08:51:46.086583+00:00"}
{"asctime": "2025-08-19 10:51:46,086", "levelname": "INFO", "name": "AresGlobal", "message": "[SYSTEM] 🚀 ARES LAUNCHER STARTED - Mode: load - Symbol: ETHUSDT - Exchange: BINANCE", "correlation_id": "-", "session_id": "-", "timestamp": "2025-08-19T08:51:46.086663+00:00"}
{"asctime": "2025-08-19 10:51:46,086", "levelname": "INFO", "name": "AresSystem", "message": "Start time: 2025-08-19 10:51:46", "correlation_id": "-", "session_id": "-", "timestamp": "2025-08-19T08:51:46.086744+00:00"}
{"asctime": "2025-08-19 10:51:46,086", "levelname": "INFO", "name": "AresGlobal", "message": "[SYSTEM] Start time: 2025-08-19 10:51:46", "correlation_id": "-", "session_id": "-", "timestamp": "2025-08-19T08:51:46.086818+00:00"}
{"asctime": "2025-08-19 10:51:46,086", "levelname": "INFO", "name": "AresSystem", "message": "Log directory: log", "correlation_id": "-", "session_id": "-", "timestamp": "2025-08-19T08:51:46.086889+00:00"}
{"asctime": "2025-08-19 10:51:46,086", "levelname": "INFO", "name": "AresGlobal", "message": "[SYSTEM] Log directory: log", "correlation_id": "-", "session_id": "-", "timestamp": "2025-08-19T08:51:46.086967+00:00"}
{"asctime": "2025-08-19 10:51:46,087", "levelname": "INFO", "name": "AresSystem", "message": "================================================================================", "correlation_id": "-", "session_id": "-", "timestamp": "2025-08-19T08:51:46.087040+00:00"}
{"asctime": "2025-08-19 10:51:46,087", "levelname": "INFO", "name": "AresGlobal", "message": "[SYSTEM] ================================================================================", "correlation_id": "-", "session_id": "-", "timestamp": "2025-08-19T08:51:46.087114+00:00"}
{"asctime": "2025-08-19 10:51:46,087", "levelname": "INFO", "name": "AresGlobal.AresLauncher", "message": "🔄 Starting data loading for ETHUSDT on BINANCE", "correlation_id": "-", "session_id": "-", "timestamp": "2025-08-19T08:51:46.087193+00:00"}
{"asctime": "2025-08-19 10:51:46,087", "levelname": "INFO", "name": "AresGlobal.AresLauncher", "message": "📥 Step 1: Downloading data...", "correlation_id": "-", "session_id": "-", "timestamp": "2025-08-19T08:51:46.087275+00:00"}
{"asctime": "2025-08-19 10:51:46,087", "levelname": "INFO", "name": "AresGlobal.AresLauncher", "message": "🔧 Running download command: /opt/homebrew/Caskroom/miniforge/base/bin/python backtesting/ares_data_downloader_optimized.py --symbol ETHUSDT --exchange BINANCE --lookback-years 2", "correlation_id": "-", "session_id": "-", "timestamp": "2025-08-19T08:51:46.087362+00:00"}
{"asctime": "2025-08-19 10:52:37,869", "levelname": "INFO", "name": "AresTradingSystem.System.SignalHandler", "message": "⚠️ 🛑 Received SIGINT signal", "correlation_id": "-", "session_id": "-", "timestamp": "2025-08-19T08:52:37.869874+00:00"}
{"asctime": "2025-08-19 10:52:37,870", "levelname": "INFO", "name": "AresTradingSystem.System.SignalHandler", "message": "❌ 🛑 Initiating graceful shutdown: {reason}", "correlation_id": "-", "session_id": "-", "timestamp": "2025-08-19T08:52:37.870871+00:00"}
{"asctime": "2025-08-19 10:52:37,871", "levelname": "INFO", "name": "AresTradingSystem.System.SignalHandler", "message": "Running 1 shutdown callbacks...", "correlation_id": "-", "session_id": "-", "timestamp": "2025-08-19T08:52:37.871012+00:00"}
{"asctime": "2025-08-19 10:52:37,871", "levelname": "INFO", "name": "AresGlobal.AresLauncher", "message": "🧹 Cleaning up processes...", "correlation_id": "-", "session_id": "-", "timestamp": "2025-08-19T08:52:37.871170+00:00"}
{"asctime": "2025-08-19 10:52:37,871", "levelname": "INFO", "name": "AresGlobal.AresLauncher", "message": "✅ Cleanup completed", "correlation_id": "-", "session_id": "-", "timestamp": "2025-08-19T08:52:37.871549+00:00"}
{"asctime": "2025-08-19 10:52:37,871", "levelname": "INFO", "name": "AresTradingSystem.System.SignalHandler", "message": "✅ Shutdown callback 1 completed", "correlation_id": "-", "session_id": "-", "timestamp": "2025-08-19T08:52:37.871703+00:00"}
{"asctime": "2025-08-19 10:52:37,871", "levelname": "INFO", "name": "AresTradingSystem.System.SignalHandler", "message": "✅ All shutdown callbacks completed", "correlation_id": "-", "session_id": "-", "timestamp": "2025-08-19T08:52:37.871814+00:00"}
{"asctime": "2025-08-19 10:52:39,857", "levelname": "ERROR", "name": "AresGlobal.AresLauncher", "message": "❌ Download failed: None", "correlation_id": "-", "session_id": "-", "timestamp": "2025-08-19T08:52:39.857444+00:00"}
{"asctime": "2025-08-19 10:52:39,857", "levelname": "INFO", "name": "AresSystem", "message": "================================================================================", "correlation_id": "-", "session_id": "-", "timestamp": "2025-08-19T08:52:39.857764+00:00"}
{"asctime": "2025-08-19 10:52:39,858", "levelname": "INFO", "name": "AresGlobal", "message": "[SYSTEM] ================================================================================", "correlation_id": "-", "session_id": "-", "timestamp": "2025-08-19T08:52:39.858058+00:00"}
{"asctime": "2025-08-19 10:52:39,858", "levelname": "INFO", "name": "AresSystem", "message": "🛑 ARES LAUNCHER ENDED - Exit code: 1", "correlation_id": "-", "session_id": "-", "timestamp": "2025-08-19T08:52:39.858155+00:00"}
{"asctime": "2025-08-19 10:52:39,858", "levelname": "INFO", "name": "AresGlobal", "message": "[SYSTEM] 🛑 ARES LAUNCHER ENDED - Exit code: 1", "correlation_id": "-", "session_id": "-", "timestamp": "2025-08-19T08:52:39.858238+00:00"}
{"asctime": "2025-08-19 10:52:39,858", "levelname": "INFO", "name": "AresSystem", "message": "End time: 2025-08-19 10:52:39", "correlation_id": "-", "session_id": "-", "timestamp": "2025-08-19T08:52:39.858336+00:00"}
{"asctime": "2025-08-19 10:52:39,858", "levelname": "INFO", "name": "AresGlobal", "message": "[SYSTEM] End time: 2025-08-19 10:52:39", "correlation_id": "-", "session_id": "-", "timestamp": "2025-08-19T08:52:39.858407+00:00"}
{"asctime": "2025-08-19 10:52:39,858", "levelname": "INFO", "name": "AresSystem", "message": "================================================================================", "correlation_id": "-", "session_id": "-", "timestamp": "2025-08-19T08:52:39.858479+00:00"}
{"asctime": "2025-08-19 10:52:39,858", "levelname": "INFO", "name": "AresGlobal", "message": "[SYSTEM] ================================================================================", "correlation_id": "-", "session_id": "-", "timestamp": "2025-08-19T08:52:39.858548+00:00"}
{"asctime": "2025-08-19 10:52:39,858", "levelname": "INFO", "name": "AresGlobal.AresLauncher", "message": "🧹 Cleaning up processes...", "correlation_id": "-", "session_id": "-", "timestamp": "2025-08-19T08:52:39.858621+00:00"}
{"asctime": "2025-08-19 10:52:39,858", "levelname": "INFO", "name": "AresGlobal.AresLauncher", "message": "✅ Cleanup completed", "correlation_id": "-", "session_id": "-", "timestamp": "2025-08-19T08:52:39.858703+00:00"}
