{"asctime": "2025-08-20 18:05:39,815", "levelname": "INFO", "name": "AresGlobal", "message": "================================================================================", "correlation_id": "-", "session_id": "-", "timestamp": "2025-08-20T16:05:39.815705+00:00"}
{"asctime": "2025-08-20 18:05:39,816", "levelname": "INFO", "name": "AresGlobal", "message": "📊 SESSION SUMMARY", "correlation_id": "-", "session_id": "-", "timestamp": "2025-08-20T16:05:39.816036+00:00"}
{"asctime": "2025-08-20 18:05:39,816", "levelname": "INFO", "name": "AresGlobal", "message": "Session started: 2025-08-20 18:05:39", "correlation_id": "-", "session_id": "-", "timestamp": "2025-08-20T16:05:39.816244+00:00"}
{"asctime": "2025-08-20 18:05:39,816", "levelname": "INFO", "name": "AresGlobal", "message": "This file contains ALL logs for this session", "correlation_id": "-", "session_id": "-", "timestamp": "2025-08-20T16:05:39.816399+00:00"}
{"asctime": "2025-08-20 18:05:39,816", "levelname": "INFO", "name": "AresGlobal", "message": "================================================================================", "correlation_id": "-", "session_id": "-", "timestamp": "2025-08-20T16:05:39.816939+00:00"}
{"asctime": "2025-08-20 18:05:39,817", "levelname": "INFO", "name": "AresSystem", "message": "================================================================================", "correlation_id": "-", "session_id": "-", "timestamp": "2025-08-20T16:05:39.817576+00:00"}
{"asctime": "2025-08-20 18:05:39,817", "levelname": "INFO", "name": "AresGlobal", "message": "[SYSTEM] ================================================================================", "correlation_id": "-", "session_id": "-", "timestamp": "2025-08-20T16:05:39.817885+00:00"}
{"asctime": "2025-08-20 18:05:39,818", "levelname": "INFO", "name": "AresSystem", "message": "🚀 ARES LAUNCHER STARTED - Mode: INITIALIZATION", "correlation_id": "-", "session_id": "-", "timestamp": "2025-08-20T16:05:39.818131+00:00"}
{"asctime": "2025-08-20 18:05:39,819", "levelname": "INFO", "name": "AresGlobal", "message": "[SYSTEM] 🚀 ARES LAUNCHER STARTED - Mode: INITIALIZATION", "correlation_id": "-", "session_id": "-", "timestamp": "2025-08-20T16:05:39.819617+00:00"}
{"asctime": "2025-08-20 18:05:39,819", "levelname": "INFO", "name": "AresSystem", "message": "Start time: 2025-08-20 18:05:39", "correlation_id": "-", "session_id": "-", "timestamp": "2025-08-20T16:05:39.819884+00:00"}
{"asctime": "2025-08-20 18:05:39,820", "levelname": "INFO", "name": "AresGlobal", "message": "[SYSTEM] Start time: 2025-08-20 18:05:39", "correlation_id": "-", "session_id": "-", "timestamp": "2025-08-20T16:05:39.820047+00:00"}
{"asctime": "2025-08-20 18:05:39,820", "levelname": "INFO", "name": "AresSystem", "message": "Log directory: log", "correlation_id": "-", "session_id": "-", "timestamp": "2025-08-20T16:05:39.820198+00:00"}
{"asctime": "2025-08-20 18:05:39,820", "levelname": "INFO", "name": "AresGlobal", "message": "[SYSTEM] Log directory: log", "correlation_id": "-", "session_id": "-", "timestamp": "2025-08-20T16:05:39.820331+00:00"}
{"asctime": "2025-08-20 18:05:39,820", "levelname": "INFO", "name": "AresSystem", "message": "================================================================================", "correlation_id": "-", "session_id": "-", "timestamp": "2025-08-20T16:05:39.820462+00:00"}
{"asctime": "2025-08-20 18:05:39,822", "levelname": "INFO", "name": "AresGlobal", "message": "[SYSTEM] ================================================================================", "correlation_id": "-", "session_id": "-", "timestamp": "2025-08-20T16:05:39.822232+00:00"}
{"asctime": "2025-08-20 18:05:39,823", "levelname": "INFO", "name": "AresGlobal.AresLauncher", "message": "================================================================================", "correlation_id": "-", "session_id": "-", "timestamp": "2025-08-20T16:05:39.823057+00:00"}
{"asctime": "2025-08-20 18:05:39,823", "levelname": "INFO", "name": "AresGlobal.AresLauncher", "message": "🚀 ARES COMPREHENSIVE LAUNCHER", "correlation_id": "-", "session_id": "-", "timestamp": "2025-08-20T16:05:39.823568+00:00"}
{"asctime": "2025-08-20 18:05:39,824", "levelname": "INFO", "name": "AresGlobal.AresLauncher", "message": "================================================================================", "correlation_id": "-", "session_id": "-", "timestamp": "2025-08-20T16:05:39.824221+00:00"}
{"asctime": "2025-08-20 18:05:39,825", "levelname": "INFO", "name": "AresGlobal.AresLauncher", "message": "Start time: 2025-08-20 18:05:39", "correlation_id": "-", "session_id": "-", "timestamp": "2025-08-20T16:05:39.825147+00:00"}
{"asctime": "2025-08-20 18:05:39,825", "levelname": "INFO", "name": "AresGlobal.AresLauncher", "message": "Log directory: log", "correlation_id": "-", "session_id": "-", "timestamp": "2025-08-20T16:05:39.825330+00:00"}
{"asctime": "2025-08-20 18:05:39,825", "levelname": "INFO", "name": "AresGlobal.AresLauncher", "message": "Log level: INFO", "correlation_id": "-", "session_id": "-", "timestamp": "2025-08-20T16:05:39.825636+00:00"}
{"asctime": "2025-08-20 18:05:39,826", "levelname": "INFO", "name": "AresGlobal.AresLauncher", "message": "Global log file: ares_global_20250820_180539.log", "correlation_id": "-", "session_id": "-", "timestamp": "2025-08-20T16:05:39.826102+00:00"}
{"asctime": "2025-08-20 18:05:39,826", "levelname": "INFO", "name": "AresGlobal.AresLauncher", "message": "Full run log: log/ares_full_20250820_180539.log", "correlation_id": "-", "session_id": "-", "timestamp": "2025-08-20T16:05:39.826549+00:00"}
{"asctime": "2025-08-20 18:05:39,827", "levelname": "INFO", "name": "AresGlobal.AresLauncher", "message": "Trades log: log/ares_trades_20250820_180539.log", "correlation_id": "-", "session_id": "-", "timestamp": "2025-08-20T16:05:39.827298+00:00"}
{"asctime": "2025-08-20 18:05:39,827", "levelname": "INFO", "name": "AresGlobal.AresLauncher", "message": "Backtest log: log/ares_backtest_20250820_180539.log", "correlation_id": "-", "session_id": "-", "timestamp": "2025-08-20T16:05:39.827668+00:00"}
{"asctime": "2025-08-20 18:05:39,828", "levelname": "INFO", "name": "AresGlobal.AresLauncher", "message": "================================================================================", "correlation_id": "-", "session_id": "-", "timestamp": "2025-08-20T16:05:39.828077+00:00"}
{"asctime": "2025-08-20 18:05:39,828", "levelname": "INFO", "name": "AresTradingSystem.System.SignalHandler", "message": "Shutdown callback registered", "correlation_id": "-", "session_id": "-", "timestamp": "2025-08-20T16:05:39.828463+00:00"}
{"asctime": "2025-08-20 18:05:39,829", "levelname": "INFO", "name": "AresSystem", "message": "================================================================================", "correlation_id": "-", "session_id": "-", "timestamp": "2025-08-20T16:05:39.829130+00:00"}
{"asctime": "2025-08-20 18:05:39,829", "levelname": "INFO", "name": "AresGlobal", "message": "[SYSTEM] ================================================================================", "correlation_id": "-", "session_id": "-", "timestamp": "2025-08-20T16:05:39.829596+00:00"}
{"asctime": "2025-08-20 18:05:39,829", "levelname": "INFO", "name": "AresSystem", "message": "🚀 ARES LAUNCHER STARTED - Mode: blank - Symbol: ETHUSDT - Exchange: BINANCE", "correlation_id": "-", "session_id": "-", "timestamp": "2025-08-20T16:05:39.829956+00:00"}
{"asctime": "2025-08-20 18:05:39,830", "levelname": "INFO", "name": "AresGlobal", "message": "[SYSTEM] 🚀 ARES LAUNCHER STARTED - Mode: blank - Symbol: ETHUSDT - Exchange: BINANCE", "correlation_id": "-", "session_id": "-", "timestamp": "2025-08-20T16:05:39.830126+00:00"}
{"asctime": "2025-08-20 18:05:39,830", "levelname": "INFO", "name": "AresSystem", "message": "Start time: 2025-08-20 18:05:39", "correlation_id": "-", "session_id": "-", "timestamp": "2025-08-20T16:05:39.830286+00:00"}
{"asctime": "2025-08-20 18:05:39,830", "levelname": "INFO", "name": "AresGlobal", "message": "[SYSTEM] Start time: 2025-08-20 18:05:39", "correlation_id": "-", "session_id": "-", "timestamp": "2025-08-20T16:05:39.830784+00:00"}
{"asctime": "2025-08-20 18:05:39,832", "levelname": "INFO", "name": "AresSystem", "message": "Log directory: log", "correlation_id": "-", "session_id": "-", "timestamp": "2025-08-20T16:05:39.832010+00:00"}
{"asctime": "2025-08-20 18:05:39,835", "levelname": "INFO", "name": "AresGlobal", "message": "[SYSTEM] Log directory: log", "correlation_id": "-", "session_id": "-", "timestamp": "2025-08-20T16:05:39.835246+00:00"}
{"asctime": "2025-08-20 18:05:39,835", "levelname": "INFO", "name": "AresSystem", "message": "================================================================================", "correlation_id": "-", "session_id": "-", "timestamp": "2025-08-20T16:05:39.835664+00:00"}
{"asctime": "2025-08-20 18:05:39,837", "levelname": "INFO", "name": "AresGlobal", "message": "[SYSTEM] ================================================================================", "correlation_id": "-", "session_id": "-", "timestamp": "2025-08-20T16:05:39.837021+00:00"}
{"asctime": "2025-08-20 18:05:39,837", "levelname": "INFO", "name": "AresGlobal.AresLauncher", "message": "🚀 Running enhanced 16-step training pipeline for ETHUSDT on BINANCE", "correlation_id": "-", "session_id": "-", "timestamp": "2025-08-20T16:05:39.837593+00:00"}
{"asctime": "2025-08-20 18:05:39,837", "levelname": "INFO", "name": "AresGlobal.AresLauncher", "message": "Starting from step: step2_feature_engineering", "correlation_id": "-", "session_id": "-", "timestamp": "2025-08-20T16:05:39.837943+00:00"}
{"asctime": "2025-08-20 18:05:39,841", "levelname": "INFO", "name": "AresGlobal.AresLauncher", "message": "🧪 BLANK TRAINING MODE: Set BLANK_TRAINING_MODE=1 for step-based training", "correlation_id": "-", "session_id": "-", "timestamp": "2025-08-20T16:05:39.841693+00:00"}
{"asctime": "2025-08-20 18:05:39,842", "levelname": "INFO", "name": "AresGlobal.ProgressManager", "message": "Initialized ProgressManager for ETHUSDT on BINANCE", "correlation_id": "-", "session_id": "-", "timestamp": "2025-08-20T16:05:39.842325+00:00"}
{"asctime": "2025-08-20 18:05:39,842", "levelname": "INFO", "name": "AresGlobal.ProgressManager", "message": "Progress directory: data/training/progress/BINANCE_ETHUSDT", "correlation_id": "-", "session_id": "-", "timestamp": "2025-08-20T16:05:39.842578+00:00"}
{"asctime": "2025-08-20 18:05:39,842", "levelname": "INFO", "name": "AresGlobal.StepOrchestrator", "message": "Initialized StepOrchestrator for ETHUSDT on BINANCE", "correlation_id": "-", "session_id": "-", "timestamp": "2025-08-20T16:05:39.842856+00:00"}
{"asctime": "2025-08-20 18:05:39,843", "levelname": "INFO", "name": "AresGlobal.ProgressManager", "message": "🗑️  Cleared progress for step2_feature_engineering", "correlation_id": "-", "session_id": "-", "timestamp": "2025-08-20T16:05:39.843117+00:00"}
{"asctime": "2025-08-20 18:05:39,843", "levelname": "INFO", "name": "AresGlobal.AresLauncher", "message": "🧹 Cleared progress for 'step2_feature_engineering' (force)", "correlation_id": "-", "session_id": "-", "timestamp": "2025-08-20T16:05:39.843648+00:00"}
{"asctime": "2025-08-20 18:05:39,843", "levelname": "INFO", "name": "AresGlobal.ProgressManager", "message": "🗑️  Cleared progress for step2_5_enhanced_matrix_operations", "correlation_id": "-", "session_id": "-", "timestamp": "2025-08-20T16:05:39.843998+00:00"}
{"asctime": "2025-08-20 18:05:39,844", "levelname": "INFO", "name": "AresGlobal.AresLauncher", "message": "🧹 Cleared progress for 'step2_5_enhanced_matrix_operations' (force)", "correlation_id": "-", "session_id": "-", "timestamp": "2025-08-20T16:05:39.844214+00:00"}
{"asctime": "2025-08-20 18:05:39,844", "levelname": "INFO", "name": "AresGlobal.ProgressManager", "message": "🗑️  Cleared progress for step3_hmm_regime_discovery", "correlation_id": "-", "session_id": "-", "timestamp": "2025-08-20T16:05:39.844505+00:00"}
{"asctime": "2025-08-20 18:05:39,844", "levelname": "INFO", "name": "AresGlobal.AresLauncher", "message": "🧹 Cleared progress for 'step3_hmm_regime_discovery' (force)", "correlation_id": "-", "session_id": "-", "timestamp": "2025-08-20T16:05:39.844790+00:00"}
{"asctime": "2025-08-20 18:05:39,845", "levelname": "INFO", "name": "AresGlobal.ProgressManager", "message": "🗑️  Cleared progress for step4_processing_labeling", "correlation_id": "-", "session_id": "-", "timestamp": "2025-08-20T16:05:39.845103+00:00"}
{"asctime": "2025-08-20 18:05:39,845", "levelname": "INFO", "name": "AresGlobal.AresLauncher", "message": "🧹 Cleared progress for 'step4_processing_labeling' (force)", "correlation_id": "-", "session_id": "-", "timestamp": "2025-08-20T16:05:39.845282+00:00"}
{"asctime": "2025-08-20 18:05:39,845", "levelname": "INFO", "name": "AresGlobal.ProgressManager", "message": "🗑️  Cleared progress for step5_regime_data_splitting", "correlation_id": "-", "session_id": "-", "timestamp": "2025-08-20T16:05:39.845582+00:00"}
{"asctime": "2025-08-20 18:05:39,845", "levelname": "INFO", "name": "AresGlobal.AresLauncher", "message": "🧹 Cleared progress for 'step5_regime_data_splitting' (force)", "correlation_id": "-", "session_id": "-", "timestamp": "2025-08-20T16:05:39.845739+00:00"}
{"asctime": "2025-08-20 18:05:39,845", "levelname": "INFO", "name": "AresGlobal.ProgressManager", "message": "🗑️  Cleared progress for step6_hmm_based_training", "correlation_id": "-", "session_id": "-", "timestamp": "2025-08-20T16:05:39.845929+00:00"}
{"asctime": "2025-08-20 18:05:39,846", "levelname": "INFO", "name": "AresGlobal.AresLauncher", "message": "🧹 Cleared progress for 'step6_hmm_based_training' (force)", "correlation_id": "-", "session_id": "-", "timestamp": "2025-08-20T16:05:39.846078+00:00"}
{"asctime": "2025-08-20 18:05:39,846", "levelname": "INFO", "name": "AresGlobal.ProgressManager", "message": "🗑️  Cleared progress for step6_5_unified_regime_intelligence", "correlation_id": "-", "session_id": "-", "timestamp": "2025-08-20T16:05:39.846279+00:00"}
{"asctime": "2025-08-20 18:05:39,846", "levelname": "INFO", "name": "AresGlobal.AresLauncher", "message": "🧹 Cleared progress for 'step6_5_unified_regime_intelligence' (force)", "correlation_id": "-", "session_id": "-", "timestamp": "2025-08-20T16:05:39.846487+00:00"}
{"asctime": "2025-08-20 18:05:39,846", "levelname": "INFO", "name": "AresGlobal.ProgressManager", "message": "🗑️  Cleared progress for step7_analyst_enhancement", "correlation_id": "-", "session_id": "-", "timestamp": "2025-08-20T16:05:39.846783+00:00"}
{"asctime": "2025-08-20 18:05:39,846", "levelname": "INFO", "name": "AresGlobal.AresLauncher", "message": "🧹 Cleared progress for 'step7_analyst_enhancement' (force)", "correlation_id": "-", "session_id": "-", "timestamp": "2025-08-20T16:05:39.846932+00:00"}
{"asctime": "2025-08-20 18:05:39,847", "levelname": "INFO", "name": "AresGlobal.ProgressManager", "message": "🗑️  Cleared progress for step8_tactician_labeling", "correlation_id": "-", "session_id": "-", "timestamp": "2025-08-20T16:05:39.847119+00:00"}
{"asctime": "2025-08-20 18:05:39,847", "levelname": "INFO", "name": "AresGlobal.AresLauncher", "message": "🧹 Cleared progress for 'step8_tactician_labeling' (force)", "correlation_id": "-", "session_id": "-", "timestamp": "2025-08-20T16:05:39.847282+00:00"}
{"asctime": "2025-08-20 18:05:39,847", "levelname": "INFO", "name": "AresGlobal.ProgressManager", "message": "🗑️  Cleared progress for step9_tactician_specialist_training", "correlation_id": "-", "session_id": "-", "timestamp": "2025-08-20T16:05:39.847459+00:00"}
{"asctime": "2025-08-20 18:05:39,847", "levelname": "INFO", "name": "AresGlobal.AresLauncher", "message": "🧹 Cleared progress for 'step9_tactician_specialist_training' (force)", "correlation_id": "-", "session_id": "-", "timestamp": "2025-08-20T16:05:39.847601+00:00"}
{"asctime": "2025-08-20 18:05:39,847", "levelname": "INFO", "name": "AresGlobal.ProgressManager", "message": "🗑️  Cleared progress for step10_confidence_calibration", "correlation_id": "-", "session_id": "-", "timestamp": "2025-08-20T16:05:39.847785+00:00"}
{"asctime": "2025-08-20 18:05:39,847", "levelname": "INFO", "name": "AresGlobal.AresLauncher", "message": "🧹 Cleared progress for 'step10_confidence_calibration' (force)", "correlation_id": "-", "session_id": "-", "timestamp": "2025-08-20T16:05:39.847931+00:00"}
{"asctime": "2025-08-20 18:05:39,848", "levelname": "INFO", "name": "AresGlobal.ProgressManager", "message": "🗑️  Cleared progress for step11_final_parameters_optimization", "correlation_id": "-", "session_id": "-", "timestamp": "2025-08-20T16:05:39.848143+00:00"}
{"asctime": "2025-08-20 18:05:39,848", "levelname": "INFO", "name": "AresGlobal.AresLauncher", "message": "🧹 Cleared progress for 'step11_final_parameters_optimization' (force)", "correlation_id": "-", "session_id": "-", "timestamp": "2025-08-20T16:05:39.848459+00:00"}
{"asctime": "2025-08-20 18:05:39,849", "levelname": "INFO", "name": "AresGlobal.ProgressManager", "message": "🗑️  Cleared progress for step12_walk_forward_validation", "correlation_id": "-", "session_id": "-", "timestamp": "2025-08-20T16:05:39.849662+00:00"}
{"asctime": "2025-08-20 18:05:39,849", "levelname": "INFO", "name": "AresGlobal.AresLauncher", "message": "🧹 Cleared progress for 'step12_walk_forward_validation' (force)", "correlation_id": "-", "session_id": "-", "timestamp": "2025-08-20T16:05:39.849841+00:00"}
{"asctime": "2025-08-20 18:05:39,850", "levelname": "INFO", "name": "AresGlobal.ProgressManager", "message": "🗑️  Cleared progress for step13_monte_carlo_validation", "correlation_id": "-", "session_id": "-", "timestamp": "2025-08-20T16:05:39.850781+00:00"}
{"asctime": "2025-08-20 18:05:39,852", "levelname": "INFO", "name": "AresGlobal.AresLauncher", "message": "🧹 Cleared progress for 'step13_monte_carlo_validation' (force)", "correlation_id": "-", "session_id": "-", "timestamp": "2025-08-20T16:05:39.852147+00:00"}
{"asctime": "2025-08-20 18:05:39,852", "levelname": "INFO", "name": "AresGlobal.ProgressManager", "message": "🗑️  Cleared progress for step14_ab_testing", "correlation_id": "-", "session_id": "-", "timestamp": "2025-08-20T16:05:39.852870+00:00"}
{"asctime": "2025-08-20 18:05:39,853", "levelname": "INFO", "name": "AresGlobal.AresLauncher", "message": "🧹 Cleared progress for 'step14_ab_testing' (force)", "correlation_id": "-", "session_id": "-", "timestamp": "2025-08-20T16:05:39.853313+00:00"}
{"asctime": "2025-08-20 18:05:39,853", "levelname": "INFO", "name": "AresGlobal.ProgressManager", "message": "🗑️  Cleared progress for step15_saving", "correlation_id": "-", "session_id": "-", "timestamp": "2025-08-20T16:05:39.853760+00:00"}
{"asctime": "2025-08-20 18:05:39,853", "levelname": "INFO", "name": "AresGlobal.AresLauncher", "message": "🧹 Cleared progress for 'step15_saving' (force)", "correlation_id": "-", "session_id": "-", "timestamp": "2025-08-20T16:05:39.853995+00:00"}
{"asctime": "2025-08-20 18:05:39,854", "levelname": "INFO", "name": "AresGlobal.AresLauncher", "message": "✅ Cleared progress for 16 steps: ['step2_feature_engineering', 'step2_5_enhanced_matrix_operations', 'step3_hmm_regime_discovery', 'step4_processing_labeling', 'step5_regime_data_splitting', 'step6_hmm_based_training', 'step6_5_unified_regime_intelligence', 'step7_analyst_enhancement', 'step8_tactician_labeling', 'step9_tactician_specialist_training', 'step10_confidence_calibration', 'step11_final_parameters_optimization', 'step12_walk_forward_validation', 'step13_monte_carlo_validation', 'step14_ab_testing', 'step15_saving']", "correlation_id": "-", "session_id": "-", "timestamp": "2025-08-20T16:05:39.854745+00:00"}
{"asctime": "2025-08-20 18:05:39,855", "levelname": "DEBUG", "name": "asyncio", "message": "Using selector: KqueueSelector", "correlation_id": "-", "session_id": "-", "timestamp": "2025-08-20T16:05:39.855835+00:00"}
{"asctime": "2025-08-20 18:05:39,856", "levelname": "INFO", "name": "AresGlobal.StepOrchestrator", "message": "🚀 Starting execution from step: step2_feature_engineering", "correlation_id": "-", "session_id": "-", "timestamp": "2025-08-20T16:05:39.856225+00:00"}
{"asctime": "2025-08-20 18:05:42,222", "levelname": "DEBUG", "name": "matplotlib", "message": "matplotlib data path: /opt/homebrew/Caskroom/miniforge/base/lib/python3.12/site-packages/matplotlib/mpl-data", "correlation_id": "-", "session_id": "-", "timestamp": "2025-08-20T16:05:42.222755+00:00"}
{"asctime": "2025-08-20 18:05:42,228", "levelname": "DEBUG", "name": "matplotlib", "message": "CONFIGDIR=/Users/remyroche/.matplotlib", "correlation_id": "-", "session_id": "-", "timestamp": "2025-08-20T16:05:42.228905+00:00"}
{"asctime": "2025-08-20 18:05:42,230", "levelname": "DEBUG", "name": "matplotlib", "message": "interactive is False", "correlation_id": "-", "session_id": "-", "timestamp": "2025-08-20T16:05:42.230069+00:00"}
{"asctime": "2025-08-20 18:05:42,230", "levelname": "DEBUG", "name": "matplotlib", "message": "platform is darwin", "correlation_id": "-", "session_id": "-", "timestamp": "2025-08-20T16:05:42.230271+00:00"}
{"asctime": "2025-08-20 18:05:42,249", "levelname": "DEBUG", "name": "graphviz._tools", "message": "deprecate positional args: graphviz.backend.piping.pipe(['renderer', 'formatter', 'neato_no_op', 'quiet'])", "correlation_id": "-", "session_id": "-", "timestamp": "2025-08-20T16:05:42.249854+00:00"}
{"asctime": "2025-08-20 18:05:42,250", "levelname": "DEBUG", "name": "graphviz._tools", "message": "deprecate positional args: graphviz.backend.rendering.render(['renderer', 'formatter', 'neato_no_op', 'quiet'])", "correlation_id": "-", "session_id": "-", "timestamp": "2025-08-20T16:05:42.250473+00:00"}
{"asctime": "2025-08-20 18:05:42,251", "levelname": "DEBUG", "name": "graphviz._tools", "message": "deprecate positional args: graphviz.backend.unflattening.unflatten(['stagger', 'fanout', 'chain', 'encoding'])", "correlation_id": "-", "session_id": "-", "timestamp": "2025-08-20T16:05:42.251088+00:00"}
{"asctime": "2025-08-20 18:05:42,251", "levelname": "DEBUG", "name": "graphviz._tools", "message": "deprecate positional args: graphviz.backend.viewing.view(['quiet'])", "correlation_id": "-", "session_id": "-", "timestamp": "2025-08-20T16:05:42.251388+00:00"}
{"asctime": "2025-08-20 18:05:42,258", "levelname": "DEBUG", "name": "graphviz._tools", "message": "deprecate positional args: graphviz.quoting.quote(['is_html_string', 'is_valid_id', 'dot_keywords', 'endswith_odd_number_of_backslashes', 'escape_unescaped_quotes'])", "correlation_id": "-", "session_id": "-", "timestamp": "2025-08-20T16:05:42.258590+00:00"}
{"asctime": "2025-08-20 18:05:42,258", "levelname": "DEBUG", "name": "graphviz._tools", "message": "deprecate positional args: graphviz.quoting.a_list(['kwargs', 'attributes'])", "correlation_id": "-", "session_id": "-", "timestamp": "2025-08-20T16:05:42.258973+00:00"}
{"asctime": "2025-08-20 18:05:42,259", "levelname": "DEBUG", "name": "graphviz._tools", "message": "deprecate positional args: graphviz.quoting.attr_list(['kwargs', 'attributes'])", "correlation_id": "-", "session_id": "-", "timestamp": "2025-08-20T16:05:42.259121+00:00"}
{"asctime": "2025-08-20 18:05:42,259", "levelname": "DEBUG", "name": "graphviz._tools", "message": "deprecate positional args: graphviz.dot.Dot.clear(['self', 'keep_attrs'])", "correlation_id": "-", "session_id": "-", "timestamp": "2025-08-20T16:05:42.259359+00:00"}
{"asctime": "2025-08-20 18:05:42,259", "levelname": "DEBUG", "name": "graphviz._tools", "message": "deprecate positional args: graphviz.dot.Dot.__iter__(['self', 'subgraph'])", "correlation_id": "-", "session_id": "-", "timestamp": "2025-08-20T16:05:42.259529+00:00"}
{"asctime": "2025-08-20 18:05:42,259", "levelname": "DEBUG", "name": "graphviz._tools", "message": "deprecate positional args: graphviz.dot.Dot.node(['label', '_attributes'])", "correlation_id": "-", "session_id": "-", "timestamp": "2025-08-20T16:05:42.259680+00:00"}
{"asctime": "2025-08-20 18:05:42,259", "levelname": "DEBUG", "name": "graphviz._tools", "message": "deprecate positional args: graphviz.dot.Dot.edge(['label', '_attributes'])", "correlation_id": "-", "session_id": "-", "timestamp": "2025-08-20T16:05:42.259817+00:00"}
{"asctime": "2025-08-20 18:05:42,259", "levelname": "DEBUG", "name": "graphviz._tools", "message": "deprecate positional args: graphviz.dot.Dot.attr(['kw', '_attributes'])", "correlation_id": "-", "session_id": "-", "timestamp": "2025-08-20T16:05:42.259942+00:00"}
{"asctime": "2025-08-20 18:05:42,260", "levelname": "DEBUG", "name": "graphviz._tools", "message": "deprecate positional args: graphviz.dot.Dot.subgraph(['graph', 'name', 'comment', 'graph_attr', 'node_attr', 'edge_attr', 'body'])", "correlation_id": "-", "session_id": "-", "timestamp": "2025-08-20T16:05:42.260093+00:00"}
{"asctime": "2025-08-20 18:05:42,261", "levelname": "DEBUG", "name": "graphviz._tools", "message": "deprecate positional args: graphviz.piping.Pipe._pipe_legacy(['format', 'renderer', 'formatter', 'neato_no_op', 'quiet'])", "correlation_id": "-", "session_id": "-", "timestamp": "2025-08-20T16:05:42.261136+00:00"}
{"asctime": "2025-08-20 18:05:42,263", "levelname": "DEBUG", "name": "graphviz._tools", "message": "deprecate positional args: graphviz.saving.Save.save(['filename', 'directory'])", "correlation_id": "-", "session_id": "-", "timestamp": "2025-08-20T16:05:42.263048+00:00"}
{"asctime": "2025-08-20 18:05:42,263", "levelname": "DEBUG", "name": "graphviz._tools", "message": "deprecate positional args: graphviz.rendering.Render.render(['filename', 'directory', 'view', 'cleanup', 'format', 'renderer', 'formatter', 'neato_no_op', 'quiet', 'quiet_view'])", "correlation_id": "-", "session_id": "-", "timestamp": "2025-08-20T16:05:42.263343+00:00"}
{"asctime": "2025-08-20 18:05:42,263", "levelname": "DEBUG", "name": "graphviz._tools", "message": "deprecate positional args: graphviz.rendering.Render.view(['filename', 'directory', 'cleanup', 'quiet', 'quiet_view'])", "correlation_id": "-", "session_id": "-", "timestamp": "2025-08-20T16:05:42.263488+00:00"}
{"asctime": "2025-08-20 18:05:42,264", "levelname": "DEBUG", "name": "graphviz._tools", "message": "deprecate positional args: graphviz.unflattening.Unflatten.unflatten(['self', 'stagger', 'fanout', 'chain'])", "correlation_id": "-", "session_id": "-", "timestamp": "2025-08-20T16:05:42.264063+00:00"}
{"asctime": "2025-08-20 18:05:42,264", "levelname": "DEBUG", "name": "graphviz._tools", "message": "deprecate positional args: graphviz.graphs.BaseGraph.__init__(['name', 'comment', 'filename', 'directory', 'format', 'engine', 'encoding', 'graph_attr', 'node_attr', 'edge_attr', 'body', 'strict'])", "correlation_id": "-", "session_id": "-", "timestamp": "2025-08-20T16:05:42.264279+00:00"}
{"asctime": "2025-08-20 18:05:42,264", "levelname": "DEBUG", "name": "graphviz._tools", "message": "deprecate positional args: graphviz.sources.Source.from_file(['filename', 'directory', 'format', 'engine', 'encoding', 'renderer', 'formatter'])", "correlation_id": "-", "session_id": "-", "timestamp": "2025-08-20T16:05:42.264838+00:00"}
{"asctime": "2025-08-20 18:05:42,265", "levelname": "DEBUG", "name": "graphviz._tools", "message": "deprecate positional args: graphviz.sources.Source.__init__(['source', 'filename', 'directory', 'format', 'engine', 'encoding'])", "correlation_id": "-", "session_id": "-", "timestamp": "2025-08-20T16:05:42.265039+00:00"}
{"asctime": "2025-08-20 18:05:42,265", "levelname": "DEBUG", "name": "graphviz._tools", "message": "deprecate positional args: graphviz.sources.Source.save(['filename', 'directory'])", "correlation_id": "-", "session_id": "-", "timestamp": "2025-08-20T16:05:42.265145+00:00"}
{"asctime": "2025-08-20 18:05:42,980", "levelname": "DEBUG", "name": "matplotlib", "message": "CACHEDIR=/Users/remyroche/.matplotlib", "correlation_id": "-", "session_id": "-", "timestamp": "2025-08-20T16:05:42.980900+00:00"}
{"asctime": "2025-08-20 18:05:42,983", "levelname": "DEBUG", "name": "matplotlib.font_manager", "message": "Using fontManager instance from /Users/remyroche/.matplotlib/fontlist-v390.json", "correlation_id": "-", "session_id": "-", "timestamp": "2025-08-20T16:05:42.983919+00:00"}
{"asctime": "2025-08-20 18:05:53,784", "levelname": "DEBUG", "name": "h5py._conv", "message": "Creating converter from 7 to 5", "correlation_id": "-", "session_id": "-", "timestamp": "2025-08-20T16:05:53.784951+00:00"}
{"asctime": "2025-08-20 18:05:53,785", "levelname": "DEBUG", "name": "h5py._conv", "message": "Creating converter from 5 to 7", "correlation_id": "-", "session_id": "-", "timestamp": "2025-08-20T16:05:53.785720+00:00"}
{"asctime": "2025-08-20 18:05:53,785", "levelname": "DEBUG", "name": "h5py._conv", "message": "Creating converter from 7 to 5", "correlation_id": "-", "session_id": "-", "timestamp": "2025-08-20T16:05:53.785970+00:00"}
{"asctime": "2025-08-20 18:05:53,786", "levelname": "DEBUG", "name": "h5py._conv", "message": "Creating converter from 5 to 7", "correlation_id": "-", "session_id": "-", "timestamp": "2025-08-20T16:05:53.786090+00:00"}
{"asctime": "2025-08-20 18:05:55,666", "levelname": "DEBUG", "name": "asyncio", "message": "Using selector: KqueueSelector", "correlation_id": "-", "session_id": "-", "timestamp": "2025-08-20T16:05:55.666160+00:00"}
{"asctime": "2025-08-20 18:05:55,749", "levelname": "INFO", "name": "src.utils.prometheus_metrics", "message": "Prometheus metrics server started on port 9000", "correlation_id": "-", "session_id": "-", "timestamp": "2025-08-20T16:05:55.749751+00:00"}
{"asctime": "2025-08-20 18:05:55,789", "levelname": "INFO", "name": "AresGlobal.M1GPUAcceleration", "message": "✅ MPS (Metal Performance Shaders) available and enabled", "correlation_id": "-", "session_id": "-", "timestamp": "2025-08-20T16:05:55.789142+00:00"}
{"asctime": "2025-08-20 18:05:55,795", "levelname": "INFO", "name": "AresGlobal.ComputationalOptimizationManager", "message": "Computational Optimization Manager initialized", "correlation_id": "-", "session_id": "-", "timestamp": "2025-08-20T16:05:55.795624+00:00"}
{"asctime": "2025-08-20 18:05:55,801", "levelname": "INFO", "name": "AresGlobal.StepOrchestrator", "message": "✅ Enhanced training manager setup successfully", "correlation_id": "-", "session_id": "-", "timestamp": "2025-08-20T16:05:55.801036+00:00"}
{"asctime": "2025-08-20 18:05:55,843", "levelname": "INFO", "name": "AresGlobal.Step2.FeatureEngineering", "message": "🔍 Checking for required multi-timeframe data...", "correlation_id": "-", "session_id": "-", "timestamp": "2025-08-20T16:05:55.843092+00:00"}
{"asctime": "2025-08-20 18:05:55,843", "levelname": "INFO", "name": "AresGlobal.Step2.FeatureEngineering", "message": "✅ Found 5m data: data_cache/klines_BINANCE_ETHUSDT_5m_consolidated.parquet", "correlation_id": "-", "session_id": "-", "timestamp": "2025-08-20T16:05:55.843307+00:00"}
{"asctime": "2025-08-20 18:05:55,843", "levelname": "INFO", "name": "AresGlobal.Step2.FeatureEngineering", "message": "✅ Found 15m data: data_cache/klines_BINANCE_ETHUSDT_15m_consolidated.parquet", "correlation_id": "-", "session_id": "-", "timestamp": "2025-08-20T16:05:55.843472+00:00"}
{"asctime": "2025-08-20 18:05:55,843", "levelname": "INFO", "name": "AresGlobal.Step2.FeatureEngineering", "message": "✅ Found 30m data: data_cache/klines_BINANCE_ETHUSDT_30m_consolidated.parquet", "correlation_id": "-", "session_id": "-", "timestamp": "2025-08-20T16:05:55.843627+00:00"}
{"asctime": "2025-08-20 18:05:55,843", "levelname": "INFO", "name": "AresGlobal.Step2.FeatureEngineering", "message": "✅ All required timeframes are available", "correlation_id": "-", "session_id": "-", "timestamp": "2025-08-20T16:05:55.843768+00:00"}
{"asctime": "2025-08-20 18:05:55,844", "levelname": "INFO", "name": "AresGlobal.Step2.FeatureEngineering", "message": "🔧 No existing artifacts found - generating features", "correlation_id": "-", "session_id": "-", "timestamp": "2025-08-20T16:05:55.844050+00:00"}
{"asctime": "2025-08-20 18:05:55,844", "levelname": "INFO", "name": "AresGlobal.Step2.FeatureEngineering", "message": "📦 Loading labeled data using unified data loader...", "correlation_id": "-", "session_id": "-", "timestamp": "2025-08-20T16:05:55.844312+00:00"}
{"asctime": "2025-08-20 18:05:55,844", "levelname": "ERROR", "name": "AresGlobal.Step2.FeatureEngineering", "message": "❌ Error loading train data: Target argument must be a pandas DataFrame", "correlation_id": "-", "session_id": "-", "exc_info": "Traceback (most recent call last):\n  File \"/Users/remyroche/Documents/Ares/src/training/steps/step2_feature_engineering.py\", line 576, in run_step\n    df = unified_loader.load_step1_5_data(\n         ^^^^^^^^^^^^^^^^^^^^^^^^^^^^^^^^^\n  File \"/Users/remyroche/Documents/Ares/src/utils/decorators.py\", line 507, in sync_wrapper\n    bound_args.arguments[param_name] = _check(\n                                       ^^^^^^^\n  File \"/Users/remyroche/Documents/Ares/src/utils/decorators.py\", line 430, in _check\n    raise DataValidationError(\nsrc.utils.domain_errors.DataValidationError: Target argument must be a pandas DataFrame", "timestamp": "2025-08-20T16:05:55.844934+00:00"}
{"asctime": "2025-08-20 18:05:55,847", "levelname": "ERROR", "name": "AresGlobal.Step2.FeatureEngineering", "message": "🚨 Step 2 feature engineering failed: Target argument must be a pandas DataFrame", "correlation_id": "-", "session_id": "-", "exc_info": "Traceback (most recent call last):\n  File \"/Users/remyroche/Documents/Ares/src/training/steps/step2_feature_engineering.py\", line 576, in run_step\n    df = unified_loader.load_step1_5_data(\n         ^^^^^^^^^^^^^^^^^^^^^^^^^^^^^^^^^\n  File \"/Users/remyroche/Documents/Ares/src/utils/decorators.py\", line 507, in sync_wrapper\n    bound_args.arguments[param_name] = _check(\n                                       ^^^^^^^\n  File \"/Users/remyroche/Documents/Ares/src/utils/decorators.py\", line 430, in _check\n    raise DataValidationError(\nsrc.utils.domain_errors.DataValidationError: Target argument must be a pandas DataFrame", "timestamp": "2025-08-20T16:05:55.847345+00:00"}
{"asctime": "2025-08-20 18:05:55,955", "levelname": "INFO", "name": "AresGlobal.M1GPUAcceleration", "message": "🧹 GPU memory cleared", "correlation_id": "-", "session_id": "-", "timestamp": "2025-08-20T16:05:55.955652+00:00"}
{"asctime": "2025-08-20 18:05:55,956", "levelname": "INFO", "name": "AresGlobal.StepOrchestrator", "message": "\u001b[91m\u001b[1m❌\u001b[0m \u001b[91m\u001b[1m❌ Enhanced 16-step training pipeline failed\u001b[0m", "correlation_id": "-", "session_id": "-", "timestamp": "2025-08-20T16:05:55.956002+00:00"}
{"asctime": "2025-08-20 18:05:55,956", "levelname": "ERROR", "name": "AresGlobal.AresLauncher", "message": "❌ Step-based training pipeline failed", "correlation_id": "-", "session_id": "-", "timestamp": "2025-08-20T16:05:55.956491+00:00"}
{"asctime": "2025-08-20 18:05:55,956", "levelname": "INFO", "name": "AresSystem", "message": "================================================================================", "correlation_id": "-", "session_id": "-", "timestamp": "2025-08-20T16:05:55.956676+00:00"}
{"asctime": "2025-08-20 18:05:55,957", "levelname": "INFO", "name": "AresGlobal", "message": "[SYSTEM] ================================================================================", "correlation_id": "-", "session_id": "-", "timestamp": "2025-08-20T16:05:55.957115+00:00"}
{"asctime": "2025-08-20 18:05:55,957", "levelname": "INFO", "name": "AresSystem", "message": "🛑 ARES LAUNCHER ENDED - Exit code: 1", "correlation_id": "-", "session_id": "-", "timestamp": "2025-08-20T16:05:55.957254+00:00"}
{"asctime": "2025-08-20 18:05:55,957", "levelname": "INFO", "name": "AresGlobal", "message": "[SYSTEM] 🛑 ARES LAUNCHER ENDED - Exit code: 1", "correlation_id": "-", "session_id": "-", "timestamp": "2025-08-20T16:05:55.957399+00:00"}
{"asctime": "2025-08-20 18:05:55,957", "levelname": "INFO", "name": "AresSystem", "message": "End time: 2025-08-20 18:05:55", "correlation_id": "-", "session_id": "-", "timestamp": "2025-08-20T16:05:55.957559+00:00"}
{"asctime": "2025-08-20 18:05:55,957", "levelname": "INFO", "name": "AresGlobal", "message": "[SYSTEM] End time: 2025-08-20 18:05:55", "correlation_id": "-", "session_id": "-", "timestamp": "2025-08-20T16:05:55.957700+00:00"}
{"asctime": "2025-08-20 18:05:55,957", "levelname": "INFO", "name": "AresSystem", "message": "================================================================================", "correlation_id": "-", "session_id": "-", "timestamp": "2025-08-20T16:05:55.957829+00:00"}
{"asctime": "2025-08-20 18:05:55,957", "levelname": "INFO", "name": "AresGlobal", "message": "[SYSTEM] ================================================================================", "correlation_id": "-", "session_id": "-", "timestamp": "2025-08-20T16:05:55.957954+00:00"}
{"asctime": "2025-08-20 18:05:55,958", "levelname": "INFO", "name": "AresGlobal.AresLauncher", "message": "🧹 Cleaning up processes...", "correlation_id": "-", "session_id": "-", "timestamp": "2025-08-20T16:05:55.958102+00:00"}
{"asctime": "2025-08-20 18:05:55,958", "levelname": "INFO", "name": "AresGlobal.AresLauncher", "message": "✅ Cleanup completed", "correlation_id": "-", "session_id": "-", "timestamp": "2025-08-20T16:05:55.958243+00:00"}
