{"asctime": "2025-08-20 23:56:47,966", "name": "AresGlobal", "levelname": "INFO", "message": "================================================================================", "correlation_id": "-", "session_id": "-"}
{"asctime": "2025-08-20 23:56:47,966", "name": "AresGlobal", "levelname": "INFO", "message": "\ud83d\udcca SESSION SUMMARY", "correlation_id": "-", "session_id": "-"}
{"asctime": "2025-08-20 23:56:47,966", "name": "AresGlobal", "levelname": "INFO", "message": "Session started: 2025-08-20 23:56:47", "correlation_id": "-", "session_id": "-"}
{"asctime": "2025-08-20 23:56:47,966", "name": "AresGlobal", "levelname": "INFO", "message": "This file contains ALL logs for this session", "correlation_id": "-", "session_id": "-"}
{"asctime": "2025-08-20 23:56:47,966", "name": "AresGlobal", "levelname": "INFO", "message": "================================================================================", "correlation_id": "-", "session_id": "-"}
{"asctime": "2025-08-20 23:56:47,967", "name": "AresSystem", "levelname": "INFO", "message": "================================================================================", "correlation_id": "-", "session_id": "-"}
{"asctime": "2025-08-20 23:56:47,967", "name": "AresGlobal", "levelname": "INFO", "message": "[SYSTEM] ================================================================================", "correlation_id": "-", "session_id": "-"}
{"asctime": "2025-08-20 23:56:47,967", "name": "AresSystem", "levelname": "INFO", "message": "\ud83d\ude80 ARES LAUNCHER STARTED - Mode: INITIALIZATION", "correlation_id": "-", "session_id": "-"}
{"asctime": "2025-08-20 23:56:47,967", "name": "AresGlobal", "levelname": "INFO", "message": "[SYSTEM] \ud83d\ude80 ARES LAUNCHER STARTED - Mode: INITIALIZATION", "correlation_id": "-", "session_id": "-"}
{"asctime": "2025-08-20 23:56:47,967", "name": "AresSystem", "levelname": "INFO", "message": "Start time: 2025-08-20 23:56:47", "correlation_id": "-", "session_id": "-"}
{"asctime": "2025-08-20 23:56:47,967", "name": "AresGlobal", "levelname": "INFO", "message": "[SYSTEM] Start time: 2025-08-20 23:56:47", "correlation_id": "-", "session_id": "-"}
{"asctime": "2025-08-20 23:56:47,967", "name": "AresSystem", "levelname": "INFO", "message": "Log directory: log", "correlation_id": "-", "session_id": "-"}
{"asctime": "2025-08-20 23:56:47,967", "name": "AresGlobal", "levelname": "INFO", "message": "[SYSTEM] Log directory: log", "correlation_id": "-", "session_id": "-"}
{"asctime": "2025-08-20 23:56:47,968", "name": "AresSystem", "levelname": "INFO", "message": "================================================================================", "correlation_id": "-", "session_id": "-"}
{"asctime": "2025-08-20 23:56:47,968", "name": "AresGlobal", "levelname": "INFO", "message": "[SYSTEM] ================================================================================", "correlation_id": "-", "session_id": "-"}
{"asctime": "2025-08-20 23:56:47,968", "name": "AresGlobal.AresLauncher", "levelname": "INFO", "message": "================================================================================", "correlation_id": "-", "session_id": "-"}
{"asctime": "2025-08-20 23:56:47,968", "name": "AresGlobal.AresLauncher", "levelname": "INFO", "message": "\ud83d\ude80 ARES COMPREHENSIVE LAUNCHER", "correlation_id": "-", "session_id": "-"}
{"asctime": "2025-08-20 23:56:47,968", "name": "AresGlobal.AresLauncher", "levelname": "INFO", "message": "================================================================================", "correlation_id": "-", "session_id": "-"}
{"asctime": "2025-08-20 23:56:47,968", "name": "AresGlobal.AresLauncher", "levelname": "INFO", "message": "Start time: 2025-08-20 23:56:47", "correlation_id": "-", "session_id": "-"}
{"asctime": "2025-08-20 23:56:47,968", "name": "AresGlobal.AresLauncher", "levelname": "INFO", "message": "Log directory: log", "correlation_id": "-", "session_id": "-"}
{"asctime": "2025-08-20 23:56:47,968", "name": "AresGlobal.AresLauncher", "levelname": "INFO", "message": "Log level: INFO", "correlation_id": "-", "session_id": "-"}
{"asctime": "2025-08-20 23:56:47,968", "name": "AresGlobal.AresLauncher", "levelname": "INFO", "message": "Global log file: ares_global_20250820_235647.log", "correlation_id": "-", "session_id": "-"}
{"asctime": "2025-08-20 23:56:47,968", "name": "AresGlobal.AresLauncher", "levelname": "INFO", "message": "Full run log: log/ares_full_20250820_235647.log", "correlation_id": "-", "session_id": "-"}
{"asctime": "2025-08-20 23:56:47,968", "name": "AresGlobal.AresLauncher", "levelname": "INFO", "message": "Trades log: log/ares_trades_20250820_235647.log", "correlation_id": "-", "session_id": "-"}
{"asctime": "2025-08-20 23:56:47,969", "name": "AresGlobal.AresLauncher", "levelname": "INFO", "message": "Backtest log: log/ares_backtest_20250820_235647.log", "correlation_id": "-", "session_id": "-"}
{"asctime": "2025-08-20 23:56:47,969", "name": "AresGlobal.AresLauncher", "levelname": "INFO", "message": "================================================================================", "correlation_id": "-", "session_id": "-"}
{"asctime": "2025-08-20 23:56:47,969", "name": "ares.SignalHandler", "levelname": "INFO", "message": "Shutdown callback registered", "correlation_id": "-", "session_id": "-"}
{"asctime": "2025-08-20 23:56:47,969", "name": "AresSystem", "levelname": "INFO", "message": "================================================================================", "correlation_id": "-", "session_id": "-"}
{"asctime": "2025-08-20 23:56:47,969", "name": "AresGlobal", "levelname": "INFO", "message": "[SYSTEM] ================================================================================", "correlation_id": "-", "session_id": "-"}
{"asctime": "2025-08-20 23:56:47,969", "name": "AresSystem", "levelname": "INFO", "message": "\ud83d\ude80 ARES LAUNCHER STARTED - Mode: full - Symbol: ETHUSDT - Exchange: BINANCE", "correlation_id": "-", "session_id": "-"}
{"asctime": "2025-08-20 23:56:47,969", "name": "AresGlobal", "levelname": "INFO", "message": "[SYSTEM] \ud83d\ude80 ARES LAUNCHER STARTED - Mode: full - Symbol: ETHUSDT - Exchange: BINANCE", "correlation_id": "-", "session_id": "-"}
{"asctime": "2025-08-20 23:56:47,969", "name": "AresSystem", "levelname": "INFO", "message": "Start time: 2025-08-20 23:56:47", "correlation_id": "-", "session_id": "-"}
{"asctime": "2025-08-20 23:56:47,969", "name": "AresGlobal", "levelname": "INFO", "message": "[SYSTEM] Start time: 2025-08-20 23:56:47", "correlation_id": "-", "session_id": "-"}
{"asctime": "2025-08-20 23:56:47,969", "name": "AresSystem", "levelname": "INFO", "message": "Log directory: log", "correlation_id": "-", "session_id": "-"}
{"asctime": "2025-08-20 23:56:47,969", "name": "AresGlobal", "levelname": "INFO", "message": "[SYSTEM] Log directory: log", "correlation_id": "-", "session_id": "-"}
{"asctime": "2025-08-20 23:56:47,970", "name": "AresSystem", "levelname": "INFO", "message": "================================================================================", "correlation_id": "-", "session_id": "-"}
{"asctime": "2025-08-20 23:56:47,970", "name": "AresGlobal", "levelname": "INFO", "message": "[SYSTEM] ================================================================================", "correlation_id": "-", "session_id": "-"}
{"asctime": "2025-08-20 23:56:47,970", "name": "AresGlobal.AresLauncher", "levelname": "INFO", "message": "\ud83d\ude80 Running step-based full training for ETHUSDT on BINANCE", "correlation_id": "-", "session_id": "-"}
{"asctime": "2025-08-20 23:56:47,970", "name": "AresGlobal.AresLauncher", "levelname": "INFO", "message": "\ud83d\udcca Using full parameters (730 days lookback, full training parameters)", "correlation_id": "-", "session_id": "-"}
{"asctime": "2025-08-20 23:56:47,970", "name": "AresGlobal.AresLauncher", "levelname": "INFO", "message": "Starting from step: step1_data_collection", "correlation_id": "-", "session_id": "-"}
{"asctime": "2025-08-20 23:56:47,971", "name": "AresGlobal.AresLauncher", "levelname": "INFO", "message": "\ud83d\udcca FULL TRAINING MODE: Set FULL_TRAINING_MODE=1 for step-based training", "correlation_id": "-", "session_id": "-"}
{"asctime": "2025-08-20 23:56:47,971", "name": "ares.ProgressManager", "levelname": "INFO", "message": "Initialized ProgressManager for ETHUSDT on BINANCE", "correlation_id": "-", "session_id": "-"}
{"asctime": "2025-08-20 23:56:47,971", "name": "ares.ProgressManager", "levelname": "INFO", "message": "Progress directory: data/training/progress/BINANCE_ETHUSDT", "correlation_id": "-", "session_id": "-"}
{"asctime": "2025-08-20 23:56:47,971", "name": "ares.StepOrchestrator", "levelname": "INFO", "message": "Initialized StepOrchestrator for ETHUSDT on BINANCE", "correlation_id": "-", "session_id": "-"}
{"asctime": "2025-08-20 23:56:47,971", "name": "asyncio", "levelname": "DEBUG", "message": "Using selector: KqueueSelector", "correlation_id": "-", "session_id": "-"}
{"asctime": "2025-08-20 23:56:47,972", "name": "ares.StepOrchestrator", "levelname": "INFO", "message": "\ud83d\ude80 Starting execution from step: step1_data_collection", "correlation_id": "-", "session_id": "-"}
{"asctime": "2025-08-20 23:56:49,187", "name": "src.utils.prometheus_metrics", "levelname": "INFO", "message": "Prometheus metrics server started on port 9000", "correlation_id": "-", "session_id": "-"}
