{"asctime": "2025-08-21 18:39:58,664", "levelname": "INFO", "name": "AresGlobal", "message": "================================================================================", "correlation_id": "-", "session_id": "-", "timestamp": "2025-08-21T16:39:58.664747+00:00"}
{"asctime": "2025-08-21 18:39:58,664", "levelname": "INFO", "name": "AresGlobal", "message": "📊 SESSION SUMMARY", "correlation_id": "-", "session_id": "-", "timestamp": "2025-08-21T16:39:58.664881+00:00"}
{"asctime": "2025-08-21 18:39:58,664", "levelname": "INFO", "name": "AresGlobal", "message": "Session started: 2025-08-21 18:39:58", "correlation_id": "-", "session_id": "-", "timestamp": "2025-08-21T16:39:58.664985+00:00"}
{"asctime": "2025-08-21 18:39:58,665", "levelname": "INFO", "name": "AresGlobal", "message": "This file contains ALL logs for this session", "correlation_id": "-", "session_id": "-", "timestamp": "2025-08-21T16:39:58.665069+00:00"}
{"asctime": "2025-08-21 18:39:58,665", "levelname": "INFO", "name": "AresGlobal", "message": "================================================================================", "correlation_id": "-", "session_id": "-", "timestamp": "2025-08-21T16:39:58.665154+00:00"}
{"asctime": "2025-08-21 18:39:58,665", "levelname": "INFO", "name": "AresGlobal", "message": "[SYSTEM] ================================================================================", "correlation_id": "-", "session_id": "-", "timestamp": "2025-08-21T16:39:58.665362+00:00"}
{"asctime": "2025-08-21 18:39:58,665", "levelname": "INFO", "name": "AresGlobal", "message": "[SYSTEM] 🚀 ARES LAUNCHER STARTED - Mode: INITIALIZATION", "correlation_id": "-", "session_id": "-", "timestamp": "2025-08-21T16:39:58.665669+00:00"}
{"asctime": "2025-08-21 18:39:58,666", "levelname": "INFO", "name": "AresGlobal", "message": "[SYSTEM] Start time: 2025-08-21 18:39:58", "correlation_id": "-", "session_id": "-", "timestamp": "2025-08-21T16:39:58.666200+00:00"}
{"asctime": "2025-08-21 18:39:58,666", "levelname": "INFO", "name": "AresGlobal", "message": "[SYSTEM] Log directory: log", "correlation_id": "-", "session_id": "-", "timestamp": "2025-08-21T16:39:58.666372+00:00"}
{"asctime": "2025-08-21 18:39:58,666", "levelname": "INFO", "name": "AresGlobal", "message": "[SYSTEM] ================================================================================", "correlation_id": "-", "session_id": "-", "timestamp": "2025-08-21T16:39:58.666538+00:00"}
{"asctime": "2025-08-21 18:39:58,666", "levelname": "INFO", "name": "AresGlobal.AresLauncher", "message": "================================================================================", "correlation_id": "-", "session_id": "-", "timestamp": "2025-08-21T16:39:58.666624+00:00"}
{"asctime": "2025-08-21 18:39:58,666", "levelname": "INFO", "name": "AresGlobal.AresLauncher", "message": "🚀 ARES COMPREHENSIVE LAUNCHER", "correlation_id": "-", "session_id": "-", "timestamp": "2025-08-21T16:39:58.666710+00:00"}
{"asctime": "2025-08-21 18:39:58,666", "levelname": "INFO", "name": "AresGlobal.AresLauncher", "message": "================================================================================", "correlation_id": "-", "session_id": "-", "timestamp": "2025-08-21T16:39:58.666801+00:00"}
{"asctime": "2025-08-21 18:39:58,666", "levelname": "INFO", "name": "AresGlobal.AresLauncher", "message": "Start time: 2025-08-21 18:39:58", "correlation_id": "-", "session_id": "-", "timestamp": "2025-08-21T16:39:58.666893+00:00"}
{"asctime": "2025-08-21 18:39:58,666", "levelname": "INFO", "name": "AresGlobal.AresLauncher", "message": "Log directory: log", "correlation_id": "-", "session_id": "-", "timestamp": "2025-08-21T16:39:58.666979+00:00"}
{"asctime": "2025-08-21 18:39:58,667", "levelname": "INFO", "name": "AresGlobal.AresLauncher", "message": "Log level: INFO", "correlation_id": "-", "session_id": "-", "timestamp": "2025-08-21T16:39:58.667064+00:00"}
{"asctime": "2025-08-21 18:39:58,667", "levelname": "INFO", "name": "AresGlobal.AresLauncher", "message": "Global log file: ares_global_20250821_183958.log", "correlation_id": "-", "session_id": "-", "timestamp": "2025-08-21T16:39:58.667152+00:00"}
{"asctime": "2025-08-21 18:39:58,667", "levelname": "INFO", "name": "AresGlobal.AresLauncher", "message": "Full run log: log/ares_full_20250821_183958.log", "correlation_id": "-", "session_id": "-", "timestamp": "2025-08-21T16:39:58.667240+00:00"}
{"asctime": "2025-08-21 18:39:58,667", "levelname": "INFO", "name": "AresGlobal.AresLauncher", "message": "Trades log: log/ares_trades_20250821_183958.log", "correlation_id": "-", "session_id": "-", "timestamp": "2025-08-21T16:39:58.667323+00:00"}
{"asctime": "2025-08-21 18:39:58,667", "levelname": "INFO", "name": "AresGlobal.AresLauncher", "message": "Backtest log: log/ares_backtest_20250821_183958.log", "correlation_id": "-", "session_id": "-", "timestamp": "2025-08-21T16:39:58.667404+00:00"}
{"asctime": "2025-08-21 18:39:58,667", "levelname": "INFO", "name": "AresGlobal.AresLauncher", "message": "================================================================================", "correlation_id": "-", "session_id": "-", "timestamp": "2025-08-21T16:39:58.667482+00:00"}
{"asctime": "2025-08-21 18:39:58,667", "levelname": "INFO", "name": "AresGlobal", "message": "[SYSTEM] ================================================================================", "correlation_id": "-", "session_id": "-", "timestamp": "2025-08-21T16:39:58.667737+00:00"}
{"asctime": "2025-08-21 18:39:58,667", "levelname": "INFO", "name": "AresGlobal", "message": "[SYSTEM] 🚀 ARES LAUNCHER STARTED - Mode: blank - Symbol: ETHUSDT - Exchange: BINANCE", "correlation_id": "-", "session_id": "-", "timestamp": "2025-08-21T16:39:58.667904+00:00"}
{"asctime": "2025-08-21 18:39:58,668", "levelname": "INFO", "name": "AresGlobal", "message": "[SYSTEM] Start time: 2025-08-21 18:39:58", "correlation_id": "-", "session_id": "-", "timestamp": "2025-08-21T16:39:58.668160+00:00"}
{"asctime": "2025-08-21 18:39:58,668", "levelname": "INFO", "name": "AresGlobal", "message": "[SYSTEM] Log directory: log", "correlation_id": "-", "session_id": "-", "timestamp": "2025-08-21T16:39:58.668375+00:00"}
{"asctime": "2025-08-21 18:39:58,668", "levelname": "INFO", "name": "AresGlobal", "message": "[SYSTEM] ================================================================================", "correlation_id": "-", "session_id": "-", "timestamp": "2025-08-21T16:39:58.668544+00:00"}
{"asctime": "2025-08-21 18:39:58,668", "levelname": "INFO", "name": "AresGlobal.AresLauncher", "message": "🚀 Running enhanced 16-step training pipeline for ETHUSDT on BINANCE", "correlation_id": "-", "session_id": "-", "timestamp": "2025-08-21T16:39:58.668651+00:00"}
{"asctime": "2025-08-21 18:39:58,668", "levelname": "INFO", "name": "AresGlobal.AresLauncher", "message": "Starting from step: step2_feature_engineering", "correlation_id": "-", "session_id": "-", "timestamp": "2025-08-21T16:39:58.668783+00:00"}
{"asctime": "2025-08-21 18:39:58,669", "levelname": "INFO", "name": "AresGlobal.AresLauncher", "message": "🧪 BLANK TRAINING MODE: Set BLANK_TRAINING_MODE=1 for step-based training", "correlation_id": "-", "session_id": "-", "timestamp": "2025-08-21T16:39:58.669742+00:00"}
{"asctime": "2025-08-21 18:39:58,669", "levelname": "INFO", "name": "AresGlobal.ProgressManager", "message": "Initialized ProgressManager for ETHUSDT on BINANCE", "correlation_id": "-", "session_id": "-", "timestamp": "2025-08-21T16:39:58.669925+00:00"}
{"asctime": "2025-08-21 18:39:58,670", "levelname": "INFO", "name": "AresGlobal.ProgressManager", "message": "Progress directory: data/training/progress/BINANCE_ETHUSDT", "correlation_id": "-", "session_id": "-", "timestamp": "2025-08-21T16:39:58.670014+00:00"}
{"asctime": "2025-08-21 18:39:58,670", "levelname": "INFO", "name": "AresGlobal.StepOrchestrator", "message": "Initialized StepOrchestrator for ETHUSDT on BINANCE", "correlation_id": "-", "session_id": "-", "timestamp": "2025-08-21T16:39:58.670098+00:00"}
{"asctime": "2025-08-21 18:39:58,670", "levelname": "INFO", "name": "AresGlobal.ProgressManager", "message": "🗑️  Cleared progress for step2_feature_engineering", "correlation_id": "-", "session_id": "-", "timestamp": "2025-08-21T16:39:58.670211+00:00"}
{"asctime": "2025-08-21 18:39:58,670", "levelname": "INFO", "name": "AresGlobal.AresLauncher", "message": "🧹 Cleared progress for 'step2_feature_engineering' (force)", "correlation_id": "-", "session_id": "-", "timestamp": "2025-08-21T16:39:58.670812+00:00"}
{"asctime": "2025-08-21 18:39:58,671", "levelname": "INFO", "name": "AresGlobal.ProgressManager", "message": "🗑️  Cleared progress for step3_hmm_regime_discovery", "correlation_id": "-", "session_id": "-", "timestamp": "2025-08-21T16:39:58.671007+00:00"}
{"asctime": "2025-08-21 18:39:58,671", "levelname": "INFO", "name": "AresGlobal.AresLauncher", "message": "🧹 Cleared progress for 'step3_hmm_regime_discovery' (force)", "correlation_id": "-", "session_id": "-", "timestamp": "2025-08-21T16:39:58.671181+00:00"}
{"asctime": "2025-08-21 18:39:58,671", "levelname": "INFO", "name": "AresGlobal.ProgressManager", "message": "🗑️  Cleared progress for step4_processing_labeling", "correlation_id": "-", "session_id": "-", "timestamp": "2025-08-21T16:39:58.671360+00:00"}
{"asctime": "2025-08-21 18:39:58,671", "levelname": "INFO", "name": "AresGlobal.AresLauncher", "message": "🧹 Cleared progress for 'step4_processing_labeling' (force)", "correlation_id": "-", "session_id": "-", "timestamp": "2025-08-21T16:39:58.671737+00:00"}
{"asctime": "2025-08-21 18:39:58,671", "levelname": "INFO", "name": "AresGlobal.ProgressManager", "message": "🗑️  Cleared progress for step5_regime_data_splitting", "correlation_id": "-", "session_id": "-", "timestamp": "2025-08-21T16:39:58.671986+00:00"}
{"asctime": "2025-08-21 18:39:58,672", "levelname": "INFO", "name": "AresGlobal.AresLauncher", "message": "🧹 Cleared progress for 'step5_regime_data_splitting' (force)", "correlation_id": "-", "session_id": "-", "timestamp": "2025-08-21T16:39:58.672155+00:00"}
{"asctime": "2025-08-21 18:39:58,672", "levelname": "INFO", "name": "AresGlobal.ProgressManager", "message": "🗑️  Cleared progress for step6_hmm_based_training", "correlation_id": "-", "session_id": "-", "timestamp": "2025-08-21T16:39:58.672275+00:00"}
{"asctime": "2025-08-21 18:39:58,672", "levelname": "INFO", "name": "AresGlobal.AresLauncher", "message": "🧹 Cleared progress for 'step6_hmm_based_training' (force)", "correlation_id": "-", "session_id": "-", "timestamp": "2025-08-21T16:39:58.672364+00:00"}
{"asctime": "2025-08-21 18:39:58,672", "levelname": "INFO", "name": "AresGlobal.ProgressManager", "message": "🗑️  Cleared progress for step6_5_unified_regime_intelligence", "correlation_id": "-", "session_id": "-", "timestamp": "2025-08-21T16:39:58.672466+00:00"}
{"asctime": "2025-08-21 18:39:58,672", "levelname": "INFO", "name": "AresGlobal.AresLauncher", "message": "🧹 Cleared progress for 'step6_5_unified_regime_intelligence' (force)", "correlation_id": "-", "session_id": "-", "timestamp": "2025-08-21T16:39:58.672550+00:00"}
{"asctime": "2025-08-21 18:39:58,672", "levelname": "INFO", "name": "AresGlobal.ProgressManager", "message": "🗑️  Cleared progress for step7_analyst_enhancement", "correlation_id": "-", "session_id": "-", "timestamp": "2025-08-21T16:39:58.672656+00:00"}
{"asctime": "2025-08-21 18:39:58,672", "levelname": "INFO", "name": "AresGlobal.AresLauncher", "message": "🧹 Cleared progress for 'step7_analyst_enhancement' (force)", "correlation_id": "-", "session_id": "-", "timestamp": "2025-08-21T16:39:58.672738+00:00"}
{"asctime": "2025-08-21 18:39:58,672", "levelname": "INFO", "name": "AresGlobal.ProgressManager", "message": "🗑️  Cleared progress for step8_tactician_labeling", "correlation_id": "-", "session_id": "-", "timestamp": "2025-08-21T16:39:58.672839+00:00"}
{"asctime": "2025-08-21 18:39:58,672", "levelname": "INFO", "name": "AresGlobal.AresLauncher", "message": "🧹 Cleared progress for 'step8_tactician_labeling' (force)", "correlation_id": "-", "session_id": "-", "timestamp": "2025-08-21T16:39:58.672928+00:00"}
{"asctime": "2025-08-21 18:39:58,673", "levelname": "INFO", "name": "AresGlobal.ProgressManager", "message": "🗑️  Cleared progress for step9_tactician_specialist_training", "correlation_id": "-", "session_id": "-", "timestamp": "2025-08-21T16:39:58.673028+00:00"}
{"asctime": "2025-08-21 18:39:58,673", "levelname": "INFO", "name": "AresGlobal.AresLauncher", "message": "🧹 Cleared progress for 'step9_tactician_specialist_training' (force)", "correlation_id": "-", "session_id": "-", "timestamp": "2025-08-21T16:39:58.673116+00:00"}
{"asctime": "2025-08-21 18:39:58,673", "levelname": "INFO", "name": "AresGlobal.ProgressManager", "message": "🗑️  Cleared progress for step10_confidence_calibration", "correlation_id": "-", "session_id": "-", "timestamp": "2025-08-21T16:39:58.673214+00:00"}
{"asctime": "2025-08-21 18:39:58,673", "levelname": "INFO", "name": "AresGlobal.AresLauncher", "message": "🧹 Cleared progress for 'step10_confidence_calibration' (force)", "correlation_id": "-", "session_id": "-", "timestamp": "2025-08-21T16:39:58.673295+00:00"}
{"asctime": "2025-08-21 18:39:58,673", "levelname": "INFO", "name": "AresGlobal.ProgressManager", "message": "🗑️  Cleared progress for step11_final_parameters_optimization", "correlation_id": "-", "session_id": "-", "timestamp": "2025-08-21T16:39:58.673391+00:00"}
{"asctime": "2025-08-21 18:39:58,673", "levelname": "INFO", "name": "AresGlobal.AresLauncher", "message": "🧹 Cleared progress for 'step11_final_parameters_optimization' (force)", "correlation_id": "-", "session_id": "-", "timestamp": "2025-08-21T16:39:58.673469+00:00"}
{"asctime": "2025-08-21 18:39:58,673", "levelname": "INFO", "name": "AresGlobal.ProgressManager", "message": "🗑️  Cleared progress for step12_walk_forward_validation", "correlation_id": "-", "session_id": "-", "timestamp": "2025-08-21T16:39:58.673569+00:00"}
{"asctime": "2025-08-21 18:39:58,673", "levelname": "INFO", "name": "AresGlobal.AresLauncher", "message": "🧹 Cleared progress for 'step12_walk_forward_validation' (force)", "correlation_id": "-", "session_id": "-", "timestamp": "2025-08-21T16:39:58.673647+00:00"}
{"asctime": "2025-08-21 18:39:58,673", "levelname": "INFO", "name": "AresGlobal.ProgressManager", "message": "🗑️  Cleared progress for step13_monte_carlo_validation", "correlation_id": "-", "session_id": "-", "timestamp": "2025-08-21T16:39:58.673804+00:00"}
{"asctime": "2025-08-21 18:39:58,673", "levelname": "INFO", "name": "AresGlobal.AresLauncher", "message": "🧹 Cleared progress for 'step13_monte_carlo_validation' (force)", "correlation_id": "-", "session_id": "-", "timestamp": "2025-08-21T16:39:58.673906+00:00"}
{"asctime": "2025-08-21 18:39:58,674", "levelname": "INFO", "name": "AresGlobal.ProgressManager", "message": "🗑️  Cleared progress for step14_ab_testing", "correlation_id": "-", "session_id": "-", "timestamp": "2025-08-21T16:39:58.674020+00:00"}
{"asctime": "2025-08-21 18:39:58,674", "levelname": "INFO", "name": "AresGlobal.AresLauncher", "message": "🧹 Cleared progress for 'step14_ab_testing' (force)", "correlation_id": "-", "session_id": "-", "timestamp": "2025-08-21T16:39:58.674117+00:00"}
{"asctime": "2025-08-21 18:39:58,674", "levelname": "INFO", "name": "AresGlobal.ProgressManager", "message": "🗑️  Cleared progress for step15_saving", "correlation_id": "-", "session_id": "-", "timestamp": "2025-08-21T16:39:58.674236+00:00"}
{"asctime": "2025-08-21 18:39:58,674", "levelname": "INFO", "name": "AresGlobal.AresLauncher", "message": "🧹 Cleared progress for 'step15_saving' (force)", "correlation_id": "-", "session_id": "-", "timestamp": "2025-08-21T16:39:58.674327+00:00"}
{"asctime": "2025-08-21 18:39:58,674", "levelname": "INFO", "name": "AresGlobal.AresLauncher", "message": "✅ Cleared progress for 15 steps: ['step2_feature_engineering', 'step3_hmm_regime_discovery', 'step4_processing_labeling', 'step5_regime_data_splitting', 'step6_hmm_based_training', 'step6_5_unified_regime_intelligence', 'step7_analyst_enhancement', 'step8_tactician_labeling', 'step9_tactician_specialist_training', 'step10_confidence_calibration', 'step11_final_parameters_optimization', 'step12_walk_forward_validation', 'step13_monte_carlo_validation', 'step14_ab_testing', 'step15_saving']", "correlation_id": "-", "session_id": "-", "timestamp": "2025-08-21T16:39:58.674421+00:00"}
{"asctime": "2025-08-21 18:39:58,674", "levelname": "INFO", "name": "AresGlobal.StepOrchestrator", "message": "🚀 Starting execution from step: step2_feature_engineering", "correlation_id": "-", "session_id": "-", "timestamp": "2025-08-21T16:39:58.674952+00:00"}
{"asctime": "2025-08-21 18:40:00,074", "levelname": "ERROR", "name": "AresGlobal.StepOrchestrator", "message": "Failed to setup enhanced training manager: validate_pipeline_step() got an unexpected keyword argument 'enable_rollback'", "correlation_id": "-", "session_id": "-", "exc_info": "Traceback (most recent call last):\n  File \"/Users/remyroche/Documents/Ares/src/training/step_orchestrator.py\", line 74, in _setup_enhanced_training_manager\n    from src.training.enhanced_training_manager import (\n  File \"/Users/remyroche/Documents/Ares/src/training/enhanced_training_manager.py\", line 120, in <module>\n    class EnhancedTrainingManager:\n  File \"/Users/remyroche/Documents/Ares/src/training/enhanced_training_manager.py\", line 1464, in EnhancedTrainingManager\n    @validate_pipeline_step(\n     ^^^^^^^^^^^^^^^^^^^^^^^\nTypeError: validate_pipeline_step() got an unexpected keyword argument 'enable_rollback'", "timestamp": "2025-08-21T16:40:00.074009+00:00"}
{"asctime": "2025-08-21 18:40:00,075", "levelname": "INFO", "name": "AresGlobal.StepOrchestrator", "message": "\u001b[91m\u001b[1m🚫\u001b[0m \u001b[91m\u001b[1mFailed to setup enhanced training manager: validate_pipeline_step() got an unexpected keyword argument 'enable_rollback'\u001b[0m", "correlation_id": "-", "session_id": "-", "timestamp": "2025-08-21T16:40:00.075647+00:00"}
{"asctime": "2025-08-21 18:40:00,075", "levelname": "ERROR", "name": "AresGlobal.AresLauncher", "message": "❌ Step-based training pipeline failed", "correlation_id": "-", "session_id": "-", "timestamp": "2025-08-21T16:40:00.075945+00:00"}
{"asctime": "2025-08-21 18:40:00,076", "levelname": "INFO", "name": "AresGlobal", "message": "[SYSTEM] ================================================================================", "correlation_id": "-", "session_id": "-", "timestamp": "2025-08-21T16:40:00.076159+00:00"}
{"asctime": "2025-08-21 18:40:00,076", "levelname": "INFO", "name": "AresGlobal", "message": "[SYSTEM] 🛑 ARES LAUNCHER ENDED - Exit code: 1", "correlation_id": "-", "session_id": "-", "timestamp": "2025-08-21T16:40:00.076327+00:00"}
{"asctime": "2025-08-21 18:40:00,076", "levelname": "INFO", "name": "AresGlobal", "message": "[SYSTEM] End time: 2025-08-21 18:40:00", "correlation_id": "-", "session_id": "-", "timestamp": "2025-08-21T16:40:00.076499+00:00"}
{"asctime": "2025-08-21 18:40:00,076", "levelname": "INFO", "name": "AresGlobal", "message": "[SYSTEM] ================================================================================", "correlation_id": "-", "session_id": "-", "timestamp": "2025-08-21T16:40:00.076655+00:00"}
{"asctime": "2025-08-21 18:40:00,076", "levelname": "INFO", "name": "AresGlobal.AresLauncher", "message": "🧹 Cleaning up processes...", "correlation_id": "-", "session_id": "-", "timestamp": "2025-08-21T16:40:00.076735+00:00"}
{"asctime": "2025-08-21 18:40:00,076", "levelname": "INFO", "name": "AresGlobal.AresLauncher", "message": "✅ Cleanup completed", "correlation_id": "-", "session_id": "-", "timestamp": "2025-08-21T16:40:00.076826+00:00"}
