{"asctime": "2025-08-19 17:14:54,049", "levelname": "INFO", "name": "AresGlobal", "message": "================================================================================", "correlation_id": "-", "session_id": "-", "timestamp": "2025-08-19T15:14:54.049053+00:00"}
{"asctime": "2025-08-19 17:14:54,049", "levelname": "INFO", "name": "AresGlobal", "message": "📊 SESSION SUMMARY", "correlation_id": "-", "session_id": "-", "timestamp": "2025-08-19T15:14:54.049182+00:00"}
{"asctime": "2025-08-19 17:14:54,049", "levelname": "INFO", "name": "AresGlobal", "message": "Session started: 2025-08-19 17:14:54", "correlation_id": "-", "session_id": "-", "timestamp": "2025-08-19T15:14:54.049279+00:00"}
{"asctime": "2025-08-19 17:14:54,049", "levelname": "INFO", "name": "AresGlobal", "message": "This file contains ALL logs for this session", "correlation_id": "-", "session_id": "-", "timestamp": "2025-08-19T15:14:54.049355+00:00"}
{"asctime": "2025-08-19 17:14:54,049", "levelname": "INFO", "name": "AresGlobal", "message": "================================================================================", "correlation_id": "-", "session_id": "-", "timestamp": "2025-08-19T15:14:54.049431+00:00"}
{"asctime": "2025-08-19 17:14:54,049", "levelname": "INFO", "name": "AresGlobal", "message": "[SYSTEM] ================================================================================", "correlation_id": "-", "session_id": "-", "timestamp": "2025-08-19T15:14:54.049625+00:00"}
{"asctime": "2025-08-19 17:14:54,049", "levelname": "INFO", "name": "AresGlobal", "message": "[SYSTEM] 🚀 ARES LAUNCHER STARTED - Mode: INITIALIZATION", "correlation_id": "-", "session_id": "-", "timestamp": "2025-08-19T15:14:54.049780+00:00"}
{"asctime": "2025-08-19 17:14:54,049", "levelname": "INFO", "name": "AresGlobal", "message": "[SYSTEM] Start time: 2025-08-19 17:14:54", "correlation_id": "-", "session_id": "-", "timestamp": "2025-08-19T15:14:54.049938+00:00"}
{"asctime": "2025-08-19 17:14:54,050", "levelname": "INFO", "name": "AresGlobal", "message": "[SYSTEM] Log directory: log", "correlation_id": "-", "session_id": "-", "timestamp": "2025-08-19T15:14:54.050084+00:00"}
{"asctime": "2025-08-19 17:14:54,050", "levelname": "INFO", "name": "AresGlobal", "message": "[SYSTEM] ================================================================================", "correlation_id": "-", "session_id": "-", "timestamp": "2025-08-19T15:14:54.050229+00:00"}
{"asctime": "2025-08-19 17:14:54,050", "levelname": "INFO", "name": "AresGlobal.AresLauncher", "message": "================================================================================", "correlation_id": "-", "session_id": "-", "timestamp": "2025-08-19T15:14:54.050303+00:00"}
{"asctime": "2025-08-19 17:14:54,050", "levelname": "INFO", "name": "AresGlobal.AresLauncher", "message": "🚀 ARES COMPREHENSIVE LAUNCHER", "correlation_id": "-", "session_id": "-", "timestamp": "2025-08-19T15:14:54.050377+00:00"}
{"asctime": "2025-08-19 17:14:54,050", "levelname": "INFO", "name": "AresGlobal.AresLauncher", "message": "================================================================================", "correlation_id": "-", "session_id": "-", "timestamp": "2025-08-19T15:14:54.050458+00:00"}
{"asctime": "2025-08-19 17:14:54,050", "levelname": "INFO", "name": "AresGlobal.AresLauncher", "message": "Start time: 2025-08-19 17:14:54", "correlation_id": "-", "session_id": "-", "timestamp": "2025-08-19T15:14:54.050536+00:00"}
{"asctime": "2025-08-19 17:14:54,050", "levelname": "INFO", "name": "AresGlobal.AresLauncher", "message": "Log directory: log", "correlation_id": "-", "session_id": "-", "timestamp": "2025-08-19T15:14:54.050608+00:00"}
{"asctime": "2025-08-19 17:14:54,050", "levelname": "INFO", "name": "AresGlobal.AresLauncher", "message": "Log level: INFO", "correlation_id": "-", "session_id": "-", "timestamp": "2025-08-19T15:14:54.050683+00:00"}
{"asctime": "2025-08-19 17:14:54,050", "levelname": "INFO", "name": "AresGlobal.AresLauncher", "message": "Global log file: ares_global_20250819_171454.log", "correlation_id": "-", "session_id": "-", "timestamp": "2025-08-19T15:14:54.050759+00:00"}
{"asctime": "2025-08-19 17:14:54,050", "levelname": "INFO", "name": "AresGlobal.AresLauncher", "message": "Full run log: log/ares_full_20250819_171454.log", "correlation_id": "-", "session_id": "-", "timestamp": "2025-08-19T15:14:54.050838+00:00"}
{"asctime": "2025-08-19 17:14:54,050", "levelname": "INFO", "name": "AresGlobal.AresLauncher", "message": "Trades log: log/ares_trades_20250819_171454.log", "correlation_id": "-", "session_id": "-", "timestamp": "2025-08-19T15:14:54.050909+00:00"}
{"asctime": "2025-08-19 17:14:54,050", "levelname": "INFO", "name": "AresGlobal.AresLauncher", "message": "Backtest log: log/ares_backtest_20250819_171454.log", "correlation_id": "-", "session_id": "-", "timestamp": "2025-08-19T15:14:54.050979+00:00"}
{"asctime": "2025-08-19 17:14:54,051", "levelname": "INFO", "name": "AresGlobal.AresLauncher", "message": "================================================================================", "correlation_id": "-", "session_id": "-", "timestamp": "2025-08-19T15:14:54.051049+00:00"}
{"asctime": "2025-08-19 17:14:54,051", "levelname": "INFO", "name": "AresGlobal", "message": "[SYSTEM] ================================================================================", "correlation_id": "-", "session_id": "-", "timestamp": "2025-08-19T15:14:54.051274+00:00"}
{"asctime": "2025-08-19 17:14:54,051", "levelname": "INFO", "name": "AresGlobal", "message": "[SYSTEM] 🚀 ARES LAUNCHER STARTED - Mode: blank - Symbol: ETHUSDT - Exchange: BINANCE", "correlation_id": "-", "session_id": "-", "timestamp": "2025-08-19T15:14:54.051423+00:00"}
{"asctime": "2025-08-19 17:14:54,051", "levelname": "INFO", "name": "AresGlobal", "message": "[SYSTEM] Start time: 2025-08-19 17:14:54", "correlation_id": "-", "session_id": "-", "timestamp": "2025-08-19T15:14:54.051574+00:00"}
{"asctime": "2025-08-19 17:14:54,051", "levelname": "INFO", "name": "AresGlobal", "message": "[SYSTEM] Log directory: log", "correlation_id": "-", "session_id": "-", "timestamp": "2025-08-19T15:14:54.051722+00:00"}
{"asctime": "2025-08-19 17:14:54,051", "levelname": "INFO", "name": "AresGlobal", "message": "[SYSTEM] ================================================================================", "correlation_id": "-", "session_id": "-", "timestamp": "2025-08-19T15:14:54.051864+00:00"}
{"asctime": "2025-08-19 17:14:54,051", "levelname": "INFO", "name": "AresGlobal.AresLauncher", "message": "🚀 Running enhanced 16-step training pipeline for ETHUSDT on BINANCE", "correlation_id": "-", "session_id": "-", "timestamp": "2025-08-19T15:14:54.051945+00:00"}
{"asctime": "2025-08-19 17:14:54,052", "levelname": "INFO", "name": "AresGlobal.AresLauncher", "message": "Starting from step: step2_5_enhanced_matrix_operations", "correlation_id": "-", "session_id": "-", "timestamp": "2025-08-19T15:14:54.052027+00:00"}
{"asctime": "2025-08-19 17:14:54,052", "levelname": "INFO", "name": "AresGlobal.AresLauncher", "message": "🧪 BLANK TRAINING MODE: Set BLANK_TRAINING_MODE=1 for step-based training", "correlation_id": "-", "session_id": "-", "timestamp": "2025-08-19T15:14:54.052980+00:00"}
{"asctime": "2025-08-19 17:14:54,053", "levelname": "INFO", "name": "AresGlobal.ProgressManager", "message": "Initialized ProgressManager for ETHUSDT on BINANCE", "correlation_id": "-", "session_id": "-", "timestamp": "2025-08-19T15:14:54.053110+00:00"}
{"asctime": "2025-08-19 17:14:54,053", "levelname": "INFO", "name": "AresGlobal.ProgressManager", "message": "Progress directory: data/training/progress/BINANCE_ETHUSDT", "correlation_id": "-", "session_id": "-", "timestamp": "2025-08-19T15:14:54.053192+00:00"}
{"asctime": "2025-08-19 17:14:54,053", "levelname": "INFO", "name": "AresGlobal.StepOrchestrator", "message": "Initialized StepOrchestrator for ETHUSDT on BINANCE", "correlation_id": "-", "session_id": "-", "timestamp": "2025-08-19T15:14:54.053266+00:00"}
{"asctime": "2025-08-19 17:14:54,053", "levelname": "INFO", "name": "AresGlobal.ProgressManager", "message": "🗑️  Cleared progress for step2_5_enhanced_matrix_operations", "correlation_id": "-", "session_id": "-", "timestamp": "2025-08-19T15:14:54.053488+00:00"}
{"asctime": "2025-08-19 17:14:54,053", "levelname": "INFO", "name": "AresGlobal.AresLauncher", "message": "🧹 Cleared progress for 'step2_5_enhanced_matrix_operations' (force)", "correlation_id": "-", "session_id": "-", "timestamp": "2025-08-19T15:14:54.053605+00:00"}
{"asctime": "2025-08-19 17:14:54,053", "levelname": "INFO", "name": "AresGlobal.ProgressManager", "message": "🗑️  Cleared progress for step3_hmm_regime_discovery", "correlation_id": "-", "session_id": "-", "timestamp": "2025-08-19T15:14:54.053727+00:00"}
{"asctime": "2025-08-19 17:14:54,053", "levelname": "INFO", "name": "AresGlobal.AresLauncher", "message": "🧹 Cleared progress for 'step3_hmm_regime_discovery' (force)", "correlation_id": "-", "session_id": "-", "timestamp": "2025-08-19T15:14:54.053812+00:00"}
{"asctime": "2025-08-19 17:14:54,053", "levelname": "INFO", "name": "AresGlobal.ProgressManager", "message": "🗑️  Cleared progress for step4_processing_labeling", "correlation_id": "-", "session_id": "-", "timestamp": "2025-08-19T15:14:54.053912+00:00"}
{"asctime": "2025-08-19 17:14:54,053", "levelname": "INFO", "name": "AresGlobal.AresLauncher", "message": "🧹 Cleared progress for 'step4_processing_labeling' (force)", "correlation_id": "-", "session_id": "-", "timestamp": "2025-08-19T15:14:54.053993+00:00"}
{"asctime": "2025-08-19 17:14:54,054", "levelname": "INFO", "name": "AresGlobal.ProgressManager", "message": "🗑️  Cleared progress for step5_regime_data_splitting", "correlation_id": "-", "session_id": "-", "timestamp": "2025-08-19T15:14:54.054089+00:00"}
{"asctime": "2025-08-19 17:14:54,054", "levelname": "INFO", "name": "AresGlobal.AresLauncher", "message": "🧹 Cleared progress for 'step5_regime_data_splitting' (force)", "correlation_id": "-", "session_id": "-", "timestamp": "2025-08-19T15:14:54.054172+00:00"}
{"asctime": "2025-08-19 17:14:54,054", "levelname": "INFO", "name": "AresGlobal.ProgressManager", "message": "🗑️  Cleared progress for step6_hmm_based_training", "correlation_id": "-", "session_id": "-", "timestamp": "2025-08-19T15:14:54.054267+00:00"}
{"asctime": "2025-08-19 17:14:54,054", "levelname": "INFO", "name": "AresGlobal.AresLauncher", "message": "🧹 Cleared progress for 'step6_hmm_based_training' (force)", "correlation_id": "-", "session_id": "-", "timestamp": "2025-08-19T15:14:54.054343+00:00"}
{"asctime": "2025-08-19 17:14:54,054", "levelname": "INFO", "name": "AresGlobal.ProgressManager", "message": "🗑️  Cleared progress for step6_5_unified_regime_intelligence", "correlation_id": "-", "session_id": "-", "timestamp": "2025-08-19T15:14:54.054436+00:00"}
{"asctime": "2025-08-19 17:14:54,054", "levelname": "INFO", "name": "AresGlobal.AresLauncher", "message": "🧹 Cleared progress for 'step6_5_unified_regime_intelligence' (force)", "correlation_id": "-", "session_id": "-", "timestamp": "2025-08-19T15:14:54.054518+00:00"}
{"asctime": "2025-08-19 17:14:54,054", "levelname": "INFO", "name": "AresGlobal.ProgressManager", "message": "🗑️  Cleared progress for step7_analyst_enhancement", "correlation_id": "-", "session_id": "-", "timestamp": "2025-08-19T15:14:54.054615+00:00"}
{"asctime": "2025-08-19 17:14:54,054", "levelname": "INFO", "name": "AresGlobal.AresLauncher", "message": "🧹 Cleared progress for 'step7_analyst_enhancement' (force)", "correlation_id": "-", "session_id": "-", "timestamp": "2025-08-19T15:14:54.054693+00:00"}
{"asctime": "2025-08-19 17:14:54,054", "levelname": "INFO", "name": "AresGlobal.ProgressManager", "message": "🗑️  Cleared progress for step8_tactician_labeling", "correlation_id": "-", "session_id": "-", "timestamp": "2025-08-19T15:14:54.054791+00:00"}
{"asctime": "2025-08-19 17:14:54,054", "levelname": "INFO", "name": "AresGlobal.AresLauncher", "message": "🧹 Cleared progress for 'step8_tactician_labeling' (force)", "correlation_id": "-", "session_id": "-", "timestamp": "2025-08-19T15:14:54.054873+00:00"}
{"asctime": "2025-08-19 17:14:54,054", "levelname": "INFO", "name": "AresGlobal.ProgressManager", "message": "🗑️  Cleared progress for step9_tactician_specialist_training", "correlation_id": "-", "session_id": "-", "timestamp": "2025-08-19T15:14:54.054968+00:00"}
{"asctime": "2025-08-19 17:14:54,055", "levelname": "INFO", "name": "AresGlobal.AresLauncher", "message": "🧹 Cleared progress for 'step9_tactician_specialist_training' (force)", "correlation_id": "-", "session_id": "-", "timestamp": "2025-08-19T15:14:54.055051+00:00"}
{"asctime": "2025-08-19 17:14:54,055", "levelname": "INFO", "name": "AresGlobal.ProgressManager", "message": "🗑️  Cleared progress for step10_confidence_calibration", "correlation_id": "-", "session_id": "-", "timestamp": "2025-08-19T15:14:54.055143+00:00"}
{"asctime": "2025-08-19 17:14:54,055", "levelname": "INFO", "name": "AresGlobal.AresLauncher", "message": "🧹 Cleared progress for 'step10_confidence_calibration' (force)", "correlation_id": "-", "session_id": "-", "timestamp": "2025-08-19T15:14:54.055219+00:00"}
{"asctime": "2025-08-19 17:14:54,055", "levelname": "INFO", "name": "AresGlobal.ProgressManager", "message": "🗑️  Cleared progress for step11_final_parameters_optimization", "correlation_id": "-", "session_id": "-", "timestamp": "2025-08-19T15:14:54.055311+00:00"}
{"asctime": "2025-08-19 17:14:54,055", "levelname": "INFO", "name": "AresGlobal.AresLauncher", "message": "🧹 Cleared progress for 'step11_final_parameters_optimization' (force)", "correlation_id": "-", "session_id": "-", "timestamp": "2025-08-19T15:14:54.055387+00:00"}
{"asctime": "2025-08-19 17:14:54,055", "levelname": "INFO", "name": "AresGlobal.ProgressManager", "message": "🗑️  Cleared progress for step12_walk_forward_validation", "correlation_id": "-", "session_id": "-", "timestamp": "2025-08-19T15:14:54.055484+00:00"}
{"asctime": "2025-08-19 17:14:54,055", "levelname": "INFO", "name": "AresGlobal.AresLauncher", "message": "🧹 Cleared progress for 'step12_walk_forward_validation' (force)", "correlation_id": "-", "session_id": "-", "timestamp": "2025-08-19T15:14:54.055560+00:00"}
{"asctime": "2025-08-19 17:14:54,055", "levelname": "INFO", "name": "AresGlobal.ProgressManager", "message": "🗑️  Cleared progress for step13_monte_carlo_validation", "correlation_id": "-", "session_id": "-", "timestamp": "2025-08-19T15:14:54.055651+00:00"}
{"asctime": "2025-08-19 17:14:54,055", "levelname": "INFO", "name": "AresGlobal.AresLauncher", "message": "🧹 Cleared progress for 'step13_monte_carlo_validation' (force)", "correlation_id": "-", "session_id": "-", "timestamp": "2025-08-19T15:14:54.055725+00:00"}
{"asctime": "2025-08-19 17:14:54,055", "levelname": "INFO", "name": "AresGlobal.ProgressManager", "message": "🗑️  Cleared progress for step14_ab_testing", "correlation_id": "-", "session_id": "-", "timestamp": "2025-08-19T15:14:54.055823+00:00"}
{"asctime": "2025-08-19 17:14:54,055", "levelname": "INFO", "name": "AresGlobal.AresLauncher", "message": "🧹 Cleared progress for 'step14_ab_testing' (force)", "correlation_id": "-", "session_id": "-", "timestamp": "2025-08-19T15:14:54.055900+00:00"}
{"asctime": "2025-08-19 17:14:54,055", "levelname": "INFO", "name": "AresGlobal.ProgressManager", "message": "🗑️  Cleared progress for step15_saving", "correlation_id": "-", "session_id": "-", "timestamp": "2025-08-19T15:14:54.055994+00:00"}
{"asctime": "2025-08-19 17:14:54,056", "levelname": "INFO", "name": "AresGlobal.AresLauncher", "message": "🧹 Cleared progress for 'step15_saving' (force)", "correlation_id": "-", "session_id": "-", "timestamp": "2025-08-19T15:14:54.056076+00:00"}
{"asctime": "2025-08-19 17:14:54,056", "levelname": "INFO", "name": "AresGlobal.AresLauncher", "message": "✅ Cleared progress for 15 steps: ['step2_5_enhanced_matrix_operations', 'step3_hmm_regime_discovery', 'step4_processing_labeling', 'step5_regime_data_splitting', 'step6_hmm_based_training', 'step6_5_unified_regime_intelligence', 'step7_analyst_enhancement', 'step8_tactician_labeling', 'step9_tactician_specialist_training', 'step10_confidence_calibration', 'step11_final_parameters_optimization', 'step12_walk_forward_validation', 'step13_monte_carlo_validation', 'step14_ab_testing', 'step15_saving']", "correlation_id": "-", "session_id": "-", "timestamp": "2025-08-19T15:14:54.056162+00:00"}
{"asctime": "2025-08-19 17:14:54,056", "levelname": "INFO", "name": "AresGlobal.AresLauncher", "message": "🗑️  Cleared checkpoint: checkpoints/BINANCE/ETHUSDT/1m/training_progress.json", "correlation_id": "-", "session_id": "-", "timestamp": "2025-08-19T15:14:54.056403+00:00"}
{"asctime": "2025-08-19 17:14:54,056", "levelname": "INFO", "name": "AresGlobal.StepOrchestrator", "message": "🚀 Starting execution from step: step2_5_enhanced_matrix_operations", "correlation_id": "-", "session_id": "-", "timestamp": "2025-08-19T15:14:54.056908+00:00"}
{"asctime": "2025-08-19 17:15:00,357", "levelname": "INFO", "name": "AresGlobal.M1GPUAcceleration", "message": "✅ MPS (Metal Performance Shaders) available and enabled", "correlation_id": "-", "session_id": "-", "timestamp": "2025-08-19T15:15:00.357521+00:00"}
{"asctime": "2025-08-19 17:15:00,360", "levelname": "INFO", "name": "AresGlobal.ComputationalOptimizationManager", "message": "Computational Optimization Manager initialized", "correlation_id": "-", "session_id": "-", "timestamp": "2025-08-19T15:15:00.360972+00:00"}
{"asctime": "2025-08-19 17:15:00,363", "levelname": "INFO", "name": "AresGlobal.StepOrchestrator", "message": "✅ Enhanced training manager setup successfully", "correlation_id": "-", "session_id": "-", "timestamp": "2025-08-19T15:15:00.363203+00:00"}
{"asctime": "2025-08-19 17:15:00,510", "levelname": "INFO", "name": "AresGlobal.EnhancedMatrixGPUIntegration", "message": "🚀 Starting Enhanced GPU Matrix Operations...", "correlation_id": "-", "session_id": "-", "timestamp": "2025-08-19T15:15:00.510743+00:00"}
{"asctime": "2025-08-19 17:15:00,510", "levelname": "INFO", "name": "AresGlobal.EnhancedMatrixGPUIntegration", "message": "📊 Applying GPU-accelerated matrix operations...", "correlation_id": "-", "session_id": "-", "timestamp": "2025-08-19T15:15:00.510936+00:00"}
{"asctime": "2025-08-19 17:15:00,511", "levelname": "INFO", "name": "AresGlobal.M1GPUAcceleration", "message": "🚀 GPU SVD Decomposition (MPS)", "correlation_id": "-", "session_id": "-", "timestamp": "2025-08-19T15:15:00.511063+00:00"}
{"asctime": "2025-08-19 17:15:00,515", "levelname": "INFO", "name": "AresGlobal.M1GPUAcceleration", "message": "✅ GPU SVD completed in 0.0047s", "correlation_id": "-", "session_id": "-", "timestamp": "2025-08-19T15:15:00.515749+00:00"}
{"asctime": "2025-08-19 17:15:00,516", "levelname": "INFO", "name": "AresGlobal.M1GPUAcceleration", "message": "🚀 GPU Eigenvalue Decomposition (MPS)", "correlation_id": "-", "session_id": "-", "timestamp": "2025-08-19T15:15:00.516533+00:00"}
{"asctime": "2025-08-19 17:15:00,516", "levelname": "ERROR", "name": "AresGlobal.M1GPUAcceleration", "message": "❌ GPU Eigenvalue Decomposition failed: 0-dimensional array given. Array must be at least two-dimensional", "correlation_id": "-", "session_id": "-", "exc_info": "Traceback (most recent call last):\n  File \"/Users/remyroche/Documents/Ares/src/training/gpu_acceleration_m1.py\", line 279, in gpu_eigenvalue_decomposition\n    return self._cpu_eigenvalue_decomposition(matrix)\n           ^^^^^^^^^^^^^^^^^^^^^^^^^^^^^^^^^^^^^^^^^^\n  File \"/Users/remyroche/Documents/Ares/src/training/gpu_acceleration_m1.py\", line 607, in _cpu_eigenvalue_decomposition\n    eigenvalues, eigenvectors = np.linalg.eigh(matrix)\n                                ^^^^^^^^^^^^^^^^^^^^^^\n  File \"/opt/homebrew/Caskroom/miniforge/base/lib/python3.12/site-packages/numpy/linalg/_linalg.py\", line 1634, in eigh\n    _assert_stacked_2d(a)\n  File \"/opt/homebrew/Caskroom/miniforge/base/lib/python3.12/site-packages/numpy/linalg/_linalg.py\", line 195, in _assert_stacked_2d\n    raise LinAlgError('%d-dimensional array given. Array must be '\nnumpy.linalg.LinAlgError: 0-dimensional array given. Array must be at least two-dimensional", "timestamp": "2025-08-19T15:15:00.516710+00:00"}
{"asctime": "2025-08-19 17:15:00,518", "levelname": "INFO", "name": "AresGlobal.M1GPUAcceleration", "message": "🔄 Falling back to CPU implementation", "correlation_id": "-", "session_id": "-", "timestamp": "2025-08-19T15:15:00.518620+00:00"}
{"asctime": "2025-08-19 17:15:00,518", "levelname": "ERROR", "name": "AresGlobal.EnhancedMatrixGPUIntegration", "message": "❌ Enhanced GPU Matrix Operations failed: cannot unpack non-iterable NoneType object", "correlation_id": "-", "session_id": "-", "exc_info": "Traceback (most recent call last):\n  File \"/Users/remyroche/Documents/Ares/src/training/enhanced_matrix_gpu_integration.py\", line 118, in enhanced_gpu_matrix_operations\n    eigenvalues, eigenvectors, eigen_metadata = (\n    ^^^^^^^^^^^^^^^^^^^^^^^^^^^^^^^^^^^^^^^^^\nTypeError: cannot unpack non-iterable NoneType object", "timestamp": "2025-08-19T15:15:00.518860+00:00"}
{"asctime": "2025-08-19 17:15:00,628", "levelname": "INFO", "name": "AresGlobal.Step3.HMMRegimeDiscovery", "message": "🚀 Step 3: HMM Regime Discovery — Critical for pipeline success", "correlation_id": "-", "session_id": "-", "timestamp": "2025-08-19T15:15:00.628159+00:00"}
{"asctime": "2025-08-19 17:15:00,628", "levelname": "INFO", "name": "AresGlobal.Step3.HMMRegimeDiscovery", "message": "📊 Loading data with 180 days lookback", "correlation_id": "-", "session_id": "-", "timestamp": "2025-08-19T15:15:00.628385+00:00"}
{"asctime": "2025-08-19 17:15:00,628", "levelname": "INFO", "name": "AresGlobal.DataSharingManager", "message": "🔄 Loading unified data for BINANCE_ETHUSDT_1m_180_unified...", "correlation_id": "-", "session_id": "-", "timestamp": "2025-08-19T15:15:00.628518+00:00"}
{"asctime": "2025-08-19 17:15:00,628", "levelname": "INFO", "name": "AresGlobal.UnifiedDataLoader", "message": "🔄 Loading unified data for ETHUSDT on BINANCE", "correlation_id": "-", "session_id": "-", "timestamp": "2025-08-19T15:15:00.628638+00:00"}
{"asctime": "2025-08-19 17:15:00,628", "levelname": "INFO", "name": "AresGlobal.UnifiedDataLoader", "message": "   Timeframe: 1m", "correlation_id": "-", "session_id": "-", "timestamp": "2025-08-19T15:15:00.628755+00:00"}
{"asctime": "2025-08-19 17:15:00,628", "levelname": "INFO", "name": "AresGlobal.UnifiedDataLoader", "message": "   Date range: 2025-02-20 to 2025-08-19", "correlation_id": "-", "session_id": "-", "timestamp": "2025-08-19T15:15:00.628876+00:00"}
{"asctime": "2025-08-19 17:15:00,628", "levelname": "INFO", "name": "AresGlobal.UnifiedDataLoader", "message": "   Streaming: True", "correlation_id": "-", "session_id": "-", "timestamp": "2025-08-19T15:15:00.628982+00:00"}
{"asctime": "2025-08-19 17:15:00,629", "levelname": "INFO", "name": "AresGlobal.UnifiedDataLoader", "message": "   ⚠️ Streaming disabled to avoid segmentation faults", "correlation_id": "-", "session_id": "-", "timestamp": "2025-08-19T15:15:00.629090+00:00"}
{"asctime": "2025-08-19 17:15:00,629", "levelname": "INFO", "name": "AresGlobal.UnifiedDataLoader", "message": "   📁 Found unified data cache, using optimized pyarrow loading", "correlation_id": "-", "session_id": "-", "timestamp": "2025-08-19T15:15:00.629233+00:00"}
{"asctime": "2025-08-19 17:15:00,629", "levelname": "INFO", "name": "AresGlobal.UnifiedDataLoader", "message": "🔧 Using optimized pyarrow loading...", "correlation_id": "-", "session_id": "-", "timestamp": "2025-08-19T15:15:00.629340+00:00"}
{"asctime": "2025-08-19 17:15:00,629", "levelname": "INFO", "name": "AresGlobal.UnifiedDataLoader", "message": "   ⚠️ PyArrow disabled to avoid segmentation faults", "correlation_id": "-", "session_id": "-", "timestamp": "2025-08-19T15:15:00.629451+00:00"}
{"asctime": "2025-08-19 17:15:00,629", "levelname": "INFO", "name": "AresGlobal.UnifiedDataLoader", "message": "🔧 Using memory-efficient streaming loading for 180 days...", "correlation_id": "-", "session_id": "-", "timestamp": "2025-08-19T15:15:00.629560+00:00"}
{"asctime": "2025-08-19 17:15:00,634", "levelname": "INFO", "name": "AresGlobal.UnifiedDataLoader", "message": "📁 Found 171 partition files", "correlation_id": "-", "session_id": "-", "timestamp": "2025-08-19T15:15:00.634964+00:00"}
{"asctime": "2025-08-19 17:15:00,735", "levelname": "INFO", "name": "AresGlobal.UnifiedDataLoader", "message": "   📄 Processing file 1/171: part-0.parquet", "correlation_id": "-", "session_id": "-", "timestamp": "2025-08-19T15:15:00.735761+00:00"}
{"asctime": "2025-08-19 17:15:00,794", "levelname": "INFO", "name": "AresGlobal.UnifiedDataLoader", "message": "   ✅ Loaded file 1: (1440, 19)", "correlation_id": "-", "session_id": "-", "timestamp": "2025-08-19T15:15:00.794956+00:00"}
{"asctime": "2025-08-19 17:15:00,796", "levelname": "INFO", "name": "AresGlobal.UnifiedDataLoader", "message": "   🔍 After date filtering: (404, 19)", "correlation_id": "-", "session_id": "-", "timestamp": "2025-08-19T15:15:00.796462+00:00"}
{"asctime": "2025-08-19 17:15:00,798", "levelname": "INFO", "name": "AresGlobal.UnifiedDataLoader", "message": "   📊 Total rows so far: 404", "correlation_id": "-", "session_id": "-", "timestamp": "2025-08-19T15:15:00.798681+00:00"}
{"asctime": "2025-08-19 17:15:02,723", "levelname": "INFO", "name": "AresGlobal.UnifiedDataLoader", "message": "   📄 Processing file 10/171: part-0.parquet", "correlation_id": "-", "session_id": "-", "timestamp": "2025-08-19T15:15:02.723817+00:00"}
{"asctime": "2025-08-19 17:15:02,727", "levelname": "INFO", "name": "AresGlobal.UnifiedDataLoader", "message": "   ✅ Loaded file 10: (1440, 19)", "correlation_id": "-", "session_id": "-", "timestamp": "2025-08-19T15:15:02.727587+00:00"}
{"asctime": "2025-08-19 17:15:02,728", "levelname": "INFO", "name": "AresGlobal.UnifiedDataLoader", "message": "   🔍 After date filtering: (1440, 19)", "correlation_id": "-", "session_id": "-", "timestamp": "2025-08-19T15:15:02.728317+00:00"}
{"asctime": "2025-08-19 17:15:02,733", "levelname": "INFO", "name": "AresGlobal.UnifiedDataLoader", "message": "   📊 Total rows so far: 13364", "correlation_id": "-", "session_id": "-", "timestamp": "2025-08-19T15:15:02.733339+00:00"}
{"asctime": "2025-08-19 17:15:04,955", "levelname": "INFO", "name": "AresGlobal.UnifiedDataLoader", "message": "   📄 Processing file 20/171: part-0.parquet", "correlation_id": "-", "session_id": "-", "timestamp": "2025-08-19T15:15:04.955374+00:00"}
{"asctime": "2025-08-19 17:15:04,960", "levelname": "INFO", "name": "AresGlobal.UnifiedDataLoader", "message": "   ✅ Loaded file 20: (1440, 19)", "correlation_id": "-", "session_id": "-", "timestamp": "2025-08-19T15:15:04.960625+00:00"}
{"asctime": "2025-08-19 17:15:04,962", "levelname": "INFO", "name": "AresGlobal.UnifiedDataLoader", "message": "   🔍 After date filtering: (1440, 19)", "correlation_id": "-", "session_id": "-", "timestamp": "2025-08-19T15:15:04.962224+00:00"}
{"asctime": "2025-08-19 17:15:04,966", "levelname": "INFO", "name": "AresGlobal.UnifiedDataLoader", "message": "   📊 Total rows so far: 27764", "correlation_id": "-", "session_id": "-", "timestamp": "2025-08-19T15:15:04.966932+00:00"}
{"asctime": "2025-08-19 17:15:07,322", "levelname": "INFO", "name": "AresGlobal.UnifiedDataLoader", "message": "   📄 Processing file 30/171: part-0.parquet", "correlation_id": "-", "session_id": "-", "timestamp": "2025-08-19T15:15:07.322428+00:00"}
{"asctime": "2025-08-19 17:15:07,325", "levelname": "INFO", "name": "AresGlobal.UnifiedDataLoader", "message": "   ✅ Loaded file 30: (1440, 19)", "correlation_id": "-", "session_id": "-", "timestamp": "2025-08-19T15:15:07.325766+00:00"}
{"asctime": "2025-08-19 17:15:07,326", "levelname": "INFO", "name": "AresGlobal.UnifiedDataLoader", "message": "   🔍 After date filtering: (1440, 19)", "correlation_id": "-", "session_id": "-", "timestamp": "2025-08-19T15:15:07.326493+00:00"}
{"asctime": "2025-08-19 17:15:07,331", "levelname": "INFO", "name": "AresGlobal.UnifiedDataLoader", "message": "   📊 Total rows so far: 42164", "correlation_id": "-", "session_id": "-", "timestamp": "2025-08-19T15:15:07.331207+00:00"}
{"asctime": "2025-08-19 17:15:09,612", "levelname": "INFO", "name": "AresGlobal.UnifiedDataLoader", "message": "   📄 Processing file 40/171: part-0.parquet", "correlation_id": "-", "session_id": "-", "timestamp": "2025-08-19T15:15:09.612718+00:00"}
{"asctime": "2025-08-19 17:15:09,615", "levelname": "INFO", "name": "AresGlobal.UnifiedDataLoader", "message": "   ✅ Loaded file 40: (1440, 19)", "correlation_id": "-", "session_id": "-", "timestamp": "2025-08-19T15:15:09.615963+00:00"}
{"asctime": "2025-08-19 17:15:09,616", "levelname": "INFO", "name": "AresGlobal.UnifiedDataLoader", "message": "   🔍 After date filtering: (1440, 19)", "correlation_id": "-", "session_id": "-", "timestamp": "2025-08-19T15:15:09.616609+00:00"}
{"asctime": "2025-08-19 17:15:09,621", "levelname": "INFO", "name": "AresGlobal.UnifiedDataLoader", "message": "   📊 Total rows so far: 56564", "correlation_id": "-", "session_id": "-", "timestamp": "2025-08-19T15:15:09.621224+00:00"}
{"asctime": "2025-08-19 17:15:11,989", "levelname": "INFO", "name": "AresGlobal.UnifiedDataLoader", "message": "   📄 Processing file 50/171: part-0.parquet", "correlation_id": "-", "session_id": "-", "timestamp": "2025-08-19T15:15:11.989142+00:00"}
{"asctime": "2025-08-19 17:15:11,992", "levelname": "INFO", "name": "AresGlobal.UnifiedDataLoader", "message": "   ✅ Loaded file 50: (1440, 19)", "correlation_id": "-", "session_id": "-", "timestamp": "2025-08-19T15:15:11.992971+00:00"}
{"asctime": "2025-08-19 17:15:11,993", "levelname": "INFO", "name": "AresGlobal.UnifiedDataLoader", "message": "   🔍 After date filtering: (1440, 19)", "correlation_id": "-", "session_id": "-", "timestamp": "2025-08-19T15:15:11.993668+00:00"}
{"asctime": "2025-08-19 17:15:11,998", "levelname": "INFO", "name": "AresGlobal.UnifiedDataLoader", "message": "   📊 Total rows so far: 70964", "correlation_id": "-", "session_id": "-", "timestamp": "2025-08-19T15:15:11.998228+00:00"}
{"asctime": "2025-08-19 17:15:14,478", "levelname": "INFO", "name": "AresGlobal.UnifiedDataLoader", "message": "   📄 Processing file 60/171: part-0.parquet", "correlation_id": "-", "session_id": "-", "timestamp": "2025-08-19T15:15:14.478020+00:00"}
{"asctime": "2025-08-19 17:15:14,481", "levelname": "INFO", "name": "AresGlobal.UnifiedDataLoader", "message": "   ✅ Loaded file 60: (1440, 19)", "correlation_id": "-", "session_id": "-", "timestamp": "2025-08-19T15:15:14.481286+00:00"}
{"asctime": "2025-08-19 17:15:14,482", "levelname": "INFO", "name": "AresGlobal.UnifiedDataLoader", "message": "   🔍 After date filtering: (1440, 19)", "correlation_id": "-", "session_id": "-", "timestamp": "2025-08-19T15:15:14.482043+00:00"}
{"asctime": "2025-08-19 17:15:14,486", "levelname": "INFO", "name": "AresGlobal.UnifiedDataLoader", "message": "   📊 Total rows so far: 85364", "correlation_id": "-", "session_id": "-", "timestamp": "2025-08-19T15:15:14.486917+00:00"}
{"asctime": "2025-08-19 17:15:16,979", "levelname": "INFO", "name": "AresGlobal.UnifiedDataLoader", "message": "   📄 Processing file 70/171: part-0.parquet", "correlation_id": "-", "session_id": "-", "timestamp": "2025-08-19T15:15:16.979400+00:00"}
{"asctime": "2025-08-19 17:15:16,983", "levelname": "INFO", "name": "AresGlobal.UnifiedDataLoader", "message": "   ✅ Loaded file 70: (1440, 19)", "correlation_id": "-", "session_id": "-", "timestamp": "2025-08-19T15:15:16.983220+00:00"}
{"asctime": "2025-08-19 17:15:16,983", "levelname": "INFO", "name": "AresGlobal.UnifiedDataLoader", "message": "   🔍 After date filtering: (1440, 19)", "correlation_id": "-", "session_id": "-", "timestamp": "2025-08-19T15:15:16.983911+00:00"}
{"asctime": "2025-08-19 17:15:16,988", "levelname": "INFO", "name": "AresGlobal.UnifiedDataLoader", "message": "   📊 Total rows so far: 99764", "correlation_id": "-", "session_id": "-", "timestamp": "2025-08-19T15:15:16.988466+00:00"}
{"asctime": "2025-08-19 17:15:19,658", "levelname": "INFO", "name": "AresGlobal.UnifiedDataLoader", "message": "   📄 Processing file 80/171: part-0.parquet", "correlation_id": "-", "session_id": "-", "timestamp": "2025-08-19T15:15:19.658448+00:00"}
{"asctime": "2025-08-19 17:15:19,661", "levelname": "INFO", "name": "AresGlobal.UnifiedDataLoader", "message": "   ✅ Loaded file 80: (1440, 19)", "correlation_id": "-", "session_id": "-", "timestamp": "2025-08-19T15:15:19.661899+00:00"}
{"asctime": "2025-08-19 17:15:19,662", "levelname": "INFO", "name": "AresGlobal.UnifiedDataLoader", "message": "   🔍 After date filtering: (1440, 19)", "correlation_id": "-", "session_id": "-", "timestamp": "2025-08-19T15:15:19.662723+00:00"}
{"asctime": "2025-08-19 17:15:19,667", "levelname": "INFO", "name": "AresGlobal.UnifiedDataLoader", "message": "   📊 Total rows so far: 114164", "correlation_id": "-", "session_id": "-", "timestamp": "2025-08-19T15:15:19.667349+00:00"}
{"asctime": "2025-08-19 17:15:22,219", "levelname": "INFO", "name": "AresGlobal.UnifiedDataLoader", "message": "   📄 Processing file 90/171: part-0.parquet", "correlation_id": "-", "session_id": "-", "timestamp": "2025-08-19T15:15:22.219691+00:00"}
{"asctime": "2025-08-19 17:15:22,223", "levelname": "INFO", "name": "AresGlobal.UnifiedDataLoader", "message": "   ✅ Loaded file 90: (1440, 19)", "correlation_id": "-", "session_id": "-", "timestamp": "2025-08-19T15:15:22.223121+00:00"}
{"asctime": "2025-08-19 17:15:22,223", "levelname": "INFO", "name": "AresGlobal.UnifiedDataLoader", "message": "   🔍 After date filtering: (1440, 19)", "correlation_id": "-", "session_id": "-", "timestamp": "2025-08-19T15:15:22.223903+00:00"}
{"asctime": "2025-08-19 17:15:22,228", "levelname": "INFO", "name": "AresGlobal.UnifiedDataLoader", "message": "   📊 Total rows so far: 128564", "correlation_id": "-", "session_id": "-", "timestamp": "2025-08-19T15:15:22.228830+00:00"}
{"asctime": "2025-08-19 17:15:24,797", "levelname": "INFO", "name": "AresGlobal.UnifiedDataLoader", "message": "   📄 Processing file 100/171: part-0.parquet", "correlation_id": "-", "session_id": "-", "timestamp": "2025-08-19T15:15:24.797435+00:00"}
{"asctime": "2025-08-19 17:15:24,801", "levelname": "INFO", "name": "AresGlobal.UnifiedDataLoader", "message": "   ✅ Loaded file 100: (1440, 19)", "correlation_id": "-", "session_id": "-", "timestamp": "2025-08-19T15:15:24.801351+00:00"}
{"asctime": "2025-08-19 17:15:24,802", "levelname": "INFO", "name": "AresGlobal.UnifiedDataLoader", "message": "   🔍 After date filtering: (1440, 19)", "correlation_id": "-", "session_id": "-", "timestamp": "2025-08-19T15:15:24.802842+00:00"}
{"asctime": "2025-08-19 17:15:24,810", "levelname": "INFO", "name": "AresGlobal.UnifiedDataLoader", "message": "   📊 Total rows so far: 142964", "correlation_id": "-", "session_id": "-", "timestamp": "2025-08-19T15:15:24.810008+00:00"}
{"asctime": "2025-08-19 17:15:27,908", "levelname": "INFO", "name": "AresGlobal.UnifiedDataLoader", "message": "   📄 Processing file 110/171: part-0.parquet", "correlation_id": "-", "session_id": "-", "timestamp": "2025-08-19T15:15:27.908248+00:00"}
{"asctime": "2025-08-19 17:15:27,915", "levelname": "INFO", "name": "AresGlobal.UnifiedDataLoader", "message": "   ✅ Loaded file 110: (1440, 19)", "correlation_id": "-", "session_id": "-", "timestamp": "2025-08-19T15:15:27.915602+00:00"}
{"asctime": "2025-08-19 17:15:27,916", "levelname": "INFO", "name": "AresGlobal.UnifiedDataLoader", "message": "   🔍 After date filtering: (1440, 19)", "correlation_id": "-", "session_id": "-", "timestamp": "2025-08-19T15:15:27.916533+00:00"}
{"asctime": "2025-08-19 17:15:27,932", "levelname": "INFO", "name": "AresGlobal.UnifiedDataLoader", "message": "   📊 Total rows so far: 157364", "correlation_id": "-", "session_id": "-", "timestamp": "2025-08-19T15:15:27.932809+00:00"}
{"asctime": "2025-08-19 17:15:31,137", "levelname": "INFO", "name": "AresGlobal.UnifiedDataLoader", "message": "   📄 Processing file 120/171: part-0.parquet", "correlation_id": "-", "session_id": "-", "timestamp": "2025-08-19T15:15:31.137435+00:00"}
{"asctime": "2025-08-19 17:15:31,141", "levelname": "INFO", "name": "AresGlobal.UnifiedDataLoader", "message": "   ✅ Loaded file 120: (1440, 19)", "correlation_id": "-", "session_id": "-", "timestamp": "2025-08-19T15:15:31.141038+00:00"}
{"asctime": "2025-08-19 17:15:31,142", "levelname": "INFO", "name": "AresGlobal.UnifiedDataLoader", "message": "   🔍 After date filtering: (1440, 19)", "correlation_id": "-", "session_id": "-", "timestamp": "2025-08-19T15:15:31.142044+00:00"}
{"asctime": "2025-08-19 17:15:31,146", "levelname": "INFO", "name": "AresGlobal.UnifiedDataLoader", "message": "   📊 Total rows so far: 171764", "correlation_id": "-", "session_id": "-", "timestamp": "2025-08-19T15:15:31.146752+00:00"}
{"asctime": "2025-08-19 17:15:33,071", "levelname": "INFO", "name": "AresGlobal.AresLauncher", "message": "🧹 Cleaning up processes...", "correlation_id": "-", "session_id": "-", "timestamp": "2025-08-19T15:15:33.071929+00:00"}
{"asctime": "2025-08-19 17:15:33,073", "levelname": "INFO", "name": "AresGlobal.AresLauncher", "message": "✅ Cleanup completed", "correlation_id": "-", "session_id": "-", "timestamp": "2025-08-19T15:15:33.073104+00:00"}
