{"asctime": "2025-08-20 18:15:35,719", "levelname": "INFO", "name": "AresGlobal", "message": "================================================================================", "correlation_id": "-", "session_id": "-", "timestamp": "2025-08-20T16:15:35.719513+00:00"}
{"asctime": "2025-08-20 18:15:35,719", "levelname": "INFO", "name": "AresGlobal", "message": "📊 SESSION SUMMARY", "correlation_id": "-", "session_id": "-", "timestamp": "2025-08-20T16:15:35.719776+00:00"}
{"asctime": "2025-08-20 18:15:35,719", "levelname": "INFO", "name": "AresGlobal", "message": "Session started: 2025-08-20 18:15:35", "correlation_id": "-", "session_id": "-", "timestamp": "2025-08-20T16:15:35.719968+00:00"}
{"asctime": "2025-08-20 18:15:35,720", "levelname": "INFO", "name": "AresGlobal", "message": "This file contains ALL logs for this session", "correlation_id": "-", "session_id": "-", "timestamp": "2025-08-20T16:15:35.720655+00:00"}
{"asctime": "2025-08-20 18:15:35,720", "levelname": "INFO", "name": "AresGlobal", "message": "================================================================================", "correlation_id": "-", "session_id": "-", "timestamp": "2025-08-20T16:15:35.720846+00:00"}
{"asctime": "2025-08-20 18:15:35,721", "levelname": "INFO", "name": "AresGlobal", "message": "[SYSTEM] ================================================================================", "correlation_id": "-", "session_id": "-", "timestamp": "2025-08-20T16:15:35.721533+00:00"}
{"asctime": "2025-08-20 18:15:35,721", "levelname": "INFO", "name": "AresGlobal", "message": "[SYSTEM] 🚀 ARES LAUNCHER STARTED - Mode: INITIALIZATION", "correlation_id": "-", "session_id": "-", "timestamp": "2025-08-20T16:15:35.721887+00:00"}
{"asctime": "2025-08-20 18:15:35,722", "levelname": "INFO", "name": "AresGlobal", "message": "[SYSTEM] Start time: 2025-08-20 18:15:35", "correlation_id": "-", "session_id": "-", "timestamp": "2025-08-20T16:15:35.722213+00:00"}
{"asctime": "2025-08-20 18:15:35,722", "levelname": "INFO", "name": "AresGlobal", "message": "[SYSTEM] Log directory: log", "correlation_id": "-", "session_id": "-", "timestamp": "2025-08-20T16:15:35.722494+00:00"}
{"asctime": "2025-08-20 18:15:35,722", "levelname": "INFO", "name": "AresGlobal", "message": "[SYSTEM] ================================================================================", "correlation_id": "-", "session_id": "-", "timestamp": "2025-08-20T16:15:35.722763+00:00"}
{"asctime": "2025-08-20 18:15:35,722", "levelname": "INFO", "name": "AresGlobal.AresLauncher", "message": "================================================================================", "correlation_id": "-", "session_id": "-", "timestamp": "2025-08-20T16:15:35.722939+00:00"}
{"asctime": "2025-08-20 18:15:35,723", "levelname": "INFO", "name": "AresGlobal.AresLauncher", "message": "🚀 ARES COMPREHENSIVE LAUNCHER", "correlation_id": "-", "session_id": "-", "timestamp": "2025-08-20T16:15:35.723102+00:00"}
{"asctime": "2025-08-20 18:15:35,723", "levelname": "INFO", "name": "AresGlobal.AresLauncher", "message": "================================================================================", "correlation_id": "-", "session_id": "-", "timestamp": "2025-08-20T16:15:35.723303+00:00"}
{"asctime": "2025-08-20 18:15:35,723", "levelname": "INFO", "name": "AresGlobal.AresLauncher", "message": "Start time: 2025-08-20 18:15:35", "correlation_id": "-", "session_id": "-", "timestamp": "2025-08-20T16:15:35.723462+00:00"}
{"asctime": "2025-08-20 18:15:35,723", "levelname": "INFO", "name": "AresGlobal.AresLauncher", "message": "Log directory: log", "correlation_id": "-", "session_id": "-", "timestamp": "2025-08-20T16:15:35.723601+00:00"}
{"asctime": "2025-08-20 18:15:35,723", "levelname": "INFO", "name": "AresGlobal.AresLauncher", "message": "Log level: INFO", "correlation_id": "-", "session_id": "-", "timestamp": "2025-08-20T16:15:35.723740+00:00"}
{"asctime": "2025-08-20 18:15:35,723", "levelname": "INFO", "name": "AresGlobal.AresLauncher", "message": "Global log file: ares_global_20250820_181535.log", "correlation_id": "-", "session_id": "-", "timestamp": "2025-08-20T16:15:35.723887+00:00"}
{"asctime": "2025-08-20 18:15:35,724", "levelname": "INFO", "name": "AresGlobal.AresLauncher", "message": "Full run log: log/ares_full_20250820_181535.log", "correlation_id": "-", "session_id": "-", "timestamp": "2025-08-20T16:15:35.724044+00:00"}
{"asctime": "2025-08-20 18:15:35,724", "levelname": "INFO", "name": "AresGlobal.AresLauncher", "message": "Trades log: log/ares_trades_20250820_181535.log", "correlation_id": "-", "session_id": "-", "timestamp": "2025-08-20T16:15:35.724179+00:00"}
{"asctime": "2025-08-20 18:15:35,724", "levelname": "INFO", "name": "AresGlobal.AresLauncher", "message": "Backtest log: log/ares_backtest_20250820_181535.log", "correlation_id": "-", "session_id": "-", "timestamp": "2025-08-20T16:15:35.724311+00:00"}
{"asctime": "2025-08-20 18:15:35,724", "levelname": "INFO", "name": "AresGlobal.AresLauncher", "message": "================================================================================", "correlation_id": "-", "session_id": "-", "timestamp": "2025-08-20T16:15:35.724511+00:00"}
{"asctime": "2025-08-20 18:15:35,724", "levelname": "INFO", "name": "AresGlobal", "message": "[SYSTEM] ================================================================================", "correlation_id": "-", "session_id": "-", "timestamp": "2025-08-20T16:15:35.724976+00:00"}
{"asctime": "2025-08-20 18:15:35,725", "levelname": "INFO", "name": "AresGlobal", "message": "[SYSTEM] 🚀 ARES LAUNCHER STARTED - Mode: blank - Symbol: ETHUSDT - Exchange: BINANCE", "correlation_id": "-", "session_id": "-", "timestamp": "2025-08-20T16:15:35.725300+00:00"}
{"asctime": "2025-08-20 18:15:35,725", "levelname": "INFO", "name": "AresGlobal", "message": "[SYSTEM] Start time: 2025-08-20 18:15:35", "correlation_id": "-", "session_id": "-", "timestamp": "2025-08-20T16:15:35.725578+00:00"}
{"asctime": "2025-08-20 18:15:35,726", "levelname": "INFO", "name": "AresGlobal", "message": "[SYSTEM] Log directory: log", "correlation_id": "-", "session_id": "-", "timestamp": "2025-08-20T16:15:35.726202+00:00"}
{"asctime": "2025-08-20 18:15:35,726", "levelname": "INFO", "name": "AresGlobal", "message": "[SYSTEM] ================================================================================", "correlation_id": "-", "session_id": "-", "timestamp": "2025-08-20T16:15:35.726879+00:00"}
{"asctime": "2025-08-20 18:15:35,727", "levelname": "INFO", "name": "AresGlobal.AresLauncher", "message": "🚀 Running enhanced 16-step training pipeline for ETHUSDT on BINANCE", "correlation_id": "-", "session_id": "-", "timestamp": "2025-08-20T16:15:35.727382+00:00"}
{"asctime": "2025-08-20 18:15:35,727", "levelname": "INFO", "name": "AresGlobal.AresLauncher", "message": "Starting from step: step2_feature_engineering", "correlation_id": "-", "session_id": "-", "timestamp": "2025-08-20T16:15:35.727596+00:00"}
{"asctime": "2025-08-20 18:15:35,730", "levelname": "INFO", "name": "AresGlobal.AresLauncher", "message": "🧪 BLANK TRAINING MODE: Set BLANK_TRAINING_MODE=1 for step-based training", "correlation_id": "-", "session_id": "-", "timestamp": "2025-08-20T16:15:35.730084+00:00"}
{"asctime": "2025-08-20 18:15:35,730", "levelname": "INFO", "name": "AresGlobal.ProgressManager", "message": "Initialized ProgressManager for ETHUSDT on BINANCE", "correlation_id": "-", "session_id": "-", "timestamp": "2025-08-20T16:15:35.730476+00:00"}
{"asctime": "2025-08-20 18:15:35,730", "levelname": "INFO", "name": "AresGlobal.ProgressManager", "message": "Progress directory: data/training/progress/BINANCE_ETHUSDT", "correlation_id": "-", "session_id": "-", "timestamp": "2025-08-20T16:15:35.730647+00:00"}
{"asctime": "2025-08-20 18:15:35,730", "levelname": "INFO", "name": "AresGlobal.StepOrchestrator", "message": "Initialized StepOrchestrator for ETHUSDT on BINANCE", "correlation_id": "-", "session_id": "-", "timestamp": "2025-08-20T16:15:35.730919+00:00"}
{"asctime": "2025-08-20 18:15:35,731", "levelname": "INFO", "name": "AresGlobal.ProgressManager", "message": "🗑️  Cleared progress for step2_feature_engineering", "correlation_id": "-", "session_id": "-", "timestamp": "2025-08-20T16:15:35.731195+00:00"}
{"asctime": "2025-08-20 18:15:35,731", "levelname": "INFO", "name": "AresGlobal.AresLauncher", "message": "🧹 Cleared progress for 'step2_feature_engineering' (force)", "correlation_id": "-", "session_id": "-", "timestamp": "2025-08-20T16:15:35.731379+00:00"}
{"asctime": "2025-08-20 18:15:35,731", "levelname": "INFO", "name": "AresGlobal.ProgressManager", "message": "🗑️  Cleared progress for step2_5_enhanced_matrix_operations", "correlation_id": "-", "session_id": "-", "timestamp": "2025-08-20T16:15:35.731580+00:00"}
{"asctime": "2025-08-20 18:15:35,731", "levelname": "INFO", "name": "AresGlobal.AresLauncher", "message": "🧹 Cleared progress for 'step2_5_enhanced_matrix_operations' (force)", "correlation_id": "-", "session_id": "-", "timestamp": "2025-08-20T16:15:35.731826+00:00"}
{"asctime": "2025-08-20 18:15:35,732", "levelname": "INFO", "name": "AresGlobal.ProgressManager", "message": "🗑️  Cleared progress for step3_hmm_regime_discovery", "correlation_id": "-", "session_id": "-", "timestamp": "2025-08-20T16:15:35.732062+00:00"}
{"asctime": "2025-08-20 18:15:35,732", "levelname": "INFO", "name": "AresGlobal.AresLauncher", "message": "🧹 Cleared progress for 'step3_hmm_regime_discovery' (force)", "correlation_id": "-", "session_id": "-", "timestamp": "2025-08-20T16:15:35.732232+00:00"}
{"asctime": "2025-08-20 18:15:35,732", "levelname": "INFO", "name": "AresGlobal.ProgressManager", "message": "🗑️  Cleared progress for step4_processing_labeling", "correlation_id": "-", "session_id": "-", "timestamp": "2025-08-20T16:15:35.732564+00:00"}
{"asctime": "2025-08-20 18:15:35,732", "levelname": "INFO", "name": "AresGlobal.AresLauncher", "message": "🧹 Cleared progress for 'step4_processing_labeling' (force)", "correlation_id": "-", "session_id": "-", "timestamp": "2025-08-20T16:15:35.732820+00:00"}
{"asctime": "2025-08-20 18:15:35,733", "levelname": "INFO", "name": "AresGlobal.ProgressManager", "message": "🗑️  Cleared progress for step5_regime_data_splitting", "correlation_id": "-", "session_id": "-", "timestamp": "2025-08-20T16:15:35.733031+00:00"}
{"asctime": "2025-08-20 18:15:35,733", "levelname": "INFO", "name": "AresGlobal.AresLauncher", "message": "🧹 Cleared progress for 'step5_regime_data_splitting' (force)", "correlation_id": "-", "session_id": "-", "timestamp": "2025-08-20T16:15:35.733695+00:00"}
{"asctime": "2025-08-20 18:15:35,733", "levelname": "INFO", "name": "AresGlobal.ProgressManager", "message": "🗑️  Cleared progress for step6_hmm_based_training", "correlation_id": "-", "session_id": "-", "timestamp": "2025-08-20T16:15:35.733888+00:00"}
{"asctime": "2025-08-20 18:15:35,734", "levelname": "INFO", "name": "AresGlobal.AresLauncher", "message": "🧹 Cleared progress for 'step6_hmm_based_training' (force)", "correlation_id": "-", "session_id": "-", "timestamp": "2025-08-20T16:15:35.734077+00:00"}
{"asctime": "2025-08-20 18:15:35,734", "levelname": "INFO", "name": "AresGlobal.ProgressManager", "message": "🗑️  Cleared progress for step6_5_unified_regime_intelligence", "correlation_id": "-", "session_id": "-", "timestamp": "2025-08-20T16:15:35.734354+00:00"}
{"asctime": "2025-08-20 18:15:35,734", "levelname": "INFO", "name": "AresGlobal.AresLauncher", "message": "🧹 Cleared progress for 'step6_5_unified_regime_intelligence' (force)", "correlation_id": "-", "session_id": "-", "timestamp": "2025-08-20T16:15:35.734836+00:00"}
{"asctime": "2025-08-20 18:15:35,735", "levelname": "INFO", "name": "AresGlobal.ProgressManager", "message": "🗑️  Cleared progress for step7_analyst_enhancement", "correlation_id": "-", "session_id": "-", "timestamp": "2025-08-20T16:15:35.735220+00:00"}
{"asctime": "2025-08-20 18:15:35,735", "levelname": "INFO", "name": "AresGlobal.AresLauncher", "message": "🧹 Cleared progress for 'step7_analyst_enhancement' (force)", "correlation_id": "-", "session_id": "-", "timestamp": "2025-08-20T16:15:35.735560+00:00"}
{"asctime": "2025-08-20 18:15:35,735", "levelname": "INFO", "name": "AresGlobal.ProgressManager", "message": "🗑️  Cleared progress for step8_tactician_labeling", "correlation_id": "-", "session_id": "-", "timestamp": "2025-08-20T16:15:35.735802+00:00"}
{"asctime": "2025-08-20 18:15:35,736", "levelname": "INFO", "name": "AresGlobal.AresLauncher", "message": "🧹 Cleared progress for 'step8_tactician_labeling' (force)", "correlation_id": "-", "session_id": "-", "timestamp": "2025-08-20T16:15:35.736147+00:00"}
{"asctime": "2025-08-20 18:15:35,736", "levelname": "INFO", "name": "AresGlobal.ProgressManager", "message": "🗑️  Cleared progress for step9_tactician_specialist_training", "correlation_id": "-", "session_id": "-", "timestamp": "2025-08-20T16:15:35.736370+00:00"}
{"asctime": "2025-08-20 18:15:35,736", "levelname": "INFO", "name": "AresGlobal.AresLauncher", "message": "🧹 Cleared progress for 'step9_tactician_specialist_training' (force)", "correlation_id": "-", "session_id": "-", "timestamp": "2025-08-20T16:15:35.736527+00:00"}
{"asctime": "2025-08-20 18:15:35,736", "levelname": "INFO", "name": "AresGlobal.ProgressManager", "message": "🗑️  Cleared progress for step10_confidence_calibration", "correlation_id": "-", "session_id": "-", "timestamp": "2025-08-20T16:15:35.736910+00:00"}
{"asctime": "2025-08-20 18:15:35,737", "levelname": "INFO", "name": "AresGlobal.AresLauncher", "message": "🧹 Cleared progress for 'step10_confidence_calibration' (force)", "correlation_id": "-", "session_id": "-", "timestamp": "2025-08-20T16:15:35.737078+00:00"}
{"asctime": "2025-08-20 18:15:35,737", "levelname": "INFO", "name": "AresGlobal.ProgressManager", "message": "🗑️  Cleared progress for step11_final_parameters_optimization", "correlation_id": "-", "session_id": "-", "timestamp": "2025-08-20T16:15:35.737276+00:00"}
{"asctime": "2025-08-20 18:15:35,737", "levelname": "INFO", "name": "AresGlobal.AresLauncher", "message": "🧹 Cleared progress for 'step11_final_parameters_optimization' (force)", "correlation_id": "-", "session_id": "-", "timestamp": "2025-08-20T16:15:35.737423+00:00"}
{"asctime": "2025-08-20 18:15:35,737", "levelname": "INFO", "name": "AresGlobal.ProgressManager", "message": "🗑️  Cleared progress for step12_walk_forward_validation", "correlation_id": "-", "session_id": "-", "timestamp": "2025-08-20T16:15:35.737599+00:00"}
{"asctime": "2025-08-20 18:15:35,737", "levelname": "INFO", "name": "AresGlobal.AresLauncher", "message": "🧹 Cleared progress for 'step12_walk_forward_validation' (force)", "correlation_id": "-", "session_id": "-", "timestamp": "2025-08-20T16:15:35.737739+00:00"}
{"asctime": "2025-08-20 18:15:35,737", "levelname": "INFO", "name": "AresGlobal.ProgressManager", "message": "🗑️  Cleared progress for step13_monte_carlo_validation", "correlation_id": "-", "session_id": "-", "timestamp": "2025-08-20T16:15:35.737911+00:00"}
{"asctime": "2025-08-20 18:15:35,738", "levelname": "INFO", "name": "AresGlobal.AresLauncher", "message": "🧹 Cleared progress for 'step13_monte_carlo_validation' (force)", "correlation_id": "-", "session_id": "-", "timestamp": "2025-08-20T16:15:35.738052+00:00"}
{"asctime": "2025-08-20 18:15:35,738", "levelname": "INFO", "name": "AresGlobal.ProgressManager", "message": "🗑️  Cleared progress for step14_ab_testing", "correlation_id": "-", "session_id": "-", "timestamp": "2025-08-20T16:15:35.738283+00:00"}
{"asctime": "2025-08-20 18:15:35,738", "levelname": "INFO", "name": "AresGlobal.AresLauncher", "message": "🧹 Cleared progress for 'step14_ab_testing' (force)", "correlation_id": "-", "session_id": "-", "timestamp": "2025-08-20T16:15:35.738430+00:00"}
{"asctime": "2025-08-20 18:15:35,738", "levelname": "INFO", "name": "AresGlobal.ProgressManager", "message": "🗑️  Cleared progress for step15_saving", "correlation_id": "-", "session_id": "-", "timestamp": "2025-08-20T16:15:35.738601+00:00"}
{"asctime": "2025-08-20 18:15:35,738", "levelname": "INFO", "name": "AresGlobal.AresLauncher", "message": "🧹 Cleared progress for 'step15_saving' (force)", "correlation_id": "-", "session_id": "-", "timestamp": "2025-08-20T16:15:35.738795+00:00"}
{"asctime": "2025-08-20 18:15:35,738", "levelname": "INFO", "name": "AresGlobal.AresLauncher", "message": "✅ Cleared progress for 16 steps: ['step2_feature_engineering', 'step2_5_enhanced_matrix_operations', 'step3_hmm_regime_discovery', 'step4_processing_labeling', 'step5_regime_data_splitting', 'step6_hmm_based_training', 'step6_5_unified_regime_intelligence', 'step7_analyst_enhancement', 'step8_tactician_labeling', 'step9_tactician_specialist_training', 'step10_confidence_calibration', 'step11_final_parameters_optimization', 'step12_walk_forward_validation', 'step13_monte_carlo_validation', 'step14_ab_testing', 'step15_saving']", "correlation_id": "-", "session_id": "-", "timestamp": "2025-08-20T16:15:35.738970+00:00"}
{"asctime": "2025-08-20 18:15:35,739", "levelname": "INFO", "name": "AresGlobal.StepOrchestrator", "message": "🚀 Starting execution from step: step2_feature_engineering", "correlation_id": "-", "session_id": "-", "timestamp": "2025-08-20T16:15:35.739839+00:00"}
{"asctime": "2025-08-20 18:15:51,871", "levelname": "ERROR", "name": "AresGlobal.StepOrchestrator", "message": "Failed to setup enhanced training manager: invalid syntax (bull_trend_ensemble.py, line 6)", "correlation_id": "-", "session_id": "-", "exc_info": "Traceback (most recent call last):\n  File \"/Users/remyroche/Documents/Ares/src/training/step_orchestrator.py\", line 76, in _setup_enhanced_training_manager\n    \"\"\"\n        \n  File \"/Users/remyroche/Documents/Ares/src/training/enhanced_training_manager.py\", line 37, in <module>\n    from src.training.steps import step15_saving\n  File \"/Users/remyroche/Documents/Ares/src/training/enhanced_matrix_gpu_integration.py\", line 16, in <module>\n    from src.utils.error_handler import handle_errors\n  File \"/Users/remyroche/Documents/Ares/src/training/steps/__init__.py\", line 45, in <module>\n    MarketRegimeClassificationStep = None\n  File \"/Users/remyroche/Documents/Ares/src/training/steps/step5_5_unified_regime_intelligence.py\", line 36, in <module>\n    from torch.utils.data import DataLoader, TensorDataset\n  File \"/Users/remyroche/Documents/Ares/src/training/regularization.py\", line 13, in <module>\n    import optuna\n  File \"/Users/remyroche/Documents/Ares/src/analyst/predictive_ensembles/__init__.py\", line 18, in <module>\n    warning,\n  File \"/Users/remyroche/Documents/Ares/src/analyst/predictive_ensembles/ensemble_orchestrator.py\", line 15, in <module>\n    from .regime_ensembles.bull_trend_ensemble import BullTrendEnsemble\n  File \"/Users/remyroche/Documents/Ares/src/analyst/predictive_ensembles/regime_ensembles/__init__.py\", line 21, in <module>\n    timeout,\n  File \"/Users/remyroche/Documents/Ares/src/analyst/predictive_ensembles/regime_ensembles/bull_trend_ensemble.py\", line 6\n    from keras.models import Model\n    ^^^^\nSyntaxError: invalid syntax", "timestamp": "2025-08-20T16:15:51.871210+00:00"}
{"asctime": "2025-08-20 18:15:51,878", "levelname": "INFO", "name": "AresGlobal.StepOrchestrator", "message": "\u001b[91m\u001b[1m❌\u001b[0m \u001b[91m\u001b[1mFailed to setup enhanced training manager: invalid syntax (bull_trend_ensemble.py, line 6)\u001b[0m", "correlation_id": "-", "session_id": "-", "timestamp": "2025-08-20T16:15:51.878035+00:00"}
{"asctime": "2025-08-20 18:15:51,879", "levelname": "ERROR", "name": "AresGlobal.AresLauncher", "message": "❌ Step-based training pipeline failed", "correlation_id": "-", "session_id": "-", "timestamp": "2025-08-20T16:15:51.879329+00:00"}
{"asctime": "2025-08-20 18:15:51,881", "levelname": "INFO", "name": "AresGlobal", "message": "[SYSTEM] ================================================================================", "correlation_id": "-", "session_id": "-", "timestamp": "2025-08-20T16:15:51.881047+00:00"}
{"asctime": "2025-08-20 18:15:51,881", "levelname": "INFO", "name": "AresGlobal", "message": "[SYSTEM] 🛑 ARES LAUNCHER ENDED - Exit code: 1", "correlation_id": "-", "session_id": "-", "timestamp": "2025-08-20T16:15:51.881832+00:00"}
{"asctime": "2025-08-20 18:15:51,882", "levelname": "INFO", "name": "AresGlobal", "message": "[SYSTEM] End time: 2025-08-20 18:15:51", "correlation_id": "-", "session_id": "-", "timestamp": "2025-08-20T16:15:51.882487+00:00"}
{"asctime": "2025-08-20 18:15:51,883", "levelname": "INFO", "name": "AresGlobal", "message": "[SYSTEM] ================================================================================", "correlation_id": "-", "session_id": "-", "timestamp": "2025-08-20T16:15:51.883380+00:00"}
{"asctime": "2025-08-20 18:15:51,885", "levelname": "INFO", "name": "AresGlobal.AresLauncher", "message": "🧹 Cleaning up processes...", "correlation_id": "-", "session_id": "-", "timestamp": "2025-08-20T16:15:51.885029+00:00"}
{"asctime": "2025-08-20 18:15:51,886", "levelname": "INFO", "name": "AresGlobal.AresLauncher", "message": "✅ Cleanup completed", "correlation_id": "-", "session_id": "-", "timestamp": "2025-08-20T16:15:51.886127+00:00"}
