{"asctime": "2025-08-19 10:36:51,269", "levelname": "INFO", "name": "AresTradingSystem", "message": "✅ Enhanced Logger initialization completed successfully", "correlation_id": "-", "session_id": "-", "timestamp": "2025-08-19T08:36:51.269141+00:00"}
{"asctime": "2025-08-19 10:36:51,379", "levelname": "INFO", "name": "AresTradingSystem.System.VectorizedAdvancedFeatureEngineering", "message": "✅ Configured joblib memory cache: data/joblib_cache", "correlation_id": "-", "session_id": "-", "timestamp": "2025-08-19T08:36:51.379030+00:00"}
{"asctime": "2025-08-19 10:36:51,397", "levelname": "INFO", "name": "AresTradingSystem.System.EnhancedTrainingManager", "message": "✅ Enhanced matrix operations and GPU acceleration initialized", "correlation_id": "-", "session_id": "-", "timestamp": "2025-08-19T08:36:51.397869+00:00"}
{"asctime": "2025-08-19 10:36:51,397", "levelname": "INFO", "name": "AresTradingSystem.System.EnhancedTrainingManager", "message": "🚀 Initializing Enhanced Training Manager...", "correlation_id": "-", "session_id": "-", "timestamp": "2025-08-19T08:36:51.397989+00:00"}
{"asctime": "2025-08-19 10:36:51,398", "levelname": "INFO", "name": "AresTradingSystem.System.EnhancedTrainingManager", "message": "📊 Blank training mode: True", "correlation_id": "-", "session_id": "-", "timestamp": "2025-08-19T08:36:51.398063+00:00"}
{"asctime": "2025-08-19 10:36:51,398", "levelname": "INFO", "name": "AresTradingSystem.System.EnhancedTrainingManager", "message": "🔧 Max trials: 200", "correlation_id": "-", "session_id": "-", "timestamp": "2025-08-19T08:36:51.398124+00:00"}
{"asctime": "2025-08-19 10:36:51,398", "levelname": "INFO", "name": "AresTradingSystem.System.EnhancedTrainingManager", "message": "🔧 N trials: 100", "correlation_id": "-", "session_id": "-", "timestamp": "2025-08-19T08:36:51.398184+00:00"}
{"asctime": "2025-08-19 10:36:51,398", "levelname": "INFO", "name": "AresTradingSystem.System.EnhancedTrainingManager", "message": "📈 Lookback days: 180", "correlation_id": "-", "session_id": "-", "timestamp": "2025-08-19T08:36:51.398242+00:00"}
{"asctime": "2025-08-19 10:36:51,398", "levelname": "INFO", "name": "AresTradingSystem.System.EnhancedTrainingManager", "message": "🚀 Computational optimization: True", "correlation_id": "-", "session_id": "-", "timestamp": "2025-08-19T08:36:51.398299+00:00"}
{"asctime": "2025-08-19 10:36:51,398", "levelname": "INFO", "name": "AresTradingSystem.System.EnhancedTrainingManager", "message": "📊 Resource Analysis:", "correlation_id": "-", "session_id": "-", "timestamp": "2025-08-19T08:36:51.398398+00:00"}
{"asctime": "2025-08-19 10:36:51,398", "levelname": "INFO", "name": "AresTradingSystem.System.EnhancedTrainingManager", "message": "   💾 System Memory: 16.0 GB", "correlation_id": "-", "session_id": "-", "timestamp": "2025-08-19T08:36:51.398461+00:00"}
{"asctime": "2025-08-19 10:36:51,398", "levelname": "INFO", "name": "AresTradingSystem.System.EnhancedTrainingManager", "message": "   🖥️ CPU Cores: 8", "correlation_id": "-", "session_id": "-", "timestamp": "2025-08-19T08:36:51.398518+00:00"}
{"asctime": "2025-08-19 10:36:51,398", "levelname": "INFO", "name": "AresTradingSystem.System.EnhancedTrainingManager", "message": "   📈 Estimated Memory Usage: 4.0 GB", "correlation_id": "-", "session_id": "-", "timestamp": "2025-08-19T08:36:51.398573+00:00"}
{"asctime": "2025-08-19 10:36:51,398", "levelname": "INFO", "name": "AresTradingSystem.System.EnhancedTrainingManager", "message": "   ⏱️ Estimated Time: 90 minutes (1.5 hours)", "correlation_id": "-", "session_id": "-", "timestamp": "2025-08-19T08:36:51.398630+00:00"}
{"asctime": "2025-08-19 10:36:51,398", "levelname": "INFO", "name": "AresTradingSystem.System.EnhancedTrainingManager", "message": "   🤖 Models to Train: 4", "correlation_id": "-", "session_id": "-", "timestamp": "2025-08-19T08:36:51.398685+00:00"}
{"asctime": "2025-08-19 10:36:51,398", "levelname": "INFO", "name": "AresTradingSystem.System.EnhancedTrainingManager", "message": "   🔧 Optimization Trials: 50", "correlation_id": "-", "session_id": "-", "timestamp": "2025-08-19T08:36:51.398739+00:00"}
{"asctime": "2025-08-19 10:36:51,398", "levelname": "INFO", "name": "AresTradingSystem.System.EnhancedTrainingManager", "message": "📋 Step-by-Step Time Estimates:", "correlation_id": "-", "session_id": "-", "timestamp": "2025-08-19T08:36:51.398807+00:00"}
{"asctime": "2025-08-19 10:36:51,398", "levelname": "INFO", "name": "AresTradingSystem.System.EnhancedTrainingManager", "message": "   step1_data_collection: 5 min (4.3%)", "correlation_id": "-", "session_id": "-", "timestamp": "2025-08-19T08:36:51.398865+00:00"}
{"asctime": "2025-08-19 10:36:51,398", "levelname": "INFO", "name": "AresTradingSystem.System.EnhancedTrainingManager", "message": "   step2_feature_engineering: 15 min (13.0%)", "correlation_id": "-", "session_id": "-", "timestamp": "2025-08-19T08:36:51.398923+00:00"}
{"asctime": "2025-08-19 10:36:51,398", "levelname": "INFO", "name": "AresTradingSystem.System.EnhancedTrainingManager", "message": "   step3_hmm_regime_discovery: 3 min (2.6%)", "correlation_id": "-", "session_id": "-", "timestamp": "2025-08-19T08:36:51.398975+00:00"}
{"asctime": "2025-08-19 10:36:51,399", "levelname": "INFO", "name": "AresTradingSystem.System.EnhancedTrainingManager", "message": "   step4_processing_labeling: 8 min (7.0%)", "correlation_id": "-", "session_id": "-", "timestamp": "2025-08-19T08:36:51.399025+00:00"}
{"asctime": "2025-08-19 10:36:51,399", "levelname": "INFO", "name": "AresTradingSystem.System.EnhancedTrainingManager", "message": "   step5_regime_data_splitting: 2 min (1.7%)", "correlation_id": "-", "session_id": "-", "timestamp": "2025-08-19T08:36:51.399075+00:00"}
{"asctime": "2025-08-19 10:36:51,399", "levelname": "INFO", "name": "AresTradingSystem.System.EnhancedTrainingManager", "message": "   step6_hmm_based_training: 10 min (8.7%)", "correlation_id": "-", "session_id": "-", "timestamp": "2025-08-19T08:36:51.399125+00:00"}
{"asctime": "2025-08-19 10:36:51,399", "levelname": "INFO", "name": "AresTradingSystem.System.EnhancedTrainingManager", "message": "   step6_5_unified_regime_intelligence: 8 min (7.0%)", "correlation_id": "-", "session_id": "-", "timestamp": "2025-08-19T08:36:51.399176+00:00"}
{"asctime": "2025-08-19 10:36:51,399", "levelname": "INFO", "name": "AresTradingSystem.System.EnhancedTrainingManager", "message": "   step7_analyst_enhancement: 8 min (7.0%)", "correlation_id": "-", "session_id": "-", "timestamp": "2025-08-19T08:36:51.399226+00:00"}
{"asctime": "2025-08-19 10:36:51,399", "levelname": "INFO", "name": "AresTradingSystem.System.EnhancedTrainingManager", "message": "   step8_tactician_labeling: 5 min (4.3%)", "correlation_id": "-", "session_id": "-", "timestamp": "2025-08-19T08:36:51.399276+00:00"}
{"asctime": "2025-08-19 10:36:51,399", "levelname": "INFO", "name": "AresTradingSystem.System.EnhancedTrainingManager", "message": "   step9_tactician_specialist_training: 10 min (8.7%)", "correlation_id": "-", "session_id": "-", "timestamp": "2025-08-19T08:36:51.399327+00:00"}
{"asctime": "2025-08-19 10:36:51,399", "levelname": "INFO", "name": "AresTradingSystem.System.EnhancedTrainingManager", "message": "   step10_confidence_calibration: 3 min (2.6%)", "correlation_id": "-", "session_id": "-", "timestamp": "2025-08-19T08:36:51.399377+00:00"}
{"asctime": "2025-08-19 10:36:51,399", "levelname": "INFO", "name": "AresTradingSystem.System.EnhancedTrainingManager", "message": "   step11_final_parameters_optimization: 15 min (13.0%)", "correlation_id": "-", "session_id": "-", "timestamp": "2025-08-19T08:36:51.399428+00:00"}
{"asctime": "2025-08-19 10:36:51,399", "levelname": "INFO", "name": "AresTradingSystem.System.EnhancedTrainingManager", "message": "   step12_walk_forward_validation: 8 min (7.0%)", "correlation_id": "-", "session_id": "-", "timestamp": "2025-08-19T08:36:51.399478+00:00"}
{"asctime": "2025-08-19 10:36:51,399", "levelname": "INFO", "name": "AresTradingSystem.System.EnhancedTrainingManager", "message": "   step13_monte_carlo_validation: 8 min (7.0%)", "correlation_id": "-", "session_id": "-", "timestamp": "2025-08-19T08:36:51.399528+00:00"}
{"asctime": "2025-08-19 10:36:51,399", "levelname": "INFO", "name": "AresTradingSystem.System.EnhancedTrainingManager", "message": "   step14_ab_testing: 5 min (4.3%)", "correlation_id": "-", "session_id": "-", "timestamp": "2025-08-19T08:36:51.399582+00:00"}
{"asctime": "2025-08-19 10:36:51,399", "levelname": "INFO", "name": "AresTradingSystem.System.EnhancedTrainingManager", "message": "   step15_saving: 2 min (1.7%)", "correlation_id": "-", "session_id": "-", "timestamp": "2025-08-19T08:36:51.399633+00:00"}
{"asctime": "2025-08-19 10:36:51,399", "levelname": "INFO", "name": "AresTradingSystem.System.EnhancedTrainingManager", "message": "💡 Recommendations:", "correlation_id": "-", "session_id": "-", "timestamp": "2025-08-19T08:36:51.399685+00:00"}
{"asctime": "2025-08-19 10:36:51,399", "levelname": "INFO", "name": "AresTradingSystem.System.EnhancedTrainingManager", "message": "   ✅ Blank training mode is suitable for your system", "correlation_id": "-", "session_id": "-", "timestamp": "2025-08-19T08:36:51.399739+00:00"}
{"asctime": "2025-08-19 10:36:51,399", "levelname": "ERROR", "name": "AresTradingSystem.System.EnhancedTrainingManager", "message": "❌ Configuration validation failed: 'EnhancedTrainingManager' object has no attribute 'max_enhanced_training_history'", "correlation_id": "-", "session_id": "-", "exc_info": "Traceback (most recent call last):\n  File \"/Users/remyroche/Documents/Ares/src/training/enhanced_training_manager.py\", line 1244, in _validate_configuration\n    if self.max_enhanced_training_history <= 0:\n       ^^^^^^^^^^^^^^^^^^^^^^^^^^^^^^^^^^\nAttributeError: 'EnhancedTrainingManager' object has no attribute 'max_enhanced_training_history'. Did you mean: 'get_enhanced_training_history'?", "timestamp": "2025-08-19T08:36:51.399805+00:00"}
{"asctime": "2025-08-19 10:36:51,412", "levelname": "ERROR", "name": "AresTradingSystem.System.EnhancedTrainingManager", "message": "❌ Invalid configuration for enhanced training manager", "correlation_id": "-", "session_id": "-", "timestamp": "2025-08-19T08:36:51.412722+00:00"}
