Stage: Stationarity | Step: 04_01 | Shape: (248148, 14)
                        open     high      low    close     volume  close_returns  open_returns  high_returns  low_returns  close_log  open_log  high_log   low_log  close_detrended
timestamp                                                                                                                                                                           
2025-02-18 10:02:00  2694.32  2703.88  2693.62  2698.80  18548.098            NaN           NaN           NaN          NaN   7.900563  7.898901  7.902443  7.898641              NaN
2025-02-18 10:03:00  2698.80  2698.94  2696.62  2698.87   2715.600       0.000026      0.001663     -0.001827     0.001114   7.900588  7.900563  7.900614  7.899754              NaN
2025-02-18 10:04:00  2698.87  2703.91  2698.52  2702.16   5217.219       0.001219      0.000026      0.001841     0.000705   7.901807  7.900588  7.902454  7.900459              NaN
2025-02-18 10:05:00  2702.15  2703.16  2701.06  2701.54   2464.684      -0.000229      0.001215     -0.000277     0.000941   7.901577  7.901803  7.902177  7.901400              NaN
2025-02-18 10:06:00  2701.51  2701.97  2699.45  2700.15   2721.693      -0.000515     -0.000237     -0.000440    -0.000596   7.901063  7.901566  7.901736  7.900803              NaN
2025-02-18 10:07:00  2700.15  2701.70  2699.00  2699.00   2089.496      -0.000426     -0.000503     -0.000100    -0.000167   7.900637  7.901063  7.901636  7.900637              NaN
2025-02-18 10:08:00  2699.01  2699.28  2697.10  2697.97   1464.441      -0.000382     -0.000422     -0.000896    -0.000704   7.900255  7.900640  7.900740  7.899932              NaN
2025-02-18 10:09:00  2697.97  2698.05  2695.74  2696.78   2285.408      -0.000441     -0.000385     -0.000456    -0.000504   7.899814  7.900255  7.900285  7.899428              NaN
2025-02-18 10:10:00  2696.77  2697.01  2695.12  2695.63   1369.670      -0.000426     -0.000445     -0.000385    -0.000230   7.899387  7.899810  7.899899  7.899198              NaN
2025-02-18 10:11:00  2695.62  2695.62  2693.45  2694.55   1429.852      -0.000401     -0.000426     -0.000515    -0.000620   7.898986  7.899384  7.899384  7.898578              NaN
2025-02-18 10:12:00  2694.55  2694.55  2691.45  2691.68   2977.300      -0.001065     -0.000397     -0.000397    -0.000743   7.897921  7.898986  7.898986  7.897835              NaN
2025-02-18 10:13:00  2691.68  2691.69  2690.05  2691.05   3365.960      -0.000234     -0.001065     -0.001061    -0.000520   7.897687  7.897921  7.897925  7.897315              NaN
2025-02-18 10:14:00  2691.06  2693.54  2690.61  2691.85   2977.964       0.000297     -0.000230      0.000687     0.000208   7.897984  7.897690  7.898612  7.897523              NaN
2025-02-18 10:15:00  2691.84  2694.18  2690.89  2693.61   1267.561       0.000654      0.000290      0.000238     0.000104   7.898638  7.897980  7.898849  7.897627              NaN
2025-02-18 10:16:00  2693.61  2696.86  2692.80  2695.81   1814.134       0.000817      0.000658      0.000995     0.000710   7.899454  7.898638  7.899843  7.898337              NaN
2025-02-18 10:17:00  2695.81  2696.70  2694.50  2695.57   1241.457      -0.000089      0.000817     -0.000059     0.000631   7.899365  7.899454  7.899784  7.898968              NaN
2025-02-18 10:18:00  2695.59  2695.59  2692.23  2694.14   2059.138      -0.000531     -0.000082     -0.000412    -0.000842   7.898834  7.899372  7.899372  7.898125              NaN
2025-02-18 10:19:00  2694.13  2695.00  2692.25  2692.92    526.994      -0.000453     -0.000542     -0.000219     0.000007   7.898381  7.898831  7.899153  7.898133              NaN
2025-02-18 10:20:00  2692.91  2694.42  2692.72  2694.21    560.706       0.000479     -0.000453     -0.000215     0.000175   7.898860  7.898378  7.898938  7.898307              NaN
2025-02-18 10:21:00  2694.22  2697.32  2694.22  2696.88   1185.498       0.000991      0.000486      0.001076     0.000557   7.899851  7.898864  7.900014  7.898864           0.7215
2025-02-18 10:22:00  2696.88  2699.60  2696.07  2699.59   1081.219       0.001005      0.000987      0.000845     0.000687   7.900855  7.899851  7.900859  7.899550           3.3920
2025-02-18 10:23:00  2699.60  2700.48  2698.01  2698.84   1238.728      -0.000278      0.001009      0.000326     0.000720   7.900577  7.900859  7.901185  7.900270           2.6435
2025-02-18 10:24:00  2698.85  2699.19  2697.30  2697.61    918.857      -0.000456     -0.000278     -0.000478    -0.000263   7.900121  7.900581  7.900707  7.900007           1.6410
2025-02-18 10:25:00  2697.62  2698.50  2697.01  2698.49    599.213       0.000326     -0.000456     -0.000256    -0.000108   7.900448  7.900125  7.900451  7.899899           2.6735
2025-02-18 10:26:00  2698.50  2699.60  2697.64  2698.71    481.223       0.000082      0.000326      0.000408     0.000234   7.900529  7.900451  7.900859  7.900133           2.9655
2025-02-18 10:27:00  2698.71  2698.72  2695.45  2696.24   1395.276      -0.000915      0.000078     -0.000326    -0.000812   7.899613  7.900529  7.900533  7.899320           0.6335
2025-02-18 10:28:00  2696.24  2697.44  2696.24  2697.07    336.982       0.000308     -0.000915     -0.000474     0.000293   7.899921  7.899613  7.900058  7.899613           1.5085
2025-02-18 10:29:00  2697.07  2698.00  2696.89  2696.89    824.463      -0.000067      0.000308      0.000208     0.000241   7.899855  7.899921  7.900266  7.899855           1.3230
2025-02-18 10:30:00  2696.89  2696.90  2695.00  2695.00   1028.078      -0.000701     -0.000067     -0.000408    -0.000701   7.899153  7.899855  7.899858  7.899153          -0.5355
2025-02-18 10:31:00  2695.01  2695.44  2693.73  2694.93    858.779      -0.000026     -0.000697     -0.000541    -0.000471   7.899128  7.899157  7.899317  7.898682          -0.6245
2025-02-18 10:32:00  2694.94  2695.67  2692.34  2693.28   1142.530      -0.000612     -0.000026      0.000085    -0.000516   7.898515  7.899131  7.899402  7.898166          -2.3545
2025-02-18 10:33:00  2693.27  2693.28  2692.00  2692.91    901.087      -0.000137     -0.000620     -0.000887    -0.000126   7.898378  7.898511  7.898515  7.898040          -2.8175
2025-02-18 10:34:00  2692.90  2694.20  2692.90  2694.20    724.248       0.000479     -0.000137      0.000342     0.000334   7.898857  7.898374  7.898857  7.898374          -1.6450
2025-02-18 10:35:00  2694.19  2694.84  2693.75  2694.84    877.282       0.000238      0.000479      0.000238     0.000316   7.899094  7.898853  7.899094  7.898690          -1.0665
2025-02-18 10:36:00  2694.84  2694.84  2692.14  2693.35   1217.900      -0.000553      0.000241      0.000000    -0.000598   7.898541  7.899094  7.899094  7.898092          -2.4335
2025-02-18 10:37:00  2693.34  2695.17  2692.99  2694.79    710.732       0.000535     -0.000557      0.000122     0.000316   7.899076  7.898537  7.899217  7.898407          -0.9545
2025-02-18 10:38:00  2694.79  2696.45  2694.38  2696.40    358.785       0.000597      0.000538      0.000475     0.000516   7.899673  7.899076  7.899691  7.898923           0.5425
2025-02-18 10:39:00  2696.40  2698.00  2696.19  2697.99   2061.689       0.000590      0.000597      0.000575     0.000672   7.900262  7.899673  7.900266  7.899595           1.8790
2025-02-18 10:40:00  2698.00  2698.69  2697.11  2698.11    756.030       0.000044      0.000593      0.000256     0.000341   7.900307  7.900266  7.900522  7.899936           1.8040
2025-02-18 10:41:00  2698.11  2698.72  2697.24  2698.71    596.146       0.000222      0.000041      0.000011     0.000048   7.900529  7.900307  7.900533  7.899984           2.3125
2025-02-18 10:42:00  2698.71  2702.90  2698.71  2702.43   4277.806       0.001378      0.000222      0.001549     0.000545   7.901907  7.900529  7.902081  7.900529           5.8905
2025-02-18 10:43:00  2702.43  2705.45  2701.59  2702.73   4241.859       0.000111      0.001378      0.000943     0.001067   7.902018  7.901907  7.903024  7.901596           5.9960
2025-02-18 10:44:00  2702.72  2702.89  2701.43  2701.59   1621.771      -0.000422      0.000107     -0.000946    -0.000059   7.901596  7.902014  7.902077  7.901537           4.6570
2025-02-18 10:45:00  2701.59  2702.54  2701.11  2701.50    982.519      -0.000033     -0.000418     -0.000129    -0.000118   7.901562  7.901596  7.901947  7.901418           4.4165
2025-02-18 10:46:00  2701.49  2701.71  2699.76  2700.10   1100.568      -0.000518     -0.000037     -0.000307    -0.000500   7.901044  7.901559  7.901640  7.900918           2.9470
2025-02-18 10:47:00  2700.10  2700.88  2697.27  2698.00   1715.493      -0.000778     -0.000515     -0.000307    -0.000922   7.900266  7.901044  7.901333  7.899995           0.7590
2025-02-18 10:48:00  2697.99  2698.50  2697.39  2698.29    749.868       0.000107     -0.000781     -0.000881     0.000044   7.900374  7.900262  7.900451  7.900040           0.9880
2025-02-18 10:49:00  2698.28  2698.29  2697.11  2697.29    694.831      -0.000371      0.000107     -0.000078    -0.000104   7.900003  7.900370  7.900374  7.899936          -0.0320
2025-02-18 10:50:00  2697.28  2697.29  2694.83  2695.63   1422.811      -0.000615     -0.000371     -0.000371    -0.000845   7.899387  7.899999  7.900003  7.899090          -1.7235
2025-02-18 10:51:00  2695.64  2696.75  2694.83  2694.84   1307.001      -0.000293     -0.000608     -0.000200     0.000000   7.899094  7.899391  7.899803  7.899090          -2.5090