Stage: Stationarity | Step: 04_01 | Shape: (247487, 14)
                        open     high      low    close     volume  close_returns  open_returns  high_returns  low_returns  close_log  open_log  high_log   low_log  close_detrended
timestamp                                                                                                                                                                           
2025-02-18 21:03:00  2634.52  2644.55  2634.52  2641.61   6783.057            NaN           NaN           NaN          NaN   7.879144  7.876456  7.880256  7.876456              NaN
2025-02-18 21:04:00  2641.62  2644.91  2638.01  2643.70   3486.541       0.000791      0.002695      0.000136     0.001325   7.879935  7.879148  7.880392  7.877780              NaN
2025-02-18 21:05:00  2643.71  2644.26  2636.19  2639.26   3595.654      -0.001679      0.000791     -0.000246    -0.000690   7.878254  7.879939  7.880147  7.877090              NaN
2025-02-18 21:06:00  2639.26  2644.40  2638.46  2644.40   2785.050       0.001948     -0.001683      0.000053     0.000861   7.880199  7.878254  7.880199  7.877951              NaN
2025-02-18 21:07:00  2644.39  2651.67  2642.58  2650.26   8678.886       0.002216      0.001944      0.002749     0.001562   7.882413  7.880196  7.882945  7.879511              NaN
2025-02-18 21:08:00  2650.26  2656.84  2647.20  2652.80   9954.719       0.000958      0.002220      0.001950     0.001748   7.883371  7.882413  7.884893  7.881258              NaN
2025-02-18 21:09:00  2652.79  2653.64  2646.65  2649.53  11304.244      -0.001233      0.000955     -0.001204    -0.000208   7.882138  7.883367  7.883688  7.881050              NaN
2025-02-18 21:10:00  2649.53  2656.45  2648.74  2650.70   8010.808       0.000442     -0.001229      0.001059     0.000790   7.882579  7.882138  7.884746  7.881839              NaN
2025-02-18 21:11:00  2650.75  2650.76  2645.20  2648.10   3864.596      -0.000981      0.000460     -0.002142    -0.001336   7.881598  7.882598  7.882602  7.880502              NaN
2025-02-18 21:12:00  2648.11  2648.66  2645.00  2646.47   4066.972      -0.000616     -0.000996     -0.000792    -0.000076   7.880982  7.881601  7.881809  7.880426              NaN
2025-02-18 21:13:00  2646.47  2648.09  2645.18  2647.39   3158.449       0.000348     -0.000619     -0.000215     0.000068   7.881330  7.880982  7.881594  7.880494              NaN
2025-02-18 21:14:00  2647.39  2649.04  2645.99  2648.20   3302.012       0.000306      0.000348      0.000359     0.000306   7.881635  7.881330  7.881953  7.880801              NaN
2025-02-18 21:15:00  2648.20  2650.30  2647.01  2649.01   2517.650       0.000306      0.000306      0.000476     0.000385   7.881941  7.881635  7.882428  7.881186              NaN
2025-02-18 21:16:00  2649.01  2650.86  2646.13  2647.30   1470.405      -0.000646      0.000306      0.000211    -0.000332   7.881296  7.881941  7.882639  7.880853              NaN
2025-02-18 21:17:00  2647.31  2647.99  2643.34  2643.51   2600.599      -0.001432     -0.000642     -0.001083    -0.001054   7.879863  7.881299  7.881556  7.879799              NaN
2025-02-18 21:18:00  2643.51  2652.11  2642.00  2651.91   5107.245       0.003178     -0.001435      0.001556    -0.000507   7.883035  7.879863  7.883111  7.879291              NaN
2025-02-18 21:19:00  2651.81  2653.92  2650.76  2651.35   4970.864      -0.000211      0.003140      0.000682     0.003316   7.882824  7.882998  7.883793  7.882602              NaN
2025-02-18 21:20:00  2651.34  2652.51  2648.63  2652.20   1099.991       0.000321     -0.000177     -0.000531    -0.000804   7.883145  7.882820  7.883262  7.881798              NaN
2025-02-18 21:21:00  2652.19  2652.19  2647.54  2649.19   1128.674      -0.001135      0.000321     -0.000121    -0.000412   7.882009  7.883141  7.883141  7.881386              NaN
2025-02-18 21:22:00  2649.19  2652.13  2648.44  2650.08    900.767       0.000336     -0.001131     -0.000023     0.000340   7.882345  7.882009  7.883118  7.881726           2.2315
2025-02-18 21:23:00  2650.35  2652.09  2648.72  2652.07   1287.196       0.000751      0.000438     -0.000015     0.000106   7.883096  7.882447  7.883103  7.881832           3.6985
2025-02-18 21:24:00  2652.06  2655.59  2650.65  2654.71   2290.220       0.000995      0.000645      0.001320     0.000729   7.884091  7.883092  7.884422  7.882560           5.7880
2025-02-18 21:25:00  2654.70  2656.12  2652.66  2655.48   2101.273       0.000290      0.000995      0.000200     0.000758   7.884381  7.884087  7.884622  7.883318           5.7470
2025-02-18 21:26:00  2655.47  2656.03  2653.59  2654.77    980.218      -0.000267      0.000290     -0.000034     0.000351   7.884113  7.884377  7.884588  7.883669           4.5185
2025-02-18 21:27:00  2654.76  2655.36  2651.57  2651.87   1694.992      -0.001092     -0.000267     -0.000252    -0.000761   7.883020  7.884110  7.884336  7.882907           1.5380
2025-02-18 21:28:00  2651.88  2652.49  2650.01  2650.74    900.056      -0.000426     -0.001085     -0.001081    -0.000588   7.882594  7.883024  7.883254  7.882319           0.5110
2025-02-18 21:29:00  2650.74  2651.71  2650.30  2651.71    437.281       0.000366     -0.000430     -0.000294     0.000109   7.882960  7.882594  7.882960  7.882428           1.3720
2025-02-18 21:30:00  2651.71  2652.24  2650.18  2652.24   1265.359       0.000200      0.000366      0.000200    -0.000045   7.883160  7.882960  7.883160  7.882383           1.8250
2025-02-18 21:31:00  2652.23  2655.59  2651.14  2655.34   1099.442       0.001169      0.000196      0.001263     0.000362   7.884328  7.883156  7.884422  7.882745           4.5630
2025-02-18 21:32:00  2655.34  2657.63  2654.00  2656.00   2586.677       0.000249      0.001173      0.000768     0.001079   7.884577  7.884328  7.885190  7.883823           4.7465
2025-02-18 21:33:00  2656.01  2656.01  2650.78  2651.15   1106.692      -0.001826      0.000252     -0.000610    -0.001213   7.882749  7.884580  7.884580  7.882609          -0.2915
2025-02-18 21:34:00  2651.15  2651.15  2648.95  2648.95   1404.789      -0.000830     -0.001830     -0.001830    -0.000690   7.881919  7.882749  7.882749  7.881919          -2.5290
2025-02-18 21:35:00  2648.93  2649.35  2647.33  2648.43   1621.207      -0.000196     -0.000837     -0.000679    -0.000612   7.881722  7.881911  7.882070  7.881307          -3.0200
2025-02-18 21:36:00  2648.42  2651.00  2648.42  2650.64    680.262       0.000834     -0.000193      0.000623     0.000412   7.882556  7.881719  7.882692  7.881719          -0.9770
2025-02-18 21:37:00  2650.65  2653.00  2650.64  2652.88   1693.123       0.000845      0.000842      0.000754     0.000838   7.883401  7.882560  7.883446  7.882556           0.7945
2025-02-18 21:38:00  2652.88  2654.71  2651.84  2653.86   1696.905       0.000369      0.000841      0.000645     0.000453   7.883770  7.883401  7.884091  7.883009           1.6770
2025-02-18 21:39:00  2653.85  2654.20  2651.51  2651.52    726.476      -0.000882      0.000366     -0.000192    -0.000124   7.882888  7.883767  7.883899  7.882885          -0.6715
2025-02-18 21:40:00  2651.51  2651.91  2650.21  2651.11    789.369      -0.000155     -0.000882     -0.000863    -0.000490   7.882734  7.882885  7.883035  7.882394          -1.0270
2025-02-18 21:41:00  2651.10  2651.15  2648.03  2648.49   1302.523      -0.000988     -0.000155     -0.000287    -0.000823   7.881745  7.882730  7.882749  7.881571          -3.6120
2025-02-18 21:42:00  2648.49  2651.17  2648.12  2650.34   2665.208       0.000699     -0.000984      0.000008     0.000034   7.882443  7.881745  7.882756  7.881605          -1.7750
2025-02-18 21:43:00  2650.35  2650.99  2649.15  2649.51    788.486      -0.000313      0.000702     -0.000068     0.000389   7.882130  7.882447  7.882688  7.881994          -2.4770
2025-02-18 21:44:00  2649.52  2649.93  2648.29  2649.42    534.337      -0.000034     -0.000313     -0.000400    -0.000325   7.882096  7.882134  7.882289  7.881669          -2.3025
2025-02-18 21:45:00  2649.42  2651.28  2648.16  2648.17    611.538      -0.000472     -0.000038      0.000509    -0.000049   7.881624  7.882096  7.882798  7.881620          -3.1870
2025-02-18 21:46:00  2648.16  2648.66  2647.00  2647.83   1193.380      -0.000128     -0.000476     -0.000988    -0.000438   7.881496  7.881620  7.881809  7.881182          -3.1800
2025-02-18 21:47:00  2647.83  2648.17  2644.11  2646.30   3585.251      -0.000578     -0.000125     -0.000185    -0.001092   7.880918  7.881496  7.881624  7.880090          -4.4315
2025-02-18 21:48:00  2646.30  2647.20  2643.34  2644.92   1769.954      -0.000521     -0.000578     -0.000366    -0.000291   7.880396  7.880918  7.881258  7.879799          -5.5205
2025-02-18 21:49:00  2644.90  2646.44  2644.39  2646.44    541.685       0.000575     -0.000529     -0.000287     0.000397   7.880971  7.880389  7.880971  7.880196          -3.7370
2025-02-18 21:50:00  2646.43  2647.51  2644.57  2644.57   1051.453      -0.000707      0.000578      0.000404     0.000068   7.880264  7.880967  7.881375  7.880264          -5.2235
2025-02-18 21:51:00  2644.58  2645.72  2642.64  2642.95    933.250      -0.000613     -0.000699     -0.000676    -0.000730   7.879651  7.880268  7.880699  7.879534          -6.2240
2025-02-18 21:52:00  2642.96  2645.50  2642.10  2645.50   2979.209       0.000965     -0.000613     -0.000083    -0.000204   7.880615  7.879655  7.880615  7.879329          -3.1490