Stage: Stationarity | Step: 04_01 | Shape: (247926, 14)
                        open     high      low    close     volume  close_returns  open_returns  high_returns  low_returns  close_log  open_log  high_log   low_log  close_detrended
timestamp                                                                                                                                                                           
2025-02-18 13:44:00  2699.39  2700.20  2697.12  2698.03   1278.616            NaN           NaN           NaN          NaN   7.900277  7.900781  7.901081  7.899940              NaN
2025-02-18 13:45:00  2698.04  2699.94  2697.81  2698.94    564.250       0.000337     -0.000500     -0.000096     0.000256   7.900614  7.900281  7.900985  7.900196              NaN
2025-02-18 13:46:00  2698.93  2700.40  2697.06  2700.39    963.188       0.000537      0.000330      0.000170    -0.000278   7.901151  7.900611  7.901155  7.899918              NaN
2025-02-18 13:47:00  2700.41  2701.18  2698.68  2700.81    890.017       0.000156      0.000548      0.000289     0.000601   7.901307  7.901159  7.901444  7.900518              NaN
2025-02-18 13:48:00  2700.81  2702.16  2699.26  2700.00    995.630      -0.000300      0.000148      0.000363     0.000215   7.901007  7.901307  7.901807  7.900733              NaN
2025-02-18 13:49:00  2700.00  2700.00  2697.72  2698.52    388.651      -0.000548     -0.000300     -0.000799    -0.000571   7.900459  7.901007  7.901007  7.900162              NaN
2025-02-18 13:50:00  2698.52  2699.17  2697.44  2699.17   2346.098       0.000241     -0.000548     -0.000307    -0.000104   7.900700  7.900459  7.900700  7.900058              NaN
2025-02-18 13:51:00  2699.18  2702.05  2699.18  2699.64   1551.685       0.000174      0.000245      0.001067     0.000645   7.900874  7.900703  7.901766  7.900703              NaN
2025-02-18 13:52:00  2699.63  2699.63  2697.00  2697.57   2469.663      -0.000767      0.000167     -0.000896    -0.000808   7.900107  7.900870  7.900870  7.899895              NaN
2025-02-18 13:53:00  2697.56  2698.27  2697.50  2697.70   1103.023       0.000048     -0.000767     -0.000504     0.000185   7.900155  7.900103  7.900366  7.900081              NaN
2025-02-18 13:54:00  2697.70  2701.00  2697.50  2700.81   1043.107       0.001153      0.000052      0.001012     0.000000   7.901307  7.900155  7.901377  7.900081              NaN
2025-02-18 13:55:00  2700.81  2702.49  2700.81  2702.38   1279.105       0.000581      0.001153      0.000552     0.001227   7.901888  7.901307  7.901929  7.901307              NaN
2025-02-18 13:56:00  2702.37  2702.86  2701.60  2702.60    492.645       0.000081      0.000578      0.000137     0.000293   7.901970  7.901884  7.902066  7.901599              NaN
2025-02-18 13:57:00  2702.61  2703.00  2701.64  2702.26   1141.907      -0.000126      0.000089      0.000052     0.000015   7.901844  7.901973  7.902118  7.901614              NaN
2025-02-18 13:58:00  2702.27  2702.49  2700.88  2701.46   1058.084      -0.000296     -0.000126     -0.000189    -0.000281   7.901548  7.901847  7.901929  7.901333              NaN
2025-02-18 13:59:00  2701.45  2702.10  2701.39  2701.64    678.167       0.000067     -0.000303     -0.000144     0.000189   7.901614  7.901544  7.901785  7.901522              NaN
2025-02-18 14:00:00  2701.64  2702.96  2700.19  2700.32   2136.997      -0.000489      0.000070      0.000318    -0.000444   7.901126  7.901614  7.902103  7.901077              NaN
2025-02-18 14:01:00  2700.33  2700.77  2697.56  2697.96   2118.490      -0.000874     -0.000485     -0.000810    -0.000974   7.900251  7.901129  7.901292  7.900103              NaN
2025-02-18 14:02:00  2697.96  2703.80  2697.60  2702.11   3862.313       0.001538     -0.000878      0.001122     0.000015   7.901788  7.900251  7.902413  7.900118              NaN
2025-02-18 14:03:00  2702.11  2705.49  2702.10  2705.49   2228.061       0.001251      0.001538      0.000625     0.001668   7.903038  7.901788  7.903038  7.901785           5.1000
2025-02-18 14:04:00  2705.48  2712.18  2705.48  2709.24   8187.434       0.001386      0.001247      0.002473     0.001251   7.904423  7.903035  7.905508  7.903035           8.2895
2025-02-18 14:05:00  2709.25  2710.70  2705.75  2706.36   3324.603      -0.001063      0.001393     -0.000546     0.000100   7.903360  7.904427  7.904962  7.903134           5.0385
2025-02-18 14:06:00  2706.35  2708.79  2705.00  2705.01   1643.190      -0.000499     -0.001070     -0.000705    -0.000277   7.902861  7.903356  7.904257  7.902857           3.4575
2025-02-18 14:07:00  2705.00  2707.45  2704.36  2705.66   1300.314       0.000240     -0.000499     -0.000495    -0.000237   7.903101  7.902857  7.903763  7.902621           3.8650
2025-02-18 14:08:00  2705.65  2707.99  2704.85  2707.00   1907.565       0.000495      0.000240      0.000199     0.000181   7.903596  7.903097  7.903962  7.902802           4.8550
2025-02-18 14:09:00  2707.00  2708.90  2706.44  2708.61   1267.657       0.000595      0.000499      0.000336     0.000588   7.904191  7.903596  7.904298  7.903389           5.9605
2025-02-18 14:10:00  2708.61  2711.13  2707.63  2711.07   2324.355       0.000908      0.000595      0.000823     0.000440   7.905099  7.904191  7.905121  7.903829           7.8255
2025-02-18 14:11:00  2711.07  2718.65  2710.14  2717.02   9868.694       0.002195      0.000908      0.002774     0.000927   7.907291  7.905099  7.907891  7.904756          12.9065
2025-02-18 14:12:00  2717.01  2719.95  2713.88  2718.72   8378.244       0.000626      0.002191      0.000478     0.001380   7.907916  7.907287  7.908369  7.906135          13.5490
2025-02-18 14:13:00  2718.71  2719.14  2715.06  2715.73   4118.477      -0.001100      0.000626     -0.000298     0.000435   7.906816  7.907913  7.908071  7.906569           9.6575
2025-02-18 14:14:00  2715.73  2716.22  2711.54  2712.23   2634.385      -0.001289     -0.001096     -0.001074    -0.001296   7.905526  7.906816  7.906996  7.905272           5.5865
2025-02-18 14:15:00  2712.22  2713.80  2711.84  2713.50   1200.227       0.000468     -0.001292     -0.000891     0.000111   7.905995  7.905523  7.906105  7.905383           6.3005
2025-02-18 14:16:00  2713.50  2713.50  2710.50  2712.17   2388.901      -0.000490      0.000472     -0.000111    -0.000494   7.905504  7.905995  7.905995  7.904888           4.4920
2025-02-18 14:17:00  2712.17  2716.99  2712.16  2716.35   3591.810       0.001541     -0.000490      0.001286     0.000612   7.907044  7.905504  7.907280  7.905501           7.9675
2025-02-18 14:18:00  2716.37  2717.00  2713.42  2715.33   1841.576      -0.000376      0.001549      0.000004     0.000465   7.906669  7.907052  7.907284  7.905965           6.2540
2025-02-18 14:19:00  2715.32  2717.63  2714.88  2716.43   1595.806       0.000405     -0.000387      0.000232     0.000538   7.907074  7.906665  7.907515  7.906503           6.6145
2025-02-18 14:20:00  2716.42  2728.45  2716.00  2723.18  15491.702       0.002485      0.000405      0.003981     0.000413   7.909556  7.907070  7.911489  7.906915          12.2215
2025-02-18 14:21:00  2723.18  2725.59  2719.51  2719.99   4913.455      -0.001171      0.002489     -0.001048     0.001292   7.908383  7.909556  7.910440  7.908207           7.9300
2025-02-18 14:22:00  2719.98  2721.23  2718.21  2718.75   3322.905      -0.000456     -0.001175     -0.001600    -0.000478   7.907927  7.908380  7.908839  7.907729           5.8580
2025-02-18 14:23:00  2718.75  2720.75  2718.01  2719.60   2004.250       0.000313     -0.000452     -0.000176    -0.000074   7.908240  7.907927  7.908663  7.907655           6.0025
2025-02-18 14:24:00  2719.59  2725.91  2718.60  2725.21   4069.563       0.002063      0.000309      0.001897     0.000217   7.910301  7.908236  7.910558  7.907872          10.8140
2025-02-18 14:25:00  2725.20  2731.74  2724.91  2725.60  16113.336       0.000143      0.002063      0.002139     0.002321   7.910444  7.910297  7.912694  7.910191          10.2420
2025-02-18 14:26:00  2725.60  2725.69  2722.22  2722.23   3753.173      -0.001236      0.000147     -0.002215    -0.000987   7.909207  7.910444  7.910477  7.909203           6.0110
2025-02-18 14:27:00  2722.23  2723.89  2721.14  2722.30   3626.470       0.000026     -0.001236     -0.000660    -0.000397   7.909232  7.909207  7.909816  7.908806           5.2490
2025-02-18 14:28:00  2722.30  2722.51  2719.59  2720.50   2534.428      -0.000661      0.000026     -0.000507    -0.000570   7.908571  7.909232  7.909310  7.908236           2.7740
2025-02-18 14:29:00  2720.50  2720.50  2717.96  2717.97   3306.312      -0.000930     -0.000661     -0.000738    -0.000599   7.907641  7.908571  7.908571  7.907637          -0.2240
2025-02-18 14:30:00  2717.97  2721.73  2716.00  2717.78   3199.619      -0.000070     -0.000930      0.000452    -0.000721   7.907571  7.907641  7.909023  7.906915          -0.7495
2025-02-18 14:31:00  2717.79  2719.67  2710.52  2711.94   7708.479      -0.002149     -0.000066     -0.000757    -0.002018   7.905420  7.907574  7.908266  7.904896          -6.3355
2025-02-18 14:32:00  2711.95  2715.04  2707.18  2708.20  14314.233      -0.001379     -0.002149     -0.001702    -0.001232   7.904039  7.905423  7.906562  7.903663          -9.5495
2025-02-18 14:33:00  2708.20  2712.74  2707.00  2710.52   3637.250       0.000857     -0.001383     -0.000847    -0.000066   7.904896  7.904039  7.905714  7.903596          -6.9690