Stage: Stationarity | Step: 04_01 | Shape: (249308, 14)
                        open     high      low    close     volume  close_returns  open_returns  high_returns  low_returns  close_log  open_log  high_log   low_log  close_detrended
timestamp                                                                                                                                                                           
2025-02-17 14:42:00  2810.08  2810.08  2804.14  2805.87   4557.400            NaN           NaN           NaN          NaN   7.939469  7.940968  7.940968  7.938852              NaN
2025-02-17 14:43:00  2805.87  2808.26  2805.60  2806.16   2310.522       0.000103     -0.001498     -0.000648     0.000521   7.939572  7.939469  7.940320  7.939373              NaN
2025-02-17 14:44:00  2806.17  2808.00  2805.66  2807.38   1153.935       0.000435      0.000107     -0.000093     0.000021   7.940007  7.939576  7.940228  7.939394              NaN
2025-02-17 14:45:00  2807.39  2808.43  2805.43  2805.99   1809.899      -0.000495      0.000435      0.000153    -0.000082   7.939512  7.940011  7.940381  7.939312              NaN
2025-02-17 14:46:00  2806.00  2808.57  2805.99  2807.97   2195.422       0.000706     -0.000495      0.000050     0.000200   7.940217  7.939515  7.940431  7.939512              NaN
2025-02-17 14:47:00  2807.96  2820.44  2807.91  2818.61  10037.529       0.003789      0.000699      0.004226     0.000684   7.943999  7.940214  7.944648  7.940196              NaN
2025-02-17 14:48:00  2818.63  2824.00  2817.93  2820.31  10532.798       0.000603      0.003800      0.001262     0.003568   7.944602  7.944006  7.945910  7.943758              NaN
2025-02-17 14:49:00  2820.31  2820.59  2813.70  2814.41   4992.462      -0.002092      0.000596     -0.001208    -0.001501   7.942508  7.944602  7.944701  7.942256              NaN
2025-02-17 14:50:00  2814.41  2816.60  2810.97  2815.81   3183.946       0.000497     -0.002092     -0.001415    -0.000970   7.943005  7.942508  7.943286  7.941285              NaN
2025-02-17 14:51:00  2815.81  2820.09  2815.23  2816.25   2613.263       0.000156      0.000497      0.001239     0.001515   7.943161  7.943005  7.944524  7.942799              NaN
2025-02-17 14:52:00  2816.25  2819.43  2815.24  2818.10   3176.158       0.000657      0.000156     -0.000234     0.000004   7.943818  7.943161  7.944290  7.942803              NaN
2025-02-17 14:53:00  2818.11  2818.11  2812.42  2812.80   2435.334      -0.001881      0.000660     -0.000468    -0.001002   7.941936  7.943822  7.943822  7.941801              NaN
2025-02-17 14:54:00  2812.79  2814.15  2811.50  2812.05   1880.886      -0.000267     -0.001888     -0.001405    -0.000327   7.941669  7.941932  7.942416  7.941473              NaN
2025-02-17 14:55:00  2812.05  2816.32  2811.48  2815.09   2723.839       0.001081     -0.000263      0.000771    -0.000007   7.942750  7.941669  7.943186  7.941466              NaN
2025-02-17 14:56:00  2815.09  2815.87  2812.19  2812.20   1265.456      -0.001027      0.001081     -0.000160     0.000253   7.941722  7.942750  7.943027  7.941719              NaN
2025-02-17 14:57:00  2812.20  2817.42  2812.20  2816.22   1621.896       0.001429     -0.001027      0.000550     0.000004   7.943151  7.941722  7.943577  7.941722              NaN
2025-02-17 14:58:00  2816.22  2819.00  2816.00  2818.60   1872.910       0.000845      0.001429      0.000561     0.001351   7.943996  7.943151  7.944137  7.943073              NaN
2025-02-17 14:59:00  2818.60  2826.78  2818.50  2825.54  16053.652       0.002462      0.000845      0.002760     0.000888   7.946455  7.943996  7.946894  7.943960              NaN
2025-02-17 15:00:00  2825.54  2845.00  2825.06  2842.42  50621.270       0.005974      0.002462      0.006445     0.002327   7.952411  7.946455  7.953318  7.946285              NaN
2025-02-17 15:01:00  2842.42  2845.00  2838.20  2843.93  14045.684       0.000531      0.005974      0.000000     0.004651   7.952942  7.952411  7.953318  7.950925          27.1445
2025-02-17 15:02:00  2843.93  2848.76  2842.00  2845.34  21654.593       0.000496      0.000531      0.001322     0.001339   7.953438  7.952942  7.954639  7.952263          26.5810
2025-02-17 15:03:00  2845.34  2847.74  2839.55  2839.85  10316.533      -0.001929      0.000496     -0.000358    -0.000862   7.951507  7.953438  7.954281  7.951401          19.4065
2025-02-17 15:04:00  2839.86  2842.03  2829.84  2830.37  17676.461      -0.003338     -0.001926     -0.002005    -0.003420   7.948163  7.951510  7.952274  7.947975           8.7770
2025-02-17 15:05:00  2830.38  2832.00  2824.20  2829.19  17478.080      -0.000417     -0.003338     -0.003529    -0.001993   7.947746  7.948166  7.948738  7.945980           6.4370
2025-02-17 15:06:00  2829.20  2829.96  2826.70  2828.18   4432.298      -0.000357     -0.000417     -0.000720     0.000885   7.947389  7.947749  7.948018  7.946865           4.4165
2025-02-17 15:07:00  2828.19  2829.32  2824.06  2824.97   5545.873      -0.001135     -0.000357     -0.000226    -0.000934   7.946253  7.947392  7.947792  7.945931           0.8885
2025-02-17 15:08:00  2824.98  2824.98  2820.59  2822.02   7703.766      -0.001044     -0.001135     -0.001534    -0.001229   7.945208  7.946257  7.946257  7.944701          -2.1470
2025-02-17 15:09:00  2822.04  2822.04  2814.01  2818.02  16663.699      -0.001417     -0.001041     -0.001041    -0.002333   7.943790  7.945215  7.945215  7.942366          -6.3275
2025-02-17 15:10:00  2818.01  2819.58  2815.88  2816.29   6469.625      -0.000614     -0.001428     -0.000872     0.000665   7.943176  7.943786  7.944343  7.943030          -8.0815
2025-02-17 15:11:00  2816.29  2818.27  2815.00  2818.19   5162.048       0.000675     -0.000610     -0.000465    -0.000313   7.943850  7.943176  7.943879  7.942718          -6.2785
2025-02-17 15:12:00  2818.19  2819.83  2815.58  2815.59   3957.673      -0.000923      0.000675      0.000554     0.000206   7.942927  7.943850  7.944432  7.942924          -8.7530
2025-02-17 15:13:00  2815.58  2818.58  2815.55  2817.38   2153.163       0.000636     -0.000926     -0.000443    -0.000011   7.943563  7.942924  7.943988  7.942913          -7.1920
2025-02-17 15:14:00  2817.38  2817.71  2813.67  2815.21   4167.764      -0.000770      0.000639     -0.000309    -0.000668   7.942792  7.943563  7.943680  7.942245          -9.5200
2025-02-17 15:15:00  2815.22  2818.00  2811.96  2815.60   4140.873       0.000139     -0.000767      0.000103    -0.000608   7.942931  7.942796  7.943783  7.941637          -9.1555
2025-02-17 15:16:00  2815.61  2815.90  2812.45  2815.30   3442.332      -0.000107      0.000139     -0.000745     0.000174   7.942824  7.942934  7.943037  7.941811          -9.6105
2025-02-17 15:17:00  2815.30  2822.77  2815.00  2819.14   5546.079       0.001364     -0.000110      0.002440     0.000907   7.944187  7.942824  7.945474  7.942718          -5.9165
2025-02-17 15:18:00  2819.15  2819.19  2813.96  2814.99   2858.161      -0.001472      0.001368     -0.001268    -0.000369   7.942714  7.944191  7.944205  7.942348          -9.8860
2025-02-17 15:19:00  2814.98  2815.59  2813.63  2814.75   1651.564      -0.000085     -0.001479     -0.001277    -0.000117   7.942629  7.942710  7.942927  7.942231          -9.5865
2025-02-17 15:20:00  2814.75  2816.70  2814.34  2814.99   1836.821       0.000085     -0.000082      0.000394     0.000252   7.942714  7.942629  7.943321  7.942483          -7.9750
2025-02-17 15:21:00  2814.98  2818.46  2814.35  2818.28   1722.009       0.001169      0.000082      0.000625     0.000004   7.943882  7.942710  7.943946  7.942487          -3.4025
2025-02-17 15:22:00  2818.29  2820.03  2815.00  2816.39   2570.735      -0.000671      0.001176      0.000557     0.000231   7.943211  7.943886  7.944503  7.942718          -3.8450
2025-02-17 15:23:00  2816.39  2817.75  2815.72  2815.95   1083.535      -0.000156     -0.000674     -0.000809     0.000256   7.943055  7.943211  7.943694  7.942973          -3.0900
2025-02-17 15:24:00  2815.84  2817.60  2815.00  2817.59   1621.747       0.000582     -0.000195     -0.000053    -0.000256   7.943637  7.943016  7.943641  7.942718          -0.8110
2025-02-17 15:25:00  2817.59  2819.86  2816.38  2819.30   1388.210       0.000607      0.000621      0.000802     0.000490   7.944244  7.943637  7.944443  7.943208           1.3935
2025-02-17 15:26:00  2819.31  2821.78  2818.80  2820.93   1955.837       0.000578      0.000610      0.000681     0.000859   7.944822  7.944247  7.945123  7.944067           3.3860
2025-02-17 15:27:00  2820.94  2821.70  2817.90  2818.14   2205.930      -0.000989      0.000578     -0.000028    -0.000319   7.943832  7.944825  7.945095  7.943747           0.9375
2025-02-17 15:28:00  2818.14  2819.62  2813.10  2814.72   3838.154      -0.001214     -0.000993     -0.000737    -0.001703   7.942618  7.943832  7.944357  7.942042          -2.1175
2025-02-17 15:29:00  2814.72  2819.45  2814.56  2818.95   2934.813       0.001503     -0.001214     -0.000060     0.000519   7.944120  7.942618  7.944297  7.942561           2.0660
2025-02-17 15:30:00  2818.94  2820.00  2813.66  2814.01   2369.511      -0.001752      0.001499      0.000195    -0.000320   7.942366  7.944116  7.944492  7.942241          -2.7600
2025-02-17 15:31:00  2814.01  2814.71  2805.70  2807.11  12076.603      -0.002452     -0.001749     -0.001876    -0.002829   7.939911  7.942366  7.942615  7.939408          -9.1060