[2026-02-22 23:58:51 UTC] Entering function: retry_with_backoff in utils.py
/Users/remyroche/.matplotlib is not a writable directory
Matplotlib created a temporary cache directory at /var/folders/dr/hz7y0z9j0x39z7519pbshgqh0000gn/T/matplotlib-1d2b49bs because there was an issue with the default path (/Users/remyroche/.matplotlib); it is highly recommended to set the MPLCONFIGDIR environment variable to a writable directory, in particular to speed up the import of Matplotlib and to better support multiprocessing.
2026-02-23 00:58:55,638 - DataQualityFramework - INFO - ℹ️ ✅ Comprehensive duplicate analyzer integrated
2026-02-23 00:58:55,643 - DataQualityFramework - INFO - ℹ️ 🔧 Unified Data Quality Framework initialized (singleton)
[2026-02-23 00:58:55.647] PERFORMANCE: DataQualityFramework initialization took 0.009s
2026-02-23 00:58:55,649 - System.tprint - INFO - ℹ️ DataQualityFramework initialization took 0.009s
2026-02-23 00:58:56,080 - ares.registry - INFO - ℹ️ Registered step: data_download
2026-02-23 00:58:56,090 - System.AdvancedQualityMetrics - INFO - ℹ️ 📊 AdvancedQualityMetrics initialized with tolerant parameters
[2026-02-23 00:58:56.092] PERFORMANCE: AdvancedQualityMetrics initialization took 0.002s
2026-02-23 00:58:56,093 - System.tprint - INFO - ℹ️ AdvancedQualityMetrics initialization took 0.002s
2026-02-23 00:58:56,103 - DataCleaner - INFO - ℹ️ Using klines-specific gap thresholds: {<GapType.SMALL: 'small'>: 65, <GapType.MEDIUM: 'medium'>: 300, <GapType.LARGE: 'large'>: 1800, <GapType.CRITICAL: 'critical'>: 3600}
[2026-02-23 00:58:56.106] PERFORMANCE: DataCleaner(klines) initialization took 0.002s
2026-02-23 00:58:56,108 - System.tprint - INFO - ℹ️ DataCleaner(klines) initialization took 0.002s
2026-02-23 00:58:56,115 - DataCleaner - INFO - ℹ️ Using klines-specific gap thresholds: {<GapType.SMALL: 'small'>: 65, <GapType.MEDIUM: 'medium'>: 300, <GapType.LARGE: 'large'>: 1800, <GapType.CRITICAL: 'critical'>: 3600}
[2026-02-23 00:58:56.118] PERFORMANCE: DataCleaner(klines) initialization took 0.003s
2026-02-23 00:58:56,119 - System.tprint - INFO - ℹ️ DataCleaner(klines) initialization took 0.003s
2026-02-23 00:58:56,120 - DataCleanerManager - INFO - ℹ️ 🔧 DataCleanerManager initialized (singleton)
[2026-02-23 00:58:56.150] DEBUG: 🔧 [features_common.utils] Initializing common utilities module
[2026-02-23 00:58:56.151] SUCCESS: ✅ [features_common.utils] Math validation utilities loaded
2026-02-23 00:58:56,152 - System.tprint - INFO - ℹ️ ✅ [features_common.utils] Math validation utilities loaded
[2026-02-23 00:58:56.153] DEBUG: 🔧 [features_common.utils] Common utilities module initialized
2026-02-23 00:58:58,410 - src.utils.hardware.m1_gpu_utils.M1GPUManager - INFO - ℹ️ M1 GPU Manager initialized - M1: False, Generation: none, MPS: False
2026-02-23 00:58:58,426 - src.utils.hardware.m1_cpu_optimizer.M1CPUOptimizer - WARNING - ⚠️ Non-M1 system detected - M1-specific optimizations disabled
2026-02-23 00:58:58,430 - src.utils.hardware.m1_cpu_optimizer.M1CPUOptimizer - WARNING - ⚠️ M1-specific CPU optimizations disabled - non-M1 system detected
[2026-02-22 23:58:59 UTC] GC: Collected 0 objects on startup.
[2026-02-22 23:58:59 UTC] ERROR: No feature directories found. Run feature_generation first.
