[2026-02-22 23:59:10 UTC] Entering function: retry_with_backoff in utils.py
/Users/remyroche/.matplotlib is not a writable directory
Matplotlib created a temporary cache directory at /var/folders/dr/hz7y0z9j0x39z7519pbshgqh0000gn/T/matplotlib-_iy6j670 because there was an issue with the default path (/Users/remyroche/.matplotlib); it is highly recommended to set the MPLCONFIGDIR environment variable to a writable directory, in particular to speed up the import of Matplotlib and to better support multiprocessing.
2026-02-23 00:59:15,208 - DataQualityFramework - INFO - ℹ️ ✅ Comprehensive duplicate analyzer integrated
2026-02-23 00:59:15,211 - DataQualityFramework - INFO - ℹ️ 🔧 Unified Data Quality Framework initialized (singleton)
[2026-02-23 00:59:15.214] PERFORMANCE: DataQualityFramework initialization took 0.006s
2026-02-23 00:59:15,216 - System.tprint - INFO - ℹ️ DataQualityFramework initialization took 0.006s
2026-02-23 00:59:15,840 - ares.registry - INFO - ℹ️ Registered step: data_download
2026-02-23 00:59:15,853 - System.AdvancedQualityMetrics - INFO - ℹ️ 📊 AdvancedQualityMetrics initialized with tolerant parameters
[2026-02-23 00:59:15.855] PERFORMANCE: AdvancedQualityMetrics initialization took 0.003s
2026-02-23 00:59:15,856 - System.tprint - INFO - ℹ️ AdvancedQualityMetrics initialization took 0.003s
2026-02-23 00:59:15,864 - DataCleaner - INFO - ℹ️ Using klines-specific gap thresholds: {<GapType.SMALL: 'small'>: 65, <GapType.MEDIUM: 'medium'>: 300, <GapType.LARGE: 'large'>: 1800, <GapType.CRITICAL: 'critical'>: 3600}
[2026-02-23 00:59:15.869] PERFORMANCE: DataCleaner(klines) initialization took 0.005s
2026-02-23 00:59:15,870 - System.tprint - INFO - ℹ️ DataCleaner(klines) initialization took 0.005s
2026-02-23 00:59:15,874 - DataCleaner - INFO - ℹ️ Using klines-specific gap thresholds: {<GapType.SMALL: 'small'>: 65, <GapType.MEDIUM: 'medium'>: 300, <GapType.LARGE: 'large'>: 1800, <GapType.CRITICAL: 'critical'>: 3600}
[2026-02-23 00:59:15.876] PERFORMANCE: DataCleaner(klines) initialization took 0.002s
2026-02-23 00:59:15,877 - System.tprint - INFO - ℹ️ DataCleaner(klines) initialization took 0.002s
2026-02-23 00:59:15,881 - DataCleanerManager - INFO - ℹ️ 🔧 DataCleanerManager initialized (singleton)
[2026-02-23 00:59:15.913] DEBUG: 🔧 [features_common.utils] Initializing common utilities module
[2026-02-23 00:59:15.913] SUCCESS: ✅ [features_common.utils] Math validation utilities loaded
2026-02-23 00:59:15,917 - System.tprint - INFO - ℹ️ ✅ [features_common.utils] Math validation utilities loaded
[2026-02-23 00:59:15.920] DEBUG: 🔧 [features_common.utils] Common utilities module initialized
