2025-09-04 14:54:15,809 - AresTradingSystem - INFO - 🚀 Launcher started: INITIALIZATION
2025-09-04 14:54:15,809 - AresComponent.AresLauncher - INFO - ================================================================================
2025-09-04 14:54:15,809 - AresComponent.AresLauncher - INFO - 🚀 ARES COMPREHENSIVE LAUNCHER
2025-09-04 14:54:15,809 - AresComponent.AresLauncher - INFO - ================================================================================
2025-09-04 14:54:15,809 - AresComponent.AresLauncher - INFO - Start time: 2025-09-04 14:54:15
2025-09-04 14:54:15,809 - AresComponent.AresLauncher - INFO - Log directory: logs
2025-09-04 14:54:15,809 - AresComponent.AresLauncher - INFO - Log level: INFO
2025-09-04 14:54:15,809 - AresComponent.AresLauncher - INFO - Global log file: ares_global_20250904_145415.log
2025-09-04 14:54:15,809 - AresComponent.AresLauncher - INFO - ================================================================================
2025-09-04 14:54:15,809 - AresTradingSystem - INFO - 🚀 Launcher started: model-training
2025-09-04 14:54:15,810 - AresTradingSystem - INFO - 📊 Symbol: ETHUSDT, Exchange: BINANCE
2025-09-04 14:54:15,810 - AresComponent.AresLauncher - INFO - 📊 Running model training pipeline for ETHUSDT on BINANCE
2025-09-04 14:54:16,036 - AresComponent.AresLauncher - INFO - Logger configuration loaded successfully
2025-09-04 14:54:16,036 - AresComponent.AresLauncher - INFO - Configuration validation successful
2025-09-04 14:54:16,036 - AresComponent.AresLauncher - INFO - Logger setup completed successfully
2025-09-04 14:54:16,036 - AresComponent.AresLauncher - INFO - 2025-09-04 14:54:16,036 INFO AresTradingSystem ✅ Enhanced Logger initialization completed successfully - -
2025-09-04 14:54:16,057 - AresComponent.AresLauncher - INFO - Traceback (most recent call last):
2025-09-04 14:54:16,059 - AresComponent.AresLauncher - INFO - File "/workspace/src/training/steps/model_training/step09_model_training_main.py", line 24, in <module>
2025-09-04 14:54:16,059 - AresComponent.AresLauncher - INFO - from src.core.decorators import handles_errors, validates, log_call, traced
2025-09-04 14:54:16,059 - AresComponent.AresLauncher - INFO - File "/workspace/src/core/__init__.py", line 3, in <module>
2025-09-04 14:54:16,059 - AresComponent.AresLauncher - INFO - from .dependency_injection import (
2025-09-04 14:54:16,059 - AresComponent.AresLauncher - INFO - ...<4 lines>...
2025-09-04 14:54:16,059 - AresComponent.AresLauncher - INFO - )
2025-09-04 14:54:16,059 - AresComponent.AresLauncher - INFO - File "/workspace/src/core/dependency_injection.py", line 8, in <module>
2025-09-04 14:54:16,059 - AresComponent.AresLauncher - INFO - from src.interfaces import (
2025-09-04 14:54:16,059 - AresComponent.AresLauncher - INFO - ...<4 lines>...
2025-09-04 14:54:16,059 - AresComponent.AresLauncher - INFO - )
2025-09-04 14:54:16,059 - AresComponent.AresLauncher - INFO - File "/workspace/src/interfaces/__init__.py", line 14, in <module>
2025-09-04 14:54:16,059 - AresComponent.AresLauncher - INFO - from .event_bus import Event, EventBus, EventType
2025-09-04 14:54:16,059 - AresComponent.AresLauncher - INFO - File "/workspace/src/interfaces/event_bus.py", line 51, in <module>
2025-09-04 14:54:16,059 - AresComponent.AresLauncher - INFO - class EventBus:
2025-09-04 14:54:16,059 - AresComponent.AresLauncher - INFO - ...<241 lines>...
2025-09-04 14:54:16,059 - AresComponent.AresLauncher - INFO - return dict(self.subscribers)
2025-09-04 14:54:16,059 - AresComponent.AresLauncher - INFO - File "/workspace/src/interfaces/event_bus.py", line 72, in EventBus
2025-09-04 14:54:16,059 - AresComponent.AresLauncher - INFO - @handles_errors(
2025-09-04 14:54:16,059 - AresComponent.AresLauncher - INFO - ~~~~~~~~~~~~~~^
2025-09-04 14:54:16,059 - AresComponent.AresLauncher - INFO - error_handlers={
2025-09-04 14:54:16,060 - AresComponent.AresLauncher - INFO - ^^^^^^^^^^^^^^^^
2025-09-04 14:54:16,060 - AresComponent.AresLauncher - INFO - ...<5 lines>...
2025-09-04 14:54:16,060 - AresComponent.AresLauncher - INFO - context="event bus initialization",
2025-09-04 14:54:16,060 - AresComponent.AresLauncher - INFO - ^^^^^^^^^^^^^^^^^^^^^^^^^^^^^^^^^^^
2025-09-04 14:54:16,060 - AresComponent.AresLauncher - INFO - )
2025-09-04 14:54:16,060 - AresComponent.AresLauncher - INFO - ^
2025-09-04 14:54:16,060 - AresComponent.AresLauncher - INFO - TypeError: handles_errors() got an unexpected keyword argument 'error_handlers'
2025-09-04 14:54:16,103 - AresComponent.AresLauncher - ERROR - ❌ Model training pipeline failed with return code: 1
2025-09-04 14:54:16,104 - AresTradingSystem - INFO - 🏁 Launcher ended: FAILED (exit code: 1)
2025-09-04 14:54:16,104 - AresComponent.AresLauncher - INFO - 🧹 Cleaning up processes...
2025-09-04 14:54:16,104 - AresComponent.AresLauncher - INFO - ✅ Cleanup completed
