2025-09-04 14:54:32,695 - AresTradingSystem - INFO - 🚀 Launcher started: INITIALIZATION
2025-09-04 14:54:32,695 - AresComponent.AresLauncher - INFO - ================================================================================
2025-09-04 14:54:32,695 - AresComponent.AresLauncher - INFO - 🚀 ARES COMPREHENSIVE LAUNCHER
2025-09-04 14:54:32,695 - AresComponent.AresLauncher - INFO - ================================================================================
2025-09-04 14:54:32,695 - AresComponent.AresLauncher - INFO - Start time: 2025-09-04 14:54:32
2025-09-04 14:54:32,695 - AresComponent.AresLauncher - INFO - Log directory: logs
2025-09-04 14:54:32,695 - AresComponent.AresLauncher - INFO - Log level: INFO
2025-09-04 14:54:32,695 - AresComponent.AresLauncher - INFO - Global log file: ares_global_20250904_145432.log
2025-09-04 14:54:32,695 - AresComponent.AresLauncher - INFO - ================================================================================
2025-09-04 14:54:32,695 - AresTradingSystem - INFO - 🚀 Launcher started: model-training
2025-09-04 14:54:32,695 - AresTradingSystem - INFO - 📊 Symbol: ETHUSDT, Exchange: BINANCE
2025-09-04 14:54:32,695 - AresComponent.AresLauncher - INFO - 📊 Running model training pipeline for ETHUSDT on BINANCE
2025-09-04 14:54:32,920 - AresComponent.AresLauncher - INFO - Logger configuration loaded successfully
2025-09-04 14:54:32,920 - AresComponent.AresLauncher - INFO - Configuration validation successful
2025-09-04 14:54:32,920 - AresComponent.AresLauncher - INFO - Logger setup completed successfully
2025-09-04 14:54:32,920 - AresComponent.AresLauncher - INFO - 2025-09-04 14:54:32,919 INFO AresTradingSystem ✅ Enhanced Logger initialization completed successfully - -
2025-09-04 14:54:32,939 - AresComponent.AresLauncher - INFO - Traceback (most recent call last):
2025-09-04 14:54:32,939 - AresComponent.AresLauncher - INFO - File "/workspace/src/training/steps/model_training/step09_model_training_main.py", line 33, in <module>
2025-09-04 14:54:32,939 - AresComponent.AresLauncher - INFO - from src.training.steps.model_training import run_model_training_pipeline
2025-09-04 14:54:32,939 - AresComponent.AresLauncher - INFO - File "/workspace/src/training/steps/model_training/__init__.py", line 13, in <module>
2025-09-04 14:54:32,939 - AresComponent.AresLauncher - INFO - from .step09_hmm_based_training import HMMBasedTrainingStep
2025-09-04 14:54:32,939 - AresComponent.AresLauncher - INFO - File "/workspace/src/training/steps/model_training/step09_hmm_based_training.py", line 18, in <module>
2025-09-04 14:54:32,939 - AresComponent.AresLauncher - INFO - import lightgbm as lgb
2025-09-04 14:54:32,939 - AresComponent.AresLauncher - INFO - ModuleNotFoundError: No module named 'lightgbm'
2025-09-04 14:54:32,985 - AresComponent.AresLauncher - ERROR - ❌ Model training pipeline failed with return code: 1
2025-09-04 14:54:32,985 - AresTradingSystem - INFO - 🏁 Launcher ended: FAILED (exit code: 1)
2025-09-04 14:54:32,985 - AresComponent.AresLauncher - INFO - 🧹 Cleaning up processes...
2025-09-04 14:54:32,985 - AresComponent.AresLauncher - INFO - ✅ Cleanup completed
