2025-09-04 23:32:01,047 - AresTradingSystem - INFO - 🚀 Launcher started: INITIALIZATION
2025-09-04 23:32:01,047 - AresComponent.AresLauncher - INFO - ================================================================================
2025-09-04 23:32:01,047 - AresComponent.AresLauncher - INFO - 🚀 ARES COMPREHENSIVE LAUNCHER
2025-09-04 23:32:01,048 - AresComponent.AresLauncher - INFO - ================================================================================
2025-09-04 23:32:01,048 - AresComponent.AresLauncher - INFO - Start time: 2025-09-04 23:32:01
2025-09-04 23:32:01,048 - AresComponent.AresLauncher - INFO - Log directory: logs
2025-09-04 23:32:01,048 - AresComponent.AresLauncher - INFO - Log level: INFO
2025-09-04 23:32:01,048 - AresComponent.AresLauncher - INFO - Global log file: ares_global_20250904_233201.log
2025-09-04 23:32:01,048 - AresComponent.AresLauncher - INFO - ================================================================================
2025-09-04 23:32:01,048 - AresTradingSystem - INFO - 🚀 Launcher started: step02_5
2025-09-04 23:32:01,048 - AresTradingSystem - INFO - 📊 Symbol: ETHUSDT, Exchange: BINANCE
2025-09-04 23:32:01,048 - AresComponent.AresLauncher - INFO - 🚀 Running step-based training with validation for ETHUSDT on BINANCE
2025-09-04 23:32:01,048 - AresComponent.AresLauncher - INFO - 📊 Starting from: step2_5_sr_optimization
2025-09-04 23:32:01,048 - AresComponent.AresLauncher - INFO - 🎯 Training mode: blank
2025-09-04 23:32:01,048 - AresComponent.AresLauncher - INFO - 🔍 Validating previous steps before starting from step2_5_sr_optimization
2025-09-04 23:32:01,050 - AresComponent.AresLauncher - WARNING - ⚠️ Unknown step step2_5_sr_optimization, skipping validation
2025-09-04 23:32:01,050 - AresComponent.AresLauncher - INFO - ✅ No previous steps to validate for step2_5_sr_optimization
2025-09-04 23:32:01,050 - AresComponent.AresLauncher - INFO - Starting from step: step2_5_sr_optimization
2025-09-04 23:32:01,060 - AresComponent.AresLauncher - INFO - 🧪 BLANK TRAINING MODE: Set BLANK_TRAINING_MODE=1 for step-based training (180 days)
2025-09-04 23:32:01,061 - AresTradingSystem.System.ProgressManager - INFO - Initialized ProgressManager for ETHUSDT on BINANCE
2025-09-04 23:32:01,061 - AresTradingSystem.System.ProgressManager - INFO - Progress directory: data/training/progress/BINANCE_ETHUSDT
2025-09-04 23:32:01,061 - AresTradingSystem.System.StepOrchestrator - INFO - Initialized StepOrchestrator for ETHUSDT on BINANCE
2025-09-04 23:32:01,061 - AresComponent.AresLauncher - INFO - 🔍 Step validation will be performed by EnhancedTrainingManager
2025-09-04 23:32:01,061 - AresTradingSystem.System.StepOrchestrator - INFO - 🚀 Starting execution from step: step2_5_sr_optimization
2025-09-04 23:32:01,064 - AresTradingSystem.System.ProgressManager - INFO - Initialized ProgressManager for BTCUSDT on binance
2025-09-04 23:32:01,064 - AresTradingSystem.System.ProgressManager - INFO - Progress directory: data/progress/binance_BTCUSDT
2025-09-04 23:32:01,064 - AresTradingSystem.System.SimplifiedTrainingManager - INFO - Initialized SimplifiedTrainingManager for BTCUSDT on binance
2025-09-04 23:32:01,064 - AresTradingSystem.System.TrainingManager - INFO - 🔧 Initializing Training Manager...
2025-09-04 23:32:01,064 - AresTradingSystem.System.SimplifiedTrainingManager - INFO - 🔧 Initializing training manager...
2025-09-04 23:32:01,064 - AresTradingSystem.System.SimplifiedTrainingManager - INFO - ✅ Step sequence validated: 23 steps, 23 enabled
2025-09-04 23:32:01,065 - AresTradingSystem.System.SimplifiedTrainingManager - INFO - ✅ Training manager initialized successfully
2025-09-04 23:32:01,065 - AresTradingSystem.System.TrainingManager - INFO - ✅ Training Manager initialized successfully
2025-09-04 23:32:01,065 - AresTradingSystem.System.StepOrchestrator - INFO - ✅ Enhanced training manager setup successfully
2025-09-04 23:32:01,065 - AresTradingSystem.System.TrainingManager - INFO - 🚀 Starting training for ETHUSDT on BINANCE
2025-09-04 23:32:01,065 - AresTradingSystem.System.SimplifiedTrainingManager - INFO - 🚀 Starting pipeline execution...
2025-09-04 23:32:01,065 - AresTradingSystem.System.SimplifiedTrainingManager - ERROR - ❌ Missing dependency step02_data_reading for step2_5_sr_optimization
2025-09-04 23:32:01,065 - AresTradingSystem.System.SimplifiedTrainingManager - ERROR - ❌ Dependencies not met for: step2_5_sr_optimization
2025-09-04 23:32:01,066 - AresTradingSystem.System.TrainingManager - ERROR - ❌ Training failed: Dependencies not met for required step: step2_5_sr_optimization
2025-09-04 23:32:01,066 - AresTradingSystem.System.StepOrchestrator - INFO - 💥 ❌ Enhanced 16-step training pipeline failed
2025-09-04 23:32:01,066 - AresComponent.AresLauncher - ERROR - ❌ Step-based training pipeline failed
2025-09-04 23:32:01,066 - AresTradingSystem - INFO - 🏁 Launcher ended: FAILED (exit code: 1)
2025-09-04 23:32:01,066 - AresComponent.AresLauncher - INFO - 🧹 Cleaning up processes...
2025-09-04 23:32:01,066 - AresComponent.AresLauncher - INFO - ✅ Cleanup completed
