2025-09-04 14:56:30,057 - AresTradingSystem - INFO - 🚀 Launcher started: INITIALIZATION
2025-09-04 14:56:30,057 - AresComponent.AresLauncher - INFO - ================================================================================
2025-09-04 14:56:30,057 - AresComponent.AresLauncher - INFO - 🚀 ARES COMPREHENSIVE LAUNCHER
2025-09-04 14:56:30,057 - AresComponent.AresLauncher - INFO - ================================================================================
2025-09-04 14:56:30,057 - AresComponent.AresLauncher - INFO - Start time: 2025-09-04 14:56:30
2025-09-04 14:56:30,057 - AresComponent.AresLauncher - INFO - Log directory: logs
2025-09-04 14:56:30,057 - AresComponent.AresLauncher - INFO - Log level: INFO
2025-09-04 14:56:30,057 - AresComponent.AresLauncher - INFO - Global log file: ares_global_20250904_145630.log
2025-09-04 14:56:30,057 - AresComponent.AresLauncher - INFO - ================================================================================
2025-09-04 14:56:30,057 - AresTradingSystem - INFO - 🚀 Launcher started: model-training
2025-09-04 14:56:30,057 - AresTradingSystem - INFO - 📊 Symbol: ETHUSDT, Exchange: BINANCE
2025-09-04 14:56:30,057 - AresComponent.AresLauncher - INFO - 📊 Running model training pipeline for ETHUSDT on BINANCE
2025-09-04 14:56:30,355 - AresComponent.AresLauncher - INFO - Logger configuration loaded successfully
2025-09-04 14:56:30,355 - AresComponent.AresLauncher - INFO - Configuration validation successful
2025-09-04 14:56:30,355 - AresComponent.AresLauncher - INFO - Logger setup completed successfully
2025-09-04 14:56:30,355 - AresComponent.AresLauncher - INFO - 2025-09-04 14:56:30,355 INFO AresTradingSystem ✅ Enhanced Logger initialization completed successfully - -
2025-09-04 14:56:32,149 - AresComponent.AresLauncher - INFO - Traceback (most recent call last):
2025-09-04 14:56:32,149 - AresComponent.AresLauncher - INFO - File "/workspace/src/training/steps/model_training/step09_model_training_main.py", line 33, in <module>
2025-09-04 14:56:32,149 - AresComponent.AresLauncher - INFO - from src.training.steps.model_training import run_model_training_pipeline
2025-09-04 14:56:32,149 - AresComponent.AresLauncher - INFO - File "/workspace/src/training/steps/model_training/__init__.py", line 13, in <module>
2025-09-04 14:56:32,149 - AresComponent.AresLauncher - INFO - from .step09_hmm_based_training import HMMBasedTrainingStep
2025-09-04 14:56:32,149 - AresComponent.AresLauncher - INFO - File "/workspace/src/training/steps/model_training/step09_hmm_based_training.py", line 50, in <module>
2025-09-04 14:56:32,149 - AresComponent.AresLauncher - INFO - from src.training.steps.step04_analyst_labeling_feature_engineering_components.profit_based_feature_engineering import (
2025-09-04 14:56:32,149 - AresComponent.AresLauncher - INFO - ProfitBasedFeatureEngineering
2025-09-04 14:56:32,149 - AresComponent.AresLauncher - INFO - )
2025-09-04 14:56:32,149 - AresComponent.AresLauncher - INFO - ModuleNotFoundError: No module named 'src.training.steps.step04_analyst_labeling_feature_engineering_components'
2025-09-04 14:56:32,503 - AresComponent.AresLauncher - ERROR - ❌ Model training pipeline failed with return code: 1
2025-09-04 14:56:32,503 - AresTradingSystem - INFO - 🏁 Launcher ended: FAILED (exit code: 1)
2025-09-04 14:56:32,503 - AresComponent.AresLauncher - INFO - 🧹 Cleaning up processes...
2025-09-04 14:56:32,503 - AresComponent.AresLauncher - INFO - ✅ Cleanup completed
