2025-09-05 00:22:31,211 - AresTradingSystem - INFO - 🚀 Launcher started: INITIALIZATION
2025-09-05 00:22:31,211 - AresComponent.AresLauncher - INFO - ================================================================================
2025-09-05 00:22:31,211 - AresComponent.AresLauncher - INFO - 🚀 ARES COMPREHENSIVE LAUNCHER
2025-09-05 00:22:31,211 - AresComponent.AresLauncher - INFO - ================================================================================
2025-09-05 00:22:31,211 - AresComponent.AresLauncher - INFO - Start time: 2025-09-05 00:22:31
2025-09-05 00:22:31,211 - AresComponent.AresLauncher - INFO - Log directory: logs
2025-09-05 00:22:31,211 - AresComponent.AresLauncher - INFO - Log level: INFO
2025-09-05 00:22:31,211 - AresComponent.AresLauncher - INFO - Global log file: ares_global_20250905_002231.log
2025-09-05 00:22:31,211 - AresComponent.AresLauncher - INFO - ================================================================================
2025-09-05 00:22:31,211 - AresTradingSystem - INFO - 🚀 Launcher started: step02
2025-09-05 00:22:31,211 - AresTradingSystem - INFO - 📊 Symbol: ETHUSDT, Exchange: BINANCE
2025-09-05 00:22:31,212 - AresComponent.AresLauncher - INFO - 🚀 Running step02 with existing data for ETHUSDT on BINANCE
2025-09-05 00:22:31,212 - AresComponent.AresLauncher - INFO - 📊 Using existing data from step01 and step1_5 - no new downloads
2025-09-05 00:22:31,229 - AresComponent.AresLauncher - INFO - 🔍 Validating step1_data_collection using existing validator
2025-09-05 00:22:31,229 - AresTradingSystem.System.ValidatorOrchestrator - INFO - 🔍 Running CRITICAL validator for step1_data_collection
2025-09-05 00:22:31,234 - AresTradingSystem.System.ValidatorOrchestrator - ERROR - ❌ Exception while running validator for step1_data_collection: object.__init__() takes exactly one argument (the instance to initialize)
Traceback (most recent call last):
  File "/Users/remyroche/Documents/Ares/src/utils/validator_orchestrator.py", line 59, in run_step_validator
    raw_result = await self._run_validator(step_name, training_input, pipeline_state, config, validation_level)
                 ^^^^^^^^^^^^^^^^^^^^^^^^^^^^^^^^^^^^^^^^^^^^^^^^^^^^^^^^^^^^^^^^^^^^^^^^^^^^^^^^^^^^^^^^^^^^^^
  File "/Users/remyroche/Documents/Ares/src/utils/validator_orchestrator.py", line 268, in _run_validator
    result = await run_validator_func(training_input, pipeline_state)
             ^^^^^^^^^^^^^^^^^^^^^^^^^^^^^^^^^^^^^^^^^^^^^^^^^^^^^^^^
  File "/Users/remyroche/Documents/Ares/src/training/steps/data_collection/step01_data_collection_validator.py", line 405, in run_validator
    validator = Step1DataCollectionValidator(training_input)
                ^^^^^^^^^^^^^^^^^^^^^^^^^^^^^^^^^^^^^^^^^^^^
  File "/Users/remyroche/Documents/Ares/src/training/steps/data_collection/step01_data_collection_validator.py", line 24, in __init__
    super().__init__("step01_data_collection", config)
TypeError: object.__init__() takes exactly one argument (the instance to initialize)
2025-09-05 00:22:31,236 - AresComponent.AresLauncher - WARNING - ⚠️ Could not run existing validators: name 'metrics' is not defined
2025-09-05 00:22:31,236 - AresComponent.AresLauncher - WARNING - Proceeding with basic file existence check
2025-09-05 00:22:31,268 - AresComponent.AresLauncher - INFO - ✅ Found unified data: data/training/unified/binance/ETHUSDT/1m/exchange=BINANCE (742 parquet files)
2025-09-05 00:22:31,269 - AresComponent.AresLauncher - INFO - Starting from step: step02_data_reading
2025-09-05 00:22:31,280 - AresComponent.AresLauncher - INFO - 🧪 BLANK TRAINING MODE: Set BLANK_TRAINING_MODE=1 for step-based training (180 days)
2025-09-05 00:22:31,280 - AresTradingSystem.System.ProgressManager - INFO - Initialized ProgressManager for ETHUSDT on BINANCE
2025-09-05 00:22:31,280 - AresTradingSystem.System.ProgressManager - INFO - Progress directory: data/training/progress/BINANCE_ETHUSDT
2025-09-05 00:22:31,281 - AresTradingSystem.System.StepOrchestrator - INFO - Initialized StepOrchestrator for ETHUSDT on BINANCE
2025-09-05 00:22:31,281 - AresComponent.AresLauncher - INFO - 🔍 Step validation will be performed by EnhancedTrainingManager
2025-09-05 00:22:31,281 - AresTradingSystem.System.StepOrchestrator - INFO - 🚀 Starting execution from step: step02_data_reading
2025-09-05 00:22:31,284 - AresTradingSystem.System.ProgressManager - INFO - Initialized ProgressManager for BTCUSDT on binance
2025-09-05 00:22:31,284 - AresTradingSystem.System.ProgressManager - INFO - Progress directory: data/progress/binance_BTCUSDT
2025-09-05 00:22:31,285 - AresTradingSystem.System.SimplifiedTrainingManager - INFO - Initialized SimplifiedTrainingManager for BTCUSDT on binance
2025-09-05 00:22:31,285 - AresTradingSystem.System.TrainingManager - INFO - 🔧 Initializing Training Manager...
2025-09-05 00:22:31,285 - AresTradingSystem.System.SimplifiedTrainingManager - INFO - 🔧 Initializing training manager...
2025-09-05 00:22:31,285 - AresTradingSystem.System.SimplifiedTrainingManager - INFO - ✅ Step sequence validated: 23 steps, 23 enabled
2025-09-05 00:22:31,285 - AresTradingSystem.System.ProgressManager - INFO - 📋 Latest completed step: step02_data_reading
2025-09-05 00:22:31,285 - AresTradingSystem.System.SimplifiedTrainingManager - INFO - 📂 Found previous execution, latest step: step02_data_reading
2025-09-05 00:22:31,285 - AresTradingSystem.System.SimplifiedTrainingManager - INFO - ✅ Training manager initialized successfully
2025-09-05 00:22:31,286 - AresTradingSystem.System.TrainingManager - INFO - ✅ Training Manager initialized successfully
2025-09-05 00:22:31,286 - AresTradingSystem.System.StepOrchestrator - INFO - ✅ Enhanced training manager setup successfully
2025-09-05 00:22:31,286 - AresTradingSystem.System.TrainingManager - INFO - 🚀 Starting training for ETHUSDT on BINANCE
2025-09-05 00:22:31,286 - AresTradingSystem.System.SimplifiedTrainingManager - INFO - 🚀 Starting pipeline execution...
2025-09-05 00:22:31,286 - AresTradingSystem.System.SimplifiedTrainingManager - INFO - ✓ Step already completed: step02_data_reading
2025-09-05 00:22:31,286 - AresTradingSystem.System.SimplifiedTrainingManager - INFO - ✓ Step already completed: step2_5_sr_optimization
2025-09-05 00:22:31,286 - AresTradingSystem.System.SimplifiedTrainingManager - INFO - 🔄 Executing step: step03_hmm_regime_discovery
2025-09-05 00:22:31,287 - AresTradingSystem.System.SimplifiedTrainingManager - ERROR - Failed to load step step03_hmm_regime_discovery: unexpected indent (__init__.py, line 25)
2025-09-05 00:22:31,287 - AresTradingSystem.System.TrainingManager - ERROR - ❌ Training failed: Required step failed: step03_hmm_regime_discovery
2025-09-05 00:22:31,287 - AresTradingSystem.System.StepOrchestrator - INFO - 💥 ❌ Enhanced 16-step training pipeline failed
2025-09-05 00:22:31,287 - AresComponent.AresLauncher - ERROR - ❌ Step-based training pipeline failed
2025-09-05 00:22:31,287 - AresTradingSystem - INFO - 🏁 Launcher ended: FAILED (exit code: 1)
2025-09-05 00:22:31,287 - AresComponent.AresLauncher - INFO - 🧹 Cleaning up processes...
2025-09-05 00:22:31,288 - AresComponent.AresLauncher - INFO - ✅ Cleanup completed
