2025-09-04 20:45:24,196 - AresTradingSystem - INFO - 🚀 Launcher started: INITIALIZATION
2025-09-04 20:45:24,196 - AresComponent.AresLauncher - INFO - ================================================================================
2025-09-04 20:45:24,197 - AresComponent.AresLauncher - INFO - 🚀 ARES COMPREHENSIVE LAUNCHER
2025-09-04 20:45:24,197 - AresComponent.AresLauncher - INFO - ================================================================================
2025-09-04 20:45:24,197 - AresComponent.AresLauncher - INFO - Start time: 2025-09-04 20:45:24
2025-09-04 20:45:24,197 - AresComponent.AresLauncher - INFO - Log directory: logs
2025-09-04 20:45:24,197 - AresComponent.AresLauncher - INFO - Log level: INFO
2025-09-04 20:45:24,197 - AresComponent.AresLauncher - INFO - Global log file: ares_global_20250904_204524.log
2025-09-04 20:45:24,197 - AresComponent.AresLauncher - INFO - ================================================================================
2025-09-04 20:45:24,197 - AresTradingSystem - INFO - 🚀 Launcher started: step02_5
2025-09-04 20:45:24,197 - AresTradingSystem - INFO - 📊 Symbol: ETHUSDT, Exchange: BINANCE
2025-09-04 20:45:24,197 - AresComponent.AresLauncher - INFO - 🚀 Running step-based training with validation for ETHUSDT on BINANCE
2025-09-04 20:45:24,197 - AresComponent.AresLauncher - INFO - 📊 Starting from: step2_5_sr_optimization
2025-09-04 20:45:24,197 - AresComponent.AresLauncher - INFO - 🎯 Training mode: blank
2025-09-04 20:45:24,197 - AresComponent.AresLauncher - INFO - 🔍 Validating previous steps before starting from step2_5_sr_optimization
2025-09-04 20:45:24,210 - AresComponent.AresLauncher - INFO - 🔍 Validating 3 previous steps: ['step1_data_collection', 'step1_5_data_converter', 'step2_data_reading']
2025-09-04 20:45:24,210 - AresComponent.AresLauncher - INFO - 🔍 Validating step1_data_collection...
2025-09-04 20:45:24,210 - AresComponent.ValidatorOrchestrator - INFO - 🔍 Running CRITICAL validator for step1_data_collection
2025-09-04 20:45:24,211 - AresComponent.ValidatorOrchestrator - WARNING - [93m[1m⚠️[0m [93m[1m⚠️ Validator module not found for step1_data_collection: No module named 'src.training.steps.step01_data_collection_validator'[0m
2025-09-04 20:45:24,211 - AresComponent.ValidatorOrchestrator - INFO - ✅ Validator for step1_data_collection completed in 0.001s: passed=True
2025-09-04 20:45:24,211 - AresComponent.AresLauncher - INFO - ✅ step1_data_collection validation passed
2025-09-04 20:45:24,211 - AresComponent.AresLauncher - INFO - 🔍 Validating step1_5_data_converter...
2025-09-04 20:45:24,211 - AresComponent.ValidatorOrchestrator - INFO - 🔍 Running CRITICAL validator for step1_5_data_converter
2025-09-04 20:45:24,211 - AresComponent.ValidatorOrchestrator - WARNING - [93m[1m⚠️[0m [93m[1m⚠️ Validator module not found for step1_5_data_converter: No module named 'src.training.steps.step01_5_data_converter_validator'[0m
2025-09-04 20:45:24,211 - AresComponent.ValidatorOrchestrator - INFO - ✅ Validator for step1_5_data_converter completed in 0.000s: passed=True
2025-09-04 20:45:24,211 - AresComponent.AresLauncher - INFO - ✅ step1_5_data_converter validation passed
2025-09-04 20:45:24,211 - AresComponent.AresLauncher - INFO - 🔍 Validating step2_data_reading...
2025-09-04 20:45:24,211 - AresComponent.ValidatorOrchestrator - INFO - 🔍 Running CRITICAL validator for step2_data_reading
2025-09-04 20:45:24,211 - AresComponent.ValidatorOrchestrator - WARNING - [93m[1m⚠️[0m [93m[1m⚠️ Validator module not found for step2_data_reading: No module named 'src.training.steps.step02_data_reading_validator'[0m
2025-09-04 20:45:24,211 - AresComponent.ValidatorOrchestrator - INFO - ✅ Validator for step2_data_reading completed in 0.000s: passed=True
2025-09-04 20:45:24,211 - AresComponent.AresLauncher - INFO - ✅ step2_data_reading validation passed
2025-09-04 20:45:24,211 - AresComponent.AresLauncher - INFO - Starting from step: step2_5_sr_optimization
2025-09-04 20:45:24,220 - AresComponent.AresLauncher - INFO - 🧪 BLANK TRAINING MODE: Set BLANK_TRAINING_MODE=1 for step-based training (180 days)
2025-09-04 20:45:24,220 - AresComponent.ProgressManager - INFO - Initialized ProgressManager for ETHUSDT on BINANCE
2025-09-04 20:45:24,220 - AresComponent.ProgressManager - INFO - Progress directory: data/training/progress/BINANCE_ETHUSDT
2025-09-04 20:45:24,220 - AresComponent.StepOrchestrator - INFO - Initialized StepOrchestrator for ETHUSDT on BINANCE
2025-09-04 20:45:24,220 - AresComponent.AresLauncher - INFO - 🔍 Step validation will be performed by EnhancedTrainingManager
2025-09-04 20:45:24,220 - AresComponent.StepOrchestrator - INFO - 🚀 Starting execution from step: step2_5_sr_optimization
2025-09-04 20:45:24,221 - AresComponent.ProgressManager - INFO - Initialized ProgressManager for BTCUSDT on binance
2025-09-04 20:45:24,222 - AresComponent.ProgressManager - INFO - Progress directory: data/progress/binance_BTCUSDT
2025-09-04 20:45:24,222 - AresComponent.SimplifiedTrainingManager - INFO - Initialized SimplifiedTrainingManager for BTCUSDT on binance
2025-09-04 20:45:24,222 - AresComponent.TrainingManager - INFO - 🔧 Initializing Training Manager...
2025-09-04 20:45:24,222 - AresComponent.SimplifiedTrainingManager - INFO - 🔧 Initializing training manager...
2025-09-04 20:45:24,222 - AresComponent.SimplifiedTrainingManager - INFO - ✅ Step sequence validated: 22 steps, 22 enabled
2025-09-04 20:45:24,222 - AresComponent.SimplifiedTrainingManager - INFO - ✅ Training manager initialized successfully
2025-09-04 20:45:24,222 - AresComponent.TrainingManager - INFO - ✅ Training Manager initialized successfully
2025-09-04 20:45:24,222 - AresComponent.StepOrchestrator - INFO - ✅ Enhanced training manager setup successfully
2025-09-04 20:45:24,222 - AresComponent.TrainingManager - INFO - 🚀 Starting training for ETHUSDT on BINANCE
2025-09-04 20:45:24,222 - AresComponent.SimplifiedTrainingManager - INFO - 🚀 Starting pipeline execution...
2025-09-04 20:45:24,222 - AresComponent.SimplifiedTrainingManager - ERROR - ❌ Invalid start step: step2_5_sr_optimization
2025-09-04 20:45:24,222 - AresComponent.TrainingManager - ERROR - ❌ Training failed: Invalid start step: step2_5_sr_optimization
2025-09-04 20:45:24,222 - AresComponent.StepOrchestrator - INFO - [91m[1m🚫[0m [91m[1m❌ Enhanced 16-step training pipeline failed[0m
2025-09-04 20:45:24,222 - AresComponent.AresLauncher - ERROR - ❌ Step-based training pipeline failed
2025-09-04 20:45:24,222 - AresTradingSystem - INFO - 🏁 Launcher ended: FAILED (exit code: 1)
2025-09-04 20:45:24,223 - AresComponent.AresLauncher - INFO - 🧹 Cleaning up processes...
2025-09-04 20:45:24,223 - AresComponent.AresLauncher - INFO - ✅ Cleanup completed
