2025-09-04 14:54:31,224 - AresTradingSystem - INFO - 🚀 Launcher started: INITIALIZATION
2025-09-04 14:54:31,224 - AresComponent.AresLauncher - INFO - ================================================================================
2025-09-04 14:54:31,224 - AresComponent.AresLauncher - INFO - 🚀 ARES COMPREHENSIVE LAUNCHER
2025-09-04 14:54:31,224 - AresComponent.AresLauncher - INFO - ================================================================================
2025-09-04 14:54:31,224 - AresComponent.AresLauncher - INFO - Start time: 2025-09-04 14:54:31
2025-09-04 14:54:31,224 - AresComponent.AresLauncher - INFO - Log directory: logs
2025-09-04 14:54:31,224 - AresComponent.AresLauncher - INFO - Log level: INFO
2025-09-04 14:54:31,224 - AresComponent.AresLauncher - INFO - Global log file: ares_global_20250904_145431.log
2025-09-04 14:54:31,224 - AresComponent.AresLauncher - INFO - ================================================================================
2025-09-04 14:54:31,224 - AresTradingSystem - INFO - 🚀 Launcher started: data-collection
2025-09-04 14:54:31,224 - AresTradingSystem - INFO - 📊 Symbol: ETHUSDT, Exchange: BINANCE
2025-09-04 14:54:31,224 - AresComponent.AresLauncher - INFO - 📊 Running enhanced data collection pipeline for ETHUSDT on BINANCE
2025-09-04 14:54:31,224 - AresComponent.AresLauncher - INFO - 🔍 Validating data collection prerequisites...
2025-09-04 14:54:31,224 - AresComponent.AresLauncher - INFO - ✅ Directory exists: data_cache
2025-09-04 14:54:31,224 - AresComponent.AresLauncher - INFO - ✅ Directory exists: log
2025-09-04 14:54:31,224 - AresComponent.AresLauncher - INFO - ✅ Data collection script found: standalone_data_collection.py
2025-09-04 14:54:31,224 - AresComponent.AresLauncher - INFO - ✅ Required Python packages available
2025-09-04 14:54:31,224 - AresComponent.AresLauncher - INFO - ✅ Data collection prerequisites validation completed
2025-09-04 14:54:31,498 - AresComponent.AresLauncher - INFO - 🚀 ENHANCED DATA COLLECTION PIPELINE LAUNCHER
2025-09-04 14:54:31,498 - AresComponent.AresLauncher - INFO - ℹ️ Step 1: Enhanced Data Collection Pipeline
2025-09-04 14:54:31,499 - AresComponent.AresLauncher - INFO - ================================================================================
2025-09-04 14:54:31,499 - AresComponent.AresLauncher - INFO - ℹ️ Pipeline Configuration:
2025-09-04 14:54:31,499 - AresComponent.AresLauncher - INFO - ℹ️   Symbol: ETHUSDT
2025-09-04 14:54:31,499 - AresComponent.AresLauncher - INFO - ℹ️   Exchange: BINANCE
2025-09-04 14:54:31,499 - AresComponent.AresLauncher - INFO - ℹ️   Timeframes: ['1m', '5m', '15m', '30m', '1h']
2025-09-04 14:54:31,499 - AresComponent.AresLauncher - INFO - ℹ️   Data directory: data_cache
2025-09-04 14:54:31,499 - AresComponent.AresLauncher - INFO - ℹ️   Force rerun: True
2025-09-04 14:54:31,499 - AresComponent.AresLauncher - INFO - ℹ️   Quality checks: True
2025-09-04 14:54:31,499 - AresComponent.AresLauncher - INFO - ℹ️   Progressive append: True
2025-09-04 14:54:31,499 - AresComponent.AresLauncher - INFO - ℹ️   Collect klines: True
2025-09-04 14:54:31,499 - AresComponent.AresLauncher - INFO - ℹ️   Collect aggtrades: True
2025-09-04 14:54:31,499 - AresComponent.AresLauncher - INFO - ℹ️   Collect futures: True
2025-09-04 14:54:31,499 - AresComponent.AresLauncher - INFO - ℹ️   Quality check samples: 100
2025-09-04 14:54:31,499 - AresComponent.AresLauncher - INFO - ================================================================================
2025-09-04 14:54:31,499 - AresComponent.AresLauncher - INFO - 🚀 Starting pipeline execution...
2025-09-04 14:54:31,499 - AresComponent.AresLauncher - INFO - 🚀 INITIALIZING ENHANCED DATA COLLECTION PIPELINE
2025-09-04 14:54:31,499 - AresComponent.AresLauncher - INFO - ℹ️ Pipeline ID: data_collection_20250904_145431
2025-09-04 14:54:31,499 - AresComponent.AresLauncher - INFO - ℹ️ Timeframes: ['1m', '5m', '15m', '30m', '1h']
2025-09-04 14:54:31,499 - AresComponent.AresLauncher - INFO - ℹ️ Collect Klines: True
2025-09-04 14:54:31,499 - AresComponent.AresLauncher - INFO - ℹ️ Collect AggTrades: True
2025-09-04 14:54:31,499 - AresComponent.AresLauncher - INFO - ℹ️ Collect Futures: True
2025-09-04 14:54:31,499 - AresComponent.AresLauncher - INFO - ℹ️ Progressive Append: True
2025-09-04 14:54:31,499 - AresComponent.AresLauncher - INFO - ℹ️ Quality Check Samples: 100
2025-09-04 14:54:31,499 - AresComponent.AresLauncher - INFO - ℹ️ Pipeline initialization completed successfully
2025-09-04 14:54:31,499 - AresComponent.AresLauncher - INFO - 🚀 ENHANCED DATA COLLECTION PIPELINE START
2025-09-04 14:54:31,499 - AresComponent.AresLauncher - INFO - ℹ️ Symbol: ETHUSDT
2025-09-04 14:54:31,499 - AresComponent.AresLauncher - INFO - ℹ️ Exchange: BINANCE
2025-09-04 14:54:31,499 - AresComponent.AresLauncher - INFO - ℹ️ Data Directory: data_cache
2025-09-04 14:54:31,499 - AresComponent.AresLauncher - INFO - ℹ️ Start Time: 2025-09-04 14:54:31
2025-09-04 14:54:31,499 - AresComponent.AresLauncher - INFO - ================================================================================
2025-09-04 14:54:31,499 - AresComponent.AresLauncher - INFO - 🚀 Starting Step 1: Data Collection
2025-09-04 14:54:31,499 - AresComponent.AresLauncher - INFO - ℹ️ Description: Collecting raw data from exchange
2025-09-04 14:54:31,499 - AresComponent.AresLauncher - INFO - 2025-09-04 14:54:31,498 - __main__ - INFO - ℹ️ Step started at: 14:54:31
2025-09-04 14:54:31,499 - AresComponent.AresLauncher - INFO - ⏳ Collecting data from BINANCE for ETHUSDT
2025-09-04 14:54:31,499 - AresComponent.AresLauncher - INFO - 🔄 Collecting klines data...
2025-09-04 14:54:31,499 - AresComponent.AresLauncher - INFO - 🔄 Collecting 1m klines data
2025-09-04 14:54:31,506 - AresComponent.AresLauncher - INFO - 2025-09-04 14:54:31,506 - __main__ - INFO - Collected 38881 rows of klines data for ETHUSDT on BINANCE (27 days, no gaps)
2025-09-04 14:54:31,506 - AresComponent.AresLauncher - INFO - ✅ Collected 38881 1m klines records
2025-09-04 14:54:31,506 - AresComponent.AresLauncher - INFO - 🔄 Collecting 5m klines data
2025-09-04 14:54:31,512 - AresComponent.AresLauncher - INFO - 2025-09-04 14:54:31,511 - __main__ - INFO - Collected 38881 rows of klines data for ETHUSDT on BINANCE (27 days, no gaps)
2025-09-04 14:54:31,512 - AresComponent.AresLauncher - INFO - ✅ Collected 38881 5m klines records
2025-09-04 14:54:31,512 - AresComponent.AresLauncher - INFO - 🔄 Collecting 15m klines data
2025-09-04 14:54:31,517 - AresComponent.AresLauncher - INFO - 2025-09-04 14:54:31,517 - __main__ - INFO - Collected 38881 rows of klines data for ETHUSDT on BINANCE (27 days, no gaps)
2025-09-04 14:54:31,517 - AresComponent.AresLauncher - INFO - ✅ Collected 38881 15m klines records
2025-09-04 14:54:31,517 - AresComponent.AresLauncher - INFO - 🔄 Collecting 30m klines data
2025-09-04 14:54:31,522 - AresComponent.AresLauncher - INFO - 2025-09-04 14:54:31,522 - __main__ - INFO - Collected 38881 rows of klines data for ETHUSDT on BINANCE (27 days, no gaps)
2025-09-04 14:54:31,522 - AresComponent.AresLauncher - INFO - ✅ Collected 38881 30m klines records
2025-09-04 14:54:31,522 - AresComponent.AresLauncher - INFO - 🔄 Collecting 1h klines data
2025-09-04 14:54:31,529 - AresComponent.AresLauncher - INFO - 2025-09-04 14:54:31,529 - __main__ - INFO - Collected 38881 rows of klines data for ETHUSDT on BINANCE (27 days, no gaps)
2025-09-04 14:54:31,529 - AresComponent.AresLauncher - INFO - ✅ Collected 38881 1h klines records
2025-09-04 14:54:31,529 - AresComponent.AresLauncher - INFO - 🔄 Collecting aggtrades data...
2025-09-04 14:54:31,637 - AresComponent.AresLauncher - INFO - 2025-09-04 14:54:31,637 - __main__ - INFO - Collected 40017 rows of aggtrades data for ETHUSDT on BINANCE
2025-09-04 14:54:31,638 - AresComponent.AresLauncher - INFO - ✅ Collected 40017 aggtrades records
2025-09-04 14:54:31,638 - AresComponent.AresLauncher - INFO - 🔄 Collecting futures data...
2025-09-04 14:54:31,640 - AresComponent.AresLauncher - INFO - 2025-09-04 14:54:31,639 - __main__ - INFO - Collected 82 rows of futures data for ETHUSDT on BINANCE (27 days, no gaps)
2025-09-04 14:54:31,640 - AresComponent.AresLauncher - INFO - ✅ Collected 82 futures records
2025-09-04 14:54:31,641 - AresComponent.AresLauncher - INFO - ✅ Data quality check passed for klines_1m
2025-09-04 14:54:31,642 - AresComponent.AresLauncher - INFO - ✅ Data quality check passed for klines_5m
2025-09-04 14:54:31,643 - AresComponent.AresLauncher - INFO - ✅ Data quality check passed for klines_15m
2025-09-04 14:54:31,644 - AresComponent.AresLauncher - INFO - ✅ Data quality check passed for klines_30m
2025-09-04 14:54:31,645 - AresComponent.AresLauncher - INFO - ✅ Data quality check passed for klines_1h
2025-09-04 14:54:31,646 - AresComponent.AresLauncher - INFO - ✅ Data quality check passed for aggtrades
2025-09-04 14:54:31,646 - AresComponent.AresLauncher - INFO - ✅ Data quality check passed for futures
2025-09-04 14:54:31,646 - AresComponent.AresLauncher - INFO - ℹ️ Data collection summary:
2025-09-04 14:54:31,646 - AresComponent.AresLauncher - INFO - ℹ️   Total records collected: 234,504
2025-09-04 14:54:31,646 - AresComponent.AresLauncher - INFO - ℹ️   Klines records: 194,405
2025-09-04 14:54:31,646 - AresComponent.AresLauncher - INFO - ℹ️   AggTrades records: 40,017
2025-09-04 14:54:31,646 - AresComponent.AresLauncher - INFO - ℹ️   Futures records: 82
2025-09-04 14:54:31,646 - AresComponent.AresLauncher - INFO - ✅ Completed Step 1: Data Collection (Duration: 0.15s)
2025-09-04 14:54:31,646 - AresComponent.AresLauncher - INFO - ℹ️ Details: Collected 7 data points
2025-09-04 14:54:31,647 - AresComponent.AresLauncher - INFO - 📊 Progress: [████░░░░░░░░░░░░░░░░] 20.0% - Step 1: Data Collection (ETA: 0.6s)
2025-09-04 14:54:31,647 - AresComponent.AresLauncher - INFO - 🚀 Starting Step 2: Data Validation
2025-09-04 14:54:31,647 - AresComponent.AresLauncher - INFO - ℹ️ Description: Validating data quality and integrity
2025-09-04 14:54:31,647 - AresComponent.AresLauncher - INFO - 2025-09-04 14:54:31,646 - __main__ - INFO - ℹ️ Step started at: 14:54:31
2025-09-04 14:54:31,647 - AresComponent.AresLauncher - INFO - 🔍 Starting comprehensive data validation
2025-09-04 14:54:31,647 - AresComponent.AresLauncher - INFO - 🔍 Checking data completeness...
2025-09-04 14:54:31,697 - AresComponent.AresLauncher - INFO - ✅ Data completeness validation passed
2025-09-04 14:54:31,697 - AresComponent.AresLauncher - INFO - 🔍 Checking data integrity...
2025-09-04 14:54:31,747 - AresComponent.AresLauncher - INFO - ✅ Data integrity validation passed
2025-09-04 14:54:31,747 - AresComponent.AresLauncher - INFO - 🔍 Checking schema compliance...
2025-09-04 14:54:31,797 - AresComponent.AresLauncher - INFO - ✅ Schema compliance validation passed
2025-09-04 14:54:31,797 - AresComponent.AresLauncher - INFO - 🔍 Checking timestamp continuity...
2025-09-04 14:54:31,847 - AresComponent.AresLauncher - INFO - ✅ Timestamp continuity validation passed
2025-09-04 14:54:31,847 - AresComponent.AresLauncher - INFO - ℹ️ Data validation summary:
2025-09-04 14:54:31,847 - AresComponent.AresLauncher - INFO - ✅   completeness: PASSED
2025-09-04 14:54:31,848 - AresComponent.AresLauncher - INFO - ✅   integrity: PASSED
2025-09-04 14:54:31,848 - AresComponent.AresLauncher - INFO - ✅   schema: PASSED
2025-09-04 14:54:31,848 - AresComponent.AresLauncher - INFO - ✅   timestamp: PASSED
2025-09-04 14:54:31,848 - AresComponent.AresLauncher - INFO - ✅ Completed Step 2: Data Validation (Duration: 0.20s)
2025-09-04 14:54:31,848 - AresComponent.AresLauncher - INFO - ℹ️ Details: All validation checks passed
2025-09-04 14:54:31,848 - AresComponent.AresLauncher - INFO - 📊 Progress: [████████░░░░░░░░░░░░] 40.0% - Step 2: Data Validation (ETA: 0.5s)
2025-09-04 14:54:31,848 - AresComponent.AresLauncher - INFO - 🚀 Starting Step 3: Data Formatting and Storage
2025-09-04 14:54:31,848 - AresComponent.AresLauncher - INFO - ℹ️ Description: Formatting data and storing to files
2025-09-04 14:54:31,848 - AresComponent.AresLauncher - INFO - 2025-09-04 14:54:31,847 - __main__ - INFO - ℹ️ Step started at: 14:54:31
2025-09-04 14:54:31,848 - AresComponent.AresLauncher - INFO - 🔄 Starting data formatting and storage
2025-09-04 14:54:31,848 - AresComponent.AresLauncher - INFO - 🔄 Processing klines data...
2025-09-04 14:54:31,848 - AresComponent.AresLauncher - INFO - 🔄 Formatting 1m klines data
2025-09-04 14:54:31,853 - AresComponent.AresLauncher - INFO - 2025-09-04 14:54:31,852 - __main__ - INFO - Collected 38881 rows of klines data for ETHUSDT on BINANCE (27 days, no gaps)
2025-09-04 14:54:31,853 - AresComponent.AresLauncher - INFO - 🔄 Standardizing timestamps and enforcing schema
2025-09-04 14:54:31,860 - AresComponent.AresLauncher - INFO - 💾 Storing 1m klines data to klines_BINANCE_ETHUSDT_1m_2025_09.parquet
2025-09-04 14:54:31,902 - AresComponent.AresLauncher - INFO - 2025-09-04 14:54:31,902 - __main__ - INFO - 📝 File updated: data_cache/klines_BINANCE_ETHUSDT_1m_2025_09.parquet - 38,881 total rows
2025-09-04 14:54:31,902 - AresComponent.AresLauncher - INFO - 2025-09-04 14:54:31,902 - __main__ - INFO - 📝 Metadata file updated: data_cache/klines_BINANCE_ETHUSDT_1m_2025_09.metadata.json
2025-09-04 14:54:31,902 - AresComponent.AresLauncher - INFO - 2025-09-04 14:54:31,902 - __main__ - INFO - Progressive append completed: 38881 total rows
2025-09-04 14:54:31,902 - AresComponent.AresLauncher - INFO - 📄 File created: klines_BINANCE_ETHUSDT_1m_2025_09.parquet (2.15 MB)
2025-09-04 14:54:31,902 - AresComponent.AresLauncher - INFO - 2025-09-04 14:54:31,902 - __main__ - INFO - 📄 File created: data_cache/klines_BINANCE_ETHUSDT_1m_2025_09.parquet - 38,881 records, 2.15 MB
2025-09-04 14:54:31,902 - AresComponent.AresLauncher - INFO - ✅ Stored 38,881 1m klines records (2.15 MB)
2025-09-04 14:54:31,902 - AresComponent.AresLauncher - INFO - 🔄 Formatting 5m klines data
2025-09-04 14:54:31,907 - AresComponent.AresLauncher - INFO - 2025-09-04 14:54:31,907 - __main__ - INFO - Collected 38881 rows of klines data for ETHUSDT on BINANCE (27 days, no gaps)
2025-09-04 14:54:31,907 - AresComponent.AresLauncher - INFO - 🔄 Resampling to 5m
2025-09-04 14:54:31,917 - AresComponent.AresLauncher - INFO - 2025-09-04 14:54:31,917 - __main__ - INFO - Resampled data to 5m: 7777 rows
2025-09-04 14:54:31,917 - AresComponent.AresLauncher - INFO - 🔄 Standardizing timestamps and enforcing schema
2025-09-04 14:54:31,918 - AresComponent.AresLauncher - INFO - 💾 Storing 5m klines data to klines_BINANCE_ETHUSDT_5m_2025_09.parquet
2025-09-04 14:54:31,923 - AresComponent.AresLauncher - INFO - 2025-09-04 14:54:31,923 - __main__ - INFO - 📝 File updated: data_cache/klines_BINANCE_ETHUSDT_5m_2025_09.parquet - 7,777 total rows
2025-09-04 14:54:31,923 - AresComponent.AresLauncher - INFO - 2025-09-04 14:54:31,923 - __main__ - INFO - 📝 Metadata file updated: data_cache/klines_BINANCE_ETHUSDT_5m_2025_09.metadata.json
2025-09-04 14:54:31,923 - AresComponent.AresLauncher - INFO - 2025-09-04 14:54:31,923 - __main__ - INFO - Progressive append completed: 7777 total rows
2025-09-04 14:54:31,923 - AresComponent.AresLauncher - INFO - 📄 File created: klines_BINANCE_ETHUSDT_5m_2025_09.parquet (0.42 MB)
2025-09-04 14:54:31,923 - AresComponent.AresLauncher - INFO - 2025-09-04 14:54:31,923 - __main__ - INFO - 📄 File created: data_cache/klines_BINANCE_ETHUSDT_5m_2025_09.parquet - 7,777 records, 0.42 MB
2025-09-04 14:54:31,923 - AresComponent.AresLauncher - INFO - ✅ Stored 7,777 5m klines records (0.42 MB)
2025-09-04 14:54:31,923 - AresComponent.AresLauncher - INFO - 🔄 Formatting 15m klines data
2025-09-04 14:54:31,928 - AresComponent.AresLauncher - INFO - 2025-09-04 14:54:31,927 - __main__ - INFO - Collected 38881 rows of klines data for ETHUSDT on BINANCE (27 days, no gaps)
2025-09-04 14:54:31,928 - AresComponent.AresLauncher - INFO - 🔄 Resampling to 15m
2025-09-04 14:54:31,935 - AresComponent.AresLauncher - INFO - 2025-09-04 14:54:31,935 - __main__ - INFO - Resampled data to 15m: 2593 rows
2025-09-04 14:54:31,935 - AresComponent.AresLauncher - INFO - 🔄 Standardizing timestamps and enforcing schema
2025-09-04 14:54:31,936 - AresComponent.AresLauncher - INFO - 💾 Storing 15m klines data to klines_BINANCE_ETHUSDT_15m_2025_09.parquet
2025-09-04 14:54:31,941 - AresComponent.AresLauncher - INFO - 2025-09-04 14:54:31,941 - __main__ - INFO - 📝 File updated: data_cache/klines_BINANCE_ETHUSDT_15m_2025_09.parquet - 2,593 total rows
2025-09-04 14:54:31,941 - AresComponent.AresLauncher - INFO - 2025-09-04 14:54:31,941 - __main__ - INFO - 📝 Metadata file updated: data_cache/klines_BINANCE_ETHUSDT_15m_2025_09.metadata.json
2025-09-04 14:54:31,941 - AresComponent.AresLauncher - INFO - 2025-09-04 14:54:31,941 - __main__ - INFO - Progressive append completed: 2593 total rows
2025-09-04 14:54:31,941 - AresComponent.AresLauncher - INFO - 📄 File created: klines_BINANCE_ETHUSDT_15m_2025_09.parquet (0.14 MB)
2025-09-04 14:54:31,941 - AresComponent.AresLauncher - INFO - 2025-09-04 14:54:31,941 - __main__ - INFO - 📄 File created: data_cache/klines_BINANCE_ETHUSDT_15m_2025_09.parquet - 2,593 records, 0.14 MB
2025-09-04 14:54:31,942 - AresComponent.AresLauncher - INFO - ✅ Stored 2,593 15m klines records (0.14 MB)
2025-09-04 14:54:31,942 - AresComponent.AresLauncher - INFO - 🔄 Formatting 30m klines data
2025-09-04 14:54:31,946 - AresComponent.AresLauncher - INFO - 2025-09-04 14:54:31,946 - __main__ - INFO - Collected 38881 rows of klines data for ETHUSDT on BINANCE (27 days, no gaps)
2025-09-04 14:54:31,946 - AresComponent.AresLauncher - INFO - 🔄 Resampling to 30m
2025-09-04 14:54:31,953 - AresComponent.AresLauncher - INFO - 2025-09-04 14:54:31,953 - __main__ - INFO - Resampled data to 30m: 1297 rows
2025-09-04 14:54:31,953 - AresComponent.AresLauncher - INFO - 🔄 Standardizing timestamps and enforcing schema
2025-09-04 14:54:31,954 - AresComponent.AresLauncher - INFO - 💾 Storing 30m klines data to klines_BINANCE_ETHUSDT_30m_2025_09.parquet
2025-09-04 14:54:31,958 - AresComponent.AresLauncher - INFO - 2025-09-04 14:54:31,958 - __main__ - INFO - 📝 File updated: data_cache/klines_BINANCE_ETHUSDT_30m_2025_09.parquet - 1,297 total rows
2025-09-04 14:54:31,958 - AresComponent.AresLauncher - INFO - 2025-09-04 14:54:31,958 - __main__ - INFO - 📝 Metadata file updated: data_cache/klines_BINANCE_ETHUSDT_30m_2025_09.metadata.json
2025-09-04 14:54:31,958 - AresComponent.AresLauncher - INFO - 2025-09-04 14:54:31,958 - __main__ - INFO - Progressive append completed: 1297 total rows
2025-09-04 14:54:31,958 - AresComponent.AresLauncher - INFO - 📄 File created: klines_BINANCE_ETHUSDT_30m_2025_09.parquet (0.07 MB)
2025-09-04 14:54:31,958 - AresComponent.AresLauncher - INFO - 2025-09-04 14:54:31,958 - __main__ - INFO - 📄 File created: data_cache/klines_BINANCE_ETHUSDT_30m_2025_09.parquet - 1,297 records, 0.07 MB
2025-09-04 14:54:31,958 - AresComponent.AresLauncher - INFO - ✅ Stored 1,297 30m klines records (0.07 MB)
2025-09-04 14:54:31,959 - AresComponent.AresLauncher - INFO - 🔄 Formatting 1h klines data
2025-09-04 14:54:31,962 - AresComponent.AresLauncher - INFO - 2025-09-04 14:54:31,962 - __main__ - INFO - Collected 38881 rows of klines data for ETHUSDT on BINANCE (27 days, no gaps)
2025-09-04 14:54:31,962 - AresComponent.AresLauncher - INFO - 🔄 Resampling to 1h
2025-09-04 14:54:31,973 - AresComponent.AresLauncher - INFO - 2025-09-04 14:54:31,973 - __main__ - INFO - Resampled data to 1h: 649 rows
2025-09-04 14:54:31,973 - AresComponent.AresLauncher - INFO - 🔄 Standardizing timestamps and enforcing schema
2025-09-04 14:54:31,974 - AresComponent.AresLauncher - INFO - 💾 Storing 1h klines data to klines_BINANCE_ETHUSDT_1h_2025_09.parquet
2025-09-04 14:54:31,977 - AresComponent.AresLauncher - INFO - 2025-09-04 14:54:31,977 - __main__ - INFO - 📝 File updated: data_cache/klines_BINANCE_ETHUSDT_1h_2025_09.parquet - 649 total rows
2025-09-04 14:54:31,977 - AresComponent.AresLauncher - INFO - 2025-09-04 14:54:31,977 - __main__ - INFO - 📝 Metadata file updated: data_cache/klines_BINANCE_ETHUSDT_1h_2025_09.metadata.json
2025-09-04 14:54:31,977 - AresComponent.AresLauncher - INFO - 2025-09-04 14:54:31,977 - __main__ - INFO - Progressive append completed: 649 total rows
2025-09-04 14:54:31,977 - AresComponent.AresLauncher - INFO - 📄 File created: klines_BINANCE_ETHUSDT_1h_2025_09.parquet (0.04 MB)
2025-09-04 14:54:31,977 - AresComponent.AresLauncher - INFO - 2025-09-04 14:54:31,977 - __main__ - INFO - 📄 File created: data_cache/klines_BINANCE_ETHUSDT_1h_2025_09.parquet - 649 records, 0.04 MB
2025-09-04 14:54:31,977 - AresComponent.AresLauncher - INFO - ✅ Stored 649 1h klines records (0.04 MB)
2025-09-04 14:54:31,977 - AresComponent.AresLauncher - INFO - 🔄 Processing aggtrades data...
2025-09-04 14:54:31,977 - AresComponent.AresLauncher - INFO - 🔄 Formatting aggtrades data
2025-09-04 14:54:32,071 - AresComponent.AresLauncher - INFO - 2025-09-04 14:54:32,071 - __main__ - INFO - Collected 39872 rows of aggtrades data for ETHUSDT on BINANCE
2025-09-04 14:54:32,071 - AresComponent.AresLauncher - INFO - 🔄 Standardizing timestamps and enforcing schema
2025-09-04 14:54:32,079 - AresComponent.AresLauncher - INFO - 💾 Storing aggtrades data to aggtrades_BINANCE_ETHUSDT_consolidated.parquet
2025-09-04 14:54:32,129 - AresComponent.AresLauncher - INFO - 2025-09-04 14:54:32,128 - __main__ - INFO - 📝 File updated: data_cache/aggtrades_BINANCE_ETHUSDT_consolidated.parquet - 39,872 total rows
2025-09-04 14:54:32,129 - AresComponent.AresLauncher - INFO - 2025-09-04 14:54:32,129 - __main__ - INFO - 📝 Metadata file updated: data_cache/aggtrades_BINANCE_ETHUSDT_consolidated.metadata.json
2025-09-04 14:54:32,129 - AresComponent.AresLauncher - INFO - 2025-09-04 14:54:32,129 - __main__ - INFO - Progressive append completed: 39872 total rows
2025-09-04 14:54:32,129 - AresComponent.AresLauncher - INFO - 📄 File created: aggtrades_BINANCE_ETHUSDT_consolidated.parquet (2.28 MB)
2025-09-04 14:54:32,129 - AresComponent.AresLauncher - INFO - 2025-09-04 14:54:32,129 - __main__ - INFO - 📄 File created: data_cache/aggtrades_BINANCE_ETHUSDT_consolidated.parquet - 39,872 records, 2.28 MB
2025-09-04 14:54:32,129 - AresComponent.AresLauncher - INFO - ✅ Stored 39,872 aggtrades records (2.28 MB)
2025-09-04 14:54:32,129 - AresComponent.AresLauncher - INFO - 🔄 Processing futures data...
2025-09-04 14:54:32,129 - AresComponent.AresLauncher - INFO - 🔄 Formatting futures data
2025-09-04 14:54:32,130 - AresComponent.AresLauncher - INFO - 2025-09-04 14:54:32,130 - __main__ - INFO - Collected 82 rows of futures data for ETHUSDT on BINANCE (27 days, no gaps)
2025-09-04 14:54:32,130 - AresComponent.AresLauncher - INFO - 🔄 Standardizing timestamps and enforcing schema
2025-09-04 14:54:32,132 - AresComponent.AresLauncher - INFO - 💾 Storing futures data to futures_BINANCE_ETHUSDT_consolidated.parquet
2025-09-04 14:54:32,133 - AresComponent.AresLauncher - INFO - 2025-09-04 14:54:32,133 - __main__ - INFO - 📝 File updated: data_cache/futures_BINANCE_ETHUSDT_consolidated.parquet - 82 total rows
2025-09-04 14:54:32,133 - AresComponent.AresLauncher - INFO - 2025-09-04 14:54:32,133 - __main__ - INFO - 📝 Metadata file updated: data_cache/futures_BINANCE_ETHUSDT_consolidated.metadata.json
2025-09-04 14:54:32,133 - AresComponent.AresLauncher - INFO - 2025-09-04 14:54:32,133 - __main__ - INFO - Progressive append completed: 82 total rows
2025-09-04 14:54:32,134 - AresComponent.AresLauncher - INFO - 📄 File created: futures_BINANCE_ETHUSDT_consolidated.parquet (0.01 MB)
2025-09-04 14:54:32,134 - AresComponent.AresLauncher - INFO - 2025-09-04 14:54:32,134 - __main__ - INFO - 📄 File created: data_cache/futures_BINANCE_ETHUSDT_consolidated.parquet - 82 records, 0.01 MB
2025-09-04 14:54:32,134 - AresComponent.AresLauncher - INFO - ✅ Stored 82 futures records (0.01 MB)
2025-09-04 14:54:32,134 - AresComponent.AresLauncher - INFO - ℹ️ Data formatting and storage summary:
2025-09-04 14:54:32,134 - AresComponent.AresLauncher - INFO - ℹ️   Files created: 7
2025-09-04 14:54:32,134 - AresComponent.AresLauncher - INFO - ℹ️   Total size: 5.11 MB
2025-09-04 14:54:32,134 - AresComponent.AresLauncher - INFO - ℹ️   Data directory: data_cache
2025-09-04 14:54:32,134 - AresComponent.AresLauncher - INFO - ✅ Completed Step 3: Data Formatting (Duration: 0.29s)
2025-09-04 14:54:32,134 - AresComponent.AresLauncher - INFO - ℹ️ Details: Data formatted and stored successfully
2025-09-04 14:54:32,134 - AresComponent.AresLauncher - INFO - 📊 Progress: [████████████░░░░░░░░] 60.0% - Step 3: Data Formatting (ETA: 0.4s)
2025-09-04 14:54:32,134 - AresComponent.AresLauncher - INFO - 🎉 PIPELINE COMPLETED SUCCESSFULLY
2025-09-04 14:54:32,134 - AresComponent.AresLauncher - INFO - ⏰ Total duration: 0.64 seconds
2025-09-04 14:54:32,134 - AresComponent.AresLauncher - INFO - ℹ️ Steps completed: 3/5
2025-09-04 14:54:32,134 - AresComponent.AresLauncher - INFO - ℹ️ Success rate: 60.0%
2025-09-04 14:54:32,134 - AresComponent.AresLauncher - INFO - ℹ️ Final data collection summary:
2025-09-04 14:54:32,134 - AresComponent.AresLauncher - INFO - ℹ️   Klines records: 194,405
2025-09-04 14:54:32,134 - AresComponent.AresLauncher - INFO - ℹ️   AggTrades records: 40,017
2025-09-04 14:54:32,134 - AresComponent.AresLauncher - INFO - ℹ️   Futures records: 82
2025-09-04 14:54:32,134 - AresComponent.AresLauncher - INFO - ℹ️   Total records: 234,504
2025-09-04 14:54:32,134 - AresComponent.AresLauncher - INFO - 2025-09-04 14:54:32,134 - __main__ - INFO - ✅ Pipeline completed successfully
2025-09-04 14:54:32,134 - AresComponent.AresLauncher - INFO - ================================================================================
2025-09-04 14:54:32,134 - AresComponent.AresLauncher - INFO - ℹ️ Final pipeline report generated
2025-09-04 14:54:32,134 - AresComponent.AresLauncher - INFO - ℹ️ Pipeline ID: data_collection_20250904_145431
2025-09-04 14:54:32,134 - AresComponent.AresLauncher - INFO - ℹ️ Total records processed: 234,504
2025-09-04 14:54:32,134 - AresComponent.AresLauncher - INFO - ℹ️ Total files created: 7
2025-09-04 14:54:32,134 - AresComponent.AresLauncher - INFO - ℹ️ Processing rate: 368635 records/second
2025-09-04 14:54:32,134 - AresComponent.AresLauncher - INFO - 🎉 ENHANCED DATA COLLECTION PIPELINE COMPLETED SUCCESSFULLY
2025-09-04 14:54:32,134 - AresComponent.AresLauncher - INFO - 2025-09-04 14:54:32,134 - __main__ - INFO - ✅ Pipeline execution completed without errors
2025-09-04 14:54:32,135 - AresComponent.AresLauncher - INFO - 🎉 ENHANCED DATA COLLECTION COMPLETED SUCCESSFULLY!
2025-09-04 14:54:32,135 - AresComponent.AresLauncher - INFO - ================================================================================
2025-09-04 14:54:32,135 - AresComponent.AresLauncher - INFO - ✅ All data collection steps completed:
2025-09-04 14:54:32,135 - AresComponent.AresLauncher - INFO - ✅   ✅ Raw data collection from exchange
2025-09-04 14:54:32,135 - AresComponent.AresLauncher - INFO - ✅   ✅ Data quality validation
2025-09-04 14:54:32,135 - AresComponent.AresLauncher - INFO - ✅   ✅ Data formatting and preprocessing
2025-09-04 14:54:32,135 - AresComponent.AresLauncher - INFO - ⏰ Total execution time: 0.64 seconds
2025-09-04 14:54:32,135 - AresComponent.AresLauncher - INFO - ℹ️ Pipeline ID: data_collection_20250904_145431
2025-09-04 14:54:32,135 - AresComponent.AresLauncher - INFO - ℹ️ Steps completed: 3/5
2025-09-04 14:54:32,135 - AresComponent.AresLauncher - INFO - ℹ️ Success rate: 60.0%
2025-09-04 14:54:32,135 - AresComponent.AresLauncher - INFO - ℹ️ Data collection summary:
2025-09-04 14:54:32,135 - AresComponent.AresLauncher - INFO - ℹ️   Total records: 234,504
2025-09-04 14:54:32,135 - AresComponent.AresLauncher - INFO - ℹ️   Total files: 7
2025-09-04 14:54:32,135 - AresComponent.AresLauncher - INFO - ℹ️   Klines records: 194,405
2025-09-04 14:54:32,135 - AresComponent.AresLauncher - INFO - ℹ️   AggTrades records: 40,017
2025-09-04 14:54:32,135 - AresComponent.AresLauncher - INFO - ℹ️   Futures records: 82
2025-09-04 14:54:32,135 - AresComponent.AresLauncher - INFO - 📊 Performance metrics:
2025-09-04 14:54:32,135 - AresComponent.AresLauncher - INFO - ℹ️   Processing rate: 368635 records/second
2025-09-04 14:54:32,135 - AresComponent.AresLauncher - INFO - ℹ️   Average time per step: 0.21 seconds
2025-09-04 14:54:32,136 - AresComponent.AresLauncher - INFO - ================================================================================
2025-09-04 14:54:32,189 - AresComponent.AresLauncher - INFO - ✅ Enhanced data collection pipeline completed successfully
2025-09-04 14:54:32,190 - AresTradingSystem - INFO - 🏁 Launcher ended: SUCCESS (exit code: 0)
2025-09-04 14:54:32,190 - AresComponent.AresLauncher - INFO - 🧹 Cleaning up processes...
2025-09-04 14:54:32,190 - AresComponent.AresLauncher - INFO - ✅ Cleanup completed
