2025-09-04 20:54:54,386 - AresTradingSystem - INFO - 🚀 Launcher started: INITIALIZATION
2025-09-04 20:54:54,386 - AresComponent.AresLauncher - INFO - ================================================================================
2025-09-04 20:54:54,386 - AresComponent.AresLauncher - INFO - 🚀 ARES COMPREHENSIVE LAUNCHER
2025-09-04 20:54:54,386 - AresComponent.AresLauncher - INFO - ================================================================================
2025-09-04 20:54:54,386 - AresComponent.AresLauncher - INFO - Start time: 2025-09-04 20:54:54
2025-09-04 20:54:54,386 - AresComponent.AresLauncher - INFO - Log directory: logs
2025-09-04 20:54:54,386 - AresComponent.AresLauncher - INFO - Log level: INFO
2025-09-04 20:54:54,386 - AresComponent.AresLauncher - INFO - Global log file: ares_global_20250904_205454.log
2025-09-04 20:54:54,386 - AresComponent.AresLauncher - INFO - ================================================================================
2025-09-04 20:54:54,386 - AresTradingSystem - INFO - 🚀 Launcher started: step02_5
2025-09-04 20:54:54,386 - AresTradingSystem - INFO - 📊 Symbol: ETHUSDT, Exchange: BINANCE
2025-09-04 20:54:54,386 - AresComponent.AresLauncher - INFO - 🚀 Running step-based training with validation for ETHUSDT on BINANCE
2025-09-04 20:54:54,386 - AresComponent.AresLauncher - INFO - 📊 Starting from: step02_data_reading
2025-09-04 20:54:54,386 - AresComponent.AresLauncher - INFO - 🎯 Training mode: blank
2025-09-04 20:54:54,387 - AresComponent.AresLauncher - INFO - 🔍 Validating previous steps before starting from step02_data_reading
2025-09-04 20:54:54,400 - AresComponent.AresLauncher - WARNING - ⚠️ Unknown step step02_data_reading, skipping validation
2025-09-04 20:54:54,400 - AresComponent.AresLauncher - INFO - ✅ No previous steps to validate for step02_data_reading
2025-09-04 20:54:54,400 - AresComponent.AresLauncher - INFO - Starting from step: step02_data_reading
2025-09-04 20:54:54,408 - AresComponent.AresLauncher - INFO - 🧪 BLANK TRAINING MODE: Set BLANK_TRAINING_MODE=1 for step-based training (180 days)
2025-09-04 20:54:54,408 - AresComponent.ProgressManager - INFO - Initialized ProgressManager for ETHUSDT on BINANCE
2025-09-04 20:54:54,408 - AresComponent.ProgressManager - INFO - Progress directory: data/training/progress/BINANCE_ETHUSDT
2025-09-04 20:54:54,408 - AresComponent.StepOrchestrator - INFO - Initialized StepOrchestrator for ETHUSDT on BINANCE
2025-09-04 20:54:54,408 - AresComponent.AresLauncher - INFO - 🔍 Step validation will be performed by EnhancedTrainingManager
2025-09-04 20:54:54,408 - AresComponent.StepOrchestrator - INFO - 🚀 Starting execution from step: step02_data_reading
2025-09-04 20:54:54,408 - AresComponent.StepOrchestrator - ERROR - ❌ Unknown step: step02_data_reading
2025-09-04 20:54:54,408 - AresComponent.AresLauncher - ERROR - ❌ Step-based training pipeline failed
2025-09-04 20:54:54,408 - AresTradingSystem - INFO - 🏁 Launcher ended: FAILED (exit code: 1)
2025-09-04 20:54:54,408 - AresComponent.AresLauncher - INFO - 🧹 Cleaning up processes...
2025-09-04 20:54:54,408 - AresComponent.AresLauncher - INFO - ✅ Cleanup completed
