2025-09-04 14:54:01,475 - AresTradingSystem - INFO - 🚀 Launcher started: INITIALIZATION
2025-09-04 14:54:01,475 - AresComponent.AresLauncher - INFO - ================================================================================
2025-09-04 14:54:01,475 - AresComponent.AresLauncher - INFO - 🚀 ARES COMPREHENSIVE LAUNCHER
2025-09-04 14:54:01,475 - AresComponent.AresLauncher - INFO - ================================================================================
2025-09-04 14:54:01,475 - AresComponent.AresLauncher - INFO - Start time: 2025-09-04 14:54:01
2025-09-04 14:54:01,475 - AresComponent.AresLauncher - INFO - Log directory: logs
2025-09-04 14:54:01,475 - AresComponent.AresLauncher - INFO - Log level: INFO
2025-09-04 14:54:01,475 - AresComponent.AresLauncher - INFO - Global log file: ares_global_20250904_145401.log
2025-09-04 14:54:01,475 - AresComponent.AresLauncher - INFO - ================================================================================
2025-09-04 14:54:01,475 - AresTradingSystem - INFO - 🚀 Launcher started: optimisation
2025-09-04 14:54:01,475 - AresTradingSystem - INFO - 📊 Symbol: ETHUSDT, Exchange: BINANCE
2025-09-04 14:54:01,475 - AresComponent.AresLauncher - INFO - 📊 Running enhanced optimisation pipeline for ETHUSDT on BINANCE
2025-09-04 14:54:01,475 - AresComponent.AresLauncher - INFO - 🔍 Validating optimisation prerequisites...
2025-09-04 14:54:01,483 - AresComponent.AresLauncher - ERROR - ❌ Prerequisites validation failed: name 'handles_errors' is not defined
Traceback (most recent call last):
  File "/workspace/ares_launcher.py", line 2018, in _validate_optimisation_prerequisites
    from src.utils.data_quality_framework import DataQualityFramework
  File "/workspace/src/utils/data_quality_framework.py", line 8, in <module>
    from .enhanced_outlier_handler import OutlierSeverity, enhanced_outlier_handler
  File "/workspace/src/utils/enhanced_outlier_handler.py", line 114, in <module>
    class EnhancedOutlierHandler:
    ...<318 lines>...
            return {'timestamp': datetime.now().isoformat(), 'total_outlier_groups': len(self.outlier_history), 'severity_distribution': severity_counts, 'column_distribution': column_counts, 'method_distribution': method_counts, 'recent_outliers': [{'column': o.column, 'count': len(o.indices), 'severity': o.severity.value, 'method': o.method, 'timestamp': o.timestamp.isoformat()} for o in self.outlier_history[-10:]]}
  File "/workspace/src/utils/enhanced_outlier_handler.py", line 132, in EnhancedOutlierHandler
    @handles_errors(fallback=[])
     ^^^^^^^^^^^^^^
NameError: name 'handles_errors' is not defined
2025-09-04 14:54:01,487 - AresComponent.AresLauncher - ERROR - ❌ Pre-flight validation failed
2025-09-04 14:54:01,487 - AresTradingSystem - INFO - 🏁 Launcher ended: FAILED (exit code: 1)
2025-09-04 14:54:01,487 - AresComponent.AresLauncher - INFO - 🧹 Cleaning up processes...
2025-09-04 14:54:01,487 - AresComponent.AresLauncher - INFO - ✅ Cleanup completed
