2025-09-04 22:20:45,473 - AresTradingSystem - INFO - 🚀 Launcher started: INITIALIZATION
2025-09-04 22:20:45,474 - AresComponent.AresLauncher - INFO - ================================================================================
2025-09-04 22:20:45,474 - AresComponent.AresLauncher - INFO - 🚀 ARES COMPREHENSIVE LAUNCHER
2025-09-04 22:20:45,474 - AresComponent.AresLauncher - INFO - ================================================================================
2025-09-04 22:20:45,474 - AresComponent.AresLauncher - INFO - Start time: 2025-09-04 22:20:45
2025-09-04 22:20:45,474 - AresComponent.AresLauncher - INFO - Log directory: logs
2025-09-04 22:20:45,474 - AresComponent.AresLauncher - INFO - Log level: INFO
2025-09-04 22:20:45,474 - AresComponent.AresLauncher - INFO - Global log file: ares_global_20250904_222045.log
2025-09-04 22:20:45,474 - AresComponent.AresLauncher - INFO - ================================================================================
2025-09-04 22:20:45,474 - AresTradingSystem - INFO - 🚀 Launcher started: step02
2025-09-04 22:20:45,474 - AresTradingSystem - INFO - 📊 Symbol: ETHUSDT, Exchange: BINANCE
2025-09-04 22:20:45,474 - AresComponent.AresLauncher - INFO - 🚀 Running step02 with existing data for ETHUSDT on BINANCE
2025-09-04 22:20:45,474 - AresComponent.AresLauncher - INFO - 📊 Using existing data from step01 and step1_5 - no new downloads
2025-09-04 22:20:45,475 - AresComponent.AresLauncher - WARNING - ⚠️ Could not run existing validators: No module named 'src.utils.utils'
2025-09-04 22:20:45,475 - AresComponent.AresLauncher - WARNING - Proceeding with basic file existence check
2025-09-04 22:20:45,492 - AresComponent.AresLauncher - INFO - ✅ Found unified data: data/training/unified/binance/ETHUSDT/1m/exchange=BINANCE (742 parquet files)
2025-09-04 22:20:45,493 - AresComponent.AresLauncher - INFO - Starting from step: step02_data_reading
2025-09-04 22:20:45,503 - AresComponent.AresLauncher - INFO - 🧪 BLANK TRAINING MODE: Set BLANK_TRAINING_MODE=1 for step-based training (180 days)
2025-09-04 22:20:45,503 - AresTradingSystem.System.ProgressManager - INFO - Initialized ProgressManager for ETHUSDT on BINANCE
2025-09-04 22:20:45,503 - AresTradingSystem.System.ProgressManager - INFO - Progress directory: data/training/progress/BINANCE_ETHUSDT
2025-09-04 22:20:45,503 - AresTradingSystem.System.StepOrchestrator - INFO - Initialized StepOrchestrator for ETHUSDT on BINANCE
2025-09-04 22:20:45,504 - AresComponent.AresLauncher - INFO - 🔍 Step validation will be performed by EnhancedTrainingManager
2025-09-04 22:20:45,504 - AresTradingSystem.System.StepOrchestrator - INFO - 🚀 Starting execution from step: step02_data_reading
2025-09-04 22:20:45,507 - AresTradingSystem.System.StepOrchestrator - ERROR - Failed to setup enhanced training manager: No module named 'src.training.core.decorators'
Traceback (most recent call last):
  File "/Users/remyroche/Documents/Ares/src/training/step_orchestrator.py", line 84, in _setup_enhanced_training_manager
    from src.training.core.training_manager import (
  File "/Users/remyroche/Documents/Ares/src/training/core/training_manager.py", line 15, in <module>
    from ..simplified_training_manager import SimplifiedTrainingManager
  File "/Users/remyroche/Documents/Ares/src/training/simplified_training_manager.py", line 11, in <module>
    from .core.decorators import handles_errors
ModuleNotFoundError: No module named 'src.training.core.decorators'
2025-09-04 22:20:45,508 - AresTradingSystem.System.StepOrchestrator - INFO - [91m[1m🚫[0m [91m[1mFailed to setup enhanced training manager: No module named 'src.training.core.decorators'[0m
2025-09-04 22:20:45,508 - AresComponent.AresLauncher - ERROR - ❌ Step-based training pipeline failed
2025-09-04 22:20:45,508 - AresTradingSystem - INFO - 🏁 Launcher ended: FAILED (exit code: 1)
2025-09-04 22:20:45,508 - AresComponent.AresLauncher - INFO - 🧹 Cleaning up processes...
2025-09-04 22:20:45,508 - AresComponent.AresLauncher - INFO - ✅ Cleanup completed
