2025-09-04 20:55:16,490 - AresTradingSystem - INFO - 🚀 Launcher started: INITIALIZATION
2025-09-04 20:55:16,490 - AresComponent.AresLauncher - INFO - ================================================================================
2025-09-04 20:55:16,490 - AresComponent.AresLauncher - INFO - 🚀 ARES COMPREHENSIVE LAUNCHER
2025-09-04 20:55:16,490 - AresComponent.AresLauncher - INFO - ================================================================================
2025-09-04 20:55:16,490 - AresComponent.AresLauncher - INFO - Start time: 2025-09-04 20:55:16
2025-09-04 20:55:16,490 - AresComponent.AresLauncher - INFO - Log directory: logs
2025-09-04 20:55:16,490 - AresComponent.AresLauncher - INFO - Log level: INFO
2025-09-04 20:55:16,490 - AresComponent.AresLauncher - INFO - Global log file: ares_global_20250904_205516.log
2025-09-04 20:55:16,490 - AresComponent.AresLauncher - INFO - ================================================================================
2025-09-04 20:55:16,490 - AresTradingSystem - INFO - 🚀 Launcher started: step02_5
2025-09-04 20:55:16,490 - AresTradingSystem - INFO - 📊 Symbol: ETHUSDT, Exchange: BINANCE
2025-09-04 20:55:16,491 - AresComponent.AresLauncher - INFO - 🚀 Running step-based training with validation for ETHUSDT on BINANCE
2025-09-04 20:55:16,491 - AresComponent.AresLauncher - INFO - 📊 Starting from: step02_data_reading
2025-09-04 20:55:16,491 - AresComponent.AresLauncher - INFO - 🎯 Training mode: blank
2025-09-04 20:55:16,491 - AresComponent.AresLauncher - INFO - 🔍 Validating previous steps before starting from step02_data_reading
2025-09-04 20:55:16,509 - AresComponent.AresLauncher - WARNING - ⚠️ Unknown step step02_data_reading, skipping validation
2025-09-04 20:55:16,509 - AresComponent.AresLauncher - INFO - ✅ No previous steps to validate for step02_data_reading
2025-09-04 20:55:16,509 - AresComponent.AresLauncher - INFO - Starting from step: step02_data_reading
2025-09-04 20:55:16,522 - AresComponent.AresLauncher - INFO - 🧪 BLANK TRAINING MODE: Set BLANK_TRAINING_MODE=1 for step-based training (180 days)
2025-09-04 20:55:16,522 - AresComponent.ProgressManager - INFO - Initialized ProgressManager for ETHUSDT on BINANCE
2025-09-04 20:55:16,522 - AresComponent.ProgressManager - INFO - Progress directory: data/training/progress/BINANCE_ETHUSDT
2025-09-04 20:55:16,522 - AresComponent.StepOrchestrator - INFO - Initialized StepOrchestrator for ETHUSDT on BINANCE
2025-09-04 20:55:16,522 - AresComponent.AresLauncher - INFO - 🔍 Step validation will be performed by EnhancedTrainingManager
2025-09-04 20:55:16,522 - AresComponent.StepOrchestrator - INFO - 🚀 Starting execution from step: step02_data_reading
2025-09-04 20:55:16,524 - AresComponent.ProgressManager - INFO - Initialized ProgressManager for BTCUSDT on binance
2025-09-04 20:55:16,524 - AresComponent.ProgressManager - INFO - Progress directory: data/progress/binance_BTCUSDT
2025-09-04 20:55:16,524 - AresComponent.SimplifiedTrainingManager - INFO - Initialized SimplifiedTrainingManager for BTCUSDT on binance
2025-09-04 20:55:16,525 - AresComponent.TrainingManager - INFO - 🔧 Initializing Training Manager...
2025-09-04 20:55:16,525 - AresComponent.SimplifiedTrainingManager - INFO - 🔧 Initializing training manager...
2025-09-04 20:55:16,525 - AresComponent.SimplifiedTrainingManager - INFO - ✅ Step sequence validated: 23 steps, 23 enabled
2025-09-04 20:55:16,525 - AresComponent.SimplifiedTrainingManager - INFO - ✅ Training manager initialized successfully
2025-09-04 20:55:16,525 - AresComponent.TrainingManager - INFO - ✅ Training Manager initialized successfully
2025-09-04 20:55:16,525 - AresComponent.StepOrchestrator - INFO - ✅ Enhanced training manager setup successfully
2025-09-04 20:55:16,525 - AresComponent.TrainingManager - INFO - 🚀 Starting training for ETHUSDT on BINANCE
2025-09-04 20:55:16,525 - AresComponent.SimplifiedTrainingManager - INFO - 🚀 Starting pipeline execution...
2025-09-04 20:55:16,525 - AresComponent.SimplifiedTrainingManager - ERROR - ❌ Missing dependency step01_5_data_converter for step02_data_reading
2025-09-04 20:55:16,525 - AresComponent.SimplifiedTrainingManager - ERROR - ❌ Dependencies not met for: step02_data_reading
2025-09-04 20:55:16,525 - AresComponent.TrainingManager - ERROR - ❌ Training failed: Dependencies not met for required step: step02_data_reading
2025-09-04 20:55:16,525 - AresComponent.StepOrchestrator - INFO - [91m[1m🚫[0m [91m[1m❌ Enhanced 16-step training pipeline failed[0m
2025-09-04 20:55:16,525 - AresComponent.AresLauncher - ERROR - ❌ Step-based training pipeline failed
2025-09-04 20:55:16,526 - AresTradingSystem - INFO - 🏁 Launcher ended: FAILED (exit code: 1)
2025-09-04 20:55:16,526 - AresComponent.AresLauncher - INFO - 🧹 Cleaning up processes...
2025-09-04 20:55:16,526 - AresComponent.AresLauncher - INFO - ✅ Cleanup completed
