2025-09-04 23:31:41,471 - AresTradingSystem - INFO - 🚀 Launcher started: INITIALIZATION
2025-09-04 23:31:41,472 - AresComponent.AresLauncher - INFO - ================================================================================
2025-09-04 23:31:41,472 - AresComponent.AresLauncher - INFO - 🚀 ARES COMPREHENSIVE LAUNCHER
2025-09-04 23:31:41,472 - AresComponent.AresLauncher - INFO - ================================================================================
2025-09-04 23:31:41,472 - AresComponent.AresLauncher - INFO - Start time: 2025-09-04 23:31:41
2025-09-04 23:31:41,472 - AresComponent.AresLauncher - INFO - Log directory: logs
2025-09-04 23:31:41,472 - AresComponent.AresLauncher - INFO - Log level: INFO
2025-09-04 23:31:41,472 - AresComponent.AresLauncher - INFO - Global log file: ares_global_20250904_233141.log
2025-09-04 23:31:41,472 - AresComponent.AresLauncher - INFO - ================================================================================
2025-09-04 23:31:41,472 - AresTradingSystem - INFO - 🚀 Launcher started: step02_5
2025-09-04 23:31:41,472 - AresTradingSystem - INFO - 📊 Symbol: ETHUSDT, Exchange: BINANCE
2025-09-04 23:31:41,472 - AresComponent.AresLauncher - INFO - 🚀 Running step-based training with validation for ETHUSDT on BINANCE
2025-09-04 23:31:41,472 - AresComponent.AresLauncher - INFO - 📊 Starting from: step2_5_sr_optimization
2025-09-04 23:31:41,472 - AresComponent.AresLauncher - INFO - 🎯 Training mode: blank
2025-09-04 23:31:41,473 - AresComponent.AresLauncher - INFO - 🔍 Validating previous steps before starting from step2_5_sr_optimization
2025-09-04 23:31:41,477 - AresComponent.AresLauncher - ERROR - ❌ Error in step validation: 'StepDependencyValidator' object has no attribute 'step_dependencies'
Traceback (most recent call last):
  File "/Users/remyroche/Documents/Ares/ares_launcher.py", line 2677, in _validate_previous_steps
    step_dependencies=dependency_validator.step_dependencies
                      ^^^^^^^^^^^^^^^^^^^^^^^^^^^^^^^^^^^^^^
AttributeError: 'StepDependencyValidator' object has no attribute 'step_dependencies'
2025-09-04 23:31:41,479 - AresComponent.AresLauncher - ERROR - ❌ Cannot start from step2_5_sr_optimization - previous step validation failed
2025-09-04 23:31:41,480 - AresTradingSystem - INFO - 🏁 Launcher ended: FAILED (exit code: 1)
2025-09-04 23:31:41,480 - AresComponent.AresLauncher - INFO - 🧹 Cleaning up processes...
2025-09-04 23:31:41,480 - AresComponent.AresLauncher - INFO - ✅ Cleanup completed
