2025-09-04 20:56:54,266 - AresTradingSystem - INFO - 🚀 Launcher started: INITIALIZATION
2025-09-04 20:56:54,266 - AresComponent.AresLauncher - INFO - ================================================================================
2025-09-04 20:56:54,266 - AresComponent.AresLauncher - INFO - 🚀 ARES COMPREHENSIVE LAUNCHER
2025-09-04 20:56:54,266 - AresComponent.AresLauncher - INFO - ================================================================================
2025-09-04 20:56:54,266 - AresComponent.AresLauncher - INFO - Start time: 2025-09-04 20:56:54
2025-09-04 20:56:54,266 - AresComponent.AresLauncher - INFO - Log directory: logs
2025-09-04 20:56:54,266 - AresComponent.AresLauncher - INFO - Log level: INFO
2025-09-04 20:56:54,266 - AresComponent.AresLauncher - INFO - Global log file: ares_global_20250904_205654.log
2025-09-04 20:56:54,266 - AresComponent.AresLauncher - INFO - ================================================================================
2025-09-04 20:56:54,266 - AresTradingSystem - INFO - 🚀 Launcher started: step02_5
2025-09-04 20:56:54,267 - AresTradingSystem - INFO - 📊 Symbol: ETHUSDT, Exchange: BINANCE
2025-09-04 20:56:54,267 - AresComponent.AresLauncher - INFO - 🚀 Running step-based training with validation for ETHUSDT on BINANCE
2025-09-04 20:56:54,267 - AresComponent.AresLauncher - INFO - 📊 Starting from: step2_5_sr_optimization
2025-09-04 20:56:54,267 - AresComponent.AresLauncher - INFO - 🎯 Training mode: blank
2025-09-04 20:56:54,267 - AresComponent.AresLauncher - INFO - 🔍 Validating previous steps before starting from step2_5_sr_optimization
2025-09-04 20:56:54,285 - AresComponent.AresLauncher - WARNING - ⚠️ Unknown step step2_5_sr_optimization, skipping validation
2025-09-04 20:56:54,285 - AresComponent.AresLauncher - INFO - ✅ No previous steps to validate for step2_5_sr_optimization
2025-09-04 20:56:54,285 - AresComponent.AresLauncher - INFO - Starting from step: step2_5_sr_optimization
2025-09-04 20:56:54,294 - AresComponent.AresLauncher - INFO - 🧪 BLANK TRAINING MODE: Set BLANK_TRAINING_MODE=1 for step-based training (180 days)
2025-09-04 20:56:54,295 - AresComponent.ProgressManager - INFO - Initialized ProgressManager for ETHUSDT on BINANCE
2025-09-04 20:56:54,295 - AresComponent.ProgressManager - INFO - Progress directory: data/training/progress/BINANCE_ETHUSDT
2025-09-04 20:56:54,295 - AresComponent.StepOrchestrator - INFO - Initialized StepOrchestrator for ETHUSDT on BINANCE
2025-09-04 20:56:54,295 - AresComponent.AresLauncher - INFO - 🔍 Step validation will be performed by EnhancedTrainingManager
2025-09-04 20:56:54,295 - AresComponent.StepOrchestrator - INFO - 🚀 Starting execution from step: step2_5_sr_optimization
2025-09-04 20:56:54,295 - AresComponent.StepOrchestrator - ERROR - ❌ Unknown step: step2_5_sr_optimization
2025-09-04 20:56:54,295 - AresComponent.AresLauncher - ERROR - ❌ Step-based training pipeline failed
2025-09-04 20:56:54,295 - AresTradingSystem - INFO - 🏁 Launcher ended: FAILED (exit code: 1)
2025-09-04 20:56:54,296 - AresComponent.AresLauncher - INFO - 🧹 Cleaning up processes...
2025-09-04 20:56:54,296 - AresComponent.AresLauncher - INFO - ✅ Cleanup completed
