Dec 29, 2025 01:22:29 (+00:00:00) - DataQualityFramework - INFO - ✅ Comprehensive duplicate analyzer integrated
Dec 29, 2025 01:22:29 (+00:00:00) - DataQualityFramework - INFO - 🔧 Unified Data Quality Framework initialized (singleton)
Dec 29, 2025 01:22:29 (+00:00:00) - DataCleaner - INFO - Using klines-specific gap thresholds: {<GapType.SMALL: 'small'>: 65, <GapType.MEDIUM: 'medium'>: 300, <GapType.LARGE: 'large'>: 1800, <GapType.CRITICAL: 'critical'>: 3600}
Dec 29, 2025 01:22:29 (+00:00:00) - DataCleaner - INFO - Using klines-specific gap thresholds: {<GapType.SMALL: 'small'>: 65, <GapType.MEDIUM: 'medium'>: 300, <GapType.LARGE: 'large'>: 1800, <GapType.CRITICAL: 'critical'>: 3600}
Dec 29, 2025 01:22:29 (+00:00:00) - DataCleanerManager - INFO - 🔧 DataCleanerManager initialized (singleton)
Dec 29, 2025 01:22:29 (+00:00:00) - System.AdvancedQualityMetrics - INFO - 📊 AdvancedQualityMetrics initialized with tolerant parameters
Dec 29, 2025 01:22:29 (+00:00:00) - System.DataStreamingManager - INFO - 🚀 DataStreamingManager initialized (singleton): chunk_size=10000, memory_threshold=0.8
Dec 29, 2025 01:22:29 (+00:00:00) - System.CrossStepValidator - INFO - 🔍 CrossStepValidator initialized with comprehensive consistency rules
Dec 29, 2025 01:22:29 (+00:00:00) - DataCleaner - INFO - Using klines-specific gap thresholds: {<GapType.SMALL: 'small'>: 65, <GapType.MEDIUM: 'medium'>: 300, <GapType.LARGE: 'large'>: 1800, <GapType.CRITICAL: 'critical'>: 3600}
Dec 29, 2025 01:22:29 (+00:00:00) - System.UnifiedDataUtils - INFO - 🚀 Unified Data Utils initialized
Dec 29, 2025 01:22:29 (+00:00:00) - utils.hardware.m1_gpu_utils.M1GPUManager - INFO - M1 GPU Manager initialized - M1: True, Generation: m1, MPS: True
Dec 29, 2025 01:22:29 (+00:00:00) - utils.hardware.m1_cpu_optimizer.M1CPUOptimizer - INFO - 🧠 M1 CPU Optimizer initialized for M1 (4P+4E cores)
Dec 29, 2025 01:22:29 (+00:00:00) - utils.matrix_operations.enhanced_operations.CustomMatrixOperationsRegistry - INFO - 📝 Registered custom matrix operation: gpu_condition_number
Dec 29, 2025 01:22:29 (+00:00:00) - utils.matrix_operations.enhanced_operations.CustomMatrixOperationsRegistry - INFO - 📝 Registered custom matrix operation: gpu_matrix_rank
Dec 29, 2025 01:22:29 (+00:00:00) - utils.matrix_operations.enhanced_operations.CustomMatrixOperationsRegistry - INFO - 📝 Registered custom matrix operation: matrix_normalize
Dec 29, 2025 01:22:29 (+00:00:00) - utils.matrix_operations.enhanced_operations.CustomMatrixOperationsRegistry - INFO - 📝 Registered custom matrix operation: extract_matrix_features
Dec 29, 2025 01:22:29 (+00:00:00) - utils.matrix_operations - INFO - ✅ Unified Matrix Operations module initialized
Dec 29, 2025 01:22:29 (+00:00:00) - utils.matrix_operations - INFO - 📦 Version: 1.0.0
Dec 29, 2025 01:22:29 (+00:00:00) - utils.matrix_operations - INFO - 🔧 Features: VectorBT optimizations, GPU acceleration, memory optimization, vectorized processing, batch operations
Dec 29, 2025 01:22:29 (+00:00:00) - utils.matrix_operations - INFO - 🍎 Optimized for: Apple Silicon M1/M2/M3 Macs
Dec 29, 2025 01:22:29 (+00:00:00) - utils.matrix_operations - INFO - 🚀 VectorBT optimizations enabled - expect 2-10x performance improvements
Dec 29, 2025 01:22:29 (+00:00:00) - utils.matrix_operations - INFO - 🎯 VectorBTRollingOptimizer available - enhanced rolling operations
Dec 29, 2025 01:22:29 (+00:00:00) - utils.matrix_operations - INFO - ⚡ UnifiedVectorizationManager available - unified vectorization operations
Dec 29, 2025 01:22:29 (+00:00:00) - src.config.regime_ensemble_training.config_manager.RegimeEnsembleTrainingConfigManager - INFO - RegimeEnsembleTrainingConfigManager initialisé
Dec 29, 2025 01:22:29 (+00:00:00) - src.config.regime_ensemble_training.config_manager.RegimeEnsembleTrainingConfigManager - INFO - Répertoire config: /Users/remyroche/Documents/Ares/src/config/regime_ensemble_training
Dec 29, 2025 01:22:29 (+00:00:00) - src.config.regime_ensemble_training.config_manager.RegimeEnsembleTrainingConfigManager - INFO - Config personnalisée: None
Dec 29, 2025 01:22:29 (+00:00:00) - src.config.regime_ensemble_training.config_manager.RegimeEnsembleTrainingConfigManager - INFO - Fallback hardcodé: True
Dec 29, 2025 01:22:29 (+00:00:00) - ares.registry - INFO - Registered step: regime_ensemble_training
Dec 29, 2025 01:22:29 (+00:00:00) - ares.registry - INFO - Registered step: regime_feature_selection
Dec 29, 2025 01:22:29 (+00:00:00) - src.training.steps.market_analysis.shared_utils.execution_mode_lookback_config - INFO - 🔧 Initializing Execution Mode Lookback Configuration
Dec 29, 2025 01:22:29 (+00:00:00) - src.training.steps.market_analysis.shared_utils.execution_mode_lookback_config - INFO - ✅ Execution Mode Lookback Configuration initialized
Dec 29, 2025 01:22:29 (+00:00:00) - ares.registry - INFO - Registered step: rolling_hmm_regime_discovery
Dec 29, 2025 01:22:29 (+00:00:00) - ares.registry - INFO - Registered step: sr_parameter_optimization
Dec 29, 2025 01:22:29 (+00:00:00) - ares.registry - INFO - Registered step: regime_clustering
Dec 29, 2025 01:22:29 (+00:00:00) - ares.registry - INFO - Registered step: regime_ensemble_training
Dec 29, 2025 01:22:29 (+00:00:00) - ares.registry - INFO - Registered step: sr_clustering
Dec 29, 2025 01:22:29 (+00:00:00) - ares.registry - INFO - Registered step: sr_detection
Dec 29, 2025 01:22:29 (+00:00:00) - ares.registry - INFO - Registered step: regime_feature_selection
Dec 29, 2025 01:22:29 (+00:00:00) - ares.registry - INFO - Registered step: sticky_finite_hmm_regime_discovery
Dec 29, 2025 01:22:29 (+00:00:00) - ares.registry - INFO - Registered step: xgb_meso_regime
Dec 29, 2025 01:22:29 (+00:00:00) - ares.registry - INFO - Registered step: xgb_mr_trend_step
Dec 29, 2025 01:22:29 (+00:00:00) - ares.registry - INFO - Registered step: hmm_ml_alpha_step
Dec 29, 2025 01:22:29 (+00:00:00) - ares.registry - INFO - Registered step: xgb_macro_regime
Dec 29, 2025 01:22:29 (+00:00:00) - ares.registry - INFO - Registered step: ml_risk_regime_step
Dec 29, 2025 01:22:29 (+00:00:00) - ares.registry - INFO - Registered step: ml_smc_regime_step
Dec 29, 2025 01:22:29 (+00:00:00) - ares.registry - INFO - Registered step: ml_path_regime_step
Dec 29, 2025 01:22:29 (+00:00:00) - ares.registry - INFO - Registered step: ml_mean_reversion_step
Dec 29, 2025 01:22:29 (+00:00:00) - ares.registry - INFO - Registered step: ml_breakout_bounce_regime_step
Dec 29, 2025 01:22:29 (+00:00:00) - ares.registry - INFO - Registered step: ml_map_regime_step
Dec 29, 2025 01:22:29 (+00:00:00) - ares.registry - INFO - Registered step: ml_liquidity_regime_step
Dec 29, 2025 01:22:29 (+00:00:00) - ares.registry - INFO - Registered step: ml_volume_force_step
Dec 29, 2025 01:22:29 (+00:00:00) - ares.registry - INFO - Registered step: feature_generation_meta_labeling_step
Dec 29, 2025 01:22:29 (+00:00:00) - ares.registry - INFO - Registered step: sr_labeling_xgb
Dec 29, 2025 01:22:29 (+00:00:00) - ares.registry - INFO - Registered step: meta_labeling_hpo_experiment
Dec 29, 2025 01:22:29 (+00:00:00) - ares.launcher - INFO - Starting Simplified Ares Launcher...
Dec 29, 2025 01:22:29 (+00:00:00) - ares.launcher - INFO - 🧹 Starting cleanup of duplicate files...
Dec 29, 2025 01:22:29 (+00:00:00) - ares.launcher - INFO - Cleaning directory: logs (keeping 100 youngest files per group)
Dec 29, 2025 01:22:29 (+00:00:00) - ares.launcher - INFO -   Group 'unified.log': 102 files, keeping 100, deleting 2
Dec 29, 2025 01:22:29 (+00:00:00) - ares.launcher - INFO - Cleaning directory: artifacts (keeping 3 youngest files per group)
Dec 29, 2025 01:22:29 (+00:00:00) - ares.launcher - INFO - Cleaning directory: outcomes (keeping 3 youngest files per group)
Dec 29, 2025 01:22:29 (+00:00:00) - ares.launcher - INFO -   Group 'layer2_report__.md': 4 files, keeping 3, deleting 1
Dec 29, 2025 01:22:29 (+00:00:00) - ares.launcher - INFO -   Group 'layer2_summary__.csv': 4 files, keeping 3, deleting 1
Dec 29, 2025 01:22:29 (+00:00:00) - ares.launcher - INFO -   Group 'layer0_summary_ETHUSDT_15m.csv': 4 files, keeping 3, deleting 1
Dec 29, 2025 01:22:29 (+00:00:00) - ares.launcher - INFO -   Group 'layer3_scheme_comparison_ETHUSDT_15m.csv': 4 files, keeping 3, deleting 1
Dec 29, 2025 01:22:29 (+00:00:00) - ares.launcher - INFO -   Group 'layer0_report_ETHUSDT_15m.md': 4 files, keeping 3, deleting 1
Dec 29, 2025 01:22:29 (+00:00:00) - ares.launcher - INFO -   Group 'layer2_production_geometries__.csv': 4 files, keeping 3, deleting 1
Dec 29, 2025 01:22:29 (+00:00:00) - ares.launcher - INFO -   Group 'layer3_drop_reasons.csv': 4 files, keeping 3, deleting 1
Dec 29, 2025 01:22:29 (+00:00:00) - ares.launcher - INFO -   Group 'layer3_summary_ETHUSDT_15m.csv': 4 files, keeping 3, deleting 1
Dec 29, 2025 01:22:29 (+00:00:00) - ares.launcher - INFO -   Group 'layer2_geometry_metrics__.csv': 4 files, keeping 3, deleting 1
Dec 29, 2025 01:22:29 (+00:00:00) - ares.launcher - INFO - ✅ Cleanup complete: 11 files deleted, 0 files skipped
Dec 29, 2025 01:22:29 (+00:00:00) - ares.launcher - INFO - Detected positional command: meta_labeling_hpo_sample_weighted
Dec 29, 2025 01:22:29 (+00:00:00) - src.utils.ml_common.optimization.execution_mode_adapter - INFO - 🔧 Execution mode set to: BLANK
Dec 29, 2025 01:22:29 (+00:00:00) - ares.launcher - INFO - 🔧 Execution mode set to: BLANK
Dec 29, 2025 01:22:29 (+00:00:00) - ares.launcher - INFO - Running single step: meta_labeling_hpo_sample_weighted
Dec 29, 2025 01:22:29 (+00:00:00) - ares.launcher - INFO - Starting execution of step: meta_labeling_hpo_sample_weighted
Dec 29, 2025 01:22:29 (+00:00:00) - ares.step.meta_labeling_hpo_sample_weighted - INFO - Starting execution of meta_labeling_hpo_sample_weighted
Dec 29, 2025 01:22:29 (+00:00:00) - ares.step.meta_labeling_hpo_sample_weighted - INFO - Execution mode resolved for meta_labeling_hpo_sample_weighted: requested_cli=blank → persona=analyst
Dec 29, 2025 01:22:29 (+00:00:00) - System.VersionManager - INFO - ✅ Loaded version config from config/version_config.json
Dec 29, 2025 01:22:29 (+00:00:00) - System.ArtifactManager - INFO - 📁 Context set: step=meta_labeling_hpo_sample_weighted, symbol=None, exchange=None, timeframe=None, datetime=2025-12-29 01:22:29.659468, information=None, direction=long, model=Analyst
Dec 29, 2025 01:22:29 (+00:00:00) - System.ArtifactManager - INFO - 📁 Context set: step=klines_downloading_processing, symbol=ETHUSDT, exchange=binance, timeframe=15m, datetime=2025-12-29 00:22:29.660667, information=None, direction=long, model=Analyst
Dec 29, 2025 01:22:29 (+00:00:00) - System.KlinesParquetManager - INFO - ✅ KlinesParquetManager initialized with base_dir: historical_data
Dec 29, 2025 01:22:29 (+00:00:00) - src.utils.kline_parquet - INFO - load_klines executed in 1.11ms
Dec 29, 2025 01:22:29 (+00:00:00) - ares.step.meta_labeling_hpo_sample_weighted - WARNING - Artifact 'klines_data' not found via router, trying traditional manager
Dec 29, 2025 01:22:29 (+00:00:00) - System.ArtifactManager - INFO - 📁 Context set: step=meta_labeling_hpo_sample_weighted, symbol=None, exchange=None, timeframe=15m, datetime=2025-12-29 01:22:29.659468, information=None, direction=long, model=Analyst
Dec 29, 2025 01:22:29 (+00:00:00) - System.ArtifactManager - WARNING - Artifact not found: klines_data
Dec 29, 2025 01:22:29 (+00:00:00) - System.ArtifactManager - INFO - 📁 Context set: step=meta_labeling_hpo_sample_weighted, symbol=None, exchange=None, timeframe=None, datetime=2025-12-29 01:22:29.659468, information=None, direction=long, model=Analyst
Dec 29, 2025 01:22:29 (+00:00:00) - System.ArtifactManager - INFO - 📁 Context set: step=data_collection, symbol=ETHUSDT, exchange=binance, timeframe=15m, datetime=2025-12-29 00:22:29.718940, information=None, direction=long, model=Analyst
Dec 29, 2025 01:22:29 (+00:00:00) - ares.step.meta_labeling_hpo_sample_weighted - WARNING - Artifact 'market_data' not found via router, trying traditional manager
Dec 29, 2025 01:22:29 (+00:00:00) - System.ArtifactManager - INFO - 📁 Context set: step=meta_labeling_hpo_sample_weighted, symbol=None, exchange=None, timeframe=15m, datetime=2025-12-29 01:22:29.659468, information=None, direction=long, model=Analyst
Dec 29, 2025 01:22:29 (+00:00:00) - System.ArtifactManager - WARNING - Artifact not found: market_data
Dec 29, 2025 01:22:29 (+00:00:00) - System.ArtifactManager - INFO - 📁 Context set: step=meta_labeling_hpo_sample_weighted, symbol=None, exchange=None, timeframe=None, datetime=2025-12-29 01:22:29.659468, information=None, direction=long, model=Analyst
Dec 29, 2025 01:22:29 (+00:00:00) - System.ArtifactManager - INFO - 📁 Context set: step=data_reading, symbol=ETHUSDT, exchange=binance, timeframe=15m, datetime=2025-12-29 00:22:29.748042, information=None, direction=long, model=Analyst
Dec 29, 2025 01:22:29 (+00:00:00) - src.utils.kline_parquet - INFO - load_klines executed in 0.24ms
Dec 29, 2025 01:22:29 (+00:00:00) - ares.step.meta_labeling_hpo_sample_weighted - WARNING - Artifact 'ohlcv_data' not found via router, trying traditional manager
Dec 29, 2025 01:22:29 (+00:00:00) - System.ArtifactManager - INFO - 📁 Context set: step=meta_labeling_hpo_sample_weighted, symbol=None, exchange=None, timeframe=15m, datetime=2025-12-29 01:22:29.659468, information=None, direction=long, model=Analyst
Dec 29, 2025 01:22:29 (+00:00:00) - System.ArtifactManager - WARNING - Artifact not found: ohlcv_data
Dec 29, 2025 01:22:29 (+00:00:00) - System.ArtifactManager - INFO - 📁 Context set: step=meta_labeling_hpo_sample_weighted, symbol=None, exchange=None, timeframe=None, datetime=2025-12-29 01:22:29.659468, information=None, direction=long, model=Analyst
Dec 29, 2025 01:22:29 (+00:00:00) - System.ArtifactManager - INFO - 📁 Context set: step=meta_labeling_hpo_sample_weighted, symbol=None, exchange=None, timeframe=None, datetime=2025-12-29 01:22:29.659468, information=None, direction=long, model=Analyst
Dec 29, 2025 01:22:29 (+00:00:00) - System.KlinesParquetManager - INFO - ✅ KlinesParquetManager initialized with base_dir: historical_data
Dec 29, 2025 01:22:29 (+00:00:00) - System.KlinesParquetManager - INFO - ✅ KlinesParquetManager initialized with base_dir: historical_data
Dec 29, 2025 01:22:29 (+00:00:00) - System.ParquetUtils - INFO - ✅ Read parquet: 3b08e855a9c24b019d7c633963954045-0.parquet -> (104, 9)
Dec 29, 2025 01:22:29 (+00:00:00) - System.ParquetUtils - INFO - ✅ Read parquet: 3b08e855a9c24b019d7c633963954045-0.parquet -> (2880, 9)
Dec 29, 2025 01:22:29 (+00:00:00) - System.ParquetUtils - INFO - ✅ Read parquet: 3b08e855a9c24b019d7c633963954045-0.parquet -> (2976, 9)
Dec 29, 2025 01:22:29 (+00:00:00) - System.ParquetUtils - INFO - ✅ Read parquet: 3b08e855a9c24b019d7c633963954045-0.parquet -> (2976, 9)
Dec 29, 2025 01:22:29 (+00:00:00) - System.ParquetUtils - INFO - ✅ Read parquet: 3b08e855a9c24b019d7c633963954045-0.parquet -> (2976, 9)
Dec 29, 2025 01:22:29 (+00:00:00) - System.ParquetUtils - INFO - ✅ Read parquet: 3b08e855a9c24b019d7c633963954045-0.parquet -> (2877, 9)
Dec 29, 2025 01:22:29 (+00:00:00) - System.ParquetUtils - INFO - ✅ Read parquet: 3b08e855a9c24b019d7c633963954045-0.parquet -> (2047, 9)
Dec 29, 2025 01:22:29 (+00:00:00) - System.ParquetUtils - INFO - ✅ Read parquet: 3b08e855a9c24b019d7c633963954045-0.parquet -> (2688, 9)
Dec 29, 2025 01:22:29 (+00:00:00) - System.ParquetUtils - INFO - ✅ Read parquet: 3b08e855a9c24b019d7c633963954045-0.parquet -> (2976, 9)
Dec 29, 2025 01:22:29 (+00:00:00) - System.ParquetUtils - INFO - ✅ Read parquet: 3b08e855a9c24b019d7c633963954045-0.parquet -> (2880, 9)
Dec 29, 2025 01:22:29 (+00:00:00) - System.ParquetUtils - INFO - ✅ Read parquet: 3b08e855a9c24b019d7c633963954045-0.parquet -> (2976, 9)
Dec 29, 2025 01:22:29 (+00:00:00) - System.ParquetUtils - INFO - ✅ Read parquet: 3b08e855a9c24b019d7c633963954045-0.parquet -> (2880, 9)
Dec 29, 2025 01:22:29 (+00:00:00) - System.ParquetUtils - INFO - ✅ Read parquet: 3b08e855a9c24b019d7c633963954045-0.parquet -> (2976, 9)
Dec 29, 2025 01:22:29 (+00:00:00) - System.ParquetUtils - INFO - ✅ Read parquet: 3b08e855a9c24b019d7c633963954045-0.parquet -> (2976, 9)
Dec 29, 2025 01:22:29 (+00:00:00) - System.ParquetUtils - INFO - ✅ Read parquet: 3b08e855a9c24b019d7c633963954045-0.parquet -> (2880, 9)
Dec 29, 2025 01:22:29 (+00:00:00) - System.ParquetUtils - INFO - ✅ Read parquet: 3b08e855a9c24b019d7c633963954045-0.parquet -> (2976, 9)
Dec 29, 2025 01:22:29 (+00:00:00) - System.ParquetUtils - INFO - ✅ Read parquet: 3b08e855a9c24b019d7c633963954045-0.parquet -> (2976, 9)
Dec 29, 2025 01:22:29 (+00:00:00) - System.ParquetUtils - INFO - ✅ Read parquet: 3b08e855a9c24b019d7c633963954045-0.parquet -> (2880, 9)
Dec 29, 2025 01:22:29 (+00:00:00) - System.ParquetUtils - INFO - ✅ Read parquet: 3b08e855a9c24b019d7c633963954045-0.parquet -> (2976, 9)
Dec 29, 2025 01:22:29 (+00:00:00) - System.ParquetUtils - INFO - ✅ Read parquet: 3b08e855a9c24b019d7c633963954045-0.parquet -> (2688, 9)
Dec 29, 2025 01:22:29 (+00:00:00) - System.ParquetUtils - INFO - ✅ Read parquet: 3b08e855a9c24b019d7c633963954045-0.parquet -> (2363, 9)
Dec 29, 2025 01:22:29 (+00:00:00) - System.ParquetUtils - INFO - ✅ Read parquet: 3b08e855a9c24b019d7c633963954045-0.parquet -> (2880, 9)
Dec 29, 2025 01:22:29 (+00:00:00) - System.ParquetUtils - INFO - ✅ Read parquet: 3b08e855a9c24b019d7c633963954045-0.parquet -> (2976, 9)
Dec 29, 2025 01:22:30 (+00:00:00) - System.ParquetUtils - INFO - ✅ Read parquet: 3b08e855a9c24b019d7c633963954045-0.parquet -> (2880, 9)
Dec 29, 2025 01:22:30 (+00:00:00) - System.ParquetUtils - INFO - ✅ Read parquet: 3b08e855a9c24b019d7c633963954045-0.parquet -> (2976, 9)
Dec 29, 2025 01:22:30 (+00:00:00) - System.ParquetUtils - INFO - ✅ Read parquet: 3b08e855a9c24b019d7c633963954045-0.parquet -> (2976, 9)
Dec 29, 2025 01:22:30 (+00:00:00) - System.ParquetUtils - INFO - ✅ Read parquet: 3b08e855a9c24b019d7c633963954045-0.parquet -> (2880, 9)
Dec 29, 2025 01:22:30 (+00:00:00) - System.ParquetUtils - INFO - ✅ Read parquet: 3b08e855a9c24b019d7c633963954045-0.parquet -> (2976, 9)
Dec 29, 2025 01:22:30 (+00:00:00) - System.ParquetUtils - INFO - ✅ Read parquet: 3b08e855a9c24b019d7c633963954045-0.parquet -> (2976, 9)
Dec 29, 2025 01:22:30 (+00:00:00) - System.ParquetUtils - INFO - ✅ Read parquet: 3b08e855a9c24b019d7c633963954045-0.parquet -> (2880, 9)
Dec 29, 2025 01:22:30 (+00:00:00) - System.ParquetUtils - INFO - ✅ Read parquet: 3b08e855a9c24b019d7c633963954045-0.parquet -> (2976, 9)
Dec 29, 2025 01:22:30 (+00:00:00) - System.ParquetUtils - INFO - ✅ Read parquet: 3b08e855a9c24b019d7c633963954045-0.parquet -> (2784, 9)
Dec 29, 2025 01:22:30 (+00:00:00) - System.ParquetUtils - INFO - ✅ Read parquet: 3b08e855a9c24b019d7c633963954045-0.parquet -> (2976, 9)
Dec 29, 2025 01:22:30 (+00:00:00) - System.ParquetUtils - INFO - ✅ Read parquet: 3b08e855a9c24b019d7c633963954045-0.parquet -> (2880, 9)
Dec 29, 2025 01:22:30 (+00:00:00) - System.ParquetUtils - INFO - ✅ Read parquet: 3b08e855a9c24b019d7c633963954045-0.parquet -> (2976, 9)
Dec 29, 2025 01:22:30 (+00:00:00) - System.ParquetUtils - INFO - ✅ Read parquet: 3b08e855a9c24b019d7c633963954045-0.parquet -> (2880, 9)
Dec 29, 2025 01:22:30 (+00:00:00) - System.ParquetUtils - INFO - ✅ Read parquet: 3b08e855a9c24b019d7c633963954045-0.parquet -> (2976, 9)
Dec 29, 2025 01:22:30 (+00:00:00) - System.ParquetUtils - INFO - ✅ Read parquet: 3b08e855a9c24b019d7c633963954045-0.parquet -> (2976, 9)
Dec 29, 2025 01:22:30 (+00:00:00) - System.ParquetUtils - INFO - ✅ Read parquet: 3b08e855a9c24b019d7c633963954045-0.parquet -> (2880, 9)
Dec 29, 2025 01:22:30 (+00:00:00) - System.ParquetUtils - INFO - ✅ Read parquet: 3b08e855a9c24b019d7c633963954045-0.parquet -> (2976, 9)
Dec 29, 2025 01:22:30 (+00:00:00) - System.ParquetUtils - INFO - ✅ Read parquet: 3b08e855a9c24b019d7c633963954045-0.parquet -> (2976, 9)
Dec 29, 2025 01:22:30 (+00:00:00) - System.ParquetUtils - INFO - ✅ Read parquet: 3b08e855a9c24b019d7c633963954045-0.parquet -> (2880, 9)
Dec 29, 2025 01:22:30 (+00:00:00) - System.ParquetUtils - INFO - ✅ Read parquet: 3b08e855a9c24b019d7c633963954045-0.parquet -> (924, 9)
Dec 29, 2025 01:22:30 (+00:00:00) - System.ParquetUtils - INFO - ✅ Read parquet: 3b08e855a9c24b019d7c633963954045-0.parquet -> (2688, 9)
Dec 29, 2025 01:22:30 (+00:00:00) - System.ParquetUtils - INFO - ✅ Read parquet: 3b08e855a9c24b019d7c633963954045-0.parquet -> (2976, 9)
Dec 29, 2025 01:22:30 (+00:00:00) - System.ParquetUtils - INFO - ✅ Read parquet: 3b08e855a9c24b019d7c633963954045-0.parquet -> (2880, 9)
Dec 29, 2025 01:22:30 (+00:00:00) - System.ParquetUtils - INFO - ✅ Read parquet: 3b08e855a9c24b019d7c633963954045-0.parquet -> (2976, 9)
Dec 29, 2025 01:22:30 (+00:00:00) - System.ParquetUtils - INFO - ✅ Read parquet: 3b08e855a9c24b019d7c633963954045-0.parquet -> (2880, 9)
Dec 29, 2025 01:22:30 (+00:00:00) - System.ParquetUtils - INFO - ✅ Read parquet: 3b08e855a9c24b019d7c633963954045-0.parquet -> (2976, 9)
Dec 29, 2025 01:22:30 (+00:00:00) - System.ParquetUtils - INFO - ✅ Read parquet: 3b08e855a9c24b019d7c633963954045-0.parquet -> (2976, 9)
Dec 29, 2025 01:22:30 (+00:00:00) - System.ParquetUtils - INFO - ✅ Read parquet: 3b08e855a9c24b019d7c633963954045-0.parquet -> (2880, 9)
Dec 29, 2025 01:22:30 (+00:00:00) - src.utils.kline_parquet - INFO - load_klines executed in 323.11ms
Dec 29, 2025 01:22:32 (+00:00:03) - src.training.steps.labeling.label_based_layer_2 - INFO - Starting Layer 2 Pipeline...
Dec 29, 2025 01:22:32 (+00:00:03) - src.training.steps.labeling.label_based_layer_2 - INFO - >>> Layer 2: Step 1 - Prepare Data and Events...
Dec 29, 2025 01:22:32 (+00:00:03) - src.training.steps.labeling.label_based_layer_2 - INFO - Generated 15353 events from 31680 bars using CUSUM filter.
Dec 29, 2025 01:22:37 (+00:00:08) - src.training.steps.labeling.label_based_layer_2 - INFO - >>> Layer 2: Step 2 - Optimize Production Geometries...
Dec 29, 2025 01:22:42 (+00:00:12) - src.training.steps.labeling.label_based_layer_2 - INFO - Optimizing geometries: 15353 total events (no family split)
Dec 29, 2025 01:22:42 (+00:00:13) - src.training.steps.labeling.label_geometry_selection - INFO - Vectorizing 15353 events for horizons [8, 12, 16, 20, 24]...
Dec 29, 2025 01:22:43 (+00:00:13) - src.training.steps.labeling.label_geometry_selection - INFO - Event dedup: 15353 → 2961 events (min_gap=6 bars)
Dec 29, 2025 01:22:43 (+00:00:13) - src.training.steps.labeling.label_geometry_selection - INFO - Events after dedup: 15353 → 2961
Dec 29, 2025 01:22:43 (+00:00:13) - src.training.steps.labeling.label_geometry_selection - INFO - Dropped 18 near-constant feature columns after dedup (306 remaining).
Dec 29, 2025 01:22:43 (+00:00:13) - src.training.steps.labeling.label_geometry_selection - INFO - Generated 1680 raw candidates
Dec 29, 2025 01:22:43 (+00:00:13) - src.training.steps.labeling.label_geometry_selection - INFO - After hard constraints: 1680 candidates
Dec 29, 2025 01:22:43 (+00:00:13) - src.training.steps.labeling.label_geometry_selection - INFO - Distance-based deduplication: 1680 -> 93 candidates
Dec 29, 2025 01:22:43 (+00:00:13) - src.training.steps.labeling.label_geometry_selection - INFO - Training LGBM on 93 pre-filtered candidates...
Dec 29, 2025 01:22:43 (+00:00:14) - src.training.steps.labeling.label_geometry_selection - INFO - Gate rejected: survival=38.06%, uniq=0.21, reasons=['Low Learnability (AUC Lift 0.009)']
Dec 29, 2025 01:22:45 (+00:00:16) - src.training.steps.labeling.label_geometry_selection - INFO - Gate rejected: survival=34.75%, uniq=0.21, reasons=['Low Learnability (AUC Lift 0.003)']
Dec 29, 2025 01:22:49 (+00:00:20) - src.training.steps.labeling.label_geometry_selection - INFO - Gate rejected: survival=28.88%, uniq=0.26, reasons=['Low Learnability (AUC Lift 0.001)']
Dec 29, 2025 01:22:50 (+00:00:21) - src.training.steps.labeling.label_geometry_selection - INFO - Gate rejected: survival=34.89%, uniq=0.22, reasons=['Low Learnability (AUC Lift 0.008)']
Dec 29, 2025 01:22:50 (+00:00:21) - src.training.steps.labeling.label_geometry_selection - INFO - Gate rejected: survival=32.62%, uniq=0.24, reasons=['Low Learnability (AUC Lift 0.001)', 'Low Precision Lift (-0.001)']
Dec 29, 2025 01:22:53 (+00:00:23) - src.training.steps.labeling.label_geometry_selection - INFO - Pruning 88 accepted geometries based on correlation...
Dec 29, 2025 01:22:53 (+00:00:23) - src.training.steps.labeling.label_geometry_selection - INFO - Dropped Sniper (Selective, High Reward) (Sep: 0.086) due to correlation 1.00 with Sniper (Selective, High Reward) (Sep: 0.086)
Dec 29, 2025 01:22:53 (+00:00:23) - src.training.steps.labeling.label_geometry_selection - INFO - Dropped Balanced (Sep: 0.086) due to correlation 1.00 with Sniper (Selective, High Reward) (Sep: 0.086)
Dec 29, 2025 01:22:53 (+00:00:23) - src.training.steps.labeling.label_geometry_selection - INFO - Dropped Sniper (Selective, High Reward) (Sep: 0.086) due to correlation 1.00 with Sniper (Selective, High Reward) (Sep: 0.086)
Dec 29, 2025 01:22:53 (+00:00:23) - src.training.steps.labeling.label_geometry_selection - INFO - Dropped Momentum Surfer (Tolerates Volatility) (Sep: 0.064) due to correlation 1.00 with Sniper (Selective, High Reward) (Sep: 0.064)
Dec 29, 2025 01:22:53 (+00:00:23) - src.training.steps.labeling.label_geometry_selection - INFO - Dropped Pain Averse (High Penalty for Drawdown) (Sep: 0.064) due to correlation 1.00 with Sniper (Selective, High Reward) (Sep: 0.064)
Dec 29, 2025 01:22:53 (+00:00:23) - src.training.steps.labeling.label_geometry_selection - INFO - Dropped Sniper (Selective, High Reward) (Sep: 0.064) due to correlation 1.00 with Sniper (Selective, High Reward) (Sep: 0.064)
Dec 29, 2025 01:22:53 (+00:00:23) - src.training.steps.labeling.label_geometry_selection - INFO - Dropped Momentum Surfer (Tolerates Volatility) (Sep: 0.048) due to correlation 0.91 with Momentum Surfer (Tolerates Volatility) (Sep: 0.050)
Dec 29, 2025 01:22:53 (+00:00:23) - src.training.steps.labeling.label_geometry_selection - INFO - Dropped Sniper (Selective, High Reward) (Sep: 0.047) due to correlation 1.00 with Balanced (Sep: 0.047)
Dec 29, 2025 01:22:53 (+00:00:23) - src.training.steps.labeling.label_geometry_selection - INFO - Dropped Sniper (Selective, High Reward) (Sep: 0.047) due to correlation 1.00 with Balanced (Sep: 0.047)
Dec 29, 2025 01:22:53 (+00:00:23) - src.training.steps.labeling.label_geometry_selection - INFO - Dropped Balanced (Sep: 0.047) due to correlation 1.00 with Balanced (Sep: 0.047)
Dec 29, 2025 01:22:53 (+00:00:23) - src.training.steps.labeling.label_geometry_selection - INFO - Dropped Pain Averse (High Penalty for Drawdown) (Sep: 0.017) due to correlation 1.00 with Balanced (Sep: 0.017)
Dec 29, 2025 01:22:53 (+00:00:23) - src.training.steps.labeling.label_geometry_selection - INFO - Final Selection: 10 geometries (Best Separation Score: 0.135, Max: 10)
Dec 29, 2025 01:22:53 (+00:00:23) - src.training.steps.labeling.label_based_layer_2 - INFO - Geometry selection complete: 10 geometries selected
Dec 29, 2025 01:22:53 (+00:00:23) - src.training.steps.labeling.label_based_layer_2 - INFO - Layer2 Full Optimization: extracted_trials_per_family={'Unified': 10}
Dec 29, 2025 01:22:53 (+00:00:23) - src.training.steps.labeling.label_based_layer_2 - INFO - >>> Layer 2: Tuning Model Parameters & Selecting Features for Production Geometries...
Dec 29, 2025 01:22:58 (+00:00:28) - src.training.steps.labeling.label_based_layer_2 - INFO -     Processing geometry Geo_Sel8 (1/1)...
Dec 29, 2025 01:22:58 (+00:00:28) - src.training.steps.labeling.label_based_layer_2 - INFO -     Selecting features for Geo_Sel8...
Dec 29, 2025 01:23:02 (+00:00:33) - src.training.steps.labeling.label_based_layer_2 - INFO - >>> Layer 2: Step 3 - Running OOF Optimization (Analytics)...
Dec 29, 2025 01:23:02 (+00:00:33) - src.training.steps.labeling.label_based_layer_2 - INFO -    > Processing Fold 1/3...
Dec 29, 2025 01:23:02 (+00:00:33) - src.training.steps.labeling.label_based_layer_2 - INFO - Layer2 OOF Fold 1: purged k-fold val_start=0, val_stop=10560, purge_bars=100, test_start_time=2024-12-15 14:45:00, test_end_time=2025-04-04 14:30:00, n_train=21020
Dec 29, 2025 01:23:02 (+00:00:33) - src.training.steps.labeling.label_based_layer_2 - INFO - Layer2 OOF Fold 1: n_train_bars=21020, n_train_events=10580, n_test_events=4716
Dec 29, 2025 01:23:06 (+00:00:36) - src.training.steps.labeling.label_based_layer_2 - INFO - Optimizing geometries: 10580 total events (no family split)
Dec 29, 2025 01:23:06 (+00:00:36) - src.training.steps.labeling.label_geometry_selection - INFO - Vectorizing 10580 events for horizons [8, 12, 16, 20, 24]...
Dec 29, 2025 01:23:06 (+00:00:37) - src.training.steps.labeling.label_geometry_selection - INFO - Event dedup: 10580 → 2030 events (min_gap=6 bars)
Dec 29, 2025 01:23:06 (+00:00:37) - src.training.steps.labeling.label_geometry_selection - INFO - Events after dedup: 10580 → 2030
Dec 29, 2025 01:23:06 (+00:00:37) - src.training.steps.labeling.label_geometry_selection - INFO - Dropped 18 near-constant feature columns after dedup (306 remaining).
Dec 29, 2025 01:23:06 (+00:00:37) - src.training.steps.labeling.label_geometry_selection - INFO - Generated 1680 raw candidates
Dec 29, 2025 01:23:06 (+00:00:37) - src.training.steps.labeling.label_geometry_selection - INFO - After hard constraints: 1680 candidates
Dec 29, 2025 01:23:07 (+00:00:37) - src.training.steps.labeling.label_geometry_selection - INFO - Distance-based deduplication: 1680 -> 93 candidates
Dec 29, 2025 01:23:07 (+00:00:37) - src.training.steps.labeling.label_geometry_selection - INFO - Training LGBM on 93 pre-filtered candidates...
Dec 29, 2025 01:23:07 (+00:00:38) - src.training.steps.labeling.label_geometry_selection - INFO - Gate rejected: survival=38.72%, uniq=0.20, reasons=['Low Learnability (AUC Lift 0.004)']
Dec 29, 2025 01:23:07 (+00:00:38) - src.training.steps.labeling.label_geometry_selection - INFO - Gate rejected: survival=45.57%, uniq=0.17, reasons=['Low Learnability (AUC Lift 0.003)']
Dec 29, 2025 01:23:08 (+00:00:38) - src.training.steps.labeling.label_geometry_selection - INFO - Gate rejected: survival=20.79%, uniq=0.33, reasons=['Low Learnability (AUC Lift 0.003)', 'Low Precision Lift (-0.005)']
Dec 29, 2025 01:23:08 (+00:00:39) - src.training.steps.labeling.label_geometry_selection - INFO - Gate rejected: survival=20.79%, uniq=0.33, reasons=['Low Learnability (AUC Lift 0.003)', 'Low Precision Lift (-0.005)']
Dec 29, 2025 01:23:09 (+00:00:39) - src.training.steps.labeling.label_geometry_selection - INFO - Gate rejected: survival=41.43%, uniq=0.19, reasons=['Low Precision Lift (-0.001)']
Dec 29, 2025 01:23:10 (+00:00:41) - src.training.steps.labeling.label_geometry_selection - INFO - Gate rejected: survival=51.38%, uniq=0.15, reasons=['Low Uniqueness (0.15 < 0.15)']
Dec 29, 2025 01:23:11 (+00:00:41) - src.training.steps.labeling.label_geometry_selection - INFO - Gate rejected: survival=51.67%, uniq=0.15, reasons=['Low Uniqueness (0.15 < 0.15)']
Dec 29, 2025 01:23:11 (+00:00:42) - src.training.steps.labeling.label_geometry_selection - INFO - Gate rejected: survival=38.42%, uniq=0.20, reasons=['Low Precision Lift (-0.007)']
Dec 29, 2025 01:23:11 (+00:00:42) - src.training.steps.labeling.label_geometry_selection - INFO - Gate rejected: survival=51.23%, uniq=0.15, reasons=['Low Uniqueness (0.15 < 0.15)']
Dec 29, 2025 01:23:12 (+00:00:42) - src.training.steps.labeling.label_geometry_selection - INFO - Gate rejected: survival=40.99%, uniq=0.19, reasons=['Low Learnability (AUC Lift 0.007)']
Dec 29, 2025 01:23:12 (+00:00:43) - src.training.steps.labeling.label_geometry_selection - INFO - Gate rejected: survival=50.74%, uniq=0.15, reasons=['Low Learnability (AUC Lift 0.008)', 'Low Precision Lift (-0.008)']
Dec 29, 2025 01:23:13 (+00:00:43) - src.training.steps.labeling.label_geometry_selection - INFO - Gate rejected: survival=35.42%, uniq=0.22, reasons=['Low Precision Lift (-0.012)']
Dec 29, 2025 01:23:13 (+00:00:43) - src.training.steps.labeling.label_geometry_selection - INFO - Gate rejected: survival=45.52%, uniq=0.17, reasons=['Low Learnability (AUC Lift 0.010)']
Dec 29, 2025 01:23:13 (+00:00:44) - src.training.steps.labeling.label_geometry_selection - INFO - Gate rejected: survival=20.79%, uniq=0.33, reasons=['Low Learnability (AUC Lift 0.003)', 'Low Precision Lift (-0.005)']
Dec 29, 2025 01:23:13 (+00:00:44) - src.training.steps.labeling.label_geometry_selection - INFO - Gate rejected: survival=28.47%, uniq=0.24, reasons=['Low Learnability (AUC Lift 0.004)']
Dec 29, 2025 01:23:14 (+00:00:44) - src.training.steps.labeling.label_geometry_selection - INFO - Gate rejected: survival=20.79%, uniq=0.33, reasons=['Low Learnability (AUC Lift 0.003)', 'Low Precision Lift (-0.005)']
Dec 29, 2025 01:23:14 (+00:00:45) - src.training.steps.labeling.label_geometry_selection - INFO - Gate rejected: survival=28.82%, uniq=0.24, reasons=['Low Learnability (AUC Lift 0.007)']
Dec 29, 2025 01:23:15 (+00:00:45) - src.training.steps.labeling.label_geometry_selection - INFO - Gate rejected: survival=51.58%, uniq=0.15, reasons=['Low Uniqueness (0.15 < 0.15)']
Dec 29, 2025 01:23:15 (+00:00:45) - src.training.steps.labeling.label_geometry_selection - INFO - Gate rejected: survival=45.71%, uniq=0.17, reasons=['Low Precision Lift (-0.007)']
Dec 29, 2025 01:23:15 (+00:00:45) - src.training.steps.labeling.label_geometry_selection - INFO - Pruning 74 accepted geometries based on correlation...
Dec 29, 2025 01:23:15 (+00:00:45) - src.training.steps.labeling.label_geometry_selection - INFO - Dropped Sniper (Selective, High Reward) (Sep: 0.103) due to correlation 1.00 with Sniper (Selective, High Reward) (Sep: 0.103)
Dec 29, 2025 01:23:15 (+00:00:45) - src.training.steps.labeling.label_geometry_selection - INFO - Dropped Balanced (Sep: 0.103) due to correlation 1.00 with Sniper (Selective, High Reward) (Sep: 0.103)
Dec 29, 2025 01:23:15 (+00:00:45) - src.training.steps.labeling.label_geometry_selection - INFO - Dropped Sniper (Selective, High Reward) (Sep: 0.103) due to correlation 1.00 with Sniper (Selective, High Reward) (Sep: 0.103)
Dec 29, 2025 01:23:15 (+00:00:45) - src.training.steps.labeling.label_geometry_selection - INFO - Dropped Sniper (Selective, High Reward) (Sep: 0.058) due to correlation 0.94 with Sniper (Selective, High Reward) (Sep: 0.103)
Dec 29, 2025 01:23:15 (+00:00:45) - src.training.steps.labeling.label_geometry_selection - INFO - Dropped Sniper (Selective, High Reward) (Sep: 0.077) due to correlation 1.00 with Balanced (Sep: 0.077)
Dec 29, 2025 01:23:15 (+00:00:45) - src.training.steps.labeling.label_geometry_selection - INFO - Dropped Sniper (Selective, High Reward) (Sep: 0.077) due to correlation 1.00 with Balanced (Sep: 0.077)
Dec 29, 2025 01:23:15 (+00:00:45) - src.training.steps.labeling.label_geometry_selection - INFO - Dropped Balanced (Sep: 0.077) due to correlation 1.00 with Balanced (Sep: 0.077)
Dec 29, 2025 01:23:15 (+00:00:45) - src.training.steps.labeling.label_geometry_selection - INFO - Dropped Sniper (Selective, High Reward) (Sep: 0.057) due to correlation 0.91 with Sniper (Selective, High Reward) (Sep: 0.068)
Dec 29, 2025 01:23:15 (+00:00:45) - src.training.steps.labeling.label_geometry_selection - INFO - Dropped Balanced (Sep: 0.048) due to correlation 0.91 with Pain Averse (High Penalty for Drawdown) (Sep: 0.061)
Dec 29, 2025 01:23:15 (+00:00:45) - src.training.steps.labeling.label_geometry_selection - INFO - Dropped Pain Averse (High Penalty for Drawdown) (Sep: 0.029) due to correlation 1.00 with Balanced (Sep: 0.029)
Dec 29, 2025 01:23:15 (+00:00:45) - src.training.steps.labeling.label_geometry_selection - INFO - Final Selection: 10 geometries (Best Separation Score: 0.134, Max: 10)
Dec 29, 2025 01:23:15 (+00:00:45) - src.training.steps.labeling.label_based_layer_2 - INFO - Geometry selection complete: 10 geometries selected
Dec 29, 2025 01:23:15 (+00:00:45) - src.training.steps.labeling.label_based_layer_2 - INFO - Layer2 OOF Fold 1: extracted_trials_per_family={'Unified': 10}
Dec 29, 2025 01:23:15 (+00:00:45) - src.training.steps.labeling.label_based_layer_2 - INFO - Layer2 OOF Fold 1: selected_geometries=1, by_family={'Unified': 1}
Dec 29, 2025 01:23:19 (+00:00:50) - src.training.steps.labeling.label_based_layer_2 - INFO - [LGBM Focal] Gamma(+):0.5 Gamma(-):1.25 | Alpha:0.6500
Dec 29, 2025 01:23:20 (+00:00:50) - src.training.steps.labeling.label_based_layer_2 - WARNING - Failed to train geometry model for Unified_Rank0: tuple index out of range
Dec 29, 2025 01:23:22 (+00:00:52) - src.training.steps.labeling.label_based_layer_2 - INFO - Layer2 Bagging: 4716 orphan events (no geo coverage) filled with neutral defaults.
Dec 29, 2025 01:23:22 (+00:00:52) - src.training.steps.labeling.label_based_layer_2 - INFO - 
>>> Training multi-output ensemble members...
Dec 29, 2025 01:23:22 (+00:00:52) - src.training.steps.labeling.label_based_layer_2 - INFO - Layer2 OOF Fold 1: labeled_events=4716/4716, geometry_channels=0
Dec 29, 2025 01:23:22 (+00:00:52) - src.training.steps.labeling.label_based_layer_2 - INFO -    > Processing Fold 2/3...
Dec 29, 2025 01:23:22 (+00:00:52) - src.training.steps.labeling.label_based_layer_2 - INFO - Layer2 OOF Fold 2: purged k-fold val_start=10560, val_stop=21120, purge_bars=100, test_start_time=2025-04-04 14:45:00, test_end_time=2025-07-23 14:30:00, n_train=20920
Dec 29, 2025 01:23:22 (+00:00:52) - src.training.steps.labeling.label_based_layer_2 - INFO - Layer2 OOF Fold 2: n_train_bars=20920, n_train_events=9778, n_test_events=5490
Dec 29, 2025 01:23:25 (+00:00:55) - src.training.steps.labeling.label_based_layer_2 - INFO - Optimizing geometries: 9778 total events (no family split)
Dec 29, 2025 01:23:25 (+00:00:56) - src.training.steps.labeling.label_geometry_selection - INFO - Vectorizing 9778 events for horizons [8, 12, 16, 20, 24]...
Dec 29, 2025 01:23:25 (+00:00:56) - src.training.steps.labeling.label_geometry_selection - INFO - Event dedup: 9778 → 1894 events (min_gap=6 bars)
Dec 29, 2025 01:23:25 (+00:00:56) - src.training.steps.labeling.label_geometry_selection - INFO - Events after dedup: 9778 → 1894
Dec 29, 2025 01:23:25 (+00:00:56) - src.training.steps.labeling.label_geometry_selection - INFO - Dropped 17 near-constant feature columns after dedup (307 remaining).
Dec 29, 2025 01:23:25 (+00:00:56) - src.training.steps.labeling.label_geometry_selection - INFO - Generated 1680 raw candidates
Dec 29, 2025 01:23:25 (+00:00:56) - src.training.steps.labeling.label_geometry_selection - INFO - After hard constraints: 1680 candidates
Dec 29, 2025 01:23:25 (+00:00:56) - src.training.steps.labeling.label_geometry_selection - INFO - Distance-based deduplication: 1680 -> 93 candidates
Dec 29, 2025 01:23:25 (+00:00:56) - src.training.steps.labeling.label_geometry_selection - INFO - Training LGBM on 93 pre-filtered candidates...
Dec 29, 2025 01:23:26 (+00:00:56) - src.training.steps.labeling.label_geometry_selection - INFO - Gate rejected: survival=28.41%, uniq=0.26, reasons=['Low Precision Lift (-0.007)']
Dec 29, 2025 01:23:27 (+00:00:57) - src.training.steps.labeling.label_geometry_selection - INFO - Gate rejected: survival=19.90%, uniq=0.34, reasons=['Low Learnability (AUC Lift 0.007)']
Dec 29, 2025 01:23:27 (+00:00:58) - src.training.steps.labeling.label_geometry_selection - INFO - Gate rejected: survival=26.19%, uniq=0.28, reasons=['Low Learnability (AUC Lift 0.007)', 'Low Precision Lift (-0.007)']
Dec 29, 2025 01:23:28 (+00:00:59) - src.training.steps.labeling.label_geometry_selection - INFO - Gate rejected: survival=29.41%, uniq=0.26, reasons=['Low Learnability (AUC Lift 0.001)']
Dec 29, 2025 01:23:29 (+00:00:59) - src.training.steps.labeling.label_geometry_selection - INFO - Gate rejected: survival=29.51%, uniq=0.24, reasons=['Low Learnability (AUC Lift 0.004)', 'Low Precision Lift (-0.002)']
Dec 29, 2025 01:23:29 (+00:01:00) - src.training.steps.labeling.label_geometry_selection - INFO - Gate rejected: survival=32.10%, uniq=0.23, reasons=['Low Learnability (AUC Lift 0.003)', 'Low Precision Lift (-0.004)']
Dec 29, 2025 01:23:30 (+00:01:01) - src.training.steps.labeling.label_geometry_selection - INFO - Gate rejected: survival=28.88%, uniq=0.26, reasons=['Low Precision Lift (-0.001)']
Dec 29, 2025 01:23:31 (+00:01:01) - src.training.steps.labeling.label_geometry_selection - INFO - Gate rejected: survival=41.39%, uniq=0.19, reasons=['Low Learnability (AUC Lift 0.002)']
Dec 29, 2025 01:23:31 (+00:01:02) - src.training.steps.labeling.label_geometry_selection - INFO - Gate rejected: survival=44.35%, uniq=0.18, reasons=['Low Learnability (AUC Lift 0.004)']
Dec 29, 2025 01:23:31 (+00:01:02) - src.training.steps.labeling.label_geometry_selection - INFO - Gate rejected: survival=44.61%, uniq=0.18, reasons=['Low Learnability (AUC Lift 0.005)']
Dec 29, 2025 01:23:31 (+00:01:02) - src.training.steps.labeling.label_geometry_selection - INFO - Gate rejected: survival=28.78%, uniq=0.26, reasons=['Low Learnability (AUC Lift 0.008)']
Dec 29, 2025 01:23:32 (+00:01:02) - src.training.steps.labeling.label_geometry_selection - INFO - Gate rejected: survival=37.22%, uniq=0.22, reasons=['Low Learnability (AUC Lift 0.006)']
Dec 29, 2025 01:23:32 (+00:01:03) - src.training.steps.labeling.label_geometry_selection - INFO - Gate rejected: survival=19.59%, uniq=0.35, reasons=['Low Learnability (AUC Lift 0.002)']
Dec 29, 2025 01:23:32 (+00:01:03) - src.training.steps.labeling.label_geometry_selection - INFO - Gate rejected: survival=29.78%, uniq=0.26, reasons=['Low Precision Lift (-0.000)']
Dec 29, 2025 01:23:33 (+00:01:03) - src.training.steps.labeling.label_geometry_selection - INFO - Pruning 79 accepted geometries based on correlation...
Dec 29, 2025 01:23:33 (+00:01:03) - src.training.steps.labeling.label_geometry_selection - INFO - Dropped Pain Averse (High Penalty for Drawdown) (Sep: 0.130) due to correlation 1.00 with Balanced (Sep: 0.130)
Dec 29, 2025 01:23:33 (+00:01:03) - src.training.steps.labeling.label_geometry_selection - INFO - Dropped Balanced (Sep: 0.079) due to correlation 0.90 with Balanced (Sep: 0.084)
Dec 29, 2025 01:23:33 (+00:01:03) - src.training.steps.labeling.label_geometry_selection - INFO - Dropped Pain Averse (High Penalty for Drawdown) (Sep: 0.064) due to correlation 0.91 with Balanced (Sep: 0.084)
Dec 29, 2025 01:23:33 (+00:01:03) - src.training.steps.labeling.label_geometry_selection - INFO - Dropped Sniper (Selective, High Reward) (Sep: 0.078) due to correlation 1.00 with Balanced (Sep: 0.078)
Dec 29, 2025 01:23:33 (+00:01:03) - src.training.steps.labeling.label_geometry_selection - INFO - Dropped Sniper (Selective, High Reward) (Sep: 0.078) due to correlation 1.00 with Balanced (Sep: 0.078)
Dec 29, 2025 01:23:33 (+00:01:03) - src.training.steps.labeling.label_geometry_selection - INFO - Dropped Balanced (Sep: 0.078) due to correlation 1.00 with Balanced (Sep: 0.078)
Dec 29, 2025 01:23:33 (+00:01:03) - src.training.steps.labeling.label_geometry_selection - INFO - Dropped Momentum Surfer (Tolerates Volatility) (Sep: 0.073) due to correlation 1.00 with Sniper (Selective, High Reward) (Sep: 0.073)
Dec 29, 2025 01:23:33 (+00:01:03) - src.training.steps.labeling.label_geometry_selection - INFO - Dropped Pain Averse (High Penalty for Drawdown) (Sep: 0.073) due to correlation 1.00 with Sniper (Selective, High Reward) (Sep: 0.073)
Dec 29, 2025 01:23:33 (+00:01:03) - src.training.steps.labeling.label_geometry_selection - INFO - Dropped Sniper (Selective, High Reward) (Sep: 0.073) due to correlation 1.00 with Sniper (Selective, High Reward) (Sep: 0.073)
Dec 29, 2025 01:23:33 (+00:01:03) - src.training.steps.labeling.label_geometry_selection - INFO - Dropped Pain Averse (High Penalty for Drawdown) (Sep: 0.060) due to correlation 0.93 with Momentum Surfer (Tolerates Volatility) (Sep: 0.067)
Dec 29, 2025 01:23:33 (+00:01:03) - src.training.steps.labeling.label_geometry_selection - INFO - Dropped Pain Averse (High Penalty for Drawdown) (Sep: 0.043) due to correlation 0.99 with Pain Averse (High Penalty for Drawdown) (Sep: 0.049)
Dec 29, 2025 01:23:33 (+00:01:03) - src.training.steps.labeling.label_geometry_selection - INFO - Dropped Balanced (Sep: 0.034) due to correlation 1.00 with Balanced (Sep: 0.034)
Dec 29, 2025 01:23:33 (+00:01:03) - src.training.steps.labeling.label_geometry_selection - INFO - Dropped Balanced (Sep: 0.025) due to correlation 1.00 with Sniper (Selective, High Reward) (Sep: 0.025)
Dec 29, 2025 01:23:33 (+00:01:03) - src.training.steps.labeling.label_geometry_selection - INFO - Dropped Sniper (Selective, High Reward) (Sep: 0.025) due to correlation 1.00 with Sniper (Selective, High Reward) (Sep: 0.025)
Dec 29, 2025 01:23:33 (+00:01:03) - src.training.steps.labeling.label_geometry_selection - INFO - Dropped Sniper (Selective, High Reward) (Sep: 0.025) due to correlation 1.00 with Sniper (Selective, High Reward) (Sep: 0.025)
Dec 29, 2025 01:23:33 (+00:01:03) - src.training.steps.labeling.label_geometry_selection - INFO - Final Selection: 10 geometries (Best Separation Score: 0.182, Max: 10)
Dec 29, 2025 01:23:33 (+00:01:03) - src.training.steps.labeling.label_based_layer_2 - INFO - Geometry selection complete: 10 geometries selected
Dec 29, 2025 01:23:33 (+00:01:03) - src.training.steps.labeling.label_based_layer_2 - INFO - Layer2 OOF Fold 2: extracted_trials_per_family={'Unified': 10}
Dec 29, 2025 01:23:33 (+00:01:04) - src.training.steps.labeling.label_based_layer_2 - INFO - Layer2 OOF Fold 2: selected_geometries=1, by_family={'Unified': 1}
Dec 29, 2025 01:23:38 (+00:01:08) - src.training.steps.labeling.label_based_layer_2 - INFO - [LGBM Focal] Gamma(+):0.5 Gamma(-):1.25 | Alpha:0.6500
Dec 29, 2025 01:23:38 (+00:01:09) - src.training.steps.labeling.label_based_layer_2 - WARNING - Failed to train geometry model for Unified_Rank0: tuple index out of range
Dec 29, 2025 01:23:42 (+00:01:12) - src.training.steps.labeling.label_based_layer_2 - INFO - Layer2 Bagging: 5490 orphan events (no geo coverage) filled with neutral defaults.
Dec 29, 2025 01:23:42 (+00:01:12) - src.training.steps.labeling.label_based_layer_2 - INFO - 
>>> Training multi-output ensemble members...
Dec 29, 2025 01:23:42 (+00:01:12) - src.training.steps.labeling.label_based_layer_2 - INFO - Layer2 OOF Fold 2: labeled_events=5490/5490, geometry_channels=0
Dec 29, 2025 01:23:42 (+00:01:12) - src.training.steps.labeling.label_based_layer_2 - INFO -    > Processing Fold 3/3...
Dec 29, 2025 01:23:42 (+00:01:12) - src.training.steps.labeling.label_based_layer_2 - INFO - Layer2 OOF Fold 3: purged k-fold val_start=21120, val_stop=31680, purge_bars=100, test_start_time=2025-07-23 14:45:00, test_end_time=2025-11-10 14:30:00, n_train=21020
Dec 29, 2025 01:23:42 (+00:01:12) - src.training.steps.labeling.label_based_layer_2 - INFO - Layer2 OOF Fold 3: n_train_bars=21020, n_train_events=10166, n_test_events=5147
Dec 29, 2025 01:23:45 (+00:01:15) - src.training.steps.labeling.label_based_layer_2 - INFO - Optimizing geometries: 10166 total events (no family split)
Dec 29, 2025 01:23:45 (+00:01:15) - src.training.steps.labeling.label_geometry_selection - INFO - Vectorizing 10166 events for horizons [8, 12, 16, 20, 24]...
Dec 29, 2025 01:23:45 (+00:01:16) - src.training.steps.labeling.label_geometry_selection - INFO - Event dedup: 10166 → 1958 events (min_gap=6 bars)
Dec 29, 2025 01:23:45 (+00:01:16) - src.training.steps.labeling.label_geometry_selection - INFO - Events after dedup: 10166 → 1958
Dec 29, 2025 01:23:45 (+00:01:16) - src.training.steps.labeling.label_geometry_selection - INFO - Dropped 18 near-constant feature columns after dedup (306 remaining).
Dec 29, 2025 01:23:45 (+00:01:16) - src.training.steps.labeling.label_geometry_selection - INFO - Generated 1680 raw candidates
Dec 29, 2025 01:23:45 (+00:01:16) - src.training.steps.labeling.label_geometry_selection - INFO - After hard constraints: 1680 candidates
Dec 29, 2025 01:23:45 (+00:01:16) - src.training.steps.labeling.label_geometry_selection - INFO - Distance-based deduplication: 1680 -> 93 candidates
Dec 29, 2025 01:23:45 (+00:01:16) - src.training.steps.labeling.label_geometry_selection - INFO - Training LGBM on 93 pre-filtered candidates...
Dec 29, 2025 01:23:46 (+00:01:17) - src.training.steps.labeling.label_geometry_selection - INFO - Gate rejected: survival=32.79%, uniq=0.23, reasons=['Low Learnability (AUC Lift 0.003)']
Dec 29, 2025 01:23:47 (+00:01:18) - src.training.steps.labeling.label_geometry_selection - INFO - Gate rejected: survival=26.20%, uniq=0.28, reasons=['Low Learnability (AUC Lift 0.009)']
Dec 29, 2025 01:23:47 (+00:01:18) - src.training.steps.labeling.label_geometry_selection - INFO - Gate rejected: survival=23.19%, uniq=0.30, reasons=['Low Learnability (AUC Lift 0.004)']
Dec 29, 2025 01:23:47 (+00:01:18) - src.training.steps.labeling.label_geometry_selection - INFO - Gate rejected: survival=42.44%, uniq=0.18, reasons=['Low Learnability (AUC Lift 0.010)']
Dec 29, 2025 01:23:47 (+00:01:18) - src.training.steps.labeling.label_geometry_selection - INFO - Gate rejected: survival=43.92%, uniq=0.17, reasons=['Low Learnability (AUC Lift 0.007)']
Dec 29, 2025 01:23:47 (+00:01:18) - src.training.steps.labeling.label_geometry_selection - INFO - Gate rejected: survival=40.14%, uniq=0.20, reasons=['Low Learnability (AUC Lift 0.006)']
Dec 29, 2025 01:23:48 (+00:01:18) - src.training.steps.labeling.label_geometry_selection - INFO - Gate rejected: survival=39.53%, uniq=0.20, reasons=['Low Learnability (AUC Lift 0.008)']
Dec 29, 2025 01:23:48 (+00:01:19) - src.training.steps.labeling.label_geometry_selection - INFO - Gate rejected: survival=27.83%, uniq=0.25, reasons=['Low Learnability (AUC Lift 0.004)', 'Low Precision Lift (-0.007)']
Dec 29, 2025 01:23:48 (+00:01:19) - src.training.steps.labeling.label_geometry_selection - INFO - Gate rejected: survival=38.46%, uniq=0.21, reasons=['Low Learnability (AUC Lift 0.009)']
Dec 29, 2025 01:23:49 (+00:01:19) - src.training.steps.labeling.label_geometry_selection - INFO - Gate rejected: survival=34.73%, uniq=0.23, reasons=['Low Learnability (AUC Lift 0.002)']
Dec 29, 2025 01:23:49 (+00:01:19) - src.training.steps.labeling.label_geometry_selection - INFO - Gate rejected: survival=33.25%, uniq=0.23, reasons=['Low Learnability (AUC Lift 0.005)']
Dec 29, 2025 01:23:49 (+00:01:20) - src.training.steps.labeling.label_geometry_selection - INFO - Gate rejected: survival=50.20%, uniq=0.16, reasons=['Low Precision Lift (-0.004)']
Dec 29, 2025 01:23:49 (+00:01:20) - src.training.steps.labeling.label_geometry_selection - INFO - Gate rejected: survival=27.99%, uniq=0.25, reasons=['Low Precision Lift (-0.004)']
Dec 29, 2025 01:23:49 (+00:01:20) - src.training.steps.labeling.label_geometry_selection - INFO - Gate rejected: survival=50.05%, uniq=0.16, reasons=['Low Learnability (AUC Lift 0.003)']
Dec 29, 2025 01:23:49 (+00:01:20) - src.training.steps.labeling.label_geometry_selection - INFO - Gate rejected: survival=28.35%, uniq=0.25, reasons=['Low Learnability (AUC Lift 0.002)']
Dec 29, 2025 01:23:49 (+00:01:20) - src.training.steps.labeling.label_geometry_selection - INFO - Gate rejected: survival=32.94%, uniq=0.22, reasons=['Low Learnability (AUC Lift 0.006)']
Dec 29, 2025 01:23:49 (+00:01:20) - src.training.steps.labeling.label_geometry_selection - INFO - Gate rejected: survival=37.23%, uniq=0.21, reasons=['Low Learnability (AUC Lift 0.010)']
Dec 29, 2025 01:23:50 (+00:01:20) - src.training.steps.labeling.label_geometry_selection - INFO - Gate rejected: survival=39.89%, uniq=0.20, reasons=['Low Learnability (AUC Lift 0.007)']
Dec 29, 2025 01:23:50 (+00:01:21) - src.training.steps.labeling.label_geometry_selection - INFO - Gate rejected: survival=35.90%, uniq=0.22, reasons=['Low Learnability (AUC Lift 0.010)']
Dec 29, 2025 01:23:50 (+00:01:21) - src.training.steps.labeling.label_geometry_selection - INFO - Gate rejected: survival=36.21%, uniq=0.21, reasons=['Low Learnability (AUC Lift 0.001)']
Dec 29, 2025 01:23:51 (+00:01:21) - src.training.steps.labeling.label_geometry_selection - INFO - Gate rejected: survival=41.98%, uniq=0.18, reasons=['Low Learnability (AUC Lift 0.004)']
Dec 29, 2025 01:23:51 (+00:01:22) - src.training.steps.labeling.label_geometry_selection - INFO - Gate rejected: survival=44.74%, uniq=0.18, reasons=['Low Learnability (AUC Lift 0.004)']
Dec 29, 2025 01:23:52 (+00:01:22) - src.training.steps.labeling.label_geometry_selection - INFO - Gate rejected: survival=29.57%, uniq=0.25, reasons=['Low Learnability (AUC Lift 0.008)']
Dec 29, 2025 01:23:52 (+00:01:22) - src.training.steps.labeling.label_geometry_selection - INFO - Gate rejected: survival=37.74%, uniq=0.21, reasons=['Low Learnability (AUC Lift 0.006)']
Dec 29, 2025 01:23:52 (+00:01:23) - src.training.steps.labeling.label_geometry_selection - INFO - Gate rejected: survival=44.99%, uniq=0.18, reasons=['Low Precision Lift (-0.001)']
Dec 29, 2025 01:23:53 (+00:01:23) - src.training.steps.labeling.label_geometry_selection - INFO - Gate rejected: survival=27.22%, uniq=0.26, reasons=['Low Learnability (AUC Lift 0.003)']
Dec 29, 2025 01:23:53 (+00:01:23) - src.training.steps.labeling.label_geometry_selection - INFO - Pruning 67 accepted geometries based on correlation...
Dec 29, 2025 01:23:53 (+00:01:23) - src.training.steps.labeling.label_geometry_selection - INFO - Dropped Pain Averse (High Penalty for Drawdown) (Sep: 0.120) due to correlation 0.95 with Pain Averse (High Penalty for Drawdown) (Sep: 0.148)
Dec 29, 2025 01:23:53 (+00:01:23) - src.training.steps.labeling.label_geometry_selection - INFO - Dropped Pain Averse (High Penalty for Drawdown) (Sep: 0.121) due to correlation 1.00 with Balanced (Sep: 0.121)
Dec 29, 2025 01:23:53 (+00:01:23) - src.training.steps.labeling.label_geometry_selection - INFO - Dropped Momentum Surfer (Tolerates Volatility) (Sep: 0.117) due to correlation 1.00 with Sniper (Selective, High Reward) (Sep: 0.117)
Dec 29, 2025 01:23:53 (+00:01:23) - src.training.steps.labeling.label_geometry_selection - INFO - Dropped Pain Averse (High Penalty for Drawdown) (Sep: 0.117) due to correlation 1.00 with Sniper (Selective, High Reward) (Sep: 0.117)
Dec 29, 2025 01:23:53 (+00:01:23) - src.training.steps.labeling.label_geometry_selection - INFO - Dropped Sniper (Selective, High Reward) (Sep: 0.117) due to correlation 1.00 with Sniper (Selective, High Reward) (Sep: 0.117)
Dec 29, 2025 01:23:53 (+00:01:23) - src.training.steps.labeling.label_geometry_selection - INFO - Dropped Sniper (Selective, High Reward) (Sep: 0.083) due to correlation 1.00 with Sniper (Selective, High Reward) (Sep: 0.083)
Dec 29, 2025 01:23:53 (+00:01:23) - src.training.steps.labeling.label_geometry_selection - INFO - Dropped Balanced (Sep: 0.064) due to correlation 0.93 with Balanced (Sep: 0.077)
Dec 29, 2025 01:23:53 (+00:01:23) - src.training.steps.labeling.label_geometry_selection - INFO - Dropped Sniper (Selective, High Reward) (Sep: 0.067) due to correlation 1.00 with Sniper (Selective, High Reward) (Sep: 0.067)
Dec 29, 2025 01:23:53 (+00:01:23) - src.training.steps.labeling.label_geometry_selection - INFO - Dropped Balanced (Sep: 0.067) due to correlation 1.00 with Sniper (Selective, High Reward) (Sep: 0.067)
Dec 29, 2025 01:23:53 (+00:01:23) - src.training.steps.labeling.label_geometry_selection - INFO - Dropped Sniper (Selective, High Reward) (Sep: 0.067) due to correlation 1.00 with Sniper (Selective, High Reward) (Sep: 0.067)
Dec 29, 2025 01:23:53 (+00:01:23) - src.training.steps.labeling.label_geometry_selection - INFO - Dropped Sniper (Selective, High Reward) (Sep: 0.066) due to correlation 1.00 with Balanced (Sep: 0.066)
Dec 29, 2025 01:23:53 (+00:01:23) - src.training.steps.labeling.label_geometry_selection - INFO - Dropped Sniper (Selective, High Reward) (Sep: 0.066) due to correlation 1.00 with Balanced (Sep: 0.066)
Dec 29, 2025 01:23:53 (+00:01:23) - src.training.steps.labeling.label_geometry_selection - INFO - Dropped Balanced (Sep: 0.066) due to correlation 1.00 with Balanced (Sep: 0.066)
Dec 29, 2025 01:23:53 (+00:01:23) - src.training.steps.labeling.label_geometry_selection - INFO - Dropped Momentum Surfer (Tolerates Volatility) (Sep: 0.055) due to correlation 0.92 with Balanced (Sep: 0.059)
Dec 29, 2025 01:23:53 (+00:01:23) - src.training.steps.labeling.label_geometry_selection - INFO - Dropped Balanced (Sep: 0.042) due to correlation 1.00 with Momentum Surfer (Tolerates Volatility) (Sep: 0.047)
Dec 29, 2025 01:23:53 (+00:01:23) - src.training.steps.labeling.label_geometry_selection - INFO - Dropped Pain Averse (High Penalty for Drawdown) (Sep: 0.040) due to correlation 1.00 with Momentum Surfer (Tolerates Volatility) (Sep: 0.047)
Dec 29, 2025 01:23:53 (+00:01:23) - src.training.steps.labeling.label_geometry_selection - INFO - Final Selection: 10 geometries (Best Separation Score: 0.148, Max: 10)
Dec 29, 2025 01:23:53 (+00:01:23) - src.training.steps.labeling.label_based_layer_2 - INFO - Geometry selection complete: 10 geometries selected
Dec 29, 2025 01:23:53 (+00:01:23) - src.training.steps.labeling.label_based_layer_2 - INFO - Layer2 OOF Fold 3: extracted_trials_per_family={'Unified': 10}
Dec 29, 2025 01:23:53 (+00:01:23) - src.training.steps.labeling.label_based_layer_2 - INFO - Layer2 OOF Fold 3: selected_geometries=1, by_family={'Unified': 1}
Dec 29, 2025 01:23:57 (+00:01:28) - src.training.steps.labeling.label_based_layer_2 - INFO - [LGBM Focal] Gamma(+):0.5 Gamma(-):1.25 | Alpha:0.6500
Dec 29, 2025 01:23:58 (+00:01:29) - src.training.steps.labeling.label_based_layer_2 - WARNING - Failed to train geometry model for Unified_Rank0: tuple index out of range
Dec 29, 2025 01:24:03 (+00:01:33) - src.training.steps.labeling.label_based_layer_2 - INFO - Layer2 Bagging: 5147 orphan events (no geo coverage) filled with neutral defaults.
Dec 29, 2025 01:24:03 (+00:01:33) - src.training.steps.labeling.label_based_layer_2 - INFO - 
>>> Training multi-output ensemble members...
Dec 29, 2025 01:24:03 (+00:01:34) - src.training.steps.labeling.label_based_layer_2 - INFO - Layer2 OOF Fold 3: labeled_events=5147/5147, geometry_channels=0
Dec 29, 2025 01:24:03 (+00:01:34) - src.training.steps.labeling.label_based_layer_2 - INFO - >>> Layer 2: Step 4 - Generate Reports...
Dec 29, 2025 01:24:14 (+00:01:44) - src.utils.ml_common.oof_probability_calibration - INFO - Initialized OOFProbabilityCalibrator with method=isotonic
Dec 29, 2025 01:24:14 (+00:01:44) - src.utils.ml_common.oof_probability_calibration - INFO - Fitting OOF probability calibrator...
Dec 29, 2025 01:24:14 (+00:01:44) - src.utils.ml_common.oof_probability_calibration - INFO - Calibrating on 2456 OOF samples
Dec 29, 2025 01:24:14 (+00:01:44) - src.utils.ml_common.oof_probability_calibration - INFO - Calibration complete: Brier 0.9998 -> 0.0000 (improvement: 0.9998)
Dec 29, 2025 01:24:14 (+00:01:44) - src.utils.ml_common.oof_probability_calibration - INFO - Initialized OOFProbabilityCalibrator with method=isotonic
Dec 29, 2025 01:24:14 (+00:01:44) - src.utils.ml_common.oof_probability_calibration - INFO - Fitting OOF probability calibrator...
Dec 29, 2025 01:24:14 (+00:01:44) - src.utils.ml_common.oof_probability_calibration - INFO - Calibrating on 2456 OOF samples
Dec 29, 2025 01:24:14 (+00:01:44) - src.utils.ml_common.oof_probability_calibration - INFO - Calibration complete: Brier 0.9998 -> 0.0000 (improvement: 0.9998)
Dec 29, 2025 01:24:14 (+00:01:45) - src.utils.ml_common.oof_probability_calibration - INFO - Initialized OOFProbabilityCalibrator with method=isotonic
Dec 29, 2025 01:24:14 (+00:01:45) - src.utils.ml_common.oof_probability_calibration - INFO - Fitting OOF probability calibrator...
Dec 29, 2025 01:24:14 (+00:01:45) - src.utils.ml_common.oof_probability_calibration - INFO - Calibrating on 2456 OOF samples
Dec 29, 2025 01:24:14 (+00:01:45) - src.utils.ml_common.oof_probability_calibration - INFO - Calibration complete: Brier 0.9998 -> 0.0000 (improvement: 0.9998)
Dec 29, 2025 01:24:14 (+00:01:45) - src.utils.ml_common.oof_probability_calibration - INFO - Initialized OOFProbabilityCalibrator with method=isotonic
Dec 29, 2025 01:24:14 (+00:01:45) - src.utils.ml_common.oof_probability_calibration - INFO - Fitting OOF probability calibrator...
Dec 29, 2025 01:24:14 (+00:01:45) - src.utils.ml_common.oof_probability_calibration - INFO - Calibrating on 2456 OOF samples
Dec 29, 2025 01:24:14 (+00:01:45) - src.utils.ml_common.oof_probability_calibration - INFO - Calibration complete: Brier 0.9998 -> 0.0000 (improvement: 0.9998)
Dec 29, 2025 01:24:14 (+00:01:45) - src.utils.ml_common.oof_probability_calibration - INFO - Initialized OOFProbabilityCalibrator with method=isotonic
Dec 29, 2025 01:24:14 (+00:01:45) - src.utils.ml_common.oof_probability_calibration - INFO - Fitting OOF probability calibrator...
Dec 29, 2025 01:24:14 (+00:01:45) - src.utils.ml_common.oof_probability_calibration - INFO - Calibrating on 2456 OOF samples
Dec 29, 2025 01:24:14 (+00:01:45) - src.utils.ml_common.oof_probability_calibration - INFO - Calibration complete: Brier 0.9998 -> 0.0000 (improvement: 0.9998)
Dec 29, 2025 01:24:15 (+00:01:45) - src.utils.ml_common.oof_probability_calibration - INFO - Initialized OOFProbabilityCalibrator with method=isotonic
Dec 29, 2025 01:24:15 (+00:01:45) - src.utils.ml_common.oof_probability_calibration - INFO - Fitting OOF probability calibrator...
Dec 29, 2025 01:24:15 (+00:01:45) - src.utils.ml_common.oof_probability_calibration - INFO - Calibrating on 2456 OOF samples
Dec 29, 2025 01:24:15 (+00:01:45) - src.utils.ml_common.oof_probability_calibration - INFO - Calibration complete: Brier 0.9998 -> 0.0000 (improvement: 0.9998)
Dec 29, 2025 01:24:15 (+00:01:45) - src.utils.ml_common.oof_probability_calibration - INFO - Initialized OOFProbabilityCalibrator with method=isotonic
Dec 29, 2025 01:24:15 (+00:01:45) - src.utils.ml_common.oof_probability_calibration - INFO - Fitting OOF probability calibrator...
Dec 29, 2025 01:24:15 (+00:01:45) - src.utils.ml_common.oof_probability_calibration - INFO - Calibrating on 2456 OOF samples
Dec 29, 2025 01:24:15 (+00:01:45) - src.utils.ml_common.oof_probability_calibration - INFO - Calibration complete: Brier 0.9998 -> 0.0000 (improvement: 0.9998)
Dec 29, 2025 01:24:15 (+00:01:45) - src.utils.ml_common.oof_probability_calibration - INFO - Initialized OOFProbabilityCalibrator with method=isotonic
Dec 29, 2025 01:24:15 (+00:01:45) - src.utils.ml_common.oof_probability_calibration - INFO - Fitting OOF probability calibrator...
Dec 29, 2025 01:24:15 (+00:01:45) - src.utils.ml_common.oof_probability_calibration - INFO - Calibrating on 606 OOF samples
Dec 29, 2025 01:24:15 (+00:01:45) - src.utils.ml_common.oof_probability_calibration - INFO - Calibration complete: Brier 0.9998 -> 0.0000 (improvement: 0.9998)
Dec 29, 2025 01:24:15 (+00:01:46) - src.utils.ml_common.oof_probability_calibration - INFO - Initialized OOFProbabilityCalibrator with method=isotonic
Dec 29, 2025 01:24:15 (+00:01:46) - src.utils.ml_common.oof_probability_calibration - INFO - Fitting OOF probability calibrator...
Dec 29, 2025 01:24:15 (+00:01:46) - src.utils.ml_common.oof_probability_calibration - INFO - Calibrating on 1223 OOF samples
Dec 29, 2025 01:24:15 (+00:01:46) - src.utils.ml_common.oof_probability_calibration - INFO - Calibration complete: Brier 0.9998 -> 0.0000 (improvement: 0.9998)
Dec 29, 2025 01:24:15 (+00:01:46) - src.utils.ml_common.oof_probability_calibration - INFO - Initialized OOFProbabilityCalibrator with method=isotonic
Dec 29, 2025 01:24:15 (+00:01:46) - src.utils.ml_common.oof_probability_calibration - INFO - Fitting OOF probability calibrator...
Dec 29, 2025 01:24:15 (+00:01:46) - src.utils.ml_common.oof_probability_calibration - INFO - Calibrating on 1840 OOF samples
Dec 29, 2025 01:24:15 (+00:01:46) - src.utils.ml_common.oof_probability_calibration - INFO - Calibration complete: Brier 0.9998 -> 0.0000 (improvement: 0.9998)
Dec 29, 2025 01:24:15 (+00:01:46) - src.utils.ml_common.oof_probability_calibration - INFO - Initialized OOFProbabilityCalibrator with method=isotonic
Dec 29, 2025 01:24:15 (+00:01:46) - src.utils.ml_common.oof_probability_calibration - INFO - Fitting OOF probability calibrator...
Dec 29, 2025 01:24:15 (+00:01:46) - src.utils.ml_common.oof_probability_calibration - INFO - Calibrating on 2456 OOF samples
Dec 29, 2025 01:24:15 (+00:01:46) - src.utils.ml_common.oof_probability_calibration - INFO - Calibration complete: Brier 0.9998 -> 0.0000 (improvement: 0.9998)
Dec 29, 2025 01:24:15 (+00:01:46) - src.utils.ml_common.oof_probability_calibration - INFO - Initialized OOFProbabilityCalibrator with method=isotonic
Dec 29, 2025 01:24:15 (+00:01:46) - src.utils.ml_common.oof_probability_calibration - INFO - Fitting OOF probability calibrator...
Dec 29, 2025 01:24:15 (+00:01:46) - src.utils.ml_common.oof_probability_calibration - INFO - Calibrating on 606 OOF samples
Dec 29, 2025 01:24:15 (+00:01:46) - src.utils.ml_common.oof_probability_calibration - INFO - Calibration complete: Brier 0.9998 -> 0.0000 (improvement: 0.9998)
Dec 29, 2025 01:24:16 (+00:01:46) - src.utils.ml_common.oof_probability_calibration - INFO - Initialized OOFProbabilityCalibrator with method=isotonic
Dec 29, 2025 01:24:16 (+00:01:46) - src.utils.ml_common.oof_probability_calibration - INFO - Fitting OOF probability calibrator...
Dec 29, 2025 01:24:16 (+00:01:46) - src.utils.ml_common.oof_probability_calibration - INFO - Calibrating on 1223 OOF samples
Dec 29, 2025 01:24:16 (+00:01:46) - src.utils.ml_common.oof_probability_calibration - INFO - Calibration complete: Brier 0.9998 -> 0.0000 (improvement: 0.9998)
Dec 29, 2025 01:24:16 (+00:01:46) - src.utils.ml_common.oof_probability_calibration - INFO - Initialized OOFProbabilityCalibrator with method=isotonic
Dec 29, 2025 01:24:16 (+00:01:46) - src.utils.ml_common.oof_probability_calibration - INFO - Fitting OOF probability calibrator...
Dec 29, 2025 01:24:16 (+00:01:46) - src.utils.ml_common.oof_probability_calibration - INFO - Calibrating on 1840 OOF samples
Dec 29, 2025 01:24:16 (+00:01:46) - src.utils.ml_common.oof_probability_calibration - INFO - Calibration complete: Brier 0.9998 -> 0.0000 (improvement: 0.9998)
Dec 29, 2025 01:24:16 (+00:01:46) - src.utils.ml_common.oof_probability_calibration - INFO - Initialized OOFProbabilityCalibrator with method=isotonic
Dec 29, 2025 01:24:16 (+00:01:46) - src.utils.ml_common.oof_probability_calibration - INFO - Fitting OOF probability calibrator...
Dec 29, 2025 01:24:16 (+00:01:46) - src.utils.ml_common.oof_probability_calibration - INFO - Calibrating on 2456 OOF samples
Dec 29, 2025 01:24:16 (+00:01:46) - src.utils.ml_common.oof_probability_calibration - INFO - Calibration complete: Brier 0.9998 -> 0.0000 (improvement: 0.9998)
Dec 29, 2025 01:24:16 (+00:01:47) - src.utils.ml_common.oof_probability_calibration - INFO - Initialized OOFProbabilityCalibrator with method=isotonic
Dec 29, 2025 01:24:16 (+00:01:47) - src.utils.ml_common.oof_probability_calibration - INFO - Fitting OOF probability calibrator...
Dec 29, 2025 01:24:16 (+00:01:47) - src.utils.ml_common.oof_probability_calibration - INFO - Calibrating on 606 OOF samples
Dec 29, 2025 01:24:16 (+00:01:47) - src.utils.ml_common.oof_probability_calibration - INFO - Calibration complete: Brier 0.9998 -> 0.0000 (improvement: 0.9998)
Dec 29, 2025 01:24:16 (+00:01:47) - src.utils.ml_common.oof_probability_calibration - INFO - Initialized OOFProbabilityCalibrator with method=isotonic
Dec 29, 2025 01:24:16 (+00:01:47) - src.utils.ml_common.oof_probability_calibration - INFO - Fitting OOF probability calibrator...
Dec 29, 2025 01:24:16 (+00:01:47) - src.utils.ml_common.oof_probability_calibration - INFO - Calibrating on 1223 OOF samples
Dec 29, 2025 01:24:16 (+00:01:47) - src.utils.ml_common.oof_probability_calibration - INFO - Calibration complete: Brier 0.9998 -> 0.0000 (improvement: 0.9998)
Dec 29, 2025 01:24:16 (+00:01:47) - src.utils.ml_common.oof_probability_calibration - INFO - Initialized OOFProbabilityCalibrator with method=isotonic
Dec 29, 2025 01:24:16 (+00:01:47) - src.utils.ml_common.oof_probability_calibration - INFO - Fitting OOF probability calibrator...
Dec 29, 2025 01:24:16 (+00:01:47) - src.utils.ml_common.oof_probability_calibration - INFO - Calibrating on 1840 OOF samples
Dec 29, 2025 01:24:16 (+00:01:47) - src.utils.ml_common.oof_probability_calibration - INFO - Calibration complete: Brier 0.9998 -> 0.0000 (improvement: 0.9998)
Dec 29, 2025 01:24:16 (+00:01:47) - src.utils.ml_common.oof_probability_calibration - INFO - Initialized OOFProbabilityCalibrator with method=isotonic
Dec 29, 2025 01:24:16 (+00:01:47) - src.utils.ml_common.oof_probability_calibration - INFO - Fitting OOF probability calibrator...
Dec 29, 2025 01:24:16 (+00:01:47) - src.utils.ml_common.oof_probability_calibration - INFO - Calibrating on 2456 OOF samples
Dec 29, 2025 01:24:16 (+00:01:47) - src.utils.ml_common.oof_probability_calibration - INFO - Calibration complete: Brier 0.9998 -> 0.0000 (improvement: 0.9998)
Dec 29, 2025 01:24:24 (+00:01:54) - System.snr_diagnostics - INFO - Loaded label_based outputs (layer3=outcomes/layer3_oof_preds.csv, layer4=outcomes/layer5_sized_events_ETHUSDT_15m_20251220_091844.csv) with shape (15353, 78)
Dec 29, 2025 01:24:24 (+00:01:54) - System.snr_diagnostics - INFO - Saved snr_label_quality diagnostics to outcomes/snr_label_quality_ETHUSDT_15m_20251229_002424.json and outcomes/snr_label_quality_ETHUSDT_15m_20251229_002424.md
Dec 29, 2025 01:24:24 (+00:01:54) - System.snr_diagnostics - INFO - Loaded label_based outputs (layer3=outcomes/layer3_oof_preds.csv, layer4=outcomes/layer5_sized_events_ETHUSDT_15m_20251220_091844.csv) with shape (15353, 78)
Dec 29, 2025 01:24:24 (+00:01:54) - System.snr_diagnostics - INFO - Loaded label_based outputs (layer3=outcomes/layer3_oof_preds.csv, layer4=outcomes/layer5_sized_events_ETHUSDT_15m_20251220_091844.csv) with shape (15353, 78)
Dec 29, 2025 01:24:24 (+00:01:54) - System.snr_diagnostics - INFO - Loaded label_based outputs (layer3=outcomes/layer3_oof_preds.csv, layer4=outcomes/layer5_sized_events_ETHUSDT_15m_20251220_091844.csv) with shape (15353, 78)
Dec 29, 2025 01:24:24 (+00:01:54) - System.snr_diagnostics - WARNING - Only 0 valid samples after cleaning; diagnostics may be noisy
Dec 29, 2025 01:24:24 (+00:01:54) - System.snr_diagnostics - WARNING - Missing diagnostics for prefixes: snr_label_learnability, snr_model_robustness, snr_trading_simulation
Dec 29, 2025 01:24:24 (+00:01:55) - ares.step.meta_labeling_hpo_sample_weighted - INFO - Successfully completed meta_labeling_hpo_sample_weighted in 114.76s
Dec 29, 2025 01:24:24 (+00:01:55) - ares.launcher - INFO - ✅ Successfully completed step: meta_labeling_hpo_sample_weighted
Dec 29, 2025 01:24:24 (+00:01:55) - ares.launcher - INFO - ✅ Simplified Ares Launcher completed
Dec 29, 2025 01:24:24 (+00:01:55) - ares.registry - INFO - Registered step: data_download
