Dec 28, 2025 23:18:42 (+00:00:00) - DataQualityFramework - INFO - ✅ Comprehensive duplicate analyzer integrated
Dec 28, 2025 23:18:42 (+00:00:00) - DataQualityFramework - INFO - 🔧 Unified Data Quality Framework initialized (singleton)
Dec 28, 2025 23:18:42 (+00:00:00) - System.tprint - INFO - DataQualityFramework initialization took 0.000s
Dec 28, 2025 23:18:44 (+00:00:01) - System.AdvancedQualityMetrics - INFO - 📊 AdvancedQualityMetrics initialized with tolerant parameters
Dec 28, 2025 23:18:44 (+00:00:01) - System.tprint - INFO - AdvancedQualityMetrics initialization took 0.000s
Dec 28, 2025 23:18:44 (+00:00:01) - DataCleaner - INFO - Using klines-specific gap thresholds: {<GapType.SMALL: 'small'>: 65, <GapType.MEDIUM: 'medium'>: 300, <GapType.LARGE: 'large'>: 1800, <GapType.CRITICAL: 'critical'>: 3600}
Dec 28, 2025 23:18:44 (+00:00:01) - System.tprint - INFO - DataCleaner(klines) initialization took 0.000s
Dec 28, 2025 23:18:44 (+00:00:01) - DataCleaner - INFO - Using klines-specific gap thresholds: {<GapType.SMALL: 'small'>: 65, <GapType.MEDIUM: 'medium'>: 300, <GapType.LARGE: 'large'>: 1800, <GapType.CRITICAL: 'critical'>: 3600}
Dec 28, 2025 23:18:44 (+00:00:01) - System.tprint - INFO - DataCleaner(klines) initialization took 0.000s
Dec 28, 2025 23:18:44 (+00:00:01) - DataCleanerManager - INFO - 🔧 DataCleanerManager initialized (singleton)
Dec 28, 2025 23:18:44 (+00:00:01) - System.tprint - INFO - ✅ [features_common.utils] Math validation utilities loaded
Dec 28, 2025 23:18:48 (+00:00:05) - src.utils.hardware.m1_gpu_utils.M1GPUManager - INFO - M1 GPU Manager initialized - M1: True, Generation: m1, MPS: True
Dec 28, 2025 23:18:48 (+00:00:05) - src.utils.hardware.m1_cpu_optimizer.M1CPUOptimizer - INFO - 🧠 M1 CPU Optimizer initialized for M1 (4P+4E cores)
Dec 28, 2025 23:18:48 (+00:00:06) - src.features_common.backward_compatibility - INFO - Backward compatibility ensured for features_common
Dec 28, 2025 23:18:48 (+00:00:06) - System.tprint - INFO - ✅ [features_common] All optimizations enabled by default
Dec 28, 2025 23:18:48 (+00:00:06) - System.tprint - INFO - 🔧 [features_common] VectorBT integration available
Dec 28, 2025 23:18:48 (+00:00:06) - System.tprint - INFO - 📊 [features_common] Performance monitoring enabled
Dec 28, 2025 23:18:48 (+00:00:06) - System.tprint - WARNING - 💾 [features_common] Intelligent caching active
Dec 28, 2025 23:18:48 (+00:00:06) - System.DataStreamingManager - INFO - 🚀 DataStreamingManager initialized (singleton): chunk_size=10000, memory_threshold=0.8
Dec 28, 2025 23:18:48 (+00:00:06) - System.tprint - INFO - DataStreamingManager initialization took 0.000s
Dec 28, 2025 23:18:48 (+00:00:06) - System.EvaluationUtils - INFO - EvaluationUtils delegating core metric computation to unified_evaluator
Dec 28, 2025 23:18:48 (+00:00:06) - System.tprint - INFO - ✅ Custom logger available for MLCommon.ConfidenceMetrics
Dec 28, 2025 23:18:48 (+00:00:06) - System.tprint - INFO - ✅ Custom logger available for MLCommon.ModelExplanations
Dec 28, 2025 23:18:49 (+00:00:06) - MLCommon.ModelExplanations - INFO - LIME library available - LIME explanations enabled
Dec 28, 2025 23:18:49 (+00:00:06) - System.tprint - INFO - ✅ Custom logger available for MLCommon.ModelRegistry
Dec 28, 2025 23:18:49 (+00:00:06) - System.tprint - INFO - ✅ Custom logger available for MLCommon.ModelExplainability
Dec 28, 2025 23:18:49 (+00:00:06) - System.tprint - INFO - ✅ Custom logger available for MLCommon.CV
Dec 28, 2025 23:18:49 (+00:00:06) - src.utils.ml_common.validation.enhanced_validation - INFO - ✅ Enhanced Validation initialized
Dec 28, 2025 23:18:49 (+00:00:06) - System.tprint - INFO - ✅ Custom logger available for MLCommon.ValidationUtils
Dec 28, 2025 23:18:49 (+00:00:06) - System.tprint - INFO - ✅ Custom logger available for MLCommon.HPOUtils
Dec 28, 2025 23:18:49 (+00:00:06) - src.utils.matrix_operations.enhanced_operations.CustomMatrixOperationsRegistry - INFO - 📝 Registered custom matrix operation: gpu_condition_number
Dec 28, 2025 23:18:49 (+00:00:06) - src.utils.matrix_operations.enhanced_operations.CustomMatrixOperationsRegistry - INFO - 📝 Registered custom matrix operation: gpu_matrix_rank
Dec 28, 2025 23:18:49 (+00:00:06) - src.utils.matrix_operations.enhanced_operations.CustomMatrixOperationsRegistry - INFO - 📝 Registered custom matrix operation: matrix_normalize
Dec 28, 2025 23:18:49 (+00:00:06) - src.utils.matrix_operations.enhanced_operations.CustomMatrixOperationsRegistry - INFO - 📝 Registered custom matrix operation: extract_matrix_features
Dec 28, 2025 23:18:49 (+00:00:06) - src.utils.matrix_operations - INFO - ✅ Unified Matrix Operations module initialized
Dec 28, 2025 23:18:49 (+00:00:06) - src.utils.matrix_operations - INFO - 📦 Version: 1.0.0
Dec 28, 2025 23:18:49 (+00:00:06) - src.utils.matrix_operations - INFO - 🔧 Features: VectorBT optimizations, GPU acceleration, memory optimization, vectorized processing, batch operations
Dec 28, 2025 23:18:49 (+00:00:06) - src.utils.matrix_operations - INFO - 🍎 Optimized for: Apple Silicon M1/M2/M3 Macs
Dec 28, 2025 23:18:49 (+00:00:06) - src.utils.matrix_operations - INFO - 🚀 VectorBT optimizations enabled - expect 2-10x performance improvements
Dec 28, 2025 23:18:49 (+00:00:06) - src.utils.matrix_operations - INFO - 🎯 VectorBTRollingOptimizer available - enhanced rolling operations
Dec 28, 2025 23:18:49 (+00:00:06) - src.utils.matrix_operations - INFO - ⚡ UnifiedVectorizationManager available - unified vectorization operations
Dec 28, 2025 23:18:49 (+00:00:06) - System.ComplementaryLookbackOptimizer - INFO - ✅ Detected VectorBT v0.28.1
Dec 28, 2025 23:18:49 (+00:00:06) - src.feature_generation.utils.feature_generation_optimization - INFO - ✅ VectorBT available for feature optimization
Dec 28, 2025 23:18:49 (+00:00:06) - root - INFO - ✅ VectorBT compatibility layer loaded successfully
Dec 28, 2025 23:18:50 (+00:00:07) - root - INFO - ✅ Enhanced VectorBT volatility generators loaded successfully
Dec 28, 2025 23:18:50 (+00:00:07) - src.feature_generation.core.feature_registry.FeatureRegistry - INFO - FeatureRegistry initialized
Dec 28, 2025 23:18:50 (+00:00:07) - System.tprint - INFO - 🔧 Initializing AutoOptimizationConfig...
Dec 28, 2025 23:18:50 (+00:00:07) - System.tprint - INFO - 📝 Setting up conservative optimization settings...
Dec 28, 2025 23:18:50 (+00:00:07) - System.tprint - INFO - ✅ Conservative settings configured
Dec 28, 2025 23:18:50 (+00:00:07) - System.tprint - INFO - 📝 Setting up balanced optimization settings...
Dec 28, 2025 23:18:50 (+00:00:07) - System.tprint - INFO - ✅ Balanced settings configured
Dec 28, 2025 23:18:50 (+00:00:07) - System.tprint - INFO - 📝 Setting up aggressive optimization settings...
Dec 28, 2025 23:18:50 (+00:00:07) - System.tprint - INFO - ✅ Aggressive settings configured
Dec 28, 2025 23:18:50 (+00:00:07) - System.tprint - INFO - 🎯 AutoOptimizationConfig initialized with balanced strategy
Dec 28, 2025 23:18:50 (+00:00:07) - System.tprint - INFO - ✅ Auto-optimization enabled for FeatureBank (default)
Dec 28, 2025 23:18:50 (+00:00:07) - src.feature_generation.utils.memory_pool_optimizer.MemoryPoolOptimizer - INFO - Memory pool optimizer initialized
Dec 28, 2025 23:18:50 (+00:00:07) - src.utils.hardware.m1_memory_optimizer.M1MemoryOptimizer - INFO - 🧠 Memory limit set to 8.0 GB (8589934592.0 bytes)
Dec 28, 2025 23:18:50 (+00:00:07) - src.utils.hardware.m1_memory_optimizer.M1MemoryOptimizer - INFO - 🧠 M1 Memory Optimizer initialized for M1
Dec 28, 2025 23:18:50 (+00:00:07) - src.utils.hardware.unified_hardware_manager.UnifiedHardwareManager - INFO - 🔧 Unified Hardware Manager initialized
Dec 28, 2025 23:18:50 (+00:00:07) - src.utils.hardware.unified_hardware_manager.HardwarePerformanceMonitor - INFO - 🔍 Hardware performance monitoring started
Dec 28, 2025 23:18:51 (+00:00:08) - src.utils.hardware.m1_memory_optimizer.M1MemoryOptimizer - INFO - 🧠 M1 memory monitoring started
Dec 28, 2025 23:18:51 (+00:00:08) - src.utils.hardware.unified_hardware_manager.UnifiedHardwareManager - INFO - ✅ Unified Hardware Manager fully initialized
Dec 28, 2025 23:18:51 (+00:00:08) - src.utils.hardware.m1_memory_optimizer.M1MemoryOptimizer - INFO - 🧹 Moderate cleanup: 1265 objects collected
Dec 28, 2025 23:18:51 (+00:00:08) - src.utils.hardware.unified_hardware_manager.UnifiedHardwareManager - INFO - 🎯 Optimizing for feature_engineering workload (balanced)
Dec 28, 2025 23:18:51 (+00:00:08) - src.utils.ml_common.hardware_singleton - INFO - 🔍 Detecting hardware capabilities (one-time detection)...
Dec 28, 2025 23:18:51 (+00:00:08) - src.utils.ml_common.hardware_singleton - INFO - ✅ Hardware detection complete: {'cpu_cores': 8, 'gpu_available': True, 'gpu_type': 'mps', 'memory_gb': 16.0, 'mps_available': True, 'gpu_memory_gb': None}
Dec 28, 2025 23:18:51 (+00:00:08) - System.tprint - INFO - 🚀 Initializing Unified Vectorization Manager...
Dec 28, 2025 23:18:51 (+00:00:08) - System.tprint - INFO - 🔄 Initializing optimization components...
Dec 28, 2025 23:18:51 (+00:00:08) - System.tprint - INFO - 🔄 Initializing optimization components...
Dec 28, 2025 23:18:51 (+00:00:08) - System.tprint - INFO - 🔄 Loading VectorBTRollingOptimizer...
Dec 28, 2025 23:18:51 (+00:00:08) - System.tprint - INFO - ✅ VectorBTRollingOptimizer loaded
Dec 28, 2025 23:18:51 (+00:00:08) - System.tprint - INFO - 🔄 Loading vectorized backtesting...
Dec 28, 2025 23:18:51 (+00:00:08) - System.VectorizedBacktestingEngine - INFO - ✅ Vectorized Backtesting Engine initialized successfully
Dec 28, 2025 23:18:51 (+00:00:08) - System.tprint - INFO - ✅ Vectorized backtesting loaded
Dec 28, 2025 23:18:51 (+00:00:08) - System.tprint - INFO - 🔄 Loading VectorBT backtesting engine...
Dec 28, 2025 23:18:51 (+00:00:08) - System.VectorBTBacktestingEngine - INFO - ✅ VectorBT Backtesting Engine initialized successfully
Dec 28, 2025 23:18:51 (+00:00:08) - System.tprint - INFO - ✅ VectorBT backtesting engine loaded
Dec 28, 2025 23:18:51 (+00:00:08) - System.tprint - INFO - 🔄 Loading VectorBT financial metrics...
Dec 28, 2025 23:18:51 (+00:00:08) - src.utils.ml_common.vectorbt_financial_metrics - INFO - ✅ VectorBT Financial Metrics initialized
Dec 28, 2025 23:18:51 (+00:00:08) - src.utils.ml_common.vectorbt_financial_metrics - INFO - 📊 Risk-free rate: 2.00%
Dec 28, 2025 23:18:51 (+00:00:08) - src.utils.ml_common.vectorbt_financial_metrics - INFO - 📊 Annualization factor: 252
Dec 28, 2025 23:18:51 (+00:00:08) - src.utils.ml_common.vectorbt_financial_metrics - INFO - 📊 Regime analysis: True
Dec 28, 2025 23:18:51 (+00:00:08) - System.tprint - INFO - ✅ VectorBT financial metrics loaded
Dec 28, 2025 23:18:51 (+00:00:08) - System.tprint - INFO - 🔄 Loading VectorBT portfolio optimization...
Dec 28, 2025 23:18:51 (+00:00:08) - src.utils.ml_common.vectorbt_memory_manager.VectorBTMemoryManager - INFO - ✅ VectorBT Memory Manager initialized
Dec 28, 2025 23:18:51 (+00:00:08) - src.utils.ml_common.vectorbt_memory_manager.VectorBTMemoryManager - INFO - 📊 Total system memory: 16.00GB
Dec 28, 2025 23:18:51 (+00:00:08) - src.utils.ml_common.vectorbt_memory_manager.VectorBTMemoryManager - INFO - 📊 Available memory: 2.79GB
Dec 28, 2025 23:18:51 (+00:00:08) - src.utils.ml_common.vectorbt_memory_manager.VectorBTMemoryManager - INFO - 📊 Max allocated memory: 8.00GB
Dec 28, 2025 23:18:51 (+00:00:08) - src.utils.ml_common.vectorbt_performance_monitor.VectorBTPerformanceMonitor - INFO - ✅ VectorBT Performance Monitor initialized
Dec 28, 2025 23:18:51 (+00:00:08) - src.utils.ml_common.vectorbt_performance_monitor.VectorBTPerformanceMonitor - INFO - 📊 Monitoring enabled: timing=True, memory=True, gpu=True
Dec 28, 2025 23:18:51 (+00:00:08) - src.utils.ml_common.vectorbt_portfolio_optimization - INFO - ✅ VectorBT Portfolio Optimizer initialized
Dec 28, 2025 23:18:51 (+00:00:08) - src.utils.ml_common.vectorbt_portfolio_optimization - INFO - 📊 Method: mean_variance
Dec 28, 2025 23:18:51 (+00:00:08) - src.utils.ml_common.vectorbt_portfolio_optimization - INFO - 📊 Rebalancing: monthly
Dec 28, 2025 23:18:51 (+00:00:08) - src.utils.ml_common.vectorbt_portfolio_optimization - INFO - 📊 Risk aversion: 1.0
Dec 28, 2025 23:18:51 (+00:00:08) - src.utils.ml_common.vectorbt_portfolio_optimization - INFO - 📊 Memory manager: 2.79GB available
Dec 28, 2025 23:18:51 (+00:00:08) - System.tprint - INFO - ✅ VectorBT portfolio optimization loaded
Dec 28, 2025 23:18:51 (+00:00:08) - System.tprint - INFO - 🔄 Loading matrix cross-validation...
Dec 28, 2025 23:18:51 (+00:00:08) - src.utils.hardware.m1_memory_optimizer - INFO - 🧠 M1 Memory Optimizer initialized for M1
Dec 28, 2025 23:18:51 (+00:00:08) - src.utils.hardware.m1_memory_optimizer.M1MemoryOptimizer - INFO - 🧠 M1 Memory Optimizer initialized for M1
Dec 28, 2025 23:18:51 (+00:00:08) - src.feature_generation.core.vectorbt_batch_processor - INFO - VectorBTBatchProcessor initialized: VectorBT=True, GPU=False, Parallel=True
Dec 28, 2025 23:18:51 (+00:00:08) - src.feature_generation.utils.unified_vectorization_manager - INFO - UnifiedVectorizationManager initialized: VectorBT=True, GPU=False, Memory=True
Dec 28, 2025 23:18:51 (+00:00:08) - src.utils.matrix_operations.unified_operations.UnifiedMatrixOperations - INFO - 📊 GPU: False, Memory Opt: False, Parallel: False
Dec 28, 2025 23:18:51 (+00:00:08) - src.utils.ml_common.matrix_cross_validation - INFO - 🚀 VectorBT configured for cross-validation optimization
Dec 28, 2025 23:18:51 (+00:00:08) - src.utils.ml_common.matrix_cross_validation - INFO - ✅ Matrix-based cross-validator initialized
Dec 28, 2025 23:18:51 (+00:00:08) - src.utils.ml_common.matrix_cross_validation - INFO - 📊 Configuration - Splits: 5, GPU: True, VectorBT: True
Dec 28, 2025 23:18:51 (+00:00:08) - System.tprint - INFO - ✅ Matrix cross-validation loaded
Dec 28, 2025 23:18:51 (+00:00:08) - System.tprint - INFO - 🔄 Loading feature importance analyzer...
Dec 28, 2025 23:18:51 (+00:00:08) - src.utils.ml_common.utils.memory_integration - INFO - 🔗 Integrating memory skimming with all ML utilities
Dec 28, 2025 23:18:51 (+00:00:08) - src.utils.ml_common.utils.memory_integration - INFO - ✅ Successfully imported HPO utilities (direct import)
Dec 28, 2025 23:18:51 (+00:00:08) - src.utils.ml_common.utils.memory_integration - INFO - ✅ Memory skimming integrated with HPO utilities
Dec 28, 2025 23:18:51 (+00:00:08) - src.utils.ml_common.utils.memory_integration - INFO - ✅ Successfully imported Unified CV utilities
Dec 28, 2025 23:18:51 (+00:00:08) - src.utils.ml_common.utils.memory_integration - INFO - ✅ Memory skimming integrated with Unified CV utilities
Dec 28, 2025 23:18:51 (+00:00:08) - src.utils.ml_common.utils.memory_integration - INFO - ✅ Memory skimming integrated with lookahead protection utilities
Dec 28, 2025 23:18:51 (+00:00:08) - src.utils.ml_common.utils.memory_integration - INFO - ℹ️ Skipping model evaluation memory integration (deprecated)
Dec 28, 2025 23:18:51 (+00:00:08) - src.utils.ml_common.utils.memory_integration - INFO - ✅ Successfully imported feature selection utilities
Dec 28, 2025 23:18:51 (+00:00:08) - src.utils.ml_common.utils.memory_integration - INFO - ✅ Memory skimming integrated with feature selection utilities
Dec 28, 2025 23:18:51 (+00:00:08) - src.utils.ml_common.utils.memory_integration - INFO - ✅ Successfully imported data quality utilities
Dec 28, 2025 23:18:51 (+00:00:08) - src.utils.ml_common.utils.memory_integration - INFO - ✅ Memory skimming integrated with data quality utilities
Dec 28, 2025 23:18:51 (+00:00:08) - src.utils.ml_common.utils.memory_integration - INFO - ✅ Memory skimming integration completed: 6/6 successful
Dec 28, 2025 23:18:51 (+00:00:08) - System.tprint - INFO - ✅ Custom logger available for MLCommon.ThreadGuard
Dec 28, 2025 23:18:51 (+00:00:08) - System.tprint - INFO - ✅ threadpoolctl available for thread management
Dec 28, 2025 23:18:51 (+00:00:08) - System.tprint - INFO - ✅ Custom logger available for MLCommon.BaseSafeguards
Dec 28, 2025 23:18:51 (+00:00:08) - System.tprint - INFO - ✅ Scikit-learn available for thresholding functionality
Dec 28, 2025 23:18:51 (+00:00:08) - System.tprint - INFO - ✅ Custom logger available for FeatureSelection.BaseFramework
Dec 28, 2025 23:18:51 (+00:00:08) - System.tprint - INFO - ✅ Custom logger available for FeatureSelection.DataValidation
Dec 28, 2025 23:18:51 (+00:00:08) - System.tprint - INFO - ✅ Vectorization utilities available for feature selection
Dec 28, 2025 23:18:51 (+00:00:08) - System.tprint - INFO - ✅ Custom logger available for FeatureSelection.SelectionMethods
Dec 28, 2025 23:18:51 (+00:00:08) - System.tprint - INFO - ✅ Custom logger available for FeatureSelection.StabilityAnalysis
Dec 28, 2025 23:18:51 (+00:00:08) - System.tprint - INFO - ✅ Custom logger available for FeatureSelection.PerformanceMonitoring
Dec 28, 2025 23:18:51 (+00:00:08) - System.tprint - INFO - ✅ Custom logger available for FeatureSelection.QualityMetrics
Dec 28, 2025 23:18:51 (+00:00:08) - System.tprint - INFO - ✅ Custom logger available for FeatureSelection.TemporalAnalysis
Dec 28, 2025 23:18:51 (+00:00:08) - System.tprint - INFO - ✅ Custom logger available for FeatureSelection.CausalAnalysis
Dec 28, 2025 23:18:51 (+00:00:08) - System.tprint - INFO - ✅ Custom logger available for FeatureSelection.MainFramework
Dec 28, 2025 23:18:51 (+00:00:08) - System.tprint - INFO - 🔍 FeatureImportanceAnalyzer initialized with methods: ['random_forest', 'lasso', 'mutual_info']
Dec 28, 2025 23:18:51 (+00:00:08) - System.tprint - INFO - ✅ Feature importance analyzer loaded
Dec 28, 2025 23:18:51 (+00:00:08) - System.tprint - INFO - 🔄 Loading technical indicators...
Dec 28, 2025 23:18:51 (+00:00:08) - src.feature_generation.utils.feature_generators - INFO - ✅ TA-Lib available for enhanced technical indicators
Dec 28, 2025 23:18:51 (+00:00:08) - src.feature_generation.utils.feature_generators - INFO - Using fallback implementations for feature selection tools
Dec 28, 2025 23:18:51 (+00:00:08) - src.utils.hardware.m1_memory_optimizer.M1MemoryOptimizer - INFO - 🧠 M1 Memory Optimizer initialized for M1
Dec 28, 2025 23:18:51 (+00:00:08) - src.feature_generation.utils.feature_generators.FeatureGenerators - INFO - ✅ Hardware optimization initialized
Dec 28, 2025 23:18:51 (+00:00:08) - src.feature_generation.utils.feature_generators.FeatureGenerators - INFO - ✅ Matrix operations available for vectorization
Dec 28, 2025 23:18:51 (+00:00:08) - System.tprint - INFO - ✅ Technical indicators loaded
Dec 28, 2025 23:18:51 (+00:00:08) - System.tprint - INFO - ℹ️ HMM operations deprecated - using alternative methods
Dec 28, 2025 23:18:51 (+00:00:08) - System.tprint - INFO - ✅ Component initialization completed
Dec 28, 2025 23:18:51 (+00:00:08) - System.tprint - INFO - 🔄 Setting up performance tracking...
Dec 28, 2025 23:18:51 (+00:00:08) - System.tprint - INFO - ✅ Unified Vectorization Manager initialized
Dec 28, 2025 23:18:51 (+00:00:08) - src.utils.ml_common.unified_vectorization_manager - INFO - ✅ Unified Vectorization Manager initialized
Dec 28, 2025 23:18:51 (+00:00:08) - src.feature_generation.utils.feature_generation_optimization.FeatureGenerationOptimizer - INFO - 🚀 Initializing FeatureGenerationOptimizer...
Dec 28, 2025 23:18:51 (+00:00:08) - src.feature_generation.utils.feature_generation_optimization.FeatureGenerationOptimizer - INFO - 📊 Configuration loaded: cross_validation
Dec 28, 2025 23:18:51 (+00:00:08) - src.feature_generation.utils.feature_generation_optimization.FeatureGenerationOptimizer - INFO - ✅ FeatureGenerationOptimizer initialized in 0.000s
Dec 28, 2025 23:18:51 (+00:00:08) - src.feature_generation.utils.feature_generation_optimization.FeatureGenerationOptimizer - INFO - 📊 Min lookback: 5, Max lookback: 252
Dec 28, 2025 23:18:51 (+00:00:08) - src.feature_generation.utils.feature_generation_optimization.FeatureGenerationOptimizer - INFO - 📊 CV folds: 3, Parallel processing: True
Dec 28, 2025 23:18:51 (+00:00:08) - src.utils.parallel_processing_optimizer - INFO - 🍎 Detected Apple Silicon - applying M1-specific limits
Dec 28, 2025 23:18:51 (+00:00:08) - src.utils.parallel_processing_optimizer - INFO - 🔧 Initialized MacM1ParallelOptimizer:
Dec 28, 2025 23:18:51 (+00:00:08) - src.utils.parallel_processing_optimizer - INFO -    Max workers: 4
Dec 28, 2025 23:18:51 (+00:00:08) - src.utils.parallel_processing_optimizer - INFO -    Chunk size: 1000
Dec 28, 2025 23:18:51 (+00:00:08) - src.utils.parallel_processing_optimizer - INFO -    Pool type: Process
Dec 28, 2025 23:18:51 (+00:00:08) - src.utils.parallel_processing_optimizer - INFO -    Memory limit per worker: 4096 MB
Dec 28, 2025 23:18:51 (+00:00:08) - src.utils.parallel_processing_optimizer - INFO -    M1 Mac detected: True
Dec 28, 2025 23:18:51 (+00:00:08) - src.feature_generation.utils.optimization.lookback_optimizer.LookbackOptimizer - INFO - ✅ Legacy optimization system available
Dec 28, 2025 23:18:51 (+00:00:08) - src.feature_generation.utils.optimization.lookback_optimizer.LookbackOptimizer - INFO - ✅ LookbackOptimizer initialized
Dec 28, 2025 23:18:51 (+00:00:08) - src.feature_generation.core.feature_bank.FeatureBank - INFO - ✅ Regular lookback optimization enabled (Analyst mode)
Dec 28, 2025 23:18:51 (+00:00:08) - System.tprint - INFO - ✅ FeatureBank set as global instance
Dec 28, 2025 23:18:51 (+00:00:08) - System.tprint - INFO - 🔧 Auto-registering feature generators...
Dec 28, 2025 23:18:51 (+00:00:08) - System.tprint - INFO - 🔧 Starting auto-registration of feature generators...
Dec 28, 2025 23:18:51 (+00:00:08) - System.tprint - INFO - 🚀 Initializing 16 feature categories...
Dec 28, 2025 23:18:51 (+00:00:08) - src.feature_generation.core.vectorbt_feature_generator - WARNING - ⚠️ GPU acceleration not available in this VectorBT version
Dec 28, 2025 23:18:51 (+00:00:08) - src.feature_generation.core.feature_generator.CustomAutoOptimizedFeatureGenerator - INFO - ✅ VectorBT advanced caching enabled: 1000MB, TTL: 3600s
Dec 28, 2025 23:18:51 (+00:00:08) - System.tprint - INFO - 🔍 Getting settings for balanced optimization level...
Dec 28, 2025 23:18:51 (+00:00:08) - src.feature_generation.utils.vectorbt_optimization_integration - INFO - VectorBTOptimizationManager initialized: GPU=False, Memory=True, Parallel=True
Dec 28, 2025 23:18:51 (+00:00:08) - CustomAutoOptimizedFeatureGenerator - INFO - VectorBT optimization components initialized
Dec 28, 2025 23:18:51 (+00:00:08) - src.feature_generation.utils.consolidated_rolling_optimizer - INFO - GPU memory test successful
Dec 28, 2025 23:18:51 (+00:00:08) - src.feature_generation.categories.candlestick_pattern - INFO - ✅ VectorBTRollingOptimizer initialized for candlestick patterns
Dec 28, 2025 23:18:51 (+00:00:08) - src.feature_generation.categories.candlestick_pattern - INFO - ✅ UnifiedVectorizationManager initialized for candlestick patterns
Dec 28, 2025 23:18:51 (+00:00:08) - System.tprint - INFO - ℹ️ VectorBT not available, using core microstructure generators only (numpy-optimized)
Dec 28, 2025 23:18:51 (+00:00:08) - src.feature_generation.utils.vectorization_optimizer.VectorizationOptimizer - INFO - ✅ Matrix operations initialized
Dec 28, 2025 23:18:51 (+00:00:08) - src.feature_generation.utils.vectorization_optimizer.VectorizationOptimizer - INFO - ✅ Hardware manager initialized
Dec 28, 2025 23:18:51 (+00:00:08) - src.feature_generation.utils.vectorization_optimizer.VectorizationOptimizer - INFO - ✅ Vectorized core initialized
Dec 28, 2025 23:18:51 (+00:00:08) - src.feature_generation.utils.vectorization_optimizer.VectorizationOptimizer - INFO - ✅ Vectorization Optimizer initialized
Dec 28, 2025 23:18:51 (+00:00:08) - System.tprint - INFO - ℹ️ VectorBT not available, using core microstructure generators only (numpy-optimized)
Dec 28, 2025 23:18:51 (+00:00:08) - System.tprint - INFO - ✅ Auto-registration completed. Registered 527 generators
Dec 28, 2025 23:18:51 (+00:00:08) - src.feature_generation.core.feature_bank.FeatureBank - INFO - ✅ Auto-registered 527 generators from 16 categories
Dec 28, 2025 23:18:51 (+00:00:08) - System.tprint - INFO - 🔍 Looking up generators for category: returns
Dec 28, 2025 23:18:51 (+00:00:08) - System.tprint - INFO - ✅ Found 57 generators for category: returns
Dec 28, 2025 23:18:51 (+00:00:08) - System.tprint - INFO - 🔍 Looking up generators for category: momentum
Dec 28, 2025 23:18:51 (+00:00:08) - System.tprint - INFO - ✅ Found 32 generators for category: momentum
Dec 28, 2025 23:18:51 (+00:00:08) - System.tprint - INFO - 🔍 Looking up generators for category: volume
Dec 28, 2025 23:18:51 (+00:00:08) - System.tprint - INFO - ✅ Found 60 generators for category: volume
Dec 28, 2025 23:18:51 (+00:00:08) - System.tprint - INFO - 🔍 Looking up generators for category: volatility
Dec 28, 2025 23:18:51 (+00:00:08) - System.tprint - INFO - ✅ Found 54 generators for category: volatility
Dec 28, 2025 23:18:51 (+00:00:08) - System.tprint - INFO - 🔍 Looking up generators for category: normalization
Dec 28, 2025 23:18:51 (+00:00:08) - System.tprint - INFO - ✅ Found 0 generators for category: normalization
Dec 28, 2025 23:18:51 (+00:00:08) - System.tprint - INFO - 🔍 Looking up generators for category: trend
Dec 28, 2025 23:18:51 (+00:00:08) - System.tprint - INFO - ✅ Found 60 generators for category: trend
Dec 28, 2025 23:18:51 (+00:00:08) - System.tprint - INFO - 🔍 Looking up generators for category: oscillator
Dec 28, 2025 23:18:51 (+00:00:08) - System.tprint - INFO - ✅ Found 11 generators for category: oscillator
Dec 28, 2025 23:18:51 (+00:00:08) - System.tprint - INFO - 🔍 Looking up generators for category: support_resistance
Dec 28, 2025 23:18:51 (+00:00:08) - System.tprint - INFO - ✅ Found 50 generators for category: support_resistance
Dec 28, 2025 23:18:51 (+00:00:08) - System.tprint - INFO - 🔍 Looking up generators for category: custom_support_resistance
Dec 28, 2025 23:18:51 (+00:00:08) - System.tprint - INFO - ✅ Found 0 generators for category: custom_support_resistance
Dec 28, 2025 23:18:51 (+00:00:08) - System.tprint - INFO - 🔍 Looking up generators for category: candlestick_pattern
Dec 28, 2025 23:18:51 (+00:00:08) - System.tprint - INFO - ✅ Found 16 generators for category: candlestick_pattern
Dec 28, 2025 23:18:51 (+00:00:08) - System.tprint - INFO - 🔍 Looking up generators for category: cross_timeframe
Dec 28, 2025 23:18:51 (+00:00:08) - System.tprint - INFO - ✅ Found 22 generators for category: cross_timeframe
Dec 28, 2025 23:18:51 (+00:00:08) - System.tprint - INFO - 🔍 Looking up generators for category: microstructure
Dec 28, 2025 23:18:51 (+00:00:08) - System.tprint - INFO - ✅ Found 15 generators for category: microstructure
Dec 28, 2025 23:18:51 (+00:00:08) - System.tprint - INFO - 🔍 Looking up generators for category: entropy
Dec 28, 2025 23:18:51 (+00:00:08) - System.tprint - INFO - ✅ Found 35 generators for category: entropy
Dec 28, 2025 23:18:51 (+00:00:08) - System.tprint - INFO - 🔍 Looking up generators for category: autoencoder
Dec 28, 2025 23:18:51 (+00:00:08) - System.tprint - INFO - ✅ Found 0 generators for category: autoencoder
Dec 28, 2025 23:18:51 (+00:00:08) - System.tprint - INFO - 🔍 Looking up generators for category: representation_learning
Dec 28, 2025 23:18:51 (+00:00:08) - System.tprint - INFO - ✅ Found 0 generators for category: representation_learning
Dec 28, 2025 23:18:51 (+00:00:08) - System.tprint - INFO - 🔍 Looking up generators for category: order_flow
Dec 28, 2025 23:18:51 (+00:00:08) - System.tprint - INFO - ✅ Found 0 generators for category: order_flow
Dec 28, 2025 23:18:51 (+00:00:08) - System.tprint - INFO - 🔍 Looking up generators for category: regime
Dec 28, 2025 23:18:51 (+00:00:08) - System.tprint - INFO - ✅ Found 0 generators for category: regime
Dec 28, 2025 23:18:51 (+00:00:08) - System.tprint - INFO - 🔍 Looking up generators for category: legacy
Dec 28, 2025 23:18:51 (+00:00:08) - System.tprint - INFO - ✅ Found 0 generators for category: legacy
Dec 28, 2025 23:18:51 (+00:00:08) - System.tprint - INFO - 🔍 Looking up generators for category: time
Dec 28, 2025 23:18:51 (+00:00:08) - System.tprint - INFO - ✅ Found 0 generators for category: time
Dec 28, 2025 23:18:51 (+00:00:08) - System.tprint - INFO - 🔍 Looking up generators for category: custom
Dec 28, 2025 23:18:51 (+00:00:08) - System.tprint - INFO - ✅ Found 0 generators for category: custom
Dec 28, 2025 23:18:51 (+00:00:08) - System.tprint - INFO - 🔍 Looking up generators for category: acceleration
Dec 28, 2025 23:18:51 (+00:00:08) - System.tprint - INFO - ✅ Found 46 generators for category: acceleration
Dec 28, 2025 23:18:51 (+00:00:08) - System.tprint - INFO - 🔍 Looking up generators for category: interaction
Dec 28, 2025 23:18:51 (+00:00:08) - System.tprint - INFO - ✅ Found 8 generators for category: interaction
Dec 28, 2025 23:18:51 (+00:00:08) - System.tprint - INFO - 🔍 Looking up generators for category: advanced_statistical
Dec 28, 2025 23:18:51 (+00:00:08) - System.tprint - INFO - ✅ Found 6 generators for category: advanced_statistical
Dec 28, 2025 23:18:51 (+00:00:08) - System.tprint - INFO - 🔍 Looking up generators for category: spectral_wavelet
Dec 28, 2025 23:18:51 (+00:00:08) - System.tprint - INFO - ✅ Found 6 generators for category: spectral_wavelet
Dec 28, 2025 23:18:51 (+00:00:08) - src.feature_generation.core.generator_factory - INFO - Populated generator factory with 478 generators
Dec 28, 2025 23:18:51 (+00:00:08) - System.tprint - INFO - ✅ Generator factory populated with registered generators
Dec 28, 2025 23:18:51 (+00:00:08) - src.feature_generation.core.feature_bank.FeatureBank - INFO - ✅ FeatureBank initialized
Dec 28, 2025 23:18:51 (+00:00:08) - src.feature_generation.core.feature_bank.FeatureBank - INFO - 📊 Matrix ops: True, GPU: True, Lookback opt: True
Dec 28, 2025 23:18:51 (+00:00:08) - src.feature_generation - INFO - ✅ Unified Feature Generation System initialized
Dec 28, 2025 23:18:51 (+00:00:08) - src.feature_generation - INFO - 📦 Version: 2.0.0
Dec 28, 2025 23:18:51 (+00:00:08) - src.feature_generation - INFO - 🔧 Features: Category-based organization, advanced utilities, optimization
Dec 28, 2025 23:18:51 (+00:00:08) - src.feature_generation - INFO - 🍎 Optimized for: Apple Silicon M1/M2/M3 Macs
Dec 28, 2025 23:18:51 (+00:00:08) - src.feature_generation - INFO - 🚀 Advanced utilities available (optimization, analysis, etc.)
Dec 28, 2025 23:18:51 (+00:00:08) - src.feature_generation - INFO - ⚡ VectorBT optimizations available (advanced volatility, volume, batch processing)
Dec 28, 2025 23:18:51 (+00:00:08) - MLCommon.HPOUtils - INFO - ✅ VectorBT optimization available
Dec 28, 2025 23:18:51 (+00:00:08) - MLCommon.HPOUtils - INFO - 🚀 Initializing Enhanced HyperparameterOptimization...
Dec 28, 2025 23:18:51 (+00:00:08) - MLCommon.HPOUtils.HPOUtils - INFO - ✅ VectorBT Rolling Optimizer initialized
Dec 28, 2025 23:18:51 (+00:00:08) - MLCommon.HPOUtils.HPOUtils - INFO - ✅ Unified Vectorization Manager initialized
Dec 28, 2025 23:18:51 (+00:00:08) - MLCommon.HPOUtils - INFO - ⚙️ Configuration - Parallel processing: True
Dec 28, 2025 23:18:51 (+00:00:08) - MLCommon.HPOUtils - INFO - ⚙️ Configuration - Max workers: 4
Dec 28, 2025 23:18:51 (+00:00:08) - MLCommon.HPOUtils - INFO - ⚙️ Configuration - Monitoring enabled: True
Dec 28, 2025 23:18:51 (+00:00:08) - MLCommon.HPOUtils - INFO - 🚀 Configuration - Non-linear optimization: True
Dec 28, 2025 23:18:51 (+00:00:08) - MLCommon.HPOUtils - INFO - ✅ Enhanced HyperparameterOptimization initialized successfully
Dec 28, 2025 23:18:51 (+00:00:08) - DataCleaner - INFO - Using klines-specific gap thresholds: {<GapType.SMALL: 'small'>: 65, <GapType.MEDIUM: 'medium'>: 300, <GapType.LARGE: 'large'>: 1800, <GapType.CRITICAL: 'critical'>: 3600}
Dec 28, 2025 23:18:51 (+00:00:08) - System.UnifiedDataUtils - INFO - 🚀 Unified Data Utils initialized
Dec 28, 2025 23:18:51 (+00:00:09) - src.utils.ml_common.validation.data_leakage_prevention - INFO - 🔒 Data Leakage Prevention initialized with CRITICAL financial thresholds:
Dec 28, 2025 23:18:51 (+00:00:09) - src.utils.ml_common.validation.data_leakage_prevention - INFO -    • Critical leakage threshold: 5.0% (was 25%)
Dec 28, 2025 23:18:51 (+00:00:09) - src.utils.ml_common.validation.data_leakage_prevention - INFO -    • Warning leakage threshold: 2.0% (was 10%)
Dec 28, 2025 23:18:51 (+00:00:09) - src.utils.ml_common.validation.data_leakage_prevention - INFO -    • Small dataset multiplier: 1.0 (was 1.5)
Dec 28, 2025 23:18:51 (+00:00:09) - src.utils.ml_common.validation.data_leakage_prevention - INFO -    • These strict thresholds are ESSENTIAL for financial data integrity
Dec 28, 2025 23:18:51 (+00:00:09) - src.utils.ml_common.validation.data_leakage_prevention - INFO -    • Even 1-2% leakage can invalidate backtesting results
Dec 28, 2025 23:18:51 (+00:00:09) - src.utils.ml_common.validation.data_leakage_prevention - INFO -    • High model scores (>96%) often indicate undetected temporal leakage
Dec 28, 2025 23:18:51 (+00:00:09) - src.utils.ml_common.validation.overfitting_monitoring - INFO - ✅ Overfitting Monitoring initialized
Dec 28, 2025 23:18:51 (+00:00:09) - src.utils.ml_common.validation.hpo_overfitting_prevention - INFO - ✅ HPO with Overfitting Prevention initialized
Dec 28, 2025 23:18:51 (+00:00:09) - src.utils.ml_common.validation.model_complexity_analysis - INFO - ✅ Model Complexity Analyzer initialized
Dec 28, 2025 23:18:51 (+00:00:09) - EnhancedReportingSystem.EnhancedReportingSystem - INFO - 📊 Enhanced Reporting System initialized
Dec 28, 2025 23:18:51 (+00:00:09) - src.utils.ml_common.reporting.validation_reporting_integration - INFO - ✅ Validation Reporting Integrator initialized
Dec 28, 2025 23:18:51 (+00:00:09) - src.utils.ml_common.validation.data_leakage_prevention - INFO - 🔒 Data Leakage Prevention initialized with CRITICAL financial thresholds:
Dec 28, 2025 23:18:51 (+00:00:09) - src.utils.ml_common.validation.data_leakage_prevention - INFO -    • Critical leakage threshold: 5.0% (was 25%)
Dec 28, 2025 23:18:51 (+00:00:09) - src.utils.ml_common.validation.data_leakage_prevention - INFO -    • Warning leakage threshold: 2.0% (was 10%)
Dec 28, 2025 23:18:51 (+00:00:09) - src.utils.ml_common.validation.data_leakage_prevention - INFO -    • Small dataset multiplier: 1.0 (was 1.5)
Dec 28, 2025 23:18:51 (+00:00:09) - src.utils.ml_common.validation.data_leakage_prevention - INFO -    • These strict thresholds are ESSENTIAL for financial data integrity
Dec 28, 2025 23:18:51 (+00:00:09) - src.utils.ml_common.validation.data_leakage_prevention - INFO -    • Even 1-2% leakage can invalidate backtesting results
Dec 28, 2025 23:18:51 (+00:00:09) - src.utils.ml_common.validation.data_leakage_prevention - INFO -    • High model scores (>96%) often indicate undetected temporal leakage
Dec 28, 2025 23:18:51 (+00:00:09) - src.utils.ml_common.validation.overfitting_monitoring - INFO - ✅ Overfitting Monitoring initialized
Dec 28, 2025 23:18:51 (+00:00:09) - src.utils.ml_common.validation.enhanced_validation - INFO - ✅ Enhanced Validation initialized
Dec 28, 2025 23:18:51 (+00:00:09) - src.utils.ml_common.validation.hpo_overfitting_prevention - INFO - ✅ HPO with Overfitting Prevention initialized
Dec 28, 2025 23:18:51 (+00:00:09) - src.utils.ml_common.validation.model_complexity_analysis - INFO - ✅ Model Complexity Analyzer initialized
Dec 28, 2025 23:18:51 (+00:00:09) - src.utils.ml_common.training.universal_validation_integration - INFO - ✅ Universal Validation Integrator initialized with new utilities
Dec 28, 2025 23:18:52 (+00:00:09) - System.tprint - INFO - ✅ Custom logger available for MLCommon.ModelTraining
Dec 28, 2025 23:18:52 (+00:00:09) - System.tprint - INFO - ✅ ML Common utilities loaded successfully
Dec 28, 2025 23:18:52 (+00:00:09) - System.CrossStepValidator - INFO - 🔍 CrossStepValidator initialized with comprehensive consistency rules
Dec 28, 2025 23:18:52 (+00:00:09) - ares.registry - INFO - Registered step: feature_generation_data_validation_step
Dec 28, 2025 23:18:52 (+00:00:09) - System.tprint - INFO - ✅ Feature generation data validation step registered SUCCESS
Dec 28, 2025 23:18:52 (+00:00:09) - System.tprint - INFO - 🔧 Loading labeling components...
Dec 28, 2025 23:18:52 (+00:00:09) - ares.registry - INFO - Registered step: meta_labeling_hpo_sample_weighted
Dec 28, 2025 23:18:52 (+00:00:09) - ares.registry - INFO - Registered step: meta_labeling_hpo_experiment
Dec 28, 2025 23:18:52 (+00:00:09) - ares.registry - INFO - Registered step: sr_labeling_xgb
Dec 28, 2025 23:18:52 (+00:00:09) - ares.registry - INFO - Registered step: sr_labeling_xgb_weighted
Dec 28, 2025 23:18:52 (+00:00:09) - ares.registry - INFO - Registered step: meta_gated_backtest
Dec 28, 2025 23:18:52 (+00:00:09) - System.tprint - INFO - ✅ Meta-gated backtest step registered SUCCESS
Dec 28, 2025 23:19:15 (+00:00:33) - src.utils.hardware.m1_memory_optimizer.M1MemoryOptimizer - INFO - 🧹 Moderate cleanup: 327 objects collected
Dec 28, 2025 23:19:22 (+00:00:40) - src.utils.hardware.m1_memory_optimizer.M1MemoryOptimizer - INFO - 🧹 Moderate cleanup: 189 objects collected
Dec 28, 2025 23:19:33 (+00:00:50) - src.utils.hardware.m1_memory_optimizer.M1MemoryOptimizer - INFO - 🧹 Moderate cleanup: 590 objects collected
Dec 28, 2025 23:19:47 (+00:01:04) - src.utils.hardware.m1_memory_optimizer.M1MemoryOptimizer - INFO - 🧹 Moderate cleanup: 115 objects collected
Dec 28, 2025 23:19:55 (+00:01:12) - src.utils.hardware.unified_hardware_manager.HardwarePerformanceMonitor - WARNING - 🚨 ALERT: cpu_usage (89.6) exceeds threshold (85.0)
Dec 28, 2025 23:20:19 (+00:01:36) - src.utils.hardware.m1_memory_optimizer.M1MemoryOptimizer - INFO - 🧹 Moderate cleanup: 63 objects collected
Dec 28, 2025 23:20:25 (+00:01:42) - src.utils.hardware.m1_memory_optimizer.M1MemoryOptimizer - INFO - 🧹 Moderate cleanup: 244 objects collected
Dec 28, 2025 23:20:30 (+00:01:47) - src.utils.hardware.m1_memory_optimizer.M1MemoryOptimizer - INFO - 🧹 Moderate cleanup: 52 objects collected
Dec 28, 2025 23:20:36 (+00:01:53) - src.utils.hardware.m1_memory_optimizer.M1MemoryOptimizer - INFO - 🧹 Moderate cleanup: 668 objects collected
Dec 28, 2025 23:20:41 (+00:01:59) - src.utils.hardware.m1_memory_optimizer.M1MemoryOptimizer - INFO - 🧹 Moderate cleanup: 54 objects collected
Dec 28, 2025 23:20:47 (+00:02:04) - src.utils.hardware.m1_memory_optimizer.M1MemoryOptimizer - INFO - 🧹 Moderate cleanup: 54 objects collected
Dec 28, 2025 23:20:58 (+00:02:15) - src.utils.hardware.m1_memory_optimizer.M1MemoryOptimizer - INFO - 🧹 Moderate cleanup: 54 objects collected
Dec 28, 2025 23:21:13 (+00:02:30) - src.utils.hardware.m1_memory_optimizer.M1MemoryOptimizer - INFO - 🧠 M1 Memory pressure at 0.82
Dec 28, 2025 23:21:30 (+00:02:47) - src.utils.hardware.m1_memory_optimizer.M1MemoryOptimizer - INFO - 🧹 Moderate cleanup: 299 objects collected
Dec 28, 2025 23:21:35 (+00:02:52) - src.utils.hardware.m1_memory_optimizer.M1MemoryOptimizer - INFO - 🧹 Moderate cleanup: 559 objects collected
Dec 28, 2025 23:21:57 (+00:03:14) - src.utils.hardware.m1_memory_optimizer.M1MemoryOptimizer - INFO - 🧹 Moderate cleanup: 35 objects collected
Dec 28, 2025 23:22:02 (+00:03:19) - src.utils.hardware.m1_memory_optimizer.M1MemoryOptimizer - INFO - 🧹 Moderate cleanup: 80 objects collected
Dec 28, 2025 23:22:07 (+00:03:24) - src.utils.hardware.m1_memory_optimizer.M1MemoryOptimizer - INFO - 🧹 Moderate cleanup: 668 objects collected
Dec 28, 2025 23:22:13 (+00:03:30) - src.utils.hardware.m1_memory_optimizer.M1MemoryOptimizer - INFO - 🧹 Moderate cleanup: 327 objects collected
Dec 28, 2025 23:22:18 (+00:03:35) - src.utils.hardware.m1_memory_optimizer.M1MemoryOptimizer - INFO - 🧹 Moderate cleanup: 187 objects collected
Dec 28, 2025 23:22:51 (+00:04:08) - src.utils.hardware.m1_memory_optimizer.M1MemoryOptimizer - INFO - 🧹 Moderate cleanup: 668 objects collected
Dec 28, 2025 23:22:57 (+00:04:14) - src.utils.hardware.m1_memory_optimizer.M1MemoryOptimizer - INFO - 🧹 Moderate cleanup: 603 objects collected
Dec 28, 2025 23:23:02 (+00:04:19) - src.utils.hardware.m1_memory_optimizer.M1MemoryOptimizer - INFO - 🧹 Moderate cleanup: 351 objects collected
Dec 28, 2025 23:23:08 (+00:04:25) - src.utils.hardware.m1_memory_optimizer.M1MemoryOptimizer - INFO - 🧹 Moderate cleanup: 54 objects collected
Dec 28, 2025 23:23:19 (+00:04:36) - src.utils.hardware.m1_memory_optimizer.M1MemoryOptimizer - INFO - 🧹 Moderate cleanup: 54 objects collected
Dec 28, 2025 23:23:24 (+00:04:41) - src.utils.hardware.m1_memory_optimizer.M1MemoryOptimizer - INFO - 🧠 M1 Memory pressure at 0.80
Dec 28, 2025 23:23:29 (+00:04:47) - src.utils.hardware.m1_memory_optimizer.M1MemoryOptimizer - INFO - 🧹 Moderate cleanup: 240 objects collected
Dec 28, 2025 23:23:35 (+00:04:52) - src.utils.hardware.m1_memory_optimizer.M1MemoryOptimizer - INFO - 🧹 Moderate cleanup: 67 objects collected
Dec 28, 2025 23:23:46 (+00:05:03) - src.utils.hardware.m1_memory_optimizer.M1MemoryOptimizer - INFO - 🧹 Moderate cleanup: 37 objects collected
Dec 28, 2025 23:23:51 (+00:05:09) - src.utils.hardware.m1_memory_optimizer.M1MemoryOptimizer - INFO - 🧹 Moderate cleanup: 223 objects collected
Dec 28, 2025 23:23:57 (+00:05:14) - src.utils.hardware.m1_memory_optimizer.M1MemoryOptimizer - INFO - 🧹 Moderate cleanup: 58 objects collected
Dec 28, 2025 23:24:08 (+00:05:25) - src.utils.hardware.m1_memory_optimizer.M1MemoryOptimizer - INFO - 🧹 Moderate cleanup: 754 objects collected
Dec 28, 2025 23:24:14 (+00:05:31) - src.utils.hardware.m1_memory_optimizer.M1MemoryOptimizer - INFO - 🧹 Moderate cleanup: 593 objects collected
Dec 28, 2025 23:24:19 (+00:05:36) - src.utils.hardware.m1_memory_optimizer.M1MemoryOptimizer - INFO - 🧹 Moderate cleanup: 259 objects collected
Dec 28, 2025 23:24:30 (+00:05:47) - src.utils.hardware.m1_memory_optimizer.M1MemoryOptimizer - INFO - 🧹 Moderate cleanup: 160 objects collected
Dec 28, 2025 23:24:36 (+00:05:53) - src.utils.hardware.m1_memory_optimizer.M1MemoryOptimizer - INFO - 🧹 Moderate cleanup: 48 objects collected
Dec 28, 2025 23:25:24 (+00:06:41) - src.utils.hardware.m1_memory_optimizer.M1MemoryOptimizer - INFO - 🧹 Moderate cleanup: 148 objects collected
Dec 28, 2025 23:25:39 (+00:06:56) - src.utils.hardware.m1_memory_optimizer.M1MemoryOptimizer - INFO - 🧹 Moderate cleanup: 274 objects collected
Dec 28, 2025 23:26:20 (+00:07:37) - src.utils.hardware.m1_memory_optimizer.M1MemoryOptimizer - INFO - 🧹 Moderate cleanup: 86 objects collected
Dec 28, 2025 23:26:40 (+00:07:57) - src.utils.hardware.m1_memory_optimizer.M1MemoryOptimizer - INFO - 🧹 Moderate cleanup: 43 objects collected
Dec 28, 2025 23:27:06 (+00:08:23) - src.utils.hardware.m1_memory_optimizer.M1MemoryOptimizer - INFO - 🧹 Moderate cleanup: 519 objects collected
Dec 28, 2025 23:27:16 (+00:08:33) - src.utils.hardware.m1_memory_optimizer.M1MemoryOptimizer - INFO - 🧹 Moderate cleanup: 668 objects collected
Dec 28, 2025 23:27:42 (+00:08:59) - src.utils.hardware.m1_memory_optimizer.M1MemoryOptimizer - INFO - 🧹 Moderate cleanup: 47 objects collected
Dec 28, 2025 23:27:58 (+00:09:15) - src.utils.hardware.m1_memory_optimizer.M1MemoryOptimizer - INFO - 🧹 Moderate cleanup: 660 objects collected
Dec 28, 2025 23:28:09 (+00:09:26) - src.utils.hardware.m1_memory_optimizer.M1MemoryOptimizer - INFO - 🧹 Moderate cleanup: 35 objects collected
Dec 28, 2025 23:28:17 (+00:09:34) - src.utils.hardware.unified_hardware_manager.HardwarePerformanceMonitor - WARNING - 🚨 ALERT: cpu_usage (97.6) exceeds threshold (85.0)
Dec 28, 2025 23:28:21 (+00:09:38) - src.utils.hardware.m1_memory_optimizer.M1MemoryOptimizer - INFO - 🧹 Moderate cleanup: 54 objects collected
Dec 28, 2025 23:29:36 (+00:10:54) - src.utils.hardware.m1_memory_optimizer.M1MemoryOptimizer - INFO - 🧹 Moderate cleanup: 222 objects collected
Dec 28, 2025 23:30:02 (+00:11:19) - src.utils.hardware.m1_memory_optimizer.M1MemoryOptimizer - INFO - 🧹 Moderate cleanup: 691 objects collected
Dec 28, 2025 23:30:23 (+00:11:40) - src.utils.hardware.unified_hardware_manager.HardwarePerformanceMonitor - WARNING - 🚨 ALERT: cpu_usage (91.2) exceeds threshold (85.0)
Dec 28, 2025 23:30:23 (+00:11:40) - src.utils.hardware.m1_memory_optimizer.M1MemoryOptimizer - INFO - 🧹 Moderate cleanup: 158 objects collected
Dec 28, 2025 23:30:33 (+00:11:50) - src.utils.hardware.m1_memory_optimizer.M1MemoryOptimizer - INFO - 🧹 Moderate cleanup: 672 objects collected
Dec 28, 2025 23:30:55 (+00:12:12) - src.utils.hardware.unified_hardware_manager.HardwarePerformanceMonitor - WARNING - 🚨 ALERT: cpu_usage (92.8) exceeds threshold (85.0)
Dec 28, 2025 23:31:52 (+00:13:09) - src.utils.hardware.m1_memory_optimizer.M1MemoryOptimizer - INFO - 🧠 M1 Memory pressure at 0.82
Dec 28, 2025 23:31:58 (+00:13:15) - src.utils.hardware.unified_hardware_manager.HardwarePerformanceMonitor - WARNING - 🚨 ALERT: cpu_usage (88.9) exceeds threshold (85.0)
Dec 28, 2025 23:31:59 (+00:13:16) - src.utils.hardware.m1_memory_optimizer.M1MemoryOptimizer - INFO - 🧹 Moderate cleanup: 676 objects collected
Dec 28, 2025 23:32:05 (+00:13:22) - src.utils.hardware.m1_memory_optimizer.M1MemoryOptimizer - INFO - 🧹 Moderate cleanup: 557 objects collected
Dec 28, 2025 23:32:10 (+00:13:27) - src.utils.hardware.m1_memory_optimizer.M1MemoryOptimizer - INFO - 🧹 Moderate cleanup: 54 objects collected
Dec 28, 2025 23:32:16 (+00:13:33) - src.utils.hardware.m1_memory_optimizer.M1MemoryOptimizer - INFO - 🧹 Moderate cleanup: 668 objects collected
Dec 28, 2025 23:32:48 (+00:14:06) - src.utils.hardware.m1_memory_optimizer.M1MemoryOptimizer - INFO - 🧹 Moderate cleanup: 219 objects collected
Dec 28, 2025 23:32:54 (+00:14:11) - src.utils.hardware.m1_memory_optimizer.M1MemoryOptimizer - INFO - 🧹 Moderate cleanup: 643 objects collected
Dec 28, 2025 23:33:05 (+00:14:22) - src.utils.hardware.m1_memory_optimizer.M1MemoryOptimizer - INFO - 🧹 Moderate cleanup: 680 objects collected
Dec 28, 2025 23:33:10 (+00:14:27) - src.utils.hardware.m1_memory_optimizer.M1MemoryOptimizer - INFO - 🧹 Moderate cleanup: 271 objects collected
Dec 28, 2025 23:33:21 (+00:14:38) - src.utils.hardware.m1_memory_optimizer.M1MemoryOptimizer - INFO - 🧹 Moderate cleanup: 54 objects collected
Dec 28, 2025 23:33:26 (+00:14:43) - src.utils.hardware.m1_memory_optimizer.M1MemoryOptimizer - INFO - 🧹 Moderate cleanup: 71 objects collected
Dec 28, 2025 23:33:32 (+00:14:49) - src.utils.hardware.m1_memory_optimizer.M1MemoryOptimizer - INFO - 🧹 Moderate cleanup: 461 objects collected
Dec 28, 2025 23:33:32 (+00:14:49) - src.utils.hardware.unified_hardware_manager.HardwarePerformanceMonitor - WARNING - 🚨 ALERT: cpu_usage (98.0) exceeds threshold (85.0)
Dec 28, 2025 23:34:13 (+00:15:30) - src.utils.hardware.m1_memory_optimizer.M1MemoryOptimizer - INFO - 🧹 Moderate cleanup: 87 objects collected
Dec 28, 2025 23:34:23 (+00:15:40) - src.utils.hardware.m1_memory_optimizer.M1MemoryOptimizer - INFO - 🧹 Moderate cleanup: 707 objects collected
Dec 28, 2025 23:34:39 (+00:15:56) - src.utils.hardware.m1_memory_optimizer.M1MemoryOptimizer - INFO - 🧹 Moderate cleanup: 75 objects collected
Dec 28, 2025 23:35:15 (+00:16:32) - src.utils.hardware.m1_memory_optimizer.M1MemoryOptimizer - INFO - 🧹 Moderate cleanup: 388 objects collected
Dec 28, 2025 23:35:38 (+00:16:55) - src.utils.hardware.unified_hardware_manager.HardwarePerformanceMonitor - WARNING - 🚨 ALERT: cpu_usage (100.0) exceeds threshold (85.0)
Dec 28, 2025 23:36:09 (+00:17:26) - src.utils.hardware.m1_memory_optimizer.M1MemoryOptimizer - INFO - 🧠 M1 Memory pressure at 0.80
Dec 28, 2025 23:37:13 (+00:18:30) - src.utils.hardware.m1_memory_optimizer.M1MemoryOptimizer - INFO - 🧹 Moderate cleanup: 343 objects collected
Dec 28, 2025 23:39:39 (+00:20:56) - src.utils.hardware.m1_memory_optimizer.M1MemoryOptimizer - INFO - 🧹 Moderate cleanup: 747 objects collected
Dec 28, 2025 23:39:49 (+00:21:07) - src.utils.hardware.unified_hardware_manager.HardwarePerformanceMonitor - WARNING - 🚨 ALERT: cpu_usage (98.7) exceeds threshold (85.0)
Dec 28, 2025 23:40:05 (+00:21:22) - src.utils.hardware.m1_memory_optimizer.M1MemoryOptimizer - INFO - 🧹 Moderate cleanup: 699 objects collected
Dec 28, 2025 23:40:15 (+00:21:32) - src.utils.hardware.m1_memory_optimizer.M1MemoryOptimizer - INFO - 🧹 Moderate cleanup: 229 objects collected
Dec 28, 2025 23:40:22 (+00:21:39) - src.utils.hardware.unified_hardware_manager.HardwarePerformanceMonitor - WARNING - 🚨 ALERT: cpu_usage (99.5) exceeds threshold (85.0)
Dec 28, 2025 23:40:32 (+00:21:50) - src.utils.hardware.m1_memory_optimizer.M1MemoryOptimizer - INFO - 🧠 M1 Memory pressure at 0.82
Dec 28, 2025 23:40:54 (+00:22:11) - src.utils.hardware.unified_hardware_manager.HardwarePerformanceMonitor - WARNING - 🚨 ALERT: cpu_usage (100.0) exceeds threshold (85.0)
Dec 28, 2025 23:40:56 (+00:22:13) - src.utils.hardware.m1_memory_optimizer.M1MemoryOptimizer - INFO - 🧹 Moderate cleanup: 398 objects collected
Dec 28, 2025 23:41:05 (+00:22:23) - src.utils.hardware.m1_memory_optimizer.M1MemoryOptimizer - INFO - 🧹 Moderate cleanup: 483 objects collected
Dec 28, 2025 23:41:26 (+00:22:43) - src.utils.hardware.unified_hardware_manager.HardwarePerformanceMonitor - WARNING - 🚨 ALERT: cpu_usage (100.0) exceeds threshold (85.0)
Dec 28, 2025 23:41:58 (+00:23:16) - src.utils.hardware.unified_hardware_manager.HardwarePerformanceMonitor - WARNING - 🚨 ALERT: cpu_usage (99.9) exceeds threshold (85.0)
Dec 28, 2025 23:42:20 (+00:23:37) - src.utils.hardware.m1_memory_optimizer.M1MemoryOptimizer - INFO - 🧹 Moderate cleanup: 6 objects collected
Dec 28, 2025 23:42:29 (+00:23:46) - src.utils.hardware.m1_memory_optimizer.M1MemoryOptimizer - INFO - 🧹 Moderate cleanup: 121 objects collected
Dec 28, 2025 23:42:31 (+00:23:48) - src.utils.hardware.unified_hardware_manager.HardwarePerformanceMonitor - WARNING - 🚨 ALERT: cpu_usage (100.0) exceeds threshold (85.0)
Dec 28, 2025 23:42:38 (+00:23:55) - src.utils.hardware.m1_memory_optimizer.M1MemoryOptimizer - INFO - 🧹 Moderate cleanup: 98 objects collected
Dec 28, 2025 23:42:46 (+00:24:03) - src.utils.hardware.m1_memory_optimizer.M1MemoryOptimizer - INFO - 🧹 Moderate cleanup: 111 objects collected
Dec 28, 2025 23:43:02 (+00:24:20) - src.utils.hardware.unified_hardware_manager.HardwarePerformanceMonitor - WARNING - 🚨 ALERT: cpu_usage (99.8) exceeds threshold (85.0)
Dec 28, 2025 23:43:36 (+00:24:53) - src.utils.hardware.unified_hardware_manager.HardwarePerformanceMonitor - WARNING - 🚨 ALERT: cpu_usage (100.0) exceeds threshold (85.0)
Dec 28, 2025 23:44:00 (+00:25:17) - src.utils.hardware.m1_memory_optimizer.M1MemoryOptimizer - INFO - 🧠 M1 Memory pressure at 0.79
Dec 28, 2025 23:44:10 (+00:25:27) - src.utils.hardware.unified_hardware_manager.HardwarePerformanceMonitor - WARNING - 🚨 ALERT: cpu_usage (100.0) exceeds threshold (85.0)
Dec 28, 2025 23:49:51 (+00:31:08) - src.utils.hardware.m1_memory_optimizer.M1MemoryOptimizer - INFO - 🧹 Moderate cleanup: 695 objects collected
Dec 28, 2025 23:49:54 (+00:31:11) - src.utils.hardware.unified_hardware_manager.HardwarePerformanceMonitor - WARNING - 🚨 ALERT: cpu_usage (90.7) exceeds threshold (85.0)
Dec 28, 2025 23:50:07 (+00:31:25) - src.utils.hardware.m1_memory_optimizer.M1MemoryOptimizer - INFO - 🧠 M1 Memory pressure at 0.78
Dec 28, 2025 23:50:21 (+00:31:38) - src.utils.hardware.m1_memory_optimizer.M1MemoryOptimizer - INFO - 🧹 Moderate cleanup: 273 objects collected
Dec 28, 2025 23:50:27 (+00:31:44) - src.utils.hardware.m1_memory_optimizer.M1MemoryOptimizer - INFO - 🧹 Moderate cleanup: 12 objects collected
Dec 28, 2025 23:50:27 (+00:31:44) - src.utils.hardware.unified_hardware_manager.HardwarePerformanceMonitor - WARNING - 🚨 ALERT: cpu_usage (100.0) exceeds threshold (85.0)
Dec 28, 2025 23:50:32 (+00:31:49) - src.utils.hardware.m1_memory_optimizer.M1MemoryOptimizer - INFO - 🧹 Moderate cleanup: 606 objects collected
Dec 28, 2025 23:50:38 (+00:31:55) - src.utils.hardware.m1_memory_optimizer.M1MemoryOptimizer - INFO - 🧹 Moderate cleanup: 321 objects collected
Dec 28, 2025 23:50:58 (+00:32:15) - src.utils.hardware.m1_memory_optimizer.M1MemoryOptimizer - INFO - 🧹 Moderate cleanup: 319 objects collected
Dec 28, 2025 23:51:00 (+00:32:17) - src.utils.hardware.unified_hardware_manager.HardwarePerformanceMonitor - WARNING - 🚨 ALERT: cpu_usage (99.5) exceeds threshold (85.0)
Dec 28, 2025 23:51:03 (+00:32:20) - src.utils.hardware.m1_memory_optimizer.M1MemoryOptimizer - INFO - 🧹 Moderate cleanup: 637 objects collected
Dec 28, 2025 23:51:49 (+00:33:06) - src.utils.hardware.m1_memory_optimizer.M1MemoryOptimizer - INFO - 🧹 Moderate cleanup: 170 objects collected
Dec 28, 2025 23:51:54 (+00:33:11) - src.utils.hardware.m1_memory_optimizer.M1MemoryOptimizer - INFO - 🧹 Moderate cleanup: 54 objects collected
Dec 28, 2025 23:52:43 (+00:34:00) - src.utils.hardware.m1_memory_optimizer.M1MemoryOptimizer - INFO - 🧹 Moderate cleanup: 696 objects collected
Dec 28, 2025 23:52:53 (+00:34:10) - src.utils.hardware.m1_memory_optimizer.M1MemoryOptimizer - INFO - 🧹 Moderate cleanup: 90 objects collected
Dec 28, 2025 23:55:42 (+00:36:59) - src.utils.hardware.unified_hardware_manager.HardwarePerformanceMonitor - WARNING - 🚨 ALERT: cpu_usage (95.9) exceeds threshold (85.0)
Dec 28, 2025 23:57:16 (+00:38:33) - src.utils.hardware.unified_hardware_manager.HardwarePerformanceMonitor - WARNING - 🚨 ALERT: cpu_usage (85.4) exceeds threshold (85.0)
Dec 28, 2025 23:57:29 (+00:38:46) - src.utils.hardware.m1_memory_optimizer.M1MemoryOptimizer - INFO - 🧹 Moderate cleanup: 629 objects collected
Dec 28, 2025 23:57:48 (+00:39:05) - src.utils.hardware.unified_hardware_manager.HardwarePerformanceMonitor - WARNING - 🚨 ALERT: cpu_usage (97.7) exceeds threshold (85.0)
Dec 28, 2025 23:59:25 (+00:40:42) - src.utils.hardware.m1_memory_optimizer.M1MemoryOptimizer - INFO - 🧹 Moderate cleanup: 353 objects collected
Dec 28, 2025 23:59:36 (+00:40:53) - src.utils.hardware.m1_memory_optimizer.M1MemoryOptimizer - INFO - 🧹 Moderate cleanup: 35 objects collected
Dec 28, 2025 23:59:42 (+00:40:59) - src.utils.hardware.m1_memory_optimizer.M1MemoryOptimizer - INFO - 🧹 Moderate cleanup: 229 objects collected
Dec 28, 2025 23:59:48 (+00:41:05) - src.utils.hardware.m1_memory_optimizer.M1MemoryOptimizer - INFO - 🧹 Moderate cleanup: 27 objects collected
Dec 28, 2025 23:59:54 (+00:41:11) - src.utils.hardware.unified_hardware_manager.HardwarePerformanceMonitor - WARNING - 🚨 ALERT: cpu_usage (98.4) exceeds threshold (85.0)
Dec 29, 2025 00:00:00 (+00:41:17) - src.utils.hardware.m1_memory_optimizer.M1MemoryOptimizer - INFO - 🧹 Moderate cleanup: 546 objects collected
Dec 29, 2025 00:00:07 (+00:41:24) - src.utils.hardware.m1_memory_optimizer.M1MemoryOptimizer - INFO - 🧹 Moderate cleanup: 160 objects collected
Dec 29, 2025 00:00:15 (+00:41:32) - src.utils.hardware.m1_memory_optimizer.M1MemoryOptimizer - INFO - 🧹 Moderate cleanup: 285 objects collected
Dec 29, 2025 00:00:21 (+00:41:38) - src.utils.hardware.m1_memory_optimizer.M1MemoryOptimizer - INFO - 🧹 Moderate cleanup: 627 objects collected
Dec 29, 2025 00:00:25 (+00:41:42) - src.utils.hardware.unified_hardware_manager.HardwarePerformanceMonitor - WARNING - 🚨 ALERT: cpu_usage (100.0) exceeds threshold (85.0)
Dec 29, 2025 00:00:26 (+00:41:43) - src.utils.hardware.m1_memory_optimizer.M1MemoryOptimizer - INFO - 🧹 Moderate cleanup: 40 objects collected
Dec 29, 2025 00:00:37 (+00:41:54) - src.utils.hardware.m1_memory_optimizer.M1MemoryOptimizer - INFO - 🧠 M1 Memory pressure at 0.81
Dec 29, 2025 00:00:57 (+00:42:14) - src.utils.hardware.unified_hardware_manager.HardwarePerformanceMonitor - WARNING - 🚨 ALERT: cpu_usage (100.0) exceeds threshold (85.0)
Dec 29, 2025 00:01:06 (+00:42:23) - src.utils.hardware.m1_memory_optimizer.M1MemoryOptimizer - INFO - 🧹 Moderate cleanup: 527 objects collected
Dec 29, 2025 00:01:12 (+00:42:29) - src.utils.hardware.m1_memory_optimizer.M1MemoryOptimizer - INFO - 🧹 Moderate cleanup: 396 objects collected
Dec 29, 2025 00:01:17 (+00:42:34) - src.utils.hardware.m1_memory_optimizer.M1MemoryOptimizer - INFO - 🧹 Moderate cleanup: 692 objects collected
Dec 29, 2025 00:01:29 (+00:42:46) - src.utils.hardware.unified_hardware_manager.HardwarePerformanceMonitor - WARNING - 🚨 ALERT: cpu_usage (100.0) exceeds threshold (85.0)
Dec 29, 2025 00:02:03 (+00:43:20) - src.utils.hardware.unified_hardware_manager.HardwarePerformanceMonitor - WARNING - 🚨 ALERT: cpu_usage (100.0) exceeds threshold (85.0)
Dec 29, 2025 00:02:08 (+00:43:25) - src.utils.hardware.m1_memory_optimizer.M1MemoryOptimizer - INFO - 🧹 Moderate cleanup: 239 objects collected
Dec 29, 2025 00:02:21 (+00:43:38) - src.utils.hardware.m1_memory_optimizer.M1MemoryOptimizer - INFO - 🧹 Moderate cleanup: 295 objects collected
Dec 29, 2025 00:02:30 (+00:43:47) - src.utils.hardware.m1_memory_optimizer.M1MemoryOptimizer - INFO - 🧹 Moderate cleanup: 693 objects collected
Dec 29, 2025 00:02:35 (+00:43:52) - src.utils.hardware.unified_hardware_manager.HardwarePerformanceMonitor - WARNING - 🚨 ALERT: cpu_usage (100.0) exceeds threshold (85.0)
Dec 29, 2025 00:02:37 (+00:43:54) - src.utils.hardware.m1_memory_optimizer.M1MemoryOptimizer - INFO - 🧹 Moderate cleanup: 58 objects collected
Dec 29, 2025 00:02:54 (+00:44:11) - src.utils.hardware.m1_memory_optimizer.M1MemoryOptimizer - INFO - 🧹 Moderate cleanup: 109 objects collected
Dec 29, 2025 00:03:11 (+00:44:28) - src.utils.hardware.unified_hardware_manager.HardwarePerformanceMonitor - WARNING - 🚨 ALERT: cpu_usage (100.0) exceeds threshold (85.0)
Dec 29, 2025 00:03:52 (+00:45:09) - src.utils.hardware.unified_hardware_manager.HardwarePerformanceMonitor - WARNING - 🚨 ALERT: cpu_usage (100.0) exceeds threshold (85.0)
Dec 29, 2025 00:03:54 (+00:45:11) - src.utils.hardware.m1_memory_optimizer.M1MemoryOptimizer - INFO - 🧠 M1 Memory pressure at 0.83
Dec 29, 2025 00:04:24 (+00:45:41) - src.utils.hardware.unified_hardware_manager.HardwarePerformanceMonitor - WARNING - 🚨 ALERT: cpu_usage (100.0) exceeds threshold (85.0)
Dec 29, 2025 00:04:55 (+00:46:12) - src.utils.hardware.unified_hardware_manager.HardwarePerformanceMonitor - WARNING - 🚨 ALERT: cpu_usage (100.0) exceeds threshold (85.0)
Dec 29, 2025 00:05:11 (+00:46:28) - src.utils.hardware.m1_memory_optimizer.M1MemoryOptimizer - INFO - 🧹 Moderate cleanup: 473 objects collected
Dec 29, 2025 00:05:17 (+00:46:34) - src.utils.hardware.m1_memory_optimizer.M1MemoryOptimizer - INFO - 🧹 Moderate cleanup: 46 objects collected
Dec 29, 2025 00:05:22 (+00:46:39) - src.utils.hardware.m1_memory_optimizer.M1MemoryOptimizer - INFO - 🧹 Moderate cleanup: 351 objects collected
Dec 29, 2025 00:05:29 (+00:46:46) - src.utils.hardware.unified_hardware_manager.HardwarePerformanceMonitor - WARNING - 🚨 ALERT: cpu_usage (100.0) exceeds threshold (85.0)
Dec 29, 2025 00:05:29 (+00:46:46) - src.utils.hardware.m1_memory_optimizer.M1MemoryOptimizer - INFO - 🧹 Moderate cleanup: 232 objects collected
Dec 29, 2025 00:05:34 (+00:46:52) - src.utils.hardware.m1_memory_optimizer.M1MemoryOptimizer - INFO - 🧹 Moderate cleanup: 429 objects collected
Dec 29, 2025 00:05:53 (+00:47:10) - src.utils.hardware.m1_memory_optimizer.M1MemoryOptimizer - INFO - 🧹 Moderate cleanup: 113 objects collected
Dec 29, 2025 00:05:59 (+00:47:16) - src.utils.hardware.m1_memory_optimizer.M1MemoryOptimizer - INFO - 🧹 Moderate cleanup: 355 objects collected
Dec 29, 2025 00:06:00 (+00:47:17) - src.utils.hardware.unified_hardware_manager.HardwarePerformanceMonitor - WARNING - 🚨 ALERT: cpu_usage (100.0) exceeds threshold (85.0)
Dec 29, 2025 00:06:10 (+00:47:27) - src.utils.hardware.m1_memory_optimizer.M1MemoryOptimizer - INFO - 🧹 Moderate cleanup: 699 objects collected
Dec 29, 2025 00:06:15 (+00:47:32) - src.utils.hardware.m1_memory_optimizer.M1MemoryOptimizer - INFO - 🧹 Moderate cleanup: 448 objects collected
Dec 29, 2025 00:06:21 (+00:47:38) - src.utils.hardware.m1_memory_optimizer.M1MemoryOptimizer - INFO - 🧹 Moderate cleanup: 573 objects collected
Dec 29, 2025 00:06:26 (+00:47:43) - src.utils.hardware.m1_memory_optimizer.M1MemoryOptimizer - INFO - 🧠 M1 Memory pressure at 0.81
Dec 29, 2025 00:06:27 (+00:47:44) - src.utils.hardware.m1_memory_optimizer.M1MemoryOptimizer - INFO - 🧹 Moderate cleanup: 63 objects collected
Dec 29, 2025 00:06:32 (+00:47:49) - src.utils.hardware.unified_hardware_manager.HardwarePerformanceMonitor - WARNING - 🚨 ALERT: cpu_usage (100.0) exceeds threshold (85.0)
Dec 29, 2025 00:07:04 (+00:48:21) - src.utils.hardware.unified_hardware_manager.HardwarePerformanceMonitor - WARNING - 🚨 ALERT: cpu_usage (100.0) exceeds threshold (85.0)
Dec 29, 2025 00:07:05 (+00:48:22) - src.utils.hardware.m1_memory_optimizer.M1MemoryOptimizer - INFO - 🧹 Moderate cleanup: 295 objects collected
Dec 29, 2025 00:07:11 (+00:48:28) - src.utils.hardware.m1_memory_optimizer.M1MemoryOptimizer - INFO - 🧹 Moderate cleanup: 594 objects collected
Dec 29, 2025 00:07:17 (+00:48:34) - src.utils.hardware.m1_memory_optimizer.M1MemoryOptimizer - INFO - 🧹 Moderate cleanup: 341 objects collected
Dec 29, 2025 00:07:35 (+00:48:52) - src.utils.hardware.unified_hardware_manager.HardwarePerformanceMonitor - WARNING - 🚨 ALERT: cpu_usage (100.0) exceeds threshold (85.0)
Dec 29, 2025 00:07:38 (+00:48:55) - src.utils.hardware.m1_memory_optimizer.M1MemoryOptimizer - INFO - 🧹 Moderate cleanup: 43 objects collected
Dec 29, 2025 00:07:49 (+00:49:06) - src.utils.hardware.m1_memory_optimizer.M1MemoryOptimizer - INFO - 🧹 Moderate cleanup: 659 objects collected
Dec 29, 2025 00:08:06 (+00:49:23) - src.utils.hardware.unified_hardware_manager.HardwarePerformanceMonitor - WARNING - 🚨 ALERT: cpu_usage (100.0) exceeds threshold (85.0)
Dec 29, 2025 00:08:15 (+00:49:32) - src.utils.hardware.m1_memory_optimizer.M1MemoryOptimizer - INFO - 🧹 Moderate cleanup: 107 objects collected
Dec 29, 2025 00:08:38 (+00:49:55) - src.utils.hardware.unified_hardware_manager.HardwarePerformanceMonitor - WARNING - 🚨 ALERT: cpu_usage (100.0) exceeds threshold (85.0)
Dec 29, 2025 00:08:56 (+00:50:13) - src.utils.hardware.m1_memory_optimizer.M1MemoryOptimizer - INFO - 🧹 Moderate cleanup: 868 objects collected
Dec 29, 2025 00:09:01 (+00:50:18) - src.utils.hardware.m1_memory_optimizer.M1MemoryOptimizer - INFO - 🧹 Moderate cleanup: 273 objects collected
Dec 29, 2025 00:09:09 (+00:50:26) - src.utils.hardware.unified_hardware_manager.HardwarePerformanceMonitor - WARNING - 🚨 ALERT: cpu_usage (100.0) exceeds threshold (85.0)
Dec 29, 2025 00:09:18 (+00:50:35) - src.utils.hardware.m1_memory_optimizer.M1MemoryOptimizer - INFO - 🧹 Moderate cleanup: 720 objects collected
Dec 29, 2025 00:09:28 (+00:50:45) - src.utils.hardware.m1_memory_optimizer.M1MemoryOptimizer - INFO - 🧹 Moderate cleanup: 56 objects collected
Dec 29, 2025 00:09:40 (+00:50:57) - src.utils.hardware.unified_hardware_manager.HardwarePerformanceMonitor - WARNING - 🚨 ALERT: cpu_usage (100.0) exceeds threshold (85.0)
Dec 29, 2025 00:10:12 (+00:51:29) - src.utils.hardware.unified_hardware_manager.HardwarePerformanceMonitor - WARNING - 🚨 ALERT: cpu_usage (100.0) exceeds threshold (85.0)
Dec 29, 2025 00:10:29 (+00:51:46) - src.utils.hardware.m1_memory_optimizer.M1MemoryOptimizer - INFO - 🧹 Moderate cleanup: 59 objects collected
Dec 29, 2025 00:10:43 (+00:52:00) - src.utils.hardware.unified_hardware_manager.HardwarePerformanceMonitor - WARNING - 🚨 ALERT: cpu_usage (100.0) exceeds threshold (85.0)
Dec 29, 2025 00:10:44 (+00:52:01) - src.utils.hardware.m1_memory_optimizer.M1MemoryOptimizer - INFO - 🧠 M1 Memory pressure at 0.76
Dec 29, 2025 00:11:14 (+00:52:31) - src.utils.hardware.unified_hardware_manager.HardwarePerformanceMonitor - WARNING - 🚨 ALERT: cpu_usage (100.0) exceeds threshold (85.0)
Dec 29, 2025 00:11:31 (+00:52:49) - src.utils.hardware.m1_memory_optimizer.M1MemoryOptimizer - INFO - 🧹 Moderate cleanup: 132 objects collected
Dec 29, 2025 00:11:37 (+00:52:54) - src.utils.hardware.m1_memory_optimizer.M1MemoryOptimizer - INFO - 🧹 Moderate cleanup: 331 objects collected
Dec 29, 2025 00:11:43 (+00:53:00) - src.utils.hardware.m1_memory_optimizer.M1MemoryOptimizer - INFO - 🧹 Moderate cleanup: 619 objects collected
Dec 29, 2025 00:11:46 (+00:53:03) - src.utils.hardware.unified_hardware_manager.HardwarePerformanceMonitor - WARNING - 🚨 ALERT: cpu_usage (100.0) exceeds threshold (85.0)
Dec 29, 2025 00:12:18 (+00:53:35) - src.utils.hardware.unified_hardware_manager.HardwarePerformanceMonitor - WARNING - 🚨 ALERT: cpu_usage (100.0) exceeds threshold (85.0)
Dec 29, 2025 00:12:49 (+00:54:06) - src.utils.hardware.unified_hardware_manager.HardwarePerformanceMonitor - WARNING - 🚨 ALERT: cpu_usage (100.0) exceeds threshold (85.0)
Dec 29, 2025 00:12:50 (+00:54:08) - src.utils.hardware.m1_memory_optimizer.M1MemoryOptimizer - INFO - 🧹 Moderate cleanup: 725 objects collected
Dec 29, 2025 00:13:07 (+00:54:24) - src.utils.hardware.m1_memory_optimizer.M1MemoryOptimizer - INFO - 🧹 Moderate cleanup: 51 objects collected
Dec 29, 2025 00:13:12 (+00:54:29) - src.utils.hardware.m1_memory_optimizer.M1MemoryOptimizer - INFO - 🧠 M1 Memory pressure at 0.79
Dec 29, 2025 00:13:21 (+00:54:38) - src.utils.hardware.m1_memory_optimizer.M1MemoryOptimizer - INFO - 🧹 Moderate cleanup: 447 objects collected
Dec 29, 2025 00:13:22 (+00:54:39) - src.utils.hardware.unified_hardware_manager.HardwarePerformanceMonitor - WARNING - 🚨 ALERT: cpu_usage (100.0) exceeds threshold (85.0)
Dec 29, 2025 00:13:27 (+00:54:44) - src.utils.hardware.m1_memory_optimizer.M1MemoryOptimizer - INFO - 🧹 Moderate cleanup: 379 objects collected
Dec 29, 2025 00:13:34 (+00:54:51) - src.utils.hardware.m1_memory_optimizer.M1MemoryOptimizer - INFO - 🧹 Moderate cleanup: 367 objects collected
Dec 29, 2025 00:13:41 (+00:54:58) - src.utils.hardware.m1_memory_optimizer.M1MemoryOptimizer - INFO - 🧹 Moderate cleanup: 339 objects collected
Dec 29, 2025 00:13:54 (+00:55:11) - src.utils.hardware.unified_hardware_manager.HardwarePerformanceMonitor - WARNING - 🚨 ALERT: cpu_usage (100.0) exceeds threshold (85.0)
Dec 29, 2025 00:14:04 (+00:55:22) - src.utils.hardware.m1_memory_optimizer.M1MemoryOptimizer - INFO - 🧹 Moderate cleanup: 654 objects collected
Dec 29, 2025 00:14:24 (+00:55:41) - src.utils.hardware.m1_memory_optimizer.M1MemoryOptimizer - INFO - 🧹 Moderate cleanup: 417 objects collected
Dec 29, 2025 00:14:27 (+00:55:44) - src.utils.hardware.unified_hardware_manager.HardwarePerformanceMonitor - WARNING - 🚨 ALERT: cpu_usage (100.0) exceeds threshold (85.0)
Dec 29, 2025 00:14:59 (+00:56:16) - src.utils.hardware.unified_hardware_manager.HardwarePerformanceMonitor - WARNING - 🚨 ALERT: cpu_usage (100.0) exceeds threshold (85.0)
Dec 29, 2025 00:15:31 (+00:56:48) - src.utils.hardware.unified_hardware_manager.HardwarePerformanceMonitor - WARNING - 🚨 ALERT: cpu_usage (100.0) exceeds threshold (85.0)
Dec 29, 2025 00:15:40 (+00:56:57) - src.utils.hardware.m1_memory_optimizer.M1MemoryOptimizer - INFO - 🧹 Moderate cleanup: 73 objects collected
Dec 29, 2025 00:15:45 (+00:57:02) - src.utils.hardware.m1_memory_optimizer.M1MemoryOptimizer - INFO - 🧠 M1 Memory pressure at 0.81
Dec 29, 2025 00:15:56 (+00:57:13) - src.utils.hardware.m1_memory_optimizer.M1MemoryOptimizer - INFO - 🧹 Moderate cleanup: 666 objects collected
Dec 29, 2025 00:16:02 (+00:57:19) - src.utils.hardware.m1_memory_optimizer.M1MemoryOptimizer - INFO - 🧹 Moderate cleanup: 431 objects collected
Dec 29, 2025 00:16:02 (+00:57:20) - src.utils.hardware.unified_hardware_manager.HardwarePerformanceMonitor - WARNING - 🚨 ALERT: cpu_usage (100.0) exceeds threshold (85.0)
Dec 29, 2025 00:16:08 (+00:57:26) - src.utils.hardware.m1_memory_optimizer.M1MemoryOptimizer - INFO - 🧹 Moderate cleanup: 625 objects collected
Dec 29, 2025 00:16:37 (+00:57:54) - src.utils.hardware.unified_hardware_manager.HardwarePerformanceMonitor - WARNING - 🚨 ALERT: cpu_usage (100.0) exceeds threshold (85.0)
Dec 29, 2025 00:17:12 (+00:58:29) - src.utils.hardware.unified_hardware_manager.HardwarePerformanceMonitor - WARNING - 🚨 ALERT: cpu_usage (100.0) exceeds threshold (85.0)
Dec 29, 2025 00:17:48 (+00:59:05) - src.utils.hardware.unified_hardware_manager.HardwarePerformanceMonitor - WARNING - 🚨 ALERT: cpu_usage (100.0) exceeds threshold (85.0)
Dec 29, 2025 00:18:20 (+00:59:37) - src.utils.hardware.unified_hardware_manager.HardwarePerformanceMonitor - WARNING - 🚨 ALERT: cpu_usage (100.0) exceeds threshold (85.0)
Dec 29, 2025 00:18:31 (+00:59:48) - src.utils.hardware.m1_memory_optimizer.M1MemoryOptimizer - INFO - 🧹 Moderate cleanup: 199 objects collected
Dec 29, 2025 00:18:37 (+00:59:54) - src.utils.hardware.m1_memory_optimizer.M1MemoryOptimizer - INFO - 🧹 Moderate cleanup: 82 objects collected
Dec 29, 2025 00:18:42 (+00:59:59) - src.utils.hardware.m1_memory_optimizer.M1MemoryOptimizer - INFO - 🧠 M1 Memory pressure at 0.81
Dec 29, 2025 00:18:53 (+01:00:10) - src.utils.hardware.unified_hardware_manager.HardwarePerformanceMonitor - WARNING - 🚨 ALERT: cpu_usage (100.0) exceeds threshold (85.0)
Dec 29, 2025 00:19:13 (+01:00:30) - src.utils.hardware.m1_memory_optimizer.M1MemoryOptimizer - INFO - 🧹 Moderate cleanup: 251 objects collected
Dec 29, 2025 00:19:19 (+01:00:36) - src.utils.hardware.m1_memory_optimizer.M1MemoryOptimizer - INFO - 🧹 Moderate cleanup: 327 objects collected
Dec 29, 2025 00:19:26 (+01:00:43) - src.utils.hardware.unified_hardware_manager.HardwarePerformanceMonitor - WARNING - 🚨 ALERT: cpu_usage (100.0) exceeds threshold (85.0)
Dec 29, 2025 00:19:26 (+01:00:43) - src.utils.hardware.m1_memory_optimizer.M1MemoryOptimizer - INFO - 🧹 Moderate cleanup: 104 objects collected
Dec 29, 2025 00:19:32 (+01:00:49) - src.utils.hardware.m1_memory_optimizer.M1MemoryOptimizer - INFO - 🧹 Moderate cleanup: 48 objects collected
Dec 29, 2025 00:20:00 (+01:01:17) - src.utils.hardware.unified_hardware_manager.HardwarePerformanceMonitor - WARNING - 🚨 ALERT: cpu_usage (100.0) exceeds threshold (85.0)
Dec 29, 2025 00:20:40 (+01:01:57) - src.utils.hardware.unified_hardware_manager.HardwarePerformanceMonitor - WARNING - 🚨 ALERT: cpu_usage (100.0) exceeds threshold (85.0)
Dec 29, 2025 00:21:13 (+01:02:30) - src.utils.hardware.unified_hardware_manager.HardwarePerformanceMonitor - WARNING - 🚨 ALERT: cpu_usage (100.0) exceeds threshold (85.0)
Dec 29, 2025 00:21:37 (+01:02:54) - src.utils.hardware.m1_memory_optimizer.M1MemoryOptimizer - INFO - 🧹 Moderate cleanup: 461 objects collected
Dec 29, 2025 00:21:43 (+01:03:00) - src.utils.hardware.m1_memory_optimizer.M1MemoryOptimizer - INFO - 🧹 Moderate cleanup: 419 objects collected
Dec 29, 2025 00:21:45 (+01:03:02) - src.utils.hardware.unified_hardware_manager.HardwarePerformanceMonitor - WARNING - 🚨 ALERT: cpu_usage (100.0) exceeds threshold (85.0)
Dec 29, 2025 00:21:52 (+01:03:09) - src.utils.hardware.m1_memory_optimizer.M1MemoryOptimizer - INFO - 🧹 Moderate cleanup: 187 objects collected
Dec 29, 2025 00:21:57 (+01:03:14) - src.utils.hardware.m1_memory_optimizer.M1MemoryOptimizer - INFO - 🧠 M1 Memory pressure at 0.83
Dec 29, 2025 00:22:22 (+01:03:40) - src.utils.hardware.unified_hardware_manager.HardwarePerformanceMonitor - WARNING - 🚨 ALERT: cpu_usage (100.0) exceeds threshold (85.0)
Dec 29, 2025 00:22:47 (+01:04:04) - src.utils.hardware.m1_memory_optimizer.M1MemoryOptimizer - INFO - 🧹 Moderate cleanup: 638 objects collected
Dec 29, 2025 00:22:53 (+01:04:10) - src.utils.hardware.m1_memory_optimizer.M1MemoryOptimizer - INFO - 🧹 Moderate cleanup: 333 objects collected
Dec 29, 2025 00:22:54 (+01:04:11) - src.utils.hardware.unified_hardware_manager.HardwarePerformanceMonitor - WARNING - 🚨 ALERT: cpu_usage (100.0) exceeds threshold (85.0)
Dec 29, 2025 00:23:26 (+01:04:43) - src.utils.hardware.unified_hardware_manager.HardwarePerformanceMonitor - WARNING - 🚨 ALERT: cpu_usage (100.0) exceeds threshold (85.0)
Dec 29, 2025 00:23:34 (+01:04:52) - src.utils.hardware.m1_memory_optimizer.M1MemoryOptimizer - INFO - 🧹 Moderate cleanup: 63 objects collected
Dec 29, 2025 00:23:40 (+01:04:57) - src.utils.hardware.m1_memory_optimizer.M1MemoryOptimizer - INFO - 🧹 Moderate cleanup: 82 objects collected
Dec 29, 2025 00:23:46 (+01:05:03) - src.utils.hardware.m1_memory_optimizer.M1MemoryOptimizer - INFO - 🧹 Moderate cleanup: 145 objects collected
Dec 29, 2025 00:24:01 (+01:05:18) - src.utils.hardware.unified_hardware_manager.HardwarePerformanceMonitor - WARNING - 🚨 ALERT: cpu_usage (100.0) exceeds threshold (85.0)
Dec 29, 2025 00:24:17 (+01:05:34) - src.utils.hardware.m1_memory_optimizer.M1MemoryOptimizer - INFO - 🧹 Moderate cleanup: 65 objects collected
Dec 29, 2025 00:24:26 (+01:05:43) - src.utils.hardware.m1_memory_optimizer.M1MemoryOptimizer - INFO - 🧹 Moderate cleanup: 501 objects collected
Dec 29, 2025 00:24:35 (+01:05:52) - src.utils.hardware.m1_memory_optimizer.M1MemoryOptimizer - INFO - 🧹 Moderate cleanup: 495 objects collected
Dec 29, 2025 00:24:36 (+01:05:53) - src.utils.hardware.unified_hardware_manager.HardwarePerformanceMonitor - WARNING - 🚨 ALERT: cpu_usage (100.0) exceeds threshold (85.0)
Dec 29, 2025 00:24:46 (+01:06:03) - src.utils.hardware.m1_memory_optimizer.M1MemoryOptimizer - INFO - 🧠 M1 Memory pressure at 0.78
Dec 29, 2025 00:25:27 (+01:06:44) - src.utils.hardware.unified_hardware_manager.HardwarePerformanceMonitor - WARNING - 🚨 ALERT: cpu_usage (100.0) exceeds threshold (85.0)
Dec 29, 2025 00:26:07 (+01:07:24) - src.utils.hardware.unified_hardware_manager.HardwarePerformanceMonitor - WARNING - 🚨 ALERT: cpu_usage (100.0) exceeds threshold (85.0)
Dec 29, 2025 00:26:51 (+01:08:08) - src.utils.hardware.unified_hardware_manager.HardwarePerformanceMonitor - WARNING - 🚨 ALERT: cpu_usage (100.0) exceeds threshold (85.0)
Dec 29, 2025 00:27:12 (+01:08:29) - src.utils.hardware.m1_memory_optimizer.M1MemoryOptimizer - INFO - 🧹 Moderate cleanup: 201 objects collected
Dec 29, 2025 00:27:18 (+01:08:35) - src.utils.hardware.m1_memory_optimizer.M1MemoryOptimizer - INFO - 🧹 Moderate cleanup: 48 objects collected
Dec 29, 2025 00:27:22 (+01:08:40) - src.utils.hardware.unified_hardware_manager.HardwarePerformanceMonitor - WARNING - 🚨 ALERT: cpu_usage (100.0) exceeds threshold (85.0)
Dec 29, 2025 00:27:54 (+01:09:11) - src.utils.hardware.unified_hardware_manager.HardwarePerformanceMonitor - WARNING - 🚨 ALERT: cpu_usage (100.0) exceeds threshold (85.0)
Dec 29, 2025 00:28:02 (+01:09:19) - src.utils.hardware.m1_memory_optimizer.M1MemoryOptimizer - INFO - 🧹 Moderate cleanup: 556 objects collected
Dec 29, 2025 00:28:08 (+01:09:25) - src.utils.hardware.m1_memory_optimizer.M1MemoryOptimizer - INFO - 🧹 Moderate cleanup: 118 objects collected
Dec 29, 2025 00:28:17 (+01:09:34) - src.utils.hardware.m1_memory_optimizer.M1MemoryOptimizer - INFO - 🧹 Moderate cleanup: 493 objects collected
Dec 29, 2025 00:28:41 (+01:09:58) - src.utils.hardware.unified_hardware_manager.HardwarePerformanceMonitor - WARNING - 🚨 ALERT: cpu_usage (100.0) exceeds threshold (85.0)
Dec 29, 2025 00:28:41 (+01:09:58) - src.utils.hardware.m1_memory_optimizer.M1MemoryOptimizer - INFO - 🧠 M1 Memory pressure at 0.80
Dec 29, 2025 00:29:19 (+01:10:36) - src.utils.hardware.unified_hardware_manager.HardwarePerformanceMonitor - WARNING - 🚨 ALERT: cpu_usage (100.0) exceeds threshold (85.0)
Dec 29, 2025 00:29:56 (+01:11:13) - src.utils.hardware.unified_hardware_manager.HardwarePerformanceMonitor - WARNING - 🚨 ALERT: cpu_usage (100.0) exceeds threshold (85.0)
Dec 29, 2025 00:30:48 (+01:12:05) - src.utils.hardware.unified_hardware_manager.HardwarePerformanceMonitor - WARNING - 🚨 ALERT: cpu_usage (100.0) exceeds threshold (85.0)
Dec 29, 2025 00:31:33 (+01:12:50) - src.utils.hardware.unified_hardware_manager.HardwarePerformanceMonitor - WARNING - 🚨 ALERT: cpu_usage (100.0) exceeds threshold (85.0)
Dec 29, 2025 00:32:18 (+01:13:35) - src.utils.hardware.unified_hardware_manager.HardwarePerformanceMonitor - WARNING - 🚨 ALERT: cpu_usage (100.0) exceeds threshold (85.0)
Dec 29, 2025 00:33:03 (+01:14:20) - src.utils.hardware.unified_hardware_manager.HardwarePerformanceMonitor - WARNING - 🚨 ALERT: cpu_usage (100.0) exceeds threshold (85.0)
Dec 29, 2025 00:33:18 (+01:14:35) - ares.registry - INFO - Registered step: data_download
