Dec 28, 2025 23:18:17 (+00:00:00) - DataQualityFramework - INFO - ✅ Comprehensive duplicate analyzer integrated
Dec 28, 2025 23:18:17 (+00:00:00) - DataQualityFramework - INFO - 🔧 Unified Data Quality Framework initialized (singleton)
Dec 28, 2025 23:18:17 (+00:00:00) - System.tprint - INFO - DataQualityFramework initialization took 0.000s
Dec 28, 2025 23:18:18 (+00:00:01) - System.AdvancedQualityMetrics - INFO - 📊 AdvancedQualityMetrics initialized with tolerant parameters
Dec 28, 2025 23:18:18 (+00:00:01) - System.tprint - INFO - AdvancedQualityMetrics initialization took 0.000s
Dec 28, 2025 23:18:18 (+00:00:01) - DataCleaner - INFO - Using klines-specific gap thresholds: {<GapType.SMALL: 'small'>: 65, <GapType.MEDIUM: 'medium'>: 300, <GapType.LARGE: 'large'>: 1800, <GapType.CRITICAL: 'critical'>: 3600}
Dec 28, 2025 23:18:18 (+00:00:01) - System.tprint - INFO - DataCleaner(klines) initialization took 0.000s
Dec 28, 2025 23:18:18 (+00:00:01) - DataCleaner - INFO - Using klines-specific gap thresholds: {<GapType.SMALL: 'small'>: 65, <GapType.MEDIUM: 'medium'>: 300, <GapType.LARGE: 'large'>: 1800, <GapType.CRITICAL: 'critical'>: 3600}
Dec 28, 2025 23:18:18 (+00:00:01) - System.tprint - INFO - DataCleaner(klines) initialization took 0.000s
Dec 28, 2025 23:18:18 (+00:00:01) - DataCleanerManager - INFO - 🔧 DataCleanerManager initialized (singleton)
Dec 28, 2025 23:18:18 (+00:00:01) - System.tprint - INFO - ✅ [features_common.utils] Math validation utilities loaded
Dec 28, 2025 23:18:22 (+00:00:05) - src.utils.hardware.m1_gpu_utils.M1GPUManager - INFO - M1 GPU Manager initialized - M1: True, Generation: m1, MPS: True
Dec 28, 2025 23:18:22 (+00:00:05) - src.utils.hardware.m1_cpu_optimizer.M1CPUOptimizer - INFO - 🧠 M1 CPU Optimizer initialized for M1 (4P+4E cores)
Dec 28, 2025 23:18:23 (+00:00:06) - src.features_common.backward_compatibility - INFO - Backward compatibility ensured for features_common
Dec 28, 2025 23:18:23 (+00:00:06) - System.tprint - INFO - ✅ [features_common] All optimizations enabled by default
Dec 28, 2025 23:18:23 (+00:00:06) - System.tprint - INFO - 🔧 [features_common] VectorBT integration available
Dec 28, 2025 23:18:23 (+00:00:06) - System.tprint - INFO - 📊 [features_common] Performance monitoring enabled
Dec 28, 2025 23:18:23 (+00:00:06) - System.tprint - WARNING - 💾 [features_common] Intelligent caching active
Dec 28, 2025 23:18:23 (+00:00:06) - System.DataStreamingManager - INFO - 🚀 DataStreamingManager initialized (singleton): chunk_size=10000, memory_threshold=0.8
Dec 28, 2025 23:18:23 (+00:00:06) - System.tprint - INFO - DataStreamingManager initialization took 0.000s
Dec 28, 2025 23:18:23 (+00:00:06) - System.EvaluationUtils - INFO - EvaluationUtils delegating core metric computation to unified_evaluator
Dec 28, 2025 23:18:23 (+00:00:06) - System.tprint - INFO - ✅ Custom logger available for MLCommon.ConfidenceMetrics
Dec 28, 2025 23:18:23 (+00:00:06) - System.tprint - INFO - ✅ Custom logger available for MLCommon.ModelExplanations
Dec 28, 2025 23:18:24 (+00:00:06) - MLCommon.ModelExplanations - INFO - LIME library available - LIME explanations enabled
Dec 28, 2025 23:18:24 (+00:00:06) - System.tprint - INFO - ✅ Custom logger available for MLCommon.ModelRegistry
Dec 28, 2025 23:18:24 (+00:00:06) - System.tprint - INFO - ✅ Custom logger available for MLCommon.ModelExplainability
Dec 28, 2025 23:18:24 (+00:00:06) - System.tprint - INFO - ✅ Custom logger available for MLCommon.CV
Dec 28, 2025 23:18:24 (+00:00:06) - src.utils.ml_common.validation.enhanced_validation - INFO - ✅ Enhanced Validation initialized
Dec 28, 2025 23:18:24 (+00:00:06) - System.tprint - INFO - ✅ Custom logger available for MLCommon.ValidationUtils
Dec 28, 2025 23:18:24 (+00:00:06) - System.tprint - INFO - ✅ Custom logger available for MLCommon.HPOUtils
Dec 28, 2025 23:18:24 (+00:00:06) - src.utils.matrix_operations.enhanced_operations.CustomMatrixOperationsRegistry - INFO - 📝 Registered custom matrix operation: gpu_condition_number
Dec 28, 2025 23:18:24 (+00:00:06) - src.utils.matrix_operations.enhanced_operations.CustomMatrixOperationsRegistry - INFO - 📝 Registered custom matrix operation: gpu_matrix_rank
Dec 28, 2025 23:18:24 (+00:00:06) - src.utils.matrix_operations.enhanced_operations.CustomMatrixOperationsRegistry - INFO - 📝 Registered custom matrix operation: matrix_normalize
Dec 28, 2025 23:18:24 (+00:00:06) - src.utils.matrix_operations.enhanced_operations.CustomMatrixOperationsRegistry - INFO - 📝 Registered custom matrix operation: extract_matrix_features
Dec 28, 2025 23:18:24 (+00:00:06) - src.utils.matrix_operations - INFO - ✅ Unified Matrix Operations module initialized
Dec 28, 2025 23:18:24 (+00:00:06) - src.utils.matrix_operations - INFO - 📦 Version: 1.0.0
Dec 28, 2025 23:18:24 (+00:00:06) - src.utils.matrix_operations - INFO - 🔧 Features: VectorBT optimizations, GPU acceleration, memory optimization, vectorized processing, batch operations
Dec 28, 2025 23:18:24 (+00:00:06) - src.utils.matrix_operations - INFO - 🍎 Optimized for: Apple Silicon M1/M2/M3 Macs
Dec 28, 2025 23:18:24 (+00:00:06) - src.utils.matrix_operations - INFO - 🚀 VectorBT optimizations enabled - expect 2-10x performance improvements
Dec 28, 2025 23:18:24 (+00:00:06) - src.utils.matrix_operations - INFO - 🎯 VectorBTRollingOptimizer available - enhanced rolling operations
Dec 28, 2025 23:18:24 (+00:00:06) - src.utils.matrix_operations - INFO - ⚡ UnifiedVectorizationManager available - unified vectorization operations
Dec 28, 2025 23:18:24 (+00:00:06) - System.ComplementaryLookbackOptimizer - INFO - ✅ Detected VectorBT v0.28.1
Dec 28, 2025 23:18:24 (+00:00:06) - src.feature_generation.utils.feature_generation_optimization - INFO - ✅ VectorBT available for feature optimization
Dec 28, 2025 23:18:24 (+00:00:06) - root - INFO - ✅ VectorBT compatibility layer loaded successfully
Dec 28, 2025 23:18:24 (+00:00:07) - root - INFO - ✅ Enhanced VectorBT volatility generators loaded successfully
Dec 28, 2025 23:18:24 (+00:00:07) - src.feature_generation.core.feature_registry.FeatureRegistry - INFO - FeatureRegistry initialized
Dec 28, 2025 23:18:24 (+00:00:07) - System.tprint - INFO - 🔧 Initializing AutoOptimizationConfig...
Dec 28, 2025 23:18:24 (+00:00:07) - System.tprint - INFO - 📝 Setting up conservative optimization settings...
Dec 28, 2025 23:18:24 (+00:00:07) - System.tprint - INFO - ✅ Conservative settings configured
Dec 28, 2025 23:18:24 (+00:00:07) - System.tprint - INFO - 📝 Setting up balanced optimization settings...
Dec 28, 2025 23:18:24 (+00:00:07) - System.tprint - INFO - ✅ Balanced settings configured
Dec 28, 2025 23:18:24 (+00:00:07) - System.tprint - INFO - 📝 Setting up aggressive optimization settings...
Dec 28, 2025 23:18:24 (+00:00:07) - System.tprint - INFO - ✅ Aggressive settings configured
Dec 28, 2025 23:18:24 (+00:00:07) - System.tprint - INFO - 🎯 AutoOptimizationConfig initialized with balanced strategy
Dec 28, 2025 23:18:24 (+00:00:07) - System.tprint - INFO - ✅ Auto-optimization enabled for FeatureBank (default)
Dec 28, 2025 23:18:24 (+00:00:07) - src.feature_generation.utils.memory_pool_optimizer.MemoryPoolOptimizer - INFO - Memory pool optimizer initialized
Dec 28, 2025 23:18:24 (+00:00:07) - src.utils.hardware.m1_memory_optimizer.M1MemoryOptimizer - INFO - 🧠 Memory limit set to 8.0 GB (8589934592.0 bytes)
Dec 28, 2025 23:18:24 (+00:00:07) - src.utils.hardware.m1_memory_optimizer.M1MemoryOptimizer - INFO - 🧠 M1 Memory Optimizer initialized for M1
Dec 28, 2025 23:18:24 (+00:00:07) - src.utils.hardware.unified_hardware_manager.UnifiedHardwareManager - INFO - 🔧 Unified Hardware Manager initialized
Dec 28, 2025 23:18:24 (+00:00:07) - src.utils.hardware.unified_hardware_manager.HardwarePerformanceMonitor - INFO - 🔍 Hardware performance monitoring started
Dec 28, 2025 23:18:25 (+00:00:07) - src.utils.hardware.m1_memory_optimizer.M1MemoryOptimizer - INFO - 🧠 M1 memory monitoring started
Dec 28, 2025 23:18:25 (+00:00:07) - src.utils.hardware.unified_hardware_manager.UnifiedHardwareManager - INFO - ✅ Unified Hardware Manager fully initialized
Dec 28, 2025 23:18:25 (+00:00:07) - src.utils.hardware.m1_memory_optimizer.M1MemoryOptimizer - INFO - 🧹 Moderate cleanup: 1265 objects collected
Dec 28, 2025 23:18:25 (+00:00:07) - src.utils.hardware.unified_hardware_manager.UnifiedHardwareManager - INFO - 🎯 Optimizing for feature_engineering workload (balanced)
Dec 28, 2025 23:18:25 (+00:00:07) - src.utils.ml_common.hardware_singleton - INFO - 🔍 Detecting hardware capabilities (one-time detection)...
Dec 28, 2025 23:18:25 (+00:00:07) - src.utils.ml_common.hardware_singleton - INFO - ✅ Hardware detection complete: {'cpu_cores': 8, 'gpu_available': True, 'gpu_type': 'mps', 'memory_gb': 16.0, 'mps_available': True, 'gpu_memory_gb': None}
Dec 28, 2025 23:18:25 (+00:00:07) - System.tprint - INFO - 🚀 Initializing Unified Vectorization Manager...
Dec 28, 2025 23:18:25 (+00:00:07) - System.tprint - INFO - 🔄 Initializing optimization components...
Dec 28, 2025 23:18:25 (+00:00:07) - System.tprint - INFO - 🔄 Initializing optimization components...
Dec 28, 2025 23:18:25 (+00:00:07) - System.tprint - INFO - 🔄 Loading VectorBTRollingOptimizer...
Dec 28, 2025 23:18:25 (+00:00:07) - System.tprint - INFO - ✅ VectorBTRollingOptimizer loaded
Dec 28, 2025 23:18:25 (+00:00:07) - System.tprint - INFO - 🔄 Loading vectorized backtesting...
Dec 28, 2025 23:18:25 (+00:00:07) - System.VectorizedBacktestingEngine - INFO - ✅ Vectorized Backtesting Engine initialized successfully
Dec 28, 2025 23:18:25 (+00:00:07) - System.tprint - INFO - ✅ Vectorized backtesting loaded
Dec 28, 2025 23:18:25 (+00:00:07) - System.tprint - INFO - 🔄 Loading VectorBT backtesting engine...
Dec 28, 2025 23:18:25 (+00:00:07) - System.VectorBTBacktestingEngine - INFO - ✅ VectorBT Backtesting Engine initialized successfully
Dec 28, 2025 23:18:25 (+00:00:07) - System.tprint - INFO - ✅ VectorBT backtesting engine loaded
Dec 28, 2025 23:18:25 (+00:00:07) - System.tprint - INFO - 🔄 Loading VectorBT financial metrics...
Dec 28, 2025 23:18:25 (+00:00:07) - src.utils.ml_common.vectorbt_financial_metrics - INFO - ✅ VectorBT Financial Metrics initialized
Dec 28, 2025 23:18:25 (+00:00:07) - src.utils.ml_common.vectorbt_financial_metrics - INFO - 📊 Risk-free rate: 2.00%
Dec 28, 2025 23:18:25 (+00:00:07) - src.utils.ml_common.vectorbt_financial_metrics - INFO - 📊 Annualization factor: 252
Dec 28, 2025 23:18:25 (+00:00:07) - src.utils.ml_common.vectorbt_financial_metrics - INFO - 📊 Regime analysis: True
Dec 28, 2025 23:18:25 (+00:00:07) - System.tprint - INFO - ✅ VectorBT financial metrics loaded
Dec 28, 2025 23:18:25 (+00:00:07) - System.tprint - INFO - 🔄 Loading VectorBT portfolio optimization...
Dec 28, 2025 23:18:25 (+00:00:07) - src.utils.ml_common.vectorbt_memory_manager.VectorBTMemoryManager - INFO - ✅ VectorBT Memory Manager initialized
Dec 28, 2025 23:18:25 (+00:00:07) - src.utils.ml_common.vectorbt_memory_manager.VectorBTMemoryManager - INFO - 📊 Total system memory: 16.00GB
Dec 28, 2025 23:18:25 (+00:00:07) - src.utils.ml_common.vectorbt_memory_manager.VectorBTMemoryManager - INFO - 📊 Available memory: 2.93GB
Dec 28, 2025 23:18:25 (+00:00:07) - src.utils.ml_common.vectorbt_memory_manager.VectorBTMemoryManager - INFO - 📊 Max allocated memory: 8.00GB
Dec 28, 2025 23:18:25 (+00:00:07) - src.utils.ml_common.vectorbt_performance_monitor.VectorBTPerformanceMonitor - INFO - ✅ VectorBT Performance Monitor initialized
Dec 28, 2025 23:18:25 (+00:00:07) - src.utils.ml_common.vectorbt_performance_monitor.VectorBTPerformanceMonitor - INFO - 📊 Monitoring enabled: timing=True, memory=True, gpu=True
Dec 28, 2025 23:18:25 (+00:00:07) - src.utils.ml_common.vectorbt_portfolio_optimization - INFO - ✅ VectorBT Portfolio Optimizer initialized
Dec 28, 2025 23:18:25 (+00:00:07) - src.utils.ml_common.vectorbt_portfolio_optimization - INFO - 📊 Method: mean_variance
Dec 28, 2025 23:18:25 (+00:00:07) - src.utils.ml_common.vectorbt_portfolio_optimization - INFO - 📊 Rebalancing: monthly
Dec 28, 2025 23:18:25 (+00:00:07) - src.utils.ml_common.vectorbt_portfolio_optimization - INFO - 📊 Risk aversion: 1.0
Dec 28, 2025 23:18:25 (+00:00:07) - src.utils.ml_common.vectorbt_portfolio_optimization - INFO - 📊 Memory manager: 2.93GB available
Dec 28, 2025 23:18:25 (+00:00:07) - System.tprint - INFO - ✅ VectorBT portfolio optimization loaded
Dec 28, 2025 23:18:25 (+00:00:07) - System.tprint - INFO - 🔄 Loading matrix cross-validation...
Dec 28, 2025 23:18:25 (+00:00:07) - src.utils.hardware.m1_memory_optimizer - INFO - 🧠 M1 Memory Optimizer initialized for M1
Dec 28, 2025 23:18:25 (+00:00:07) - src.utils.hardware.m1_memory_optimizer.M1MemoryOptimizer - INFO - 🧠 M1 Memory Optimizer initialized for M1
Dec 28, 2025 23:18:25 (+00:00:08) - src.feature_generation.core.vectorbt_batch_processor - INFO - VectorBTBatchProcessor initialized: VectorBT=True, GPU=False, Parallel=True
Dec 28, 2025 23:18:25 (+00:00:08) - src.feature_generation.utils.unified_vectorization_manager - INFO - UnifiedVectorizationManager initialized: VectorBT=True, GPU=False, Memory=True
Dec 28, 2025 23:18:25 (+00:00:08) - src.utils.matrix_operations.unified_operations.UnifiedMatrixOperations - INFO - 📊 GPU: False, Memory Opt: False, Parallel: False
Dec 28, 2025 23:18:25 (+00:00:08) - src.utils.ml_common.matrix_cross_validation - INFO - 🚀 VectorBT configured for cross-validation optimization
Dec 28, 2025 23:18:25 (+00:00:08) - src.utils.ml_common.matrix_cross_validation - INFO - ✅ Matrix-based cross-validator initialized
Dec 28, 2025 23:18:25 (+00:00:08) - src.utils.ml_common.matrix_cross_validation - INFO - 📊 Configuration - Splits: 5, GPU: True, VectorBT: True
Dec 28, 2025 23:18:25 (+00:00:08) - System.tprint - INFO - ✅ Matrix cross-validation loaded
Dec 28, 2025 23:18:25 (+00:00:08) - System.tprint - INFO - 🔄 Loading feature importance analyzer...
Dec 28, 2025 23:18:25 (+00:00:08) - src.utils.ml_common.utils.memory_integration - INFO - 🔗 Integrating memory skimming with all ML utilities
Dec 28, 2025 23:18:25 (+00:00:08) - src.utils.ml_common.utils.memory_integration - INFO - ✅ Successfully imported HPO utilities (direct import)
Dec 28, 2025 23:18:25 (+00:00:08) - src.utils.ml_common.utils.memory_integration - INFO - ✅ Memory skimming integrated with HPO utilities
Dec 28, 2025 23:18:25 (+00:00:08) - src.utils.ml_common.utils.memory_integration - INFO - ✅ Successfully imported Unified CV utilities
Dec 28, 2025 23:18:25 (+00:00:08) - src.utils.ml_common.utils.memory_integration - INFO - ✅ Memory skimming integrated with Unified CV utilities
Dec 28, 2025 23:18:25 (+00:00:08) - src.utils.ml_common.utils.memory_integration - INFO - ✅ Memory skimming integrated with lookahead protection utilities
Dec 28, 2025 23:18:25 (+00:00:08) - src.utils.ml_common.utils.memory_integration - INFO - ℹ️ Skipping model evaluation memory integration (deprecated)
Dec 28, 2025 23:18:25 (+00:00:08) - src.utils.ml_common.utils.memory_integration - INFO - ✅ Successfully imported feature selection utilities
Dec 28, 2025 23:18:25 (+00:00:08) - src.utils.ml_common.utils.memory_integration - INFO - ✅ Memory skimming integrated with feature selection utilities
Dec 28, 2025 23:18:25 (+00:00:08) - src.utils.ml_common.utils.memory_integration - INFO - ✅ Successfully imported data quality utilities
Dec 28, 2025 23:18:25 (+00:00:08) - src.utils.ml_common.utils.memory_integration - INFO - ✅ Memory skimming integrated with data quality utilities
Dec 28, 2025 23:18:25 (+00:00:08) - src.utils.ml_common.utils.memory_integration - INFO - ✅ Memory skimming integration completed: 6/6 successful
Dec 28, 2025 23:18:25 (+00:00:08) - System.tprint - INFO - ✅ Custom logger available for MLCommon.ThreadGuard
Dec 28, 2025 23:18:25 (+00:00:08) - System.tprint - INFO - ✅ threadpoolctl available for thread management
Dec 28, 2025 23:18:25 (+00:00:08) - System.tprint - INFO - ✅ Custom logger available for MLCommon.BaseSafeguards
Dec 28, 2025 23:18:25 (+00:00:08) - System.tprint - INFO - ✅ Scikit-learn available for thresholding functionality
Dec 28, 2025 23:18:25 (+00:00:08) - System.tprint - INFO - ✅ Custom logger available for FeatureSelection.BaseFramework
Dec 28, 2025 23:18:25 (+00:00:08) - System.tprint - INFO - ✅ Custom logger available for FeatureSelection.DataValidation
Dec 28, 2025 23:18:25 (+00:00:08) - System.tprint - INFO - ✅ Vectorization utilities available for feature selection
Dec 28, 2025 23:18:25 (+00:00:08) - System.tprint - INFO - ✅ Custom logger available for FeatureSelection.SelectionMethods
Dec 28, 2025 23:18:25 (+00:00:08) - System.tprint - INFO - ✅ Custom logger available for FeatureSelection.StabilityAnalysis
Dec 28, 2025 23:18:25 (+00:00:08) - System.tprint - INFO - ✅ Custom logger available for FeatureSelection.PerformanceMonitoring
Dec 28, 2025 23:18:25 (+00:00:08) - System.tprint - INFO - ✅ Custom logger available for FeatureSelection.QualityMetrics
Dec 28, 2025 23:18:25 (+00:00:08) - System.tprint - INFO - ✅ Custom logger available for FeatureSelection.TemporalAnalysis
Dec 28, 2025 23:18:25 (+00:00:08) - System.tprint - INFO - ✅ Custom logger available for FeatureSelection.CausalAnalysis
Dec 28, 2025 23:18:25 (+00:00:08) - System.tprint - INFO - ✅ Custom logger available for FeatureSelection.MainFramework
Dec 28, 2025 23:18:25 (+00:00:08) - System.tprint - INFO - 🔍 FeatureImportanceAnalyzer initialized with methods: ['random_forest', 'lasso', 'mutual_info']
Dec 28, 2025 23:18:25 (+00:00:08) - System.tprint - INFO - ✅ Feature importance analyzer loaded
Dec 28, 2025 23:18:25 (+00:00:08) - System.tprint - INFO - 🔄 Loading technical indicators...
Dec 28, 2025 23:18:25 (+00:00:08) - src.feature_generation.utils.feature_generators - INFO - ✅ TA-Lib available for enhanced technical indicators
Dec 28, 2025 23:18:25 (+00:00:08) - src.feature_generation.utils.feature_generators - INFO - Using fallback implementations for feature selection tools
Dec 28, 2025 23:18:25 (+00:00:08) - src.utils.hardware.m1_memory_optimizer.M1MemoryOptimizer - INFO - 🧠 M1 Memory Optimizer initialized for M1
Dec 28, 2025 23:18:25 (+00:00:08) - src.feature_generation.utils.feature_generators.FeatureGenerators - INFO - ✅ Hardware optimization initialized
Dec 28, 2025 23:18:25 (+00:00:08) - src.feature_generation.utils.feature_generators.FeatureGenerators - INFO - ✅ Matrix operations available for vectorization
Dec 28, 2025 23:18:25 (+00:00:08) - System.tprint - INFO - ✅ Technical indicators loaded
Dec 28, 2025 23:18:25 (+00:00:08) - System.tprint - INFO - ℹ️ HMM operations deprecated - using alternative methods
Dec 28, 2025 23:18:25 (+00:00:08) - System.tprint - INFO - ✅ Component initialization completed
Dec 28, 2025 23:18:25 (+00:00:08) - System.tprint - INFO - 🔄 Setting up performance tracking...
Dec 28, 2025 23:18:25 (+00:00:08) - System.tprint - INFO - ✅ Unified Vectorization Manager initialized
Dec 28, 2025 23:18:25 (+00:00:08) - src.utils.ml_common.unified_vectorization_manager - INFO - ✅ Unified Vectorization Manager initialized
Dec 28, 2025 23:18:25 (+00:00:08) - src.feature_generation.utils.feature_generation_optimization.FeatureGenerationOptimizer - INFO - 🚀 Initializing FeatureGenerationOptimizer...
Dec 28, 2025 23:18:25 (+00:00:08) - src.feature_generation.utils.feature_generation_optimization.FeatureGenerationOptimizer - INFO - 📊 Configuration loaded: cross_validation
Dec 28, 2025 23:18:25 (+00:00:08) - src.feature_generation.utils.feature_generation_optimization.FeatureGenerationOptimizer - INFO - ✅ FeatureGenerationOptimizer initialized in 0.000s
Dec 28, 2025 23:18:25 (+00:00:08) - src.feature_generation.utils.feature_generation_optimization.FeatureGenerationOptimizer - INFO - 📊 Min lookback: 5, Max lookback: 252
Dec 28, 2025 23:18:25 (+00:00:08) - src.feature_generation.utils.feature_generation_optimization.FeatureGenerationOptimizer - INFO - 📊 CV folds: 3, Parallel processing: True
Dec 28, 2025 23:18:25 (+00:00:08) - src.utils.parallel_processing_optimizer - INFO - 🍎 Detected Apple Silicon - applying M1-specific limits
Dec 28, 2025 23:18:25 (+00:00:08) - src.utils.parallel_processing_optimizer - INFO - 🔧 Initialized MacM1ParallelOptimizer:
Dec 28, 2025 23:18:25 (+00:00:08) - src.utils.parallel_processing_optimizer - INFO -    Max workers: 4
Dec 28, 2025 23:18:25 (+00:00:08) - src.utils.parallel_processing_optimizer - INFO -    Chunk size: 1000
Dec 28, 2025 23:18:25 (+00:00:08) - src.utils.parallel_processing_optimizer - INFO -    Pool type: Process
Dec 28, 2025 23:18:25 (+00:00:08) - src.utils.parallel_processing_optimizer - INFO -    Memory limit per worker: 4096 MB
Dec 28, 2025 23:18:25 (+00:00:08) - src.utils.parallel_processing_optimizer - INFO -    M1 Mac detected: True
Dec 28, 2025 23:18:25 (+00:00:08) - src.feature_generation.utils.optimization.lookback_optimizer.LookbackOptimizer - INFO - ✅ Legacy optimization system available
Dec 28, 2025 23:18:25 (+00:00:08) - src.feature_generation.utils.optimization.lookback_optimizer.LookbackOptimizer - INFO - ✅ LookbackOptimizer initialized
Dec 28, 2025 23:18:25 (+00:00:08) - src.feature_generation.core.feature_bank.FeatureBank - INFO - ✅ Regular lookback optimization enabled (Analyst mode)
Dec 28, 2025 23:18:25 (+00:00:08) - System.tprint - INFO - ✅ FeatureBank set as global instance
Dec 28, 2025 23:18:25 (+00:00:08) - System.tprint - INFO - 🔧 Auto-registering feature generators...
Dec 28, 2025 23:18:25 (+00:00:08) - System.tprint - INFO - 🔧 Starting auto-registration of feature generators...
Dec 28, 2025 23:18:25 (+00:00:08) - System.tprint - INFO - 🚀 Initializing 16 feature categories...
Dec 28, 2025 23:18:25 (+00:00:08) - src.feature_generation.core.vectorbt_feature_generator - WARNING - ⚠️ GPU acceleration not available in this VectorBT version
Dec 28, 2025 23:18:25 (+00:00:08) - src.feature_generation.core.feature_generator.CustomAutoOptimizedFeatureGenerator - INFO - ✅ VectorBT advanced caching enabled: 1000MB, TTL: 3600s
Dec 28, 2025 23:18:25 (+00:00:08) - System.tprint - INFO - 🔍 Getting settings for balanced optimization level...
Dec 28, 2025 23:18:25 (+00:00:08) - src.feature_generation.utils.vectorbt_optimization_integration - INFO - VectorBTOptimizationManager initialized: GPU=False, Memory=True, Parallel=True
Dec 28, 2025 23:18:25 (+00:00:08) - CustomAutoOptimizedFeatureGenerator - INFO - VectorBT optimization components initialized
Dec 28, 2025 23:18:25 (+00:00:08) - src.feature_generation.utils.consolidated_rolling_optimizer - INFO - GPU memory test successful
Dec 28, 2025 23:18:25 (+00:00:08) - src.feature_generation.categories.candlestick_pattern - INFO - ✅ VectorBTRollingOptimizer initialized for candlestick patterns
Dec 28, 2025 23:18:25 (+00:00:08) - src.feature_generation.categories.candlestick_pattern - INFO - ✅ UnifiedVectorizationManager initialized for candlestick patterns
Dec 28, 2025 23:18:25 (+00:00:08) - System.tprint - INFO - ℹ️ VectorBT not available, using core microstructure generators only (numpy-optimized)
Dec 28, 2025 23:18:25 (+00:00:08) - src.feature_generation.utils.vectorization_optimizer.VectorizationOptimizer - INFO - ✅ Matrix operations initialized
Dec 28, 2025 23:18:25 (+00:00:08) - src.feature_generation.utils.vectorization_optimizer.VectorizationOptimizer - INFO - ✅ Hardware manager initialized
Dec 28, 2025 23:18:25 (+00:00:08) - src.feature_generation.utils.vectorization_optimizer.VectorizationOptimizer - INFO - ✅ Vectorized core initialized
Dec 28, 2025 23:18:25 (+00:00:08) - src.feature_generation.utils.vectorization_optimizer.VectorizationOptimizer - INFO - ✅ Vectorization Optimizer initialized
Dec 28, 2025 23:18:25 (+00:00:08) - System.tprint - INFO - ℹ️ VectorBT not available, using core microstructure generators only (numpy-optimized)
Dec 28, 2025 23:18:25 (+00:00:08) - System.tprint - INFO - ✅ Auto-registration completed. Registered 527 generators
Dec 28, 2025 23:18:25 (+00:00:08) - src.feature_generation.core.feature_bank.FeatureBank - INFO - ✅ Auto-registered 527 generators from 16 categories
Dec 28, 2025 23:18:25 (+00:00:08) - System.tprint - INFO - 🔍 Looking up generators for category: returns
Dec 28, 2025 23:18:25 (+00:00:08) - System.tprint - INFO - ✅ Found 57 generators for category: returns
Dec 28, 2025 23:18:25 (+00:00:08) - System.tprint - INFO - 🔍 Looking up generators for category: momentum
Dec 28, 2025 23:18:25 (+00:00:08) - System.tprint - INFO - ✅ Found 32 generators for category: momentum
Dec 28, 2025 23:18:25 (+00:00:08) - System.tprint - INFO - 🔍 Looking up generators for category: volume
Dec 28, 2025 23:18:25 (+00:00:08) - System.tprint - INFO - ✅ Found 60 generators for category: volume
Dec 28, 2025 23:18:25 (+00:00:08) - System.tprint - INFO - 🔍 Looking up generators for category: volatility
Dec 28, 2025 23:18:25 (+00:00:08) - System.tprint - INFO - ✅ Found 54 generators for category: volatility
Dec 28, 2025 23:18:25 (+00:00:08) - System.tprint - INFO - 🔍 Looking up generators for category: normalization
Dec 28, 2025 23:18:25 (+00:00:08) - System.tprint - INFO - ✅ Found 0 generators for category: normalization
Dec 28, 2025 23:18:25 (+00:00:08) - System.tprint - INFO - 🔍 Looking up generators for category: trend
Dec 28, 2025 23:18:25 (+00:00:08) - System.tprint - INFO - ✅ Found 60 generators for category: trend
Dec 28, 2025 23:18:25 (+00:00:08) - System.tprint - INFO - 🔍 Looking up generators for category: oscillator
Dec 28, 2025 23:18:25 (+00:00:08) - System.tprint - INFO - ✅ Found 11 generators for category: oscillator
Dec 28, 2025 23:18:25 (+00:00:08) - System.tprint - INFO - 🔍 Looking up generators for category: support_resistance
Dec 28, 2025 23:18:25 (+00:00:08) - System.tprint - INFO - ✅ Found 50 generators for category: support_resistance
Dec 28, 2025 23:18:25 (+00:00:08) - System.tprint - INFO - 🔍 Looking up generators for category: custom_support_resistance
Dec 28, 2025 23:18:25 (+00:00:08) - System.tprint - INFO - ✅ Found 0 generators for category: custom_support_resistance
Dec 28, 2025 23:18:25 (+00:00:08) - System.tprint - INFO - 🔍 Looking up generators for category: candlestick_pattern
Dec 28, 2025 23:18:25 (+00:00:08) - System.tprint - INFO - ✅ Found 16 generators for category: candlestick_pattern
Dec 28, 2025 23:18:25 (+00:00:08) - System.tprint - INFO - 🔍 Looking up generators for category: cross_timeframe
Dec 28, 2025 23:18:25 (+00:00:08) - System.tprint - INFO - ✅ Found 22 generators for category: cross_timeframe
Dec 28, 2025 23:18:25 (+00:00:08) - System.tprint - INFO - 🔍 Looking up generators for category: microstructure
Dec 28, 2025 23:18:25 (+00:00:08) - System.tprint - INFO - ✅ Found 15 generators for category: microstructure
Dec 28, 2025 23:18:25 (+00:00:08) - System.tprint - INFO - 🔍 Looking up generators for category: entropy
Dec 28, 2025 23:18:25 (+00:00:08) - System.tprint - INFO - ✅ Found 35 generators for category: entropy
Dec 28, 2025 23:18:25 (+00:00:08) - System.tprint - INFO - 🔍 Looking up generators for category: autoencoder
Dec 28, 2025 23:18:25 (+00:00:08) - System.tprint - INFO - ✅ Found 0 generators for category: autoencoder
Dec 28, 2025 23:18:25 (+00:00:08) - System.tprint - INFO - 🔍 Looking up generators for category: representation_learning
Dec 28, 2025 23:18:25 (+00:00:08) - System.tprint - INFO - ✅ Found 0 generators for category: representation_learning
Dec 28, 2025 23:18:25 (+00:00:08) - System.tprint - INFO - 🔍 Looking up generators for category: order_flow
Dec 28, 2025 23:18:25 (+00:00:08) - System.tprint - INFO - ✅ Found 0 generators for category: order_flow
Dec 28, 2025 23:18:25 (+00:00:08) - System.tprint - INFO - 🔍 Looking up generators for category: regime
Dec 28, 2025 23:18:25 (+00:00:08) - System.tprint - INFO - ✅ Found 0 generators for category: regime
Dec 28, 2025 23:18:25 (+00:00:08) - System.tprint - INFO - 🔍 Looking up generators for category: legacy
Dec 28, 2025 23:18:25 (+00:00:08) - System.tprint - INFO - ✅ Found 0 generators for category: legacy
Dec 28, 2025 23:18:25 (+00:00:08) - System.tprint - INFO - 🔍 Looking up generators for category: time
Dec 28, 2025 23:18:25 (+00:00:08) - System.tprint - INFO - ✅ Found 0 generators for category: time
Dec 28, 2025 23:18:25 (+00:00:08) - System.tprint - INFO - 🔍 Looking up generators for category: custom
Dec 28, 2025 23:18:25 (+00:00:08) - System.tprint - INFO - ✅ Found 0 generators for category: custom
Dec 28, 2025 23:18:25 (+00:00:08) - System.tprint - INFO - 🔍 Looking up generators for category: acceleration
Dec 28, 2025 23:18:25 (+00:00:08) - System.tprint - INFO - ✅ Found 46 generators for category: acceleration
Dec 28, 2025 23:18:25 (+00:00:08) - System.tprint - INFO - 🔍 Looking up generators for category: interaction
Dec 28, 2025 23:18:25 (+00:00:08) - System.tprint - INFO - ✅ Found 8 generators for category: interaction
Dec 28, 2025 23:18:25 (+00:00:08) - System.tprint - INFO - 🔍 Looking up generators for category: advanced_statistical
Dec 28, 2025 23:18:25 (+00:00:08) - System.tprint - INFO - ✅ Found 6 generators for category: advanced_statistical
Dec 28, 2025 23:18:25 (+00:00:08) - System.tprint - INFO - 🔍 Looking up generators for category: spectral_wavelet
Dec 28, 2025 23:18:25 (+00:00:08) - System.tprint - INFO - ✅ Found 6 generators for category: spectral_wavelet
Dec 28, 2025 23:18:25 (+00:00:08) - src.feature_generation.core.generator_factory - INFO - Populated generator factory with 478 generators
Dec 28, 2025 23:18:25 (+00:00:08) - System.tprint - INFO - ✅ Generator factory populated with registered generators
Dec 28, 2025 23:18:25 (+00:00:08) - src.feature_generation.core.feature_bank.FeatureBank - INFO - ✅ FeatureBank initialized
Dec 28, 2025 23:18:25 (+00:00:08) - src.feature_generation.core.feature_bank.FeatureBank - INFO - 📊 Matrix ops: True, GPU: True, Lookback opt: True
Dec 28, 2025 23:18:25 (+00:00:08) - src.feature_generation - INFO - ✅ Unified Feature Generation System initialized
Dec 28, 2025 23:18:25 (+00:00:08) - src.feature_generation - INFO - 📦 Version: 2.0.0
Dec 28, 2025 23:18:25 (+00:00:08) - src.feature_generation - INFO - 🔧 Features: Category-based organization, advanced utilities, optimization
Dec 28, 2025 23:18:25 (+00:00:08) - src.feature_generation - INFO - 🍎 Optimized for: Apple Silicon M1/M2/M3 Macs
Dec 28, 2025 23:18:25 (+00:00:08) - src.feature_generation - INFO - 🚀 Advanced utilities available (optimization, analysis, etc.)
Dec 28, 2025 23:18:25 (+00:00:08) - src.feature_generation - INFO - ⚡ VectorBT optimizations available (advanced volatility, volume, batch processing)
Dec 28, 2025 23:18:25 (+00:00:08) - MLCommon.HPOUtils - INFO - ✅ VectorBT optimization available
Dec 28, 2025 23:18:25 (+00:00:08) - MLCommon.HPOUtils - INFO - 🚀 Initializing Enhanced HyperparameterOptimization...
Dec 28, 2025 23:18:25 (+00:00:08) - MLCommon.HPOUtils.HPOUtils - INFO - ✅ VectorBT Rolling Optimizer initialized
Dec 28, 2025 23:18:25 (+00:00:08) - MLCommon.HPOUtils.HPOUtils - INFO - ✅ Unified Vectorization Manager initialized
Dec 28, 2025 23:18:25 (+00:00:08) - MLCommon.HPOUtils - INFO - ⚙️ Configuration - Parallel processing: True
Dec 28, 2025 23:18:25 (+00:00:08) - MLCommon.HPOUtils - INFO - ⚙️ Configuration - Max workers: 4
Dec 28, 2025 23:18:25 (+00:00:08) - MLCommon.HPOUtils - INFO - ⚙️ Configuration - Monitoring enabled: True
Dec 28, 2025 23:18:25 (+00:00:08) - MLCommon.HPOUtils - INFO - 🚀 Configuration - Non-linear optimization: True
Dec 28, 2025 23:18:25 (+00:00:08) - MLCommon.HPOUtils - INFO - ✅ Enhanced HyperparameterOptimization initialized successfully
Dec 28, 2025 23:18:25 (+00:00:08) - DataCleaner - INFO - Using klines-specific gap thresholds: {<GapType.SMALL: 'small'>: 65, <GapType.MEDIUM: 'medium'>: 300, <GapType.LARGE: 'large'>: 1800, <GapType.CRITICAL: 'critical'>: 3600}
Dec 28, 2025 23:18:25 (+00:00:08) - System.UnifiedDataUtils - INFO - 🚀 Unified Data Utils initialized
Dec 28, 2025 23:18:25 (+00:00:08) - src.utils.ml_common.validation.data_leakage_prevention - INFO - 🔒 Data Leakage Prevention initialized with CRITICAL financial thresholds:
Dec 28, 2025 23:18:25 (+00:00:08) - src.utils.ml_common.validation.data_leakage_prevention - INFO -    • Critical leakage threshold: 5.0% (was 25%)
Dec 28, 2025 23:18:25 (+00:00:08) - src.utils.ml_common.validation.data_leakage_prevention - INFO -    • Warning leakage threshold: 2.0% (was 10%)
Dec 28, 2025 23:18:25 (+00:00:08) - src.utils.ml_common.validation.data_leakage_prevention - INFO -    • Small dataset multiplier: 1.0 (was 1.5)
Dec 28, 2025 23:18:25 (+00:00:08) - src.utils.ml_common.validation.data_leakage_prevention - INFO -    • These strict thresholds are ESSENTIAL for financial data integrity
Dec 28, 2025 23:18:25 (+00:00:08) - src.utils.ml_common.validation.data_leakage_prevention - INFO -    • Even 1-2% leakage can invalidate backtesting results
Dec 28, 2025 23:18:25 (+00:00:08) - src.utils.ml_common.validation.data_leakage_prevention - INFO -    • High model scores (>96%) often indicate undetected temporal leakage
Dec 28, 2025 23:18:25 (+00:00:08) - src.utils.ml_common.validation.overfitting_monitoring - INFO - ✅ Overfitting Monitoring initialized
Dec 28, 2025 23:18:25 (+00:00:08) - src.utils.ml_common.validation.hpo_overfitting_prevention - INFO - ✅ HPO with Overfitting Prevention initialized
Dec 28, 2025 23:18:25 (+00:00:08) - src.utils.ml_common.validation.model_complexity_analysis - INFO - ✅ Model Complexity Analyzer initialized
Dec 28, 2025 23:18:25 (+00:00:08) - EnhancedReportingSystem.EnhancedReportingSystem - INFO - 📊 Enhanced Reporting System initialized
Dec 28, 2025 23:18:25 (+00:00:08) - src.utils.ml_common.reporting.validation_reporting_integration - INFO - ✅ Validation Reporting Integrator initialized
Dec 28, 2025 23:18:25 (+00:00:08) - src.utils.ml_common.validation.data_leakage_prevention - INFO - 🔒 Data Leakage Prevention initialized with CRITICAL financial thresholds:
Dec 28, 2025 23:18:25 (+00:00:08) - src.utils.ml_common.validation.data_leakage_prevention - INFO -    • Critical leakage threshold: 5.0% (was 25%)
Dec 28, 2025 23:18:25 (+00:00:08) - src.utils.ml_common.validation.data_leakage_prevention - INFO -    • Warning leakage threshold: 2.0% (was 10%)
Dec 28, 2025 23:18:25 (+00:00:08) - src.utils.ml_common.validation.data_leakage_prevention - INFO -    • Small dataset multiplier: 1.0 (was 1.5)
Dec 28, 2025 23:18:25 (+00:00:08) - src.utils.ml_common.validation.data_leakage_prevention - INFO -    • These strict thresholds are ESSENTIAL for financial data integrity
Dec 28, 2025 23:18:25 (+00:00:08) - src.utils.ml_common.validation.data_leakage_prevention - INFO -    • Even 1-2% leakage can invalidate backtesting results
Dec 28, 2025 23:18:25 (+00:00:08) - src.utils.ml_common.validation.data_leakage_prevention - INFO -    • High model scores (>96%) often indicate undetected temporal leakage
Dec 28, 2025 23:18:25 (+00:00:08) - src.utils.ml_common.validation.overfitting_monitoring - INFO - ✅ Overfitting Monitoring initialized
Dec 28, 2025 23:18:25 (+00:00:08) - src.utils.ml_common.validation.enhanced_validation - INFO - ✅ Enhanced Validation initialized
Dec 28, 2025 23:18:25 (+00:00:08) - src.utils.ml_common.validation.hpo_overfitting_prevention - INFO - ✅ HPO with Overfitting Prevention initialized
Dec 28, 2025 23:18:25 (+00:00:08) - src.utils.ml_common.validation.model_complexity_analysis - INFO - ✅ Model Complexity Analyzer initialized
Dec 28, 2025 23:18:25 (+00:00:08) - src.utils.ml_common.training.universal_validation_integration - INFO - ✅ Universal Validation Integrator initialized with new utilities
Dec 28, 2025 23:18:26 (+00:00:08) - System.tprint - INFO - ✅ Custom logger available for MLCommon.ModelTraining
Dec 28, 2025 23:18:26 (+00:00:08) - System.tprint - INFO - ✅ ML Common utilities loaded successfully
Dec 28, 2025 23:18:26 (+00:00:08) - System.CrossStepValidator - INFO - 🔍 CrossStepValidator initialized with comprehensive consistency rules
Dec 28, 2025 23:18:26 (+00:00:08) - ares.registry - INFO - Registered step: feature_generation_data_validation_step
Dec 28, 2025 23:18:26 (+00:00:08) - System.tprint - INFO - ✅ Feature generation data validation step registered SUCCESS
Dec 28, 2025 23:18:26 (+00:00:08) - System.tprint - INFO - 🔧 Loading labeling components...
Dec 28, 2025 23:18:26 (+00:00:08) - ares.registry - INFO - Registered step: meta_labeling_hpo_sample_weighted
Dec 28, 2025 23:18:26 (+00:00:08) - ares.registry - INFO - Registered step: meta_labeling_hpo_experiment
Dec 28, 2025 23:18:26 (+00:00:08) - ares.registry - INFO - Registered step: sr_labeling_xgb
Dec 28, 2025 23:18:26 (+00:00:08) - ares.registry - INFO - Registered step: sr_labeling_xgb_weighted
Dec 28, 2025 23:18:26 (+00:00:08) - ares.registry - INFO - Registered step: meta_gated_backtest
Dec 28, 2025 23:18:26 (+00:00:08) - System.tprint - INFO - ✅ Meta-gated backtest step registered SUCCESS
Dec 28, 2025 23:18:57 (+00:00:40) - src.utils.hardware.unified_hardware_manager.HardwarePerformanceMonitor - WARNING - 🚨 ALERT: cpu_usage (89.1) exceeds threshold (85.0)
Dec 28, 2025 23:19:33 (+00:01:16) - src.utils.hardware.unified_hardware_manager.HardwarePerformanceMonitor - WARNING - 🚨 ALERT: cpu_usage (95.4) exceeds threshold (85.0)
Dec 28, 2025 23:20:19 (+00:02:01) - src.utils.hardware.m1_memory_optimizer.M1MemoryOptimizer - INFO - 🧹 Moderate cleanup: 55 objects collected
Dec 28, 2025 23:20:47 (+00:02:29) - src.utils.hardware.m1_memory_optimizer.M1MemoryOptimizer - INFO - 🧠 M1 Memory pressure at 0.78
Dec 28, 2025 23:20:47 (+00:02:30) - src.utils.hardware.m1_memory_optimizer.M1MemoryOptimizer - INFO - 🧹 Moderate cleanup: 668 objects collected
Dec 28, 2025 23:20:53 (+00:02:35) - src.utils.hardware.m1_memory_optimizer.M1MemoryOptimizer - INFO - 🧹 Moderate cleanup: 43 objects collected
Dec 28, 2025 23:20:58 (+00:02:41) - src.utils.hardware.m1_memory_optimizer.M1MemoryOptimizer - INFO - 🧹 Moderate cleanup: 670 objects collected
Dec 28, 2025 23:21:04 (+00:02:46) - src.utils.hardware.m1_memory_optimizer.M1MemoryOptimizer - INFO - 🧹 Moderate cleanup: 54 objects collected
Dec 28, 2025 23:21:09 (+00:02:52) - src.utils.hardware.m1_memory_optimizer.M1MemoryOptimizer - INFO - 🧹 Moderate cleanup: 246 objects collected
Dec 28, 2025 23:21:15 (+00:02:57) - src.utils.hardware.m1_memory_optimizer.M1MemoryOptimizer - INFO - 🧹 Moderate cleanup: 431 objects collected
Dec 28, 2025 23:21:25 (+00:03:08) - src.utils.hardware.m1_memory_optimizer.M1MemoryOptimizer - INFO - 🧹 Moderate cleanup: 54 objects collected
Dec 28, 2025 23:21:31 (+00:03:14) - src.utils.hardware.m1_memory_optimizer.M1MemoryOptimizer - INFO - 🧹 Moderate cleanup: 293 objects collected
Dec 28, 2025 23:21:36 (+00:03:19) - src.utils.hardware.m1_memory_optimizer.M1MemoryOptimizer - INFO - 🧹 Moderate cleanup: 646 objects collected
Dec 28, 2025 23:21:47 (+00:03:30) - src.utils.hardware.m1_memory_optimizer.M1MemoryOptimizer - INFO - 🧹 Moderate cleanup: 101 objects collected
Dec 28, 2025 23:22:31 (+00:04:14) - src.utils.hardware.m1_memory_optimizer.M1MemoryOptimizer - INFO - 🧹 Moderate cleanup: 263 objects collected
Dec 28, 2025 23:22:37 (+00:04:19) - src.utils.hardware.m1_memory_optimizer.M1MemoryOptimizer - INFO - 🧹 Moderate cleanup: 24 objects collected
Dec 28, 2025 23:22:54 (+00:04:36) - src.utils.hardware.m1_memory_optimizer.M1MemoryOptimizer - INFO - 🧹 Moderate cleanup: 668 objects collected
Dec 28, 2025 23:22:59 (+00:04:41) - src.utils.hardware.m1_memory_optimizer.M1MemoryOptimizer - INFO - 🧠 M1 Memory pressure at 0.81
Dec 28, 2025 23:24:02 (+00:05:44) - src.utils.hardware.m1_memory_optimizer.M1MemoryOptimizer - INFO - 🧹 Moderate cleanup: 129 objects collected
Dec 28, 2025 23:24:07 (+00:05:50) - src.utils.hardware.m1_memory_optimizer.M1MemoryOptimizer - INFO - 🧹 Moderate cleanup: 139 objects collected
Dec 28, 2025 23:24:18 (+00:06:01) - src.utils.hardware.m1_memory_optimizer.M1MemoryOptimizer - INFO - 🧹 Moderate cleanup: 745 objects collected
Dec 28, 2025 23:24:24 (+00:06:06) - src.utils.hardware.m1_memory_optimizer.M1MemoryOptimizer - INFO - 🧹 Moderate cleanup: 623 objects collected
Dec 28, 2025 23:24:29 (+00:06:12) - src.utils.hardware.m1_memory_optimizer.M1MemoryOptimizer - INFO - 🧹 Moderate cleanup: 54 objects collected
Dec 28, 2025 23:24:40 (+00:06:23) - src.utils.hardware.m1_memory_optimizer.M1MemoryOptimizer - INFO - 🧹 Moderate cleanup: 54 objects collected
Dec 28, 2025 23:24:45 (+00:06:28) - src.utils.hardware.m1_memory_optimizer.M1MemoryOptimizer - INFO - 🧹 Moderate cleanup: 84 objects collected
Dec 28, 2025 23:24:51 (+00:06:33) - src.utils.hardware.m1_memory_optimizer.M1MemoryOptimizer - INFO - 🧹 Moderate cleanup: 348 objects collected
Dec 28, 2025 23:24:56 (+00:06:39) - src.utils.hardware.m1_memory_optimizer.M1MemoryOptimizer - INFO - 🧹 Moderate cleanup: 629 objects collected
Dec 28, 2025 23:25:07 (+00:06:49) - src.utils.hardware.m1_memory_optimizer.M1MemoryOptimizer - INFO - 🧹 Moderate cleanup: 703 objects collected
Dec 28, 2025 23:25:38 (+00:07:21) - src.utils.hardware.m1_memory_optimizer.M1MemoryOptimizer - INFO - 🧹 Moderate cleanup: 43 objects collected
Dec 28, 2025 23:26:24 (+00:08:06) - src.utils.hardware.m1_memory_optimizer.M1MemoryOptimizer - INFO - 🧹 Moderate cleanup: 515 objects collected
Dec 28, 2025 23:26:39 (+00:08:22) - src.utils.hardware.m1_memory_optimizer.M1MemoryOptimizer - INFO - 🧹 Moderate cleanup: 43 objects collected
Dec 28, 2025 23:27:00 (+00:08:42) - src.utils.hardware.m1_memory_optimizer.M1MemoryOptimizer - INFO - 🧹 Moderate cleanup: 79 objects collected
Dec 28, 2025 23:27:35 (+00:09:18) - src.utils.hardware.m1_memory_optimizer.M1MemoryOptimizer - INFO - 🧹 Moderate cleanup: 114 objects collected
Dec 28, 2025 23:28:07 (+00:09:49) - src.utils.hardware.m1_memory_optimizer.M1MemoryOptimizer - INFO - 🧹 Moderate cleanup: 376 objects collected
Dec 28, 2025 23:28:12 (+00:09:55) - src.utils.hardware.m1_memory_optimizer.M1MemoryOptimizer - INFO - 🧹 Moderate cleanup: 639 objects collected
Dec 28, 2025 23:28:18 (+00:10:00) - src.utils.hardware.m1_memory_optimizer.M1MemoryOptimizer - INFO - 🧹 Moderate cleanup: 621 objects collected
Dec 28, 2025 23:28:23 (+00:10:06) - src.utils.hardware.m1_memory_optimizer.M1MemoryOptimizer - INFO - 🧹 Moderate cleanup: 191 objects collected
Dec 28, 2025 23:28:29 (+00:10:11) - src.utils.hardware.unified_hardware_manager.HardwarePerformanceMonitor - WARNING - 🚨 ALERT: cpu_usage (92.8) exceeds threshold (85.0)
Dec 28, 2025 23:30:04 (+00:11:47) - src.utils.hardware.m1_memory_optimizer.M1MemoryOptimizer - INFO - 🧹 Moderate cleanup: 543 objects collected
Dec 28, 2025 23:30:20 (+00:12:03) - src.utils.hardware.m1_memory_optimizer.M1MemoryOptimizer - INFO - 🧹 Moderate cleanup: 593 objects collected
Dec 28, 2025 23:30:26 (+00:12:09) - src.utils.hardware.m1_memory_optimizer.M1MemoryOptimizer - INFO - 🧹 Moderate cleanup: 401 objects collected
Dec 28, 2025 23:30:34 (+00:12:16) - src.utils.hardware.unified_hardware_manager.HardwarePerformanceMonitor - WARNING - 🚨 ALERT: cpu_usage (100.0) exceeds threshold (85.0)
Dec 28, 2025 23:30:37 (+00:12:20) - src.utils.hardware.m1_memory_optimizer.M1MemoryOptimizer - INFO - 🧹 Moderate cleanup: 590 objects collected
Dec 28, 2025 23:30:43 (+00:12:25) - src.utils.hardware.m1_memory_optimizer.M1MemoryOptimizer - INFO - 🧹 Moderate cleanup: 16 objects collected
Dec 28, 2025 23:31:06 (+00:12:48) - src.utils.hardware.unified_hardware_manager.HardwarePerformanceMonitor - WARNING - 🚨 ALERT: cpu_usage (100.0) exceeds threshold (85.0)
Dec 28, 2025 23:31:07 (+00:12:50) - src.utils.hardware.m1_memory_optimizer.M1MemoryOptimizer - INFO - 🧹 Moderate cleanup: 492 objects collected
Dec 28, 2025 23:31:13 (+00:12:56) - src.utils.hardware.m1_memory_optimizer.M1MemoryOptimizer - INFO - 🧹 Moderate cleanup: 431 objects collected
Dec 28, 2025 23:31:30 (+00:13:12) - src.utils.hardware.m1_memory_optimizer.M1MemoryOptimizer - INFO - 🧠 M1 Memory pressure at 0.77
Dec 28, 2025 23:31:30 (+00:13:13) - src.utils.hardware.m1_memory_optimizer.M1MemoryOptimizer - INFO - 🧹 Moderate cleanup: 54 objects collected
Dec 28, 2025 23:31:36 (+00:13:18) - src.utils.hardware.m1_memory_optimizer.M1MemoryOptimizer - INFO - 🧹 Moderate cleanup: 630 objects collected
Dec 28, 2025 23:31:41 (+00:13:24) - src.utils.hardware.m1_memory_optimizer.M1MemoryOptimizer - INFO - 🧹 Moderate cleanup: 338 objects collected
Dec 28, 2025 23:31:47 (+00:13:29) - src.utils.hardware.m1_memory_optimizer.M1MemoryOptimizer - INFO - 🧹 Moderate cleanup: 627 objects collected
Dec 28, 2025 23:32:16 (+00:13:58) - src.utils.hardware.m1_memory_optimizer.M1MemoryOptimizer - INFO - 🧹 Moderate cleanup: 394 objects collected
Dec 28, 2025 23:32:21 (+00:14:04) - src.utils.hardware.m1_memory_optimizer.M1MemoryOptimizer - INFO - 🧹 Moderate cleanup: 692 objects collected
Dec 28, 2025 23:32:32 (+00:14:15) - src.utils.hardware.m1_memory_optimizer.M1MemoryOptimizer - INFO - 🧹 Moderate cleanup: 704 objects collected
Dec 28, 2025 23:32:38 (+00:14:20) - src.utils.hardware.m1_memory_optimizer.M1MemoryOptimizer - INFO - 🧹 Moderate cleanup: 255 objects collected
Dec 28, 2025 23:32:48 (+00:14:31) - src.utils.hardware.m1_memory_optimizer.M1MemoryOptimizer - INFO - 🧹 Moderate cleanup: 342 objects collected
Dec 28, 2025 23:32:54 (+00:14:36) - src.utils.hardware.m1_memory_optimizer.M1MemoryOptimizer - INFO - 🧹 Moderate cleanup: 241 objects collected
Dec 28, 2025 23:32:59 (+00:14:42) - src.utils.hardware.m1_memory_optimizer.M1MemoryOptimizer - INFO - 🧹 Moderate cleanup: 668 objects collected
Dec 28, 2025 23:33:04 (+00:14:47) - src.utils.hardware.m1_memory_optimizer.M1MemoryOptimizer - INFO - 🧹 Moderate cleanup: 668 objects collected
Dec 28, 2025 23:33:15 (+00:14:58) - src.utils.hardware.m1_memory_optimizer.M1MemoryOptimizer - INFO - 🧹 Moderate cleanup: 473 objects collected
Dec 28, 2025 23:33:20 (+00:15:03) - src.utils.hardware.m1_memory_optimizer.M1MemoryOptimizer - INFO - 🧹 Moderate cleanup: 639 objects collected
Dec 28, 2025 23:33:26 (+00:15:09) - src.utils.hardware.m1_memory_optimizer.M1MemoryOptimizer - INFO - 🧹 Moderate cleanup: 698 objects collected
Dec 28, 2025 23:33:32 (+00:15:14) - src.utils.hardware.m1_memory_optimizer.M1MemoryOptimizer - INFO - 🧹 Moderate cleanup: 275 objects collected
Dec 28, 2025 23:34:14 (+00:15:57) - src.utils.hardware.unified_hardware_manager.HardwarePerformanceMonitor - WARNING - 🚨 ALERT: cpu_usage (97.7) exceeds threshold (85.0)
Dec 28, 2025 23:34:23 (+00:16:06) - src.utils.hardware.m1_memory_optimizer.M1MemoryOptimizer - INFO - 🧹 Moderate cleanup: 35 objects collected
Dec 28, 2025 23:34:39 (+00:16:21) - src.utils.hardware.m1_memory_optimizer.M1MemoryOptimizer - INFO - 🧹 Moderate cleanup: 270 objects collected
Dec 28, 2025 23:35:15 (+00:16:57) - src.utils.hardware.m1_memory_optimizer.M1MemoryOptimizer - INFO - 🧹 Moderate cleanup: 137 objects collected
Dec 28, 2025 23:35:36 (+00:17:18) - src.utils.hardware.m1_memory_optimizer.M1MemoryOptimizer - INFO - 🧹 Moderate cleanup: 545 objects collected
Dec 28, 2025 23:35:48 (+00:17:31) - src.utils.hardware.unified_hardware_manager.HardwarePerformanceMonitor - WARNING - 🚨 ALERT: cpu_usage (97.5) exceeds threshold (85.0)
Dec 28, 2025 23:35:52 (+00:17:34) - src.utils.hardware.m1_memory_optimizer.M1MemoryOptimizer - INFO - 🧹 Moderate cleanup: 39 objects collected
Dec 28, 2025 23:36:20 (+00:18:02) - src.utils.hardware.unified_hardware_manager.HardwarePerformanceMonitor - WARNING - 🚨 ALERT: cpu_usage (96.6) exceeds threshold (85.0)
Dec 28, 2025 23:36:37 (+00:18:20) - src.utils.hardware.m1_memory_optimizer.M1MemoryOptimizer - INFO - 🧹 Moderate cleanup: 171 objects collected
Dec 28, 2025 23:39:28 (+00:21:10) - src.utils.hardware.unified_hardware_manager.HardwarePerformanceMonitor - WARNING - 🚨 ALERT: cpu_usage (100.0) exceeds threshold (85.0)
Dec 28, 2025 23:39:38 (+00:21:20) - src.utils.hardware.m1_memory_optimizer.M1MemoryOptimizer - INFO - 🧹 Moderate cleanup: 1012 objects collected
Dec 28, 2025 23:39:58 (+00:21:41) - src.utils.hardware.m1_memory_optimizer.M1MemoryOptimizer - INFO - 🧠 M1 Memory pressure at 0.76
Dec 28, 2025 23:40:00 (+00:21:43) - src.utils.hardware.unified_hardware_manager.HardwarePerformanceMonitor - WARNING - 🚨 ALERT: cpu_usage (98.3) exceeds threshold (85.0)
Dec 28, 2025 23:40:39 (+00:22:22) - src.utils.hardware.m1_memory_optimizer.M1MemoryOptimizer - INFO - 🧹 Moderate cleanup: 77 objects collected
Dec 28, 2025 23:40:39 (+00:22:22) - src.utils.hardware.unified_hardware_manager.HardwarePerformanceMonitor - WARNING - 🚨 ALERT: cpu_usage (98.5) exceeds threshold (85.0)
Dec 28, 2025 23:40:48 (+00:22:31) - src.utils.hardware.m1_memory_optimizer.M1MemoryOptimizer - INFO - 🧹 Moderate cleanup: 63 objects collected
Dec 28, 2025 23:41:22 (+00:23:05) - src.utils.hardware.unified_hardware_manager.HardwarePerformanceMonitor - WARNING - 🚨 ALERT: cpu_usage (100.0) exceeds threshold (85.0)
Dec 28, 2025 23:41:47 (+00:23:30) - src.utils.hardware.m1_memory_optimizer.M1MemoryOptimizer - INFO - 🧹 Moderate cleanup: 54 objects collected
Dec 28, 2025 23:41:57 (+00:23:40) - src.utils.hardware.unified_hardware_manager.HardwarePerformanceMonitor - WARNING - 🚨 ALERT: cpu_usage (98.4) exceeds threshold (85.0)
Dec 28, 2025 23:42:32 (+00:24:14) - src.utils.hardware.unified_hardware_manager.HardwarePerformanceMonitor - WARNING - 🚨 ALERT: cpu_usage (100.0) exceeds threshold (85.0)
Dec 28, 2025 23:43:03 (+00:24:46) - src.utils.hardware.unified_hardware_manager.HardwarePerformanceMonitor - WARNING - 🚨 ALERT: cpu_usage (100.0) exceeds threshold (85.0)
Dec 28, 2025 23:43:09 (+00:24:52) - src.utils.hardware.m1_memory_optimizer.M1MemoryOptimizer - INFO - 🧠 M1 Memory pressure at 0.78
Dec 28, 2025 23:43:33 (+00:25:16) - src.utils.hardware.m1_memory_optimizer.M1MemoryOptimizer - INFO - 🧹 Moderate cleanup: 101 objects collected
Dec 28, 2025 23:43:36 (+00:25:18) - src.utils.hardware.unified_hardware_manager.HardwarePerformanceMonitor - WARNING - 🚨 ALERT: cpu_usage (100.0) exceeds threshold (85.0)
Dec 28, 2025 23:43:42 (+00:25:24) - src.utils.hardware.m1_memory_optimizer.M1MemoryOptimizer - INFO - 🧹 Moderate cleanup: 629 objects collected
Dec 28, 2025 23:43:48 (+00:25:31) - src.utils.hardware.m1_memory_optimizer.M1MemoryOptimizer - INFO - 🧹 Moderate cleanup: 177 objects collected
Dec 28, 2025 23:43:55 (+00:25:38) - src.utils.hardware.m1_memory_optimizer.M1MemoryOptimizer - INFO - 🧹 Moderate cleanup: 317 objects collected
Dec 28, 2025 23:44:03 (+00:25:45) - src.utils.hardware.m1_memory_optimizer.M1MemoryOptimizer - INFO - 🧹 Moderate cleanup: 236 objects collected
Dec 28, 2025 23:44:11 (+00:25:53) - src.utils.hardware.m1_memory_optimizer.M1MemoryOptimizer - INFO - 🧹 Moderate cleanup: 571 objects collected
Dec 28, 2025 23:44:11 (+00:25:53) - src.utils.hardware.unified_hardware_manager.HardwarePerformanceMonitor - WARNING - 🚨 ALERT: cpu_usage (100.0) exceeds threshold (85.0)
Dec 28, 2025 23:47:50 (+00:29:33) - src.utils.hardware.unified_hardware_manager.HardwarePerformanceMonitor - WARNING - 🚨 ALERT: cpu_usage (88.9) exceeds threshold (85.0)
Dec 28, 2025 23:49:53 (+00:31:36) - src.utils.hardware.m1_memory_optimizer.M1MemoryOptimizer - INFO - 🧹 Moderate cleanup: 844 objects collected
Dec 28, 2025 23:50:02 (+00:31:44) - src.utils.hardware.m1_memory_optimizer.M1MemoryOptimizer - INFO - 🧹 Moderate cleanup: 271 objects collected
Dec 28, 2025 23:50:08 (+00:31:51) - src.utils.hardware.m1_memory_optimizer.M1MemoryOptimizer - INFO - 🧹 Moderate cleanup: 94 objects collected
Dec 28, 2025 23:50:28 (+00:32:10) - src.utils.hardware.unified_hardware_manager.HardwarePerformanceMonitor - WARNING - 🚨 ALERT: cpu_usage (99.6) exceeds threshold (85.0)
Dec 28, 2025 23:50:59 (+00:32:42) - src.utils.hardware.unified_hardware_manager.HardwarePerformanceMonitor - WARNING - 🚨 ALERT: cpu_usage (99.8) exceeds threshold (85.0)
Dec 28, 2025 23:51:43 (+00:33:26) - src.utils.hardware.m1_memory_optimizer.M1MemoryOptimizer - INFO - 🧹 Moderate cleanup: 109 objects collected
Dec 28, 2025 23:51:48 (+00:33:31) - src.utils.hardware.m1_memory_optimizer.M1MemoryOptimizer - INFO - 🧠 M1 Memory pressure at 0.76
Dec 28, 2025 23:52:00 (+00:33:42) - src.utils.hardware.m1_memory_optimizer.M1MemoryOptimizer - INFO - 🧹 Moderate cleanup: 54 objects collected
Dec 28, 2025 23:55:41 (+00:37:24) - src.utils.hardware.unified_hardware_manager.HardwarePerformanceMonitor - WARNING - 🚨 ALERT: cpu_usage (95.6) exceeds threshold (85.0)
Dec 28, 2025 23:55:43 (+00:37:26) - src.utils.hardware.m1_memory_optimizer.M1MemoryOptimizer - INFO - 🧹 Moderate cleanup: 578 objects collected
Dec 28, 2025 23:57:29 (+00:39:11) - src.utils.hardware.m1_memory_optimizer.M1MemoryOptimizer - INFO - 🧹 Moderate cleanup: 802 objects collected
Dec 28, 2025 23:57:47 (+00:39:29) - src.utils.hardware.unified_hardware_manager.HardwarePerformanceMonitor - WARNING - 🚨 ALERT: cpu_usage (99.8) exceeds threshold (85.0)
Dec 28, 2025 23:59:25 (+00:41:07) - src.utils.hardware.m1_memory_optimizer.M1MemoryOptimizer - INFO - 🧹 Moderate cleanup: 339 objects collected
Dec 28, 2025 23:59:42 (+00:41:24) - src.utils.hardware.m1_memory_optimizer.M1MemoryOptimizer - INFO - 🧹 Moderate cleanup: 54 objects collected
Dec 28, 2025 23:59:52 (+00:41:35) - src.utils.hardware.unified_hardware_manager.HardwarePerformanceMonitor - WARNING - 🚨 ALERT: cpu_usage (99.4) exceeds threshold (85.0)
Dec 28, 2025 23:59:59 (+00:41:41) - src.utils.hardware.m1_memory_optimizer.M1MemoryOptimizer - INFO - 🧠 M1 Memory pressure at 0.76
Dec 29, 2025 00:00:00 (+00:41:43) - src.utils.hardware.m1_memory_optimizer.M1MemoryOptimizer - INFO - 🧹 Moderate cleanup: 439 objects collected
Dec 29, 2025 00:00:06 (+00:41:48) - src.utils.hardware.m1_memory_optimizer.M1MemoryOptimizer - INFO - 🧹 Moderate cleanup: 367 objects collected
Dec 29, 2025 00:00:23 (+00:42:06) - src.utils.hardware.unified_hardware_manager.HardwarePerformanceMonitor - WARNING - 🚨 ALERT: cpu_usage (100.0) exceeds threshold (85.0)
Dec 29, 2025 00:00:39 (+00:42:22) - src.utils.hardware.m1_memory_optimizer.M1MemoryOptimizer - INFO - 🧹 Moderate cleanup: 491 objects collected
Dec 29, 2025 00:00:45 (+00:42:28) - src.utils.hardware.m1_memory_optimizer.M1MemoryOptimizer - INFO - 🧹 Moderate cleanup: 471 objects collected
Dec 29, 2025 00:00:55 (+00:42:37) - src.utils.hardware.unified_hardware_manager.HardwarePerformanceMonitor - WARNING - 🚨 ALERT: cpu_usage (100.0) exceeds threshold (85.0)
Dec 29, 2025 00:01:22 (+00:43:05) - src.utils.hardware.m1_memory_optimizer.M1MemoryOptimizer - INFO - 🧹 Moderate cleanup: 656 objects collected
Dec 29, 2025 00:01:26 (+00:43:09) - src.utils.hardware.unified_hardware_manager.HardwarePerformanceMonitor - WARNING - 🚨 ALERT: cpu_usage (100.0) exceeds threshold (85.0)
Dec 29, 2025 00:01:28 (+00:43:11) - src.utils.hardware.m1_memory_optimizer.M1MemoryOptimizer - INFO - 🧹 Moderate cleanup: 303 objects collected
Dec 29, 2025 00:02:00 (+00:43:43) - src.utils.hardware.unified_hardware_manager.HardwarePerformanceMonitor - WARNING - 🚨 ALERT: cpu_usage (100.0) exceeds threshold (85.0)
Dec 29, 2025 00:02:07 (+00:43:49) - src.utils.hardware.m1_memory_optimizer.M1MemoryOptimizer - INFO - 🧹 Moderate cleanup: 614 objects collected
Dec 29, 2025 00:02:18 (+00:44:01) - src.utils.hardware.m1_memory_optimizer.M1MemoryOptimizer - INFO - 🧹 Moderate cleanup: 529 objects collected
Dec 29, 2025 00:02:25 (+00:44:08) - src.utils.hardware.m1_memory_optimizer.M1MemoryOptimizer - INFO - 🧹 Moderate cleanup: 40 objects collected
Dec 29, 2025 00:02:33 (+00:44:16) - src.utils.hardware.m1_memory_optimizer.M1MemoryOptimizer - INFO - 🧹 Moderate cleanup: 429 objects collected
Dec 29, 2025 00:02:35 (+00:44:18) - src.utils.hardware.unified_hardware_manager.HardwarePerformanceMonitor - WARNING - 🚨 ALERT: cpu_usage (100.0) exceeds threshold (85.0)
Dec 29, 2025 00:02:38 (+00:44:21) - src.utils.hardware.m1_memory_optimizer.M1MemoryOptimizer - INFO - 🧠 M1 Memory pressure at 0.83
Dec 29, 2025 00:02:52 (+00:44:35) - src.utils.hardware.m1_memory_optimizer.M1MemoryOptimizer - INFO - 🧹 Moderate cleanup: 427 objects collected
Dec 29, 2025 00:03:02 (+00:44:45) - src.utils.hardware.m1_memory_optimizer.M1MemoryOptimizer - INFO - 🧹 Moderate cleanup: 103 objects collected
Dec 29, 2025 00:03:16 (+00:44:58) - src.utils.hardware.m1_memory_optimizer.M1MemoryOptimizer - INFO - 🧹 Moderate cleanup: 282 objects collected
Dec 29, 2025 00:03:16 (+00:44:58) - src.utils.hardware.unified_hardware_manager.HardwarePerformanceMonitor - WARNING - 🚨 ALERT: cpu_usage (100.0) exceeds threshold (85.0)
Dec 29, 2025 00:03:24 (+00:45:07) - src.utils.hardware.m1_memory_optimizer.M1MemoryOptimizer - INFO - 🧹 Moderate cleanup: 186 objects collected
Dec 29, 2025 00:03:37 (+00:45:20) - src.utils.hardware.m1_memory_optimizer.M1MemoryOptimizer - INFO - 🧹 Moderate cleanup: 102 objects collected
Dec 29, 2025 00:03:53 (+00:45:35) - src.utils.hardware.m1_memory_optimizer.M1MemoryOptimizer - INFO - 🧹 Moderate cleanup: 415 objects collected
Dec 29, 2025 00:03:56 (+00:45:39) - src.utils.hardware.unified_hardware_manager.HardwarePerformanceMonitor - WARNING - 🚨 ALERT: cpu_usage (100.0) exceeds threshold (85.0)
Dec 29, 2025 00:04:06 (+00:45:48) - src.utils.hardware.m1_memory_optimizer.M1MemoryOptimizer - INFO - 🧹 Moderate cleanup: 250 objects collected
Dec 29, 2025 00:04:12 (+00:45:54) - src.utils.hardware.m1_memory_optimizer.M1MemoryOptimizer - INFO - 🧹 Moderate cleanup: 403 objects collected
Dec 29, 2025 00:04:28 (+00:46:10) - src.utils.hardware.unified_hardware_manager.HardwarePerformanceMonitor - WARNING - 🚨 ALERT: cpu_usage (100.0) exceeds threshold (85.0)
Dec 29, 2025 00:04:42 (+00:46:25) - src.utils.hardware.m1_memory_optimizer.M1MemoryOptimizer - INFO - 🧹 Moderate cleanup: 49 objects collected
Dec 29, 2025 00:04:49 (+00:46:31) - src.utils.hardware.m1_memory_optimizer.M1MemoryOptimizer - INFO - 🧹 Moderate cleanup: 438 objects collected
Dec 29, 2025 00:04:55 (+00:46:38) - src.utils.hardware.m1_memory_optimizer.M1MemoryOptimizer - INFO - 🧹 Moderate cleanup: 637 objects collected
Dec 29, 2025 00:04:59 (+00:46:42) - src.utils.hardware.unified_hardware_manager.HardwarePerformanceMonitor - WARNING - 🚨 ALERT: cpu_usage (100.0) exceeds threshold (85.0)
Dec 29, 2025 00:05:01 (+00:46:44) - src.utils.hardware.m1_memory_optimizer.M1MemoryOptimizer - INFO - 🧹 Moderate cleanup: 28 objects collected
Dec 29, 2025 00:05:07 (+00:46:50) - src.utils.hardware.m1_memory_optimizer.M1MemoryOptimizer - INFO - 🧹 Moderate cleanup: 394 objects collected
Dec 29, 2025 00:05:13 (+00:46:56) - src.utils.hardware.m1_memory_optimizer.M1MemoryOptimizer - INFO - 🧹 Moderate cleanup: 676 objects collected
Dec 29, 2025 00:05:18 (+00:47:01) - src.utils.hardware.m1_memory_optimizer.M1MemoryOptimizer - INFO - 🧹 Moderate cleanup: 459 objects collected
Dec 29, 2025 00:05:24 (+00:47:07) - src.utils.hardware.m1_memory_optimizer.M1MemoryOptimizer - INFO - 🧹 Moderate cleanup: 139 objects collected
Dec 29, 2025 00:05:31 (+00:47:14) - src.utils.hardware.unified_hardware_manager.HardwarePerformanceMonitor - WARNING - 🚨 ALERT: cpu_usage (100.0) exceeds threshold (85.0)
Dec 29, 2025 00:05:56 (+00:47:39) - src.utils.hardware.m1_memory_optimizer.M1MemoryOptimizer - INFO - 🧠 M1 Memory pressure at 0.79
Dec 29, 2025 00:05:57 (+00:47:39) - src.utils.hardware.m1_memory_optimizer.M1MemoryOptimizer - INFO - 🧹 Moderate cleanup: 645 objects collected
Dec 29, 2025 00:06:03 (+00:47:45) - src.utils.hardware.m1_memory_optimizer.M1MemoryOptimizer - INFO - 🧹 Moderate cleanup: 291 objects collected
Dec 29, 2025 00:06:03 (+00:47:46) - src.utils.hardware.unified_hardware_manager.HardwarePerformanceMonitor - WARNING - 🚨 ALERT: cpu_usage (100.0) exceeds threshold (85.0)
Dec 29, 2025 00:06:33 (+00:48:15) - src.utils.hardware.m1_memory_optimizer.M1MemoryOptimizer - INFO - 🧹 Moderate cleanup: 495 objects collected
Dec 29, 2025 00:06:34 (+00:48:17) - src.utils.hardware.unified_hardware_manager.HardwarePerformanceMonitor - WARNING - 🚨 ALERT: cpu_usage (100.0) exceeds threshold (85.0)
Dec 29, 2025 00:06:39 (+00:48:21) - src.utils.hardware.m1_memory_optimizer.M1MemoryOptimizer - INFO - 🧹 Moderate cleanup: 439 objects collected
Dec 29, 2025 00:06:45 (+00:48:28) - src.utils.hardware.m1_memory_optimizer.M1MemoryOptimizer - INFO - 🧹 Moderate cleanup: 549 objects collected
Dec 29, 2025 00:06:52 (+00:48:35) - src.utils.hardware.m1_memory_optimizer.M1MemoryOptimizer - INFO - 🧹 Moderate cleanup: 411 objects collected
Dec 29, 2025 00:07:06 (+00:48:49) - src.utils.hardware.unified_hardware_manager.HardwarePerformanceMonitor - WARNING - 🚨 ALERT: cpu_usage (100.0) exceeds threshold (85.0)
Dec 29, 2025 00:07:17 (+00:48:59) - src.utils.hardware.m1_memory_optimizer.M1MemoryOptimizer - INFO - 🧹 Moderate cleanup: 249 objects collected
Dec 29, 2025 00:07:27 (+00:49:09) - src.utils.hardware.m1_memory_optimizer.M1MemoryOptimizer - INFO - 🧹 Moderate cleanup: 645 objects collected
Dec 29, 2025 00:07:37 (+00:49:20) - src.utils.hardware.m1_memory_optimizer.M1MemoryOptimizer - INFO - 🧹 Moderate cleanup: 90 objects collected
Dec 29, 2025 00:07:38 (+00:49:20) - src.utils.hardware.unified_hardware_manager.HardwarePerformanceMonitor - WARNING - 🚨 ALERT: cpu_usage (100.0) exceeds threshold (85.0)
Dec 29, 2025 00:08:09 (+00:49:52) - src.utils.hardware.unified_hardware_manager.HardwarePerformanceMonitor - WARNING - 🚨 ALERT: cpu_usage (100.0) exceeds threshold (85.0)
Dec 29, 2025 00:08:14 (+00:49:56) - src.utils.hardware.m1_memory_optimizer.M1MemoryOptimizer - INFO - 🧠 M1 Memory pressure at 0.75
Dec 29, 2025 00:08:15 (+00:49:57) - src.utils.hardware.m1_memory_optimizer.M1MemoryOptimizer - INFO - 🧹 Moderate cleanup: 43 objects collected
Dec 29, 2025 00:08:41 (+00:50:23) - src.utils.hardware.unified_hardware_manager.HardwarePerformanceMonitor - WARNING - 🚨 ALERT: cpu_usage (100.0) exceeds threshold (85.0)
Dec 29, 2025 00:09:00 (+00:50:43) - src.utils.hardware.m1_memory_optimizer.M1MemoryOptimizer - INFO - 🧹 Moderate cleanup: 436 objects collected
Dec 29, 2025 00:09:05 (+00:50:48) - src.utils.hardware.m1_memory_optimizer.M1MemoryOptimizer - INFO - 🧹 Moderate cleanup: 431 objects collected
Dec 29, 2025 00:09:12 (+00:50:54) - src.utils.hardware.unified_hardware_manager.HardwarePerformanceMonitor - WARNING - 🚨 ALERT: cpu_usage (100.0) exceeds threshold (85.0)
Dec 29, 2025 00:09:43 (+00:51:26) - src.utils.hardware.unified_hardware_manager.HardwarePerformanceMonitor - WARNING - 🚨 ALERT: cpu_usage (100.0) exceeds threshold (85.0)
Dec 29, 2025 00:10:15 (+00:51:57) - src.utils.hardware.unified_hardware_manager.HardwarePerformanceMonitor - WARNING - 🚨 ALERT: cpu_usage (100.0) exceeds threshold (85.0)
Dec 29, 2025 00:10:47 (+00:52:30) - src.utils.hardware.unified_hardware_manager.HardwarePerformanceMonitor - WARNING - 🚨 ALERT: cpu_usage (100.0) exceeds threshold (85.0)
Dec 29, 2025 00:10:47 (+00:52:30) - src.utils.hardware.m1_memory_optimizer.M1MemoryOptimizer - INFO - 🧹 Moderate cleanup: 689 objects collected
Dec 29, 2025 00:10:52 (+00:52:35) - src.utils.hardware.m1_memory_optimizer.M1MemoryOptimizer - INFO - 🧹 Moderate cleanup: 283 objects collected
Dec 29, 2025 00:11:22 (+00:53:04) - src.utils.hardware.unified_hardware_manager.HardwarePerformanceMonitor - WARNING - 🚨 ALERT: cpu_usage (100.0) exceeds threshold (85.0)
Dec 29, 2025 00:11:35 (+00:53:18) - src.utils.hardware.m1_memory_optimizer.M1MemoryOptimizer - INFO - 🧹 Moderate cleanup: 724 objects collected
Dec 29, 2025 00:11:42 (+00:53:24) - src.utils.hardware.m1_memory_optimizer.M1MemoryOptimizer - INFO - 🧹 Moderate cleanup: 211 objects collected
Dec 29, 2025 00:11:53 (+00:53:36) - src.utils.hardware.unified_hardware_manager.HardwarePerformanceMonitor - WARNING - 🚨 ALERT: cpu_usage (100.0) exceeds threshold (85.0)
Dec 29, 2025 00:12:25 (+00:54:08) - src.utils.hardware.unified_hardware_manager.HardwarePerformanceMonitor - WARNING - 🚨 ALERT: cpu_usage (100.0) exceeds threshold (85.0)
Dec 29, 2025 00:12:34 (+00:54:17) - src.utils.hardware.m1_memory_optimizer.M1MemoryOptimizer - INFO - 🧹 Moderate cleanup: 437 objects collected
Dec 29, 2025 00:12:50 (+00:54:33) - src.utils.hardware.m1_memory_optimizer.M1MemoryOptimizer - INFO - 🧹 Moderate cleanup: 28 objects collected
Dec 29, 2025 00:12:57 (+00:54:39) - src.utils.hardware.unified_hardware_manager.HardwarePerformanceMonitor - WARNING - 🚨 ALERT: cpu_usage (100.0) exceeds threshold (85.0)
Dec 29, 2025 00:13:29 (+00:55:11) - src.utils.hardware.unified_hardware_manager.HardwarePerformanceMonitor - WARNING - 🚨 ALERT: cpu_usage (100.0) exceeds threshold (85.0)
Dec 29, 2025 00:13:41 (+00:55:24) - src.utils.hardware.m1_memory_optimizer.M1MemoryOptimizer - INFO - 🧹 Moderate cleanup: 39 objects collected
Dec 29, 2025 00:13:47 (+00:55:30) - src.utils.hardware.m1_memory_optimizer.M1MemoryOptimizer - INFO - 🧹 Moderate cleanup: 136 objects collected
Dec 29, 2025 00:13:53 (+00:55:36) - src.utils.hardware.m1_memory_optimizer.M1MemoryOptimizer - INFO - 🧹 Moderate cleanup: 219 objects collected
Dec 29, 2025 00:14:00 (+00:55:43) - src.utils.hardware.unified_hardware_manager.HardwarePerformanceMonitor - WARNING - 🚨 ALERT: cpu_usage (100.0) exceeds threshold (85.0)
Dec 29, 2025 00:14:25 (+00:56:08) - src.utils.hardware.m1_memory_optimizer.M1MemoryOptimizer - INFO - 🧹 Moderate cleanup: 43 objects collected
Dec 29, 2025 00:14:32 (+00:56:14) - src.utils.hardware.unified_hardware_manager.HardwarePerformanceMonitor - WARNING - 🚨 ALERT: cpu_usage (100.0) exceeds threshold (85.0)
Dec 29, 2025 00:15:07 (+00:56:49) - src.utils.hardware.unified_hardware_manager.HardwarePerformanceMonitor - WARNING - 🚨 ALERT: cpu_usage (100.0) exceeds threshold (85.0)
Dec 29, 2025 00:15:16 (+00:56:59) - src.utils.hardware.m1_memory_optimizer.M1MemoryOptimizer - INFO - 🧠 M1 Memory pressure at 0.77
Dec 29, 2025 00:15:17 (+00:57:00) - src.utils.hardware.m1_memory_optimizer.M1MemoryOptimizer - INFO - 🧹 Moderate cleanup: 201 objects collected
Dec 29, 2025 00:15:22 (+00:57:05) - src.utils.hardware.m1_memory_optimizer.M1MemoryOptimizer - INFO - 🧹 Moderate cleanup: 673 objects collected
Dec 29, 2025 00:15:28 (+00:57:11) - src.utils.hardware.m1_memory_optimizer.M1MemoryOptimizer - INFO - 🧹 Moderate cleanup: 167 objects collected
Dec 29, 2025 00:15:39 (+00:57:21) - src.utils.hardware.unified_hardware_manager.HardwarePerformanceMonitor - WARNING - 🚨 ALERT: cpu_usage (100.0) exceeds threshold (85.0)
Dec 29, 2025 00:16:11 (+00:57:53) - src.utils.hardware.unified_hardware_manager.HardwarePerformanceMonitor - WARNING - 🚨 ALERT: cpu_usage (100.0) exceeds threshold (85.0)
Dec 29, 2025 00:16:22 (+00:58:04) - src.utils.hardware.m1_memory_optimizer.M1MemoryOptimizer - INFO - 🧹 Moderate cleanup: 590 objects collected
Dec 29, 2025 00:16:28 (+00:58:11) - src.utils.hardware.m1_memory_optimizer.M1MemoryOptimizer - INFO - 🧹 Moderate cleanup: 363 objects collected
Dec 29, 2025 00:16:43 (+00:58:25) - src.utils.hardware.unified_hardware_manager.HardwarePerformanceMonitor - WARNING - 🚨 ALERT: cpu_usage (100.0) exceeds threshold (85.0)
Dec 29, 2025 00:17:14 (+00:58:57) - src.utils.hardware.unified_hardware_manager.HardwarePerformanceMonitor - WARNING - 🚨 ALERT: cpu_usage (100.0) exceeds threshold (85.0)
Dec 29, 2025 00:17:18 (+00:59:01) - src.utils.hardware.m1_memory_optimizer.M1MemoryOptimizer - INFO - 🧹 Moderate cleanup: 536 objects collected
Dec 29, 2025 00:17:26 (+00:59:09) - src.utils.hardware.m1_memory_optimizer.M1MemoryOptimizer - INFO - 🧹 Moderate cleanup: 58 objects collected
Dec 29, 2025 00:17:32 (+00:59:14) - src.utils.hardware.m1_memory_optimizer.M1MemoryOptimizer - INFO - 🧹 Moderate cleanup: 525 objects collected
Dec 29, 2025 00:17:49 (+00:59:31) - src.utils.hardware.unified_hardware_manager.HardwarePerformanceMonitor - WARNING - 🚨 ALERT: cpu_usage (100.0) exceeds threshold (85.0)
Dec 29, 2025 00:18:13 (+00:59:56) - src.utils.hardware.m1_memory_optimizer.M1MemoryOptimizer - INFO - 🧠 M1 Memory pressure at 0.80
Dec 29, 2025 00:18:21 (+01:00:03) - src.utils.hardware.unified_hardware_manager.HardwarePerformanceMonitor - WARNING - 🚨 ALERT: cpu_usage (100.0) exceeds threshold (85.0)
Dec 29, 2025 00:18:53 (+01:00:35) - src.utils.hardware.unified_hardware_manager.HardwarePerformanceMonitor - WARNING - 🚨 ALERT: cpu_usage (100.0) exceeds threshold (85.0)
Dec 29, 2025 00:18:58 (+01:00:41) - src.utils.hardware.m1_memory_optimizer.M1MemoryOptimizer - INFO - 🧹 Moderate cleanup: 19 objects collected
Dec 29, 2025 00:19:05 (+01:00:47) - src.utils.hardware.m1_memory_optimizer.M1MemoryOptimizer - INFO - 🧹 Moderate cleanup: 415 objects collected
Dec 29, 2025 00:19:13 (+01:00:55) - src.utils.hardware.m1_memory_optimizer.M1MemoryOptimizer - INFO - 🧹 Moderate cleanup: 485 objects collected
Dec 29, 2025 00:19:26 (+01:01:08) - src.utils.hardware.unified_hardware_manager.HardwarePerformanceMonitor - WARNING - 🚨 ALERT: cpu_usage (100.0) exceeds threshold (85.0)
Dec 29, 2025 00:20:00 (+01:01:43) - src.utils.hardware.unified_hardware_manager.HardwarePerformanceMonitor - WARNING - 🚨 ALERT: cpu_usage (100.0) exceeds threshold (85.0)
Dec 29, 2025 00:20:40 (+01:02:23) - src.utils.hardware.unified_hardware_manager.HardwarePerformanceMonitor - WARNING - 🚨 ALERT: cpu_usage (100.0) exceeds threshold (85.0)
Dec 29, 2025 00:21:13 (+01:02:55) - src.utils.hardware.unified_hardware_manager.HardwarePerformanceMonitor - WARNING - 🚨 ALERT: cpu_usage (100.0) exceeds threshold (85.0)
Dec 29, 2025 00:21:21 (+01:03:03) - src.utils.hardware.m1_memory_optimizer.M1MemoryOptimizer - INFO - 🧠 M1 Memory pressure at 0.81
Dec 29, 2025 00:21:45 (+01:03:27) - src.utils.hardware.unified_hardware_manager.HardwarePerformanceMonitor - WARNING - 🚨 ALERT: cpu_usage (100.0) exceeds threshold (85.0)
Dec 29, 2025 00:22:21 (+01:04:04) - src.utils.hardware.unified_hardware_manager.HardwarePerformanceMonitor - WARNING - 🚨 ALERT: cpu_usage (100.0) exceeds threshold (85.0)
Dec 29, 2025 00:22:53 (+01:04:36) - src.utils.hardware.unified_hardware_manager.HardwarePerformanceMonitor - WARNING - 🚨 ALERT: cpu_usage (100.0) exceeds threshold (85.0)
Dec 29, 2025 00:23:03 (+01:04:46) - src.utils.hardware.m1_memory_optimizer.M1MemoryOptimizer - INFO - 🧹 Moderate cleanup: 35 objects collected
Dec 29, 2025 00:23:25 (+01:05:07) - src.utils.hardware.unified_hardware_manager.HardwarePerformanceMonitor - WARNING - 🚨 ALERT: cpu_usage (100.0) exceeds threshold (85.0)
Dec 29, 2025 00:23:55 (+01:05:37) - src.utils.hardware.m1_memory_optimizer.M1MemoryOptimizer - INFO - 🧹 Moderate cleanup: 296 objects collected
Dec 29, 2025 00:23:56 (+01:05:39) - src.utils.hardware.unified_hardware_manager.HardwarePerformanceMonitor - WARNING - 🚨 ALERT: cpu_usage (100.0) exceeds threshold (85.0)
Dec 29, 2025 00:24:02 (+01:05:45) - src.utils.hardware.m1_memory_optimizer.M1MemoryOptimizer - INFO - 🧹 Moderate cleanup: 491 objects collected
Dec 29, 2025 00:24:07 (+01:05:50) - src.utils.hardware.m1_memory_optimizer.M1MemoryOptimizer - INFO - 🧠 M1 Memory pressure at 0.80
Dec 29, 2025 00:24:08 (+01:05:51) - src.utils.hardware.m1_memory_optimizer.M1MemoryOptimizer - INFO - 🧹 Moderate cleanup: 229 objects collected
Dec 29, 2025 00:24:28 (+01:06:11) - src.utils.hardware.unified_hardware_manager.HardwarePerformanceMonitor - WARNING - 🚨 ALERT: cpu_usage (100.0) exceeds threshold (85.0)
Dec 29, 2025 00:25:01 (+01:06:43) - src.utils.hardware.unified_hardware_manager.HardwarePerformanceMonitor - WARNING - 🚨 ALERT: cpu_usage (100.0) exceeds threshold (85.0)
Dec 29, 2025 00:25:46 (+01:07:29) - src.utils.hardware.unified_hardware_manager.HardwarePerformanceMonitor - WARNING - 🚨 ALERT: cpu_usage (100.0) exceeds threshold (85.0)
Dec 29, 2025 00:26:24 (+01:08:07) - src.utils.hardware.unified_hardware_manager.HardwarePerformanceMonitor - WARNING - 🚨 ALERT: cpu_usage (100.0) exceeds threshold (85.0)
Dec 29, 2025 00:26:46 (+01:08:29) - src.utils.hardware.m1_memory_optimizer.M1MemoryOptimizer - INFO - 🧹 Moderate cleanup: 295 objects collected
Dec 29, 2025 00:26:53 (+01:08:35) - src.utils.hardware.m1_memory_optimizer.M1MemoryOptimizer - INFO - 🧹 Moderate cleanup: 380 objects collected
Dec 29, 2025 00:26:56 (+01:08:39) - src.utils.hardware.unified_hardware_manager.HardwarePerformanceMonitor - WARNING - 🚨 ALERT: cpu_usage (100.0) exceeds threshold (85.0)
Dec 29, 2025 00:26:59 (+01:08:42) - src.utils.hardware.m1_memory_optimizer.M1MemoryOptimizer - INFO - 🧹 Moderate cleanup: 518 objects collected
Dec 29, 2025 00:27:05 (+01:08:48) - src.utils.hardware.m1_memory_optimizer.M1MemoryOptimizer - INFO - 🧹 Moderate cleanup: 187 objects collected
Dec 29, 2025 00:27:28 (+01:09:10) - src.utils.hardware.unified_hardware_manager.HardwarePerformanceMonitor - WARNING - 🚨 ALERT: cpu_usage (100.0) exceeds threshold (85.0)
Dec 29, 2025 00:27:52 (+01:09:34) - src.utils.hardware.m1_memory_optimizer.M1MemoryOptimizer - INFO - 🧠 M1 Memory pressure at 0.77
Dec 29, 2025 00:27:59 (+01:09:42) - src.utils.hardware.unified_hardware_manager.HardwarePerformanceMonitor - WARNING - 🚨 ALERT: cpu_usage (100.0) exceeds threshold (85.0)
Dec 29, 2025 00:28:41 (+01:10:24) - src.utils.hardware.unified_hardware_manager.HardwarePerformanceMonitor - WARNING - 🚨 ALERT: cpu_usage (100.0) exceeds threshold (85.0)
Dec 29, 2025 00:29:31 (+01:11:13) - src.utils.hardware.unified_hardware_manager.HardwarePerformanceMonitor - WARNING - 🚨 ALERT: cpu_usage (100.0) exceeds threshold (85.0)
Dec 29, 2025 00:30:11 (+01:11:53) - src.utils.hardware.unified_hardware_manager.HardwarePerformanceMonitor - WARNING - 🚨 ALERT: cpu_usage (100.0) exceeds threshold (85.0)
Dec 29, 2025 00:31:13 (+01:12:56) - src.utils.hardware.unified_hardware_manager.HardwarePerformanceMonitor - WARNING - 🚨 ALERT: cpu_usage (100.0) exceeds threshold (85.0)
Dec 29, 2025 00:31:52 (+01:13:34) - src.utils.hardware.unified_hardware_manager.HardwarePerformanceMonitor - WARNING - 🚨 ALERT: cpu_usage (100.0) exceeds threshold (85.0)
Dec 29, 2025 00:32:17 (+01:14:00) - ares.registry - INFO - Registered step: data_download
