Dec 29, 2025 01:14:28 (+00:00:00) - DataQualityFramework - INFO - ✅ Comprehensive duplicate analyzer integrated
Dec 29, 2025 01:14:28 (+00:00:00) - DataQualityFramework - INFO - 🔧 Unified Data Quality Framework initialized (singleton)
Dec 29, 2025 01:14:28 (+00:00:00) - DataCleaner - INFO - Using klines-specific gap thresholds: {<GapType.SMALL: 'small'>: 65, <GapType.MEDIUM: 'medium'>: 300, <GapType.LARGE: 'large'>: 1800, <GapType.CRITICAL: 'critical'>: 3600}
Dec 29, 2025 01:14:28 (+00:00:00) - DataCleaner - INFO - Using klines-specific gap thresholds: {<GapType.SMALL: 'small'>: 65, <GapType.MEDIUM: 'medium'>: 300, <GapType.LARGE: 'large'>: 1800, <GapType.CRITICAL: 'critical'>: 3600}
Dec 29, 2025 01:14:28 (+00:00:00) - DataCleanerManager - INFO - 🔧 DataCleanerManager initialized (singleton)
Dec 29, 2025 01:14:28 (+00:00:00) - System.AdvancedQualityMetrics - INFO - 📊 AdvancedQualityMetrics initialized with tolerant parameters
Dec 29, 2025 01:14:28 (+00:00:00) - System.DataStreamingManager - INFO - 🚀 DataStreamingManager initialized (singleton): chunk_size=10000, memory_threshold=0.8
Dec 29, 2025 01:14:28 (+00:00:00) - System.CrossStepValidator - INFO - 🔍 CrossStepValidator initialized with comprehensive consistency rules
Dec 29, 2025 01:14:28 (+00:00:00) - DataCleaner - INFO - Using klines-specific gap thresholds: {<GapType.SMALL: 'small'>: 65, <GapType.MEDIUM: 'medium'>: 300, <GapType.LARGE: 'large'>: 1800, <GapType.CRITICAL: 'critical'>: 3600}
Dec 29, 2025 01:14:28 (+00:00:00) - System.UnifiedDataUtils - INFO - 🚀 Unified Data Utils initialized
Dec 29, 2025 01:14:28 (+00:00:00) - utils.hardware.m1_gpu_utils.M1GPUManager - INFO - M1 GPU Manager initialized - M1: True, Generation: m1, MPS: True
Dec 29, 2025 01:14:28 (+00:00:00) - utils.hardware.m1_cpu_optimizer.M1CPUOptimizer - INFO - 🧠 M1 CPU Optimizer initialized for M1 (4P+4E cores)
Dec 29, 2025 01:14:28 (+00:00:00) - utils.matrix_operations.enhanced_operations.CustomMatrixOperationsRegistry - INFO - 📝 Registered custom matrix operation: gpu_condition_number
Dec 29, 2025 01:14:28 (+00:00:00) - utils.matrix_operations.enhanced_operations.CustomMatrixOperationsRegistry - INFO - 📝 Registered custom matrix operation: gpu_matrix_rank
Dec 29, 2025 01:14:28 (+00:00:00) - utils.matrix_operations.enhanced_operations.CustomMatrixOperationsRegistry - INFO - 📝 Registered custom matrix operation: matrix_normalize
Dec 29, 2025 01:14:28 (+00:00:00) - utils.matrix_operations.enhanced_operations.CustomMatrixOperationsRegistry - INFO - 📝 Registered custom matrix operation: extract_matrix_features
Dec 29, 2025 01:14:28 (+00:00:00) - utils.matrix_operations - INFO - ✅ Unified Matrix Operations module initialized
Dec 29, 2025 01:14:28 (+00:00:00) - utils.matrix_operations - INFO - 📦 Version: 1.0.0
Dec 29, 2025 01:14:28 (+00:00:00) - utils.matrix_operations - INFO - 🔧 Features: VectorBT optimizations, GPU acceleration, memory optimization, vectorized processing, batch operations
Dec 29, 2025 01:14:28 (+00:00:00) - utils.matrix_operations - INFO - 🍎 Optimized for: Apple Silicon M1/M2/M3 Macs
Dec 29, 2025 01:14:28 (+00:00:00) - utils.matrix_operations - INFO - 🚀 VectorBT optimizations enabled - expect 2-10x performance improvements
Dec 29, 2025 01:14:28 (+00:00:00) - utils.matrix_operations - INFO - 🎯 VectorBTRollingOptimizer available - enhanced rolling operations
Dec 29, 2025 01:14:28 (+00:00:00) - utils.matrix_operations - INFO - ⚡ UnifiedVectorizationManager available - unified vectorization operations
Dec 29, 2025 01:14:28 (+00:00:00) - src.config.regime_ensemble_training.config_manager.RegimeEnsembleTrainingConfigManager - INFO - RegimeEnsembleTrainingConfigManager initialisé
Dec 29, 2025 01:14:28 (+00:00:00) - src.config.regime_ensemble_training.config_manager.RegimeEnsembleTrainingConfigManager - INFO - Répertoire config: /Users/remyroche/Documents/Ares/src/config/regime_ensemble_training
Dec 29, 2025 01:14:28 (+00:00:00) - src.config.regime_ensemble_training.config_manager.RegimeEnsembleTrainingConfigManager - INFO - Config personnalisée: None
Dec 29, 2025 01:14:28 (+00:00:00) - src.config.regime_ensemble_training.config_manager.RegimeEnsembleTrainingConfigManager - INFO - Fallback hardcodé: True
Dec 29, 2025 01:14:28 (+00:00:00) - ares.registry - INFO - Registered step: regime_ensemble_training
Dec 29, 2025 01:14:28 (+00:00:00) - ares.registry - INFO - Registered step: regime_feature_selection
Dec 29, 2025 01:14:28 (+00:00:00) - src.training.steps.market_analysis.shared_utils.execution_mode_lookback_config - INFO - 🔧 Initializing Execution Mode Lookback Configuration
Dec 29, 2025 01:14:28 (+00:00:00) - src.training.steps.market_analysis.shared_utils.execution_mode_lookback_config - INFO - ✅ Execution Mode Lookback Configuration initialized
Dec 29, 2025 01:14:28 (+00:00:00) - ares.registry - INFO - Registered step: rolling_hmm_regime_discovery
Dec 29, 2025 01:14:28 (+00:00:00) - ares.registry - INFO - Registered step: sr_parameter_optimization
Dec 29, 2025 01:14:28 (+00:00:00) - ares.registry - INFO - Registered step: regime_clustering
Dec 29, 2025 01:14:28 (+00:00:00) - ares.registry - INFO - Registered step: regime_ensemble_training
Dec 29, 2025 01:14:28 (+00:00:00) - ares.registry - INFO - Registered step: sr_clustering
Dec 29, 2025 01:14:28 (+00:00:00) - ares.registry - INFO - Registered step: sr_detection
Dec 29, 2025 01:14:28 (+00:00:00) - ares.registry - INFO - Registered step: regime_feature_selection
Dec 29, 2025 01:14:28 (+00:00:00) - ares.registry - INFO - Registered step: sticky_finite_hmm_regime_discovery
Dec 29, 2025 01:14:28 (+00:00:00) - ares.registry - INFO - Registered step: xgb_meso_regime
Dec 29, 2025 01:14:28 (+00:00:00) - ares.registry - INFO - Registered step: xgb_mr_trend_step
Dec 29, 2025 01:14:28 (+00:00:00) - ares.registry - INFO - Registered step: hmm_ml_alpha_step
Dec 29, 2025 01:14:28 (+00:00:00) - ares.registry - INFO - Registered step: xgb_macro_regime
Dec 29, 2025 01:14:28 (+00:00:00) - ares.registry - INFO - Registered step: ml_risk_regime_step
Dec 29, 2025 01:14:28 (+00:00:00) - ares.registry - INFO - Registered step: ml_smc_regime_step
Dec 29, 2025 01:14:28 (+00:00:00) - ares.registry - INFO - Registered step: ml_path_regime_step
Dec 29, 2025 01:14:28 (+00:00:00) - ares.registry - INFO - Registered step: ml_mean_reversion_step
Dec 29, 2025 01:14:28 (+00:00:00) - ares.registry - INFO - Registered step: ml_breakout_bounce_regime_step
Dec 29, 2025 01:14:28 (+00:00:00) - ares.registry - INFO - Registered step: ml_map_regime_step
Dec 29, 2025 01:14:28 (+00:00:00) - ares.registry - INFO - Registered step: ml_liquidity_regime_step
Dec 29, 2025 01:14:28 (+00:00:00) - ares.registry - INFO - Registered step: ml_volume_force_step
Dec 29, 2025 01:14:28 (+00:00:00) - ares.registry - INFO - Registered step: feature_generation_meta_labeling_step
Dec 29, 2025 01:14:28 (+00:00:00) - ares.registry - INFO - Registered step: sr_labeling_xgb
Dec 29, 2025 01:14:28 (+00:00:00) - ares.registry - INFO - Registered step: meta_labeling_hpo_experiment
Dec 29, 2025 01:14:28 (+00:00:00) - ares.launcher - INFO - Starting Simplified Ares Launcher...
Dec 29, 2025 01:14:28 (+00:00:00) - ares.launcher - INFO - 🧹 Starting cleanup of duplicate files...
Dec 29, 2025 01:14:28 (+00:00:00) - ares.launcher - INFO - Cleaning directory: logs (keeping 100 youngest files per group)
Dec 29, 2025 01:14:28 (+00:00:00) - ares.launcher - INFO -   Group 'unified.log': 102 files, keeping 100, deleting 2
Dec 29, 2025 01:14:28 (+00:00:00) - ares.launcher - INFO - Cleaning directory: artifacts (keeping 3 youngest files per group)
Dec 29, 2025 01:14:28 (+00:00:00) - ares.launcher - INFO - Cleaning directory: outcomes (keeping 3 youngest files per group)
Dec 29, 2025 01:14:28 (+00:00:00) - ares.launcher - INFO -   Group 'layer2_report__.md': 4 files, keeping 3, deleting 1
Dec 29, 2025 01:14:28 (+00:00:00) - ares.launcher - INFO -   Group 'layer0_summary_ETHUSDT_15m.csv': 4 files, keeping 3, deleting 1
Dec 29, 2025 01:14:28 (+00:00:00) - ares.launcher - INFO -   Group 'layer0_report_ETHUSDT_15m.md': 4 files, keeping 3, deleting 1
Dec 29, 2025 01:14:28 (+00:00:00) - ares.launcher - INFO -   Group 'layer2_production_geometries__.csv': 4 files, keeping 3, deleting 1
Dec 29, 2025 01:14:28 (+00:00:00) - ares.launcher - INFO -   Group 'layer2_summary__.csv': 4 files, keeping 3, deleting 1
Dec 29, 2025 01:14:28 (+00:00:00) - ares.launcher - INFO -   Group 'layer2_geometry_metrics__.csv': 4 files, keeping 3, deleting 1
Dec 29, 2025 01:14:28 (+00:00:00) - ares.launcher - INFO -   Group 'layer3_drop_reasons.csv': 4 files, keeping 3, deleting 1
Dec 29, 2025 01:14:28 (+00:00:00) - ares.launcher - INFO - ✅ Cleanup complete: 9 files deleted, 0 files skipped
Dec 29, 2025 01:14:28 (+00:00:00) - ares.launcher - INFO - Detected positional command: meta_labeling_hpo_sample_weighted
Dec 29, 2025 01:14:28 (+00:00:00) - src.utils.ml_common.optimization.execution_mode_adapter - INFO - 🔧 Execution mode set to: BLANK
Dec 29, 2025 01:14:28 (+00:00:00) - ares.launcher - INFO - 🔧 Execution mode set to: BLANK
Dec 29, 2025 01:14:28 (+00:00:00) - ares.launcher - INFO - Running single step: meta_labeling_hpo_sample_weighted
Dec 29, 2025 01:14:28 (+00:00:00) - ares.launcher - INFO - Starting execution of step: meta_labeling_hpo_sample_weighted
Dec 29, 2025 01:14:28 (+00:00:00) - ares.step.meta_labeling_hpo_sample_weighted - INFO - Starting execution of meta_labeling_hpo_sample_weighted
Dec 29, 2025 01:14:28 (+00:00:00) - ares.step.meta_labeling_hpo_sample_weighted - INFO - Execution mode resolved for meta_labeling_hpo_sample_weighted: requested_cli=blank → persona=analyst
Dec 29, 2025 01:14:28 (+00:00:00) - System.VersionManager - INFO - ✅ Loaded version config from config/version_config.json
Dec 29, 2025 01:14:28 (+00:00:00) - System.ArtifactManager - INFO - 📁 Context set: step=meta_labeling_hpo_sample_weighted, symbol=None, exchange=None, timeframe=None, datetime=2025-12-29 01:14:28.928177, information=None, direction=long, model=Analyst
Dec 29, 2025 01:14:28 (+00:00:00) - System.ArtifactManager - INFO - 📁 Context set: step=klines_downloading_processing, symbol=ETHUSDT, exchange=binance, timeframe=15m, datetime=2025-12-29 00:14:28.931273, information=None, direction=long, model=Analyst
Dec 29, 2025 01:14:28 (+00:00:00) - System.KlinesParquetManager - INFO - ✅ KlinesParquetManager initialized with base_dir: historical_data
Dec 29, 2025 01:14:28 (+00:00:00) - src.utils.kline_parquet - INFO - load_klines executed in 1.04ms
Dec 29, 2025 01:14:28 (+00:00:00) - ares.step.meta_labeling_hpo_sample_weighted - WARNING - Artifact 'klines_data' not found via router, trying traditional manager
Dec 29, 2025 01:14:28 (+00:00:00) - System.ArtifactManager - INFO - 📁 Context set: step=meta_labeling_hpo_sample_weighted, symbol=None, exchange=None, timeframe=15m, datetime=2025-12-29 01:14:28.928177, information=None, direction=long, model=Analyst
Dec 29, 2025 01:14:28 (+00:00:00) - System.ArtifactManager - WARNING - Artifact not found: klines_data
Dec 29, 2025 01:14:28 (+00:00:00) - System.ArtifactManager - INFO - 📁 Context set: step=meta_labeling_hpo_sample_weighted, symbol=None, exchange=None, timeframe=None, datetime=2025-12-29 01:14:28.928177, information=None, direction=long, model=Analyst
Dec 29, 2025 01:14:28 (+00:00:00) - System.ArtifactManager - INFO - 📁 Context set: step=data_collection, symbol=ETHUSDT, exchange=binance, timeframe=15m, datetime=2025-12-29 00:14:28.993801, information=None, direction=long, model=Analyst
Dec 29, 2025 01:14:28 (+00:00:00) - ares.step.meta_labeling_hpo_sample_weighted - WARNING - Artifact 'market_data' not found via router, trying traditional manager
Dec 29, 2025 01:14:28 (+00:00:00) - System.ArtifactManager - INFO - 📁 Context set: step=meta_labeling_hpo_sample_weighted, symbol=None, exchange=None, timeframe=15m, datetime=2025-12-29 01:14:28.928177, information=None, direction=long, model=Analyst
Dec 29, 2025 01:14:29 (+00:00:00) - System.ArtifactManager - WARNING - Artifact not found: market_data
Dec 29, 2025 01:14:29 (+00:00:00) - System.ArtifactManager - INFO - 📁 Context set: step=meta_labeling_hpo_sample_weighted, symbol=None, exchange=None, timeframe=None, datetime=2025-12-29 01:14:28.928177, information=None, direction=long, model=Analyst
Dec 29, 2025 01:14:29 (+00:00:00) - System.ArtifactManager - INFO - 📁 Context set: step=data_reading, symbol=ETHUSDT, exchange=binance, timeframe=15m, datetime=2025-12-29 00:14:29.159507, information=None, direction=long, model=Analyst
Dec 29, 2025 01:14:29 (+00:00:00) - src.utils.kline_parquet - INFO - load_klines executed in 0.25ms
Dec 29, 2025 01:14:29 (+00:00:00) - ares.step.meta_labeling_hpo_sample_weighted - WARNING - Artifact 'ohlcv_data' not found via router, trying traditional manager
Dec 29, 2025 01:14:29 (+00:00:00) - System.ArtifactManager - INFO - 📁 Context set: step=meta_labeling_hpo_sample_weighted, symbol=None, exchange=None, timeframe=15m, datetime=2025-12-29 01:14:28.928177, information=None, direction=long, model=Analyst
Dec 29, 2025 01:14:29 (+00:00:00) - System.ArtifactManager - WARNING - Artifact not found: ohlcv_data
Dec 29, 2025 01:14:29 (+00:00:00) - System.ArtifactManager - INFO - 📁 Context set: step=meta_labeling_hpo_sample_weighted, symbol=None, exchange=None, timeframe=None, datetime=2025-12-29 01:14:28.928177, information=None, direction=long, model=Analyst
Dec 29, 2025 01:14:29 (+00:00:00) - System.ArtifactManager - INFO - 📁 Context set: step=meta_labeling_hpo_sample_weighted, symbol=None, exchange=None, timeframe=None, datetime=2025-12-29 01:14:28.928177, information=None, direction=long, model=Analyst
Dec 29, 2025 01:14:29 (+00:00:00) - System.KlinesParquetManager - INFO - ✅ KlinesParquetManager initialized with base_dir: historical_data
Dec 29, 2025 01:14:29 (+00:00:00) - System.KlinesParquetManager - INFO - ✅ KlinesParquetManager initialized with base_dir: historical_data
Dec 29, 2025 01:14:29 (+00:00:01) - System.ParquetUtils - INFO - ✅ Read parquet: 3b08e855a9c24b019d7c633963954045-0.parquet -> (104, 9)
Dec 29, 2025 01:14:29 (+00:00:01) - System.ParquetUtils - INFO - ✅ Read parquet: 3b08e855a9c24b019d7c633963954045-0.parquet -> (2880, 9)
Dec 29, 2025 01:14:29 (+00:00:01) - System.ParquetUtils - INFO - ✅ Read parquet: 3b08e855a9c24b019d7c633963954045-0.parquet -> (2976, 9)
Dec 29, 2025 01:14:29 (+00:00:01) - System.ParquetUtils - INFO - ✅ Read parquet: 3b08e855a9c24b019d7c633963954045-0.parquet -> (2976, 9)
Dec 29, 2025 01:14:29 (+00:00:01) - System.ParquetUtils - INFO - ✅ Read parquet: 3b08e855a9c24b019d7c633963954045-0.parquet -> (2976, 9)
Dec 29, 2025 01:14:29 (+00:00:01) - System.ParquetUtils - INFO - ✅ Read parquet: 3b08e855a9c24b019d7c633963954045-0.parquet -> (2877, 9)
Dec 29, 2025 01:14:29 (+00:00:01) - System.ParquetUtils - INFO - ✅ Read parquet: 3b08e855a9c24b019d7c633963954045-0.parquet -> (2047, 9)
Dec 29, 2025 01:14:29 (+00:00:01) - System.ParquetUtils - INFO - ✅ Read parquet: 3b08e855a9c24b019d7c633963954045-0.parquet -> (2688, 9)
Dec 29, 2025 01:14:29 (+00:00:01) - System.ParquetUtils - INFO - ✅ Read parquet: 3b08e855a9c24b019d7c633963954045-0.parquet -> (2976, 9)
Dec 29, 2025 01:14:29 (+00:00:01) - System.ParquetUtils - INFO - ✅ Read parquet: 3b08e855a9c24b019d7c633963954045-0.parquet -> (2880, 9)
Dec 29, 2025 01:14:29 (+00:00:01) - System.ParquetUtils - INFO - ✅ Read parquet: 3b08e855a9c24b019d7c633963954045-0.parquet -> (2976, 9)
Dec 29, 2025 01:14:29 (+00:00:01) - System.ParquetUtils - INFO - ✅ Read parquet: 3b08e855a9c24b019d7c633963954045-0.parquet -> (2880, 9)
Dec 29, 2025 01:14:29 (+00:00:01) - System.ParquetUtils - INFO - ✅ Read parquet: 3b08e855a9c24b019d7c633963954045-0.parquet -> (2976, 9)
Dec 29, 2025 01:14:29 (+00:00:01) - System.ParquetUtils - INFO - ✅ Read parquet: 3b08e855a9c24b019d7c633963954045-0.parquet -> (2976, 9)
Dec 29, 2025 01:14:29 (+00:00:01) - System.ParquetUtils - INFO - ✅ Read parquet: 3b08e855a9c24b019d7c633963954045-0.parquet -> (2880, 9)
Dec 29, 2025 01:14:29 (+00:00:01) - System.ParquetUtils - INFO - ✅ Read parquet: 3b08e855a9c24b019d7c633963954045-0.parquet -> (2976, 9)
Dec 29, 2025 01:14:29 (+00:00:01) - System.ParquetUtils - INFO - ✅ Read parquet: 3b08e855a9c24b019d7c633963954045-0.parquet -> (2976, 9)
Dec 29, 2025 01:14:29 (+00:00:01) - System.ParquetUtils - INFO - ✅ Read parquet: 3b08e855a9c24b019d7c633963954045-0.parquet -> (2880, 9)
Dec 29, 2025 01:14:29 (+00:00:01) - System.ParquetUtils - INFO - ✅ Read parquet: 3b08e855a9c24b019d7c633963954045-0.parquet -> (2976, 9)
Dec 29, 2025 01:14:29 (+00:00:01) - System.ParquetUtils - INFO - ✅ Read parquet: 3b08e855a9c24b019d7c633963954045-0.parquet -> (2688, 9)
Dec 29, 2025 01:14:29 (+00:00:01) - System.ParquetUtils - INFO - ✅ Read parquet: 3b08e855a9c24b019d7c633963954045-0.parquet -> (2363, 9)
Dec 29, 2025 01:14:29 (+00:00:01) - System.ParquetUtils - INFO - ✅ Read parquet: 3b08e855a9c24b019d7c633963954045-0.parquet -> (2880, 9)
Dec 29, 2025 01:14:29 (+00:00:01) - System.ParquetUtils - INFO - ✅ Read parquet: 3b08e855a9c24b019d7c633963954045-0.parquet -> (2976, 9)
Dec 29, 2025 01:14:29 (+00:00:01) - System.ParquetUtils - INFO - ✅ Read parquet: 3b08e855a9c24b019d7c633963954045-0.parquet -> (2880, 9)
Dec 29, 2025 01:14:29 (+00:00:01) - System.ParquetUtils - INFO - ✅ Read parquet: 3b08e855a9c24b019d7c633963954045-0.parquet -> (2976, 9)
Dec 29, 2025 01:14:29 (+00:00:01) - System.ParquetUtils - INFO - ✅ Read parquet: 3b08e855a9c24b019d7c633963954045-0.parquet -> (2976, 9)
Dec 29, 2025 01:14:30 (+00:00:01) - System.ParquetUtils - INFO - ✅ Read parquet: 3b08e855a9c24b019d7c633963954045-0.parquet -> (2880, 9)
Dec 29, 2025 01:14:30 (+00:00:01) - System.ParquetUtils - INFO - ✅ Read parquet: 3b08e855a9c24b019d7c633963954045-0.parquet -> (2976, 9)
Dec 29, 2025 01:14:30 (+00:00:01) - System.ParquetUtils - INFO - ✅ Read parquet: 3b08e855a9c24b019d7c633963954045-0.parquet -> (2976, 9)
Dec 29, 2025 01:14:30 (+00:00:01) - System.ParquetUtils - INFO - ✅ Read parquet: 3b08e855a9c24b019d7c633963954045-0.parquet -> (2880, 9)
Dec 29, 2025 01:14:30 (+00:00:01) - System.ParquetUtils - INFO - ✅ Read parquet: 3b08e855a9c24b019d7c633963954045-0.parquet -> (2976, 9)
Dec 29, 2025 01:14:30 (+00:00:01) - System.ParquetUtils - INFO - ✅ Read parquet: 3b08e855a9c24b019d7c633963954045-0.parquet -> (2784, 9)
Dec 29, 2025 01:14:30 (+00:00:01) - System.ParquetUtils - INFO - ✅ Read parquet: 3b08e855a9c24b019d7c633963954045-0.parquet -> (2976, 9)
Dec 29, 2025 01:14:30 (+00:00:01) - System.ParquetUtils - INFO - ✅ Read parquet: 3b08e855a9c24b019d7c633963954045-0.parquet -> (2880, 9)
Dec 29, 2025 01:14:30 (+00:00:01) - System.ParquetUtils - INFO - ✅ Read parquet: 3b08e855a9c24b019d7c633963954045-0.parquet -> (2976, 9)
Dec 29, 2025 01:14:30 (+00:00:01) - System.ParquetUtils - INFO - ✅ Read parquet: 3b08e855a9c24b019d7c633963954045-0.parquet -> (2880, 9)
Dec 29, 2025 01:14:30 (+00:00:01) - System.ParquetUtils - INFO - ✅ Read parquet: 3b08e855a9c24b019d7c633963954045-0.parquet -> (2976, 9)
Dec 29, 2025 01:14:30 (+00:00:01) - System.ParquetUtils - INFO - ✅ Read parquet: 3b08e855a9c24b019d7c633963954045-0.parquet -> (2976, 9)
Dec 29, 2025 01:14:30 (+00:00:01) - System.ParquetUtils - INFO - ✅ Read parquet: 3b08e855a9c24b019d7c633963954045-0.parquet -> (2880, 9)
Dec 29, 2025 01:14:30 (+00:00:01) - System.ParquetUtils - INFO - ✅ Read parquet: 3b08e855a9c24b019d7c633963954045-0.parquet -> (2976, 9)
Dec 29, 2025 01:14:30 (+00:00:01) - System.ParquetUtils - INFO - ✅ Read parquet: 3b08e855a9c24b019d7c633963954045-0.parquet -> (2976, 9)
Dec 29, 2025 01:14:30 (+00:00:01) - System.ParquetUtils - INFO - ✅ Read parquet: 3b08e855a9c24b019d7c633963954045-0.parquet -> (2880, 9)
Dec 29, 2025 01:14:30 (+00:00:01) - System.ParquetUtils - INFO - ✅ Read parquet: 3b08e855a9c24b019d7c633963954045-0.parquet -> (924, 9)
Dec 29, 2025 01:14:30 (+00:00:01) - System.ParquetUtils - INFO - ✅ Read parquet: 3b08e855a9c24b019d7c633963954045-0.parquet -> (2688, 9)
Dec 29, 2025 01:14:30 (+00:00:01) - System.ParquetUtils - INFO - ✅ Read parquet: 3b08e855a9c24b019d7c633963954045-0.parquet -> (2976, 9)
Dec 29, 2025 01:14:30 (+00:00:01) - System.ParquetUtils - INFO - ✅ Read parquet: 3b08e855a9c24b019d7c633963954045-0.parquet -> (2880, 9)
Dec 29, 2025 01:14:30 (+00:00:01) - System.ParquetUtils - INFO - ✅ Read parquet: 3b08e855a9c24b019d7c633963954045-0.parquet -> (2976, 9)
Dec 29, 2025 01:14:30 (+00:00:01) - System.ParquetUtils - INFO - ✅ Read parquet: 3b08e855a9c24b019d7c633963954045-0.parquet -> (2880, 9)
Dec 29, 2025 01:14:30 (+00:00:01) - System.ParquetUtils - INFO - ✅ Read parquet: 3b08e855a9c24b019d7c633963954045-0.parquet -> (2976, 9)
Dec 29, 2025 01:14:30 (+00:00:01) - System.ParquetUtils - INFO - ✅ Read parquet: 3b08e855a9c24b019d7c633963954045-0.parquet -> (2976, 9)
Dec 29, 2025 01:14:30 (+00:00:01) - System.ParquetUtils - INFO - ✅ Read parquet: 3b08e855a9c24b019d7c633963954045-0.parquet -> (2880, 9)
Dec 29, 2025 01:14:30 (+00:00:02) - src.utils.kline_parquet - INFO - load_klines executed in 1232.64ms
Dec 29, 2025 01:14:42 (+00:00:14) - src.training.steps.labeling.label_based_layer_2 - INFO - Starting Layer 2 Pipeline...
Dec 29, 2025 01:14:42 (+00:00:14) - src.training.steps.labeling.label_based_layer_2 - INFO - >>> Layer 2: Step 1 - Prepare Data and Events...
Dec 29, 2025 01:14:42 (+00:00:14) - src.training.steps.labeling.label_based_layer_2 - INFO - Generated 15353 events from 31680 bars using CUSUM filter.
Dec 29, 2025 01:14:43 (+00:00:14) - src.utils.hardware.unified_hardware_manager.HardwarePerformanceMonitor - WARNING - 🚨 ALERT: cpu_usage (100.0) exceeds threshold (85.0)
Dec 29, 2025 01:15:06 (+00:00:38) - src.training.steps.labeling.label_based_layer_2 - INFO - >>> Layer 2: Step 2 - Optimize Production Geometries...
Dec 29, 2025 01:15:14 (+00:00:46) - src.utils.hardware.unified_hardware_manager.HardwarePerformanceMonitor - WARNING - 🚨 ALERT: cpu_usage (100.0) exceeds threshold (85.0)
Dec 29, 2025 01:15:28 (+00:00:59) - src.training.steps.labeling.label_based_layer_2 - INFO - Optimizing geometries: 15353 total events (no family split)
Dec 29, 2025 01:15:29 (+00:01:01) - src.training.steps.labeling.label_geometry_selection - INFO - Vectorizing 15353 events for horizons [8, 12, 16, 20, 24]...
Dec 29, 2025 01:15:33 (+00:01:05) - src.training.steps.labeling.label_geometry_selection - INFO - Event dedup: 15353 → 2961 events (min_gap=6 bars)
Dec 29, 2025 01:15:33 (+00:01:05) - src.training.steps.labeling.label_geometry_selection - INFO - Events after dedup: 15353 → 2961
Dec 29, 2025 01:15:33 (+00:01:05) - src.training.steps.labeling.label_geometry_selection - INFO - Dropped 18 near-constant feature columns after dedup (306 remaining).
Dec 29, 2025 01:15:33 (+00:01:05) - src.training.steps.labeling.label_geometry_selection - INFO - Generated 1680 raw candidates
Dec 29, 2025 01:15:33 (+00:01:05) - src.training.steps.labeling.label_geometry_selection - INFO - After hard constraints: 1680 candidates
Dec 29, 2025 01:15:33 (+00:01:05) - src.training.steps.labeling.label_geometry_selection - INFO - Distance-based deduplication: 1680 -> 88 candidates
Dec 29, 2025 01:15:33 (+00:01:05) - src.training.steps.labeling.label_geometry_selection - INFO - Training LGBM on 88 pre-filtered candidates...
Dec 29, 2025 01:15:46 (+00:01:17) - src.utils.hardware.unified_hardware_manager.HardwarePerformanceMonitor - WARNING - 🚨 ALERT: cpu_usage (100.0) exceeds threshold (85.0)
Dec 29, 2025 01:16:17 (+00:01:49) - src.utils.hardware.unified_hardware_manager.HardwarePerformanceMonitor - WARNING - 🚨 ALERT: cpu_usage (100.0) exceeds threshold (85.0)
Dec 29, 2025 01:16:49 (+00:02:21) - src.utils.hardware.unified_hardware_manager.HardwarePerformanceMonitor - WARNING - 🚨 ALERT: cpu_usage (100.0) exceeds threshold (85.0)
Dec 29, 2025 01:17:21 (+00:02:52) - src.utils.hardware.unified_hardware_manager.HardwarePerformanceMonitor - WARNING - 🚨 ALERT: cpu_usage (100.0) exceeds threshold (85.0)
Dec 29, 2025 01:17:32 (+00:03:04) - src.training.steps.labeling.label_geometry_selection - INFO - Pruning 0 accepted geometries based on correlation...
Dec 29, 2025 01:17:32 (+00:03:04) - src.training.steps.labeling.label_geometry_selection - INFO - Final Selection: 0 geometries (Best Separation Score: N/A, Max: 10)
Dec 29, 2025 01:17:32 (+00:03:04) - src.training.steps.labeling.label_based_layer_2 - WARNING - Geometry selection returned 0 geometries - all candidates failed gates. Consider relaxing thresholds or increasing data.
Dec 29, 2025 01:17:32 (+00:03:04) - src.training.steps.labeling.label_based_layer_2 - INFO - Layer2 Full Optimization: extracted_trials_per_family={}
Dec 29, 2025 01:17:32 (+00:03:04) - src.training.steps.labeling.label_based_layer_2 - ERROR - Layer2 CRITICAL: Zero production geometries passed all gates! Pipeline cannot continue. Consider relaxing gates via config.
Dec 29, 2025 01:17:32 (+00:03:04) - ares.step.meta_labeling_hpo_sample_weighted - ERROR - Step meta_labeling_hpo_sample_weighted failed: Layer2 failed: No production geometries passed validation gates.
Traceback (most recent call last):
  File "/Users/remyroche/Documents/Ares/src/training/steps/base_step.py", line 1715, in run
    execution_result = await self.execute(config)
                       ^^^^^^^^^^^^^^^^^^^^^^^^^^
  File "/Users/remyroche/Documents/Ares/src/training/steps/labeling/meta_labeling_hpo_sample_weighted.py", line 1131, in execute
    l2_output = layer2.run(train_data)
                ^^^^^^^^^^^^^^^^^^^^^^
  File "/Users/remyroche/Documents/Ares/src/training/steps/labeling/label_based_layer_2.py", line 871, in run
    production_geometries, production_selected_features = self.optimize_production_geometries(
                                                          ^^^^^^^^^^^^^^^^^^^^^^^^^^^^^^^^^^^^
  File "/Users/remyroche/Documents/Ares/src/training/steps/labeling/label_based_layer_2.py", line 1019, in optimize_production_geometries
    raise ValueError(
ValueError: Layer2 failed: No production geometries passed validation gates.

Dec 29, 2025 01:17:32 (+00:03:04) - ares.launcher - ERROR - ❌ Failed to complete step: meta_labeling_hpo_sample_weighted
Dec 29, 2025 01:17:32 (+00:03:04) - ares.launcher - INFO - ✅ Simplified Ares Launcher completed
Dec 29, 2025 01:17:32 (+00:03:04) - ares.registry - INFO - Registered step: data_download
