Dec 28, 2025 23:13:34 (+00:00:00) - DataQualityFramework - INFO - ✅ Comprehensive duplicate analyzer integrated
Dec 28, 2025 23:13:34 (+00:00:00) - DataQualityFramework - INFO - 🔧 Unified Data Quality Framework initialized (singleton)
Dec 28, 2025 23:13:34 (+00:00:00) - DataCleaner - INFO - Using klines-specific gap thresholds: {<GapType.SMALL: 'small'>: 65, <GapType.MEDIUM: 'medium'>: 300, <GapType.LARGE: 'large'>: 1800, <GapType.CRITICAL: 'critical'>: 3600}
Dec 28, 2025 23:13:34 (+00:00:00) - DataCleaner - INFO - Using klines-specific gap thresholds: {<GapType.SMALL: 'small'>: 65, <GapType.MEDIUM: 'medium'>: 300, <GapType.LARGE: 'large'>: 1800, <GapType.CRITICAL: 'critical'>: 3600}
Dec 28, 2025 23:13:34 (+00:00:00) - DataCleanerManager - INFO - 🔧 DataCleanerManager initialized (singleton)
Dec 28, 2025 23:13:34 (+00:00:00) - System.AdvancedQualityMetrics - INFO - 📊 AdvancedQualityMetrics initialized with tolerant parameters
Dec 28, 2025 23:13:34 (+00:00:00) - System.DataStreamingManager - INFO - 🚀 DataStreamingManager initialized (singleton): chunk_size=10000, memory_threshold=0.8
Dec 28, 2025 23:13:34 (+00:00:00) - System.CrossStepValidator - INFO - 🔍 CrossStepValidator initialized with comprehensive consistency rules
Dec 28, 2025 23:13:34 (+00:00:00) - DataCleaner - INFO - Using klines-specific gap thresholds: {<GapType.SMALL: 'small'>: 65, <GapType.MEDIUM: 'medium'>: 300, <GapType.LARGE: 'large'>: 1800, <GapType.CRITICAL: 'critical'>: 3600}
Dec 28, 2025 23:13:34 (+00:00:00) - System.UnifiedDataUtils - INFO - 🚀 Unified Data Utils initialized
Dec 28, 2025 23:13:34 (+00:00:00) - utils.hardware.m1_gpu_utils.M1GPUManager - INFO - M1 GPU Manager initialized - M1: True, Generation: m1, MPS: True
Dec 28, 2025 23:13:34 (+00:00:00) - utils.hardware.m1_cpu_optimizer.M1CPUOptimizer - INFO - 🧠 M1 CPU Optimizer initialized for M1 (4P+4E cores)
Dec 28, 2025 23:13:34 (+00:00:00) - utils.matrix_operations.enhanced_operations.CustomMatrixOperationsRegistry - INFO - 📝 Registered custom matrix operation: gpu_condition_number
Dec 28, 2025 23:13:34 (+00:00:00) - utils.matrix_operations.enhanced_operations.CustomMatrixOperationsRegistry - INFO - 📝 Registered custom matrix operation: gpu_matrix_rank
Dec 28, 2025 23:13:34 (+00:00:00) - utils.matrix_operations.enhanced_operations.CustomMatrixOperationsRegistry - INFO - 📝 Registered custom matrix operation: matrix_normalize
Dec 28, 2025 23:13:34 (+00:00:00) - utils.matrix_operations.enhanced_operations.CustomMatrixOperationsRegistry - INFO - 📝 Registered custom matrix operation: extract_matrix_features
Dec 28, 2025 23:13:35 (+00:00:00) - utils.matrix_operations - INFO - ✅ Unified Matrix Operations module initialized
Dec 28, 2025 23:13:35 (+00:00:00) - utils.matrix_operations - INFO - 📦 Version: 1.0.0
Dec 28, 2025 23:13:35 (+00:00:00) - utils.matrix_operations - INFO - 🔧 Features: VectorBT optimizations, GPU acceleration, memory optimization, vectorized processing, batch operations
Dec 28, 2025 23:13:35 (+00:00:00) - utils.matrix_operations - INFO - 🍎 Optimized for: Apple Silicon M1/M2/M3 Macs
Dec 28, 2025 23:13:35 (+00:00:00) - utils.matrix_operations - INFO - 🚀 VectorBT optimizations enabled - expect 2-10x performance improvements
Dec 28, 2025 23:13:35 (+00:00:00) - utils.matrix_operations - INFO - 🎯 VectorBTRollingOptimizer available - enhanced rolling operations
Dec 28, 2025 23:13:35 (+00:00:00) - utils.matrix_operations - INFO - ⚡ UnifiedVectorizationManager available - unified vectorization operations
Dec 28, 2025 23:13:35 (+00:00:00) - src.config.regime_ensemble_training.config_manager.RegimeEnsembleTrainingConfigManager - INFO - RegimeEnsembleTrainingConfigManager initialisé
Dec 28, 2025 23:13:35 (+00:00:00) - src.config.regime_ensemble_training.config_manager.RegimeEnsembleTrainingConfigManager - INFO - Répertoire config: /Users/remyroche/Documents/Ares/src/config/regime_ensemble_training
Dec 28, 2025 23:13:35 (+00:00:00) - src.config.regime_ensemble_training.config_manager.RegimeEnsembleTrainingConfigManager - INFO - Config personnalisée: None
Dec 28, 2025 23:13:35 (+00:00:00) - src.config.regime_ensemble_training.config_manager.RegimeEnsembleTrainingConfigManager - INFO - Fallback hardcodé: True
Dec 28, 2025 23:13:35 (+00:00:00) - ares.registry - INFO - Registered step: regime_ensemble_training
Dec 28, 2025 23:13:35 (+00:00:00) - ares.registry - INFO - Registered step: regime_feature_selection
Dec 28, 2025 23:13:35 (+00:00:00) - src.training.steps.market_analysis.shared_utils.execution_mode_lookback_config - INFO - 🔧 Initializing Execution Mode Lookback Configuration
Dec 28, 2025 23:13:35 (+00:00:00) - src.training.steps.market_analysis.shared_utils.execution_mode_lookback_config - INFO - ✅ Execution Mode Lookback Configuration initialized
Dec 28, 2025 23:13:35 (+00:00:00) - ares.registry - INFO - Registered step: rolling_hmm_regime_discovery
Dec 28, 2025 23:13:35 (+00:00:00) - ares.registry - INFO - Registered step: sr_parameter_optimization
Dec 28, 2025 23:13:35 (+00:00:00) - ares.registry - INFO - Registered step: regime_clustering
Dec 28, 2025 23:13:35 (+00:00:00) - ares.registry - INFO - Registered step: regime_ensemble_training
Dec 28, 2025 23:13:35 (+00:00:00) - ares.registry - INFO - Registered step: sr_clustering
Dec 28, 2025 23:13:35 (+00:00:00) - ares.registry - INFO - Registered step: sr_detection
Dec 28, 2025 23:13:35 (+00:00:00) - ares.registry - INFO - Registered step: regime_feature_selection
Dec 28, 2025 23:13:35 (+00:00:00) - ares.registry - INFO - Registered step: sticky_finite_hmm_regime_discovery
Dec 28, 2025 23:13:35 (+00:00:00) - ares.registry - INFO - Registered step: xgb_meso_regime
Dec 28, 2025 23:13:35 (+00:00:00) - ares.registry - INFO - Registered step: xgb_mr_trend_step
Dec 28, 2025 23:13:35 (+00:00:00) - ares.registry - INFO - Registered step: hmm_ml_alpha_step
Dec 28, 2025 23:13:35 (+00:00:00) - ares.registry - INFO - Registered step: xgb_macro_regime
Dec 28, 2025 23:13:35 (+00:00:00) - ares.registry - INFO - Registered step: ml_risk_regime_step
Dec 28, 2025 23:13:35 (+00:00:00) - ares.registry - INFO - Registered step: ml_smc_regime_step
Dec 28, 2025 23:13:35 (+00:00:00) - ares.registry - INFO - Registered step: ml_path_regime_step
Dec 28, 2025 23:13:35 (+00:00:00) - ares.registry - INFO - Registered step: ml_mean_reversion_step
Dec 28, 2025 23:13:35 (+00:00:00) - ares.registry - INFO - Registered step: ml_breakout_bounce_regime_step
Dec 28, 2025 23:13:35 (+00:00:00) - ares.registry - INFO - Registered step: ml_map_regime_step
Dec 28, 2025 23:13:35 (+00:00:00) - ares.registry - INFO - Registered step: ml_liquidity_regime_step
Dec 28, 2025 23:13:35 (+00:00:00) - ares.registry - INFO - Registered step: ml_volume_force_step
Dec 28, 2025 23:13:35 (+00:00:00) - ares.registry - INFO - Registered step: feature_generation_meta_labeling_step
Dec 28, 2025 23:13:35 (+00:00:00) - ares.registry - INFO - Registered step: sr_labeling_xgb
Dec 28, 2025 23:13:35 (+00:00:00) - ares.registry - INFO - Registered step: meta_labeling_hpo_experiment
Dec 28, 2025 23:13:35 (+00:00:00) - ares.launcher - INFO - Starting Simplified Ares Launcher...
Dec 28, 2025 23:13:35 (+00:00:00) - ares.launcher - INFO - 🧹 Starting cleanup of duplicate files...
Dec 28, 2025 23:13:35 (+00:00:00) - ares.launcher - INFO - Cleaning directory: logs (keeping 100 youngest files per group)
Dec 28, 2025 23:13:35 (+00:00:00) - ares.launcher - INFO -   Group 'unified.log': 102 files, keeping 100, deleting 2
Dec 28, 2025 23:13:35 (+00:00:00) - ares.launcher - INFO - Cleaning directory: artifacts (keeping 3 youngest files per group)
Dec 28, 2025 23:13:35 (+00:00:00) - ares.launcher - INFO - Cleaning directory: outcomes (keeping 3 youngest files per group)
Dec 28, 2025 23:13:35 (+00:00:00) - ares.launcher - INFO -   Group 'layer0_report_ETHUSDT_15m.md': 4 files, keeping 3, deleting 1
Dec 28, 2025 23:13:35 (+00:00:00) - ares.launcher - INFO -   Group 'layer0_summary_ETHUSDT_15m.csv': 4 files, keeping 3, deleting 1
Dec 28, 2025 23:13:35 (+00:00:00) - ares.launcher - INFO - ✅ Cleanup complete: 4 files deleted, 0 files skipped
Dec 28, 2025 23:13:35 (+00:00:00) - ares.launcher - INFO - Detected positional command: meta_labeling_hpo_sample_weighted
Dec 28, 2025 23:13:35 (+00:00:00) - src.utils.ml_common.optimization.execution_mode_adapter - INFO - 🔧 Execution mode set to: BLANK
Dec 28, 2025 23:13:35 (+00:00:00) - ares.launcher - INFO - 🔧 Execution mode set to: BLANK
Dec 28, 2025 23:13:35 (+00:00:00) - ares.launcher - INFO - Running single step: meta_labeling_hpo_sample_weighted
Dec 28, 2025 23:13:35 (+00:00:00) - ares.launcher - INFO - Starting execution of step: meta_labeling_hpo_sample_weighted
Dec 28, 2025 23:13:35 (+00:00:00) - ares.step.meta_labeling_hpo_sample_weighted - INFO - Starting execution of meta_labeling_hpo_sample_weighted
Dec 28, 2025 23:13:35 (+00:00:00) - ares.step.meta_labeling_hpo_sample_weighted - INFO - Execution mode resolved for meta_labeling_hpo_sample_weighted: requested_cli=blank → persona=analyst
Dec 28, 2025 23:13:35 (+00:00:00) - System.VersionManager - INFO - ✅ Loaded version config from config/version_config.json
Dec 28, 2025 23:13:35 (+00:00:00) - System.ArtifactManager - INFO - 📁 Context set: step=meta_labeling_hpo_sample_weighted, symbol=None, exchange=None, timeframe=None, datetime=2025-12-28 23:13:35.171224, information=None, direction=long, model=Analyst
Dec 28, 2025 23:13:35 (+00:00:00) - System.ArtifactManager - INFO - 📁 Context set: step=klines_downloading_processing, symbol=ETHUSDT, exchange=binance, timeframe=15m, datetime=2025-12-28 22:13:35.172402, information=None, direction=long, model=Analyst
Dec 28, 2025 23:13:35 (+00:00:00) - System.KlinesParquetManager - INFO - ✅ KlinesParquetManager initialized with base_dir: historical_data
Dec 28, 2025 23:13:35 (+00:00:00) - src.utils.kline_parquet - INFO - load_klines executed in 0.66ms
Dec 28, 2025 23:13:35 (+00:00:00) - ares.step.meta_labeling_hpo_sample_weighted - WARNING - Artifact 'klines_data' not found via router, trying traditional manager
Dec 28, 2025 23:13:35 (+00:00:00) - System.ArtifactManager - INFO - 📁 Context set: step=meta_labeling_hpo_sample_weighted, symbol=None, exchange=None, timeframe=15m, datetime=2025-12-28 23:13:35.171224, information=None, direction=long, model=Analyst
Dec 28, 2025 23:13:35 (+00:00:00) - System.ArtifactManager - WARNING - Artifact not found: klines_data
Dec 28, 2025 23:13:35 (+00:00:00) - System.ArtifactManager - INFO - 📁 Context set: step=meta_labeling_hpo_sample_weighted, symbol=None, exchange=None, timeframe=None, datetime=2025-12-28 23:13:35.171224, information=None, direction=long, model=Analyst
Dec 28, 2025 23:13:35 (+00:00:00) - System.ArtifactManager - INFO - 📁 Context set: step=data_collection, symbol=ETHUSDT, exchange=binance, timeframe=15m, datetime=2025-12-28 22:13:35.237605, information=None, direction=long, model=Analyst
Dec 28, 2025 23:13:35 (+00:00:00) - ares.step.meta_labeling_hpo_sample_weighted - WARNING - Artifact 'market_data' not found via router, trying traditional manager
Dec 28, 2025 23:13:35 (+00:00:00) - System.ArtifactManager - INFO - 📁 Context set: step=meta_labeling_hpo_sample_weighted, symbol=None, exchange=None, timeframe=15m, datetime=2025-12-28 23:13:35.171224, information=None, direction=long, model=Analyst
Dec 28, 2025 23:13:35 (+00:00:00) - System.ArtifactManager - WARNING - Artifact not found: market_data
Dec 28, 2025 23:13:35 (+00:00:00) - System.ArtifactManager - INFO - 📁 Context set: step=meta_labeling_hpo_sample_weighted, symbol=None, exchange=None, timeframe=None, datetime=2025-12-28 23:13:35.171224, information=None, direction=long, model=Analyst
Dec 28, 2025 23:13:35 (+00:00:00) - System.ArtifactManager - INFO - 📁 Context set: step=data_reading, symbol=ETHUSDT, exchange=binance, timeframe=15m, datetime=2025-12-28 22:13:35.264382, information=None, direction=long, model=Analyst
Dec 28, 2025 23:13:35 (+00:00:00) - src.utils.kline_parquet - INFO - load_klines executed in 0.25ms
Dec 28, 2025 23:13:35 (+00:00:00) - ares.step.meta_labeling_hpo_sample_weighted - WARNING - Artifact 'ohlcv_data' not found via router, trying traditional manager
Dec 28, 2025 23:13:35 (+00:00:00) - System.ArtifactManager - INFO - 📁 Context set: step=meta_labeling_hpo_sample_weighted, symbol=None, exchange=None, timeframe=15m, datetime=2025-12-28 23:13:35.171224, information=None, direction=long, model=Analyst
Dec 28, 2025 23:13:35 (+00:00:00) - System.ArtifactManager - WARNING - Artifact not found: ohlcv_data
Dec 28, 2025 23:13:35 (+00:00:00) - System.ArtifactManager - INFO - 📁 Context set: step=meta_labeling_hpo_sample_weighted, symbol=None, exchange=None, timeframe=None, datetime=2025-12-28 23:13:35.171224, information=None, direction=long, model=Analyst
Dec 28, 2025 23:13:35 (+00:00:00) - System.ArtifactManager - INFO - 📁 Context set: step=meta_labeling_hpo_sample_weighted, symbol=None, exchange=None, timeframe=None, datetime=2025-12-28 23:13:35.171224, information=None, direction=long, model=Analyst
Dec 28, 2025 23:13:35 (+00:00:00) - System.KlinesParquetManager - INFO - ✅ KlinesParquetManager initialized with base_dir: historical_data
Dec 28, 2025 23:13:35 (+00:00:00) - System.KlinesParquetManager - INFO - ✅ KlinesParquetManager initialized with base_dir: historical_data
Dec 28, 2025 23:13:35 (+00:00:00) - System.ParquetUtils - INFO - ✅ Read parquet: 3b08e855a9c24b019d7c633963954045-0.parquet -> (104, 9)
Dec 28, 2025 23:13:35 (+00:00:00) - System.ParquetUtils - INFO - ✅ Read parquet: 3b08e855a9c24b019d7c633963954045-0.parquet -> (2880, 9)
Dec 28, 2025 23:13:35 (+00:00:00) - System.ParquetUtils - INFO - ✅ Read parquet: 3b08e855a9c24b019d7c633963954045-0.parquet -> (2976, 9)
Dec 28, 2025 23:13:35 (+00:00:00) - System.ParquetUtils - INFO - ✅ Read parquet: 3b08e855a9c24b019d7c633963954045-0.parquet -> (2976, 9)
Dec 28, 2025 23:13:35 (+00:00:00) - System.ParquetUtils - INFO - ✅ Read parquet: 3b08e855a9c24b019d7c633963954045-0.parquet -> (2976, 9)
Dec 28, 2025 23:13:35 (+00:00:00) - System.ParquetUtils - INFO - ✅ Read parquet: 3b08e855a9c24b019d7c633963954045-0.parquet -> (2877, 9)
Dec 28, 2025 23:13:35 (+00:00:00) - System.ParquetUtils - INFO - ✅ Read parquet: 3b08e855a9c24b019d7c633963954045-0.parquet -> (2047, 9)
Dec 28, 2025 23:13:35 (+00:00:00) - System.ParquetUtils - INFO - ✅ Read parquet: 3b08e855a9c24b019d7c633963954045-0.parquet -> (2688, 9)
Dec 28, 2025 23:13:35 (+00:00:00) - System.ParquetUtils - INFO - ✅ Read parquet: 3b08e855a9c24b019d7c633963954045-0.parquet -> (2976, 9)
Dec 28, 2025 23:13:35 (+00:00:00) - System.ParquetUtils - INFO - ✅ Read parquet: 3b08e855a9c24b019d7c633963954045-0.parquet -> (2880, 9)
Dec 28, 2025 23:13:35 (+00:00:00) - System.ParquetUtils - INFO - ✅ Read parquet: 3b08e855a9c24b019d7c633963954045-0.parquet -> (2976, 9)
Dec 28, 2025 23:13:35 (+00:00:00) - System.ParquetUtils - INFO - ✅ Read parquet: 3b08e855a9c24b019d7c633963954045-0.parquet -> (2880, 9)
Dec 28, 2025 23:13:35 (+00:00:00) - System.ParquetUtils - INFO - ✅ Read parquet: 3b08e855a9c24b019d7c633963954045-0.parquet -> (2976, 9)
Dec 28, 2025 23:13:35 (+00:00:00) - System.ParquetUtils - INFO - ✅ Read parquet: 3b08e855a9c24b019d7c633963954045-0.parquet -> (2976, 9)
Dec 28, 2025 23:13:35 (+00:00:00) - System.ParquetUtils - INFO - ✅ Read parquet: 3b08e855a9c24b019d7c633963954045-0.parquet -> (2880, 9)
Dec 28, 2025 23:13:35 (+00:00:00) - System.ParquetUtils - INFO - ✅ Read parquet: 3b08e855a9c24b019d7c633963954045-0.parquet -> (2976, 9)
Dec 28, 2025 23:13:35 (+00:00:00) - System.ParquetUtils - INFO - ✅ Read parquet: 3b08e855a9c24b019d7c633963954045-0.parquet -> (2976, 9)
Dec 28, 2025 23:13:35 (+00:00:00) - System.ParquetUtils - INFO - ✅ Read parquet: 3b08e855a9c24b019d7c633963954045-0.parquet -> (2880, 9)
Dec 28, 2025 23:13:35 (+00:00:00) - System.ParquetUtils - INFO - ✅ Read parquet: 3b08e855a9c24b019d7c633963954045-0.parquet -> (2976, 9)
Dec 28, 2025 23:13:35 (+00:00:00) - System.ParquetUtils - INFO - ✅ Read parquet: 3b08e855a9c24b019d7c633963954045-0.parquet -> (2688, 9)
Dec 28, 2025 23:13:35 (+00:00:00) - System.ParquetUtils - INFO - ✅ Read parquet: 3b08e855a9c24b019d7c633963954045-0.parquet -> (2363, 9)
Dec 28, 2025 23:13:35 (+00:00:00) - System.ParquetUtils - INFO - ✅ Read parquet: 3b08e855a9c24b019d7c633963954045-0.parquet -> (2880, 9)
Dec 28, 2025 23:13:35 (+00:00:00) - System.ParquetUtils - INFO - ✅ Read parquet: 3b08e855a9c24b019d7c633963954045-0.parquet -> (2976, 9)
Dec 28, 2025 23:13:35 (+00:00:00) - System.ParquetUtils - INFO - ✅ Read parquet: 3b08e855a9c24b019d7c633963954045-0.parquet -> (2880, 9)
Dec 28, 2025 23:13:35 (+00:00:00) - System.ParquetUtils - INFO - ✅ Read parquet: 3b08e855a9c24b019d7c633963954045-0.parquet -> (2976, 9)
Dec 28, 2025 23:13:35 (+00:00:00) - System.ParquetUtils - INFO - ✅ Read parquet: 3b08e855a9c24b019d7c633963954045-0.parquet -> (2976, 9)
Dec 28, 2025 23:13:35 (+00:00:00) - System.ParquetUtils - INFO - ✅ Read parquet: 3b08e855a9c24b019d7c633963954045-0.parquet -> (2880, 9)
Dec 28, 2025 23:13:35 (+00:00:00) - System.ParquetUtils - INFO - ✅ Read parquet: 3b08e855a9c24b019d7c633963954045-0.parquet -> (2976, 9)
Dec 28, 2025 23:13:35 (+00:00:00) - System.ParquetUtils - INFO - ✅ Read parquet: 3b08e855a9c24b019d7c633963954045-0.parquet -> (2976, 9)
Dec 28, 2025 23:13:35 (+00:00:00) - System.ParquetUtils - INFO - ✅ Read parquet: 3b08e855a9c24b019d7c633963954045-0.parquet -> (2880, 9)
Dec 28, 2025 23:13:35 (+00:00:00) - System.ParquetUtils - INFO - ✅ Read parquet: 3b08e855a9c24b019d7c633963954045-0.parquet -> (2976, 9)
Dec 28, 2025 23:13:35 (+00:00:00) - System.ParquetUtils - INFO - ✅ Read parquet: 3b08e855a9c24b019d7c633963954045-0.parquet -> (2784, 9)
Dec 28, 2025 23:13:35 (+00:00:00) - System.ParquetUtils - INFO - ✅ Read parquet: 3b08e855a9c24b019d7c633963954045-0.parquet -> (2976, 9)
Dec 28, 2025 23:13:35 (+00:00:00) - System.ParquetUtils - INFO - ✅ Read parquet: 3b08e855a9c24b019d7c633963954045-0.parquet -> (2880, 9)
Dec 28, 2025 23:13:35 (+00:00:00) - System.ParquetUtils - INFO - ✅ Read parquet: 3b08e855a9c24b019d7c633963954045-0.parquet -> (2976, 9)
Dec 28, 2025 23:13:35 (+00:00:00) - System.ParquetUtils - INFO - ✅ Read parquet: 3b08e855a9c24b019d7c633963954045-0.parquet -> (2880, 9)
Dec 28, 2025 23:13:35 (+00:00:00) - System.ParquetUtils - INFO - ✅ Read parquet: 3b08e855a9c24b019d7c633963954045-0.parquet -> (2976, 9)
Dec 28, 2025 23:13:35 (+00:00:00) - System.ParquetUtils - INFO - ✅ Read parquet: 3b08e855a9c24b019d7c633963954045-0.parquet -> (2976, 9)
Dec 28, 2025 23:13:35 (+00:00:00) - System.ParquetUtils - INFO - ✅ Read parquet: 3b08e855a9c24b019d7c633963954045-0.parquet -> (2880, 9)
Dec 28, 2025 23:13:35 (+00:00:00) - System.ParquetUtils - INFO - ✅ Read parquet: 3b08e855a9c24b019d7c633963954045-0.parquet -> (2976, 9)
Dec 28, 2025 23:13:35 (+00:00:00) - System.ParquetUtils - INFO - ✅ Read parquet: 3b08e855a9c24b019d7c633963954045-0.parquet -> (2976, 9)
Dec 28, 2025 23:13:35 (+00:00:00) - System.ParquetUtils - INFO - ✅ Read parquet: 3b08e855a9c24b019d7c633963954045-0.parquet -> (2880, 9)
Dec 28, 2025 23:13:35 (+00:00:00) - System.ParquetUtils - INFO - ✅ Read parquet: 3b08e855a9c24b019d7c633963954045-0.parquet -> (924, 9)
Dec 28, 2025 23:13:35 (+00:00:00) - System.ParquetUtils - INFO - ✅ Read parquet: 3b08e855a9c24b019d7c633963954045-0.parquet -> (2688, 9)
Dec 28, 2025 23:13:35 (+00:00:00) - System.ParquetUtils - INFO - ✅ Read parquet: 3b08e855a9c24b019d7c633963954045-0.parquet -> (2976, 9)
Dec 28, 2025 23:13:35 (+00:00:00) - System.ParquetUtils - INFO - ✅ Read parquet: 3b08e855a9c24b019d7c633963954045-0.parquet -> (2880, 9)
Dec 28, 2025 23:13:35 (+00:00:00) - System.ParquetUtils - INFO - ✅ Read parquet: 3b08e855a9c24b019d7c633963954045-0.parquet -> (2976, 9)
Dec 28, 2025 23:13:35 (+00:00:00) - System.ParquetUtils - INFO - ✅ Read parquet: 3b08e855a9c24b019d7c633963954045-0.parquet -> (2880, 9)
Dec 28, 2025 23:13:35 (+00:00:00) - System.ParquetUtils - INFO - ✅ Read parquet: 3b08e855a9c24b019d7c633963954045-0.parquet -> (2976, 9)
Dec 28, 2025 23:13:35 (+00:00:00) - System.ParquetUtils - INFO - ✅ Read parquet: 3b08e855a9c24b019d7c633963954045-0.parquet -> (2976, 9)
Dec 28, 2025 23:13:35 (+00:00:00) - System.ParquetUtils - INFO - ✅ Read parquet: 3b08e855a9c24b019d7c633963954045-0.parquet -> (2880, 9)
Dec 28, 2025 23:13:35 (+00:00:00) - src.utils.kline_parquet - INFO - load_klines executed in 346.69ms
Dec 28, 2025 23:13:38 (+00:00:03) - src.training.steps.labeling.label_based_layer_2 - INFO - Starting Layer 2 Pipeline...
Dec 28, 2025 23:13:38 (+00:00:03) - src.training.steps.labeling.label_based_layer_2 - INFO - >>> Layer 2: Step 1 - Prepare Data and Events...
Dec 28, 2025 23:13:38 (+00:00:03) - src.training.steps.labeling.label_based_layer_2 - INFO - Generated 15353 events from 31680 bars using CUSUM filter.
Dec 28, 2025 23:13:43 (+00:00:08) - src.training.steps.labeling.label_based_layer_2 - INFO - >>> Layer 2: Step 2 - Optimize Production Geometries...
Dec 28, 2025 23:13:48 (+00:00:13) - src.training.steps.labeling.label_based_layer_2 - INFO - Optimizing family: Momentum
Dec 28, 2025 23:13:48 (+00:00:13) - src.training.steps.labeling.label_geometry_selection - INFO - Vectorizing 2643 events for horizons [8, 12, 16, 20, 24]...
Dec 28, 2025 23:13:48 (+00:00:13) - src.training.steps.labeling.label_geometry_selection - INFO - Generated 1680 raw candidates
Dec 28, 2025 23:13:48 (+00:00:13) - src.training.steps.labeling.label_geometry_selection - INFO - After hard constraints: 1680 candidates
Dec 28, 2025 23:13:48 (+00:00:13) - src.training.steps.labeling.label_geometry_selection - INFO - Distance-based deduplication: 1680 -> 30 candidates
Dec 28, 2025 23:13:48 (+00:00:13) - src.training.steps.labeling.label_geometry_selection - INFO - Training LGBM on 30 pre-filtered candidates...
Dec 28, 2025 23:13:48 (+00:00:13) - src.training.steps.labeling.label_geometry_selection - INFO - Relaxed gate: Accepting geometry with survival=40.64% despite gate failure: ['Low Uniqueness (0.00 < 0.3)', 'Warning: Hits Max Duration Limit frequently']
Dec 28, 2025 23:13:48 (+00:00:13) - src.training.steps.labeling.label_geometry_selection - INFO - Relaxed gate: Accepting geometry with survival=41.24% despite gate failure: ['Low Uniqueness (0.00 < 0.3)', 'Warning: Hits Max Duration Limit frequently']
Dec 28, 2025 23:13:48 (+00:00:14) - src.training.steps.labeling.label_geometry_selection - INFO - Relaxed gate: Accepting geometry with survival=40.94% despite gate failure: ['Low Uniqueness (0.00 < 0.3)', 'Warning: Hits Max Duration Limit frequently']
Dec 28, 2025 23:13:48 (+00:00:14) - src.training.steps.labeling.label_geometry_selection - INFO - Relaxed gate: Accepting geometry with survival=27.13% despite gate failure: ['Low Uniqueness (0.00 < 0.3)', 'Warning: Hits Max Duration Limit frequently']
Dec 28, 2025 23:13:49 (+00:00:14) - src.training.steps.labeling.label_geometry_selection - INFO - Relaxed gate: Accepting geometry with survival=34.54% despite gate failure: ['Low Uniqueness (0.00 < 0.3)', 'Warning: Hits Max Duration Limit frequently']
Dec 28, 2025 23:13:49 (+00:00:15) - src.training.steps.labeling.label_geometry_selection - INFO - Relaxed gate: Accepting geometry with survival=29.40% despite gate failure: ['Low Uniqueness (0.00 < 0.3)', 'Warning: Hits Max Duration Limit frequently']
Dec 28, 2025 23:13:50 (+00:00:15) - src.training.steps.labeling.label_geometry_selection - INFO - Relaxed gate: Accepting geometry with survival=20.02% despite gate failure: ['Low Uniqueness (0.00 < 0.3)', 'Warning: Hits Max Duration Limit frequently']
Dec 28, 2025 23:13:50 (+00:00:15) - src.training.steps.labeling.label_geometry_selection - INFO - Relaxed gate: Accepting geometry with survival=20.02% despite gate failure: ['Low Uniqueness (0.00 < 0.3)', 'Warning: Hits Max Duration Limit frequently', 'Low Learnability (AUC Lift -0.024)']
Dec 28, 2025 23:13:50 (+00:00:15) - src.training.steps.labeling.label_geometry_selection - INFO - Relaxed gate: Accepting geometry with survival=28.87% despite gate failure: ['Low Uniqueness (0.00 < 0.3)', 'Warning: Hits Max Duration Limit frequently']
Dec 28, 2025 23:13:50 (+00:00:16) - src.training.steps.labeling.label_geometry_selection - INFO - Relaxed gate: Accepting geometry with survival=41.28% despite gate failure: ['Low Uniqueness (0.00 < 0.3)', 'Warning: Hits Max Duration Limit frequently']
Dec 28, 2025 23:13:51 (+00:00:16) - src.training.steps.labeling.label_geometry_selection - INFO - Relaxed gate: Accepting geometry with survival=46.92% despite gate failure: ['Low Uniqueness (0.00 < 0.3)', 'Warning: Hits Max Duration Limit frequently']
Dec 28, 2025 23:13:51 (+00:00:16) - src.training.steps.labeling.label_geometry_selection - INFO - Relaxed gate: Accepting geometry with survival=46.50% despite gate failure: ['Low Uniqueness (0.00 < 0.3)', 'Warning: Hits Max Duration Limit frequently']
Dec 28, 2025 23:13:51 (+00:00:16) - src.training.steps.labeling.label_geometry_selection - INFO - Relaxed gate: Accepting geometry with survival=42.68% despite gate failure: ['Low Uniqueness (0.00 < 0.3)', 'Warning: Hits Max Duration Limit frequently', 'Low Learnability (AUC Lift -0.019)']
Dec 28, 2025 23:13:51 (+00:00:16) - src.training.steps.labeling.label_geometry_selection - INFO - Relaxed gate: Accepting geometry with survival=28.23% despite gate failure: ['Low Uniqueness (0.00 < 0.3)', 'Warning: Hits Max Duration Limit frequently']
Dec 28, 2025 23:13:51 (+00:00:17) - src.training.steps.labeling.label_geometry_selection - INFO - Relaxed gate: Accepting geometry with survival=38.33% despite gate failure: ['Low Uniqueness (0.00 < 0.3)', 'Warning: Hits Max Duration Limit frequently']
Dec 28, 2025 23:13:52 (+00:00:17) - src.training.steps.labeling.label_geometry_selection - INFO - Relaxed gate: Accepting geometry with survival=46.20% despite gate failure: ['Low Uniqueness (0.00 < 0.3)', 'Warning: Hits Max Duration Limit frequently']
Dec 28, 2025 23:13:52 (+00:00:17) - src.training.steps.labeling.label_geometry_selection - INFO - Relaxed gate: Accepting geometry with survival=20.02% despite gate failure: ['Low Uniqueness (0.00 < 0.3)', 'Warning: Hits Max Duration Limit frequently']
Dec 28, 2025 23:13:52 (+00:00:17) - src.training.steps.labeling.label_geometry_selection - INFO - Relaxed gate: Accepting geometry with survival=45.06% despite gate failure: ['Low Uniqueness (0.00 < 0.3)', 'Warning: Hits Max Duration Limit frequently']
Dec 28, 2025 23:13:52 (+00:00:17) - src.training.steps.labeling.label_geometry_selection - INFO - Relaxed gate: Accepting geometry with survival=20.02% despite gate failure: ['Low Uniqueness (0.00 < 0.3)', 'Warning: Hits Max Duration Limit frequently']
Dec 28, 2025 23:13:52 (+00:00:18) - src.training.steps.labeling.label_geometry_selection - INFO - Relaxed gate: Accepting geometry with survival=30.00% despite gate failure: ['Low Uniqueness (0.00 < 0.3)', 'Warning: Hits Max Duration Limit frequently']
Dec 28, 2025 23:13:52 (+00:00:18) - src.training.steps.labeling.label_geometry_selection - INFO - Relaxed gate: Accepting geometry with survival=20.02% despite gate failure: ['Low Uniqueness (0.00 < 0.3)', 'Warning: Hits Max Duration Limit frequently', 'Low Learnability (AUC Lift -0.024)']
Dec 28, 2025 23:13:52 (+00:00:18) - src.training.steps.labeling.label_geometry_selection - INFO - Relaxed gate: Accepting geometry with survival=46.69% despite gate failure: ['Low Uniqueness (0.00 < 0.3)', 'Warning: Hits Max Duration Limit frequently', 'Low Learnability (AUC Lift -0.033)']
Dec 28, 2025 23:13:53 (+00:00:18) - src.training.steps.labeling.label_geometry_selection - INFO - Relaxed gate: Accepting geometry with survival=49.49% despite gate failure: ['Low Uniqueness (0.00 < 0.3)', 'Warning: Hits Max Duration Limit frequently', 'Low Learnability (AUC Lift -0.050)']
Dec 28, 2025 23:13:53 (+00:00:18) - src.training.steps.labeling.label_geometry_selection - INFO - Relaxed gate: Accepting geometry with survival=22.55% despite gate failure: ['Low Uniqueness (0.00 < 0.3)', 'Warning: Hits Max Duration Limit frequently', 'Low Learnability (AUC Lift -0.030)']
Dec 28, 2025 23:13:53 (+00:00:18) - src.training.steps.labeling.label_geometry_selection - INFO - Relaxed gate: Accepting geometry with survival=41.35% despite gate failure: ['Low Uniqueness (0.00 < 0.3)', 'Warning: Hits Max Duration Limit frequently', 'Low Learnability (AUC Lift -0.053)']
Dec 28, 2025 23:13:53 (+00:00:18) - src.training.steps.labeling.label_geometry_selection - INFO - Relaxed gate: Accepting geometry with survival=20.02% despite gate failure: ['Low Uniqueness (0.00 < 0.3)', 'Warning: Hits Max Duration Limit frequently']
Dec 28, 2025 23:13:53 (+00:00:18) - src.training.steps.labeling.label_geometry_selection - INFO - Relaxed gate: Accepting geometry with survival=42.34% despite gate failure: ['Low Uniqueness (0.00 < 0.3)', 'Warning: Hits Max Duration Limit frequently']
Dec 28, 2025 23:13:53 (+00:00:19) - src.training.steps.labeling.label_geometry_selection - INFO - Relaxed gate: Accepting geometry with survival=36.47% despite gate failure: ['Low Uniqueness (0.00 < 0.3)', 'Warning: Hits Max Duration Limit frequently']
Dec 28, 2025 23:13:53 (+00:00:19) - src.training.steps.labeling.label_geometry_selection - INFO - Relaxed gate: Accepting geometry with survival=33.83% despite gate failure: ['Low Uniqueness (0.00 < 0.3)', 'Warning: Hits Max Duration Limit frequently']
Dec 28, 2025 23:13:54 (+00:00:19) - src.training.steps.labeling.label_geometry_selection - INFO - Relaxed gate: Accepting geometry with survival=55.39% despite gate failure: ['Low Uniqueness (0.00 < 0.3)', 'Warning: Hits Max Duration Limit frequently']
Dec 28, 2025 23:13:54 (+00:00:19) - src.training.steps.labeling.label_geometry_selection - INFO - Pruning 30 accepted geometries based on correlation...
Dec 28, 2025 23:13:54 (+00:00:19) - src.training.steps.labeling.label_geometry_selection - INFO - Dropped Sniper (Selective, High Reward) (Sep: 0.112) due to correlation 1.00 with Sniper (Selective, High Reward) (Sep: 0.112)
Dec 28, 2025 23:13:54 (+00:00:19) - src.training.steps.labeling.label_geometry_selection - INFO - Dropped Balanced (Sep: 0.026) due to correlation 1.00 with Sniper (Selective, High Reward) (Sep: 0.026)
Dec 28, 2025 23:13:54 (+00:00:19) - src.training.steps.labeling.label_geometry_selection - INFO - Final Selection: 10 geometries (Best Separation Score: 0.148, Max: 10)
Dec 28, 2025 23:13:54 (+00:00:19) - src.training.steps.labeling.label_based_layer_2 - INFO - Optimizing family: Mean Reversion
Dec 28, 2025 23:13:54 (+00:00:19) - src.training.steps.labeling.label_geometry_selection - INFO - Vectorizing 7139 events for horizons [8, 12, 16, 20, 24]...
Dec 28, 2025 23:13:54 (+00:00:19) - src.training.steps.labeling.label_geometry_selection - INFO - Generated 1680 raw candidates
Dec 28, 2025 23:13:54 (+00:00:19) - src.training.steps.labeling.label_geometry_selection - INFO - After hard constraints: 1680 candidates
Dec 28, 2025 23:13:54 (+00:00:19) - src.training.steps.labeling.label_geometry_selection - INFO - Distance-based deduplication: 1680 -> 30 candidates
Dec 28, 2025 23:13:54 (+00:00:19) - src.training.steps.labeling.label_geometry_selection - INFO - Training LGBM on 30 pre-filtered candidates...
Dec 28, 2025 23:13:54 (+00:00:20) - src.training.steps.labeling.label_geometry_selection - INFO - Relaxed gate: Accepting geometry with survival=37.19% despite gate failure: ['Low Uniqueness (0.00 < 0.3)', 'Warning: Hits Max Duration Limit frequently']
Dec 28, 2025 23:13:55 (+00:00:20) - src.training.steps.labeling.label_geometry_selection - INFO - Relaxed gate: Accepting geometry with survival=39.18% despite gate failure: ['Low Uniqueness (0.00 < 0.3)', 'Warning: Hits Max Duration Limit frequently']
Dec 28, 2025 23:13:55 (+00:00:20) - src.training.steps.labeling.label_geometry_selection - INFO - Relaxed gate: Accepting geometry with survival=39.94% despite gate failure: ['Low Uniqueness (0.00 < 0.3)', 'Warning: Hits Max Duration Limit frequently']
Dec 28, 2025 23:13:55 (+00:00:20) - src.training.steps.labeling.label_geometry_selection - INFO - Relaxed gate: Accepting geometry with survival=25.24% despite gate failure: ['Low Uniqueness (0.00 < 0.3)', 'Warning: Hits Max Duration Limit frequently']
Dec 28, 2025 23:13:55 (+00:00:21) - src.training.steps.labeling.label_geometry_selection - INFO - Relaxed gate: Accepting geometry with survival=32.97% despite gate failure: ['Low Uniqueness (0.00 < 0.3)', 'Warning: Hits Max Duration Limit frequently', 'Low Learnability (AUC Lift -0.026)']
Dec 28, 2025 23:13:56 (+00:00:21) - src.training.steps.labeling.label_geometry_selection - INFO - Relaxed gate: Accepting geometry with survival=28.37% despite gate failure: ['Low Uniqueness (0.00 < 0.3)', 'Warning: Hits Max Duration Limit frequently']
Dec 28, 2025 23:13:56 (+00:00:21) - src.training.steps.labeling.label_geometry_selection - INFO - Relaxed gate: Accepting geometry with survival=19.86% despite gate failure: ['Low Uniqueness (0.00 < 0.3)', 'Warning: Hits Max Duration Limit frequently']
Dec 28, 2025 23:13:56 (+00:00:21) - src.training.steps.labeling.label_geometry_selection - INFO - Relaxed gate: Accepting geometry with survival=20.00% despite gate failure: ['Low Uniqueness (0.00 < 0.3)', 'Warning: Hits Max Duration Limit frequently', 'Low Learnability (AUC Lift -0.003)']
Dec 28, 2025 23:13:56 (+00:00:22) - src.training.steps.labeling.label_geometry_selection - INFO - Relaxed gate: Accepting geometry with survival=27.75% despite gate failure: ['Low Uniqueness (0.00 < 0.3)', 'Warning: Hits Max Duration Limit frequently']
Dec 28, 2025 23:13:56 (+00:00:22) - src.training.steps.labeling.label_geometry_selection - INFO - Relaxed gate: Accepting geometry with survival=42.04% despite gate failure: ['Low Uniqueness (0.00 < 0.3)', 'Warning: Hits Max Duration Limit frequently']
Dec 28, 2025 23:13:57 (+00:00:22) - src.training.steps.labeling.label_geometry_selection - INFO - Relaxed gate: Accepting geometry with survival=41.90% despite gate failure: ['Low Uniqueness (0.00 < 0.3)', 'Warning: Hits Max Duration Limit frequently']
Dec 28, 2025 23:13:57 (+00:00:22) - src.training.steps.labeling.label_geometry_selection - INFO - Relaxed gate: Accepting geometry with survival=42.23% despite gate failure: ['Low Uniqueness (0.00 < 0.3)', 'Warning: Hits Max Duration Limit frequently']
Dec 28, 2025 23:13:57 (+00:00:22) - src.training.steps.labeling.label_geometry_selection - INFO - Relaxed gate: Accepting geometry with survival=40.72% despite gate failure: ['Low Uniqueness (0.00 < 0.3)', 'Warning: Hits Max Duration Limit frequently']
Dec 28, 2025 23:13:57 (+00:00:23) - src.training.steps.labeling.label_geometry_selection - INFO - Relaxed gate: Accepting geometry with survival=24.54% despite gate failure: ['Low Uniqueness (0.00 < 0.3)', 'Warning: Hits Max Duration Limit frequently']
Dec 28, 2025 23:13:58 (+00:00:23) - src.training.steps.labeling.label_geometry_selection - INFO - Relaxed gate: Accepting geometry with survival=32.96% despite gate failure: ['Low Uniqueness (0.00 < 0.3)', 'Warning: Hits Max Duration Limit frequently', 'Low Learnability (AUC Lift -0.005)']
Dec 28, 2025 23:13:58 (+00:00:23) - src.training.steps.labeling.label_geometry_selection - INFO - Relaxed gate: Accepting geometry with survival=43.84% despite gate failure: ['Low Uniqueness (0.00 < 0.3)', 'Warning: Hits Max Duration Limit frequently']
Dec 28, 2025 23:13:58 (+00:00:23) - src.training.steps.labeling.label_geometry_selection - INFO - Relaxed gate: Accepting geometry with survival=20.00% despite gate failure: ['Low Uniqueness (0.00 < 0.3)', 'Warning: Hits Max Duration Limit frequently']
Dec 28, 2025 23:13:58 (+00:00:24) - src.training.steps.labeling.label_geometry_selection - INFO - Relaxed gate: Accepting geometry with survival=41.52% despite gate failure: ['Low Uniqueness (0.00 < 0.3)', 'Warning: Hits Max Duration Limit frequently', 'Low Learnability (AUC Lift -0.010)']
Dec 28, 2025 23:13:59 (+00:00:24) - src.training.steps.labeling.label_geometry_selection - INFO - Relaxed gate: Accepting geometry with survival=20.00% despite gate failure: ['Low Uniqueness (0.00 < 0.3)', 'Warning: Hits Max Duration Limit frequently']
Dec 28, 2025 23:13:59 (+00:00:24) - src.training.steps.labeling.label_geometry_selection - INFO - Relaxed gate: Accepting geometry with survival=30.00% despite gate failure: ['Low Uniqueness (0.00 < 0.3)', 'Warning: Hits Max Duration Limit frequently']
Dec 28, 2025 23:13:59 (+00:00:25) - src.training.steps.labeling.label_geometry_selection - INFO - Relaxed gate: Accepting geometry with survival=19.99% despite gate failure: ['Low Uniqueness (0.00 < 0.3)', 'Warning: Hits Max Duration Limit frequently', 'Low Learnability (AUC Lift -0.000)']
Dec 28, 2025 23:14:00 (+00:00:25) - src.training.steps.labeling.label_geometry_selection - INFO - Relaxed gate: Accepting geometry with survival=45.65% despite gate failure: ['Low Uniqueness (0.00 < 0.3)', 'Warning: Hits Max Duration Limit frequently']
Dec 28, 2025 23:14:00 (+00:00:25) - src.training.steps.labeling.label_geometry_selection - INFO - Relaxed gate: Accepting geometry with survival=45.22% despite gate failure: ['Low Uniqueness (0.00 < 0.3)', 'Warning: Hits Max Duration Limit frequently']
Dec 28, 2025 23:14:00 (+00:00:25) - src.training.steps.labeling.label_geometry_selection - INFO - Relaxed gate: Accepting geometry with survival=20.18% despite gate failure: ['Low Uniqueness (0.00 < 0.3)', 'Warning: Hits Max Duration Limit frequently']
Dec 28, 2025 23:14:00 (+00:00:26) - src.training.steps.labeling.label_geometry_selection - INFO - Relaxed gate: Accepting geometry with survival=39.38% despite gate failure: ['Low Uniqueness (0.00 < 0.3)', 'Warning: Hits Max Duration Limit frequently']
Dec 28, 2025 23:14:01 (+00:00:26) - src.training.steps.labeling.label_geometry_selection - INFO - Relaxed gate: Accepting geometry with survival=19.99% despite gate failure: ['Low Uniqueness (0.00 < 0.3)', 'Warning: Hits Max Duration Limit frequently']
Dec 28, 2025 23:14:01 (+00:00:26) - src.training.steps.labeling.label_geometry_selection - INFO - Relaxed gate: Accepting geometry with survival=43.07% despite gate failure: ['Low Uniqueness (0.00 < 0.3)', 'Warning: Hits Max Duration Limit frequently']
Dec 28, 2025 23:14:01 (+00:00:26) - src.training.steps.labeling.label_geometry_selection - INFO - Relaxed gate: Accepting geometry with survival=30.93% despite gate failure: ['Low Uniqueness (0.00 < 0.3)', 'Warning: Hits Max Duration Limit frequently', 'Low Learnability (AUC Lift -0.032)']
Dec 28, 2025 23:14:01 (+00:00:27) - src.training.steps.labeling.label_geometry_selection - INFO - Relaxed gate: Accepting geometry with survival=33.32% despite gate failure: ['Low Uniqueness (0.00 < 0.3)', 'Warning: Hits Max Duration Limit frequently']
Dec 28, 2025 23:14:02 (+00:00:27) - src.training.steps.labeling.label_geometry_selection - INFO - Relaxed gate: Accepting geometry with survival=54.03% despite gate failure: ['Low Uniqueness (0.00 < 0.3)', 'Warning: Hits Max Duration Limit frequently']
Dec 28, 2025 23:14:02 (+00:00:27) - src.training.steps.labeling.label_geometry_selection - INFO - Pruning 30 accepted geometries based on correlation...
Dec 28, 2025 23:14:02 (+00:00:27) - src.training.steps.labeling.label_geometry_selection - INFO - Dropped Sniper (Selective, High Reward) (Sep: 0.045) due to correlation 1.00 with Sniper (Selective, High Reward) (Sep: 0.045)
Dec 28, 2025 23:14:02 (+00:00:27) - src.training.steps.labeling.label_geometry_selection - INFO - Dropped Balanced (Sep: 0.033) due to correlation 1.00 with Sniper (Selective, High Reward) (Sep: 0.035)
Dec 28, 2025 23:14:02 (+00:00:27) - src.training.steps.labeling.label_geometry_selection - INFO - Final Selection: 10 geometries (Best Separation Score: 0.110, Max: 10)
Dec 28, 2025 23:14:02 (+00:00:27) - src.training.steps.labeling.label_based_layer_2 - INFO - Optimizing family: Trend Continuation
Dec 28, 2025 23:14:02 (+00:00:27) - src.training.steps.labeling.label_geometry_selection - INFO - Vectorizing 5571 events for horizons [8, 12, 16, 20, 24]...
Dec 28, 2025 23:14:02 (+00:00:28) - src.training.steps.labeling.label_geometry_selection - INFO - Generated 1680 raw candidates
Dec 28, 2025 23:14:02 (+00:00:28) - src.training.steps.labeling.label_geometry_selection - INFO - After hard constraints: 1680 candidates
Dec 28, 2025 23:14:02 (+00:00:28) - src.training.steps.labeling.label_geometry_selection - INFO - Distance-based deduplication: 1680 -> 30 candidates
Dec 28, 2025 23:14:02 (+00:00:28) - src.training.steps.labeling.label_geometry_selection - INFO - Training LGBM on 30 pre-filtered candidates...
Dec 28, 2025 23:14:03 (+00:00:28) - src.training.steps.labeling.label_geometry_selection - INFO - Relaxed gate: Accepting geometry with survival=34.84% despite gate failure: ['Low Uniqueness (0.00 < 0.3)', 'Warning: Hits Max Duration Limit frequently']
Dec 28, 2025 23:14:03 (+00:00:28) - src.training.steps.labeling.label_geometry_selection - INFO - Relaxed gate: Accepting geometry with survival=36.51% despite gate failure: ['Low Uniqueness (0.00 < 0.3)', 'Warning: Hits Max Duration Limit frequently']
Dec 28, 2025 23:14:03 (+00:00:28) - src.training.steps.labeling.label_geometry_selection - INFO - Relaxed gate: Accepting geometry with survival=38.31% despite gate failure: ['Low Uniqueness (0.00 < 0.3)', 'Warning: Hits Max Duration Limit frequently']
Dec 28, 2025 23:14:03 (+00:00:29) - src.training.steps.labeling.label_geometry_selection - INFO - Relaxed gate: Accepting geometry with survival=24.45% despite gate failure: ['Low Uniqueness (0.00 < 0.3)', 'Warning: Hits Max Duration Limit frequently']
Dec 28, 2025 23:14:04 (+00:00:29) - src.training.steps.labeling.label_geometry_selection - INFO - Relaxed gate: Accepting geometry with survival=32.45% despite gate failure: ['Low Uniqueness (0.00 < 0.3)', 'Warning: Hits Max Duration Limit frequently']
Dec 28, 2025 23:14:04 (+00:00:29) - src.training.steps.labeling.label_geometry_selection - INFO - Relaxed gate: Accepting geometry with survival=27.34% despite gate failure: ['Low Uniqueness (0.00 < 0.3)', 'Warning: Hits Max Duration Limit frequently']
Dec 28, 2025 23:14:04 (+00:00:29) - src.training.steps.labeling.label_geometry_selection - INFO - Relaxed gate: Accepting geometry with survival=19.87% despite gate failure: ['Low Uniqueness (0.00 < 0.3)', 'Warning: Hits Max Duration Limit frequently']
Dec 28, 2025 23:14:04 (+00:00:30) - src.training.steps.labeling.label_geometry_selection - INFO - Relaxed gate: Accepting geometry with survival=20.01% despite gate failure: ['Low Uniqueness (0.00 < 0.3)', 'Warning: Hits Max Duration Limit frequently']
Dec 28, 2025 23:14:05 (+00:00:30) - src.training.steps.labeling.label_geometry_selection - INFO - Relaxed gate: Accepting geometry with survival=27.89% despite gate failure: ['Low Uniqueness (0.00 < 0.3)', 'Warning: Hits Max Duration Limit frequently']
Dec 28, 2025 23:14:05 (+00:00:30) - src.training.steps.labeling.label_geometry_selection - INFO - Relaxed gate: Accepting geometry with survival=39.40% despite gate failure: ['Low Uniqueness (0.00 < 0.3)', 'Warning: Hits Max Duration Limit frequently']
Dec 28, 2025 23:14:05 (+00:00:30) - src.training.steps.labeling.label_geometry_selection - INFO - Relaxed gate: Accepting geometry with survival=40.87% despite gate failure: ['Low Uniqueness (0.00 < 0.3)', 'Warning: Hits Max Duration Limit frequently']
Dec 28, 2025 23:14:05 (+00:00:31) - src.training.steps.labeling.label_geometry_selection - INFO - Relaxed gate: Accepting geometry with survival=41.70% despite gate failure: ['Low Uniqueness (0.00 < 0.3)', 'Warning: Hits Max Duration Limit frequently']
Dec 28, 2025 23:14:06 (+00:00:31) - src.training.steps.labeling.label_geometry_selection - INFO - Relaxed gate: Accepting geometry with survival=37.71% despite gate failure: ['Low Uniqueness (0.00 < 0.3)', 'Warning: Hits Max Duration Limit frequently']
Dec 28, 2025 23:14:06 (+00:00:31) - src.training.steps.labeling.label_geometry_selection - INFO - Relaxed gate: Accepting geometry with survival=24.04% despite gate failure: ['Low Uniqueness (0.00 < 0.3)', 'Warning: Hits Max Duration Limit frequently']
Dec 28, 2025 23:14:06 (+00:00:31) - src.training.steps.labeling.label_geometry_selection - INFO - Relaxed gate: Accepting geometry with survival=31.74% despite gate failure: ['Low Uniqueness (0.00 < 0.3)', 'Warning: Hits Max Duration Limit frequently']
Dec 28, 2025 23:14:06 (+00:00:32) - src.training.steps.labeling.label_geometry_selection - INFO - Relaxed gate: Accepting geometry with survival=43.01% despite gate failure: ['Low Uniqueness (0.00 < 0.3)', 'Warning: Hits Max Duration Limit frequently']
Dec 28, 2025 23:14:07 (+00:00:32) - src.training.steps.labeling.label_geometry_selection - INFO - Relaxed gate: Accepting geometry with survival=19.98% despite gate failure: ['Low Uniqueness (0.00 < 0.3)', 'Warning: Hits Max Duration Limit frequently']
Dec 28, 2025 23:14:07 (+00:00:32) - src.training.steps.labeling.label_geometry_selection - INFO - Relaxed gate: Accepting geometry with survival=40.12% despite gate failure: ['Low Uniqueness (0.00 < 0.3)', 'Warning: Hits Max Duration Limit frequently']
Dec 28, 2025 23:14:07 (+00:00:33) - src.training.steps.labeling.label_geometry_selection - INFO - Relaxed gate: Accepting geometry with survival=20.01% despite gate failure: ['Low Uniqueness (0.00 < 0.3)', 'Warning: Hits Max Duration Limit frequently']
Dec 28, 2025 23:14:08 (+00:00:33) - src.training.steps.labeling.label_geometry_selection - INFO - Relaxed gate: Accepting geometry with survival=29.94% despite gate failure: ['Low Uniqueness (0.00 < 0.3)', 'Warning: Hits Max Duration Limit frequently']
Dec 28, 2025 23:14:08 (+00:00:33) - src.training.steps.labeling.label_geometry_selection - INFO - Relaxed gate: Accepting geometry with survival=20.00% despite gate failure: ['Low Uniqueness (0.00 < 0.3)', 'Warning: Hits Max Duration Limit frequently']
Dec 28, 2025 23:14:08 (+00:00:33) - src.training.steps.labeling.label_geometry_selection - INFO - Relaxed gate: Accepting geometry with survival=42.24% despite gate failure: ['Low Uniqueness (0.00 < 0.3)', 'Warning: Hits Max Duration Limit frequently']
Dec 28, 2025 23:14:08 (+00:00:34) - src.training.steps.labeling.label_geometry_selection - INFO - Relaxed gate: Accepting geometry with survival=41.41% despite gate failure: ['Low Uniqueness (0.00 < 0.3)', 'Warning: Hits Max Duration Limit frequently']
Dec 28, 2025 23:14:08 (+00:00:34) - src.training.steps.labeling.label_geometry_selection - INFO - Relaxed gate: Accepting geometry with survival=20.01% despite gate failure: ['Low Uniqueness (0.00 < 0.3)', 'Warning: Hits Max Duration Limit frequently']
Dec 28, 2025 23:14:09 (+00:00:34) - src.training.steps.labeling.label_geometry_selection - INFO - Relaxed gate: Accepting geometry with survival=36.80% despite gate failure: ['Low Uniqueness (0.00 < 0.3)', 'Warning: Hits Max Duration Limit frequently']
Dec 28, 2025 23:14:09 (+00:00:34) - src.training.steps.labeling.label_geometry_selection - INFO - Relaxed gate: Accepting geometry with survival=19.96% despite gate failure: ['Low Uniqueness (0.00 < 0.3)', 'Warning: Hits Max Duration Limit frequently']
Dec 28, 2025 23:14:09 (+00:00:35) - src.training.steps.labeling.label_geometry_selection - INFO - Relaxed gate: Accepting geometry with survival=40.26% despite gate failure: ['Low Uniqueness (0.00 < 0.3)', 'Warning: Hits Max Duration Limit frequently']
Dec 28, 2025 23:14:10 (+00:00:35) - src.training.steps.labeling.label_geometry_selection - INFO - Relaxed gate: Accepting geometry with survival=30.16% despite gate failure: ['Low Uniqueness (0.00 < 0.3)', 'Warning: Hits Max Duration Limit frequently']
Dec 28, 2025 23:14:10 (+00:00:35) - src.training.steps.labeling.label_geometry_selection - INFO - Relaxed gate: Accepting geometry with survival=32.71% despite gate failure: ['Low Uniqueness (0.00 < 0.3)', 'Warning: Hits Max Duration Limit frequently']
Dec 28, 2025 23:14:10 (+00:00:36) - src.training.steps.labeling.label_geometry_selection - INFO - Relaxed gate: Accepting geometry with survival=51.43% despite gate failure: ['Low Uniqueness (0.00 < 0.3)', 'Warning: Hits Max Duration Limit frequently']
Dec 28, 2025 23:14:10 (+00:00:36) - src.training.steps.labeling.label_geometry_selection - INFO - Pruning 30 accepted geometries based on correlation...
Dec 28, 2025 23:14:10 (+00:00:36) - src.training.steps.labeling.label_geometry_selection - INFO - Dropped Pain Averse (High Penalty for Drawdown) (Sep: 0.183) due to correlation 0.91 with Pain Averse (High Penalty for Drawdown) (Sep: 0.189)
Dec 28, 2025 23:14:10 (+00:00:36) - src.training.steps.labeling.label_geometry_selection - INFO - Dropped Sniper (Selective, High Reward) (Sep: 0.129) due to correlation 0.98 with Sniper (Selective, High Reward) (Sep: 0.169)
Dec 28, 2025 23:14:10 (+00:00:36) - src.training.steps.labeling.label_geometry_selection - INFO - Dropped Sniper (Selective, High Reward) (Sep: 0.144) due to correlation 0.91 with Balanced (Sep: 0.150)
Dec 28, 2025 23:14:10 (+00:00:36) - src.training.steps.labeling.label_geometry_selection - INFO - Dropped Balanced (Sep: 0.087) due to correlation 0.91 with Pain Averse (High Penalty for Drawdown) (Sep: 0.132)
Dec 28, 2025 23:14:10 (+00:00:36) - src.training.steps.labeling.label_geometry_selection - INFO - Dropped Balanced (Sep: 0.058) due to correlation 0.92 with Pain Averse (High Penalty for Drawdown) (Sep: 0.064)
Dec 28, 2025 23:14:10 (+00:00:36) - src.training.steps.labeling.label_geometry_selection - INFO - Dropped Sniper (Selective, High Reward) (Sep: 0.051) due to correlation 1.00 with Balanced (Sep: 0.051)
Dec 28, 2025 23:14:10 (+00:00:36) - src.training.steps.labeling.label_geometry_selection - INFO - Final Selection: 10 geometries (Best Separation Score: 0.189, Max: 10)
Dec 28, 2025 23:14:10 (+00:00:36) - src.training.steps.labeling.label_based_layer_2 - INFO - Layer2 Full Optimization: extracted_trials_per_family={'Momentum': 10, 'Mean Reversion': 10, 'Trend Continuation': 10}
Dec 28, 2025 23:14:11 (+00:00:36) - ares.step.meta_labeling_hpo_sample_weighted - ERROR - Step meta_labeling_hpo_sample_weighted failed: cannot access local variable 'subset_exit' where it is not associated with a value
Traceback (most recent call last):
  File "/Users/remyroche/Documents/Ares/src/training/steps/base_step.py", line 1715, in run
    execution_result = await self.execute(config)
                       ^^^^^^^^^^^^^^^^^^^^^^^^^^
  File "/Users/remyroche/Documents/Ares/src/training/steps/labeling/meta_labeling_hpo_sample_weighted.py", line 1131, in execute
    l2_output = layer2.run(train_data)
                ^^^^^^^^^^^^^^^^^^^^^^
  File "/Users/remyroche/Documents/Ares/src/training/steps/labeling/label_based_layer_2.py", line 869, in run
    production_geometries, production_selected_features = self.optimize_production_geometries(
                                                          ^^^^^^^^^^^^^^^^^^^^^^^^^^^^^^^^^^^^
  File "/Users/remyroche/Documents/Ares/src/training/steps/labeling/label_based_layer_2.py", line 943, in optimize_production_geometries
    production_geometries = self._select_best_geometries(df, events_df, full_results, require_passed=True)
                            ^^^^^^^^^^^^^^^^^^^^^^^^^^^^^^^^^^^^^^^^^^^^^^^^^^^^^^^^^^^^^^^^^^^^^^^^^^^^^^
  File "/Users/remyroche/Documents/Ares/src/training/steps/labeling/label_based_layer_2.py", line 5277, in _select_best_geometries
    if self._check_stability(df, fam_events, cand.params, cand.final_score, fam):
       ^^^^^^^^^^^^^^^^^^^^^^^^^^^^^^^^^^^^^^^^^^^^^^^^^^^^^^^^^^^^^^^^^^^^^^^^^
  File "/Users/remyroche/Documents/Ares/src/training/steps/labeling/label_based_layer_2.py", line 4171, in _check_stability
    base_labels, _, _, _, _ = self._compute_dominance_labels(df, events_df, family=family, **trial_params)
                              ^^^^^^^^^^^^^^^^^^^^^^^^^^^^^^^^^^^^^^^^^^^^^^^^^^^^^^^^^^^^^^^^^^^^^^^^^^^^
  File "/Users/remyroche/Documents/Ares/src/training/steps/labeling/label_based_layer_2.py", line 2708, in _compute_dominance_labels
    final_exit = subset_exit
                 ^^^^^^^^^^^
UnboundLocalError: cannot access local variable 'subset_exit' where it is not associated with a value

Dec 28, 2025 23:14:11 (+00:00:36) - ares.launcher - ERROR - ❌ Failed to complete step: meta_labeling_hpo_sample_weighted
Dec 28, 2025 23:14:11 (+00:00:36) - ares.launcher - INFO - ✅ Simplified Ares Launcher completed
Dec 28, 2025 23:14:11 (+00:00:36) - ares.registry - INFO - Registered step: data_download
