Dec 28, 2025 23:40:26 (+00:00:00) - DataQualityFramework - INFO - ✅ Comprehensive duplicate analyzer integrated
Dec 28, 2025 23:40:26 (+00:00:00) - DataQualityFramework - INFO - 🔧 Unified Data Quality Framework initialized (singleton)
Dec 28, 2025 23:40:26 (+00:00:00) - DataCleaner - INFO - Using klines-specific gap thresholds: {<GapType.SMALL: 'small'>: 65, <GapType.MEDIUM: 'medium'>: 300, <GapType.LARGE: 'large'>: 1800, <GapType.CRITICAL: 'critical'>: 3600}
Dec 28, 2025 23:40:26 (+00:00:00) - DataCleaner - INFO - Using klines-specific gap thresholds: {<GapType.SMALL: 'small'>: 65, <GapType.MEDIUM: 'medium'>: 300, <GapType.LARGE: 'large'>: 1800, <GapType.CRITICAL: 'critical'>: 3600}
Dec 28, 2025 23:40:26 (+00:00:00) - DataCleanerManager - INFO - 🔧 DataCleanerManager initialized (singleton)
Dec 28, 2025 23:40:26 (+00:00:00) - System.AdvancedQualityMetrics - INFO - 📊 AdvancedQualityMetrics initialized with tolerant parameters
Dec 28, 2025 23:40:26 (+00:00:00) - System.DataStreamingManager - INFO - 🚀 DataStreamingManager initialized (singleton): chunk_size=10000, memory_threshold=0.8
Dec 28, 2025 23:40:26 (+00:00:00) - System.CrossStepValidator - INFO - 🔍 CrossStepValidator initialized with comprehensive consistency rules
Dec 28, 2025 23:40:26 (+00:00:00) - DataCleaner - INFO - Using klines-specific gap thresholds: {<GapType.SMALL: 'small'>: 65, <GapType.MEDIUM: 'medium'>: 300, <GapType.LARGE: 'large'>: 1800, <GapType.CRITICAL: 'critical'>: 3600}
Dec 28, 2025 23:40:26 (+00:00:00) - System.UnifiedDataUtils - INFO - 🚀 Unified Data Utils initialized
Dec 28, 2025 23:40:26 (+00:00:00) - utils.hardware.m1_gpu_utils.M1GPUManager - INFO - M1 GPU Manager initialized - M1: True, Generation: m1, MPS: True
Dec 28, 2025 23:40:26 (+00:00:00) - utils.hardware.m1_cpu_optimizer.M1CPUOptimizer - INFO - 🧠 M1 CPU Optimizer initialized for M1 (4P+4E cores)
Dec 28, 2025 23:40:26 (+00:00:00) - utils.matrix_operations.enhanced_operations.CustomMatrixOperationsRegistry - INFO - 📝 Registered custom matrix operation: gpu_condition_number
Dec 28, 2025 23:40:26 (+00:00:00) - utils.matrix_operations.enhanced_operations.CustomMatrixOperationsRegistry - INFO - 📝 Registered custom matrix operation: gpu_matrix_rank
Dec 28, 2025 23:40:26 (+00:00:00) - utils.matrix_operations.enhanced_operations.CustomMatrixOperationsRegistry - INFO - 📝 Registered custom matrix operation: matrix_normalize
Dec 28, 2025 23:40:26 (+00:00:00) - utils.matrix_operations.enhanced_operations.CustomMatrixOperationsRegistry - INFO - 📝 Registered custom matrix operation: extract_matrix_features
Dec 28, 2025 23:40:26 (+00:00:00) - utils.matrix_operations - INFO - ✅ Unified Matrix Operations module initialized
Dec 28, 2025 23:40:26 (+00:00:00) - utils.matrix_operations - INFO - 📦 Version: 1.0.0
Dec 28, 2025 23:40:26 (+00:00:00) - utils.matrix_operations - INFO - 🔧 Features: VectorBT optimizations, GPU acceleration, memory optimization, vectorized processing, batch operations
Dec 28, 2025 23:40:26 (+00:00:00) - utils.matrix_operations - INFO - 🍎 Optimized for: Apple Silicon M1/M2/M3 Macs
Dec 28, 2025 23:40:26 (+00:00:00) - utils.matrix_operations - INFO - 🚀 VectorBT optimizations enabled - expect 2-10x performance improvements
Dec 28, 2025 23:40:26 (+00:00:00) - utils.matrix_operations - INFO - 🎯 VectorBTRollingOptimizer available - enhanced rolling operations
Dec 28, 2025 23:40:26 (+00:00:00) - utils.matrix_operations - INFO - ⚡ UnifiedVectorizationManager available - unified vectorization operations
Dec 28, 2025 23:40:26 (+00:00:00) - src.config.regime_ensemble_training.config_manager.RegimeEnsembleTrainingConfigManager - INFO - RegimeEnsembleTrainingConfigManager initialisé
Dec 28, 2025 23:40:26 (+00:00:00) - src.config.regime_ensemble_training.config_manager.RegimeEnsembleTrainingConfigManager - INFO - Répertoire config: /Users/remyroche/Documents/Ares/src/config/regime_ensemble_training
Dec 28, 2025 23:40:26 (+00:00:00) - src.config.regime_ensemble_training.config_manager.RegimeEnsembleTrainingConfigManager - INFO - Config personnalisée: None
Dec 28, 2025 23:40:26 (+00:00:00) - src.config.regime_ensemble_training.config_manager.RegimeEnsembleTrainingConfigManager - INFO - Fallback hardcodé: True
Dec 28, 2025 23:40:26 (+00:00:00) - ares.registry - INFO - Registered step: regime_ensemble_training
Dec 28, 2025 23:40:26 (+00:00:00) - ares.registry - INFO - Registered step: regime_feature_selection
Dec 28, 2025 23:40:27 (+00:00:01) - src.utils.hardware.m1_memory_optimizer.M1MemoryOptimizer - INFO - 🧹 Moderate cleanup: 20 objects collected
Dec 28, 2025 23:40:28 (+00:00:01) - src.training.steps.market_analysis.shared_utils.execution_mode_lookback_config - INFO - 🔧 Initializing Execution Mode Lookback Configuration
Dec 28, 2025 23:40:28 (+00:00:01) - src.training.steps.market_analysis.shared_utils.execution_mode_lookback_config - INFO - ✅ Execution Mode Lookback Configuration initialized
Dec 28, 2025 23:40:28 (+00:00:01) - ares.registry - INFO - Registered step: rolling_hmm_regime_discovery
Dec 28, 2025 23:40:28 (+00:00:02) - ares.registry - INFO - Registered step: sr_parameter_optimization
Dec 28, 2025 23:40:28 (+00:00:02) - ares.registry - INFO - Registered step: regime_clustering
Dec 28, 2025 23:40:28 (+00:00:02) - ares.registry - INFO - Registered step: regime_ensemble_training
Dec 28, 2025 23:40:28 (+00:00:02) - ares.registry - INFO - Registered step: sr_clustering
Dec 28, 2025 23:40:28 (+00:00:02) - ares.registry - INFO - Registered step: sr_detection
Dec 28, 2025 23:40:28 (+00:00:02) - ares.registry - INFO - Registered step: regime_feature_selection
Dec 28, 2025 23:40:28 (+00:00:02) - ares.registry - INFO - Registered step: sticky_finite_hmm_regime_discovery
Dec 28, 2025 23:40:28 (+00:00:02) - ares.registry - INFO - Registered step: xgb_meso_regime
Dec 28, 2025 23:40:28 (+00:00:02) - ares.registry - INFO - Registered step: xgb_mr_trend_step
Dec 28, 2025 23:40:28 (+00:00:02) - ares.registry - INFO - Registered step: hmm_ml_alpha_step
Dec 28, 2025 23:40:28 (+00:00:02) - ares.registry - INFO - Registered step: xgb_macro_regime
Dec 28, 2025 23:40:28 (+00:00:02) - ares.registry - INFO - Registered step: ml_risk_regime_step
Dec 28, 2025 23:40:28 (+00:00:02) - ares.registry - INFO - Registered step: ml_smc_regime_step
Dec 28, 2025 23:40:28 (+00:00:02) - ares.registry - INFO - Registered step: ml_path_regime_step
Dec 28, 2025 23:40:28 (+00:00:02) - ares.registry - INFO - Registered step: ml_mean_reversion_step
Dec 28, 2025 23:40:28 (+00:00:02) - ares.registry - INFO - Registered step: ml_breakout_bounce_regime_step
Dec 28, 2025 23:40:28 (+00:00:02) - ares.registry - INFO - Registered step: ml_map_regime_step
Dec 28, 2025 23:40:28 (+00:00:02) - ares.registry - INFO - Registered step: ml_liquidity_regime_step
Dec 28, 2025 23:40:28 (+00:00:02) - ares.registry - INFO - Registered step: ml_volume_force_step
Dec 28, 2025 23:40:28 (+00:00:02) - ares.registry - INFO - Registered step: feature_generation_meta_labeling_step
Dec 28, 2025 23:40:28 (+00:00:02) - ares.registry - INFO - Registered step: sr_labeling_xgb
Dec 28, 2025 23:40:28 (+00:00:02) - ares.registry - INFO - Registered step: meta_labeling_hpo_experiment
Dec 28, 2025 23:40:28 (+00:00:02) - ares.launcher - INFO - Starting Simplified Ares Launcher...
Dec 28, 2025 23:40:28 (+00:00:02) - ares.launcher - INFO - 🧹 Starting cleanup of duplicate files...
Dec 28, 2025 23:40:28 (+00:00:02) - ares.launcher - INFO - Cleaning directory: logs (keeping 100 youngest files per group)
Dec 28, 2025 23:40:28 (+00:00:02) - ares.launcher - INFO -   Group 'unified.log': 101 files, keeping 100, deleting 1
Dec 28, 2025 23:40:28 (+00:00:02) - ares.launcher - INFO - Cleaning directory: artifacts (keeping 3 youngest files per group)
Dec 28, 2025 23:40:28 (+00:00:02) - ares.launcher - INFO - Cleaning directory: outcomes (keeping 3 youngest files per group)
Dec 28, 2025 23:40:28 (+00:00:02) - ares.launcher - INFO -   Group 'layer0_report_ETHUSDT_15m.md': 4 files, keeping 3, deleting 1
Dec 28, 2025 23:40:28 (+00:00:02) - ares.launcher - INFO -   Group 'layer0_summary_ETHUSDT_15m.csv': 4 files, keeping 3, deleting 1
Dec 28, 2025 23:40:28 (+00:00:02) - ares.launcher - INFO - ✅ Cleanup complete: 3 files deleted, 0 files skipped
Dec 28, 2025 23:40:28 (+00:00:02) - ares.launcher - INFO - Detected positional command: meta_labeling_hpo_sample_weighted
Dec 28, 2025 23:40:28 (+00:00:02) - src.utils.ml_common.optimization.execution_mode_adapter - INFO - 🔧 Execution mode set to: LIGHT
Dec 28, 2025 23:40:28 (+00:00:02) - ares.launcher - INFO - 🔧 Execution mode set to: LIGHT
Dec 28, 2025 23:40:28 (+00:00:02) - ares.launcher - INFO - Running single step: meta_labeling_hpo_sample_weighted
Dec 28, 2025 23:40:28 (+00:00:02) - ares.launcher - INFO - Starting execution of step: meta_labeling_hpo_sample_weighted
Dec 28, 2025 23:40:28 (+00:00:02) - ares.step.meta_labeling_hpo_sample_weighted - INFO - Starting execution of meta_labeling_hpo_sample_weighted
Dec 28, 2025 23:40:28 (+00:00:02) - ares.step.meta_labeling_hpo_sample_weighted - INFO - Execution mode resolved for meta_labeling_hpo_sample_weighted: requested_cli=light → persona=analyst
Dec 28, 2025 23:40:28 (+00:00:02) - System.VersionManager - INFO - ✅ Loaded version config from config/version_config.json
Dec 28, 2025 23:40:28 (+00:00:02) - System.ArtifactManager - INFO - 📁 Context set: step=meta_labeling_hpo_sample_weighted, symbol=None, exchange=None, timeframe=None, datetime=2025-12-28 23:40:28.221134, information=None, direction=long, model=Analyst
Dec 28, 2025 23:40:28 (+00:00:02) - System.ArtifactManager - INFO - 📁 Context set: step=klines_downloading_processing, symbol=ETHUSDT, exchange=binance, timeframe=15m, datetime=2025-12-28 22:40:28.223252, information=None, direction=long, model=Analyst
Dec 28, 2025 23:40:28 (+00:00:02) - System.KlinesParquetManager - INFO - ✅ KlinesParquetManager initialized with base_dir: historical_data
Dec 28, 2025 23:40:28 (+00:00:02) - src.utils.kline_parquet - INFO - load_klines executed in 0.94ms
Dec 28, 2025 23:40:28 (+00:00:02) - ares.step.meta_labeling_hpo_sample_weighted - WARNING - Artifact 'klines_data' not found via router, trying traditional manager
Dec 28, 2025 23:40:28 (+00:00:02) - System.ArtifactManager - INFO - 📁 Context set: step=meta_labeling_hpo_sample_weighted, symbol=None, exchange=None, timeframe=15m, datetime=2025-12-28 23:40:28.221134, information=None, direction=long, model=Analyst
Dec 28, 2025 23:40:28 (+00:00:02) - System.ArtifactManager - WARNING - Artifact not found: klines_data
Dec 28, 2025 23:40:28 (+00:00:02) - System.ArtifactManager - INFO - 📁 Context set: step=meta_labeling_hpo_sample_weighted, symbol=None, exchange=None, timeframe=None, datetime=2025-12-28 23:40:28.221134, information=None, direction=long, model=Analyst
Dec 28, 2025 23:40:28 (+00:00:02) - System.ArtifactManager - INFO - 📁 Context set: step=data_collection, symbol=ETHUSDT, exchange=binance, timeframe=15m, datetime=2025-12-28 22:40:28.336609, information=None, direction=long, model=Analyst
Dec 28, 2025 23:40:28 (+00:00:02) - ares.step.meta_labeling_hpo_sample_weighted - WARNING - Artifact 'market_data' not found via router, trying traditional manager
Dec 28, 2025 23:40:28 (+00:00:02) - System.ArtifactManager - INFO - 📁 Context set: step=meta_labeling_hpo_sample_weighted, symbol=None, exchange=None, timeframe=15m, datetime=2025-12-28 23:40:28.221134, information=None, direction=long, model=Analyst
Dec 28, 2025 23:40:28 (+00:00:02) - System.ArtifactManager - WARNING - Artifact not found: market_data
Dec 28, 2025 23:40:28 (+00:00:02) - System.ArtifactManager - INFO - 📁 Context set: step=meta_labeling_hpo_sample_weighted, symbol=None, exchange=None, timeframe=None, datetime=2025-12-28 23:40:28.221134, information=None, direction=long, model=Analyst
Dec 28, 2025 23:40:28 (+00:00:02) - System.ArtifactManager - INFO - 📁 Context set: step=data_reading, symbol=ETHUSDT, exchange=binance, timeframe=15m, datetime=2025-12-28 22:40:28.416515, information=None, direction=long, model=Analyst
Dec 28, 2025 23:40:28 (+00:00:02) - src.utils.kline_parquet - INFO - load_klines executed in 0.27ms
Dec 28, 2025 23:40:28 (+00:00:02) - ares.step.meta_labeling_hpo_sample_weighted - WARNING - Artifact 'ohlcv_data' not found via router, trying traditional manager
Dec 28, 2025 23:40:28 (+00:00:02) - System.ArtifactManager - INFO - 📁 Context set: step=meta_labeling_hpo_sample_weighted, symbol=None, exchange=None, timeframe=15m, datetime=2025-12-28 23:40:28.221134, information=None, direction=long, model=Analyst
Dec 28, 2025 23:40:28 (+00:00:02) - System.ArtifactManager - WARNING - Artifact not found: ohlcv_data
Dec 28, 2025 23:40:28 (+00:00:02) - System.ArtifactManager - INFO - 📁 Context set: step=meta_labeling_hpo_sample_weighted, symbol=None, exchange=None, timeframe=None, datetime=2025-12-28 23:40:28.221134, information=None, direction=long, model=Analyst
Dec 28, 2025 23:40:28 (+00:00:02) - System.ArtifactManager - INFO - 📁 Context set: step=meta_labeling_hpo_sample_weighted, symbol=None, exchange=None, timeframe=None, datetime=2025-12-28 23:40:28.221134, information=None, direction=long, model=Analyst
Dec 28, 2025 23:40:28 (+00:00:02) - System.KlinesParquetManager - INFO - ✅ KlinesParquetManager initialized with base_dir: historical_data
Dec 28, 2025 23:40:28 (+00:00:02) - System.KlinesParquetManager - INFO - ✅ KlinesParquetManager initialized with base_dir: historical_data
Dec 28, 2025 23:40:29 (+00:00:02) - System.ParquetUtils - INFO - ✅ Read parquet: 3b08e855a9c24b019d7c633963954045-0.parquet -> (104, 9)
Dec 28, 2025 23:40:29 (+00:00:02) - System.ParquetUtils - INFO - ✅ Read parquet: 3b08e855a9c24b019d7c633963954045-0.parquet -> (2880, 9)
Dec 28, 2025 23:40:29 (+00:00:02) - System.ParquetUtils - INFO - ✅ Read parquet: 3b08e855a9c24b019d7c633963954045-0.parquet -> (2976, 9)
Dec 28, 2025 23:40:29 (+00:00:02) - System.ParquetUtils - INFO - ✅ Read parquet: 3b08e855a9c24b019d7c633963954045-0.parquet -> (2976, 9)
Dec 28, 2025 23:40:29 (+00:00:02) - System.ParquetUtils - INFO - ✅ Read parquet: 3b08e855a9c24b019d7c633963954045-0.parquet -> (2976, 9)
Dec 28, 2025 23:40:29 (+00:00:02) - System.ParquetUtils - INFO - ✅ Read parquet: 3b08e855a9c24b019d7c633963954045-0.parquet -> (2877, 9)
Dec 28, 2025 23:40:29 (+00:00:02) - System.ParquetUtils - INFO - ✅ Read parquet: 3b08e855a9c24b019d7c633963954045-0.parquet -> (2047, 9)
Dec 28, 2025 23:40:29 (+00:00:02) - System.ParquetUtils - INFO - ✅ Read parquet: 3b08e855a9c24b019d7c633963954045-0.parquet -> (2688, 9)
Dec 28, 2025 23:40:29 (+00:00:02) - System.ParquetUtils - INFO - ✅ Read parquet: 3b08e855a9c24b019d7c633963954045-0.parquet -> (2976, 9)
Dec 28, 2025 23:40:29 (+00:00:02) - System.ParquetUtils - INFO - ✅ Read parquet: 3b08e855a9c24b019d7c633963954045-0.parquet -> (2880, 9)
Dec 28, 2025 23:40:29 (+00:00:02) - System.ParquetUtils - INFO - ✅ Read parquet: 3b08e855a9c24b019d7c633963954045-0.parquet -> (2976, 9)
Dec 28, 2025 23:40:29 (+00:00:02) - System.ParquetUtils - INFO - ✅ Read parquet: 3b08e855a9c24b019d7c633963954045-0.parquet -> (2880, 9)
Dec 28, 2025 23:40:29 (+00:00:02) - System.ParquetUtils - INFO - ✅ Read parquet: 3b08e855a9c24b019d7c633963954045-0.parquet -> (2976, 9)
Dec 28, 2025 23:40:29 (+00:00:02) - System.ParquetUtils - INFO - ✅ Read parquet: 3b08e855a9c24b019d7c633963954045-0.parquet -> (2976, 9)
Dec 28, 2025 23:40:29 (+00:00:02) - System.ParquetUtils - INFO - ✅ Read parquet: 3b08e855a9c24b019d7c633963954045-0.parquet -> (2880, 9)
Dec 28, 2025 23:40:29 (+00:00:02) - System.ParquetUtils - INFO - ✅ Read parquet: 3b08e855a9c24b019d7c633963954045-0.parquet -> (2976, 9)
Dec 28, 2025 23:40:29 (+00:00:02) - System.ParquetUtils - INFO - ✅ Read parquet: 3b08e855a9c24b019d7c633963954045-0.parquet -> (2976, 9)
Dec 28, 2025 23:40:29 (+00:00:02) - System.ParquetUtils - INFO - ✅ Read parquet: 3b08e855a9c24b019d7c633963954045-0.parquet -> (2880, 9)
Dec 28, 2025 23:40:29 (+00:00:03) - System.ParquetUtils - INFO - ✅ Read parquet: 3b08e855a9c24b019d7c633963954045-0.parquet -> (2976, 9)
Dec 28, 2025 23:40:29 (+00:00:03) - System.ParquetUtils - INFO - ✅ Read parquet: 3b08e855a9c24b019d7c633963954045-0.parquet -> (2688, 9)
Dec 28, 2025 23:40:29 (+00:00:03) - System.ParquetUtils - INFO - ✅ Read parquet: 3b08e855a9c24b019d7c633963954045-0.parquet -> (2363, 9)
Dec 28, 2025 23:40:29 (+00:00:03) - System.ParquetUtils - INFO - ✅ Read parquet: 3b08e855a9c24b019d7c633963954045-0.parquet -> (2880, 9)
Dec 28, 2025 23:40:29 (+00:00:03) - System.ParquetUtils - INFO - ✅ Read parquet: 3b08e855a9c24b019d7c633963954045-0.parquet -> (2976, 9)
Dec 28, 2025 23:40:29 (+00:00:03) - System.ParquetUtils - INFO - ✅ Read parquet: 3b08e855a9c24b019d7c633963954045-0.parquet -> (2880, 9)
Dec 28, 2025 23:40:29 (+00:00:03) - System.ParquetUtils - INFO - ✅ Read parquet: 3b08e855a9c24b019d7c633963954045-0.parquet -> (2976, 9)
Dec 28, 2025 23:40:29 (+00:00:03) - System.ParquetUtils - INFO - ✅ Read parquet: 3b08e855a9c24b019d7c633963954045-0.parquet -> (2976, 9)
Dec 28, 2025 23:40:29 (+00:00:03) - System.ParquetUtils - INFO - ✅ Read parquet: 3b08e855a9c24b019d7c633963954045-0.parquet -> (2880, 9)
Dec 28, 2025 23:40:29 (+00:00:03) - System.ParquetUtils - INFO - ✅ Read parquet: 3b08e855a9c24b019d7c633963954045-0.parquet -> (2976, 9)
Dec 28, 2025 23:40:29 (+00:00:03) - System.ParquetUtils - INFO - ✅ Read parquet: 3b08e855a9c24b019d7c633963954045-0.parquet -> (2976, 9)
Dec 28, 2025 23:40:29 (+00:00:03) - System.ParquetUtils - INFO - ✅ Read parquet: 3b08e855a9c24b019d7c633963954045-0.parquet -> (2880, 9)
Dec 28, 2025 23:40:29 (+00:00:03) - System.ParquetUtils - INFO - ✅ Read parquet: 3b08e855a9c24b019d7c633963954045-0.parquet -> (2976, 9)
Dec 28, 2025 23:40:29 (+00:00:03) - System.ParquetUtils - INFO - ✅ Read parquet: 3b08e855a9c24b019d7c633963954045-0.parquet -> (2784, 9)
Dec 28, 2025 23:40:29 (+00:00:03) - System.ParquetUtils - INFO - ✅ Read parquet: 3b08e855a9c24b019d7c633963954045-0.parquet -> (2976, 9)
Dec 28, 2025 23:40:29 (+00:00:03) - System.ParquetUtils - INFO - ✅ Read parquet: 3b08e855a9c24b019d7c633963954045-0.parquet -> (2880, 9)
Dec 28, 2025 23:40:29 (+00:00:03) - System.ParquetUtils - INFO - ✅ Read parquet: 3b08e855a9c24b019d7c633963954045-0.parquet -> (2976, 9)
Dec 28, 2025 23:40:29 (+00:00:03) - System.ParquetUtils - INFO - ✅ Read parquet: 3b08e855a9c24b019d7c633963954045-0.parquet -> (2880, 9)
Dec 28, 2025 23:40:29 (+00:00:03) - System.ParquetUtils - INFO - ✅ Read parquet: 3b08e855a9c24b019d7c633963954045-0.parquet -> (2976, 9)
Dec 28, 2025 23:40:29 (+00:00:03) - System.ParquetUtils - INFO - ✅ Read parquet: 3b08e855a9c24b019d7c633963954045-0.parquet -> (2976, 9)
Dec 28, 2025 23:40:29 (+00:00:03) - System.ParquetUtils - INFO - ✅ Read parquet: 3b08e855a9c24b019d7c633963954045-0.parquet -> (2880, 9)
Dec 28, 2025 23:40:29 (+00:00:03) - System.ParquetUtils - INFO - ✅ Read parquet: 3b08e855a9c24b019d7c633963954045-0.parquet -> (2976, 9)
Dec 28, 2025 23:40:29 (+00:00:03) - System.ParquetUtils - INFO - ✅ Read parquet: 3b08e855a9c24b019d7c633963954045-0.parquet -> (2976, 9)
Dec 28, 2025 23:40:29 (+00:00:03) - System.ParquetUtils - INFO - ✅ Read parquet: 3b08e855a9c24b019d7c633963954045-0.parquet -> (2880, 9)
Dec 28, 2025 23:40:29 (+00:00:03) - System.ParquetUtils - INFO - ✅ Read parquet: 3b08e855a9c24b019d7c633963954045-0.parquet -> (924, 9)
Dec 28, 2025 23:40:29 (+00:00:03) - System.ParquetUtils - INFO - ✅ Read parquet: 3b08e855a9c24b019d7c633963954045-0.parquet -> (2688, 9)
Dec 28, 2025 23:40:29 (+00:00:03) - System.ParquetUtils - INFO - ✅ Read parquet: 3b08e855a9c24b019d7c633963954045-0.parquet -> (2976, 9)
Dec 28, 2025 23:40:29 (+00:00:03) - System.ParquetUtils - INFO - ✅ Read parquet: 3b08e855a9c24b019d7c633963954045-0.parquet -> (2880, 9)
Dec 28, 2025 23:40:29 (+00:00:03) - System.ParquetUtils - INFO - ✅ Read parquet: 3b08e855a9c24b019d7c633963954045-0.parquet -> (2976, 9)
Dec 28, 2025 23:40:29 (+00:00:03) - System.ParquetUtils - INFO - ✅ Read parquet: 3b08e855a9c24b019d7c633963954045-0.parquet -> (2880, 9)
Dec 28, 2025 23:40:29 (+00:00:03) - System.ParquetUtils - INFO - ✅ Read parquet: 3b08e855a9c24b019d7c633963954045-0.parquet -> (2976, 9)
Dec 28, 2025 23:40:29 (+00:00:03) - System.ParquetUtils - INFO - ✅ Read parquet: 3b08e855a9c24b019d7c633963954045-0.parquet -> (2976, 9)
Dec 28, 2025 23:40:29 (+00:00:03) - System.ParquetUtils - INFO - ✅ Read parquet: 3b08e855a9c24b019d7c633963954045-0.parquet -> (2880, 9)
Dec 28, 2025 23:40:29 (+00:00:03) - src.utils.kline_parquet - INFO - load_klines executed in 923.61ms
Dec 28, 2025 23:40:39 (+00:00:12) - src.utils.hardware.m1_memory_optimizer.M1MemoryOptimizer - INFO - 🧹 Moderate cleanup: 25228 objects collected
Dec 28, 2025 23:40:41 (+00:00:14) - src.utils.hardware.unified_hardware_manager.HardwarePerformanceMonitor - WARNING - 🚨 ALERT: cpu_usage (98.4) exceeds threshold (85.0)
Dec 28, 2025 23:40:43 (+00:00:17) - src.training.steps.labeling.label_based_layer_2 - INFO - Starting Layer 2 Pipeline...
Dec 28, 2025 23:40:43 (+00:00:17) - src.training.steps.labeling.label_based_layer_2 - INFO - >>> Layer 2: Step 1 - Prepare Data and Events...
Dec 28, 2025 23:40:43 (+00:00:17) - src.training.steps.labeling.label_based_layer_2 - INFO - Generated 1338 events from 2881 bars using CUSUM filter.
Dec 28, 2025 23:40:45 (+00:00:19) - src.utils.hardware.m1_memory_optimizer.M1MemoryOptimizer - INFO - 🧹 Moderate cleanup: 56159 objects collected
Dec 28, 2025 23:40:49 (+00:00:23) - src.training.steps.labeling.label_based_layer_2 - INFO - >>> Layer 2: Step 2 - Optimize Production Geometries...
Dec 28, 2025 23:40:59 (+00:00:33) - src.training.steps.labeling.label_based_layer_2 - INFO - Optimizing geometries: 1338 total events (no family split)
Dec 28, 2025 23:41:00 (+00:00:33) - src.training.steps.labeling.label_geometry_selection - INFO - Vectorizing 1337 events for horizons [8, 12, 16, 20, 24]...
Dec 28, 2025 23:41:00 (+00:00:34) - src.training.steps.labeling.label_geometry_selection - INFO - Event dedup: 1337 → 268 events (min_gap=6 bars)
Dec 28, 2025 23:41:00 (+00:00:34) - src.training.steps.labeling.label_geometry_selection - INFO - Events after dedup: 1337 → 268
Dec 28, 2025 23:41:00 (+00:00:34) - src.training.steps.labeling.label_geometry_selection - INFO - Generated 1680 raw candidates
Dec 28, 2025 23:41:00 (+00:00:34) - src.training.steps.labeling.label_geometry_selection - INFO - After hard constraints: 1680 candidates
Dec 28, 2025 23:41:00 (+00:00:34) - src.training.steps.labeling.label_geometry_selection - INFO - Distance-based deduplication: 1680 -> 30 candidates
Dec 28, 2025 23:41:00 (+00:00:34) - src.training.steps.labeling.label_geometry_selection - INFO - Training LGBM on 30 pre-filtered candidates...
Dec 28, 2025 23:41:07 (+00:00:41) - src.utils.hardware.m1_memory_optimizer.M1MemoryOptimizer - INFO - 🧹 Moderate cleanup: 99 objects collected
Dec 28, 2025 23:41:15 (+00:00:49) - src.utils.hardware.m1_memory_optimizer.M1MemoryOptimizer - INFO - 🧹 Moderate cleanup: 421 objects collected
Dec 28, 2025 23:41:15 (+00:00:49) - src.utils.hardware.unified_hardware_manager.HardwarePerformanceMonitor - WARNING - 🚨 ALERT: cpu_usage (100.0) exceeds threshold (85.0)
Dec 28, 2025 23:41:27 (+00:01:00) - src.utils.hardware.m1_memory_optimizer.M1MemoryOptimizer - INFO - 🧹 Moderate cleanup: 319 objects collected
Dec 28, 2025 23:41:34 (+00:01:08) - src.utils.hardware.m1_memory_optimizer.M1MemoryOptimizer - INFO - 🧹 Moderate cleanup: 275 objects collected
Dec 28, 2025 23:41:39 (+00:01:13) - src.training.steps.labeling.label_geometry_selection - INFO - Pruning 9 accepted geometries based on correlation...
Dec 28, 2025 23:41:39 (+00:01:13) - src.training.steps.labeling.label_geometry_selection - INFO - Dropped Sniper (Selective, High Reward) (Sep: 0.143) due to correlation 1.00 with Balanced (Sep: 0.143)
Dec 28, 2025 23:41:39 (+00:01:13) - src.training.steps.labeling.label_geometry_selection - INFO - Final Selection: 8 geometries (Best Separation Score: 0.153, Max: 10)
Dec 28, 2025 23:41:39 (+00:01:13) - src.training.steps.labeling.label_based_layer_2 - INFO - Geometry selection complete: 8 geometries selected
Dec 28, 2025 23:41:39 (+00:01:13) - src.training.steps.labeling.label_based_layer_2 - INFO - Layer2 Full Optimization: extracted_trials_per_family={'Unified': 8}
Dec 28, 2025 23:41:39 (+00:01:13) - src.training.steps.labeling.label_based_layer_2 - INFO - >>> Layer 2: Tuning Model Parameters & Selecting Features for Production Geometries...
Dec 28, 2025 23:41:41 (+00:01:14) - src.utils.hardware.m1_memory_optimizer.M1MemoryOptimizer - INFO - 🧹 Moderate cleanup: 35 objects collected
Dec 28, 2025 23:41:44 (+00:01:17) - src.training.steps.labeling.label_based_layer_2 - INFO -     Processing geometry Geo_Sel4 (1/1)...
Dec 28, 2025 23:41:44 (+00:01:17) - src.training.steps.labeling.label_based_layer_2 - INFO -     Selecting features for Geo_Sel4...
Dec 28, 2025 23:41:48 (+00:01:22) - src.utils.hardware.unified_hardware_manager.HardwarePerformanceMonitor - WARNING - 🚨 ALERT: cpu_usage (99.7) exceeds threshold (85.0)
Dec 28, 2025 23:41:49 (+00:01:22) - src.training.steps.labeling.label_based_layer_2 - INFO - >>> Layer 2: Step 3 - Running OOF Optimization (Analytics)...
Dec 28, 2025 23:41:49 (+00:01:22) - src.training.steps.labeling.label_based_layer_2 - INFO -    > Processing Fold 1/3...
Dec 28, 2025 23:41:49 (+00:01:22) - src.training.steps.labeling.label_based_layer_2 - INFO - Layer2 OOF Fold 1: purged k-fold val_start=0, val_stop=961, purge_bars=100, test_start_time=2025-11-10 14:45:00, test_end_time=2025-11-20 14:45:00, n_train=1820
Dec 28, 2025 23:41:49 (+00:01:22) - src.training.steps.labeling.label_based_layer_2 - INFO - Layer2 OOF Fold 1: n_train_bars=1820, n_train_events=1007, n_test_events=331
Dec 28, 2025 23:41:51 (+00:01:25) - src.training.steps.labeling.label_based_layer_2 - INFO - Optimizing geometries: 1007 total events (no family split)
Dec 28, 2025 23:41:51 (+00:01:25) - src.training.steps.labeling.label_geometry_selection - INFO - Vectorizing 1006 events for horizons [8, 12, 16, 20, 24]...
Dec 28, 2025 23:41:51 (+00:01:25) - src.training.steps.labeling.label_geometry_selection - INFO - Event dedup: 1006 → 197 events (min_gap=6 bars)
Dec 28, 2025 23:41:51 (+00:01:25) - src.training.steps.labeling.label_geometry_selection - INFO - Events after dedup: 1006 → 197
Dec 28, 2025 23:41:51 (+00:01:25) - src.training.steps.labeling.label_geometry_selection - INFO - Generated 1680 raw candidates
Dec 28, 2025 23:41:51 (+00:01:25) - src.training.steps.labeling.label_geometry_selection - INFO - After hard constraints: 1680 candidates
Dec 28, 2025 23:41:51 (+00:01:25) - src.training.steps.labeling.label_geometry_selection - INFO - Distance-based deduplication: 1680 -> 30 candidates
Dec 28, 2025 23:41:51 (+00:01:25) - src.training.steps.labeling.label_geometry_selection - INFO - Training LGBM on 30 pre-filtered candidates...
Dec 28, 2025 23:41:54 (+00:01:28) - src.utils.hardware.m1_memory_optimizer.M1MemoryOptimizer - INFO - 🧹 Moderate cleanup: 334 objects collected
Dec 28, 2025 23:42:07 (+00:01:41) - src.utils.hardware.m1_memory_optimizer.M1MemoryOptimizer - INFO - 🧹 Moderate cleanup: 158 objects collected
Dec 28, 2025 23:42:18 (+00:01:52) - src.utils.hardware.m1_memory_optimizer.M1MemoryOptimizer - INFO - 🧹 Moderate cleanup: 127 objects collected
Dec 28, 2025 23:42:21 (+00:01:54) - src.utils.hardware.unified_hardware_manager.HardwarePerformanceMonitor - WARNING - 🚨 ALERT: cpu_usage (100.0) exceeds threshold (85.0)
Dec 28, 2025 23:42:25 (+00:01:59) - src.utils.hardware.m1_memory_optimizer.M1MemoryOptimizer - INFO - 🧹 Moderate cleanup: 707 objects collected
Dec 28, 2025 23:42:33 (+00:02:07) - src.utils.hardware.m1_memory_optimizer.M1MemoryOptimizer - INFO - 🧹 Moderate cleanup: 238 objects collected
Dec 28, 2025 23:42:36 (+00:02:10) - src.training.steps.labeling.label_geometry_selection - INFO - Pruning 2 accepted geometries based on correlation...
Dec 28, 2025 23:42:36 (+00:02:10) - src.training.steps.labeling.label_geometry_selection - INFO - Final Selection: 2 geometries (Best Separation Score: 0.232, Max: 10)
Dec 28, 2025 23:42:36 (+00:02:10) - src.training.steps.labeling.label_based_layer_2 - INFO - Geometry selection complete: 2 geometries selected
Dec 28, 2025 23:42:36 (+00:02:10) - src.training.steps.labeling.label_based_layer_2 - INFO - Layer2 OOF Fold 1: extracted_trials_per_family={'Unified': 2}
Dec 28, 2025 23:42:36 (+00:02:10) - src.training.steps.labeling.label_based_layer_2 - INFO - Layer2 OOF Fold 1: selected_geometries=1, by_family={'Unified': 1}
Dec 28, 2025 23:42:40 (+00:02:14) - src.utils.hardware.m1_memory_optimizer.M1MemoryOptimizer - INFO - 🧹 Moderate cleanup: 27 objects collected
Dec 28, 2025 23:42:42 (+00:02:16) - src.training.steps.labeling.label_based_layer_2 - INFO - [LGBM Focal] Gamma(+):0.5 Gamma(-):1.25 | Alpha:0.6500
Dec 28, 2025 23:42:47 (+00:02:21) - src.utils.hardware.m1_memory_optimizer.M1MemoryOptimizer - INFO - 🧹 Moderate cleanup: 568 objects collected
Dec 28, 2025 23:42:49 (+00:02:22) - src.training.steps.labeling.label_based_layer_2 - WARNING - Failed to train geometry model for Unified_Rank0: tuple index out of range
Dec 28, 2025 23:42:50 (+00:02:24) - src.training.steps.labeling.label_based_layer_2 - INFO - Layer2 Bagging: 331 orphan events (no geo coverage) filled with neutral defaults.
Dec 28, 2025 23:42:50 (+00:02:24) - src.training.steps.labeling.label_based_layer_2 - INFO - 
>>> Training multi-output ensemble members...
Dec 28, 2025 23:42:50 (+00:02:24) - src.training.steps.labeling.label_based_layer_2 - INFO - Layer2 OOF Fold 1: labeled_events=331/331, geometry_channels=0
Dec 28, 2025 23:42:50 (+00:02:24) - src.training.steps.labeling.label_based_layer_2 - INFO -    > Processing Fold 2/3...
Dec 28, 2025 23:42:50 (+00:02:24) - src.training.steps.labeling.label_based_layer_2 - INFO - Layer2 OOF Fold 2: purged k-fold val_start=961, val_stop=1921, purge_bars=100, test_start_time=2025-11-20 15:00:00, test_end_time=2025-11-30 14:45:00, n_train=1721
Dec 28, 2025 23:42:50 (+00:02:24) - src.training.steps.labeling.label_based_layer_2 - INFO - Layer2 OOF Fold 2: n_train_bars=1721, n_train_events=788, n_test_events=481
Dec 28, 2025 23:42:53 (+00:02:27) - src.utils.hardware.unified_hardware_manager.HardwarePerformanceMonitor - WARNING - 🚨 ALERT: cpu_usage (90.6) exceeds threshold (85.0)
Dec 28, 2025 23:42:53 (+00:02:27) - src.utils.hardware.m1_memory_optimizer.M1MemoryOptimizer - INFO - 🧹 Moderate cleanup: 13 objects collected
Dec 28, 2025 23:42:54 (+00:02:28) - src.training.steps.labeling.label_based_layer_2 - INFO - Optimizing geometries: 788 total events (no family split)
Dec 28, 2025 23:42:54 (+00:02:28) - src.training.steps.labeling.label_geometry_selection - INFO - Vectorizing 787 events for horizons [8, 12, 16, 20, 24]...
Dec 28, 2025 23:42:54 (+00:02:28) - src.training.steps.labeling.label_geometry_selection - INFO - Event dedup: 787 → 158 events (min_gap=6 bars)
Dec 28, 2025 23:42:54 (+00:02:28) - src.training.steps.labeling.label_geometry_selection - INFO - Events after dedup: 787 → 158
Dec 28, 2025 23:42:54 (+00:02:28) - src.training.steps.labeling.label_geometry_selection - INFO - Generated 1680 raw candidates
Dec 28, 2025 23:42:54 (+00:02:28) - src.training.steps.labeling.label_geometry_selection - INFO - After hard constraints: 1680 candidates
Dec 28, 2025 23:42:54 (+00:02:28) - src.training.steps.labeling.label_geometry_selection - INFO - Distance-based deduplication: 1680 -> 30 candidates
Dec 28, 2025 23:42:54 (+00:02:28) - src.training.steps.labeling.label_geometry_selection - INFO - Training LGBM on 30 pre-filtered candidates...
Dec 28, 2025 23:42:54 (+00:02:28) - src.training.steps.labeling.label_geometry_selection - INFO - Model skipped: only 24 positive samples (need 25)
Dec 28, 2025 23:42:54 (+00:02:28) - src.training.steps.labeling.label_geometry_selection - INFO - Fallback: Accepting geometry with survival=20.25%, uniq=0.33 (no model)
Dec 28, 2025 23:42:58 (+00:02:32) - src.utils.hardware.m1_memory_optimizer.M1MemoryOptimizer - INFO - 🧠 M1 Memory pressure at 0.76
Dec 28, 2025 23:43:00 (+00:02:33) - src.utils.hardware.m1_memory_optimizer.M1MemoryOptimizer - INFO - 🧹 Moderate cleanup: 488 objects collected
Dec 28, 2025 23:43:02 (+00:02:36) - src.training.steps.labeling.label_geometry_selection - INFO - Model skipped: only 24 positive samples (need 25)
Dec 28, 2025 23:43:02 (+00:02:36) - src.training.steps.labeling.label_geometry_selection - INFO - Fallback: Accepting geometry with survival=20.25%, uniq=0.33 (no model)
Dec 28, 2025 23:43:04 (+00:02:38) - src.training.steps.labeling.label_geometry_selection - INFO - Pruning 7 accepted geometries based on correlation...
Dec 28, 2025 23:43:04 (+00:02:38) - src.training.steps.labeling.label_geometry_selection - INFO - Final Selection: 7 geometries (Best Separation Score: 0.304, Max: 10)
Dec 28, 2025 23:43:04 (+00:02:38) - src.training.steps.labeling.label_based_layer_2 - INFO - Geometry selection complete: 7 geometries selected
Dec 28, 2025 23:43:04 (+00:02:38) - src.training.steps.labeling.label_based_layer_2 - INFO - Layer2 OOF Fold 2: extracted_trials_per_family={'Unified': 7}
Dec 28, 2025 23:43:04 (+00:02:38) - src.training.steps.labeling.label_based_layer_2 - INFO - Layer2 OOF Fold 2: selected_geometries=1, by_family={'Unified': 1}
Dec 28, 2025 23:43:12 (+00:02:46) - src.utils.hardware.m1_memory_optimizer.M1MemoryOptimizer - INFO - 🧹 Moderate cleanup: 14 objects collected
Dec 28, 2025 23:43:13 (+00:02:47) - src.training.steps.labeling.label_based_layer_2 - INFO - [LGBM Focal] Gamma(+):0.5 Gamma(-):1.25 | Alpha:0.6500
Dec 28, 2025 23:43:16 (+00:02:50) - src.training.steps.labeling.label_based_layer_2 - WARNING - Failed to train geometry model for Unified_Rank0: tuple index out of range
Dec 28, 2025 23:43:19 (+00:02:53) - src.utils.hardware.m1_memory_optimizer.M1MemoryOptimizer - INFO - 🧹 Moderate cleanup: 9 objects collected
Dec 28, 2025 23:43:23 (+00:02:56) - src.training.steps.labeling.label_based_layer_2 - INFO - Layer2 Bagging: 481 orphan events (no geo coverage) filled with neutral defaults.
Dec 28, 2025 23:43:23 (+00:02:56) - src.training.steps.labeling.label_based_layer_2 - INFO - 
>>> Training multi-output ensemble members...
Dec 28, 2025 23:43:23 (+00:02:56) - src.training.steps.labeling.label_based_layer_2 - INFO - Layer2 OOF Fold 2: labeled_events=481/481, geometry_channels=0
Dec 28, 2025 23:43:23 (+00:02:56) - src.training.steps.labeling.label_based_layer_2 - INFO -    > Processing Fold 3/3...
Dec 28, 2025 23:43:23 (+00:02:56) - src.training.steps.labeling.label_based_layer_2 - INFO - Layer2 OOF Fold 3: purged k-fold val_start=1921, val_stop=2881, purge_bars=100, test_start_time=2025-11-30 15:00:00, test_end_time=2025-12-10 14:45:00, n_train=1821
Dec 28, 2025 23:43:23 (+00:02:56) - src.training.steps.labeling.label_based_layer_2 - INFO - Layer2 OOF Fold 3: n_train_bars=1821, n_train_events=770, n_test_events=526
Dec 28, 2025 23:43:25 (+00:02:59) - src.utils.hardware.unified_hardware_manager.HardwarePerformanceMonitor - WARNING - 🚨 ALERT: cpu_usage (100.0) exceeds threshold (85.0)
Dec 28, 2025 23:43:27 (+00:03:01) - src.training.steps.labeling.label_based_layer_2 - INFO - Optimizing geometries: 770 total events (no family split)
Dec 28, 2025 23:43:27 (+00:03:01) - src.training.steps.labeling.label_geometry_selection - INFO - Vectorizing 770 events for horizons [8, 12, 16, 20, 24]...
Dec 28, 2025 23:43:27 (+00:03:01) - src.training.steps.labeling.label_geometry_selection - INFO - Event dedup: 770 → 158 events (min_gap=6 bars)
Dec 28, 2025 23:43:27 (+00:03:01) - src.training.steps.labeling.label_geometry_selection - INFO - Events after dedup: 770 → 158
Dec 28, 2025 23:43:27 (+00:03:01) - src.training.steps.labeling.label_geometry_selection - INFO - Generated 1680 raw candidates
Dec 28, 2025 23:43:27 (+00:03:01) - src.training.steps.labeling.label_geometry_selection - INFO - After hard constraints: 1680 candidates
Dec 28, 2025 23:43:27 (+00:03:01) - src.training.steps.labeling.label_geometry_selection - INFO - Distance-based deduplication: 1680 -> 30 candidates
Dec 28, 2025 23:43:27 (+00:03:01) - src.training.steps.labeling.label_geometry_selection - INFO - Training LGBM on 30 pre-filtered candidates...
Dec 28, 2025 23:43:30 (+00:03:04) - src.training.steps.labeling.label_geometry_selection - INFO - Model skipped: only 24 positive samples (need 25)
Dec 28, 2025 23:43:30 (+00:03:04) - src.training.steps.labeling.label_geometry_selection - INFO - Fallback: Accepting geometry with survival=17.72%, uniq=0.39 (no model)
Dec 28, 2025 23:43:32 (+00:03:06) - src.training.steps.labeling.label_geometry_selection - INFO - Model skipped: only 21 positive samples (need 25)
Dec 28, 2025 23:43:32 (+00:03:06) - src.training.steps.labeling.label_geometry_selection - INFO - Fallback: Accepting geometry with survival=15.19%, uniq=0.45 (no model)
Dec 28, 2025 23:43:33 (+00:03:07) - src.training.steps.labeling.label_geometry_selection - INFO - Model skipped: only 23 positive samples (need 25)
Dec 28, 2025 23:43:33 (+00:03:07) - src.training.steps.labeling.label_geometry_selection - INFO - Fallback: Accepting geometry with survival=17.09%, uniq=0.40 (no model)
Dec 28, 2025 23:43:35 (+00:03:09) - src.training.steps.labeling.label_geometry_selection - INFO - Model skipped: only 16 positive samples (need 25)
Dec 28, 2025 23:43:35 (+00:03:09) - src.training.steps.labeling.label_geometry_selection - INFO - Fallback: Accepting geometry with survival=12.03%, uniq=0.51 (no model)
Dec 28, 2025 23:43:35 (+00:03:09) - src.training.steps.labeling.label_geometry_selection - INFO - Model skipped: only 24 positive samples (need 25)
Dec 28, 2025 23:43:35 (+00:03:09) - src.training.steps.labeling.label_geometry_selection - INFO - Fallback: Accepting geometry with survival=17.72%, uniq=0.38 (no model)
Dec 28, 2025 23:43:39 (+00:03:13) - src.training.steps.labeling.label_geometry_selection - INFO - Model skipped: only 20 positive samples (need 25)
Dec 28, 2025 23:43:39 (+00:03:13) - src.training.steps.labeling.label_geometry_selection - INFO - Fallback: Accepting geometry with survival=16.46%, uniq=0.38 (no model)
Dec 28, 2025 23:43:41 (+00:03:15) - src.utils.hardware.m1_memory_optimizer.M1MemoryOptimizer - INFO - 🧹 Moderate cleanup: 541 objects collected
Dec 28, 2025 23:43:43 (+00:03:17) - src.training.steps.labeling.label_geometry_selection - INFO - Pruning 15 accepted geometries based on correlation...
Dec 28, 2025 23:43:43 (+00:03:17) - src.training.steps.labeling.label_geometry_selection - INFO - Final Selection: 10 geometries (Best Separation Score: 0.481, Max: 10)
Dec 28, 2025 23:43:43 (+00:03:17) - src.training.steps.labeling.label_based_layer_2 - INFO - Geometry selection complete: 10 geometries selected
Dec 28, 2025 23:43:43 (+00:03:17) - src.training.steps.labeling.label_based_layer_2 - INFO - Layer2 OOF Fold 3: extracted_trials_per_family={'Unified': 10}
Dec 28, 2025 23:43:43 (+00:03:17) - src.training.steps.labeling.label_based_layer_2 - INFO - Layer2 OOF Fold 3: selected_geometries=1, by_family={'Unified': 1}
Dec 28, 2025 23:43:48 (+00:03:22) - src.utils.hardware.m1_memory_optimizer.M1MemoryOptimizer - INFO - 🧹 Moderate cleanup: 15 objects collected
Dec 28, 2025 23:43:49 (+00:03:22) - src.training.steps.labeling.label_based_layer_2 - INFO - [LGBM Focal] Gamma(+):0.5 Gamma(-):1.25 | Alpha:0.6500
Dec 28, 2025 23:43:52 (+00:03:25) - src.training.steps.labeling.label_based_layer_2 - WARNING - Failed to train geometry model for Unified_Rank0: tuple index out of range
Dec 28, 2025 23:43:55 (+00:03:28) - src.utils.hardware.m1_memory_optimizer.M1MemoryOptimizer - INFO - 🧹 Moderate cleanup: 9 objects collected
Dec 28, 2025 23:43:57 (+00:03:31) - src.training.steps.labeling.label_based_layer_2 - INFO - Layer2 Bagging: 526 orphan events (no geo coverage) filled with neutral defaults.
Dec 28, 2025 23:43:57 (+00:03:31) - src.training.steps.labeling.label_based_layer_2 - INFO - 
>>> Training multi-output ensemble members...
Dec 28, 2025 23:43:57 (+00:03:31) - src.training.steps.labeling.label_based_layer_2 - INFO - Layer2 OOF Fold 3: labeled_events=526/526, geometry_channels=0
Dec 28, 2025 23:43:57 (+00:03:31) - src.training.steps.labeling.label_based_layer_2 - INFO - >>> Layer 2: Step 4 - Generate Reports...
Dec 28, 2025 23:43:57 (+00:03:31) - src.utils.hardware.unified_hardware_manager.HardwarePerformanceMonitor - WARNING - 🚨 ALERT: cpu_usage (99.9) exceeds threshold (85.0)
Dec 28, 2025 23:44:02 (+00:03:36) - src.utils.hardware.m1_memory_optimizer.M1MemoryOptimizer - INFO - 🧹 Moderate cleanup: 66 objects collected
Dec 28, 2025 23:44:03 (+00:03:37) - ares.step.meta_labeling_hpo_sample_weighted - ERROR - Step meta_labeling_hpo_sample_weighted failed: y_true contains only one label (0). Please provide the list of all expected class labels explicitly through the labels argument.
Traceback (most recent call last):
  File "/Users/remyroche/Documents/Ares/src/training/steps/base_step.py", line 1715, in run
    execution_result = await self.execute(config)
                       ^^^^^^^^^^^^^^^^^^^^^^^^^^
  File "/Users/remyroche/Documents/Ares/src/training/steps/labeling/meta_labeling_hpo_sample_weighted.py", line 1525, in execute
    oof_export_econ, final_model_econ = layer3_analyst_lgbm(
                                        ^^^^^^^^^^^^^^^^^^^^
  File "/Users/remyroche/Documents/Ares/src/training/steps/labeling/label_based_layer_3.py", line 1968, in layer3_analyst_lgbm
    ll_clf = log_loss(y_val_bin, p_clf)
             ^^^^^^^^^^^^^^^^^^^^^^^^^^
  File "/Library/Frameworks/Python.framework/Versions/3.11/lib/python3.11/site-packages/sklearn/utils/_param_validation.py", line 218, in wrapper
    return func(*args, **kwargs)
           ^^^^^^^^^^^^^^^^^^^^^
  File "/Library/Frameworks/Python.framework/Versions/3.11/lib/python3.11/site-packages/sklearn/metrics/_classification.py", line 3240, in log_loss
    transformed_labels, y_pred = _validate_multiclass_probabilistic_prediction(
                                 ^^^^^^^^^^^^^^^^^^^^^^^^^^^^^^^^^^^^^^^^^^^^^^
  File "/Library/Frameworks/Python.framework/Versions/3.11/lib/python3.11/site-packages/sklearn/metrics/_classification.py", line 229, in _validate_multiclass_probabilistic_prediction
    raise ValueError(
ValueError: y_true contains only one label (0). Please provide the list of all expected class labels explicitly through the labels argument.

Dec 28, 2025 23:44:03 (+00:03:37) - ares.launcher - ERROR - ❌ Failed to complete step: meta_labeling_hpo_sample_weighted
Dec 28, 2025 23:44:03 (+00:03:37) - ares.launcher - INFO - ✅ Simplified Ares Launcher completed
Dec 28, 2025 23:44:04 (+00:03:37) - ares.registry - INFO - Registered step: data_download
