Dec 18, 2025 20:14:30 (+00:00:00) - DataQualityFramework - INFO - ✅ Comprehensive duplicate analyzer integrated
Dec 18, 2025 20:14:30 (+00:00:00) - DataQualityFramework - INFO - 🔧 Unified Data Quality Framework initialized (singleton)
Dec 18, 2025 20:14:30 (+00:00:00) - DataCleaner - INFO - Using klines-specific gap thresholds: {<GapType.SMALL: 'small'>: 65, <GapType.MEDIUM: 'medium'>: 300, <GapType.LARGE: 'large'>: 1800, <GapType.CRITICAL: 'critical'>: 3600}
Dec 18, 2025 20:14:30 (+00:00:00) - DataCleaner - INFO - Using klines-specific gap thresholds: {<GapType.SMALL: 'small'>: 65, <GapType.MEDIUM: 'medium'>: 300, <GapType.LARGE: 'large'>: 1800, <GapType.CRITICAL: 'critical'>: 3600}
Dec 18, 2025 20:14:30 (+00:00:00) - DataCleanerManager - INFO - 🔧 DataCleanerManager initialized (singleton)
Dec 18, 2025 20:14:30 (+00:00:00) - System.AdvancedQualityMetrics - INFO - 📊 AdvancedQualityMetrics initialized with tolerant parameters
Dec 18, 2025 20:14:30 (+00:00:00) - System.DataStreamingManager - INFO - 🚀 DataStreamingManager initialized (singleton): chunk_size=10000, memory_threshold=0.8
Dec 18, 2025 20:14:30 (+00:00:00) - System.CrossStepValidator - INFO - 🔍 CrossStepValidator initialized with comprehensive consistency rules
Dec 18, 2025 20:14:30 (+00:00:00) - DataCleaner - INFO - Using klines-specific gap thresholds: {<GapType.SMALL: 'small'>: 65, <GapType.MEDIUM: 'medium'>: 300, <GapType.LARGE: 'large'>: 1800, <GapType.CRITICAL: 'critical'>: 3600}
Dec 18, 2025 20:14:30 (+00:00:00) - System.UnifiedDataUtils - INFO - 🚀 Unified Data Utils initialized
Dec 18, 2025 20:14:30 (+00:00:00) - utils.hardware.m1_gpu_utils.M1GPUManager - INFO - M1 GPU Manager initialized - M1: True, Generation: m1, MPS: True
Dec 18, 2025 20:14:30 (+00:00:00) - utils.hardware.m1_cpu_optimizer.M1CPUOptimizer - INFO - 🧠 M1 CPU Optimizer initialized for M1 (4P+4E cores)
Dec 18, 2025 20:14:30 (+00:00:00) - utils.matrix_operations.enhanced_operations.CustomMatrixOperationsRegistry - INFO - 📝 Registered custom matrix operation: gpu_condition_number
Dec 18, 2025 20:14:30 (+00:00:00) - utils.matrix_operations.enhanced_operations.CustomMatrixOperationsRegistry - INFO - 📝 Registered custom matrix operation: gpu_matrix_rank
Dec 18, 2025 20:14:30 (+00:00:00) - utils.matrix_operations.enhanced_operations.CustomMatrixOperationsRegistry - INFO - 📝 Registered custom matrix operation: matrix_normalize
Dec 18, 2025 20:14:30 (+00:00:00) - utils.matrix_operations.enhanced_operations.CustomMatrixOperationsRegistry - INFO - 📝 Registered custom matrix operation: extract_matrix_features
Dec 18, 2025 20:14:30 (+00:00:00) - utils.matrix_operations - INFO - ✅ Unified Matrix Operations module initialized
Dec 18, 2025 20:14:30 (+00:00:00) - utils.matrix_operations - INFO - 📦 Version: 1.0.0
Dec 18, 2025 20:14:30 (+00:00:00) - utils.matrix_operations - INFO - 🔧 Features: VectorBT optimizations, GPU acceleration, memory optimization, vectorized processing, batch operations
Dec 18, 2025 20:14:30 (+00:00:00) - utils.matrix_operations - INFO - 🍎 Optimized for: Apple Silicon M1/M2/M3 Macs
Dec 18, 2025 20:14:30 (+00:00:00) - utils.matrix_operations - INFO - 🚀 VectorBT optimizations enabled - expect 2-10x performance improvements
Dec 18, 2025 20:14:30 (+00:00:00) - utils.matrix_operations - INFO - 🎯 VectorBTRollingOptimizer available - enhanced rolling operations
Dec 18, 2025 20:14:30 (+00:00:00) - utils.matrix_operations - INFO - ⚡ UnifiedVectorizationManager available - unified vectorization operations
Dec 18, 2025 20:14:30 (+00:00:00) - src.config.regime_ensemble_training.config_manager.RegimeEnsembleTrainingConfigManager - INFO - RegimeEnsembleTrainingConfigManager initialisé
Dec 18, 2025 20:14:30 (+00:00:00) - src.config.regime_ensemble_training.config_manager.RegimeEnsembleTrainingConfigManager - INFO - Répertoire config: /Users/remyroche/Documents/Ares/src/config/regime_ensemble_training
Dec 18, 2025 20:14:30 (+00:00:00) - src.config.regime_ensemble_training.config_manager.RegimeEnsembleTrainingConfigManager - INFO - Config personnalisée: None
Dec 18, 2025 20:14:30 (+00:00:00) - src.config.regime_ensemble_training.config_manager.RegimeEnsembleTrainingConfigManager - INFO - Fallback hardcodé: True
Dec 18, 2025 20:14:30 (+00:00:00) - ares.registry - INFO - Registered step: regime_ensemble_training
Dec 18, 2025 20:14:30 (+00:00:00) - ares.registry - INFO - Registered step: regime_feature_selection
Dec 18, 2025 20:14:30 (+00:00:00) - src.training.steps.market_analysis.shared_utils.execution_mode_lookback_config - INFO - 🔧 Initializing Execution Mode Lookback Configuration
Dec 18, 2025 20:14:30 (+00:00:00) - src.training.steps.market_analysis.shared_utils.execution_mode_lookback_config - INFO - ✅ Execution Mode Lookback Configuration initialized
Dec 18, 2025 20:14:30 (+00:00:00) - ares.registry - INFO - Registered step: rolling_hmm_regime_discovery
Dec 18, 2025 20:14:30 (+00:00:00) - ares.registry - INFO - Registered step: sr_parameter_optimization
Dec 18, 2025 20:14:30 (+00:00:00) - ares.registry - INFO - Registered step: regime_clustering
Dec 18, 2025 20:14:30 (+00:00:00) - ares.registry - INFO - Registered step: regime_ensemble_training
Dec 18, 2025 20:14:30 (+00:00:00) - ares.registry - INFO - Registered step: sr_clustering
Dec 18, 2025 20:14:30 (+00:00:00) - ares.registry - INFO - Registered step: sr_detection
Dec 18, 2025 20:14:30 (+00:00:00) - ares.registry - INFO - Registered step: regime_feature_selection
Dec 18, 2025 20:14:30 (+00:00:00) - ares.registry - INFO - Registered step: sticky_finite_hmm_regime_discovery
Dec 18, 2025 20:14:30 (+00:00:00) - ares.registry - INFO - Registered step: xgb_meso_regime
Dec 18, 2025 20:14:30 (+00:00:00) - ares.registry - INFO - Registered step: xgb_mr_trend_step
Dec 18, 2025 20:14:30 (+00:00:00) - ares.registry - INFO - Registered step: hmm_ml_alpha_step
Dec 18, 2025 20:14:30 (+00:00:00) - ares.registry - INFO - Registered step: xgb_macro_regime
Dec 18, 2025 20:14:30 (+00:00:00) - ares.registry - INFO - Registered step: ml_risk_regime_step
Dec 18, 2025 20:14:30 (+00:00:00) - ares.registry - INFO - Registered step: ml_smc_regime_step
Dec 18, 2025 20:14:30 (+00:00:00) - ares.registry - INFO - Registered step: ml_path_regime_step
Dec 18, 2025 20:14:30 (+00:00:00) - ares.registry - INFO - Registered step: ml_mean_reversion_step
Dec 18, 2025 20:14:30 (+00:00:00) - ares.registry - INFO - Registered step: ml_breakout_bounce_regime_step
Dec 18, 2025 20:14:30 (+00:00:00) - ares.registry - INFO - Registered step: ml_map_regime_step
Dec 18, 2025 20:14:30 (+00:00:00) - ares.registry - INFO - Registered step: ml_liquidity_regime_step
Dec 18, 2025 20:14:30 (+00:00:00) - ares.registry - INFO - Registered step: ml_volume_force_step
Dec 18, 2025 20:14:30 (+00:00:00) - ares.registry - INFO - Registered step: feature_generation_meta_labeling_step
Dec 18, 2025 20:14:30 (+00:00:00) - ares.registry - INFO - Registered step: sr_labeling_xgb
Dec 18, 2025 20:14:30 (+00:00:00) - ares.registry - INFO - Registered step: meta_labeling_hpo_experiment
Dec 18, 2025 20:14:30 (+00:00:00) - System.CrossStepValidator - INFO - 🔍 CrossStepValidator initialized with comprehensive consistency rules
Dec 18, 2025 20:14:30 (+00:00:00) - System.KlinesParquetManager - INFO - ✅ KlinesParquetManager initialized with base_dir: historical_data
Dec 18, 2025 20:14:30 (+00:00:00) - System.FeatureGenerationMetaLabeling - WARNING - Artifact 'labeled_data_ETHUSDT_15m' not found via router, trying traditional manager
Dec 18, 2025 20:14:30 (+00:00:00) - System.VersionManager - INFO - ✅ Loaded version config from config/version_config.json
Dec 18, 2025 20:14:30 (+00:00:00) - System.ArtifactManager - INFO - 📁 Context set: step=feature_generation_meta_labeling_step, symbol=ETHUSDT, exchange=binance, timeframe=15m, datetime=2025-12-18 20:14:30.662886, information=None, direction=long, model=analyst
Dec 18, 2025 20:14:30 (+00:00:00) - System.ArtifactManager - INFO - 📁 Context set: step=feature_generation_meta_labeling_step, symbol=ETHUSDT, exchange=binance, timeframe=15m, datetime=2025-12-18 20:14:30.662886, information=None, direction=long, model=analyst
Dec 18, 2025 20:14:30 (+00:00:00) - System.ArtifactManager - WARNING - Artifact not found: labeled_data_ETHUSDT_15m
Dec 18, 2025 20:14:30 (+00:00:00) - System.ArtifactManager - INFO - 📁 Context set: step=feature_generation_meta_labeling_step, symbol=ETHUSDT, exchange=binance, timeframe=15m, datetime=2025-12-18 20:14:30.662886, information=None, direction=long, model=analyst
Dec 18, 2025 20:14:31 (+00:00:00) - System.FeatureGenerationMetaLabeling - INFO - Retrieved artifact: labeled_data_ETHUSDT_binance_15m
Dec 18, 2025 20:14:31 (+00:00:00) - System.snr_diagnostics - INFO - labeled_data columns present: meta_probability=True, volatility_1d=False, targets=False
Dec 18, 2025 20:14:31 (+00:00:00) - System.snr_diagnostics - INFO - Loaded labeled data from artifact 'labeled_data_ETHUSDT_binance_15m' with shape (34561, 110)
Dec 18, 2025 20:14:31 (+00:00:00) - System.snr_diagnostics - INFO - Saved snr_label_quality diagnostics to outcomes/snr_label_quality_ETHUSDT_15m_20251218_191431.json and outcomes/snr_label_quality_ETHUSDT_15m_20251218_191431.md
Dec 18, 2025 20:14:31 (+00:00:00) - System.KlinesParquetManager - INFO - ✅ KlinesParquetManager initialized with base_dir: historical_data
Dec 18, 2025 20:14:31 (+00:00:00) - System.FeatureGenerationMetaLabeling - WARNING - Artifact 'labeled_data_ETHUSDT_15m' not found via router, trying traditional manager
Dec 18, 2025 20:14:31 (+00:00:00) - System.ArtifactManager - INFO - 📁 Context set: step=feature_generation_meta_labeling_step, symbol=ETHUSDT, exchange=binance, timeframe=15m, datetime=2025-12-18 20:14:31.213339, information=None, direction=long, model=analyst
Dec 18, 2025 20:14:31 (+00:00:00) - System.ArtifactManager - INFO - 📁 Context set: step=feature_generation_meta_labeling_step, symbol=ETHUSDT, exchange=binance, timeframe=15m, datetime=2025-12-18 20:14:31.213339, information=None, direction=long, model=analyst
Dec 18, 2025 20:14:31 (+00:00:00) - System.ArtifactManager - WARNING - Artifact not found: labeled_data_ETHUSDT_15m
Dec 18, 2025 20:14:31 (+00:00:00) - System.ArtifactManager - INFO - 📁 Context set: step=feature_generation_meta_labeling_step, symbol=ETHUSDT, exchange=binance, timeframe=15m, datetime=2025-12-18 20:14:31.213339, information=None, direction=long, model=analyst
Dec 18, 2025 20:14:31 (+00:00:01) - System.FeatureGenerationMetaLabeling - INFO - Retrieved artifact: labeled_data_ETHUSDT_binance_15m
Dec 18, 2025 20:14:31 (+00:00:01) - System.snr_diagnostics - INFO - labeled_data columns present: meta_probability=True, volatility_1d=False, targets=False
Dec 18, 2025 20:14:31 (+00:00:01) - System.snr_diagnostics - INFO - Loaded labeled data from artifact 'labeled_data_ETHUSDT_binance_15m' with shape (34561, 110)
Dec 18, 2025 20:14:33 (+00:00:03) - src.utils.hardware.m1_memory_optimizer.M1MemoryOptimizer - INFO - 🧹 Moderate cleanup: 39 objects collected
Dec 18, 2025 20:14:43 (+00:00:13) - System.snr_diagnostics - INFO - Saved snr_label_learnability diagnostics to outcomes/snr_label_learnability_ETHUSDT_15m_20251218_191443.json and outcomes/snr_label_learnability_ETHUSDT_15m_20251218_191443.md
Dec 18, 2025 20:14:43 (+00:00:13) - System.KlinesParquetManager - INFO - ✅ KlinesParquetManager initialized with base_dir: historical_data
Dec 18, 2025 20:14:43 (+00:00:13) - System.FeatureGenerationMetaLabeling - WARNING - Artifact 'labeled_data_ETHUSDT_15m' not found via router, trying traditional manager
Dec 18, 2025 20:14:43 (+00:00:13) - System.ArtifactManager - INFO - 📁 Context set: step=feature_generation_meta_labeling_step, symbol=ETHUSDT, exchange=binance, timeframe=15m, datetime=2025-12-18 20:14:43.609196, information=None, direction=long, model=analyst
Dec 18, 2025 20:14:43 (+00:00:13) - System.ArtifactManager - INFO - 📁 Context set: step=feature_generation_meta_labeling_step, symbol=ETHUSDT, exchange=binance, timeframe=15m, datetime=2025-12-18 20:14:43.609196, information=None, direction=long, model=analyst
Dec 18, 2025 20:14:43 (+00:00:13) - System.ArtifactManager - WARNING - Artifact not found: labeled_data_ETHUSDT_15m
Dec 18, 2025 20:14:43 (+00:00:13) - System.ArtifactManager - INFO - 📁 Context set: step=feature_generation_meta_labeling_step, symbol=ETHUSDT, exchange=binance, timeframe=15m, datetime=2025-12-18 20:14:43.609196, information=None, direction=long, model=analyst
Dec 18, 2025 20:14:44 (+00:00:14) - src.utils.hardware.m1_memory_optimizer.M1MemoryOptimizer - INFO - 🧹 Moderate cleanup: 83 objects collected
Dec 18, 2025 20:14:44 (+00:00:14) - System.FeatureGenerationMetaLabeling - INFO - Retrieved artifact: labeled_data_ETHUSDT_binance_15m
Dec 18, 2025 20:14:44 (+00:00:14) - System.snr_diagnostics - INFO - labeled_data columns present: meta_probability=True, volatility_1d=False, targets=False
Dec 18, 2025 20:14:44 (+00:00:14) - System.snr_diagnostics - INFO - Loaded labeled data from artifact 'labeled_data_ETHUSDT_binance_15m' with shape (34561, 110)
Dec 18, 2025 20:14:50 (+00:00:20) - src.utils.hardware.m1_memory_optimizer.M1MemoryOptimizer - INFO - 🧹 Moderate cleanup: 5 objects collected
Dec 18, 2025 20:14:54 (+00:00:24) - src.utils.hardware.unified_hardware_manager.HardwarePerformanceMonitor - WARNING - 🚨 ALERT: cpu_usage (100.0) exceeds threshold (85.0)
Dec 18, 2025 20:14:56 (+00:00:26) - src.utils.hardware.m1_memory_optimizer.M1MemoryOptimizer - INFO - 🧹 Moderate cleanup: 68 objects collected
Dec 18, 2025 20:15:25 (+00:00:55) - src.utils.hardware.unified_hardware_manager.HardwarePerformanceMonitor - WARNING - 🚨 ALERT: cpu_usage (88.2) exceeds threshold (85.0)
Dec 18, 2025 20:15:57 (+00:01:26) - src.utils.hardware.unified_hardware_manager.HardwarePerformanceMonitor - WARNING - 🚨 ALERT: cpu_usage (100.0) exceeds threshold (85.0)
Dec 18, 2025 20:16:28 (+00:01:58) - src.utils.hardware.unified_hardware_manager.HardwarePerformanceMonitor - WARNING - 🚨 ALERT: cpu_usage (95.4) exceeds threshold (85.0)
Dec 18, 2025 20:16:29 (+00:01:59) - src.utils.hardware.m1_memory_optimizer.M1MemoryOptimizer - INFO - 🧠 M1 Memory pressure at 0.77
Dec 18, 2025 20:16:59 (+00:02:29) - src.utils.hardware.unified_hardware_manager.HardwarePerformanceMonitor - WARNING - 🚨 ALERT: cpu_usage (99.5) exceeds threshold (85.0)
Dec 18, 2025 20:18:42 (+00:04:11) - src.utils.hardware.m1_memory_optimizer.M1MemoryOptimizer - INFO - 🧠 M1 Memory pressure at 0.75
Dec 18, 2025 20:19:36 (+00:05:06) - src.utils.hardware.unified_hardware_manager.HardwarePerformanceMonitor - WARNING - 🚨 ALERT: cpu_usage (88.5) exceeds threshold (85.0)
Dec 18, 2025 20:20:46 (+00:06:16) - src.utils.hardware.m1_memory_optimizer.M1MemoryOptimizer - INFO - 🧠 M1 Memory pressure at 0.76
Dec 18, 2025 20:24:51 (+00:10:20) - src.utils.hardware.unified_hardware_manager.HardwarePerformanceMonitor - WARNING - 🚨 ALERT: cpu_usage (86.5) exceeds threshold (85.0)
Dec 18, 2025 20:27:03 (+00:12:33) - src.utils.hardware.m1_memory_optimizer.M1MemoryOptimizer - INFO - 🧠 M1 Memory pressure at 0.78
Dec 18, 2025 20:27:59 (+00:13:29) - src.utils.hardware.unified_hardware_manager.HardwarePerformanceMonitor - WARNING - 🚨 ALERT: cpu_usage (85.6) exceeds threshold (85.0)
Dec 18, 2025 20:29:02 (+00:14:32) - src.utils.hardware.unified_hardware_manager.HardwarePerformanceMonitor - WARNING - 🚨 ALERT: cpu_usage (92.5) exceeds threshold (85.0)
Dec 18, 2025 20:31:24 (+00:16:54) - src.utils.hardware.m1_memory_optimizer.M1MemoryOptimizer - INFO - 🧠 M1 Memory pressure at 0.77
Dec 18, 2025 20:33:13 (+00:18:43) - src.utils.hardware.unified_hardware_manager.HardwarePerformanceMonitor - WARNING - 🚨 ALERT: cpu_usage (90.4) exceeds threshold (85.0)
Dec 18, 2025 20:33:36 (+00:19:06) - src.utils.hardware.m1_memory_optimizer.M1MemoryOptimizer - INFO - 🧠 M1 Memory pressure at 0.80
Dec 18, 2025 20:35:19 (+00:20:49) - src.utils.hardware.unified_hardware_manager.HardwarePerformanceMonitor - WARNING - 🚨 ALERT: cpu_usage (90.6) exceeds threshold (85.0)
Dec 18, 2025 20:35:45 (+00:21:15) - src.utils.hardware.m1_memory_optimizer.M1MemoryOptimizer - INFO - 🧠 M1 Memory pressure at 0.78
Dec 18, 2025 20:36:22 (+00:21:51) - src.utils.hardware.unified_hardware_manager.HardwarePerformanceMonitor - WARNING - 🚨 ALERT: cpu_usage (99.0) exceeds threshold (85.0)
Dec 18, 2025 20:37:25 (+00:22:55) - src.utils.hardware.unified_hardware_manager.HardwarePerformanceMonitor - WARNING - 🚨 ALERT: cpu_usage (87.9) exceeds threshold (85.0)
Dec 18, 2025 20:37:56 (+00:23:26) - src.utils.hardware.unified_hardware_manager.HardwarePerformanceMonitor - WARNING - 🚨 ALERT: cpu_usage (91.6) exceeds threshold (85.0)
Dec 18, 2025 20:37:57 (+00:23:27) - src.utils.hardware.m1_memory_optimizer.M1MemoryOptimizer - INFO - 🧠 M1 Memory pressure at 0.82
Dec 18, 2025 20:40:02 (+00:25:32) - src.utils.hardware.unified_hardware_manager.HardwarePerformanceMonitor - WARNING - 🚨 ALERT: cpu_usage (93.6) exceeds threshold (85.0)
Dec 18, 2025 20:40:07 (+00:25:36) - src.utils.hardware.m1_memory_optimizer.M1MemoryOptimizer - INFO - 🧠 M1 Memory pressure at 0.80
Dec 18, 2025 20:41:05 (+00:26:34) - src.utils.hardware.unified_hardware_manager.HardwarePerformanceMonitor - WARNING - 🚨 ALERT: cpu_usage (98.6) exceeds threshold (85.0)
Dec 18, 2025 20:42:18 (+00:27:48) - src.utils.hardware.m1_memory_optimizer.M1MemoryOptimizer - INFO - 🧠 M1 Memory pressure at 0.76
Dec 18, 2025 20:43:10 (+00:28:40) - src.utils.hardware.unified_hardware_manager.HardwarePerformanceMonitor - WARNING - 🚨 ALERT: cpu_usage (87.8) exceeds threshold (85.0)
Dec 18, 2025 20:44:28 (+00:29:58) - src.utils.hardware.m1_memory_optimizer.M1MemoryOptimizer - INFO - 🧠 M1 Memory pressure at 0.83
Dec 18, 2025 20:44:44 (+00:30:14) - src.utils.hardware.unified_hardware_manager.HardwarePerformanceMonitor - WARNING - 🚨 ALERT: cpu_usage (89.5) exceeds threshold (85.0)
Dec 18, 2025 20:45:16 (+00:30:46) - src.utils.hardware.unified_hardware_manager.HardwarePerformanceMonitor - WARNING - 🚨 ALERT: cpu_usage (98.5) exceeds threshold (85.0)
Dec 18, 2025 20:45:48 (+00:31:18) - src.utils.hardware.unified_hardware_manager.HardwarePerformanceMonitor - WARNING - 🚨 ALERT: cpu_usage (94.6) exceeds threshold (85.0)
Dec 18, 2025 20:46:20 (+00:31:49) - src.utils.hardware.unified_hardware_manager.HardwarePerformanceMonitor - WARNING - 🚨 ALERT: cpu_usage (99.9) exceeds threshold (85.0)
Dec 18, 2025 20:46:54 (+00:32:24) - src.utils.hardware.unified_hardware_manager.HardwarePerformanceMonitor - WARNING - 🚨 ALERT: cpu_usage (99.1) exceeds threshold (85.0)
Dec 18, 2025 20:46:57 (+00:32:27) - src.utils.hardware.m1_memory_optimizer.M1MemoryOptimizer - INFO - 🧠 M1 Memory pressure at 0.82
Dec 18, 2025 20:49:06 (+00:34:36) - src.utils.hardware.m1_memory_optimizer.M1MemoryOptimizer - INFO - 🧠 M1 Memory pressure at 0.76
Dec 18, 2025 20:59:58 (+00:45:28) - src.utils.hardware.unified_hardware_manager.HardwarePerformanceMonitor - WARNING - 🚨 ALERT: cpu_usage (99.9) exceeds threshold (85.0)
Dec 18, 2025 21:09:23 (+00:54:53) - src.utils.hardware.m1_memory_optimizer.M1MemoryOptimizer - INFO - 🧠 M1 Memory pressure at 0.78
Dec 18, 2025 21:11:26 (+00:56:56) - src.utils.hardware.unified_hardware_manager.HardwarePerformanceMonitor - WARNING - 🚨 ALERT: cpu_usage (93.6) exceeds threshold (85.0)
Dec 18, 2025 21:11:31 (+00:57:01) - src.utils.hardware.m1_memory_optimizer.M1MemoryOptimizer - INFO - 🧠 M1 Memory pressure at 0.78
Dec 18, 2025 21:13:01 (+00:58:30) - src.utils.hardware.unified_hardware_manager.HardwarePerformanceMonitor - WARNING - 🚨 ALERT: cpu_usage (85.8) exceeds threshold (85.0)
Dec 18, 2025 21:13:32 (+00:59:02) - src.utils.hardware.unified_hardware_manager.HardwarePerformanceMonitor - WARNING - 🚨 ALERT: cpu_usage (96.4) exceeds threshold (85.0)
Dec 18, 2025 21:13:52 (+00:59:21) - src.utils.hardware.m1_memory_optimizer.M1MemoryOptimizer - INFO - 🧠 M1 Memory pressure at 0.80
Dec 18, 2025 21:14:04 (+00:59:34) - src.utils.hardware.unified_hardware_manager.HardwarePerformanceMonitor - WARNING - 🚨 ALERT: cpu_usage (93.7) exceeds threshold (85.0)
Dec 18, 2025 21:16:01 (+01:01:31) - src.utils.hardware.m1_memory_optimizer.M1MemoryOptimizer - INFO - 🧠 M1 Memory pressure at 0.79
Dec 18, 2025 21:16:41 (+01:02:11) - src.utils.hardware.unified_hardware_manager.HardwarePerformanceMonitor - WARNING - 🚨 ALERT: cpu_usage (100.0) exceeds threshold (85.0)
Dec 18, 2025 21:18:20 (+01:03:49) - src.utils.hardware.m1_memory_optimizer.M1MemoryOptimizer - INFO - 🧠 M1 Memory pressure at 0.78
Dec 18, 2025 21:20:27 (+01:05:57) - src.utils.hardware.m1_memory_optimizer.M1MemoryOptimizer - INFO - 🧠 M1 Memory pressure at 0.75
Dec 18, 2025 21:21:24 (+01:06:54) - src.utils.hardware.unified_hardware_manager.HardwarePerformanceMonitor - WARNING - 🚨 ALERT: cpu_usage (89.2) exceeds threshold (85.0)
Dec 18, 2025 21:21:56 (+01:07:26) - src.utils.hardware.unified_hardware_manager.HardwarePerformanceMonitor - WARNING - 🚨 ALERT: cpu_usage (94.4) exceeds threshold (85.0)
Dec 18, 2025 21:22:29 (+01:07:59) - src.utils.hardware.unified_hardware_manager.HardwarePerformanceMonitor - WARNING - 🚨 ALERT: cpu_usage (97.1) exceeds threshold (85.0)
Dec 18, 2025 21:22:41 (+01:08:10) - src.utils.hardware.m1_memory_optimizer.M1MemoryOptimizer - INFO - 🧠 M1 Memory pressure at 0.83
Dec 18, 2025 21:23:01 (+01:08:31) - src.utils.hardware.unified_hardware_manager.HardwarePerformanceMonitor - WARNING - 🚨 ALERT: cpu_usage (97.8) exceeds threshold (85.0)
Dec 18, 2025 21:49:03 (+01:34:33) - src.utils.hardware.unified_hardware_manager.HardwarePerformanceMonitor - WARNING - 🚨 ALERT: cpu_usage (96.0) exceeds threshold (85.0)
Dec 18, 2025 21:49:05 (+01:34:35) - src.utils.hardware.m1_memory_optimizer.M1MemoryOptimizer - INFO - 🧠 M1 Memory pressure at 0.78
Dec 18, 2025 21:51:13 (+01:36:42) - src.utils.hardware.m1_memory_optimizer.M1MemoryOptimizer - INFO - 🧠 M1 Memory pressure at 0.80
Dec 18, 2025 21:58:27 (+01:43:57) - src.utils.hardware.unified_hardware_manager.HardwarePerformanceMonitor - WARNING - 🚨 ALERT: cpu_usage (94.6) exceeds threshold (85.0)
Dec 18, 2025 21:59:29 (+01:44:59) - src.utils.hardware.m1_memory_optimizer.M1MemoryOptimizer - INFO - 🧠 M1 Memory pressure at 0.79
Dec 18, 2025 22:01:37 (+01:47:06) - src.utils.hardware.m1_memory_optimizer.M1MemoryOptimizer - INFO - 🧠 M1 Memory pressure at 0.78
Dec 18, 2025 22:03:43 (+01:49:13) - src.utils.hardware.m1_memory_optimizer.M1MemoryOptimizer - INFO - 🧠 M1 Memory pressure at 0.78
Dec 18, 2025 22:05:49 (+01:51:18) - src.utils.hardware.m1_memory_optimizer.M1MemoryOptimizer - INFO - 🧠 M1 Memory pressure at 0.75
Dec 18, 2025 22:16:00 (+02:01:29) - src.utils.hardware.m1_memory_optimizer.M1MemoryOptimizer - INFO - 🧠 M1 Memory pressure at 0.78
Dec 18, 2025 22:18:10 (+02:03:40) - src.utils.hardware.m1_memory_optimizer.M1MemoryOptimizer - INFO - 🧠 M1 Memory pressure at 0.80
Dec 18, 2025 22:20:16 (+02:05:46) - src.utils.hardware.m1_memory_optimizer.M1MemoryOptimizer - INFO - 🧠 M1 Memory pressure at 0.77
Dec 18, 2025 22:22:23 (+02:07:52) - src.utils.hardware.m1_memory_optimizer.M1MemoryOptimizer - INFO - 🧠 M1 Memory pressure at 0.78
Dec 18, 2025 22:24:34 (+02:10:03) - src.utils.hardware.m1_memory_optimizer.M1MemoryOptimizer - INFO - 🧠 M1 Memory pressure at 0.79
Dec 18, 2025 22:26:43 (+02:12:13) - src.utils.hardware.m1_memory_optimizer.M1MemoryOptimizer - INFO - 🧠 M1 Memory pressure at 0.79
Dec 18, 2025 22:28:52 (+02:14:22) - src.utils.hardware.m1_memory_optimizer.M1MemoryOptimizer - INFO - 🧠 M1 Memory pressure at 0.83
Dec 18, 2025 22:31:03 (+02:16:33) - src.utils.hardware.m1_memory_optimizer.M1MemoryOptimizer - INFO - 🧠 M1 Memory pressure at 0.81
Dec 18, 2025 22:31:54 (+02:17:23) - src.utils.hardware.unified_hardware_manager.HardwarePerformanceMonitor - WARNING - 🚨 ALERT: cpu_usage (94.2) exceeds threshold (85.0)
Dec 18, 2025 22:33:17 (+02:18:47) - src.utils.hardware.m1_memory_optimizer.M1MemoryOptimizer - INFO - 🧠 M1 Memory pressure at 0.76
Dec 18, 2025 22:35:26 (+02:20:55) - src.utils.hardware.m1_memory_optimizer.M1MemoryOptimizer - INFO - 🧠 M1 Memory pressure at 0.78
Dec 18, 2025 22:37:32 (+02:23:02) - src.utils.hardware.m1_memory_optimizer.M1MemoryOptimizer - INFO - 🧠 M1 Memory pressure at 0.76
Dec 18, 2025 22:39:40 (+02:25:10) - src.utils.hardware.m1_memory_optimizer.M1MemoryOptimizer - INFO - 🧠 M1 Memory pressure at 0.75
Dec 18, 2025 22:40:16 (+02:25:46) - src.utils.hardware.unified_hardware_manager.HardwarePerformanceMonitor - WARNING - 🚨 ALERT: cpu_usage (85.2) exceeds threshold (85.0)
Dec 18, 2025 22:41:51 (+02:27:21) - src.utils.hardware.unified_hardware_manager.HardwarePerformanceMonitor - WARNING - 🚨 ALERT: cpu_usage (86.1) exceeds threshold (85.0)
Dec 18, 2025 22:43:26 (+02:28:56) - src.utils.hardware.unified_hardware_manager.HardwarePerformanceMonitor - WARNING - 🚨 ALERT: cpu_usage (98.7) exceeds threshold (85.0)
Dec 18, 2025 22:44:03 (+02:29:33) - src.utils.hardware.m1_memory_optimizer.M1MemoryOptimizer - INFO - 🧠 M1 Memory pressure at 0.83
Dec 18, 2025 22:45:01 (+02:30:31) - src.utils.hardware.unified_hardware_manager.HardwarePerformanceMonitor - WARNING - 🚨 ALERT: cpu_usage (92.8) exceeds threshold (85.0)
Dec 18, 2025 22:45:33 (+02:31:03) - src.utils.hardware.unified_hardware_manager.HardwarePerformanceMonitor - WARNING - 🚨 ALERT: cpu_usage (87.3) exceeds threshold (85.0)
Dec 18, 2025 22:52:22 (+02:37:52) - src.utils.hardware.m1_memory_optimizer.M1MemoryOptimizer - INFO - 🧠 M1 Memory pressure at 0.78
Dec 18, 2025 22:54:30 (+02:40:00) - src.utils.hardware.m1_memory_optimizer.M1MemoryOptimizer - INFO - 🧠 M1 Memory pressure at 0.81
Dec 18, 2025 22:56:39 (+02:42:08) - src.utils.hardware.m1_memory_optimizer.M1MemoryOptimizer - INFO - 🧠 M1 Memory pressure at 0.82
Dec 18, 2025 22:57:34 (+02:43:04) - src.utils.hardware.unified_hardware_manager.HardwarePerformanceMonitor - WARNING - 🚨 ALERT: cpu_usage (87.7) exceeds threshold (85.0)
Dec 18, 2025 22:58:51 (+02:44:20) - src.utils.hardware.m1_memory_optimizer.M1MemoryOptimizer - INFO - 🧠 M1 Memory pressure at 0.79
Dec 18, 2025 23:01:01 (+02:46:31) - src.utils.hardware.m1_memory_optimizer.M1MemoryOptimizer - INFO - 🧠 M1 Memory pressure at 0.79
Dec 18, 2025 23:03:15 (+02:48:45) - src.utils.hardware.m1_memory_optimizer.M1MemoryOptimizer - INFO - 🧠 M1 Memory pressure at 0.83
Dec 18, 2025 23:03:54 (+02:49:24) - src.utils.hardware.unified_hardware_manager.HardwarePerformanceMonitor - WARNING - 🚨 ALERT: cpu_usage (97.3) exceeds threshold (85.0)
Dec 18, 2025 23:04:58 (+02:50:28) - src.utils.hardware.unified_hardware_manager.HardwarePerformanceMonitor - WARNING - 🚨 ALERT: cpu_usage (85.3) exceeds threshold (85.0)
Dec 18, 2025 23:05:30 (+02:51:00) - src.utils.hardware.unified_hardware_manager.HardwarePerformanceMonitor - WARNING - 🚨 ALERT: cpu_usage (89.4) exceeds threshold (85.0)
Dec 18, 2025 23:05:44 (+02:51:13) - src.utils.hardware.m1_memory_optimizer.M1MemoryOptimizer - INFO - 🧠 M1 Memory pressure at 0.82
Dec 18, 2025 23:06:38 (+02:52:07) - src.utils.hardware.unified_hardware_manager.HardwarePerformanceMonitor - WARNING - 🚨 ALERT: cpu_usage (99.6) exceeds threshold (85.0)
Dec 18, 2025 23:08:07 (+02:53:36) - src.utils.hardware.m1_memory_optimizer.M1MemoryOptimizer - INFO - 🧠 M1 Memory pressure at 0.78
Dec 18, 2025 23:09:15 (+02:54:44) - src.utils.hardware.unified_hardware_manager.HardwarePerformanceMonitor - WARNING - 🚨 ALERT: cpu_usage (92.6) exceeds threshold (85.0)
Dec 18, 2025 23:09:48 (+02:55:18) - src.utils.hardware.unified_hardware_manager.HardwarePerformanceMonitor - WARNING - 🚨 ALERT: cpu_usage (99.9) exceeds threshold (85.0)
Dec 18, 2025 23:10:24 (+02:55:54) - src.utils.hardware.m1_memory_optimizer.M1MemoryOptimizer - INFO - 🧠 M1 Memory pressure at 0.79
Dec 18, 2025 23:11:23 (+02:56:53) - src.utils.hardware.unified_hardware_manager.HardwarePerformanceMonitor - WARNING - 🚨 ALERT: cpu_usage (97.8) exceeds threshold (85.0)
Dec 18, 2025 23:12:35 (+02:58:05) - src.utils.hardware.m1_memory_optimizer.M1MemoryOptimizer - INFO - 🧠 M1 Memory pressure at 0.77
Dec 18, 2025 23:15:35 (+03:01:05) - src.utils.hardware.unified_hardware_manager.HardwarePerformanceMonitor - WARNING - 🚨 ALERT: cpu_usage (96.0) exceeds threshold (85.0)
Dec 18, 2025 23:17:40 (+03:03:10) - src.utils.hardware.unified_hardware_manager.HardwarePerformanceMonitor - WARNING - 🚨 ALERT: cpu_usage (90.4) exceeds threshold (85.0)
Dec 18, 2025 23:19:15 (+03:04:45) - src.utils.hardware.unified_hardware_manager.HardwarePerformanceMonitor - WARNING - 🚨 ALERT: cpu_usage (100.0) exceeds threshold (85.0)
Dec 18, 2025 23:20:51 (+03:06:20) - src.utils.hardware.unified_hardware_manager.HardwarePerformanceMonitor - WARNING - 🚨 ALERT: cpu_usage (100.0) exceeds threshold (85.0)
Dec 18, 2025 23:20:59 (+03:06:29) - src.utils.hardware.m1_memory_optimizer.M1MemoryOptimizer - INFO - 🧠 M1 Memory pressure at 0.76
Dec 18, 2025 23:21:23 (+03:06:53) - src.utils.hardware.unified_hardware_manager.HardwarePerformanceMonitor - WARNING - 🚨 ALERT: cpu_usage (100.0) exceeds threshold (85.0)
Dec 18, 2025 23:21:55 (+03:07:24) - src.utils.hardware.unified_hardware_manager.HardwarePerformanceMonitor - WARNING - 🚨 ALERT: cpu_usage (85.8) exceeds threshold (85.0)
Dec 18, 2025 23:25:04 (+03:10:33) - src.utils.hardware.unified_hardware_manager.HardwarePerformanceMonitor - WARNING - 🚨 ALERT: cpu_usage (89.5) exceeds threshold (85.0)
Dec 18, 2025 23:26:07 (+03:11:36) - src.utils.hardware.unified_hardware_manager.HardwarePerformanceMonitor - WARNING - 🚨 ALERT: cpu_usage (100.0) exceeds threshold (85.0)
Dec 18, 2025 23:26:38 (+03:12:08) - src.utils.hardware.unified_hardware_manager.HardwarePerformanceMonitor - WARNING - 🚨 ALERT: cpu_usage (96.4) exceeds threshold (85.0)
Dec 18, 2025 23:27:10 (+03:12:40) - src.utils.hardware.unified_hardware_manager.HardwarePerformanceMonitor - WARNING - 🚨 ALERT: cpu_usage (100.0) exceeds threshold (85.0)
Dec 18, 2025 23:27:39 (+03:13:09) - src.utils.hardware.m1_memory_optimizer.M1MemoryOptimizer - INFO - 🧠 M1 Memory pressure at 0.78
Dec 18, 2025 23:27:42 (+03:13:12) - src.utils.hardware.unified_hardware_manager.HardwarePerformanceMonitor - WARNING - 🚨 ALERT: cpu_usage (97.9) exceeds threshold (85.0)
Dec 18, 2025 23:28:14 (+03:13:43) - src.utils.hardware.unified_hardware_manager.HardwarePerformanceMonitor - WARNING - 🚨 ALERT: cpu_usage (93.6) exceeds threshold (85.0)
Dec 18, 2025 23:29:18 (+03:14:47) - src.utils.hardware.unified_hardware_manager.HardwarePerformanceMonitor - WARNING - 🚨 ALERT: cpu_usage (86.7) exceeds threshold (85.0)
Dec 18, 2025 23:29:50 (+03:15:20) - src.utils.hardware.unified_hardware_manager.HardwarePerformanceMonitor - WARNING - 🚨 ALERT: cpu_usage (85.4) exceeds threshold (85.0)
Dec 18, 2025 23:30:01 (+03:15:31) - src.utils.hardware.m1_memory_optimizer.M1MemoryOptimizer - INFO - 🧠 M1 Memory pressure at 0.76
Dec 18, 2025 23:32:13 (+03:17:43) - src.utils.hardware.m1_memory_optimizer.M1MemoryOptimizer - INFO - 🧠 M1 Memory pressure at 0.77
Dec 18, 2025 23:32:59 (+03:18:29) - src.utils.hardware.unified_hardware_manager.HardwarePerformanceMonitor - WARNING - 🚨 ALERT: cpu_usage (93.8) exceeds threshold (85.0)
Dec 18, 2025 23:34:25 (+03:19:55) - src.utils.hardware.m1_memory_optimizer.M1MemoryOptimizer - INFO - 🧠 M1 Memory pressure at 0.83
Dec 18, 2025 23:34:34 (+03:20:04) - src.utils.hardware.unified_hardware_manager.HardwarePerformanceMonitor - WARNING - 🚨 ALERT: cpu_usage (99.9) exceeds threshold (85.0)
Dec 18, 2025 23:40:50 (+03:26:20) - src.utils.hardware.unified_hardware_manager.HardwarePerformanceMonitor - WARNING - 🚨 ALERT: cpu_usage (90.5) exceeds threshold (85.0)
Dec 18, 2025 23:41:22 (+03:26:51) - src.utils.hardware.unified_hardware_manager.HardwarePerformanceMonitor - WARNING - 🚨 ALERT: cpu_usage (90.6) exceeds threshold (85.0)
Dec 18, 2025 23:41:54 (+03:27:23) - src.utils.hardware.unified_hardware_manager.HardwarePerformanceMonitor - WARNING - 🚨 ALERT: cpu_usage (99.8) exceeds threshold (85.0)
Dec 18, 2025 23:42:25 (+03:27:55) - src.utils.hardware.unified_hardware_manager.HardwarePerformanceMonitor - WARNING - 🚨 ALERT: cpu_usage (97.5) exceeds threshold (85.0)
Dec 18, 2025 23:42:56 (+03:28:26) - src.utils.hardware.unified_hardware_manager.HardwarePerformanceMonitor - WARNING - 🚨 ALERT: cpu_usage (97.9) exceeds threshold (85.0)
Dec 18, 2025 23:43:01 (+03:28:31) - src.utils.hardware.m1_memory_optimizer.M1MemoryOptimizer - INFO - 🧠 M1 Memory pressure at 0.79
Dec 18, 2025 23:43:28 (+03:28:57) - src.utils.hardware.unified_hardware_manager.HardwarePerformanceMonitor - WARNING - 🚨 ALERT: cpu_usage (99.8) exceeds threshold (85.0)
Dec 18, 2025 23:44:31 (+03:30:01) - src.utils.hardware.unified_hardware_manager.HardwarePerformanceMonitor - WARNING - 🚨 ALERT: cpu_usage (99.1) exceeds threshold (85.0)
Dec 18, 2025 23:45:03 (+03:30:32) - src.utils.hardware.unified_hardware_manager.HardwarePerformanceMonitor - WARNING - 🚨 ALERT: cpu_usage (100.0) exceeds threshold (85.0)
Dec 18, 2025 23:45:23 (+03:30:53) - src.utils.hardware.m1_memory_optimizer.M1MemoryOptimizer - INFO - 🧠 M1 Memory pressure at 0.82
Dec 18, 2025 23:45:34 (+03:31:04) - src.utils.hardware.unified_hardware_manager.HardwarePerformanceMonitor - WARNING - 🚨 ALERT: cpu_usage (100.0) exceeds threshold (85.0)
Dec 18, 2025 23:46:37 (+03:32:07) - src.utils.hardware.unified_hardware_manager.HardwarePerformanceMonitor - WARNING - 🚨 ALERT: cpu_usage (99.4) exceeds threshold (85.0)
Dec 18, 2025 23:47:31 (+03:33:00) - src.utils.hardware.m1_memory_optimizer.M1MemoryOptimizer - INFO - 🧠 M1 Memory pressure at 0.75
Dec 18, 2025 23:48:12 (+03:33:42) - src.utils.hardware.unified_hardware_manager.HardwarePerformanceMonitor - WARNING - 🚨 ALERT: cpu_usage (95.6) exceeds threshold (85.0)
Dec 18, 2025 23:48:45 (+03:34:15) - src.utils.hardware.unified_hardware_manager.HardwarePerformanceMonitor - WARNING - 🚨 ALERT: cpu_usage (100.0) exceeds threshold (85.0)
Dec 18, 2025 23:49:17 (+03:34:47) - src.utils.hardware.unified_hardware_manager.HardwarePerformanceMonitor - WARNING - 🚨 ALERT: cpu_usage (99.9) exceeds threshold (85.0)
Dec 18, 2025 23:49:49 (+03:35:19) - src.utils.hardware.unified_hardware_manager.HardwarePerformanceMonitor - WARNING - 🚨 ALERT: cpu_usage (98.2) exceeds threshold (85.0)
Dec 18, 2025 23:54:31 (+03:40:01) - src.utils.hardware.unified_hardware_manager.HardwarePerformanceMonitor - WARNING - 🚨 ALERT: cpu_usage (96.3) exceeds threshold (85.0)
Dec 18, 2025 23:55:03 (+03:40:33) - src.utils.hardware.unified_hardware_manager.HardwarePerformanceMonitor - WARNING - 🚨 ALERT: cpu_usage (85.2) exceeds threshold (85.0)
Dec 18, 2025 23:55:34 (+03:41:04) - src.utils.hardware.unified_hardware_manager.HardwarePerformanceMonitor - WARNING - 🚨 ALERT: cpu_usage (85.6) exceeds threshold (85.0)
Dec 18, 2025 23:56:07 (+03:41:37) - src.utils.hardware.unified_hardware_manager.HardwarePerformanceMonitor - WARNING - 🚨 ALERT: cpu_usage (86.7) exceeds threshold (85.0)
Dec 18, 2025 23:56:18 (+03:41:48) - src.utils.hardware.m1_memory_optimizer.M1MemoryOptimizer - INFO - 🧠 M1 Memory pressure at 0.77
Dec 18, 2025 23:56:40 (+03:42:10) - src.utils.hardware.unified_hardware_manager.HardwarePerformanceMonitor - WARNING - 🚨 ALERT: cpu_usage (99.9) exceeds threshold (85.0)
Dec 18, 2025 23:57:12 (+03:42:42) - src.utils.hardware.unified_hardware_manager.HardwarePerformanceMonitor - WARNING - 🚨 ALERT: cpu_usage (87.2) exceeds threshold (85.0)
Dec 18, 2025 23:58:38 (+03:44:07) - src.utils.hardware.m1_memory_optimizer.M1MemoryOptimizer - INFO - 🧠 M1 Memory pressure at 0.78
Dec 18, 2025 23:58:50 (+03:44:19) - src.utils.hardware.unified_hardware_manager.HardwarePerformanceMonitor - WARNING - 🚨 ALERT: cpu_usage (100.0) exceeds threshold (85.0)
Dec 18, 2025 23:59:21 (+03:44:51) - src.utils.hardware.unified_hardware_manager.HardwarePerformanceMonitor - WARNING - 🚨 ALERT: cpu_usage (98.9) exceeds threshold (85.0)
Dec 18, 2025 23:59:53 (+03:45:23) - src.utils.hardware.unified_hardware_manager.HardwarePerformanceMonitor - WARNING - 🚨 ALERT: cpu_usage (99.0) exceeds threshold (85.0)
Dec 19, 2025 00:00:24 (+03:45:54) - src.utils.hardware.unified_hardware_manager.HardwarePerformanceMonitor - WARNING - 🚨 ALERT: cpu_usage (89.5) exceeds threshold (85.0)
Dec 19, 2025 00:03:33 (+03:49:03) - src.utils.hardware.unified_hardware_manager.HardwarePerformanceMonitor - WARNING - 🚨 ALERT: cpu_usage (92.8) exceeds threshold (85.0)
Dec 19, 2025 00:04:36 (+03:50:06) - src.utils.hardware.unified_hardware_manager.HardwarePerformanceMonitor - WARNING - 🚨 ALERT: cpu_usage (99.4) exceeds threshold (85.0)
Dec 19, 2025 00:05:10 (+03:50:40) - src.utils.hardware.unified_hardware_manager.HardwarePerformanceMonitor - WARNING - 🚨 ALERT: cpu_usage (99.4) exceeds threshold (85.0)
Dec 19, 2025 00:05:20 (+03:50:49) - src.utils.hardware.m1_memory_optimizer.M1MemoryOptimizer - INFO - 🧠 M1 Memory pressure at 0.76
Dec 19, 2025 00:07:31 (+03:53:01) - src.utils.hardware.m1_memory_optimizer.M1MemoryOptimizer - INFO - 🧠 M1 Memory pressure at 0.80
Dec 19, 2025 00:07:48 (+03:53:17) - src.utils.hardware.unified_hardware_manager.HardwarePerformanceMonitor - WARNING - 🚨 ALERT: cpu_usage (88.4) exceeds threshold (85.0)
Dec 19, 2025 00:09:22 (+03:54:52) - src.utils.hardware.unified_hardware_manager.HardwarePerformanceMonitor - WARNING - 🚨 ALERT: cpu_usage (99.5) exceeds threshold (85.0)
Dec 19, 2025 00:09:44 (+03:55:14) - src.utils.hardware.m1_memory_optimizer.M1MemoryOptimizer - INFO - 🧠 M1 Memory pressure at 0.83
Dec 19, 2025 00:09:55 (+03:55:25) - src.utils.hardware.unified_hardware_manager.HardwarePerformanceMonitor - WARNING - 🚨 ALERT: cpu_usage (100.0) exceeds threshold (85.0)
Dec 19, 2025 00:10:28 (+03:55:58) - src.utils.hardware.unified_hardware_manager.HardwarePerformanceMonitor - WARNING - 🚨 ALERT: cpu_usage (99.6) exceeds threshold (85.0)
Dec 19, 2025 00:11:31 (+03:57:01) - src.utils.hardware.unified_hardware_manager.HardwarePerformanceMonitor - WARNING - 🚨 ALERT: cpu_usage (97.0) exceeds threshold (85.0)
Dec 19, 2025 00:12:03 (+03:57:33) - src.utils.hardware.unified_hardware_manager.HardwarePerformanceMonitor - WARNING - 🚨 ALERT: cpu_usage (90.9) exceeds threshold (85.0)
Dec 19, 2025 00:14:14 (+03:59:44) - src.utils.hardware.m1_memory_optimizer.M1MemoryOptimizer - INFO - 🧠 M1 Memory pressure at 0.83
Dec 19, 2025 00:14:40 (+04:00:10) - src.utils.hardware.unified_hardware_manager.HardwarePerformanceMonitor - WARNING - 🚨 ALERT: cpu_usage (93.9) exceeds threshold (85.0)
Dec 19, 2025 00:15:12 (+04:00:42) - src.utils.hardware.unified_hardware_manager.HardwarePerformanceMonitor - WARNING - 🚨 ALERT: cpu_usage (87.2) exceeds threshold (85.0)
Dec 19, 2025 00:15:43 (+04:01:13) - src.utils.hardware.unified_hardware_manager.HardwarePerformanceMonitor - WARNING - 🚨 ALERT: cpu_usage (95.7) exceeds threshold (85.0)
Dec 19, 2025 00:16:17 (+04:01:46) - src.utils.hardware.unified_hardware_manager.HardwarePerformanceMonitor - WARNING - 🚨 ALERT: cpu_usage (99.8) exceeds threshold (85.0)
Dec 19, 2025 00:16:33 (+04:02:03) - src.utils.hardware.m1_memory_optimizer.M1MemoryOptimizer - INFO - 🧠 M1 Memory pressure at 0.81
Dec 19, 2025 00:16:50 (+04:02:20) - src.utils.hardware.unified_hardware_manager.HardwarePerformanceMonitor - WARNING - 🚨 ALERT: cpu_usage (93.6) exceeds threshold (85.0)
Dec 19, 2025 00:17:53 (+04:03:22) - src.utils.hardware.unified_hardware_manager.HardwarePerformanceMonitor - WARNING - 🚨 ALERT: cpu_usage (92.3) exceeds threshold (85.0)
Dec 19, 2025 00:18:50 (+04:04:20) - src.utils.hardware.m1_memory_optimizer.M1MemoryOptimizer - INFO - 🧠 M1 Memory pressure at 0.81
Dec 19, 2025 00:21:04 (+04:06:33) - src.utils.hardware.m1_memory_optimizer.M1MemoryOptimizer - INFO - 🧠 M1 Memory pressure at 0.77
Dec 19, 2025 00:22:06 (+04:07:36) - src.utils.hardware.unified_hardware_manager.HardwarePerformanceMonitor - WARNING - 🚨 ALERT: cpu_usage (98.1) exceeds threshold (85.0)
Dec 19, 2025 00:23:16 (+04:08:46) - src.utils.hardware.m1_memory_optimizer.M1MemoryOptimizer - INFO - 🧠 M1 Memory pressure at 0.77
Dec 19, 2025 00:29:26 (+04:14:56) - src.utils.hardware.m1_memory_optimizer.M1MemoryOptimizer - INFO - 🧠 M1 Memory pressure at 0.77
Dec 19, 2025 00:31:33 (+04:17:02) - src.utils.hardware.m1_memory_optimizer.M1MemoryOptimizer - INFO - 🧠 M1 Memory pressure at 0.79
Dec 19, 2025 00:33:42 (+04:19:11) - src.utils.hardware.m1_memory_optimizer.M1MemoryOptimizer - INFO - 🧠 M1 Memory pressure at 0.80
Dec 19, 2025 00:35:42 (+04:21:12) - src.utils.hardware.unified_hardware_manager.HardwarePerformanceMonitor - WARNING - 🚨 ALERT: cpu_usage (99.9) exceeds threshold (85.0)
Dec 19, 2025 00:35:53 (+04:21:23) - src.utils.hardware.m1_memory_optimizer.M1MemoryOptimizer - INFO - 🧠 M1 Memory pressure at 0.81
Dec 19, 2025 00:38:04 (+04:23:33) - src.utils.hardware.m1_memory_optimizer.M1MemoryOptimizer - INFO - 🧠 M1 Memory pressure at 0.79
Dec 19, 2025 00:40:09 (+04:25:39) - src.utils.hardware.m1_memory_optimizer.M1MemoryOptimizer - INFO - 🧠 M1 Memory pressure at 0.76
Dec 19, 2025 00:42:16 (+04:27:45) - src.utils.hardware.m1_memory_optimizer.M1MemoryOptimizer - INFO - 🧠 M1 Memory pressure at 0.78
Dec 19, 2025 00:44:22 (+04:29:52) - src.utils.hardware.m1_memory_optimizer.M1MemoryOptimizer - INFO - 🧠 M1 Memory pressure at 0.79
Dec 19, 2025 00:46:29 (+04:31:59) - src.utils.hardware.m1_memory_optimizer.M1MemoryOptimizer - INFO - 🧠 M1 Memory pressure at 0.79
Dec 19, 2025 00:48:35 (+04:34:05) - src.utils.hardware.m1_memory_optimizer.M1MemoryOptimizer - INFO - 🧠 M1 Memory pressure at 0.81
Dec 19, 2025 00:50:41 (+04:36:11) - src.utils.hardware.m1_memory_optimizer.M1MemoryOptimizer - INFO - 🧠 M1 Memory pressure at 0.80
Dec 19, 2025 00:52:47 (+04:38:17) - src.utils.hardware.m1_memory_optimizer.M1MemoryOptimizer - INFO - 🧠 M1 Memory pressure at 0.81
Dec 19, 2025 00:54:53 (+04:40:23) - src.utils.hardware.m1_memory_optimizer.M1MemoryOptimizer - INFO - 🧠 M1 Memory pressure at 0.81
Dec 19, 2025 00:57:00 (+04:42:29) - src.utils.hardware.m1_memory_optimizer.M1MemoryOptimizer - INFO - 🧠 M1 Memory pressure at 0.83
Dec 19, 2025 00:59:06 (+04:44:36) - src.utils.hardware.m1_memory_optimizer.M1MemoryOptimizer - INFO - 🧠 M1 Memory pressure at 0.82
Dec 19, 2025 00:59:44 (+04:45:14) - src.utils.hardware.unified_hardware_manager.HardwarePerformanceMonitor - WARNING - 🚨 ALERT: cpu_usage (99.5) exceeds threshold (85.0)
Dec 19, 2025 01:01:15 (+04:46:44) - src.utils.hardware.m1_memory_optimizer.M1MemoryOptimizer - INFO - 🧠 M1 Memory pressure at 0.80
Dec 19, 2025 01:03:21 (+04:48:51) - src.utils.hardware.m1_memory_optimizer.M1MemoryOptimizer - INFO - 🧠 M1 Memory pressure at 0.79
Dec 19, 2025 01:05:25 (+04:50:55) - src.utils.hardware.m1_memory_optimizer.M1MemoryOptimizer - INFO - 🧠 M1 Memory pressure at 0.76
Dec 19, 2025 01:07:32 (+04:53:02) - src.utils.hardware.m1_memory_optimizer.M1MemoryOptimizer - INFO - 🧠 M1 Memory pressure at 0.78
Dec 19, 2025 01:09:39 (+04:55:08) - src.utils.hardware.unified_hardware_manager.HardwarePerformanceMonitor - WARNING - 🚨 ALERT: cpu_usage (91.1) exceeds threshold (85.0)
Dec 19, 2025 01:09:40 (+04:55:09) - src.utils.hardware.m1_memory_optimizer.M1MemoryOptimizer - INFO - 🧠 M1 Memory pressure at 0.79
Dec 19, 2025 01:11:49 (+04:57:19) - src.utils.hardware.m1_memory_optimizer.M1MemoryOptimizer - INFO - 🧠 M1 Memory pressure at 0.80
Dec 19, 2025 01:13:57 (+04:59:26) - src.utils.hardware.m1_memory_optimizer.M1MemoryOptimizer - INFO - 🧠 M1 Memory pressure at 0.77
Dec 19, 2025 01:15:54 (+05:01:24) - src.utils.hardware.unified_hardware_manager.HardwarePerformanceMonitor - WARNING - 🚨 ALERT: cpu_usage (89.6) exceeds threshold (85.0)
Dec 19, 2025 01:16:04 (+05:01:34) - src.utils.hardware.m1_memory_optimizer.M1MemoryOptimizer - INFO - 🧠 M1 Memory pressure at 0.78
Dec 19, 2025 01:18:15 (+05:03:44) - src.utils.hardware.m1_memory_optimizer.M1MemoryOptimizer - INFO - 🧠 M1 Memory pressure at 0.79
Dec 19, 2025 01:20:21 (+05:05:51) - src.utils.hardware.m1_memory_optimizer.M1MemoryOptimizer - INFO - 🧠 M1 Memory pressure at 0.78
Dec 19, 2025 01:21:08 (+05:06:38) - src.utils.hardware.unified_hardware_manager.HardwarePerformanceMonitor - WARNING - 🚨 ALERT: cpu_usage (88.9) exceeds threshold (85.0)
Dec 19, 2025 01:22:29 (+05:07:59) - src.utils.hardware.m1_memory_optimizer.M1MemoryOptimizer - INFO - 🧠 M1 Memory pressure at 0.77
Dec 19, 2025 01:24:37 (+05:10:07) - src.utils.hardware.m1_memory_optimizer.M1MemoryOptimizer - INFO - 🧠 M1 Memory pressure at 0.78
Dec 19, 2025 01:26:44 (+05:12:14) - src.utils.hardware.m1_memory_optimizer.M1MemoryOptimizer - INFO - 🧠 M1 Memory pressure at 0.77
Dec 19, 2025 01:28:52 (+05:14:21) - src.utils.hardware.m1_memory_optimizer.M1MemoryOptimizer - INFO - 🧠 M1 Memory pressure at 0.78
Dec 19, 2025 01:30:59 (+05:16:29) - src.utils.hardware.m1_memory_optimizer.M1MemoryOptimizer - INFO - 🧠 M1 Memory pressure at 0.75
Dec 19, 2025 01:35:09 (+05:20:38) - src.utils.hardware.m1_memory_optimizer.M1MemoryOptimizer - WARNING - 🧠 Memory monitoring reached maximum iterations (3600), auto-stopping
Dec 19, 2025 08:15:10 (+12:00:40) - src.utils.hardware.unified_hardware_manager.HardwarePerformanceMonitor - WARNING - 🚨 ALERT: cpu_usage (87.1) exceeds threshold (85.0)
Dec 19, 2025 08:16:44 (+12:02:14) - src.utils.hardware.unified_hardware_manager.HardwarePerformanceMonitor - WARNING - 🚨 ALERT: cpu_usage (95.7) exceeds threshold (85.0)
Dec 19, 2025 08:17:16 (+12:02:45) - src.utils.hardware.unified_hardware_manager.HardwarePerformanceMonitor - WARNING - 🚨 ALERT: cpu_usage (87.5) exceeds threshold (85.0)
Dec 19, 2025 18:18:05 (+22:03:34) - src.utils.hardware.unified_hardware_manager.HardwarePerformanceMonitor - WARNING - 🚨 ALERT: cpu_usage (100.0) exceeds threshold (85.0)
Dec 19, 2025 18:20:12 (+22:05:42) - src.utils.hardware.unified_hardware_manager.HardwarePerformanceMonitor - WARNING - 🚨 ALERT: cpu_usage (99.1) exceeds threshold (85.0)
Dec 19, 2025 18:20:44 (+22:06:13) - src.utils.hardware.unified_hardware_manager.HardwarePerformanceMonitor - WARNING - 🚨 ALERT: cpu_usage (99.5) exceeds threshold (85.0)
Dec 19, 2025 18:21:16 (+22:06:45) - src.utils.hardware.unified_hardware_manager.HardwarePerformanceMonitor - WARNING - 🚨 ALERT: cpu_usage (99.8) exceeds threshold (85.0)
Dec 19, 2025 18:23:21 (+22:08:51) - src.utils.hardware.unified_hardware_manager.HardwarePerformanceMonitor - WARNING - 🚨 ALERT: cpu_usage (87.8) exceeds threshold (85.0)
Dec 19, 2025 18:23:53 (+22:09:23) - src.utils.hardware.unified_hardware_manager.HardwarePerformanceMonitor - WARNING - 🚨 ALERT: cpu_usage (100.0) exceeds threshold (85.0)
Dec 19, 2025 18:24:56 (+22:10:26) - src.utils.hardware.unified_hardware_manager.HardwarePerformanceMonitor - WARNING - 🚨 ALERT: cpu_usage (94.5) exceeds threshold (85.0)
Dec 19, 2025 18:26:31 (+22:12:01) - src.utils.hardware.unified_hardware_manager.HardwarePerformanceMonitor - WARNING - 🚨 ALERT: cpu_usage (94.1) exceeds threshold (85.0)
Dec 19, 2025 18:27:03 (+22:12:32) - src.utils.hardware.unified_hardware_manager.HardwarePerformanceMonitor - WARNING - 🚨 ALERT: cpu_usage (92.3) exceeds threshold (85.0)
Dec 19, 2025 18:30:11 (+22:15:41) - src.utils.hardware.unified_hardware_manager.HardwarePerformanceMonitor - WARNING - 🚨 ALERT: cpu_usage (89.1) exceeds threshold (85.0)
Dec 19, 2025 18:33:19 (+22:18:49) - src.utils.hardware.unified_hardware_manager.HardwarePerformanceMonitor - WARNING - 🚨 ALERT: cpu_usage (99.6) exceeds threshold (85.0)
Dec 19, 2025 18:33:51 (+22:19:21) - src.utils.hardware.unified_hardware_manager.HardwarePerformanceMonitor - WARNING - 🚨 ALERT: cpu_usage (89.3) exceeds threshold (85.0)
Dec 19, 2025 18:38:02 (+22:23:32) - src.utils.hardware.unified_hardware_manager.HardwarePerformanceMonitor - WARNING - 🚨 ALERT: cpu_usage (91.3) exceeds threshold (85.0)
Dec 19, 2025 18:45:53 (+22:31:23) - src.utils.hardware.unified_hardware_manager.HardwarePerformanceMonitor - WARNING - 🚨 ALERT: cpu_usage (86.6) exceeds threshold (85.0)
Dec 19, 2025 18:46:25 (+22:31:54) - src.utils.hardware.unified_hardware_manager.HardwarePerformanceMonitor - WARNING - 🚨 ALERT: cpu_usage (99.5) exceeds threshold (85.0)
Dec 19, 2025 18:46:57 (+22:32:27) - src.utils.hardware.unified_hardware_manager.HardwarePerformanceMonitor - WARNING - 🚨 ALERT: cpu_usage (100.0) exceeds threshold (85.0)
Dec 19, 2025 18:47:30 (+22:33:00) - src.utils.hardware.unified_hardware_manager.HardwarePerformanceMonitor - WARNING - 🚨 ALERT: cpu_usage (100.0) exceeds threshold (85.0)
Dec 19, 2025 18:48:01 (+22:33:31) - src.utils.hardware.unified_hardware_manager.HardwarePerformanceMonitor - WARNING - 🚨 ALERT: cpu_usage (94.6) exceeds threshold (85.0)
Dec 19, 2025 18:48:33 (+22:34:03) - src.utils.hardware.unified_hardware_manager.HardwarePerformanceMonitor - WARNING - 🚨 ALERT: cpu_usage (90.3) exceeds threshold (85.0)
Dec 19, 2025 18:49:05 (+22:34:35) - src.utils.hardware.unified_hardware_manager.HardwarePerformanceMonitor - WARNING - 🚨 ALERT: cpu_usage (88.3) exceeds threshold (85.0)
Dec 19, 2025 19:01:37 (+22:47:07) - src.utils.hardware.unified_hardware_manager.HardwarePerformanceMonitor - WARNING - 🚨 ALERT: cpu_usage (85.5) exceeds threshold (85.0)
Dec 19, 2025 19:02:08 (+22:47:38) - src.utils.hardware.unified_hardware_manager.HardwarePerformanceMonitor - WARNING - 🚨 ALERT: cpu_usage (88.6) exceeds threshold (85.0)
Dec 19, 2025 19:02:40 (+22:48:10) - src.utils.hardware.unified_hardware_manager.HardwarePerformanceMonitor - WARNING - 🚨 ALERT: cpu_usage (99.8) exceeds threshold (85.0)
Dec 19, 2025 19:03:12 (+22:48:41) - src.utils.hardware.unified_hardware_manager.HardwarePerformanceMonitor - WARNING - 🚨 ALERT: cpu_usage (99.4) exceeds threshold (85.0)
Dec 19, 2025 19:03:43 (+22:49:13) - src.utils.hardware.unified_hardware_manager.HardwarePerformanceMonitor - WARNING - 🚨 ALERT: cpu_usage (87.5) exceeds threshold (85.0)
Dec 19, 2025 19:14:41 (+23:00:11) - src.utils.hardware.unified_hardware_manager.HardwarePerformanceMonitor - WARNING - 🚨 ALERT: cpu_usage (88.2) exceeds threshold (85.0)
Dec 19, 2025 19:24:05 (+23:09:35) - src.utils.hardware.unified_hardware_manager.HardwarePerformanceMonitor - WARNING - 🚨 ALERT: cpu_usage (96.1) exceeds threshold (85.0)
Dec 19, 2025 19:24:37 (+23:10:06) - src.utils.hardware.unified_hardware_manager.HardwarePerformanceMonitor - WARNING - 🚨 ALERT: cpu_usage (94.2) exceeds threshold (85.0)
Dec 19, 2025 19:25:40 (+23:11:10) - src.utils.hardware.unified_hardware_manager.HardwarePerformanceMonitor - WARNING - 🚨 ALERT: cpu_usage (99.9) exceeds threshold (85.0)
Dec 19, 2025 19:26:12 (+23:11:42) - src.utils.hardware.unified_hardware_manager.HardwarePerformanceMonitor - WARNING - 🚨 ALERT: cpu_usage (97.9) exceeds threshold (85.0)
Dec 19, 2025 19:28:49 (+23:14:19) - src.utils.hardware.unified_hardware_manager.HardwarePerformanceMonitor - WARNING - 🚨 ALERT: cpu_usage (86.0) exceeds threshold (85.0)
Dec 19, 2025 19:38:13 (+23:23:42) - src.utils.hardware.unified_hardware_manager.HardwarePerformanceMonitor - WARNING - 🚨 ALERT: cpu_usage (87.6) exceeds threshold (85.0)
Dec 19, 2025 19:38:45 (+23:24:15) - src.utils.hardware.unified_hardware_manager.HardwarePerformanceMonitor - WARNING - 🚨 ALERT: cpu_usage (98.3) exceeds threshold (85.0)
Dec 19, 2025 19:40:50 (+23:26:20) - src.utils.hardware.unified_hardware_manager.HardwarePerformanceMonitor - WARNING - 🚨 ALERT: cpu_usage (85.4) exceeds threshold (85.0)
Dec 19, 2025 19:41:23 (+23:26:53) - src.utils.hardware.unified_hardware_manager.HardwarePerformanceMonitor - WARNING - 🚨 ALERT: cpu_usage (99.3) exceeds threshold (85.0)
Dec 19, 2025 19:42:57 (+23:28:27) - src.utils.hardware.unified_hardware_manager.HardwarePerformanceMonitor - WARNING - 🚨 ALERT: cpu_usage (97.8) exceeds threshold (85.0)
Dec 19, 2025 19:51:20 (+23:36:50) - src.utils.hardware.unified_hardware_manager.HardwarePerformanceMonitor - WARNING - 🚨 ALERT: cpu_usage (87.4) exceeds threshold (85.0)
Dec 19, 2025 19:51:52 (+23:37:22) - src.utils.hardware.unified_hardware_manager.HardwarePerformanceMonitor - WARNING - 🚨 ALERT: cpu_usage (93.5) exceeds threshold (85.0)
Dec 19, 2025 20:05:26 (+23:50:55) - src.utils.hardware.unified_hardware_manager.HardwarePerformanceMonitor - WARNING - 🚨 ALERT: cpu_usage (88.1) exceeds threshold (85.0)
Dec 19, 2025 20:05:57 (+23:51:27) - src.utils.hardware.unified_hardware_manager.HardwarePerformanceMonitor - WARNING - 🚨 ALERT: cpu_usage (95.3) exceeds threshold (85.0)
Dec 19, 2025 20:06:28 (+23:51:58) - src.utils.hardware.unified_hardware_manager.HardwarePerformanceMonitor - WARNING - 🚨 ALERT: cpu_usage (99.4) exceeds threshold (85.0)
Dec 19, 2025 20:07:31 (+23:53:01) - src.utils.hardware.unified_hardware_manager.HardwarePerformanceMonitor - WARNING - 🚨 ALERT: cpu_usage (96.1) exceeds threshold (85.0)
Dec 19, 2025 20:08:03 (+23:53:32) - src.utils.hardware.unified_hardware_manager.HardwarePerformanceMonitor - WARNING - 🚨 ALERT: cpu_usage (85.1) exceeds threshold (85.0)
Dec 19, 2025 20:08:34 (+23:54:04) - src.utils.hardware.unified_hardware_manager.HardwarePerformanceMonitor - WARNING - 🚨 ALERT: cpu_usage (99.8) exceeds threshold (85.0)
Dec 19, 2025 20:09:06 (+23:54:35) - src.utils.hardware.unified_hardware_manager.HardwarePerformanceMonitor - WARNING - 🚨 ALERT: cpu_usage (98.0) exceeds threshold (85.0)
Dec 19, 2025 20:10:08 (+23:55:38) - src.utils.hardware.unified_hardware_manager.HardwarePerformanceMonitor - WARNING - 🚨 ALERT: cpu_usage (98.4) exceeds threshold (85.0)
Dec 19, 2025 20:10:40 (+23:56:09) - src.utils.hardware.unified_hardware_manager.HardwarePerformanceMonitor - WARNING - 🚨 ALERT: cpu_usage (89.8) exceeds threshold (85.0)
Dec 19, 2025 20:11:11 (+23:56:41) - src.utils.hardware.unified_hardware_manager.HardwarePerformanceMonitor - WARNING - 🚨 ALERT: cpu_usage (94.1) exceeds threshold (85.0)
Dec 19, 2025 20:12:14 (+23:57:43) - src.utils.hardware.unified_hardware_manager.HardwarePerformanceMonitor - WARNING - 🚨 ALERT: cpu_usage (90.2) exceeds threshold (85.0)
Dec 19, 2025 20:53:56 (+24:39:25) - src.utils.hardware.unified_hardware_manager.HardwarePerformanceMonitor - WARNING - 🚨 ALERT: cpu_usage (85.6) exceeds threshold (85.0)
Dec 19, 2025 21:04:53 (+24:50:23) - src.utils.hardware.unified_hardware_manager.HardwarePerformanceMonitor - WARNING - 🚨 ALERT: cpu_usage (99.6) exceeds threshold (85.0)
Dec 19, 2025 21:05:25 (+24:50:55) - src.utils.hardware.unified_hardware_manager.HardwarePerformanceMonitor - WARNING - 🚨 ALERT: cpu_usage (100.0) exceeds threshold (85.0)
Dec 19, 2025 21:07:00 (+24:52:30) - src.utils.hardware.unified_hardware_manager.HardwarePerformanceMonitor - WARNING - 🚨 ALERT: cpu_usage (96.9) exceeds threshold (85.0)
Dec 19, 2025 21:13:48 (+24:59:17) - src.utils.hardware.unified_hardware_manager.HardwarePerformanceMonitor - WARNING - 🚨 ALERT: cpu_usage (91.4) exceeds threshold (85.0)
Dec 19, 2025 21:14:51 (+25:00:21) - src.utils.hardware.unified_hardware_manager.HardwarePerformanceMonitor - WARNING - 🚨 ALERT: cpu_usage (96.1) exceeds threshold (85.0)
Dec 19, 2025 21:20:06 (+25:05:36) - src.utils.hardware.unified_hardware_manager.HardwarePerformanceMonitor - WARNING - 🚨 ALERT: cpu_usage (99.5) exceeds threshold (85.0)
Dec 19, 2025 21:21:09 (+25:06:39) - src.utils.hardware.unified_hardware_manager.HardwarePerformanceMonitor - WARNING - 🚨 ALERT: cpu_usage (95.5) exceeds threshold (85.0)
Dec 19, 2025 21:22:12 (+25:07:42) - src.utils.hardware.unified_hardware_manager.HardwarePerformanceMonitor - WARNING - 🚨 ALERT: cpu_usage (94.6) exceeds threshold (85.0)
Dec 19, 2025 21:23:15 (+25:08:45) - src.utils.hardware.unified_hardware_manager.HardwarePerformanceMonitor - WARNING - 🚨 ALERT: cpu_usage (95.8) exceeds threshold (85.0)
Dec 19, 2025 21:24:18 (+25:09:48) - src.utils.hardware.unified_hardware_manager.HardwarePerformanceMonitor - WARNING - 🚨 ALERT: cpu_usage (93.8) exceeds threshold (85.0)
Dec 19, 2025 21:25:53 (+25:11:22) - src.utils.hardware.unified_hardware_manager.HardwarePerformanceMonitor - WARNING - 🚨 ALERT: cpu_usage (98.0) exceeds threshold (85.0)
Dec 19, 2025 21:26:24 (+25:11:54) - src.utils.hardware.unified_hardware_manager.HardwarePerformanceMonitor - WARNING - 🚨 ALERT: cpu_usage (98.0) exceeds threshold (85.0)
Dec 19, 2025 21:26:56 (+25:12:25) - src.utils.hardware.unified_hardware_manager.HardwarePerformanceMonitor - WARNING - 🚨 ALERT: cpu_usage (90.2) exceeds threshold (85.0)
Dec 19, 2025 21:27:28 (+25:12:57) - src.utils.hardware.unified_hardware_manager.HardwarePerformanceMonitor - WARNING - 🚨 ALERT: cpu_usage (98.1) exceeds threshold (85.0)
Dec 19, 2025 21:34:16 (+25:19:45) - src.utils.hardware.unified_hardware_manager.HardwarePerformanceMonitor - WARNING - 🚨 ALERT: cpu_usage (91.5) exceeds threshold (85.0)
Dec 19, 2025 21:34:48 (+25:20:17) - src.utils.hardware.unified_hardware_manager.HardwarePerformanceMonitor - WARNING - 🚨 ALERT: cpu_usage (89.8) exceeds threshold (85.0)
Dec 19, 2025 21:35:50 (+25:21:20) - src.utils.hardware.unified_hardware_manager.HardwarePerformanceMonitor - WARNING - 🚨 ALERT: cpu_usage (94.4) exceeds threshold (85.0)
Dec 19, 2025 21:36:53 (+25:22:23) - src.utils.hardware.unified_hardware_manager.HardwarePerformanceMonitor - WARNING - 🚨 ALERT: cpu_usage (90.2) exceeds threshold (85.0)
Dec 19, 2025 21:37:25 (+25:22:55) - src.utils.hardware.unified_hardware_manager.HardwarePerformanceMonitor - WARNING - 🚨 ALERT: cpu_usage (100.0) exceeds threshold (85.0)
Dec 19, 2025 21:40:03 (+25:25:32) - src.utils.hardware.unified_hardware_manager.HardwarePerformanceMonitor - WARNING - 🚨 ALERT: cpu_usage (99.0) exceeds threshold (85.0)
Dec 19, 2025 21:40:35 (+25:26:04) - src.utils.hardware.unified_hardware_manager.HardwarePerformanceMonitor - WARNING - 🚨 ALERT: cpu_usage (99.5) exceeds threshold (85.0)
Dec 19, 2025 21:51:01 (+25:36:31) - src.utils.hardware.unified_hardware_manager.HardwarePerformanceMonitor - WARNING - 🚨 ALERT: cpu_usage (86.6) exceeds threshold (85.0)
Dec 19, 2025 21:52:04 (+25:37:34) - src.utils.hardware.unified_hardware_manager.HardwarePerformanceMonitor - WARNING - 🚨 ALERT: cpu_usage (90.2) exceeds threshold (85.0)
Dec 19, 2025 21:52:35 (+25:38:05) - src.utils.hardware.unified_hardware_manager.HardwarePerformanceMonitor - WARNING - 🚨 ALERT: cpu_usage (90.3) exceeds threshold (85.0)
Dec 19, 2025 21:53:07 (+25:38:36) - src.utils.hardware.unified_hardware_manager.HardwarePerformanceMonitor - WARNING - 🚨 ALERT: cpu_usage (96.2) exceeds threshold (85.0)
Dec 19, 2025 21:55:12 (+25:40:42) - src.utils.hardware.unified_hardware_manager.HardwarePerformanceMonitor - WARNING - 🚨 ALERT: cpu_usage (93.3) exceeds threshold (85.0)
Dec 19, 2025 21:55:43 (+25:41:13) - src.utils.hardware.unified_hardware_manager.HardwarePerformanceMonitor - WARNING - 🚨 ALERT: cpu_usage (91.3) exceeds threshold (85.0)
Dec 19, 2025 21:57:49 (+25:43:18) - src.utils.hardware.unified_hardware_manager.HardwarePerformanceMonitor - WARNING - 🚨 ALERT: cpu_usage (97.9) exceeds threshold (85.0)
Dec 19, 2025 21:58:20 (+25:43:50) - src.utils.hardware.unified_hardware_manager.HardwarePerformanceMonitor - WARNING - 🚨 ALERT: cpu_usage (88.9) exceeds threshold (85.0)
Dec 19, 2025 22:00:57 (+25:46:27) - src.utils.hardware.unified_hardware_manager.HardwarePerformanceMonitor - WARNING - 🚨 ALERT: cpu_usage (99.1) exceeds threshold (85.0)
Dec 19, 2025 22:09:50 (+25:55:20) - src.utils.hardware.unified_hardware_manager.HardwarePerformanceMonitor - WARNING - 🚨 ALERT: cpu_usage (92.4) exceeds threshold (85.0)
Dec 19, 2025 22:14:01 (+25:59:31) - src.utils.hardware.unified_hardware_manager.HardwarePerformanceMonitor - WARNING - 🚨 ALERT: cpu_usage (88.9) exceeds threshold (85.0)
Dec 19, 2025 22:15:05 (+26:00:34) - src.utils.hardware.unified_hardware_manager.HardwarePerformanceMonitor - WARNING - 🚨 ALERT: cpu_usage (98.5) exceeds threshold (85.0)
Dec 19, 2025 22:15:36 (+26:01:06) - src.utils.hardware.unified_hardware_manager.HardwarePerformanceMonitor - WARNING - 🚨 ALERT: cpu_usage (85.4) exceeds threshold (85.0)
Dec 19, 2025 22:16:08 (+26:01:38) - src.utils.hardware.unified_hardware_manager.HardwarePerformanceMonitor - WARNING - 🚨 ALERT: cpu_usage (100.0) exceeds threshold (85.0)
Dec 19, 2025 22:18:44 (+26:04:14) - src.utils.hardware.unified_hardware_manager.HardwarePerformanceMonitor - WARNING - 🚨 ALERT: cpu_usage (86.0) exceeds threshold (85.0)
Dec 19, 2025 22:20:50 (+26:06:19) - src.utils.hardware.unified_hardware_manager.HardwarePerformanceMonitor - WARNING - 🚨 ALERT: cpu_usage (87.4) exceeds threshold (85.0)
Dec 19, 2025 22:24:30 (+26:10:00) - src.utils.hardware.unified_hardware_manager.HardwarePerformanceMonitor - WARNING - 🚨 ALERT: cpu_usage (93.2) exceeds threshold (85.0)
Dec 19, 2025 22:26:04 (+26:11:34) - src.utils.hardware.unified_hardware_manager.HardwarePerformanceMonitor - WARNING - 🚨 ALERT: cpu_usage (94.4) exceeds threshold (85.0)
Dec 19, 2025 22:26:37 (+26:12:07) - src.utils.hardware.unified_hardware_manager.HardwarePerformanceMonitor - WARNING - 🚨 ALERT: cpu_usage (100.0) exceeds threshold (85.0)
Dec 19, 2025 22:27:09 (+26:12:39) - src.utils.hardware.unified_hardware_manager.HardwarePerformanceMonitor - WARNING - 🚨 ALERT: cpu_usage (100.0) exceeds threshold (85.0)
Dec 19, 2025 22:27:42 (+26:13:11) - src.utils.hardware.unified_hardware_manager.HardwarePerformanceMonitor - WARNING - 🚨 ALERT: cpu_usage (100.0) exceeds threshold (85.0)
Dec 19, 2025 22:28:15 (+26:13:44) - src.utils.hardware.unified_hardware_manager.HardwarePerformanceMonitor - WARNING - 🚨 ALERT: cpu_usage (100.0) exceeds threshold (85.0)
Dec 19, 2025 22:28:46 (+26:14:16) - src.utils.hardware.unified_hardware_manager.HardwarePerformanceMonitor - WARNING - 🚨 ALERT: cpu_usage (96.5) exceeds threshold (85.0)
Dec 19, 2025 22:30:52 (+26:16:22) - src.utils.hardware.unified_hardware_manager.HardwarePerformanceMonitor - WARNING - 🚨 ALERT: cpu_usage (97.6) exceeds threshold (85.0)
Dec 19, 2025 22:31:25 (+26:16:54) - src.utils.hardware.unified_hardware_manager.HardwarePerformanceMonitor - WARNING - 🚨 ALERT: cpu_usage (98.5) exceeds threshold (85.0)
Dec 19, 2025 22:31:57 (+26:17:26) - src.utils.hardware.unified_hardware_manager.HardwarePerformanceMonitor - WARNING - 🚨 ALERT: cpu_usage (99.9) exceeds threshold (85.0)
Dec 19, 2025 22:32:29 (+26:17:59) - src.utils.hardware.unified_hardware_manager.HardwarePerformanceMonitor - WARNING - 🚨 ALERT: cpu_usage (99.9) exceeds threshold (85.0)
Dec 19, 2025 22:33:00 (+26:18:30) - src.utils.hardware.unified_hardware_manager.HardwarePerformanceMonitor - WARNING - 🚨 ALERT: cpu_usage (86.8) exceeds threshold (85.0)
Dec 19, 2025 22:34:35 (+26:20:04) - src.utils.hardware.unified_hardware_manager.HardwarePerformanceMonitor - WARNING - 🚨 ALERT: cpu_usage (100.0) exceeds threshold (85.0)
Dec 19, 2025 22:35:07 (+26:20:37) - src.utils.hardware.unified_hardware_manager.HardwarePerformanceMonitor - WARNING - 🚨 ALERT: cpu_usage (99.8) exceeds threshold (85.0)
Dec 19, 2025 22:35:39 (+26:21:09) - src.utils.hardware.unified_hardware_manager.HardwarePerformanceMonitor - WARNING - 🚨 ALERT: cpu_usage (100.0) exceeds threshold (85.0)
Dec 19, 2025 22:36:43 (+26:22:13) - src.utils.hardware.unified_hardware_manager.HardwarePerformanceMonitor - WARNING - 🚨 ALERT: cpu_usage (100.0) exceeds threshold (85.0)
Dec 19, 2025 22:42:29 (+26:27:59) - src.utils.hardware.unified_hardware_manager.HardwarePerformanceMonitor - WARNING - 🚨 ALERT: cpu_usage (97.2) exceeds threshold (85.0)
Dec 19, 2025 22:46:09 (+26:31:39) - src.utils.hardware.unified_hardware_manager.HardwarePerformanceMonitor - WARNING - 🚨 ALERT: cpu_usage (86.3) exceeds threshold (85.0)
Dec 19, 2025 22:46:40 (+26:32:10) - src.utils.hardware.unified_hardware_manager.HardwarePerformanceMonitor - WARNING - 🚨 ALERT: cpu_usage (94.8) exceeds threshold (85.0)
Dec 19, 2025 22:47:13 (+26:32:43) - src.utils.hardware.unified_hardware_manager.HardwarePerformanceMonitor - WARNING - 🚨 ALERT: cpu_usage (99.5) exceeds threshold (85.0)
Dec 19, 2025 22:47:46 (+26:33:16) - src.utils.hardware.unified_hardware_manager.HardwarePerformanceMonitor - WARNING - 🚨 ALERT: cpu_usage (97.0) exceeds threshold (85.0)
Dec 19, 2025 22:48:50 (+26:34:20) - src.utils.hardware.unified_hardware_manager.HardwarePerformanceMonitor - WARNING - 🚨 ALERT: cpu_usage (100.0) exceeds threshold (85.0)
Dec 19, 2025 22:49:22 (+26:34:51) - src.utils.hardware.unified_hardware_manager.HardwarePerformanceMonitor - WARNING - 🚨 ALERT: cpu_usage (91.4) exceeds threshold (85.0)
Dec 19, 2025 22:49:53 (+26:35:23) - src.utils.hardware.unified_hardware_manager.HardwarePerformanceMonitor - WARNING - 🚨 ALERT: cpu_usage (85.1) exceeds threshold (85.0)
Dec 19, 2025 22:52:00 (+26:37:30) - src.utils.hardware.unified_hardware_manager.HardwarePerformanceMonitor - WARNING - 🚨 ALERT: cpu_usage (99.5) exceeds threshold (85.0)
Dec 19, 2025 22:52:32 (+26:38:01) - src.utils.hardware.unified_hardware_manager.HardwarePerformanceMonitor - WARNING - 🚨 ALERT: cpu_usage (95.8) exceeds threshold (85.0)
Dec 19, 2025 22:53:04 (+26:38:34) - src.utils.hardware.unified_hardware_manager.HardwarePerformanceMonitor - WARNING - 🚨 ALERT: cpu_usage (99.9) exceeds threshold (85.0)
Dec 19, 2025 22:54:07 (+26:39:37) - src.utils.hardware.unified_hardware_manager.HardwarePerformanceMonitor - WARNING - 🚨 ALERT: cpu_usage (93.2) exceeds threshold (85.0)
Dec 19, 2025 22:54:40 (+26:40:10) - src.utils.hardware.unified_hardware_manager.HardwarePerformanceMonitor - WARNING - 🚨 ALERT: cpu_usage (99.8) exceeds threshold (85.0)
Dec 19, 2025 22:55:11 (+26:40:41) - src.utils.hardware.unified_hardware_manager.HardwarePerformanceMonitor - WARNING - 🚨 ALERT: cpu_usage (94.9) exceeds threshold (85.0)
Dec 19, 2025 23:00:25 (+26:45:55) - src.utils.hardware.unified_hardware_manager.HardwarePerformanceMonitor - WARNING - 🚨 ALERT: cpu_usage (99.7) exceeds threshold (85.0)
Dec 19, 2025 23:00:57 (+26:46:26) - src.utils.hardware.unified_hardware_manager.HardwarePerformanceMonitor - WARNING - 🚨 ALERT: cpu_usage (100.0) exceeds threshold (85.0)
Dec 19, 2025 23:06:10 (+26:51:40) - src.utils.hardware.unified_hardware_manager.HardwarePerformanceMonitor - WARNING - 🚨 ALERT: cpu_usage (93.8) exceeds threshold (85.0)
Dec 19, 2025 23:10:22 (+26:55:51) - src.utils.hardware.unified_hardware_manager.HardwarePerformanceMonitor - WARNING - 🚨 ALERT: cpu_usage (100.0) exceeds threshold (85.0)
Dec 19, 2025 23:10:53 (+26:56:23) - src.utils.hardware.unified_hardware_manager.HardwarePerformanceMonitor - WARNING - 🚨 ALERT: cpu_usage (99.1) exceeds threshold (85.0)
Dec 19, 2025 23:14:01 (+26:59:31) - src.utils.hardware.unified_hardware_manager.HardwarePerformanceMonitor - WARNING - 🚨 ALERT: cpu_usage (97.7) exceeds threshold (85.0)
Dec 19, 2025 23:14:32 (+27:00:02) - src.utils.hardware.unified_hardware_manager.HardwarePerformanceMonitor - WARNING - 🚨 ALERT: cpu_usage (87.2) exceeds threshold (85.0)
Dec 19, 2025 23:19:14 (+27:04:44) - src.utils.hardware.unified_hardware_manager.HardwarePerformanceMonitor - WARNING - 🚨 ALERT: cpu_usage (100.0) exceeds threshold (85.0)
Dec 19, 2025 23:20:18 (+27:05:47) - src.utils.hardware.unified_hardware_manager.HardwarePerformanceMonitor - WARNING - 🚨 ALERT: cpu_usage (99.3) exceeds threshold (85.0)
Dec 19, 2025 23:33:52 (+27:19:22) - src.utils.hardware.unified_hardware_manager.HardwarePerformanceMonitor - WARNING - 🚨 ALERT: cpu_usage (89.1) exceeds threshold (85.0)
Dec 19, 2025 23:39:05 (+27:24:35) - src.utils.hardware.unified_hardware_manager.HardwarePerformanceMonitor - WARNING - 🚨 ALERT: cpu_usage (100.0) exceeds threshold (85.0)
Dec 19, 2025 23:42:14 (+27:27:44) - src.utils.hardware.unified_hardware_manager.HardwarePerformanceMonitor - WARNING - 🚨 ALERT: cpu_usage (96.4) exceeds threshold (85.0)
Dec 19, 2025 23:45:22 (+27:30:52) - src.utils.hardware.unified_hardware_manager.HardwarePerformanceMonitor - WARNING - 🚨 ALERT: cpu_usage (100.0) exceeds threshold (85.0)
Dec 19, 2025 23:46:56 (+27:32:26) - src.utils.hardware.unified_hardware_manager.HardwarePerformanceMonitor - WARNING - 🚨 ALERT: cpu_usage (89.9) exceeds threshold (85.0)
Dec 19, 2025 23:47:28 (+27:32:57) - src.utils.hardware.unified_hardware_manager.HardwarePerformanceMonitor - WARNING - 🚨 ALERT: cpu_usage (89.9) exceeds threshold (85.0)
Dec 19, 2025 23:47:59 (+27:33:29) - src.utils.hardware.unified_hardware_manager.HardwarePerformanceMonitor - WARNING - 🚨 ALERT: cpu_usage (88.5) exceeds threshold (85.0)
Dec 19, 2025 23:55:17 (+27:40:47) - src.utils.hardware.unified_hardware_manager.HardwarePerformanceMonitor - WARNING - 🚨 ALERT: cpu_usage (90.3) exceeds threshold (85.0)
Dec 19, 2025 23:59:59 (+27:45:29) - src.utils.hardware.unified_hardware_manager.HardwarePerformanceMonitor - WARNING - 🚨 ALERT: cpu_usage (100.0) exceeds threshold (85.0)
Dec 20, 2025 00:03:07 (+27:48:36) - src.utils.hardware.unified_hardware_manager.HardwarePerformanceMonitor - WARNING - 🚨 ALERT: cpu_usage (94.0) exceeds threshold (85.0)
Dec 20, 2025 00:13:01 (+27:58:31) - src.utils.hardware.unified_hardware_manager.HardwarePerformanceMonitor - WARNING - 🚨 ALERT: cpu_usage (87.8) exceeds threshold (85.0)
Dec 20, 2025 00:14:05 (+27:59:34) - src.utils.hardware.unified_hardware_manager.HardwarePerformanceMonitor - WARNING - 🚨 ALERT: cpu_usage (99.9) exceeds threshold (85.0)
Dec 20, 2025 00:29:12 (+28:14:41) - src.utils.hardware.unified_hardware_manager.HardwarePerformanceMonitor - WARNING - 🚨 ALERT: cpu_usage (88.4) exceeds threshold (85.0)
Dec 20, 2025 00:30:15 (+28:15:44) - src.utils.hardware.unified_hardware_manager.HardwarePerformanceMonitor - WARNING - 🚨 ALERT: cpu_usage (99.9) exceeds threshold (85.0)
Dec 20, 2025 00:39:38 (+28:25:08) - src.utils.hardware.unified_hardware_manager.HardwarePerformanceMonitor - WARNING - 🚨 ALERT: cpu_usage (90.2) exceeds threshold (85.0)
Dec 20, 2025 00:40:11 (+28:25:40) - src.utils.hardware.unified_hardware_manager.HardwarePerformanceMonitor - WARNING - 🚨 ALERT: cpu_usage (99.6) exceeds threshold (85.0)
Dec 20, 2025 00:41:45 (+28:27:15) - src.utils.hardware.unified_hardware_manager.HardwarePerformanceMonitor - WARNING - 🚨 ALERT: cpu_usage (91.6) exceeds threshold (85.0)
Dec 20, 2025 00:44:53 (+28:30:23) - src.utils.hardware.unified_hardware_manager.HardwarePerformanceMonitor - WARNING - 🚨 ALERT: cpu_usage (94.7) exceeds threshold (85.0)
Dec 20, 2025 00:46:28 (+28:31:57) - src.utils.hardware.unified_hardware_manager.HardwarePerformanceMonitor - WARNING - 🚨 ALERT: cpu_usage (93.0) exceeds threshold (85.0)
Dec 20, 2025 00:46:59 (+28:32:29) - src.utils.hardware.unified_hardware_manager.HardwarePerformanceMonitor - WARNING - 🚨 ALERT: cpu_usage (94.0) exceeds threshold (85.0)
Dec 20, 2025 00:47:31 (+28:33:00) - src.utils.hardware.unified_hardware_manager.HardwarePerformanceMonitor - WARNING - 🚨 ALERT: cpu_usage (96.9) exceeds threshold (85.0)
Dec 20, 2025 00:49:06 (+28:34:35) - src.utils.hardware.unified_hardware_manager.HardwarePerformanceMonitor - WARNING - 🚨 ALERT: cpu_usage (98.2) exceeds threshold (85.0)
Dec 20, 2025 00:51:11 (+28:36:41) - src.utils.hardware.unified_hardware_manager.HardwarePerformanceMonitor - WARNING - 🚨 ALERT: cpu_usage (87.6) exceeds threshold (85.0)
Dec 20, 2025 00:52:14 (+28:37:44) - src.utils.hardware.unified_hardware_manager.HardwarePerformanceMonitor - WARNING - 🚨 ALERT: cpu_usage (97.8) exceeds threshold (85.0)
Dec 20, 2025 00:52:46 (+28:38:15) - src.utils.hardware.unified_hardware_manager.HardwarePerformanceMonitor - WARNING - 🚨 ALERT: cpu_usage (90.2) exceeds threshold (85.0)
Dec 20, 2025 00:53:18 (+28:38:48) - src.utils.hardware.unified_hardware_manager.HardwarePerformanceMonitor - WARNING - 🚨 ALERT: cpu_usage (100.0) exceeds threshold (85.0)
Dec 20, 2025 00:54:21 (+28:39:51) - src.utils.hardware.unified_hardware_manager.HardwarePerformanceMonitor - WARNING - 🚨 ALERT: cpu_usage (95.6) exceeds threshold (85.0)
Dec 20, 2025 00:56:27 (+28:41:57) - src.utils.hardware.unified_hardware_manager.HardwarePerformanceMonitor - WARNING - 🚨 ALERT: cpu_usage (99.7) exceeds threshold (85.0)
Dec 20, 2025 00:56:59 (+28:42:29) - src.utils.hardware.unified_hardware_manager.HardwarePerformanceMonitor - WARNING - 🚨 ALERT: cpu_usage (97.8) exceeds threshold (85.0)
Dec 20, 2025 00:59:05 (+28:44:34) - src.utils.hardware.unified_hardware_manager.HardwarePerformanceMonitor - WARNING - 🚨 ALERT: cpu_usage (100.0) exceeds threshold (85.0)
Dec 20, 2025 01:03:47 (+28:49:17) - src.utils.hardware.unified_hardware_manager.HardwarePerformanceMonitor - WARNING - 🚨 ALERT: cpu_usage (94.5) exceeds threshold (85.0)
Dec 20, 2025 01:04:19 (+28:49:49) - src.utils.hardware.unified_hardware_manager.HardwarePerformanceMonitor - WARNING - 🚨 ALERT: cpu_usage (99.9) exceeds threshold (85.0)
Dec 20, 2025 01:04:51 (+28:50:21) - src.utils.hardware.unified_hardware_manager.HardwarePerformanceMonitor - WARNING - 🚨 ALERT: cpu_usage (100.0) exceeds threshold (85.0)
Dec 20, 2025 01:05:24 (+28:50:53) - src.utils.hardware.unified_hardware_manager.HardwarePerformanceMonitor - WARNING - 🚨 ALERT: cpu_usage (100.0) exceeds threshold (85.0)
Dec 20, 2025 01:06:27 (+28:51:57) - src.utils.hardware.unified_hardware_manager.HardwarePerformanceMonitor - WARNING - 🚨 ALERT: cpu_usage (99.6) exceeds threshold (85.0)
Dec 20, 2025 01:06:59 (+28:52:28) - src.utils.hardware.unified_hardware_manager.HardwarePerformanceMonitor - WARNING - 🚨 ALERT: cpu_usage (91.4) exceeds threshold (85.0)
Dec 20, 2025 01:07:30 (+28:53:00) - src.utils.hardware.unified_hardware_manager.HardwarePerformanceMonitor - WARNING - 🚨 ALERT: cpu_usage (99.8) exceeds threshold (85.0)
Dec 20, 2025 01:09:05 (+28:54:34) - src.utils.hardware.unified_hardware_manager.HardwarePerformanceMonitor - WARNING - 🚨 ALERT: cpu_usage (99.8) exceeds threshold (85.0)
Dec 20, 2025 01:12:13 (+28:57:43) - src.utils.hardware.unified_hardware_manager.HardwarePerformanceMonitor - WARNING - 🚨 ALERT: cpu_usage (85.7) exceeds threshold (85.0)
Dec 20, 2025 01:17:27 (+29:02:56) - src.utils.hardware.unified_hardware_manager.HardwarePerformanceMonitor - WARNING - 🚨 ALERT: cpu_usage (100.0) exceeds threshold (85.0)
Dec 20, 2025 01:17:58 (+29:03:28) - src.utils.hardware.unified_hardware_manager.HardwarePerformanceMonitor - WARNING - 🚨 ALERT: cpu_usage (100.0) exceeds threshold (85.0)
Dec 20, 2025 01:18:30 (+29:03:59) - src.utils.hardware.unified_hardware_manager.HardwarePerformanceMonitor - WARNING - 🚨 ALERT: cpu_usage (100.0) exceeds threshold (85.0)
Dec 20, 2025 01:19:01 (+29:04:31) - src.utils.hardware.unified_hardware_manager.HardwarePerformanceMonitor - WARNING - 🚨 ALERT: cpu_usage (100.0) exceeds threshold (85.0)
Dec 20, 2025 01:19:33 (+29:05:02) - src.utils.hardware.unified_hardware_manager.HardwarePerformanceMonitor - WARNING - 🚨 ALERT: cpu_usage (100.0) exceeds threshold (85.0)
Dec 20, 2025 01:20:04 (+29:05:34) - src.utils.hardware.unified_hardware_manager.HardwarePerformanceMonitor - WARNING - 🚨 ALERT: cpu_usage (100.0) exceeds threshold (85.0)
Dec 20, 2025 10:05:57 (+37:51:27) - src.utils.hardware.unified_hardware_manager.HardwarePerformanceMonitor - WARNING - 🚨 ALERT: cpu_usage (92.5) exceeds threshold (85.0)
Dec 20, 2025 10:08:34 (+37:54:03) - src.utils.hardware.unified_hardware_manager.HardwarePerformanceMonitor - WARNING - 🚨 ALERT: cpu_usage (99.1) exceeds threshold (85.0)
Dec 20, 2025 10:09:05 (+37:54:35) - src.utils.hardware.unified_hardware_manager.HardwarePerformanceMonitor - WARNING - 🚨 ALERT: cpu_usage (98.3) exceeds threshold (85.0)
Dec 20, 2025 10:11:42 (+37:57:12) - src.utils.hardware.unified_hardware_manager.HardwarePerformanceMonitor - WARNING - 🚨 ALERT: cpu_usage (100.0) exceeds threshold (85.0)
Dec 20, 2025 10:12:13 (+37:57:43) - src.utils.hardware.unified_hardware_manager.HardwarePerformanceMonitor - WARNING - 🚨 ALERT: cpu_usage (100.0) exceeds threshold (85.0)
Dec 20, 2025 10:12:45 (+37:58:15) - src.utils.hardware.unified_hardware_manager.HardwarePerformanceMonitor - WARNING - 🚨 ALERT: cpu_usage (100.0) exceeds threshold (85.0)
Dec 20, 2025 10:13:17 (+37:58:46) - src.utils.hardware.unified_hardware_manager.HardwarePerformanceMonitor - WARNING - 🚨 ALERT: cpu_usage (100.0) exceeds threshold (85.0)
Dec 20, 2025 10:13:48 (+37:59:18) - src.utils.hardware.unified_hardware_manager.HardwarePerformanceMonitor - WARNING - 🚨 ALERT: cpu_usage (95.3) exceeds threshold (85.0)
Dec 20, 2025 10:14:19 (+37:59:49) - src.utils.hardware.unified_hardware_manager.HardwarePerformanceMonitor - WARNING - 🚨 ALERT: cpu_usage (100.0) exceeds threshold (85.0)
Dec 20, 2025 10:14:51 (+38:00:21) - src.utils.hardware.unified_hardware_manager.HardwarePerformanceMonitor - WARNING - 🚨 ALERT: cpu_usage (100.0) exceeds threshold (85.0)
Dec 20, 2025 10:15:23 (+38:00:52) - src.utils.hardware.unified_hardware_manager.HardwarePerformanceMonitor - WARNING - 🚨 ALERT: cpu_usage (90.2) exceeds threshold (85.0)
Dec 20, 2025 10:15:54 (+38:01:24) - src.utils.hardware.unified_hardware_manager.HardwarePerformanceMonitor - WARNING - 🚨 ALERT: cpu_usage (100.0) exceeds threshold (85.0)
Dec 20, 2025 10:16:26 (+38:01:56) - src.utils.hardware.unified_hardware_manager.HardwarePerformanceMonitor - WARNING - 🚨 ALERT: cpu_usage (100.0) exceeds threshold (85.0)
Dec 20, 2025 10:16:57 (+38:02:27) - src.utils.hardware.unified_hardware_manager.HardwarePerformanceMonitor - WARNING - 🚨 ALERT: cpu_usage (100.0) exceeds threshold (85.0)
Dec 20, 2025 10:17:29 (+38:02:59) - src.utils.hardware.unified_hardware_manager.HardwarePerformanceMonitor - WARNING - 🚨 ALERT: cpu_usage (100.0) exceeds threshold (85.0)
Dec 20, 2025 10:18:01 (+38:03:30) - src.utils.hardware.unified_hardware_manager.HardwarePerformanceMonitor - WARNING - 🚨 ALERT: cpu_usage (97.9) exceeds threshold (85.0)
Dec 20, 2025 10:18:32 (+38:04:02) - src.utils.hardware.unified_hardware_manager.HardwarePerformanceMonitor - WARNING - 🚨 ALERT: cpu_usage (99.8) exceeds threshold (85.0)
Dec 20, 2025 10:35:45 (+38:21:15) - src.utils.hardware.unified_hardware_manager.HardwarePerformanceMonitor - WARNING - 🚨 ALERT: cpu_usage (100.0) exceeds threshold (85.0)
Dec 20, 2025 10:39:24 (+38:24:54) - src.utils.hardware.unified_hardware_manager.HardwarePerformanceMonitor - WARNING - 🚨 ALERT: cpu_usage (97.1) exceeds threshold (85.0)
Dec 20, 2025 10:43:36 (+38:29:05) - src.utils.hardware.unified_hardware_manager.HardwarePerformanceMonitor - WARNING - 🚨 ALERT: cpu_usage (85.8) exceeds threshold (85.0)
Dec 20, 2025 10:51:57 (+38:37:26) - src.utils.hardware.unified_hardware_manager.HardwarePerformanceMonitor - WARNING - 🚨 ALERT: cpu_usage (99.2) exceeds threshold (85.0)
Dec 20, 2025 10:52:28 (+38:37:58) - src.utils.hardware.unified_hardware_manager.HardwarePerformanceMonitor - WARNING - 🚨 ALERT: cpu_usage (99.5) exceeds threshold (85.0)
Dec 20, 2025 10:53:00 (+38:38:29) - src.utils.hardware.unified_hardware_manager.HardwarePerformanceMonitor - WARNING - 🚨 ALERT: cpu_usage (100.0) exceeds threshold (85.0)
Dec 20, 2025 11:00:49 (+38:46:18) - src.utils.hardware.unified_hardware_manager.HardwarePerformanceMonitor - WARNING - 🚨 ALERT: cpu_usage (98.6) exceeds threshold (85.0)
Dec 20, 2025 11:01:20 (+38:46:50) - src.utils.hardware.unified_hardware_manager.HardwarePerformanceMonitor - WARNING - 🚨 ALERT: cpu_usage (85.1) exceeds threshold (85.0)
Dec 20, 2025 11:05:01 (+38:50:31) - src.utils.hardware.unified_hardware_manager.HardwarePerformanceMonitor - WARNING - 🚨 ALERT: cpu_usage (98.3) exceeds threshold (85.0)
Dec 20, 2025 11:48:17 (+39:33:46) - src.utils.hardware.unified_hardware_manager.HardwarePerformanceMonitor - WARNING - 🚨 ALERT: cpu_usage (100.0) exceeds threshold (85.0)
Dec 20, 2025 12:07:34 (+39:53:04) - src.utils.hardware.unified_hardware_manager.HardwarePerformanceMonitor - WARNING - 🚨 ALERT: cpu_usage (89.2) exceeds threshold (85.0)
Dec 20, 2025 12:20:07 (+40:05:36) - src.utils.hardware.unified_hardware_manager.HardwarePerformanceMonitor - WARNING - 🚨 ALERT: cpu_usage (100.0) exceeds threshold (85.0)
Dec 20, 2025 12:51:55 (+40:37:25) - src.utils.hardware.unified_hardware_manager.HardwarePerformanceMonitor - WARNING - 🚨 ALERT: cpu_usage (90.0) exceeds threshold (85.0)
Dec 20, 2025 13:04:58 (+40:50:27) - src.utils.hardware.unified_hardware_manager.HardwarePerformanceMonitor - WARNING - 🚨 ALERT: cpu_usage (86.7) exceeds threshold (85.0)
Dec 20, 2025 14:19:59 (+42:05:29) - src.utils.hardware.unified_hardware_manager.HardwarePerformanceMonitor - WARNING - 🚨 ALERT: cpu_usage (93.2) exceeds threshold (85.0)
Dec 20, 2025 14:27:49 (+42:13:19) - src.utils.hardware.unified_hardware_manager.HardwarePerformanceMonitor - WARNING - 🚨 ALERT: cpu_usage (94.2) exceeds threshold (85.0)
Dec 20, 2025 14:45:04 (+42:30:34) - src.utils.hardware.unified_hardware_manager.HardwarePerformanceMonitor - WARNING - 🚨 ALERT: cpu_usage (99.4) exceeds threshold (85.0)
Dec 20, 2025 14:52:56 (+42:38:26) - src.utils.hardware.unified_hardware_manager.HardwarePerformanceMonitor - WARNING - 🚨 ALERT: cpu_usage (96.6) exceeds threshold (85.0)
Dec 20, 2025 14:56:37 (+42:42:07) - src.utils.hardware.unified_hardware_manager.HardwarePerformanceMonitor - WARNING - 🚨 ALERT: cpu_usage (93.1) exceeds threshold (85.0)
Dec 20, 2025 15:11:19 (+42:56:48) - src.utils.hardware.unified_hardware_manager.HardwarePerformanceMonitor - WARNING - 🚨 ALERT: cpu_usage (99.8) exceeds threshold (85.0)
Dec 20, 2025 16:40:55 (+44:26:25) - src.utils.hardware.unified_hardware_manager.HardwarePerformanceMonitor - WARNING - 🚨 ALERT: cpu_usage (87.7) exceeds threshold (85.0)
Dec 20, 2025 16:45:07 (+44:30:36) - src.utils.hardware.unified_hardware_manager.HardwarePerformanceMonitor - WARNING - 🚨 ALERT: cpu_usage (96.3) exceeds threshold (85.0)
Dec 20, 2025 18:51:51 (+46:37:21) - src.utils.hardware.unified_hardware_manager.HardwarePerformanceMonitor - WARNING - 🚨 ALERT: cpu_usage (87.3) exceeds threshold (85.0)
Dec 20, 2025 19:39:32 (+47:25:01) - src.utils.hardware.unified_hardware_manager.HardwarePerformanceMonitor - WARNING - 🚨 ALERT: cpu_usage (88.9) exceeds threshold (85.0)
Dec 20, 2025 20:05:45 (+47:51:15) - src.utils.hardware.unified_hardware_manager.HardwarePerformanceMonitor - WARNING - 🚨 ALERT: cpu_usage (89.8) exceeds threshold (85.0)
Dec 20, 2025 22:37:56 (+50:23:26) - src.utils.hardware.unified_hardware_manager.HardwarePerformanceMonitor - WARNING - 🚨 ALERT: cpu_usage (88.4) exceeds threshold (85.0)
Dec 20, 2025 22:49:30 (+50:34:59) - src.utils.hardware.unified_hardware_manager.HardwarePerformanceMonitor - WARNING - 🚨 ALERT: cpu_usage (85.8) exceeds threshold (85.0)
Dec 20, 2025 23:39:24 (+51:24:54) - src.utils.hardware.unified_hardware_manager.HardwarePerformanceMonitor - WARNING - 🚨 ALERT: cpu_usage (88.5) exceeds threshold (85.0)
