+/Users/remyroche/Documents/Ares/scripts/run_policy_rollout_selector_experiment.sh:2> set -euo pipefail
+/Users/remyroche/Documents/Ares/scripts/run_policy_rollout_selector_experiment.sh:4> BASE_ROOT=/Users/remyroche/Documents/Ares 
+/Users/remyroche/Documents/Ares/scripts/run_policy_rollout_selector_experiment.sh:5> OLD_CODE_ROOT=/private/tmp/ares_selector_old 
+/Users/remyroche/Documents/Ares/scripts/run_policy_rollout_selector_experiment.sh:6> EXP_ROOT=/Users/remyroche/Documents/Ares/data_perp_policy_rollout_feature_selector_experiment_v3 
+/Users/remyroche/Documents/Ares/scripts/run_policy_rollout_selector_experiment.sh:7> SOURCE_RUN_ID=20260520_004500 
+/Users/remyroche/Documents/Ares/scripts/run_policy_rollout_selector_experiment.sh:8> SOURCE_DATA_ROOT=/Users/remyroche/Documents/Ares/data_perp 
+/Users/remyroche/Documents/Ares/scripts/run_policy_rollout_selector_experiment.sh:9> SOURCE_FEATURES=/Users/remyroche/Documents/Ares/data_perp/features/20260520_004500 
+/Users/remyroche/Documents/Ares/scripts/run_policy_rollout_selector_experiment.sh:10> SOURCE_EXCHANGE=/Users/remyroche/Documents/Ares/data_perp/exchanges/krakenfutures 
+/Users/remyroche/Documents/Ares/scripts/run_policy_rollout_selector_experiment.sh:11> SOURCE_ARTIFACT_FEATURES=/Users/remyroche/Documents/Ares/data_perp/artifacts/20260520_004500/features 
+/Users/remyroche/Documents/Ares/scripts/run_policy_rollout_selector_experiment.sh:13> CORE_STRATEGY=loc_ema_stack_pos_24_0_43357179_compression_ratio_-0_33411601_mkt_ret_eq_24h_1_1280091_mkt_ret_eq_24h_-0_81129736_up_down_semivol_ratio_tanh_-0_39156261 
+/Users/remyroche/Documents/Ares/scripts/run_policy_rollout_selector_experiment.sh:14> POLICY_STRATEGY=short_loc_ema_stack_pos_24_0_43357179_compression_ratio_-0_33411601_mkt_ret_eq_24h_1_1280091_mkt_ret_eq_24h_-0_81129736_up_down_semivol_ratio_tanh_-0_39156261 
+/Users/remyroche/Documents/Ares/scripts/run_policy_rollout_selector_experiment.sh:16> mkdir -p /Users/remyroche/Documents/Ares/data_perp_policy_rollout_feature_selector_experiment_v3/logs
+/Users/remyroche/Documents/Ares/scripts/run_policy_rollout_selector_experiment.sh:113> run_variant rollout_on_new 20260522_101001 1 new /Users/remyroche/Documents/Ares
+run_variant:1> local variant=rollout_on_new
+run_variant:2> local run_id=20260522_101001
+run_variant:3> local rollout=1
+run_variant:4> local selector=new
+run_variant:5> local code_root=/Users/remyroche/Documents/Ares
+run_variant:6> local data_root=/Users/remyroche/Documents/Ares/data_perp_policy_rollout_feature_selector_experiment_v3/rollout_on_new
+run_variant:7> local effective_data_root=/Users/remyroche/Documents/Ares/data_perp_policy_rollout_feature_selector_experiment_v3/rollout_on_new_perp
+run_variant:8> local artifacts=/Users/remyroche/Documents/Ares/data_perp_policy_rollout_feature_selector_experiment_v3/rollout_on_new_perp/artifacts/20260522_101001
+run_variant:9> local log=/Users/remyroche/Documents/Ares/data_perp_policy_rollout_feature_selector_experiment_v3/logs/rollout_on_new.log
+run_variant:11> ensure_links rollout_on_new 20260522_101001
+ensure_links:1> local variant=rollout_on_new
+ensure_links:2> local run_id=20260522_101001
+ensure_links:3> local root=/Users/remyroche/Documents/Ares/data_perp_policy_rollout_feature_selector_experiment_v3/rollout_on_new_perp
+ensure_links:4> mkdir -p /Users/remyroche/Documents/Ares/data_perp_policy_rollout_feature_selector_experiment_v3/rollout_on_new_perp/features /Users/remyroche/Documents/Ares/data_perp_policy_rollout_feature_selector_experiment_v3/rollout_on_new_perp/exchanges /Users/remyroche/Documents/Ares/data_perp_policy_rollout_feature_selector_experiment_v3/rollout_on_new_perp/artifacts/20260522_101001
+ensure_links:5> [[ -e /Users/remyroche/Documents/Ares/data_perp_policy_rollout_feature_selector_experiment_v3/rollout_on_new_perp/features/20260522_101001 ]]
+ensure_links:6> [[ -e /Users/remyroche/Documents/Ares/data_perp_policy_rollout_feature_selector_experiment_v3/rollout_on_new_perp/exchanges/krakenfutures ]]
+ensure_links:7> [[ -e /Users/remyroche/Documents/Ares/data_perp_policy_rollout_feature_selector_experiment_v3/rollout_on_new_perp/artifacts/20260522_101001/features ]]
+run_variant:44> tee /Users/remyroche/Documents/Ares/data_perp_policy_rollout_feature_selector_experiment_v3/logs/rollout_on_new.log
+run_variant:13> date -u '+%Y-%m-%d %H:%M:%S UTC'
+run_variant:13> echo '[2026-05-22 06:52:52 UTC] START variant=rollout_on_new run_id=20260522_101001 rollout=1 selector=new code_root=/Users/remyroche/Documents/Ares'
[2026-05-22 06:52:52 UTC] START variant=rollout_on_new run_id=20260522_101001 rollout=1 selector=new code_root=/Users/remyroche/Documents/Ares
+run_variant:14> cd /Users/remyroche/Documents/Ares
+run_variant:15> export PYTHONUNBUFFERED=1
+run_variant:16> export PYTHONPATH=/Users/remyroche/Documents/Ares
+run_variant:17> export EPM_EXCHANGE=kraken
+run_variant:18> export EPM_DATA_ROOT=/Users/remyroche/Documents/Ares/data_perp_policy_rollout_feature_selector_experiment_v3/rollout_on_new
+run_variant:19> export EPM_MODEL_BACKEND=lgbm_pipeline
+run_variant:20> export EPM_POLICY_ROLLOUT_LABELING_ENABLE=1
+run_variant:21> export EPM_LABEL_STRATEGY_IDS=loc_ema_stack_pos_24_0_43357179_compression_ratio_-0_33411601_mkt_ret_eq_24h_1_1280091_mkt_ret_eq_24h_-0_81129736_up_down_semivol_ratio_tanh_-0_39156261
+run_variant:22> export EPM_BASE_STRATEGY_IDS=loc_ema_stack_pos_24_0_43357179_compression_ratio_-0_33411601_mkt_ret_eq_24h_1_1280091_mkt_ret_eq_24h_-0_81129736_up_down_semivol_ratio_tanh_-0_39156261
+run_variant:23> export EPM_META_STRATEGY_IDS=loc_ema_stack_pos_24_0_43357179_compression_ratio_-0_33411601_mkt_ret_eq_24h_1_1280091_mkt_ret_eq_24h_-0_81129736_up_down_semivol_ratio_tanh_-0_39156261
+run_variant:24> export EPM_POLICY_STRATEGY_IDS=short_loc_ema_stack_pos_24_0_43357179_compression_ratio_-0_33411601_mkt_ret_eq_24h_1_1280091_mkt_ret_eq_24h_-0_81129736_up_down_semivol_ratio_tanh_-0_39156261
+run_variant:25> export EPM_BASE_MAX_STRATEGY_IDS=1
+run_variant:26> export EPM_META_MAX_STRATEGY_IDS=1
+run_variant:27> export EPM_BASE_HPO_TRIALS=80
+run_variant:28> export EPM_META_HPO_TRIALS=80
+run_variant:29> export EPM_LGBM_HPO_TRIALS=80
+run_variant:30> export EPM_LGBM_N_JOBS=3
+run_variant:31> export EPM_LGBM_FINAL_MODEL_COUNT=3
+run_variant:32> export EPM_LGBM_MIN_OOF_DISTILLATION_PASSES=2
+run_variant:33> export EPM_LGBM_META_MIN_OOF_DISTILLATION_PASSES=2
+run_variant:34> python3 -u extreme_price_movements/run_pipeline.py labels --market-mode perps --exchange kraken --run-id 20260522_101001
